###############################################################################
#
# IAR ELF Linker V7.50.2.10312/W32 for ARM                25/Feb/2016  16:19:17
# Copyright 2007-2015 IAR Systems AB.
#
#    Output file  =  
#        D:\sop1hc\Github\data\Mic_Array_V00\USB_STREAMING\Mic_Array\Projects\STM32746G\Applications\Audio\Mic_Array\EWARM\STM32F7\Exe\Project.out
#    Map file     =  
#        D:\sop1hc\Github\data\Mic_Array_V00\USB_STREAMING\Mic_Array\Projects\STM32746G\Applications\Audio\Mic_Array\EWARM\STM32F7\List\Project.map
#    Command line =  
#        D:\sop1hc\Github\data\Mic_Array_V00\USB_STREAMING\Mic_Array\Projects\STM32746G\Applications\Audio\Mic_Array\EWARM\STM32F7\Obj\audio_application.o
#        D:\sop1hc\Github\data\Mic_Array_V00\USB_STREAMING\Mic_Array\Projects\STM32746G\Applications\Audio\Mic_Array\EWARM\STM32F7\Obj\audio_codec.o
#        D:\sop1hc\Github\data\Mic_Array_V00\USB_STREAMING\Mic_Array\Projects\STM32746G\Applications\Audio\Mic_Array\EWARM\STM32F7\Obj\DSP.o
#        D:\sop1hc\Github\data\Mic_Array_V00\USB_STREAMING\Mic_Array\Projects\STM32746G\Applications\Audio\Mic_Array\EWARM\STM32F7\Obj\ff.o
#        D:\sop1hc\Github\data\Mic_Array_V00\USB_STREAMING\Mic_Array\Projects\STM32746G\Applications\Audio\Mic_Array\EWARM\STM32F7\Obj\ft5336.o
#        D:\sop1hc\Github\data\Mic_Array_V00\USB_STREAMING\Mic_Array\Middlewares\ST\STM32_Audio\Addons\PDM\libPDMFilter_CM7_IAR.a
#        D:\sop1hc\Github\data\Mic_Array_V00\USB_STREAMING\Mic_Array\Projects\STM32746G\Applications\Audio\Mic_Array\EWARM\STM32F7\Obj\main.o
#        D:\sop1hc\Github\data\Mic_Array_V00\USB_STREAMING\Mic_Array\Projects\STM32746G\Applications\Audio\Mic_Array\EWARM\STM32F7\Obj\sta321mp.o
#        D:\sop1hc\Github\data\Mic_Array_V00\USB_STREAMING\Mic_Array\Projects\STM32746G\Applications\Audio\Mic_Array\EWARM\STM32F7\Obj\startup_stm32f746xx.o
#        D:\sop1hc\Github\data\Mic_Array_V00\USB_STREAMING\Mic_Array\Projects\STM32746G\Applications\Audio\Mic_Array\EWARM\STM32F7\Obj\stm32746g_discovery.o
#        D:\sop1hc\Github\data\Mic_Array_V00\USB_STREAMING\Mic_Array\Projects\STM32746G\Applications\Audio\Mic_Array\EWARM\STM32F7\Obj\stm32746g_discovery_lcd.o
#        D:\sop1hc\Github\data\Mic_Array_V00\USB_STREAMING\Mic_Array\Projects\STM32746G\Applications\Audio\Mic_Array\EWARM\STM32F7\Obj\stm32746g_discovery_sdram.o
#        D:\sop1hc\Github\data\Mic_Array_V00\USB_STREAMING\Mic_Array\Projects\STM32746G\Applications\Audio\Mic_Array\EWARM\STM32F7\Obj\stm32746g_discovery_ts.o
#        D:\sop1hc\Github\data\Mic_Array_V00\USB_STREAMING\Mic_Array\Projects\STM32746G\Applications\Audio\Mic_Array\EWARM\STM32F7\Obj\stm32f7xx_hal.o
#        D:\sop1hc\Github\data\Mic_Array_V00\USB_STREAMING\Mic_Array\Projects\STM32746G\Applications\Audio\Mic_Array\EWARM\STM32F7\Obj\stm32f7xx_hal_cortex.o
#        D:\sop1hc\Github\data\Mic_Array_V00\USB_STREAMING\Mic_Array\Projects\STM32746G\Applications\Audio\Mic_Array\EWARM\STM32F7\Obj\stm32f7xx_hal_dma.o
#        D:\sop1hc\Github\data\Mic_Array_V00\USB_STREAMING\Mic_Array\Projects\STM32746G\Applications\Audio\Mic_Array\EWARM\STM32F7\Obj\stm32f7xx_hal_dma2d.o
#        D:\sop1hc\Github\data\Mic_Array_V00\USB_STREAMING\Mic_Array\Projects\STM32746G\Applications\Audio\Mic_Array\EWARM\STM32F7\Obj\stm32f7xx_hal_dma_ex.o
#        D:\sop1hc\Github\data\Mic_Array_V00\USB_STREAMING\Mic_Array\Projects\STM32746G\Applications\Audio\Mic_Array\EWARM\STM32F7\Obj\stm32f7xx_hal_flash.o
#        D:\sop1hc\Github\data\Mic_Array_V00\USB_STREAMING\Mic_Array\Projects\STM32746G\Applications\Audio\Mic_Array\EWARM\STM32F7\Obj\stm32f7xx_hal_flash_ex.o
#        D:\sop1hc\Github\data\Mic_Array_V00\USB_STREAMING\Mic_Array\Projects\STM32746G\Applications\Audio\Mic_Array\EWARM\STM32F7\Obj\stm32f7xx_hal_gpio.o
#        D:\sop1hc\Github\data\Mic_Array_V00\USB_STREAMING\Mic_Array\Projects\STM32746G\Applications\Audio\Mic_Array\EWARM\STM32F7\Obj\stm32f7xx_hal_hcd.o
#        D:\sop1hc\Github\data\Mic_Array_V00\USB_STREAMING\Mic_Array\Projects\STM32746G\Applications\Audio\Mic_Array\EWARM\STM32F7\Obj\stm32f7xx_hal_i2c.o
#        D:\sop1hc\Github\data\Mic_Array_V00\USB_STREAMING\Mic_Array\Projects\STM32746G\Applications\Audio\Mic_Array\EWARM\STM32F7\Obj\stm32f7xx_hal_i2c_ex.o
#        D:\sop1hc\Github\data\Mic_Array_V00\USB_STREAMING\Mic_Array\Projects\STM32746G\Applications\Audio\Mic_Array\EWARM\STM32F7\Obj\stm32f7xx_hal_i2s.o
#        D:\sop1hc\Github\data\Mic_Array_V00\USB_STREAMING\Mic_Array\Projects\STM32746G\Applications\Audio\Mic_Array\EWARM\STM32F7\Obj\stm32f7xx_hal_ltdc.o
#        D:\sop1hc\Github\data\Mic_Array_V00\USB_STREAMING\Mic_Array\Projects\STM32746G\Applications\Audio\Mic_Array\EWARM\STM32F7\Obj\stm32f7xx_hal_pcd.o
#        D:\sop1hc\Github\data\Mic_Array_V00\USB_STREAMING\Mic_Array\Projects\STM32746G\Applications\Audio\Mic_Array\EWARM\STM32F7\Obj\stm32f7xx_hal_pcd_ex.o
#        D:\sop1hc\Github\data\Mic_Array_V00\USB_STREAMING\Mic_Array\Projects\STM32746G\Applications\Audio\Mic_Array\EWARM\STM32F7\Obj\stm32f7xx_hal_pwr.o
#        D:\sop1hc\Github\data\Mic_Array_V00\USB_STREAMING\Mic_Array\Projects\STM32746G\Applications\Audio\Mic_Array\EWARM\STM32F7\Obj\stm32f7xx_hal_pwr_ex.o
#        D:\sop1hc\Github\data\Mic_Array_V00\USB_STREAMING\Mic_Array\Projects\STM32746G\Applications\Audio\Mic_Array\EWARM\STM32F7\Obj\stm32f7xx_hal_rcc.o
#        D:\sop1hc\Github\data\Mic_Array_V00\USB_STREAMING\Mic_Array\Projects\STM32746G\Applications\Audio\Mic_Array\EWARM\STM32F7\Obj\stm32f7xx_hal_rcc_ex.o
#        D:\sop1hc\Github\data\Mic_Array_V00\USB_STREAMING\Mic_Array\Projects\STM32746G\Applications\Audio\Mic_Array\EWARM\STM32F7\Obj\stm32f7xx_hal_sai.o
#        D:\sop1hc\Github\data\Mic_Array_V00\USB_STREAMING\Mic_Array\Projects\STM32746G\Applications\Audio\Mic_Array\EWARM\STM32F7\Obj\stm32f7xx_hal_sai_ex.o
#        D:\sop1hc\Github\data\Mic_Array_V00\USB_STREAMING\Mic_Array\Projects\STM32746G\Applications\Audio\Mic_Array\EWARM\STM32F7\Obj\stm32f7xx_hal_sdram.o
#        D:\sop1hc\Github\data\Mic_Array_V00\USB_STREAMING\Mic_Array\Projects\STM32746G\Applications\Audio\Mic_Array\EWARM\STM32F7\Obj\stm32f7xx_hal_spi.o
#        D:\sop1hc\Github\data\Mic_Array_V00\USB_STREAMING\Mic_Array\Projects\STM32746G\Applications\Audio\Mic_Array\EWARM\STM32F7\Obj\stm32f7xx_hal_sram.o
#        D:\sop1hc\Github\data\Mic_Array_V00\USB_STREAMING\Mic_Array\Projects\STM32746G\Applications\Audio\Mic_Array\EWARM\STM32F7\Obj\stm32f7xx_hal_tim.o
#        D:\sop1hc\Github\data\Mic_Array_V00\USB_STREAMING\Mic_Array\Projects\STM32746G\Applications\Audio\Mic_Array\EWARM\STM32F7\Obj\stm32f7xx_hal_tim_ex.o
#        D:\sop1hc\Github\data\Mic_Array_V00\USB_STREAMING\Mic_Array\Projects\STM32746G\Applications\Audio\Mic_Array\EWARM\STM32F7\Obj\stm32f7xx_hal_uart.o
#        D:\sop1hc\Github\data\Mic_Array_V00\USB_STREAMING\Mic_Array\Projects\STM32746G\Applications\Audio\Mic_Array\EWARM\STM32F7\Obj\stm32f7xx_it.o
#        D:\sop1hc\Github\data\Mic_Array_V00\USB_STREAMING\Mic_Array\Projects\STM32746G\Applications\Audio\Mic_Array\EWARM\STM32F7\Obj\stm32f7xx_ll_fmc.o
#        D:\sop1hc\Github\data\Mic_Array_V00\USB_STREAMING\Mic_Array\Projects\STM32746G\Applications\Audio\Mic_Array\EWARM\STM32F7\Obj\stm32f7xx_ll_usb.o
#        D:\sop1hc\Github\data\Mic_Array_V00\USB_STREAMING\Mic_Array\Projects\STM32746G\Applications\Audio\Mic_Array\EWARM\STM32F7\Obj\system_stm32f7xx.o
#        D:\sop1hc\Github\data\Mic_Array_V00\USB_STREAMING\Mic_Array\Projects\STM32746G\Applications\Audio\Mic_Array\EWARM\STM32F7\Obj\usbd_audio_if.o
#        D:\sop1hc\Github\data\Mic_Array_V00\USB_STREAMING\Mic_Array\Projects\STM32746G\Applications\Audio\Mic_Array\EWARM\STM32F7\Obj\usbd_audio_in.o
#        D:\sop1hc\Github\data\Mic_Array_V00\USB_STREAMING\Mic_Array\Projects\STM32746G\Applications\Audio\Mic_Array\EWARM\STM32F7\Obj\usbd_conf_f4.o
#        D:\sop1hc\Github\data\Mic_Array_V00\USB_STREAMING\Mic_Array\Projects\STM32746G\Applications\Audio\Mic_Array\EWARM\STM32F7\Obj\usbd_core.o
#        D:\sop1hc\Github\data\Mic_Array_V00\USB_STREAMING\Mic_Array\Projects\STM32746G\Applications\Audio\Mic_Array\EWARM\STM32F7\Obj\usbd_ctlreq.o
#        D:\sop1hc\Github\data\Mic_Array_V00\USB_STREAMING\Mic_Array\Projects\STM32746G\Applications\Audio\Mic_Array\EWARM\STM32F7\Obj\usbd_desc.o
#        D:\sop1hc\Github\data\Mic_Array_V00\USB_STREAMING\Mic_Array\Projects\STM32746G\Applications\Audio\Mic_Array\EWARM\STM32F7\Obj\usbd_ioreq.o
#        D:\sop1hc\Github\data\Mic_Array_V00\USB_STREAMING\Mic_Array\Projects\STM32746G\Applications\Audio\Mic_Array\EWARM\STM32F7\Obj\usbh_conf.o
#        D:\sop1hc\Github\data\Mic_Array_V00\USB_STREAMING\Mic_Array\Projects\STM32746G\Applications\Audio\Mic_Array\EWARM\STM32F7\Obj\usbh_core.o
#        D:\sop1hc\Github\data\Mic_Array_V00\USB_STREAMING\Mic_Array\Projects\STM32746G\Applications\Audio\Mic_Array\EWARM\STM32F7\Obj\usbh_ctlreq.o
#        D:\sop1hc\Github\data\Mic_Array_V00\USB_STREAMING\Mic_Array\Projects\STM32746G\Applications\Audio\Mic_Array\EWARM\STM32F7\Obj\usbh_diskio.o
#        D:\sop1hc\Github\data\Mic_Array_V00\USB_STREAMING\Mic_Array\Projects\STM32746G\Applications\Audio\Mic_Array\EWARM\STM32F7\Obj\usbh_ioreq.o
#        D:\sop1hc\Github\data\Mic_Array_V00\USB_STREAMING\Mic_Array\Projects\STM32746G\Applications\Audio\Mic_Array\EWARM\STM32F7\Obj\usbh_msc.o
#        D:\sop1hc\Github\data\Mic_Array_V00\USB_STREAMING\Mic_Array\Projects\STM32746G\Applications\Audio\Mic_Array\EWARM\STM32F7\Obj\usbh_msc_bot.o
#        D:\sop1hc\Github\data\Mic_Array_V00\USB_STREAMING\Mic_Array\Projects\STM32746G\Applications\Audio\Mic_Array\EWARM\STM32F7\Obj\usbh_msc_scsi.o
#        D:\sop1hc\Github\data\Mic_Array_V00\USB_STREAMING\Mic_Array\Projects\STM32746G\Applications\Audio\Mic_Array\EWARM\STM32F7\Obj\usbh_pipes.o
#        "D:\sop1hc\Github\data\Mic_Array_V00\USB_STREAMING\Mic_Array\Projects\STM32746G\Applications\Audio\Mic_Array\EWARM\STM32F7\Obj\waveplayer
#        _CS43L22.o"
#        D:\sop1hc\Github\data\Mic_Array_V00\USB_STREAMING\Mic_Array\Projects\STM32746G\Applications\Audio\Mic_Array\EWARM\STM32F7\Obj\waverecorder.o
#        --redirect _Printf=_PrintfSmall --redirect _Scanf=_ScanfSmall -o
#        D:\sop1hc\Github\data\Mic_Array_V00\USB_STREAMING\Mic_Array\Projects\STM32746G\Applications\Audio\Mic_Array\EWARM\STM32F7\Exe\Project.out
#        --map
#        D:\sop1hc\Github\data\Mic_Array_V00\USB_STREAMING\Mic_Array\Projects\STM32746G\Applications\Audio\Mic_Array\EWARM\STM32F7\List\Project.map
#        --config
#        D:\sop1hc\Github\data\Mic_Array_V00\USB_STREAMING\Mic_Array\Projects\STM32746G\Applications\Audio\Mic_Array\EWARM\Project.icf
#        --semihosting --entry __iar_program_start --no_exceptions "D:\Program
#        Files (x86)\IAR Systems\Embedded Workbench
#        7.3\arm\CMSIS\Lib\IAR\iar_cortexM7ls_math.a" --vfe
#
###############################################################################

*******************************************************************************
*** RUNTIME MODEL ATTRIBUTES
***

CppFlavor                     = *
__Heap_Handler                = DLMalloc
__SystemLibrary               = DLib
__dlib_dynamic_initialization = normal


*******************************************************************************
*** PLACEMENT SUMMARY
***

"A1":  place at 0x08000000 { ro section .intvec };
"P1":  place in [from 0x00000000 to 0x00000000] |
                [from 0x08000000 to 0x080fffff] { ro };
"P3":  place in [from 0x20000000 to 0x2000ffff] |
                [from 0x20010000 to 0x2004ffff] { rw, block CSTACK, block HEAP };

  Section             Kind        Address     Size  Object
  -------             ----        -------     ----  ------
"A1":                                        0x1c8
  .intvec             ro code  0x08000000    0x1c8  startup_stm32f746xx.o [1]
                             - 0x080001c8    0x1c8

"P1":                                      0x2a470
  .rodata             const    0x080001c8   0x8800  arm_common_tables.o [4]
  .text               ro code  0x080089c8   0x8078  arm_rfft_init_f32.o [4]
  .text               ro code  0x08010a40     0xb0  arm_cfft_radix4_init_f32.o [4]
  .rodata             const    0x08010af0   0x8000  arm_rfft_init_f32.o [4]
  .text               ro code  0x08018af0   0x395c  stm32f7xx_hal_dma.o [1]
  .text               ro code  0x0801c44c   0x1a10  waverecorder.o [1]
  .text               ro code  0x0801de5c    0x26c  stm32f7xx_hal_gpio.o [1]
  .text               ro code  0x0801e0c8    0x550  pdm_filter.o [5]
  .text               ro code  0x0801e618    0x852  stm32f7xx_hal_spi.o [1]
  .text               ro code  0x0801ee6c    0x1a4  stm32f7xx_hal_i2s.o [1]
  .text               ro code  0x0801f010    0x164  stm32f7xx_hal_cortex.o [1]
  .text               ro code  0x0801f174     0x1c  FltCmpEq.o [6]
  .text               ro code  0x0801f190      0xe  U32ToFlt.o [6]
  .text               ro code  0x0801f1a0     0x24  FltCmpLe.o [6]
  .text               ro code  0x0801f1c4     0x12  FltMul.o [6]
  .text               ro code  0x0801f1d8     0x4e  FltToDbl.o [6]
  .text               ro code  0x0801f228     0x30  I32ToDbl.o [6]
  .text               ro code  0x0801f258    0x256  DblDiv.o [6]
  .text               ro code  0x0801f4b0     0xe8  DblAdd.o [6]
  .text               ro code  0x0801f598     0x4c  DblToI32.o [6]
  .text               ro code  0x0801f5e4    0x1a2  DblMul.o [6]
  .text               ro code  0x0801f788     0x90  DblToFlt.o [6]
  .text               ro code  0x0801f818    0x450  xsin.o [6]
  .text               ro code  0x0801fc68    0x180  DblSub.o [6]
  .text               ro code  0x0801fde8     0xf0  sqrt.o [6]
  .text               ro code  0x0801fed8     0x7c  stm32f7xx_hal.o [1]
  .text               ro code  0x0801ff54   0x108c  audio_codec.o [1]
  .text               ro code  0x08020fe0     0x2e  DblCmpLe.o [6]
  .text               ro code  0x08021010     0x2e  DblCmpGe.o [6]
  .text               ro code  0x08021040      0xc  errno.o [3]
  .text               ro code  0x0802104c    0x168  xquad.o [6]
  .text               ro code  0x080211b4      0xc  iarEdom.o [7]
  .text               ro code  0x080211c0    0x870  stm32f7xx_hal_rcc.o [1]
  .text               ro code  0x08021a30    0xbe0  main.o [1]
  .text               ro code  0x08022610    0xad8  stm32f7xx_hal_i2c.o [1]
  .text               ro code  0x080230e8     0x98  waveplayer _CS43L22.o [1]
  .text               ro code  0x08023180     0x84  stm32f7xx_hal_i2c_ex.o [1]
  .text               ro code  0x08023204      0x2  xtls.o [3]
  .text               ro code  0x08023206     0x7a  xdint.o [6]
  .text               ro code  0x08023280     0x20  DblCmpEq.o [6]
  .text               ro code  0x080232a0    0x1a8  fmod.o [6]
  .text               ro code  0x08023448    0x116  DSP.o [1]
  .text               ro code  0x08023560    0x344  audio_application.o [1]
  .text               ro code  0x080238a4    0x36c  stm32746g_discovery_sdram.o [1]
  .text               ro code  0x08023c10    0x118  stm32746g_discovery.o [1]
  .text               ro code  0x08023d28    0x910  sta321mp.o [1]
  .text               ro code  0x08024638    0xac8  usbd_audio_in.o [1]
  .text               ro code  0x08025100    0x346  usbd_core.o [1]
  .text               ro code  0x08025448     0x84  stm32f7xx_hal_pwr_ex.o [1]
  .text               ro code  0x080254cc    0x8a0  stm32f7xx_hal_rcc_ex.o [1]
  .text               ro code  0x08025d6c     0x80  usbd_audio_if.o [1]
  .text               ro code  0x08025dec     0xac  stm32f7xx_hal_sdram.o [1]
  .text               ro code  0x08025e98   0x14f0  dlmalloc.o [3]
  .text               ro code  0x08027388    0x350  usbd_conf_f4.o [1]
  .text               ro code  0x080276d8    0x65e  usbd_ctlreq.o [1]
  .text               ro code  0x08027d36     0xbc  usbd_ioreq.o [1]
  .text               ro code  0x08027df4     0x66  ABImemset.o [7]
  .text               ro code  0x08027e5c     0x76  ABImemcpy_unaligned.o [7]
  .text               ro code  0x08027ed2      0x8  abs.o [3]
  .text               ro code  0x08027edc    0x17c  stm32f7xx_ll_fmc.o [1]
  .text               ro code  0x08028058      0x6  abort.o [3]
  .text               ro code  0x08028060     0x2c  xgetmemchunk.o [3]
  .text               ro code  0x0802808c    0xa7a  stm32f7xx_hal_pcd.o [1]
  .text               ro code  0x08028b08     0x98  stm32f7xx_hal_pcd_ex.o [1]
  .text               ro code  0x08028ba0     0x14  exit.o [8]
  .text               ro code  0x08028bb4    0xd50  stm32f7xx_ll_usb.o [1]
  .text               ro code  0x08029904     0x30  iarttio.o [8]
  .text               ro code  0x08029934      0x8  XShttio.o [3]
  .text               ro code  0x0802993c    0x36a  stm32f7xx_hal_uart.o [1]
  .text               ro code  0x08029ca8     0xe8  usbd_desc.o [1]
  .rodata             const    0x08029d90     0x84  usbd_audio_if.o [1]
  .text               ro code  0x08029e14     0x7c  stm32f7xx_it.o [1]
  .text               ro code  0x08029e90     0x6c  system_stm32f7xx.o [1]
  .text               ro code  0x08029efc     0x40  zero_init3.o [7]
  .text               ro code  0x08029f3c     0x2c  copy_init3.o [7]
  .text               ro code  0x08029f68     0x28  data_init.o [7]
  .rodata             const    0x08029f90     0x24  usbd_desc.o [1]
  .rodata             const    0x08029fb4     0x24  usbd_desc.o [1]
  .text               ro code  0x08029fd8     0x22  fpinit_M.o [6]
  .iar.init_table     const    0x08029ffc     0x24  - Linker created -
  .text               ro code  0x0802a020     0x1a  cmain.o [7]
  .text               ro code  0x0802a03a      0x4  low_level_init.o [3]
  .text               ro code  0x0802a03e      0x4  exit.o [3]
  .text               ro code  0x0802a044      0xa  cexit.o [7]
  .rodata             const    0x0802a050     0x14  usbd_desc.o [1]
  .rodata             const    0x0802a064     0x10  stm32f7xx_hal_rcc.o [1]
  .rodata             const    0x0802a074     0x10  usbd_desc.o [1]
  .rodata             const    0x0802a084     0x10  usbd_desc.o [1]
  .rodata             const    0x0802a094     0x10  usbd_desc.o [1]
  .rodata             const    0x0802a0a4     0x10  usbd_desc.o [1]
  .text               ro code  0x0802a0b4     0x10  startup_stm32f746xx.o [1]
  .text               ro code  0x0802a0c4      0xc  cstartup_M.o [7]
  .rodata             const    0x0802a0d0      0x8  stm32746g_discovery.o [1]
  .text               ro code  0x0802a0d8      0x4  startup_stm32f746xx.o [1]
  .text               ro code  0x0802a0dc      0x4  startup_stm32f746xx.o [1]
  .text               ro code  0x0802a0e0      0x4  startup_stm32f746xx.o [1]
  .text               ro code  0x0802a0e4      0x4  startup_stm32f746xx.o [1]
  .text               ro code  0x0802a0e8      0x4  startup_stm32f746xx.o [1]
  .text               ro code  0x0802a0ec      0x4  startup_stm32f746xx.o [1]
  .text               ro code  0x0802a0f0      0x4  startup_stm32f746xx.o [1]
  .text               ro code  0x0802a0f4      0x4  startup_stm32f746xx.o [1]
  .text               ro code  0x0802a0f8      0x4  startup_stm32f746xx.o [1]
  .text               ro code  0x0802a0fc      0x4  startup_stm32f746xx.o [1]
  .text               ro code  0x0802a100      0x4  startup_stm32f746xx.o [1]
  .text               ro code  0x0802a104      0x4  startup_stm32f746xx.o [1]
  .text               ro code  0x0802a108      0x4  startup_stm32f746xx.o [1]
  .text               ro code  0x0802a10c      0x4  startup_stm32f746xx.o [1]
  .text               ro code  0x0802a110      0x4  startup_stm32f746xx.o [1]
  .text               ro code  0x0802a114      0x4  startup_stm32f746xx.o [1]
  .text               ro code  0x0802a118      0x4  startup_stm32f746xx.o [1]
  .text               ro code  0x0802a11c      0x4  startup_stm32f746xx.o [1]
  .text               ro code  0x0802a120      0x4  startup_stm32f746xx.o [1]
  .text               ro code  0x0802a124      0x4  startup_stm32f746xx.o [1]
  .text               ro code  0x0802a128      0x4  startup_stm32f746xx.o [1]
  .text               ro code  0x0802a12c      0x4  startup_stm32f746xx.o [1]
  .text               ro code  0x0802a130      0x4  startup_stm32f746xx.o [1]
  .text               ro code  0x0802a134      0x4  startup_stm32f746xx.o [1]
  .text               ro code  0x0802a138      0x4  startup_stm32f746xx.o [1]
  .text               ro code  0x0802a13c      0x4  startup_stm32f746xx.o [1]
  .text               ro code  0x0802a140      0x4  startup_stm32f746xx.o [1]
  .text               ro code  0x0802a144      0x4  startup_stm32f746xx.o [1]
  .text               ro code  0x0802a148      0x4  startup_stm32f746xx.o [1]
  .text               ro code  0x0802a14c      0x4  startup_stm32f746xx.o [1]
  .text               ro code  0x0802a150      0x4  startup_stm32f746xx.o [1]
  .text               ro code  0x0802a154      0x4  startup_stm32f746xx.o [1]
  .text               ro code  0x0802a158      0x4  startup_stm32f746xx.o [1]
  .text               ro code  0x0802a15c      0x4  startup_stm32f746xx.o [1]
  .text               ro code  0x0802a160      0x4  startup_stm32f746xx.o [1]
  .text               ro code  0x0802a164      0x4  startup_stm32f746xx.o [1]
  .text               ro code  0x0802a168      0x4  startup_stm32f746xx.o [1]
  .text               ro code  0x0802a16c      0x4  startup_stm32f746xx.o [1]
  .text               ro code  0x0802a170      0x4  startup_stm32f746xx.o [1]
  .text               ro code  0x0802a174      0x4  startup_stm32f746xx.o [1]
  .text               ro code  0x0802a178      0x4  startup_stm32f746xx.o [1]
  .text               ro code  0x0802a17c      0x4  startup_stm32f746xx.o [1]
  .text               ro code  0x0802a180      0x4  startup_stm32f746xx.o [1]
  .text               ro code  0x0802a184      0x4  startup_stm32f746xx.o [1]
  .text               ro code  0x0802a188      0x4  startup_stm32f746xx.o [1]
  .text               ro code  0x0802a18c      0x4  startup_stm32f746xx.o [1]
  .text               ro code  0x0802a190      0x4  startup_stm32f746xx.o [1]
  .text               ro code  0x0802a194      0x4  startup_stm32f746xx.o [1]
  .text               ro code  0x0802a198      0x4  startup_stm32f746xx.o [1]
  .text               ro code  0x0802a19c      0x4  startup_stm32f746xx.o [1]
  .text               ro code  0x0802a1a0      0x4  startup_stm32f746xx.o [1]
  .text               ro code  0x0802a1a4      0x4  startup_stm32f746xx.o [1]
  .text               ro code  0x0802a1a8      0x4  startup_stm32f746xx.o [1]
  .text               ro code  0x0802a1ac      0x4  startup_stm32f746xx.o [1]
  .text               ro code  0x0802a1b0      0x4  startup_stm32f746xx.o [1]
  .text               ro code  0x0802a1b4      0x4  startup_stm32f746xx.o [1]
  .text               ro code  0x0802a1b8      0x4  startup_stm32f746xx.o [1]
  .text               ro code  0x0802a1bc      0x4  startup_stm32f746xx.o [1]
  .text               ro code  0x0802a1c0      0x4  startup_stm32f746xx.o [1]
  .text               ro code  0x0802a1c4      0x4  startup_stm32f746xx.o [1]
  .text               ro code  0x0802a1c8      0x4  startup_stm32f746xx.o [1]
  .text               ro code  0x0802a1cc      0x4  startup_stm32f746xx.o [1]
  .text               ro code  0x0802a1d0      0x4  startup_stm32f746xx.o [1]
  .text               ro code  0x0802a1d4      0x4  startup_stm32f746xx.o [1]
  .text               ro code  0x0802a1d8      0x4  startup_stm32f746xx.o [1]
  .text               ro code  0x0802a1dc      0x4  startup_stm32f746xx.o [1]
  .text               ro code  0x0802a1e0      0x4  startup_stm32f746xx.o [1]
  .text               ro code  0x0802a1e4      0x4  startup_stm32f746xx.o [1]
  .text               ro code  0x0802a1e8      0x4  startup_stm32f746xx.o [1]
  .text               ro code  0x0802a1ec      0x4  startup_stm32f746xx.o [1]
  .text               ro code  0x0802a1f0      0x4  startup_stm32f746xx.o [1]
  .text               ro code  0x0802a1f4      0x4  startup_stm32f746xx.o [1]
  .text               ro code  0x0802a1f8      0x4  startup_stm32f746xx.o [1]
  .text               ro code  0x0802a1fc      0x4  startup_stm32f746xx.o [1]
  .text               ro code  0x0802a200      0x4  startup_stm32f746xx.o [1]
  .text               ro code  0x0802a204      0x4  startup_stm32f746xx.o [1]
  .text               ro code  0x0802a208      0x4  startup_stm32f746xx.o [1]
  .rodata             const    0x0802a20c      0x0  zero_init3.o [7]
  .rodata             const    0x0802a20c      0x0  copy_init3.o [7]
  Initializer bytes   const    0x0802a20c    0x42c  <for P3 s0>
                             - 0x0802a638  0x2a470

"P3", part 1 of 3:                           0x42c
  P3 s0                        0x20010000    0x42c  <Init block>
    .data             inited   0x20010000    0x304  pdm_filter.o [5]
    .data             inited   0x20010304     0x50  sta321mp.o [1]
    .data             inited   0x20010354     0x38  usbd_audio_in.o [1]
    .data             inited   0x2001038c     0x24  sta321mp.o [1]
    .data             inited   0x200103b0     0x24  usbd_audio_if.o [1]
    .data             inited   0x200103d4     0x1c  usbd_desc.o [1]
    .data             inited   0x200103f0     0x14  usbd_desc.o [1]
    .data             inited   0x20010404      0xc  usbd_audio_in.o [1]
    .data             inited   0x20010410      0x8  XShttio.o [3]
    .data             inited   0x20010418      0x4  system_stm32f7xx.o [1]
    .data             inited   0x2001041c      0x4  usbd_desc.o [1]
    __DLIB_PERTHREAD  inited   0x20010420      0x4  errno.o [3]
    .data             inited   0x20010424      0x1  audio_codec.o [1]
    .data             inited   0x20010425      0x1  main.o [1]
    .data             inited   0x20010426      0x1  main.o [1]
    .data             inited   0x20010427      0x1  stm32746g_discovery_sdram.o [1]
    .data             inited   0x20010428      0x1  waveplayer _CS43L22.o [1]
                             - 0x2001042c    0x42c

"P3", part 2 of 3:                         0x27c44
  .bss                zero     0x2001042c   0x80a0  waverecorder.o [1]
  .bss                zero     0x200184cc   0x80a0  waverecorder.o [1]
  .bss                zero     0x2002056c   0x80a0  waverecorder.o [1]
  .bss                zero     0x2002860c   0x2000  waverecorder.o [1]
  .bss                zero     0x2002a60c   0x2000  waverecorder.o [1]
  .bss                zero     0x2002c60c   0x2000  waverecorder.o [1]
  .bss                zero     0x2002e60c   0x2000  waverecorder.o [1]
  .bss                zero     0x2003060c   0x2000  waverecorder.o [1]
  .bss                zero     0x2003260c   0x2000  waverecorder.o [1]
  .bss                zero     0x2003460c   0x2000  waverecorder.o [1]
  .bss                zero     0x2003660c    0x800  main.o [1]
  .bss                zero     0x20036e0c    0x3c0  usbd_conf_f4.o [1]
  .bss                zero     0x200371cc    0x224  main.o [1]
  .bss                zero     0x200373f0    0x1d8  dlmalloc.o [3]
  .bss                zero     0x200375c8    0x180  usbd_audio_in.o [1]
  .bss                zero     0x20037748     0xc8  usbd_desc.o [1]
  .bss                zero     0x20037810     0x80  waverecorder.o [1]
  .bss                zero     0x20037890     0x80  waverecorder.o [1]
  .bss                zero     0x20037910     0x78  usbd_audio_in.o [1]
  .bss                zero     0x20037988     0x70  main.o [1]
  .bss                zero     0x200379f8     0x68  waverecorder.o [1]
  .bss                zero     0x20037a60     0x64  main.o [1]
  .bss                zero     0x20037ac4     0x64  usbd_audio_in.o [1]
  .bss                zero     0x20037b28     0x64  waverecorder.o [1]
  .bss                zero     0x20037b8c     0x64  waverecorder.o [1]
  .bss                zero     0x20037bf0     0x50  audio_codec.o [1]
  .bss                zero     0x20037c40     0x50  stm32746g_discovery_sdram.o [1]
  .bss                zero     0x20037c90     0x50  waverecorder.o [1]
  .bss                zero     0x20037ce0     0x50  waverecorder.o [1]
  .bss                zero     0x20037d30     0x40  waveplayer _CS43L22.o [1]
  .bss                zero     0x20037d70     0x40  waverecorder.o [1]
  .bss                zero     0x20037db0     0x40  waverecorder.o [1]
  .bss                zero     0x20037df0     0x3c  audio_codec.o [1]
  .bss                zero     0x20037e2c     0x3c  audio_codec.o [1]
  .bss                zero     0x20037e68     0x34  stm32746g_discovery_sdram.o [1]
  .bss                zero     0x20037e9c     0x1c  stm32746g_discovery_sdram.o [1]
  .bss                zero     0x20037eb8     0x18  main.o [1]
  .bss                zero     0x20037ed0     0x18  main.o [1]
  .bss                zero     0x20037ee8     0x18  main.o [1]
  .bss                zero     0x20037f00     0x18  main.o [1]
  .bss                zero     0x20037f18     0x18  main.o [1]
  .bss                zero     0x20037f30     0x18  main.o [1]
  .bss                zero     0x20037f48     0x18  dlmalloc.o [3]
  .bss                zero     0x20037f60     0x14  main.o [1]
  .bss                zero     0x20037f74     0x14  main.o [1]
  .bss                zero     0x20037f88     0x14  main.o [1]
  .bss                zero     0x20037f9c     0x14  main.o [1]
  .bss                zero     0x20037fb0     0x14  main.o [1]
  .bss                zero     0x20037fc4     0x14  main.o [1]
  .bss                zero     0x20037fd8     0x10  sta321mp.o [1]
  .bss                zero     0x20037fe8     0x10  stm32746g_discovery_sdram.o [1]
  .bss                zero     0x20037ff8      0x4  DSP.o [1]
  .bss                zero     0x20037ffc      0x4  stm32f7xx_hal.o [1]
  .bss                zero     0x20038000      0x4  stm32f7xx_it.o [1]
  .bss                zero     0x20038004      0x4  waverecorder.o [1]
  .bss                zero     0x20038008      0x4  waverecorder.o [1]
  .bss                zero     0x2003800c      0x4  xgetmemchunk.o [3]
  .bss                zero     0x20038010      0x2  main.o [1]
  .bss                zero     0x20038012      0x2  main.o [1]
  .bss                zero     0x20038014      0x2  main.o [1]
  .bss                zero     0x20038016      0x2  main.o [1]
  .bss                zero     0x20038018      0x2  main.o [1]
  .bss                zero     0x2003801a      0x2  main.o [1]
  .bss                zero     0x2003801c      0x2  main.o [1]
  .bss                zero     0x2003801e      0x2  main.o [1]
  .bss                zero     0x20038020      0x2  main.o [1]
  .bss                zero     0x20038022      0x2  main.o [1]
  .bss                zero     0x20038024      0x2  main.o [1]
  .bss                zero     0x20038026      0x2  main.o [1]
  .bss                zero     0x20038028      0x2  main.o [1]
  .bss                zero     0x2003802a      0x2  main.o [1]
  .bss                zero     0x2003802c      0x2  main.o [1]
  .bss                zero     0x2003802e      0x2  main.o [1]
  .bss                zero     0x20038030      0x2  sta321mp.o [1]
  .bss                zero     0x20038032      0x2  usbd_audio_in.o [1]
  .bss                zero     0x20038034      0x2  waverecorder.o [1]
  .bss                zero     0x20038036      0x2  waverecorder.o [1]
  .bss                zero     0x20038038      0x2  waverecorder.o [1]
  .bss                zero     0x2003803a      0x2  waverecorder.o [1]
  .bss                zero     0x2003803c      0x2  waverecorder.o [1]
  .bss                zero     0x2003803e      0x2  waverecorder.o [1]
  .bss                zero     0x20038040      0x2  waverecorder.o [1]
  .bss                zero     0x20038042      0x2  waverecorder.o [1]
  .bss                zero     0x20038044      0x2  waverecorder.o [1]
  .bss                zero     0x20038046      0x2  waverecorder.o [1]
  .bss                zero     0x20038048      0x2  waverecorder.o [1]
  .bss                zero     0x2003804a      0x2  waverecorder.o [1]
  .bss                zero     0x2003804c      0x2  waverecorder.o [1]
  .bss                zero     0x2003804e      0x2  waverecorder.o [1]
  .bss                zero     0x20038050      0x2  waverecorder.o [1]
  .bss                zero     0x20038052      0x2  waverecorder.o [1]
  .bss                zero     0x20038054      0x2  waverecorder.o [1]
  .bss                zero     0x20038056      0x2  waverecorder.o [1]
  .bss                zero     0x20038058      0x2  waverecorder.o [1]
  .bss                zero     0x2003805a      0x1  audio_codec.o [1]
  .bss                zero     0x2003805b      0x1  main.o [1]
  .bss                zero     0x2003805c      0x1  main.o [1]
  .bss                zero     0x2003805d      0x1  main.o [1]
  .bss                zero     0x2003805e      0x1  main.o [1]
  .bss                zero     0x2003805f      0x1  main.o [1]
  .bss                zero     0x20038060      0x1  main.o [1]
  .bss                zero     0x20038061      0x1  usbd_ctlreq.o [1]
  .bss                zero     0x20038062      0x1  waverecorder.o [1]
  .bss                zero     0x20038063      0x1  waverecorder.o [1]
  .bss                zero     0x20038064      0x1  waverecorder.o [1]
  .bss                zero     0x20038065      0x1  waverecorder.o [1]
  .bss                zero     0x20038066      0x1  waverecorder.o [1]
  .bss                zero     0x20038067      0x1  waverecorder.o [1]
  .bss                zero     0x20038068      0x1  waverecorder.o [1]
  .bss                zero     0x20038069      0x1  waverecorder.o [1]
  .bss                zero     0x2003806a      0x1  waverecorder.o [1]
  .bss                zero     0x2003806b      0x1  waverecorder.o [1]
  .bss                zero     0x2003806c      0x1  waverecorder.o [1]
  .bss                zero     0x2003806d      0x1  waverecorder.o [1]
                             - 0x2003806e  0x27c42

"P3", part 3 of 3:                          0x4000
  CSTACK                       0x20038070   0x2000  <Block>
    CSTACK            uninit   0x20038070   0x2000  <Block tail>
  HEAP                         0x2003a070   0x2000  <Block>
    HEAP              uninit   0x2003a070   0x2000  <Block tail>
                             - 0x2003c070   0x4000


*******************************************************************************
*** INIT TABLE
***

          Address     Size
          -------     ----
Zero (__iar_zero_init3)
    1 destination range, total size 0x27c42:
          0x2001042c  0x27c42

Copy (__iar_copy_init3)
    1 source range, total size 0x42c (100% of destination):
          0x0802a20c    0x42c
    1 destination range, total size 0x429:
          0x20010000    0x429



*******************************************************************************
*** MODULE SUMMARY
***

    Module                       ro code  ro data  rw data
    ------                       -------  -------  -------
D:\sop1hc\Github\data\Mic_Array_V00\USB_STREAMING\Mic_Array\Projects\STM32746G\Applications\Audio\Mic_Array\EWARM\STM32F7\Obj: [1]
    DSP.o                            278                 4
    audio_application.o              836
    audio_codec.o                  4 236        1      202
    main.o                         3 040        2    3 112
    sta321mp.o                     2 320      116      134
    startup_stm32f746xx.o            780
    stm32746g_discovery.o            280        8
    stm32746g_discovery_sdram.o      876        1      177
    stm32f7xx_hal.o                  124                 4
    stm32f7xx_hal_cortex.o           356
    stm32f7xx_hal_dma.o           14 684
    stm32f7xx_hal_gpio.o             620
    stm32f7xx_hal_i2c.o            2 776
    stm32f7xx_hal_i2c_ex.o           132
    stm32f7xx_hal_i2s.o              420
    stm32f7xx_hal_pcd.o            2 682
    stm32f7xx_hal_pcd_ex.o           152
    stm32f7xx_hal_pwr_ex.o           132
    stm32f7xx_hal_rcc.o            2 160       16
    stm32f7xx_hal_rcc_ex.o         2 208
    stm32f7xx_hal_sdram.o            172
    stm32f7xx_hal_spi.o            2 130
    stm32f7xx_hal_uart.o             874
    stm32f7xx_it.o                   124                 4
    stm32f7xx_ll_fmc.o               380
    stm32f7xx_ll_usb.o             3 408
    system_stm32f7xx.o               108        4        4
    usbd_audio_if.o                  128      168       36
    usbd_audio_in.o                2 760       68      674
    usbd_conf_f4.o                   848               960
    usbd_core.o                      838
    usbd_ctlreq.o                  1 630                 1
    usbd_desc.o                      232      208      252
    usbd_ioreq.o                     188
    waveplayer _CS43L22.o            152        1       65
    waverecorder.o                 6 672           157 034
    ------------------------------------------------------
    Total:                        59 736      593  162 663

command line: [2]
    ------------------------------------------------------
    Total:

dl7M_tlf.a: [3]
    XShttio.o                          8        8        8
    abort.o                            6
    abs.o                              8
    dlmalloc.o                     5 360               496
    errno.o                           12        4        4
    exit.o                             4
    low_level_init.o                   4
    xgetmemchunk.o                    44                 4
    xtls.o                             2
    ------------------------------------------------------
    Total:                         5 448       12      512

iar_cortexM7ls_math.a: [4]
    arm_cfft_radix4_init_f32.o       176
    arm_common_tables.o                    34 816
    arm_rfft_init_f32.o           32 888   32 768
    ------------------------------------------------------
    Total:                        33 064   67 584

libPDMFilter_CM7_IAR.a: [5]
    pdm_filter.o                   1 360      772      772
    ------------------------------------------------------
    Total:                         1 360      772      772

m7M_tls.a: [6]
    DblAdd.o                         232
    DblCmpEq.o                        32
    DblCmpGe.o                        46
    DblCmpLe.o                        46
    DblDiv.o                         598
    DblMul.o                         418
    DblSub.o                         384
    DblToFlt.o                       144
    DblToI32.o                        76
    FltCmpEq.o                        28
    FltCmpLe.o                        36
    FltMul.o                          18
    FltToDbl.o                        78
    I32ToDbl.o                        48
    U32ToFlt.o                        14
    fmod.o                           424
    fpinit_M.o                        34
    sqrt.o                           240
    xdint.o                          122
    xquad.o                          360
    xsin.o                         1 104
    ------------------------------------------------------
    Total:                         4 482

rt7M_tl.a: [7]
    ABImemcpy_unaligned.o            118
    ABImemset.o                      102
    cexit.o                           10
    cmain.o                           26
    copy_init3.o                      44
    cstartup_M.o                      12
    data_init.o                       40
    iarEdom.o                         12
    zero_init3.o                      64
    ------------------------------------------------------
    Total:                           428

shb_l.a: [8]
    exit.o                            20
    iarttio.o                         48
    ------------------------------------------------------
    Total:                            68

    Gaps                              34        4
    Linker created                             39   16 384
----------------------------------------------------------
    Grand Total:                 104 620   69 004  180 331


*******************************************************************************
*** ENTRY LIST
***

Entry                      Address    Size  Type      Object
-----                      -------    ----  ----      ------
.iar.init_table$$Base   0x08029ffc           --   Gb  - Linker created -
.iar.init_table$$Limit  0x0802a020           --   Gb  - Linker created -
?main                   0x0802a021          Code  Gb  cmain.o [7]
APBAHBPrescTable        0x0802a064    0x10  Data  Gb  stm32f7xx_hal_rcc.o [1]
AUDIO_Desc              0x200103d4    0x1c  Data  Gb  usbd_desc.o [1]
AUDIO_Init              0x0801ff55    0x38  Code  Gb  audio_codec.o [1]
AUDIO_InitApplication   0x08023175     0xc  Code  Gb  waveplayer _CS43L22.o [1]
AUDIO_REQ_GetCurrent    0x080249c3    0x30  Code  Lc  usbd_audio_in.o [1]
AUDIO_REQ_GetMaximum    0x0802495d    0x22  Code  Lc  usbd_audio_in.o [1]
AUDIO_REQ_GetMinimum    0x0802497f    0x22  Code  Lc  usbd_audio_in.o [1]
AUDIO_REQ_GetResolution
                        0x080249a1    0x22  Code  Lc  usbd_audio_in.o [1]
AUDIO_REQ_SetCurrent    0x080249f3    0x34  Code  Lc  usbd_audio_in.o [1]
AudioUSBSend            0x08023561   0x330  Code  Gb  audio_application.o [1]
Audio_CommandMgr        0x08025dc9     0x6  Code  Lc  usbd_audio_if.o [1]
Audio_DeInit            0x08025d73     0x6  Code  Lc  usbd_audio_if.o [1]
Audio_Init              0x08025d6d     0x6  Code  Lc  usbd_audio_if.o [1]
Audio_MAL_Play          0x08020b71    0xbc  Code  Gb  audio_codec.o [1]
Audio_MuteCtl           0x08025db7     0x6  Code  Lc  usbd_audio_if.o [1]
Audio_Pause             0x08025dc1     0x4  Code  Lc  usbd_audio_if.o [1]
Audio_Play_Out          0x08021c1b   0x12e  Code  Lc  main.o [1]
Audio_Record            0x08025d79     0x4  Code  Lc  usbd_audio_if.o [1]
Audio_Resume            0x08025dc5     0x4  Code  Lc  usbd_audio_if.o [1]
Audio_Stop              0x08025dbd     0x4  Code  Lc  usbd_audio_if.o [1]
Audio_VolumeCtl         0x08025d7d    0x3a  Code  Lc  usbd_audio_if.o [1]
BSP_AUDIO_OUT_ClockConfig
                        0x08021fdb    0x70  Code  Gb  main.o [1]
BSP_LED_Init            0x08023c11    0xc8  Code  Gb  stm32746g_discovery.o [1]
BSP_LED_Toggle          0x08023cd9    0x42  Code  Gb  stm32746g_discovery.o [1]
BSP_SDRAM_Init          0x080238a5    0xd6  Code  Gb  stm32746g_discovery_sdram.o [1]
BSP_SDRAM_Initialization_sequence
                        0x0802397b    0xb0  Code  Gb  stm32746g_discovery_sdram.o [1]
BSP_SDRAM_MspInit       0x08023a2b   0x1a8  Code  Wk  stm32746g_discovery_sdram.o [1]
Buffer1                 0x2001042c  0x80a0  Data  Gb  waverecorder.o [1]
Buffer2                 0x200184cc  0x80a0  Data  Gb  waverecorder.o [1]
Buffer3                 0x2002056c  0x80a0  Data  Gb  waverecorder.o [1]
BusFault_Handler        0x08029e1b     0x2  Code  Gb  stm32f7xx_it.o [1]
ButtonInit              0x08022373    0x4e  Code  Gb  main.o [1]
CPU_CACHE_Enable        0x0802204b     0xc  Code  Lc  main.o [1]
CSTACK$$Base            0x20038070           --   Gb  - Linker created -
CSTACK$$Limit           0x2003a070           --   Gb  - Linker created -
Codec_AudioInterface_Init
                        0x08020add     0xc  Code  Lc  audio_codec.o [1]
Codec_CtrlInterface_Init
                        0x08020ad5     0x8  Code  Lc  audio_codec.o [1]
Codec_GPIO_Init         0x08020ae9    0x40  Code  Lc  audio_codec.o [1]
Codec_Init              0x080208ab    0xf6  Code  Lc  audio_codec.o [1]
Codec_ReadRegister      0x08020a71    0x64  Code  Lc  audio_codec.o [1]
Codec_Reset             0x08020a05    0x24  Code  Lc  audio_codec.o [1]
Codec_TIMEOUT_UserCallback
                        0x080230fb     0x4  Code  Gb  waveplayer _CS43L22.o [1]
Codec_VolumeCtrl        0x080209a1    0x64  Code  Lc  audio_codec.o [1]
Codec_WriteRegister     0x08020a2b    0x3e  Code  Lc  audio_codec.o [1]
Command                 0x20037fe8    0x10  Data  Lc  stm32746g_discovery_sdram.o [1]
Command_index           0x20010426     0x1  Data  Gb  main.o [1]
CrssCor                 0x08023449    0xf6  Code  Gb  DSP.o [1]
DFT_Init                0x080221f1    0x72  Code  Gb  main.o [1]
DMA1_Stream0_IRQHandler
                        0x0802089f     0x2  Code  Gb  audio_codec.o [1]
DMA1_Stream7_IRQHandler
                        0x0801ff8d   0x912  Code  Gb  audio_codec.o [1]
DMA2_Stream4_IRQHandler
                        0x08029e8d     0x2  Code  Gb  stm32f7xx_it.o [1]
DMA2_Stream5_IRQHandler
                        0x0801d727     0xa  Code  Gb  waverecorder.o [1]
DMA2_Stream6_IRQHandler
                        0x0801d731     0xc  Code  Gb  waverecorder.o [1]
DMA2_Stream7_IRQHandler
                        0x08029e8f     0x2  Code  Gb  stm32f7xx_it.o [1]
DMA_SetConfig           0x08018af1    0x2e  Code  Gb  stm32f7xx_hal_dma.o [1]
DebugMon_Handler        0x08029e21     0x2  Code  Gb  stm32f7xx_it.o [1]
Delay                   0x08020b5d    0x14  Code  Lc  audio_codec.o [1]
DmaHandle               0x20037bf0    0x50  Data  Gb  audio_codec.o [1]
EXTI15_10_IRQHandler    0x0802217b     0x2  Code  Gb  main.o [1]
EXTI4_IRQHandler        0x0802213d    0x3e  Code  Gb  main.o [1]
EXTI9_5_IRQHandler      0x0802217d    0x74  Code  Gb  main.o [1]
EnergySound             0x20037ff8     0x4  Data  Gb  DSP.o [1]
FFT_Update              0x08021abf   0x15c  Code  Lc  main.o [1]
FMC_SDRAM_Init          0x08027edd    0x7c  Code  Gb  stm32f7xx_ll_fmc.o [1]
FMC_SDRAM_ProgramRefreshRate
                        0x0802804b     0xe  Code  Gb  stm32f7xx_ll_fmc.o [1]
FMC_SDRAM_SendCommand   0x08027ff7    0x54  Code  Gb  stm32f7xx_ll_fmc.o [1]
FMC_SDRAM_Timing_Init   0x08027f59    0x9e  Code  Gb  stm32f7xx_ll_fmc.o [1]
FacMic                  0x20037eb8    0x18  Data  Gb  main.o [1]
FactorUpd               0x08023545    0x1a  Code  Gb  DSP.o [1]
Filter                  0x200379f8    0x68  Data  Gb  waverecorder.o [1]
GPIO_INS                0x20037f60    0x14  Data  Gb  main.o [1]
GPIO_PIN                0x0802a0d0     0x8  Data  Gb  stm32746g_discovery.o [1]
HAL_DMA_DeInit          0x08018ba1   0xfe8  Code  Gb  stm32f7xx_hal_dma.o [1]
HAL_DMA_IRQHandler      0x08019c61  0x2798  Code  Gb  stm32f7xx_hal_dma.o [1]
HAL_DMA_Init            0x08018b1f    0x7c  Code  Gb  stm32f7xx_hal_dma.o [1]
HAL_DMA_Start_IT        0x08019bd9    0x86  Code  Gb  stm32f7xx_hal_dma.o [1]
HAL_Delay               0x0801ff33    0x1a  Code  Wk  stm32f7xx_hal.o [1]
HAL_GPIO_Init           0x0801de5d   0x1f6  Code  Gb  stm32f7xx_hal_gpio.o [1]
HAL_GPIO_ReadPin        0x0801e053    0x18  Code  Gb  stm32f7xx_hal_gpio.o [1]
HAL_GPIO_TogglePin      0x0801e07f     0xa  Code  Gb  stm32f7xx_hal_gpio.o [1]
HAL_GPIO_WritePin       0x0801e06b    0x14  Code  Gb  stm32f7xx_hal_gpio.o [1]
HAL_GetTick             0x0801ff2d     0x6  Code  Wk  stm32f7xx_hal.o [1]
HAL_I2CEx_ConfigAnalogFilter
                        0x08023181    0x84  Code  Gb  stm32f7xx_hal_i2c_ex.o [1]
HAL_I2C_EV_IRQHandler   0x08022989   0x12e  Code  Gb  stm32f7xx_hal_i2c.o [1]
HAL_I2C_ErrorCallback   0x08022ac3     0x2  Code  Wk  stm32f7xx_hal_i2c.o [1]
HAL_I2C_GetError        0x08022ac5     0x4  Code  Gb  stm32f7xx_hal_i2c.o [1]
HAL_I2C_Init            0x08022611    0xbc  Code  Gb  stm32f7xx_hal_i2c.o [1]
HAL_I2C_MasterRxCpltCallback
                        0x08022ab9     0x2  Code  Wk  stm32f7xx_hal_i2c.o [1]
HAL_I2C_MasterTxCpltCallback
                        0x08022ab7     0x2  Code  Wk  stm32f7xx_hal_i2c.o [1]
HAL_I2C_Master_Receive  0x0802282b   0x158  Code  Gb  stm32f7xx_hal_i2c.o [1]
HAL_I2C_Master_Transmit
                        0x080226cd   0x15e  Code  Gb  stm32f7xx_hal_i2c.o [1]
HAL_I2C_MemRxCpltCallback
                        0x08022ac1     0x2  Code  Wk  stm32f7xx_hal_i2c.o [1]
HAL_I2C_MemTxCpltCallback
                        0x08022abf     0x2  Code  Wk  stm32f7xx_hal_i2c.o [1]
HAL_I2C_MspInit         0x08022057    0xe6  Code  Gb  main.o [1]
HAL_I2C_SlaveRxCpltCallback
                        0x08022abd     0x2  Code  Wk  stm32f7xx_hal_i2c.o [1]
HAL_I2C_SlaveTxCpltCallback
                        0x08022abb     0x2  Code  Wk  stm32f7xx_hal_i2c.o [1]
HAL_I2S_Init            0x0801ee6d   0x126  Code  Gb  stm32f7xx_hal_i2s.o [1]
HAL_I2S_MspInit         0x08020c51   0x2f0  Code  Gb  audio_codec.o [1]
HAL_I2S_TxCpltCallback  0x0802242d     0xa  Code  Gb  main.o [1]
HAL_IncTick             0x0801ff21     0xc  Code  Wk  stm32f7xx_hal.o [1]
HAL_Init                0x0801fed9    0x22  Code  Gb  stm32f7xx_hal.o [1]
HAL_InitTick            0x0801fefd    0x24  Code  Wk  stm32f7xx_hal.o [1]
HAL_MspInit             0x0801fefb     0x2  Code  Wk  stm32f7xx_hal.o [1]
HAL_NVIC_DisableIRQ     0x0801f135     0xe  Code  Gb  stm32f7xx_hal_cortex.o [1]
HAL_NVIC_EnableIRQ      0x0801f127     0xe  Code  Gb  stm32f7xx_hal_cortex.o [1]
HAL_NVIC_SetPriority    0x0801f101    0x26  Code  Gb  stm32f7xx_hal_cortex.o [1]
HAL_NVIC_SetPriorityGrouping
                        0x0801f0f5     0xc  Code  Gb  stm32f7xx_hal_cortex.o [1]
HAL_PCDEx_ActivateLPM   0x08028b77    0x28  Code  Gb  stm32f7xx_hal_pcd_ex.o [1]
HAL_PCDEx_LPM_Callback  0x08028b9f     0x2  Code  Wk  stm32f7xx_hal_pcd_ex.o [1]
HAL_PCDEx_SetRxFiFo     0x08028b6b     0xc  Code  Gb  stm32f7xx_hal_pcd_ex.o [1]
HAL_PCDEx_SetTxFiFo     0x08028b09    0x62  Code  Gb  stm32f7xx_hal_pcd_ex.o [1]
HAL_PCD_ConnectCallback
                        0x08027511     0xe  Code  Gb  usbd_conf_f4.o [1]
HAL_PCD_DataInStageCallback
                        0x08027469    0x1e  Code  Gb  usbd_conf_f4.o [1]
HAL_PCD_DataOutStageCallback
                        0x08027449    0x20  Code  Gb  usbd_conf_f4.o [1]
HAL_PCD_DisconnectCallback
                        0x0802751f     0xe  Code  Gb  usbd_conf_f4.o [1]
HAL_PCD_EP_Close        0x080287cb    0x62  Code  Gb  stm32f7xx_hal_pcd.o [1]
HAL_PCD_EP_ClrStall     0x080289a5    0x62  Code  Gb  stm32f7xx_hal_pcd.o [1]
HAL_PCD_EP_Flush        0x08028a07    0x3c  Code  Gb  stm32f7xx_hal_pcd.o [1]
HAL_PCD_EP_Open         0x08028731    0x9a  Code  Gb  stm32f7xx_hal_pcd.o [1]
HAL_PCD_EP_Receive      0x0802882d    0x82  Code  Gb  stm32f7xx_hal_pcd.o [1]
HAL_PCD_EP_SetStall     0x0802892f    0x76  Code  Gb  stm32f7xx_hal_pcd.o [1]
HAL_PCD_EP_Transmit     0x080288af    0x80  Code  Gb  stm32f7xx_hal_pcd.o [1]
HAL_PCD_IRQHandler      0x080281e3   0x522  Code  Gb  stm32f7xx_hal_pcd.o [1]
HAL_PCD_ISOINIncompleteCallback
                        0x080274fd    0x14  Code  Gb  usbd_conf_f4.o [1]
HAL_PCD_ISOOUTIncompleteCallback
                        0x080274e9    0x14  Code  Gb  usbd_conf_f4.o [1]
HAL_PCD_Init            0x0802808d   0x12a  Code  Gb  stm32f7xx_hal_pcd.o [1]
HAL_PCD_MspInit         0x080273af    0x88  Code  Gb  usbd_conf_f4.o [1]
HAL_PCD_ResetCallback   0x08027495    0x38  Code  Gb  usbd_conf_f4.o [1]
HAL_PCD_ResumeCallback  0x080274db     0xe  Code  Gb  usbd_conf_f4.o [1]
HAL_PCD_SOFCallback     0x08027487     0xe  Code  Gb  usbd_conf_f4.o [1]
HAL_PCD_SetAddress      0x08028705    0x2c  Code  Gb  stm32f7xx_hal_pcd.o [1]
HAL_PCD_SetupStageCallback
                        0x08027437    0x12  Code  Gb  usbd_conf_f4.o [1]
HAL_PCD_Start           0x080281b7    0x2c  Code  Gb  stm32f7xx_hal_pcd.o [1]
HAL_PCD_SuspendCallback
                        0x080274cd     0xe  Code  Gb  usbd_conf_f4.o [1]
HAL_PWREx_EnableOverDrive
                        0x08025449    0x76  Code  Gb  stm32f7xx_hal_pwr_ex.o [1]
HAL_RCCEx_GetPeriphCLKConfig
                        0x08025b75   0x1c6  Code  Gb  stm32f7xx_hal_rcc_ex.o [1]
HAL_RCCEx_PeriphCLKConfig
                        0x080254cd   0x6a8  Code  Gb  stm32f7xx_hal_rcc_ex.o [1]
HAL_RCC_ClockConfig     0x080216d9   0x256  Code  Gb  stm32f7xx_hal_rcc.o [1]
HAL_RCC_GetHCLKFreq     0x080219d3    0x28  Code  Gb  stm32f7xx_hal_rcc.o [1]
HAL_RCC_GetSysClockFreq
                        0x0802192f    0xa4  Code  Gb  stm32f7xx_hal_rcc.o [1]
HAL_RCC_OscConfig       0x080211c1   0x518  Code  Gb  stm32f7xx_hal_rcc.o [1]
HAL_SDRAM_Init          0x08025ded    0x44  Code  Gb  stm32f7xx_hal_sdram.o [1]
HAL_SDRAM_MspInit       0x08025e31     0x2  Code  Wk  stm32f7xx_hal_sdram.o [1]
HAL_SDRAM_ProgramRefreshRate
                        0x08025e6f    0x2a  Code  Gb  stm32f7xx_hal_sdram.o [1]
HAL_SDRAM_SendCommand   0x08025e33    0x3c  Code  Gb  stm32f7xx_hal_sdram.o [1]
HAL_SPI_ErrorCallback   0x0801ea55     0x2  Code  Wk  stm32f7xx_hal_spi.o [1]
HAL_SPI_Init            0x0801e619    0xd8  Code  Gb  stm32f7xx_hal_spi.o [1]
HAL_SPI_MspInit         0x0801d111   0x5ca  Code  Gb  waverecorder.o [1]
HAL_SPI_Receive_DMA     0x0801e6f1   0x14c  Code  Gb  stm32f7xx_hal_spi.o [1]
HAL_SPI_RxCpltCallback  0x0801d751    0xb4  Code  Gb  waverecorder.o [1]
HAL_SPI_RxHalfCpltCallback
                        0x0801ea51     0x2  Code  Wk  stm32f7xx_hal_spi.o [1]
HAL_SPI_TransmitReceive_DMA
                        0x0801e83d   0x212  Code  Gb  stm32f7xx_hal_spi.o [1]
HAL_SPI_TxRxCpltCallback
                        0x0801ea4f     0x2  Code  Wk  stm32f7xx_hal_spi.o [1]
HAL_SPI_TxRxHalfCpltCallback
                        0x0801ea53     0x2  Code  Wk  stm32f7xx_hal_spi.o [1]
HAL_SYSTICK_Config      0x0801f143     0xc  Code  Gb  stm32f7xx_hal_cortex.o [1]
HAL_UART_ErrorCallback  0x08029b17     0x2  Code  Wk  stm32f7xx_hal_uart.o [1]
HAL_UART_IRQHandler     0x0802993d    0xf8  Code  Gb  stm32f7xx_hal_uart.o [1]
HAL_UART_RxCpltCallback
                        0x08029b15     0x2  Code  Wk  stm32f7xx_hal_uart.o [1]
HAL_UART_TxCpltCallback
                        0x08029b13     0x2  Code  Wk  stm32f7xx_hal_uart.o [1]
HEAP$$Base              0x2003a070           --   Gb  - Linker created -
HEAP$$Limit             0x2003c070           --   Gb  - Linker created -
HardFault_Handler       0x08029e17     0x2  Code  Gb  stm32f7xx_it.o [1]
I2C1_EV_IRQHandler      0x08029e57     0xa  Code  Gb  stm32f7xx_it.o [1]
I2C2_EV_IRQHandler      0x08029e61     0xa  Code  Gb  stm32f7xx_it.o [1]
I2C_IsAcknowledgeFailed
                        0x08023017    0x9e  Code  Lc  stm32f7xx_hal_i2c.o [1]
I2C_MasterReceive_ISR   0x08022c1d   0x152  Code  Lc  stm32f7xx_hal_i2c.o [1]
I2C_MasterTransmit_ISR  0x08022ac9   0x152  Code  Lc  stm32f7xx_hal_i2c.o [1]
I2C_SlaveReceive_ISR    0x08022e31    0xae  Code  Lc  stm32f7xx_hal_i2c.o [1]
I2C_SlaveTransmit_ISR   0x08022d6f    0xc2  Code  Lc  stm32f7xx_hal_i2c.o [1]
I2C_TransferConfig      0x080230b5    0x2a  Code  Lc  stm32f7xx_hal_i2c.o [1]
I2C_WaitOnFlagUntilTimeout
                        0x08022ee5    0x8e  Code  Lc  stm32f7xx_hal_i2c.o [1]
I2C_WaitOnSTOPFlagUntilTimeout
                        0x08022fc7    0x50  Code  Lc  stm32f7xx_hal_i2c.o [1]
I2C_WaitOnTXISFlagUntilTimeout
                        0x08022f73    0x54  Code  Lc  stm32f7xx_hal_i2c.o [1]
I2S1_Init               0x0801cdbd    0x5e  Code  Lc  waverecorder.o [1]
I2S2_Init               0x0801ce1b    0x5e  Code  Lc  waverecorder.o [1]
I2S2_idxTmp             0x20038014     0x2  Data  Gb  main.o [1]
I2S2_stNipple           0x20038050     0x2  Data  Gb  waverecorder.o [1]
I2S3_Init               0x080230ff    0x68  Code  Gb  waveplayer _CS43L22.o [1]
I2S_GetClockFreq        0x0801ef93    0x66  Code  Lc  stm32f7xx_hal_i2s.o [1]
IS                      0x20037f30    0x18  Data  Gb  main.o [1]
ISS                     0x20037fc4    0x14  Data  Gb  main.o [1]
IsocInBuffDummy         0x200375c8   0x180  Data  Lc  usbd_audio_in.o [1]
MIC1TO6_Init            0x0801cd1d    0x6c  Code  Gb  waverecorder.o [1]
MX_I2C1_Init            0x08020f45    0x48  Code  Gb  audio_codec.o [1]
MX_I2C2_Init            0x080223c1    0x50  Code  Gb  main.o [1]
MemManage_Handler       0x08029e19     0x2  Code  Gb  stm32f7xx_it.o [1]
NMI_Handler             0x08029e15     0x2  Code  Gb  stm32f7xx_it.o [1]
NVIC_DisableIRQ         0x0801f04d    0x14  Code  Lc  stm32f7xx_hal_cortex.o [1]
NVIC_EnableIRQ          0x0801f039    0x14  Code  Lc  stm32f7xx_hal_cortex.o [1]
NVIC_EncodePriority     0x0801f087    0x3e  Code  Lc  stm32f7xx_hal_cortex.o [1]
NVIC_GetPriorityGrouping
                        0x0801f02f     0xa  Code  Lc  stm32f7xx_hal_cortex.o [1]
NVIC_SetPriority        0x0801f061    0x26  Code  Lc  stm32f7xx_hal_cortex.o [1]
NVIC_SetPriority        0x08027389    0x26  Code  Lc  usbd_conf_f4.o [1]
NVIC_SetPriorityGrouping
                        0x0801f011    0x1e  Code  Lc  stm32f7xx_hal_cortex.o [1]
OTG_FS_IRQHandler       0x08029e6b     0xa  Code  Gb  stm32f7xx_it.o [1]
OutputDev               0x2003805a     0x1  Data  Gb  audio_codec.o [1]
PCD_WriteEmptyTxFifo    0x08028a43    0xc4  Code  Lc  stm32f7xx_hal_pcd.o [1]
PDM2PCMSDO78            0x0801d851   0x4ee  Code  Gb  waverecorder.o [1]
PDM_Filter_64_LSB       0x0801e2c9   0x31e  Code  Gb  pdm_filter.o [5]
PDM_Filter_Init         0x0801e0c9   0x1fe  Code  Gb  pdm_filter.o [5]
PendSV_Handler          0x08029e23     0x2  Code  Gb  stm32f7xx_it.o [1]
Region$$Table$$Base     0x08029ffc           --   Gb  - Linker created -
Region$$Table$$Limit    0x0802a020           --   Gb  - Linker created -
S1                      0x20037ed0    0x18  Data  Gb  main.o [1]
S2                      0x20037ee8    0x18  Data  Gb  main.o [1]
S3                      0x20037f00    0x18  Data  Gb  main.o [1]
S4                      0x20037f18    0x18  Data  Gb  main.o [1]
SCB_EnableDCache        0x08021a5b    0x64  Code  Lc  main.o [1]
SCB_EnableICache        0x08021a31    0x2a  Code  Lc  main.o [1]
SPI1_IRQHandler         0x0801c44d   0x204  Code  Gb  waverecorder.o [1]
SPI1_stNipple           0x2003804e     0x2  Data  Gb  waverecorder.o [1]
SPI2_IRQHandler         0x0801c651   0x1fa  Code  Gb  waverecorder.o [1]
SPI3_IRQHandler         0x080208a1     0xa  Code  Gb  audio_codec.o [1]
SPI4_IRQHandler         0x0801c84b   0x306  Code  Gb  waverecorder.o [1]
SPI4_Init               0x0801ce81    0x7e  Code  Gb  waverecorder.o [1]
SPI4_stNipple           0x20038052     0x2  Data  Gb  waverecorder.o [1]
SPI4_stPosShft          0x20038067     0x1  Data  Gb  waverecorder.o [1]
SPI5_IRQHandler         0x0801cb51    0xec  Code  Gb  waverecorder.o [1]
SPI5_Init               0x0801cf11    0xfe  Code  Gb  waverecorder.o [1]
SPI6_IRQHandler         0x0801cc3d    0xe0  Code  Gb  waverecorder.o [1]
SPI6_Init               0x0801d029    0x7c  Code  Gb  waverecorder.o [1]
SPI_DMAError            0x0801ec2d    0x28  Code  Lc  stm32f7xx_hal_spi.o [1]
SPI_DMAHalfReceiveCplt  0x0801ec0d     0xe  Code  Lc  stm32f7xx_hal_spi.o [1]
SPI_DMAHalfTransmitReceiveCplt
                        0x0801ec1d     0xe  Code  Lc  stm32f7xx_hal_spi.o [1]
SPI_DMAReceiveCplt      0x0801ea59    0xe4  Code  Lc  stm32f7xx_hal_spi.o [1]
SPI_DMATransmitReceiveCplt
                        0x0801eb3d    0xd0  Code  Lc  stm32f7xx_hal_spi.o [1]
SPI_EndRxTransaction    0x0801eda1    0x68  Code  Lc  stm32f7xx_hal_spi.o [1]
SPI_EndRxTxTransaction  0x0801ee09    0x62  Code  Lc  stm32f7xx_hal_spi.o [1]
SPI_I2S_ReceiveData     0x0801d721     0x6  Code  Lc  waverecorder.o [1]
SPI_WaitFifoStateUntilTimeout
                        0x0801ecef    0xb2  Code  Lc  stm32f7xx_hal_spi.o [1]
SPI_WaitFlagStateUntilTimeout
                        0x0801ec55    0x9a  Code  Lc  stm32f7xx_hal_spi.o [1]
SS1                     0x20037f74    0x14  Data  Gb  main.o [1]
SS2                     0x20037f88    0x14  Data  Gb  main.o [1]
SS3                     0x20037f9c    0x14  Data  Gb  main.o [1]
SS4                     0x20037fb0    0x14  Data  Gb  main.o [1]
STA321MP_DefautLoad     0x080245db    0x2c  Code  Lc  sta321mp.o [1]
STA321MP_Ini            0x08023d29   0x254  Code  Gb  sta321mp.o [1]
STACoefSet              0x08023fd9   0x332  Code  Gb  sta321mp.o [1]
SVC_Handler             0x08029e1f     0x2  Code  Gb  stm32f7xx_it.o [1]
Send_Audio_to_USB       0x08025dcf    0x14  Code  Gb  usbd_audio_if.o [1]
SetCoefValue            0x080243b9    0x6a  Code  Gb  sta321mp.o [1]
StartPlay               0x08022437    0x8e  Code  Gb  main.o [1]
StartRecMic7_8          0x0801cd89    0x34  Code  Gb  waverecorder.o [1]
SumDelay                0x08022263   0x110  Code  Gb  main.o [1]
SysTick_Config          0x0801f0c5    0x30  Code  Lc  stm32f7xx_hal_cortex.o [1]
SysTick_Handler         0x08029e25    0x26  Code  Gb  stm32f7xx_it.o [1]
SystemClock_Config      0x08021f2b    0xb0  Code  Lc  main.o [1]
SystemCoreClock         0x20010418     0x4  Data  Gb  system_stm32f7xx.o [1]
SystemInit              0x08029e91    0x4c  Code  Gb  system_stm32f7xx.o [1]
T0                      0x20010004   0x100  Data  Gb  pdm_filter.o [5]
T1                      0x20010104   0x100  Data  Gb  pdm_filter.o [5]
T2                      0x20010204   0x100  Data  Gb  pdm_filter.o [5]
TestSDO12               0x2002860c  0x2000  Data  Gb  waverecorder.o [1]
TestSDO34               0x2002a60c  0x2000  Data  Gb  waverecorder.o [1]
TestSDO56               0x2002c60c  0x2000  Data  Gb  waverecorder.o [1]
TestSDO7                0x2002e60c  0x2000  Data  Gb  waverecorder.o [1]
TestSDO7_1              0x2003260c  0x2000  Data  Gb  waverecorder.o [1]
TestSDO8                0x2003060c  0x2000  Data  Gb  waverecorder.o [1]
TestSDO8_1              0x2003460c  0x2000  Data  Gb  waverecorder.o [1]
Timing                  0x20037e9c    0x1c  Data  Lc  stm32746g_discovery_sdram.o [1]
UART_EndTransmit_IT     0x08029bc5    0x3c  Code  Lc  stm32f7xx_hal_uart.o [1]
UART_Receive_IT         0x08029c01    0xa6  Code  Lc  stm32f7xx_hal_uart.o [1]
UART_Transmit_IT        0x08029b19    0xac  Code  Lc  stm32f7xx_hal_uart.o [1]
UART_WaitOnFlagUntilTimeout
                        0x08029a35    0xde  Code  Gb  stm32f7xx_hal_uart.o [1]
USART3_IRQHandler       0x08029e4d     0xa  Code  Gb  stm32f7xx_it.o [1]
USART6_IRQHandler       0x08029e4b     0x2  Code  Gb  stm32f7xx_it.o [1]
USBD_AUDIO              0x20010354    0x38  Data  Gb  usbd_audio_in.o [1]
USBD_AUDIO_CfgDesc      0x20037910    0x78  Data  Lc  usbd_audio_in.o [1]
USBD_AUDIO_ConfigStrDescriptor
                        0x08029d1d    0x26  Code  Gb  usbd_desc.o [1]
USBD_AUDIO_DataIn       0x080247cd   0x122  Code  Lc  usbd_audio_in.o [1]
USBD_AUDIO_DataOut      0x0802494b     0x6  Code  Lc  usbd_audio_in.o [1]
USBD_AUDIO_Data_Transfer
                        0x08024a27   0x186  Code  Gb  usbd_audio_in.o [1]
USBD_AUDIO_DeInit       0x080246b7    0x2c  Code  Lc  usbd_audio_in.o [1]
USBD_AUDIO_DeviceDescriptor
                        0x08029ca9     0xa  Code  Gb  usbd_desc.o [1]
USBD_AUDIO_DeviceQualifierDesc
                        0x20010404     0xc  Data  Lc  usbd_audio_in.o [1]
USBD_AUDIO_EP0_RxReady  0x080248ef    0x44  Code  Lc  usbd_audio_in.o [1]
USBD_AUDIO_EP0_TxReady  0x08024933     0x6  Code  Lc  usbd_audio_in.o [1]
USBD_AUDIO_GetCfgDesc   0x080247c1     0xc  Code  Lc  usbd_audio_in.o [1]
USBD_AUDIO_GetDeviceQualifierDesc
                        0x08024951     0xc  Code  Lc  usbd_audio_in.o [1]
USBD_AUDIO_Init         0x08024639    0x7e  Code  Lc  usbd_audio_in.o [1]
USBD_AUDIO_Init_Microphone_Descriptor
                        0x08024bbb   0x52e  Code  Gb  usbd_audio_in.o [1]
USBD_AUDIO_InterfaceStrDescriptor
                        0x08029d43    0x26  Code  Gb  usbd_desc.o [1]
USBD_AUDIO_IsoINIncomplete
                        0x0802493f     0x6  Code  Lc  usbd_audio_in.o [1]
USBD_AUDIO_IsoOutIncomplete
                        0x08024945     0x6  Code  Lc  usbd_audio_in.o [1]
USBD_AUDIO_LangIDStrDescriptor
                        0x08029cb3     0xa  Code  Gb  usbd_desc.o [1]
USBD_AUDIO_ManufacturerStrDescriptor
                        0x08029ce3    0x14  Code  Gb  usbd_desc.o [1]
USBD_AUDIO_ProductStrDescriptor
                        0x08029cbd    0x26  Code  Gb  usbd_desc.o [1]
USBD_AUDIO_RegisterInterface
                        0x08024bad     0xe  Code  Gb  usbd_audio_in.o [1]
USBD_AUDIO_SOF          0x08024939     0x6  Code  Lc  usbd_audio_in.o [1]
USBD_AUDIO_SerialStrDescriptor
                        0x08029cf7    0x26  Code  Gb  usbd_desc.o [1]
USBD_AUDIO_Setup        0x080246e3    0xde  Code  Lc  usbd_audio_in.o [1]
USBD_AUDIO_fops         0x200103b0    0x24  Data  Gb  usbd_audio_if.o [1]
USBD_ClrClassConfig     0x08025193    0x18  Code  Gb  usbd_core.o [1]
USBD_ClrFeature         0x08027c63    0x3a  Code  Lc  usbd_ctlreq.o [1]
USBD_CtlContinueRx      0x08027da5    0x1a  Code  Gb  usbd_ioreq.o [1]
USBD_CtlContinueSendData
                        0x08027d5f    0x1a  Code  Gb  usbd_ioreq.o [1]
USBD_CtlError           0x08027cc5    0x18  Code  Gb  usbd_ctlreq.o [1]
USBD_CtlPrepareRx       0x08027d79    0x2c  Code  Gb  usbd_ioreq.o [1]
USBD_CtlReceiveStatus   0x08027dd9    0x1a  Code  Gb  usbd_ioreq.o [1]
USBD_CtlSendData        0x08027d37    0x28  Code  Gb  usbd_ioreq.o [1]
USBD_CtlSendStatus      0x08027dbf    0x1a  Code  Gb  usbd_ioreq.o [1]
USBD_GetConfig          0x08027bb5    0x4c  Code  Lc  usbd_ctlreq.o [1]
USBD_GetDescriptor      0x08027911   0x164  Code  Lc  usbd_ctlreq.o [1]
USBD_GetLen             0x08027d23    0x14  Code  Lc  usbd_ctlreq.o [1]
USBD_GetStatus          0x08027c01    0x3c  Code  Lc  usbd_ctlreq.o [1]
USBD_GetString          0x08027cdd    0x46  Code  Gb  usbd_ctlreq.o [1]
USBD_Init               0x08025101    0x38  Code  Gb  usbd_core.o [1]
USBD_LL_ClearStallEP    0x0802763d    0x16  Code  Gb  usbd_conf_f4.o [1]
USBD_LL_CloseEP         0x080275fb    0x16  Code  Gb  usbd_conf_f4.o [1]
USBD_LL_DataInStage     0x080252a3    0xe2  Code  Gb  usbd_core.o [1]
USBD_LL_DataOutStage    0x08025215    0x8e  Code  Gb  usbd_core.o [1]
USBD_LL_DevConnected    0x08025425     0x6  Code  Gb  usbd_core.o [1]
USBD_LL_DevDisconnected
                        0x0802542b    0x1c  Code  Gb  usbd_core.o [1]
USBD_LL_FlushEP         0x08027611    0x16  Code  Gb  usbd_conf_f4.o [1]
USBD_LL_Init            0x0802752d    0x7e  Code  Gb  usbd_conf_f4.o [1]
USBD_LL_IsStallEP       0x08027653    0x30  Code  Gb  usbd_conf_f4.o [1]
USBD_LL_IsoINIncomplete
                        0x08025419     0x6  Code  Gb  usbd_core.o [1]
USBD_LL_IsoOUTIncomplete
                        0x0802541f     0x6  Code  Gb  usbd_core.o [1]
USBD_LL_OpenEP          0x080275d9    0x22  Code  Gb  usbd_conf_f4.o [1]
USBD_LL_PrepareReceive  0x080276b9    0x20  Code  Gb  usbd_conf_f4.o [1]
USBD_LL_Reset           0x08025385    0x46  Code  Gb  usbd_core.o [1]
USBD_LL_Resume          0x080253e7     0xe  Code  Gb  usbd_core.o [1]
USBD_LL_SOF             0x080253f5    0x24  Code  Gb  usbd_core.o [1]
USBD_LL_SetSpeed        0x080253cb     0x8  Code  Gb  usbd_core.o [1]
USBD_LL_SetUSBAddress   0x08027683    0x16  Code  Gb  usbd_conf_f4.o [1]
USBD_LL_SetupStage      0x080251ab    0x6a  Code  Gb  usbd_core.o [1]
USBD_LL_StallEP         0x08027627    0x16  Code  Gb  usbd_conf_f4.o [1]
USBD_LL_Start           0x080275c9    0x10  Code  Gb  usbd_conf_f4.o [1]
USBD_LL_Suspend         0x080253d3    0x14  Code  Gb  usbd_core.o [1]
USBD_LL_Transmit        0x08027699    0x20  Code  Gb  usbd_conf_f4.o [1]
USBD_LangIDDesc         0x2001041c     0x4  Data  Gb  usbd_desc.o [1]
USBD_ParseSetupRequest  0x08027c9d    0x28  Code  Gb  usbd_ctlreq.o [1]
USBD_RegisterClass      0x08025139    0x1a  Code  Gb  usbd_core.o [1]
USBD_RunTestMode        0x08025161     0x6  Code  Gb  usbd_core.o [1]
USBD_SetAddress         0x08027a75    0x60  Code  Lc  usbd_ctlreq.o [1]
USBD_SetClassConfig     0x08025167    0x2c  Code  Gb  usbd_core.o [1]
USBD_SetConfig          0x08027ad5    0xda  Code  Lc  usbd_ctlreq.o [1]
USBD_SetFeature         0x08027c3d    0x26  Code  Lc  usbd_ctlreq.o [1]
USBD_Start              0x08025153     0xe  Code  Gb  usbd_core.o [1]
USBD_StdDevReq          0x080276d9    0x7c  Code  Gb  usbd_ctlreq.o [1]
USBD_StdEPReq           0x080277a1   0x170  Code  Gb  usbd_ctlreq.o [1]
USBD_StdItfReq          0x08027755    0x4c  Code  Gb  usbd_ctlreq.o [1]
USBD_StrDesc            0x20037748    0xc8  Data  Gb  usbd_desc.o [1]
USB_ActivateEndpoint    0x08028edd    0xc4  Code  Gb  stm32f7xx_ll_usb.o [1]
USB_ActivateSetup       0x0802981f    0x44  Code  Gb  stm32f7xx_ll_usb.o [1]
USB_CoreInit            0x08028bb5    0x6e  Code  Gb  stm32f7xx_ll_usb.o [1]
USB_CoreReset           0x080298bb    0x38  Code  Lc  stm32f7xx_ll_usb.o [1]
USB_DeactivateEndpoint  0x08028fa1    0xaa  Code  Gb  stm32f7xx_ll_usb.o [1]
USB_DevConnect          0x08029753    0x1e  Code  Gb  stm32f7xx_ll_usb.o [1]
USB_DevDisconnect       0x08029771    0x1e  Code  Gb  stm32f7xx_ll_usb.o [1]
USB_DevInit             0x08028c75   0x1c0  Code  Gb  stm32f7xx_ll_usb.o [1]
USB_DisableGlobalInt    0x08028c31     0xe  Code  Gb  stm32f7xx_ll_usb.o [1]
USB_EP0StartXfer        0x08029395   0x1ec  Code  Gb  stm32f7xx_ll_usb.o [1]
USB_EP0_OutStart        0x08029863    0x58  Code  Gb  stm32f7xx_ll_usb.o [1]
USB_EPClearStall        0x08029691    0x96  Code  Gb  stm32f7xx_ll_usb.o [1]
USB_EPSetStall          0x080295f3    0x9e  Code  Gb  stm32f7xx_ll_usb.o [1]
USB_EPStartXfer         0x0802904b   0x342  Code  Gb  stm32f7xx_ll_usb.o [1]
USB_EnableGlobalInt     0x08028c23     0xe  Code  Gb  stm32f7xx_ll_usb.o [1]
USB_FlushRxFifo         0x08028e59    0x20  Code  Gb  stm32f7xx_ll_usb.o [1]
USB_FlushTxFifo         0x08028e35    0x24  Code  Gb  stm32f7xx_ll_usb.o [1]
USB_GetDevSpeed         0x08028e8f    0x4e  Code  Gb  stm32f7xx_ll_usb.o [1]
USB_GetMode             0x08029817     0x8  Code  Gb  stm32f7xx_ll_usb.o [1]
USB_ReadDevAllInEpInterrupt
                        0x080297b3    0x16  Code  Gb  stm32f7xx_ll_usb.o [1]
USB_ReadDevAllOutEpInterrupt
                        0x0802979d    0x16  Code  Gb  stm32f7xx_ll_usb.o [1]
USB_ReadDevInEPInterrupt
                        0x080297e3    0x34  Code  Gb  stm32f7xx_ll_usb.o [1]
USB_ReadDevOutEPInterrupt
                        0x080297c9    0x1a  Code  Gb  stm32f7xx_ll_usb.o [1]
USB_ReadInterrupts      0x0802978f     0xe  Code  Gb  stm32f7xx_ll_usb.o [1]
USB_ReadPacket          0x080295c7    0x2c  Code  Gb  stm32f7xx_ll_usb.o [1]
USB_SetCurrentMode      0x08028c3f    0x36  Code  Gb  stm32f7xx_ll_usb.o [1]
USB_SetDevAddress       0x08029727    0x2c  Code  Gb  stm32f7xx_ll_usb.o [1]
USB_SetDevSpeed         0x08028e79    0x16  Code  Gb  stm32f7xx_ll_usb.o [1]
USB_WritePacket         0x08029581    0x46  Code  Gb  stm32f7xx_ll_usb.o [1]
UsageFault_Handler      0x08029e1d     0x2  Code  Gb  stm32f7xx_it.o [1]
VOL_CUR                 0x20038032     0x2  Data  Lc  usbd_audio_in.o [1]
Volume                  0x20010424     0x1  Data  Gb  audio_codec.o [1]
WavePlayerInit          0x080230e9    0x12  Code  Gb  waveplayer _CS43L22.o [1]
WaveRec_idxSens1        0x20038016     0x2  Data  Gb  main.o [1]
WaveRec_idxSens2        0x20038018     0x2  Data  Gb  main.o [1]
WaveRec_idxSens3        0x20038012     0x2  Data  Gb  main.o [1]
WaveRec_idxSens4        0x20038010     0x2  Data  Gb  main.o [1]
WaveRec_idxSens5        0x2003801a     0x2  Data  Gb  main.o [1]
WaveRec_idxSens6        0x2003801c     0x2  Data  Gb  main.o [1]
WaveRec_idxTest         0x20038038     0x2  Data  Gb  waverecorder.o [1]
WaveRecord_flgIni       0x20038062     0x1  Data  Gb  waverecorder.o [1]
WaveRecord_flgSDO7Finish
                        0x20038065     0x1  Data  Gb  waverecorder.o [1]
WaveRecord_flgSDO8Finish
                        0x20038066     0x1  Data  Gb  waverecorder.o [1]
WriteCoef               0x0802430b    0xae  Code  Gb  sta321mp.o [1]
WriteSTAByte            0x08023f7d    0x5c  Code  Gb  sta321mp.o [1]
__aeabi_cdcmpeq         0x08023281          Code  Gb  DblCmpEq.o [6]
__aeabi_cdcmple         0x08020fe1          Code  Gb  DblCmpLe.o [6]
__aeabi_cdrcmple        0x08021011          Code  Gb  DblCmpGe.o [6]
__aeabi_cfcmpeq         0x0801f175          Code  Gb  FltCmpEq.o [6]
__aeabi_cfcmple         0x0801f1a1          Code  Gb  FltCmpLe.o [6]
__aeabi_d2f             0x0801f789          Code  Gb  DblToFlt.o [6]
__aeabi_d2iz            0x0801f599          Code  Gb  DblToI32.o [6]
__aeabi_dadd            0x0801f4b1          Code  Gb  DblAdd.o [6]
__aeabi_ddiv            0x0801f259          Code  Gb  DblDiv.o [6]
__aeabi_dmul            0x0801f5e5          Code  Gb  DblMul.o [6]
__aeabi_dsub            0x0801fc69          Code  Gb  DblSub.o [6]
__aeabi_errno_addr      0x08021041     0x6  Code  Gb  errno.o [3]
__aeabi_f2d             0x0801f1d9          Code  Gb  FltToDbl.o [6]
__aeabi_fmul            0x0801f1c5    0x12  Code  Gb  FltMul.o [6]
__aeabi_i2d             0x0801f229          Code  Gb  I32ToDbl.o [6]
__aeabi_memset          0x08027df5          Code  Gb  ABImemset.o [7]
__aeabi_ui2d            0x0801f23d          Code  Gb  I32ToDbl.o [6]
__aeabi_ui2f            0x0801f191     0xe  Code  Gb  U32ToFlt.o [6]
__cmain                 0x0802a021          Code  Gb  cmain.o [7]
__data_GetMemChunk      0x08028061    0x2c  Code  Gb  xgetmemchunk.o [3]
__exit                  0x08028ba1    0x14  Code  Gb  exit.o [8]
__iar_Dint              0x08023207    0x7a  Code  Gb  xdint.o [6]
__iar_Errno             0x20010420     0x4  Data  Gb  errno.o [3]
__iar_Memset            0x08027df5          Code  Gb  ABImemset.o [7]
__iar_Memset_word       0x08027dfd          Code  Gb  ABImemset.o [7]
__iar_Quad              0x0802104d   0x12c  Code  Gb  xquad.o [6]
__iar_Sin               0x0801f819   0x3b2  Code  Gb  xsin.o [6]
__iar_close_ttio        0x08029905    0x2e  Code  Gb  iarttio.o [8]
__iar_copy_init3        0x08029f3d    0x2c  Code  Gb  copy_init3.o [7]
__iar_d2uiz             0x0801f5c5          Code  Gb  DblToI32.o [6]
__iar_dadd              0x0801f4c5          Code  Gb  DblAdd.o [6]
__iar_data_init3        0x08029f69    0x28  Code  Gb  data_init.o [7]
__iar_dlfree            0x08026e6f   0x510  Code  Gb  dlmalloc.o [3]
__iar_dlib_perthread_access
                        0x08023205     0x2  Code  Gb  xtls.o [3]
__iar_dlmalloc          0x08026bb9   0x2aa  Code  Gb  dlmalloc.o [3]
__iar_dsub              0x0801fc7d          Code  Gb  DblSub.o [6]
__iar_dsubStart         0x0801fc8f          Code  Gb  DblSub.o [6]
__iar_edom              0x080211b5          Code  Gb  iarEdom.o [7]
__iar_fmod              0x080232a1          Code  Gb  fmod.o [6]
__iar_fmodl             0x080232a1          Code  Gb  fmod.o [6]
__iar_init_vfp          0x08029fd9          Code  Gb  fpinit_M.o [6]
__iar_lookup_ttioh      0x08029935     0x8  Code  Gb  XShttio.o [3]
__iar_program_start     0x0802a0c5          Code  Gb  cstartup_M.o [7]
__iar_sqrt              0x0801fde9          Code  Gb  sqrt.o [6]
__iar_ttio_handles      0x20010410     0x8  Data  Lc  XShttio.o [3]
__iar_ui2d              0x0801f241          Code  Gb  I32ToDbl.o [6]
__iar_unaligned___aeabi_memcpy
                        0x08027e5d          Code  Gb  ABImemcpy_unaligned.o [7]
__iar_unaligned___aeabi_memcpy4
                        0x08027e7d          Code  Gb  ABImemcpy_unaligned.o [7]
__iar_unaligned___aeabi_memcpy8
                        0x08027e7d          Code  Gb  ABImemcpy_unaligned.o [7]
__iar_zero_init3        0x08029efd    0x40  Code  Gb  zero_init3.o [7]
__low_level_init        0x0802a03b     0x4  Code  Gb  low_level_init.o [3]
__vector_table          0x08000000          Data  Gb  startup_stm32f746xx.o [1]
_call_main              0x0802a02d          Code  Gb  cmain.o [7]
_exit                   0x0802a045          Code  Gb  cexit.o [7]
_gm_                    0x200373f0   0x1d8  Data  Lc  dlmalloc.o [3]
_main                   0x0802a037          Code  Gb  cmain.o [7]
abort                   0x08028059     0x6  Code  Gb  abort.o [3]
abs                     0x08027ed3     0x8  Code  Gb  abs.o [3]
armBitRevTable          0x080001c8   0x800  Data  Gb  arm_common_tables.o [4]
arm_cfft_radix4_init_f32
                        0x08010a41    0xb0  Code  Gb  arm_cfft_radix4_init_f32.o [4]
arm_rfft_init_f32       0x080089c9    0x72  Code  Gb  arm_rfft_init_f32.o [4]
btnSW1                  0x2003805b     0x1  Data  Gb  main.o [1]
btnSW2                  0x2003805c     0x1  Data  Gb  main.o [1]
bufCoefBiquad           0x20037fd8    0x10  Data  Gb  sta321mp.o [1]
bufPCMSens7             0x20038004     0x4  Data  Gb  waverecorder.o [1]
bufPCMSens8             0x20038008     0x4  Data  Gb  waverecorder.o [1]
bufferSum               0x2003660c   0x800  Data  Gb  main.o [1]
buffer_switch           0x20010425     0x1  Data  Gb  main.o [1]
cntBtnPress             0x2003805e     0x1  Data  Gb  main.o [1]
cntOS                   0x20038000     0x4  Data  Gb  stm32f7xx_it.o [1]
cntPos                  0x2003803c     0x2  Data  Gb  waverecorder.o [1]
cntPos7                 0x2003803e     0x2  Data  Gb  waverecorder.o [1]
cntRisingEXTI           0x20038020     0x2  Data  Gb  main.o [1]
cntStrt                 0x20038040     0x2  Data  Gb  waverecorder.o [1]
cntTime200              0x2003802e     0x2  Data  Gb  main.o [1]
exit                    0x0802a03f     0x4  Code  Gb  exit.o [3]
flg10ms                 0x20038060     0x1  Data  Gb  main.o [1]
flgDlyUpd               0x2003805d     0x1  Data  Gb  main.o [1]
fmod                    0x080232a1          Code  Gb  fmod.o [6]
fmodl                   0x080232a1          Code  Gb  fmod.o [6]
hUSBDDevice             0x200371cc   0x224  Data  Gb  main.o [1]
hUSBDDeviceDesc         0x200103f0    0x14  Data  Gb  usbd_desc.o [1]
haudioInstance          0x20037ac4    0x64  Data  Lc  usbd_audio_in.o [1]
hdma_spi5_rx            0x20037c90    0x50  Data  Gb  waverecorder.o [1]
hdma_spi6_rx            0x20037ce0    0x50  Data  Gb  waverecorder.o [1]
hi2c1                   0x20037df0    0x3c  Data  Gb  audio_codec.o [1]
hi2c2                   0x20037e2c    0x3c  Data  Gb  audio_codec.o [1]
hi2s1                   0x20037d70    0x40  Data  Gb  waverecorder.o [1]
hi2s2                   0x20037db0    0x40  Data  Gb  waverecorder.o [1]
hi2s3                   0x20037d30    0x40  Data  Gb  waveplayer _CS43L22.o [1]
hpcd                    0x20036e0c   0x3c0  Data  Gb  usbd_conf_f4.o [1]
hspi4                   0x20037a60    0x64  Data  Gb  main.o [1]
hspi5                   0x20037b28    0x64  Data  Gb  waverecorder.o [1]
hspi6                   0x20037b8c    0x64  Data  Gb  waverecorder.o [1]
huart3                  0x20037988    0x70  Data  Gb  main.o [1]
iSDO12                  0x20038054     0x2  Data  Gb  waverecorder.o [1]
iSDO34                  0x20038056     0x2  Data  Gb  waverecorder.o [1]
iSDO56                  0x20038058     0x2  Data  Gb  waverecorder.o [1]
idxFrmPDMMic8           0x2003803a     0x2  Data  Gb  waverecorder.o [1]
idxLatency12            0x20038024     0x2  Data  Gb  main.o [1]
idxLatency13            0x20038022     0x2  Data  Gb  main.o [1]
idxLatency14            0x20038026     0x2  Data  Gb  main.o [1]
idxLatency25            0x20038028     0x2  Data  Gb  main.o [1]
idxLatency63            0x2003802a     0x2  Data  Gb  main.o [1]
idxLatency78            0x2003802c     0x2  Data  Gb  main.o [1]
idxMic7                 0x20038036     0x2  Data  Gb  waverecorder.o [1]
idxMic8                 0x20038034     0x2  Data  Gb  waverecorder.o [1]
idxSPI5DataBuf3         0x2003801e     0x2  Data  Gb  main.o [1]
init_mparams            0x08025eb3    0x32  Code  Lc  dlmalloc.o [3]
init_top                0x08025ee5    0x34  Code  Lc  dlmalloc.o [3]
main                    0x08021d49   0x1e2  Code  Gb  main.o [1]
mparams                 0x20037f48    0x18  Data  Lc  dlmalloc.o [3]
pDataMic7               0x20037890    0x80  Data  Gb  waverecorder.o [1]
pDataMic8               0x20037810    0x80  Data  Gb  waverecorder.o [1]
pcSTAComnd              0x20010304    0x50  Data  Gb  sta321mp.o [1]
pcSTAComnd1             0x20038030     0x2  Data  Gb  sta321mp.o [1]
pcSTAComnd2             0x2001038c    0x24  Data  Gb  sta321mp.o [1]
prepend_alloc           0x08025f19   0x36c  Code  Lc  dlmalloc.o [3]
realCoefA               0x08008a40  0x8000  Data  Lc  arm_rfft_init_f32.o [4]
realCoefB               0x08010af0  0x8000  Data  Lc  arm_rfft_init_f32.o [4]
sdramHandle             0x20037e68    0x34  Data  Lc  stm32746g_discovery_sdram.o [1]
segment_holding         0x08025e99    0x1a  Code  Lc  dlmalloc.o [3]
sqrt                    0x0801fde9          Code  Gb  sqrt.o [6]
sqrtl                   0x0801fde9          Code  Gb  sqrt.o [6]
stFrstFrmStore          0x2003805f     0x1  Data  Gb  main.o [1]
sta321mp_biquad         0x0802447b   0x160  Code  Lc  sta321mp.o [1]
sta321mp_mixer          0x08024423    0x2a  Code  Lc  sta321mp.o [1]
sta321mp_postscale      0x08024465    0x16  Code  Lc  sta321mp.o [1]
sta321mp_prescale       0x0802444d    0x18  Code  Lc  sta321mp.o [1]
stm32_crc               0x20010000     0x4  Data  Gb  pdm_filter.o [5]
swtSDO7                 0x20038063     0x1  Data  Gb  waverecorder.o [1]
swtSDO8                 0x20038064     0x1  Data  Gb  waverecorder.o [1]
sys_alloc               0x08026285   0x386  Code  Lc  dlmalloc.o [3]
tmalloc_large           0x08026619   0x390  Code  Lc  dlmalloc.o [3]
tmalloc_small           0x080269a9   0x210  Code  Lc  dlmalloc.o [3]
twiddleCoef_4096        0x080009c8  0x8000  Data  Gb  arm_common_tables.o [4]
uwTick                  0x20037ffc     0x4  Data  Lc  stm32f7xx_hal.o [1]
vRawSens1               0x20038042     0x2  Data  Gb  waverecorder.o [1]
vRawSens2               0x20038044     0x2  Data  Gb  waverecorder.o [1]
vRawSens3               0x20038048     0x2  Data  Gb  waverecorder.o [1]
vRawSens4               0x20038046     0x2  Data  Gb  waverecorder.o [1]
vRawSens5               0x2003804a     0x2  Data  Gb  waverecorder.o [1]
vRawSens6               0x2003804c     0x2  Data  Gb  waverecorder.o [1]
vol_table               0x08029d90    0x84  Data  Gb  usbd_audio_if.o [1]
volume                  0x20010428     0x1  Data  Gb  waveplayer _CS43L22.o [1]


[1] = D:\sop1hc\Github\data\Mic_Array_V00\USB_STREAMING\Mic_Array\Projects\STM32746G\Applications\Audio\Mic_Array\EWARM\STM32F7\Obj
[2] = command line
[3] = dl7M_tlf.a
[4] = iar_cortexM7ls_math.a
[5] = libPDMFilter_CM7_IAR.a
[6] = m7M_tls.a
[7] = rt7M_tl.a
[8] = shb_l.a

  104 620 bytes of readonly  code memory
   69 004 bytes of readonly  data memory
  180 331 bytes of readwrite data memory

Errors: none
Warnings: none
