###############################################################################
#
# IAR ELF Linker V7.50.2.10312/W32 for ARM                26/Feb/2016  17:56:03
# Copyright 2007-2015 IAR Systems AB.
#
#    Output file  =  
#        D:\sop1hc\Github\data\Mic_Array_V00\USB_STREAMING\Mic_Array\Projects\STM32746G\Applications\Audio\Mic_Array\EWARM\STM32F7\Exe\Project.out
#    Map file     =  
#        D:\sop1hc\Github\data\Mic_Array_V00\USB_STREAMING\Mic_Array\Projects\STM32746G\Applications\Audio\Mic_Array\EWARM\STM32F7\List\Project.map
#    Command line =  
#        D:\sop1hc\Github\data\Mic_Array_V00\USB_STREAMING\Mic_Array\Projects\STM32746G\Applications\Audio\Mic_Array\EWARM\STM32F7\Obj\audio_application.o
#        D:\sop1hc\Github\data\Mic_Array_V00\USB_STREAMING\Mic_Array\Projects\STM32746G\Applications\Audio\Mic_Array\EWARM\STM32F7\Obj\audio_codec.o
#        D:\sop1hc\Github\data\Mic_Array_V00\USB_STREAMING\Mic_Array\Projects\STM32746G\Applications\Audio\Mic_Array\EWARM\STM32F7\Obj\DSP.o
#        D:\sop1hc\Github\data\Mic_Array_V00\USB_STREAMING\Mic_Array\Projects\STM32746G\Applications\Audio\Mic_Array\EWARM\STM32F7\Obj\ff.o
#        D:\sop1hc\Github\data\Mic_Array_V00\USB_STREAMING\Mic_Array\Projects\STM32746G\Applications\Audio\Mic_Array\EWARM\STM32F7\Obj\ft5336.o
#        D:\sop1hc\Github\data\Mic_Array_V00\USB_STREAMING\Mic_Array\Middlewares\ST\STM32_Audio\Addons\PDM\libPDMFilter_CM7_IAR.a
#        D:\sop1hc\Github\data\Mic_Array_V00\USB_STREAMING\Mic_Array\Projects\STM32746G\Applications\Audio\Mic_Array\EWARM\STM32F7\Obj\main.o
#        D:\sop1hc\Github\data\Mic_Array_V00\USB_STREAMING\Mic_Array\Projects\STM32746G\Applications\Audio\Mic_Array\EWARM\STM32F7\Obj\sta321mp.o
#        D:\sop1hc\Github\data\Mic_Array_V00\USB_STREAMING\Mic_Array\Projects\STM32746G\Applications\Audio\Mic_Array\EWARM\STM32F7\Obj\startup_stm32f746xx.o
#        D:\sop1hc\Github\data\Mic_Array_V00\USB_STREAMING\Mic_Array\Projects\STM32746G\Applications\Audio\Mic_Array\EWARM\STM32F7\Obj\stm32746g_discovery.o
#        D:\sop1hc\Github\data\Mic_Array_V00\USB_STREAMING\Mic_Array\Projects\STM32746G\Applications\Audio\Mic_Array\EWARM\STM32F7\Obj\stm32746g_discovery_lcd.o
#        D:\sop1hc\Github\data\Mic_Array_V00\USB_STREAMING\Mic_Array\Projects\STM32746G\Applications\Audio\Mic_Array\EWARM\STM32F7\Obj\stm32746g_discovery_sdram.o
#        D:\sop1hc\Github\data\Mic_Array_V00\USB_STREAMING\Mic_Array\Projects\STM32746G\Applications\Audio\Mic_Array\EWARM\STM32F7\Obj\stm32746g_discovery_ts.o
#        D:\sop1hc\Github\data\Mic_Array_V00\USB_STREAMING\Mic_Array\Projects\STM32746G\Applications\Audio\Mic_Array\EWARM\STM32F7\Obj\stm32f7xx_hal.o
#        D:\sop1hc\Github\data\Mic_Array_V00\USB_STREAMING\Mic_Array\Projects\STM32746G\Applications\Audio\Mic_Array\EWARM\STM32F7\Obj\stm32f7xx_hal_cortex.o
#        D:\sop1hc\Github\data\Mic_Array_V00\USB_STREAMING\Mic_Array\Projects\STM32746G\Applications\Audio\Mic_Array\EWARM\STM32F7\Obj\stm32f7xx_hal_dma.o
#        D:\sop1hc\Github\data\Mic_Array_V00\USB_STREAMING\Mic_Array\Projects\STM32746G\Applications\Audio\Mic_Array\EWARM\STM32F7\Obj\stm32f7xx_hal_dma2d.o
#        D:\sop1hc\Github\data\Mic_Array_V00\USB_STREAMING\Mic_Array\Projects\STM32746G\Applications\Audio\Mic_Array\EWARM\STM32F7\Obj\stm32f7xx_hal_dma_ex.o
#        D:\sop1hc\Github\data\Mic_Array_V00\USB_STREAMING\Mic_Array\Projects\STM32746G\Applications\Audio\Mic_Array\EWARM\STM32F7\Obj\stm32f7xx_hal_flash.o
#        D:\sop1hc\Github\data\Mic_Array_V00\USB_STREAMING\Mic_Array\Projects\STM32746G\Applications\Audio\Mic_Array\EWARM\STM32F7\Obj\stm32f7xx_hal_flash_ex.o
#        D:\sop1hc\Github\data\Mic_Array_V00\USB_STREAMING\Mic_Array\Projects\STM32746G\Applications\Audio\Mic_Array\EWARM\STM32F7\Obj\stm32f7xx_hal_gpio.o
#        D:\sop1hc\Github\data\Mic_Array_V00\USB_STREAMING\Mic_Array\Projects\STM32746G\Applications\Audio\Mic_Array\EWARM\STM32F7\Obj\stm32f7xx_hal_hcd.o
#        D:\sop1hc\Github\data\Mic_Array_V00\USB_STREAMING\Mic_Array\Projects\STM32746G\Applications\Audio\Mic_Array\EWARM\STM32F7\Obj\stm32f7xx_hal_i2c.o
#        D:\sop1hc\Github\data\Mic_Array_V00\USB_STREAMING\Mic_Array\Projects\STM32746G\Applications\Audio\Mic_Array\EWARM\STM32F7\Obj\stm32f7xx_hal_i2c_ex.o
#        D:\sop1hc\Github\data\Mic_Array_V00\USB_STREAMING\Mic_Array\Projects\STM32746G\Applications\Audio\Mic_Array\EWARM\STM32F7\Obj\stm32f7xx_hal_i2s.o
#        D:\sop1hc\Github\data\Mic_Array_V00\USB_STREAMING\Mic_Array\Projects\STM32746G\Applications\Audio\Mic_Array\EWARM\STM32F7\Obj\stm32f7xx_hal_ltdc.o
#        D:\sop1hc\Github\data\Mic_Array_V00\USB_STREAMING\Mic_Array\Projects\STM32746G\Applications\Audio\Mic_Array\EWARM\STM32F7\Obj\stm32f7xx_hal_pcd.o
#        D:\sop1hc\Github\data\Mic_Array_V00\USB_STREAMING\Mic_Array\Projects\STM32746G\Applications\Audio\Mic_Array\EWARM\STM32F7\Obj\stm32f7xx_hal_pcd_ex.o
#        D:\sop1hc\Github\data\Mic_Array_V00\USB_STREAMING\Mic_Array\Projects\STM32746G\Applications\Audio\Mic_Array\EWARM\STM32F7\Obj\stm32f7xx_hal_pwr.o
#        D:\sop1hc\Github\data\Mic_Array_V00\USB_STREAMING\Mic_Array\Projects\STM32746G\Applications\Audio\Mic_Array\EWARM\STM32F7\Obj\stm32f7xx_hal_pwr_ex.o
#        D:\sop1hc\Github\data\Mic_Array_V00\USB_STREAMING\Mic_Array\Projects\STM32746G\Applications\Audio\Mic_Array\EWARM\STM32F7\Obj\stm32f7xx_hal_rcc.o
#        D:\sop1hc\Github\data\Mic_Array_V00\USB_STREAMING\Mic_Array\Projects\STM32746G\Applications\Audio\Mic_Array\EWARM\STM32F7\Obj\stm32f7xx_hal_rcc_ex.o
#        D:\sop1hc\Github\data\Mic_Array_V00\USB_STREAMING\Mic_Array\Projects\STM32746G\Applications\Audio\Mic_Array\EWARM\STM32F7\Obj\stm32f7xx_hal_sai.o
#        D:\sop1hc\Github\data\Mic_Array_V00\USB_STREAMING\Mic_Array\Projects\STM32746G\Applications\Audio\Mic_Array\EWARM\STM32F7\Obj\stm32f7xx_hal_sai_ex.o
#        D:\sop1hc\Github\data\Mic_Array_V00\USB_STREAMING\Mic_Array\Projects\STM32746G\Applications\Audio\Mic_Array\EWARM\STM32F7\Obj\stm32f7xx_hal_sdram.o
#        D:\sop1hc\Github\data\Mic_Array_V00\USB_STREAMING\Mic_Array\Projects\STM32746G\Applications\Audio\Mic_Array\EWARM\STM32F7\Obj\stm32f7xx_hal_spi.o
#        D:\sop1hc\Github\data\Mic_Array_V00\USB_STREAMING\Mic_Array\Projects\STM32746G\Applications\Audio\Mic_Array\EWARM\STM32F7\Obj\stm32f7xx_hal_sram.o
#        D:\sop1hc\Github\data\Mic_Array_V00\USB_STREAMING\Mic_Array\Projects\STM32746G\Applications\Audio\Mic_Array\EWARM\STM32F7\Obj\stm32f7xx_hal_tim.o
#        D:\sop1hc\Github\data\Mic_Array_V00\USB_STREAMING\Mic_Array\Projects\STM32746G\Applications\Audio\Mic_Array\EWARM\STM32F7\Obj\stm32f7xx_hal_tim_ex.o
#        D:\sop1hc\Github\data\Mic_Array_V00\USB_STREAMING\Mic_Array\Projects\STM32746G\Applications\Audio\Mic_Array\EWARM\STM32F7\Obj\stm32f7xx_hal_uart.o
#        D:\sop1hc\Github\data\Mic_Array_V00\USB_STREAMING\Mic_Array\Projects\STM32746G\Applications\Audio\Mic_Array\EWARM\STM32F7\Obj\stm32f7xx_it.o
#        D:\sop1hc\Github\data\Mic_Array_V00\USB_STREAMING\Mic_Array\Projects\STM32746G\Applications\Audio\Mic_Array\EWARM\STM32F7\Obj\stm32f7xx_ll_fmc.o
#        D:\sop1hc\Github\data\Mic_Array_V00\USB_STREAMING\Mic_Array\Projects\STM32746G\Applications\Audio\Mic_Array\EWARM\STM32F7\Obj\stm32f7xx_ll_usb.o
#        D:\sop1hc\Github\data\Mic_Array_V00\USB_STREAMING\Mic_Array\Projects\STM32746G\Applications\Audio\Mic_Array\EWARM\STM32F7\Obj\system_stm32f7xx.o
#        D:\sop1hc\Github\data\Mic_Array_V00\USB_STREAMING\Mic_Array\Projects\STM32746G\Applications\Audio\Mic_Array\EWARM\STM32F7\Obj\usbd_audio_if.o
#        D:\sop1hc\Github\data\Mic_Array_V00\USB_STREAMING\Mic_Array\Projects\STM32746G\Applications\Audio\Mic_Array\EWARM\STM32F7\Obj\usbd_audio_in.o
#        D:\sop1hc\Github\data\Mic_Array_V00\USB_STREAMING\Mic_Array\Projects\STM32746G\Applications\Audio\Mic_Array\EWARM\STM32F7\Obj\usbd_conf_f4.o
#        D:\sop1hc\Github\data\Mic_Array_V00\USB_STREAMING\Mic_Array\Projects\STM32746G\Applications\Audio\Mic_Array\EWARM\STM32F7\Obj\usbd_core.o
#        D:\sop1hc\Github\data\Mic_Array_V00\USB_STREAMING\Mic_Array\Projects\STM32746G\Applications\Audio\Mic_Array\EWARM\STM32F7\Obj\usbd_ctlreq.o
#        D:\sop1hc\Github\data\Mic_Array_V00\USB_STREAMING\Mic_Array\Projects\STM32746G\Applications\Audio\Mic_Array\EWARM\STM32F7\Obj\usbd_desc.o
#        D:\sop1hc\Github\data\Mic_Array_V00\USB_STREAMING\Mic_Array\Projects\STM32746G\Applications\Audio\Mic_Array\EWARM\STM32F7\Obj\usbd_ioreq.o
#        D:\sop1hc\Github\data\Mic_Array_V00\USB_STREAMING\Mic_Array\Projects\STM32746G\Applications\Audio\Mic_Array\EWARM\STM32F7\Obj\usbh_conf.o
#        D:\sop1hc\Github\data\Mic_Array_V00\USB_STREAMING\Mic_Array\Projects\STM32746G\Applications\Audio\Mic_Array\EWARM\STM32F7\Obj\usbh_core.o
#        D:\sop1hc\Github\data\Mic_Array_V00\USB_STREAMING\Mic_Array\Projects\STM32746G\Applications\Audio\Mic_Array\EWARM\STM32F7\Obj\usbh_ctlreq.o
#        D:\sop1hc\Github\data\Mic_Array_V00\USB_STREAMING\Mic_Array\Projects\STM32746G\Applications\Audio\Mic_Array\EWARM\STM32F7\Obj\usbh_diskio.o
#        D:\sop1hc\Github\data\Mic_Array_V00\USB_STREAMING\Mic_Array\Projects\STM32746G\Applications\Audio\Mic_Array\EWARM\STM32F7\Obj\usbh_ioreq.o
#        D:\sop1hc\Github\data\Mic_Array_V00\USB_STREAMING\Mic_Array\Projects\STM32746G\Applications\Audio\Mic_Array\EWARM\STM32F7\Obj\usbh_msc.o
#        D:\sop1hc\Github\data\Mic_Array_V00\USB_STREAMING\Mic_Array\Projects\STM32746G\Applications\Audio\Mic_Array\EWARM\STM32F7\Obj\usbh_msc_bot.o
#        D:\sop1hc\Github\data\Mic_Array_V00\USB_STREAMING\Mic_Array\Projects\STM32746G\Applications\Audio\Mic_Array\EWARM\STM32F7\Obj\usbh_msc_scsi.o
#        D:\sop1hc\Github\data\Mic_Array_V00\USB_STREAMING\Mic_Array\Projects\STM32746G\Applications\Audio\Mic_Array\EWARM\STM32F7\Obj\usbh_pipes.o
#        "D:\sop1hc\Github\data\Mic_Array_V00\USB_STREAMING\Mic_Array\Projects\STM32746G\Applications\Audio\Mic_Array\EWARM\STM32F7\Obj\waveplayer
#        _CS43L22.o"
#        D:\sop1hc\Github\data\Mic_Array_V00\USB_STREAMING\Mic_Array\Projects\STM32746G\Applications\Audio\Mic_Array\EWARM\STM32F7\Obj\waverecorder.o
#        --redirect _Printf=_PrintfSmall --redirect _Scanf=_ScanfSmall -o
#        D:\sop1hc\Github\data\Mic_Array_V00\USB_STREAMING\Mic_Array\Projects\STM32746G\Applications\Audio\Mic_Array\EWARM\STM32F7\Exe\Project.out
#        --map
#        D:\sop1hc\Github\data\Mic_Array_V00\USB_STREAMING\Mic_Array\Projects\STM32746G\Applications\Audio\Mic_Array\EWARM\STM32F7\List\Project.map
#        --config
#        D:\sop1hc\Github\data\Mic_Array_V00\USB_STREAMING\Mic_Array\Projects\STM32746G\Applications\Audio\Mic_Array\EWARM\Project.icf
#        --semihosting --entry __iar_program_start --no_exceptions "D:\Program
#        Files (x86)\IAR Systems\Embedded Workbench
#        7.3\arm\CMSIS\Lib\IAR\iar_cortexM7ls_math.a" --vfe
#
###############################################################################

*******************************************************************************
*** RUNTIME MODEL ATTRIBUTES
***

CppFlavor                     = *
__Heap_Handler                = DLMalloc
__SystemLibrary               = DLib
__dlib_dynamic_initialization = normal


*******************************************************************************
*** PLACEMENT SUMMARY
***

"A1":  place at 0x08000000 { ro section .intvec };
"P1":  place in [from 0x00000000 to 0x00000000] |
                [from 0x08000000 to 0x080fffff] { ro };
"P3":  place in [from 0x20000000 to 0x2000ffff] |
                [from 0x20010000 to 0x2004ffff] { rw, block CSTACK, block HEAP };

  Section             Kind        Address     Size  Object
  -------             ----        -------     ----  ------
"A1":                                        0x1c8
  .intvec             ro code  0x08000000    0x1c8  startup_stm32f746xx.o [1]
                             - 0x080001c8    0x1c8

"P1":                                      0x2a3ac
  .rodata             const    0x080001c8   0x8800  arm_common_tables.o [4]
  .text               ro code  0x080089c8   0x8078  arm_rfft_init_f32.o [4]
  .text               ro code  0x08010a40     0xb0  arm_cfft_radix4_init_f32.o [4]
  .rodata             const    0x08010af0   0x8000  arm_rfft_init_f32.o [4]
  .text               ro code  0x08018af0   0x395c  stm32f7xx_hal_dma.o [1]
  .text               ro code  0x0801c44c   0x1a14  waverecorder.o [1]
  .text               ro code  0x0801de60    0x26c  stm32f7xx_hal_gpio.o [1]
  .text               ro code  0x0801e0cc    0x550  pdm_filter.o [5]
  .text               ro code  0x0801e61c    0x852  stm32f7xx_hal_spi.o [1]
  .text               ro code  0x0801ee70    0x1a4  stm32f7xx_hal_i2s.o [1]
  .text               ro code  0x0801f014    0x164  stm32f7xx_hal_cortex.o [1]
  .text               ro code  0x0801f178     0x1c  FltCmpEq.o [6]
  .text               ro code  0x0801f194      0xe  U32ToFlt.o [6]
  .text               ro code  0x0801f1a4     0x24  FltCmpLe.o [6]
  .text               ro code  0x0801f1c8     0x12  FltMul.o [6]
  .text               ro code  0x0801f1dc     0x4e  FltToDbl.o [6]
  .text               ro code  0x0801f22c     0x30  I32ToDbl.o [6]
  .text               ro code  0x0801f25c    0x256  DblDiv.o [6]
  .text               ro code  0x0801f4b4     0xe8  DblAdd.o [6]
  .text               ro code  0x0801f59c     0x4c  DblToI32.o [6]
  .text               ro code  0x0801f5e8    0x1a2  DblMul.o [6]
  .text               ro code  0x0801f78c     0x90  DblToFlt.o [6]
  .text               ro code  0x0801f81c    0x450  xsin.o [6]
  .text               ro code  0x0801fc6c    0x180  DblSub.o [6]
  .text               ro code  0x0801fdec     0xf0  sqrt.o [6]
  .text               ro code  0x0801fedc     0x7c  stm32f7xx_hal.o [1]
  .text               ro code  0x0801ff58   0x108c  audio_codec.o [1]
  .text               ro code  0x08020fe4     0x2e  DblCmpLe.o [6]
  .text               ro code  0x08021014     0x2e  DblCmpGe.o [6]
  .text               ro code  0x08021044      0xc  errno.o [3]
  .text               ro code  0x08021050    0x168  xquad.o [6]
  .text               ro code  0x080211b8      0xc  iarEdom.o [7]
  .text               ro code  0x080211c4    0x870  stm32f7xx_hal_rcc.o [1]
  .text               ro code  0x08021a34    0xbe4  main.o [1]
  .text               ro code  0x08022618    0xad8  stm32f7xx_hal_i2c.o [1]
  .text               ro code  0x080230f0     0x98  waveplayer _CS43L22.o [1]
  .text               ro code  0x08023188     0x84  stm32f7xx_hal_i2c_ex.o [1]
  .text               ro code  0x0802320c      0x2  xtls.o [3]
  .text               ro code  0x0802320e     0x7a  xdint.o [6]
  .text               ro code  0x08023288     0x20  DblCmpEq.o [6]
  .text               ro code  0x080232a8    0x1a8  fmod.o [6]
  .text               ro code  0x08023450    0x116  DSP.o [1]
  .text               ro code  0x08023568    0x270  audio_application.o [1]
  .text               ro code  0x080237d8    0x36c  stm32746g_discovery_sdram.o [1]
  .text               ro code  0x08023b44    0x118  stm32746g_discovery.o [1]
  .text               ro code  0x08023c5c    0x910  sta321mp.o [1]
  .text               ro code  0x0802456c    0xac8  usbd_audio_in.o [1]
  .text               ro code  0x08025034    0x346  usbd_core.o [1]
  .text               ro code  0x0802537c     0x84  stm32f7xx_hal_pwr_ex.o [1]
  .text               ro code  0x08025400    0x8a0  stm32f7xx_hal_rcc_ex.o [1]
  .text               ro code  0x08025ca0     0x80  usbd_audio_if.o [1]
  .text               ro code  0x08025d20     0xac  stm32f7xx_hal_sdram.o [1]
  .text               ro code  0x08025dcc   0x14f0  dlmalloc.o [3]
  .text               ro code  0x080272bc    0x350  usbd_conf_f4.o [1]
  .text               ro code  0x0802760c    0x65e  usbd_ctlreq.o [1]
  .text               ro code  0x08027c6a     0xbc  usbd_ioreq.o [1]
  .text               ro code  0x08027d28     0x66  ABImemset.o [7]
  .text               ro code  0x08027d90     0x76  ABImemcpy_unaligned.o [7]
  .text               ro code  0x08027e06      0x8  abs.o [3]
  .text               ro code  0x08027e10    0x17c  stm32f7xx_ll_fmc.o [1]
  .text               ro code  0x08027f8c      0x6  abort.o [3]
  .text               ro code  0x08027f94     0x2c  xgetmemchunk.o [3]
  .text               ro code  0x08027fc0    0xa7a  stm32f7xx_hal_pcd.o [1]
  .text               ro code  0x08028a3c     0x98  stm32f7xx_hal_pcd_ex.o [1]
  .text               ro code  0x08028ad4     0x14  exit.o [8]
  .text               ro code  0x08028ae8    0xd50  stm32f7xx_ll_usb.o [1]
  .text               ro code  0x08029838     0x30  iarttio.o [8]
  .text               ro code  0x08029868      0x8  XShttio.o [3]
  .text               ro code  0x08029870    0x36a  stm32f7xx_hal_uart.o [1]
  .text               ro code  0x08029bdc     0xe8  usbd_desc.o [1]
  .rodata             const    0x08029cc4     0x84  usbd_audio_if.o [1]
  .text               ro code  0x08029d48     0x7c  stm32f7xx_it.o [1]
  .text               ro code  0x08029dc4     0x6c  system_stm32f7xx.o [1]
  .text               ro code  0x08029e30     0x40  zero_init3.o [7]
  .text               ro code  0x08029e70     0x2c  copy_init3.o [7]
  .text               ro code  0x08029e9c     0x28  data_init.o [7]
  .rodata             const    0x08029ec4     0x24  usbd_desc.o [1]
  .rodata             const    0x08029ee8     0x24  usbd_desc.o [1]
  .text               ro code  0x08029f0c     0x22  fpinit_M.o [6]
  .iar.init_table     const    0x08029f30     0x2c  - Linker created -
  .text               ro code  0x08029f5c     0x1a  cmain.o [7]
  .text               ro code  0x08029f76      0x4  low_level_init.o [3]
  .text               ro code  0x08029f7a      0x4  exit.o [3]
  .text               ro code  0x08029f80      0xa  cexit.o [7]
  .rodata             const    0x08029f8c     0x14  usbd_desc.o [1]
  .rodata             const    0x08029fa0     0x10  stm32f7xx_hal_rcc.o [1]
  .rodata             const    0x08029fb0     0x10  usbd_desc.o [1]
  .rodata             const    0x08029fc0     0x10  usbd_desc.o [1]
  .rodata             const    0x08029fd0     0x10  usbd_desc.o [1]
  .rodata             const    0x08029fe0     0x10  usbd_desc.o [1]
  .text               ro code  0x08029ff0     0x10  startup_stm32f746xx.o [1]
  .text               ro code  0x0802a000      0xc  cstartup_M.o [7]
  .rodata             const    0x0802a00c      0x8  stm32746g_discovery.o [1]
  .text               ro code  0x0802a014      0x4  startup_stm32f746xx.o [1]
  .text               ro code  0x0802a018      0x4  startup_stm32f746xx.o [1]
  .text               ro code  0x0802a01c      0x4  startup_stm32f746xx.o [1]
  .text               ro code  0x0802a020      0x4  startup_stm32f746xx.o [1]
  .text               ro code  0x0802a024      0x4  startup_stm32f746xx.o [1]
  .text               ro code  0x0802a028      0x4  startup_stm32f746xx.o [1]
  .text               ro code  0x0802a02c      0x4  startup_stm32f746xx.o [1]
  .text               ro code  0x0802a030      0x4  startup_stm32f746xx.o [1]
  .text               ro code  0x0802a034      0x4  startup_stm32f746xx.o [1]
  .text               ro code  0x0802a038      0x4  startup_stm32f746xx.o [1]
  .text               ro code  0x0802a03c      0x4  startup_stm32f746xx.o [1]
  .text               ro code  0x0802a040      0x4  startup_stm32f746xx.o [1]
  .text               ro code  0x0802a044      0x4  startup_stm32f746xx.o [1]
  .text               ro code  0x0802a048      0x4  startup_stm32f746xx.o [1]
  .text               ro code  0x0802a04c      0x4  startup_stm32f746xx.o [1]
  .text               ro code  0x0802a050      0x4  startup_stm32f746xx.o [1]
  .text               ro code  0x0802a054      0x4  startup_stm32f746xx.o [1]
  .text               ro code  0x0802a058      0x4  startup_stm32f746xx.o [1]
  .text               ro code  0x0802a05c      0x4  startup_stm32f746xx.o [1]
  .text               ro code  0x0802a060      0x4  startup_stm32f746xx.o [1]
  .text               ro code  0x0802a064      0x4  startup_stm32f746xx.o [1]
  .text               ro code  0x0802a068      0x4  startup_stm32f746xx.o [1]
  .text               ro code  0x0802a06c      0x4  startup_stm32f746xx.o [1]
  .text               ro code  0x0802a070      0x4  startup_stm32f746xx.o [1]
  .text               ro code  0x0802a074      0x4  startup_stm32f746xx.o [1]
  .text               ro code  0x0802a078      0x4  startup_stm32f746xx.o [1]
  .text               ro code  0x0802a07c      0x4  startup_stm32f746xx.o [1]
  .text               ro code  0x0802a080      0x4  startup_stm32f746xx.o [1]
  .text               ro code  0x0802a084      0x4  startup_stm32f746xx.o [1]
  .text               ro code  0x0802a088      0x4  startup_stm32f746xx.o [1]
  .text               ro code  0x0802a08c      0x4  startup_stm32f746xx.o [1]
  .text               ro code  0x0802a090      0x4  startup_stm32f746xx.o [1]
  .text               ro code  0x0802a094      0x4  startup_stm32f746xx.o [1]
  .text               ro code  0x0802a098      0x4  startup_stm32f746xx.o [1]
  .text               ro code  0x0802a09c      0x4  startup_stm32f746xx.o [1]
  .text               ro code  0x0802a0a0      0x4  startup_stm32f746xx.o [1]
  .text               ro code  0x0802a0a4      0x4  startup_stm32f746xx.o [1]
  .text               ro code  0x0802a0a8      0x4  startup_stm32f746xx.o [1]
  .text               ro code  0x0802a0ac      0x4  startup_stm32f746xx.o [1]
  .text               ro code  0x0802a0b0      0x4  startup_stm32f746xx.o [1]
  .text               ro code  0x0802a0b4      0x4  startup_stm32f746xx.o [1]
  .text               ro code  0x0802a0b8      0x4  startup_stm32f746xx.o [1]
  .text               ro code  0x0802a0bc      0x4  startup_stm32f746xx.o [1]
  .text               ro code  0x0802a0c0      0x4  startup_stm32f746xx.o [1]
  .text               ro code  0x0802a0c4      0x4  startup_stm32f746xx.o [1]
  .text               ro code  0x0802a0c8      0x4  startup_stm32f746xx.o [1]
  .text               ro code  0x0802a0cc      0x4  startup_stm32f746xx.o [1]
  .text               ro code  0x0802a0d0      0x4  startup_stm32f746xx.o [1]
  .text               ro code  0x0802a0d4      0x4  startup_stm32f746xx.o [1]
  .text               ro code  0x0802a0d8      0x4  startup_stm32f746xx.o [1]
  .text               ro code  0x0802a0dc      0x4  startup_stm32f746xx.o [1]
  .text               ro code  0x0802a0e0      0x4  startup_stm32f746xx.o [1]
  .text               ro code  0x0802a0e4      0x4  startup_stm32f746xx.o [1]
  .text               ro code  0x0802a0e8      0x4  startup_stm32f746xx.o [1]
  .text               ro code  0x0802a0ec      0x4  startup_stm32f746xx.o [1]
  .text               ro code  0x0802a0f0      0x4  startup_stm32f746xx.o [1]
  .text               ro code  0x0802a0f4      0x4  startup_stm32f746xx.o [1]
  .text               ro code  0x0802a0f8      0x4  startup_stm32f746xx.o [1]
  .text               ro code  0x0802a0fc      0x4  startup_stm32f746xx.o [1]
  .text               ro code  0x0802a100      0x4  startup_stm32f746xx.o [1]
  .text               ro code  0x0802a104      0x4  startup_stm32f746xx.o [1]
  .text               ro code  0x0802a108      0x4  startup_stm32f746xx.o [1]
  .text               ro code  0x0802a10c      0x4  startup_stm32f746xx.o [1]
  .text               ro code  0x0802a110      0x4  startup_stm32f746xx.o [1]
  .text               ro code  0x0802a114      0x4  startup_stm32f746xx.o [1]
  .text               ro code  0x0802a118      0x4  startup_stm32f746xx.o [1]
  .text               ro code  0x0802a11c      0x4  startup_stm32f746xx.o [1]
  .text               ro code  0x0802a120      0x4  startup_stm32f746xx.o [1]
  .text               ro code  0x0802a124      0x4  startup_stm32f746xx.o [1]
  .text               ro code  0x0802a128      0x4  startup_stm32f746xx.o [1]
  .text               ro code  0x0802a12c      0x4  startup_stm32f746xx.o [1]
  .text               ro code  0x0802a130      0x4  startup_stm32f746xx.o [1]
  .text               ro code  0x0802a134      0x4  startup_stm32f746xx.o [1]
  .text               ro code  0x0802a138      0x4  startup_stm32f746xx.o [1]
  .text               ro code  0x0802a13c      0x4  startup_stm32f746xx.o [1]
  .text               ro code  0x0802a140      0x4  startup_stm32f746xx.o [1]
  .text               ro code  0x0802a144      0x4  startup_stm32f746xx.o [1]
  .rodata             const    0x0802a148      0x0  zero_init3.o [7]
  .rodata             const    0x0802a148      0x0  copy_init3.o [7]
  Initializer bytes   const    0x0802a148    0x42c  <for P3 s0>
                             - 0x0802a574  0x2a3ac

"P3", part 1 of 3:                           0x42c
  P3 s0                        0x20010000    0x42c  <Init block>
    .data             inited   0x20010000    0x304  pdm_filter.o [5]
    .data             inited   0x20010304     0x50  sta321mp.o [1]
    .data             inited   0x20010354     0x38  usbd_audio_in.o [1]
    .data             inited   0x2001038c     0x24  sta321mp.o [1]
    .data             inited   0x200103b0     0x24  usbd_audio_if.o [1]
    .data             inited   0x200103d4     0x1c  usbd_desc.o [1]
    .data             inited   0x200103f0     0x14  usbd_desc.o [1]
    .data             inited   0x20010404      0xc  usbd_audio_in.o [1]
    .data             inited   0x20010410      0x8  XShttio.o [3]
    .data             inited   0x20010418      0x4  system_stm32f7xx.o [1]
    .data             inited   0x2001041c      0x4  usbd_desc.o [1]
    __DLIB_PERTHREAD  inited   0x20010420      0x4  errno.o [3]
    .data             inited   0x20010424      0x1  audio_codec.o [1]
    .data             inited   0x20010425      0x1  main.o [1]
    .data             inited   0x20010426      0x1  main.o [1]
    .data             inited   0x20010427      0x1  stm32746g_discovery_sdram.o [1]
    .data             inited   0x20010428      0x1  waveplayer _CS43L22.o [1]
                             - 0x2001042c    0x42c

"P3", part 2 of 3:                          0xfa64
  .bss                zero     0x2001042c   0x2000  waverecorder.o [1]
  .bss                zero     0x2001242c   0x2000  waverecorder.o [1]
  .bss                zero     0x2001442c   0x2000  waverecorder.o [1]
  .bss                zero     0x2001642c   0x2000  waverecorder.o [1]
  .bss                zero     0x2001842c   0x2000  waverecorder.o [1]
  .bss                zero     0x2001a42c   0x2000  waverecorder.o [1]
  .bss                zero     0x2001c42c   0x2000  waverecorder.o [1]
  .bss                zero     0x2001e42c    0x800  main.o [1]
  .bss                zero     0x2001ec2c    0x3c0  usbd_conf_f4.o [1]
  .bss                zero     0x2001efec    0x224  main.o [1]
  .bss                zero     0x2001f210    0x1d8  dlmalloc.o [3]
  .bss                zero     0x2001f3e8    0x180  usbd_audio_in.o [1]
  .bss                zero     0x2001f568     0xc8  usbd_desc.o [1]
  .bss                zero     0x2001f630     0x80  waverecorder.o [1]
  .bss                zero     0x2001f6b0     0x80  waverecorder.o [1]
  .bss                zero     0x2001f730     0x78  usbd_audio_in.o [1]
  .bss                zero     0x2001f7a8     0x70  main.o [1]
  .bss                zero     0x2001f818     0x68  waverecorder.o [1]
  .bss                zero     0x2001f880     0x64  main.o [1]
  .bss                zero     0x2001f8e4     0x64  usbd_audio_in.o [1]
  .bss                zero     0x2001f948     0x64  waverecorder.o [1]
  .bss                zero     0x2001f9ac     0x64  waverecorder.o [1]
  .bss                zero     0x2001fa10     0x50  audio_codec.o [1]
  .bss                zero     0x2001fa60     0x50  stm32746g_discovery_sdram.o [1]
  .bss                zero     0x2001fab0     0x50  waverecorder.o [1]
  .bss                zero     0x2001fb00     0x50  waverecorder.o [1]
  .bss                zero     0x2001fb50     0x40  waveplayer _CS43L22.o [1]
  .bss                zero     0x2001fb90     0x40  waverecorder.o [1]
  .bss                zero     0x2001fbd0     0x40  waverecorder.o [1]
  .bss                zero     0x2001fc10     0x3c  audio_codec.o [1]
  .bss                zero     0x2001fc4c     0x3c  audio_codec.o [1]
  .bss                zero     0x2001fc88     0x34  stm32746g_discovery_sdram.o [1]
  .bss                zero     0x2001fcbc     0x1c  stm32746g_discovery_sdram.o [1]
  .bss                zero     0x2001fcd8     0x18  main.o [1]
  .bss                zero     0x2001fcf0     0x18  main.o [1]
  .bss                zero     0x2001fd08     0x18  main.o [1]
  .bss                zero     0x2001fd20     0x18  main.o [1]
  .bss                zero     0x2001fd38     0x18  main.o [1]
  .bss                zero     0x2001fd50     0x18  main.o [1]
  .bss                zero     0x2001fd68     0x18  dlmalloc.o [3]
  .bss                zero     0x2001fd80     0x14  main.o [1]
  .bss                zero     0x2001fd94     0x14  main.o [1]
  .bss                zero     0x2001fda8     0x14  main.o [1]
  .bss                zero     0x2001fdbc     0x14  main.o [1]
  .bss                zero     0x2001fdd0     0x14  main.o [1]
  .bss                zero     0x2001fde4     0x14  main.o [1]
  .bss                zero     0x2001fdf8     0x10  sta321mp.o [1]
  .bss                zero     0x2001fe08     0x10  stm32746g_discovery_sdram.o [1]
  .bss                zero     0x2001fe18      0x4  DSP.o [1]
  .bss                zero     0x2001fe1c      0x4  stm32f7xx_hal.o [1]
  .bss                zero     0x2001fe20      0x4  stm32f7xx_it.o [1]
  .bss                zero     0x2001fe24      0x4  waverecorder.o [1]
  .bss                zero     0x2001fe28      0x4  waverecorder.o [1]
  .bss                zero     0x2001fe2c      0x4  xgetmemchunk.o [3]
  .bss                zero     0x2001fe30      0x2  main.o [1]
  .bss                zero     0x2001fe32      0x2  main.o [1]
  .bss                zero     0x2001fe34      0x2  main.o [1]
  .bss                zero     0x2001fe36      0x2  main.o [1]
  .bss                zero     0x2001fe38      0x2  main.o [1]
  .bss                zero     0x2001fe3a      0x2  main.o [1]
  .bss                zero     0x2001fe3c      0x2  main.o [1]
  .bss                zero     0x2001fe3e      0x2  main.o [1]
  .bss                zero     0x2001fe40      0x2  main.o [1]
  .bss                zero     0x2001fe42      0x2  main.o [1]
  .bss                zero     0x2001fe44      0x2  main.o [1]
  .bss                zero     0x2001fe46      0x2  main.o [1]
  .bss                zero     0x2001fe48      0x2  main.o [1]
  .bss                zero     0x2001fe4a      0x2  main.o [1]
  .bss                zero     0x2001fe4c      0x2  main.o [1]
  .bss                zero     0x2001fe4e      0x2  main.o [1]
  .bss                zero     0x2001fe50      0x2  sta321mp.o [1]
  .bss                zero     0x2001fe52      0x2  usbd_audio_in.o [1]
  .bss                zero     0x2001fe54      0x2  waverecorder.o [1]
  .bss                zero     0x2001fe56      0x2  waverecorder.o [1]
  .bss                zero     0x2001fe58      0x2  waverecorder.o [1]
  .bss                zero     0x2001fe5a      0x2  waverecorder.o [1]
  .bss                zero     0x2001fe5c      0x2  waverecorder.o [1]
  .bss                zero     0x2001fe5e      0x2  waverecorder.o [1]
  .bss                zero     0x2001fe60      0x2  waverecorder.o [1]
  .bss                zero     0x2001fe62      0x2  waverecorder.o [1]
  .bss                zero     0x2001fe64      0x2  waverecorder.o [1]
  .bss                zero     0x2001fe66      0x2  waverecorder.o [1]
  .bss                zero     0x2001fe68      0x2  waverecorder.o [1]
  .bss                zero     0x2001fe6a      0x2  waverecorder.o [1]
  .bss                zero     0x2001fe6c      0x2  waverecorder.o [1]
  .bss                zero     0x2001fe6e      0x2  waverecorder.o [1]
  .bss                zero     0x2001fe70      0x2  waverecorder.o [1]
  .bss                zero     0x2001fe72      0x2  waverecorder.o [1]
  .bss                zero     0x2001fe74      0x2  waverecorder.o [1]
  .bss                zero     0x2001fe76      0x2  waverecorder.o [1]
  .bss                zero     0x2001fe78      0x2  waverecorder.o [1]
  .bss                zero     0x2001fe7a      0x1  audio_application.o [1]
  .bss                zero     0x2001fe7b      0x1  audio_codec.o [1]
  .bss                zero     0x2001fe7c      0x1  main.o [1]
  .bss                zero     0x2001fe7d      0x1  main.o [1]
  .bss                zero     0x2001fe7e      0x1  main.o [1]
  .bss                zero     0x2001fe7f      0x1  main.o [1]
  .bss                zero     0x2001fe80      0x1  main.o [1]
  .bss                zero     0x2001fe81      0x1  main.o [1]
  .bss                zero     0x2001fe82      0x1  usbd_ctlreq.o [1]
  .bss                zero     0x2001fe83      0x1  waverecorder.o [1]
  .bss                zero     0x2001fe84      0x1  waverecorder.o [1]
  .bss                zero     0x2001fe85      0x1  waverecorder.o [1]
  .bss                zero     0x2001fe86      0x1  waverecorder.o [1]
  .bss                zero     0x2001fe87      0x1  waverecorder.o [1]
  .bss                zero     0x2001fe88      0x1  waverecorder.o [1]
  .bss                zero     0x2001fe89      0x1  waverecorder.o [1]
  .bss                zero     0x2001fe8a      0x1  waverecorder.o [1]
  .bss                zero     0x2001fe8b      0x1  waverecorder.o [1]
  .bss                zero     0x2001fe8c      0x1  waverecorder.o [1]
  .bss                zero     0x2001fe8d      0x1  waverecorder.o [1]
  .bss                zero     0x2001fe8e      0x1  waverecorder.o [1]
                             - 0x2001fe8f   0xfa63

"P3", part 3 of 3:                          0x4000
  CSTACK                       0x2001fe90   0x2000  <Block>
    CSTACK            uninit   0x2001fe90   0x2000  <Block tail>
  HEAP                         0x20021e90   0x2000  <Block>
    HEAP              uninit   0x20021e90   0x2000  <Block tail>
                             - 0x20023e90   0x4000

Absolute sections:                         0x201e0
  .bss                zero     0xc0000000   0x80a0  waverecorder.o [1]
  .bss                zero     0xc00080a0   0x80a0  waverecorder.o [1]
  .bss                zero     0xc0010140   0x80a0  waverecorder.o [1]
  .bss                zero     0xc00181e0   0x4000  audio_application.o [1]
  .bss                zero     0xc001c1e0   0x4000  audio_application.o [1]
                             - 0xc00201e0  0x201e0


*******************************************************************************
*** INIT TABLE
***

          Address     Size
          -------     ----
Zero (__iar_zero_init3)
    2 destination ranges, total size 0x2fc43:
          0x2001042c   0xfa63
          0xc0000000  0x201e0

Copy (__iar_copy_init3)
    1 source range, total size 0x42c (100% of destination):
          0x0802a148    0x42c
    1 destination range, total size 0x429:
          0x20010000    0x429



*******************************************************************************
*** MODULE SUMMARY
***

    Module                       ro code  ro data  rw data  rw data
                                                             (abs)
    ------                       -------  -------  -------  -------
D:\sop1hc\Github\data\Mic_Array_V00\USB_STREAMING\Mic_Array\Projects\STM32746G\Applications\Audio\Mic_Array\EWARM\STM32F7\Obj: [1]
    DSP.o                            278                 4
    audio_application.o              624                 1   32 768
    audio_codec.o                  4 236        1      202
    main.o                         3 044        2    3 112
    sta321mp.o                     2 320      116      134
    startup_stm32f746xx.o            780
    stm32746g_discovery.o            280        8
    stm32746g_discovery_sdram.o      876        1      177
    stm32f7xx_hal.o                  124                 4
    stm32f7xx_hal_cortex.o           356
    stm32f7xx_hal_dma.o           14 684
    stm32f7xx_hal_gpio.o             620
    stm32f7xx_hal_i2c.o            2 776
    stm32f7xx_hal_i2c_ex.o           132
    stm32f7xx_hal_i2s.o              420
    stm32f7xx_hal_pcd.o            2 682
    stm32f7xx_hal_pcd_ex.o           152
    stm32f7xx_hal_pwr_ex.o           132
    stm32f7xx_hal_rcc.o            2 160       16
    stm32f7xx_hal_rcc_ex.o         2 208
    stm32f7xx_hal_sdram.o            172
    stm32f7xx_hal_spi.o            2 130
    stm32f7xx_hal_uart.o             874
    stm32f7xx_it.o                   124                 4
    stm32f7xx_ll_fmc.o               380
    stm32f7xx_ll_usb.o             3 408
    system_stm32f7xx.o               108        4        4
    usbd_audio_if.o                  128      168       36
    usbd_audio_in.o                2 760       68      674
    usbd_conf_f4.o                   848               960
    usbd_core.o                      838
    usbd_ctlreq.o                  1 630                 1
    usbd_desc.o                      232      208      252
    usbd_ioreq.o                     188
    waveplayer _CS43L22.o            152        1       65
    waverecorder.o                 6 676            58 250   98 784
    ---------------------------------------------------------------
    Total:                        59 532      593   63 880  131 552

command line: [2]
    ---------------------------------------------------------------
    Total:

dl7M_tlf.a: [3]
    XShttio.o                          8        8        8
    abort.o                            6
    abs.o                              8
    dlmalloc.o                     5 360               496
    errno.o                           12        4        4
    exit.o                             4
    low_level_init.o                   4
    xgetmemchunk.o                    44                 4
    xtls.o                             2
    ---------------------------------------------------------------
    Total:                         5 448       12      512

iar_cortexM7ls_math.a: [4]
    arm_cfft_radix4_init_f32.o       176
    arm_common_tables.o                    34 816
    arm_rfft_init_f32.o           32 888   32 768
    ---------------------------------------------------------------
    Total:                        33 064   67 584

libPDMFilter_CM7_IAR.a: [5]
    pdm_filter.o                   1 360      772      772
    ---------------------------------------------------------------
    Total:                         1 360      772      772

m7M_tls.a: [6]
    DblAdd.o                         232
    DblCmpEq.o                        32
    DblCmpGe.o                        46
    DblCmpLe.o                        46
    DblDiv.o                         598
    DblMul.o                         418
    DblSub.o                         384
    DblToFlt.o                       144
    DblToI32.o                        76
    FltCmpEq.o                        28
    FltCmpLe.o                        36
    FltMul.o                          18
    FltToDbl.o                        78
    I32ToDbl.o                        48
    U32ToFlt.o                        14
    fmod.o                           424
    fpinit_M.o                        34
    sqrt.o                           240
    xdint.o                          122
    xquad.o                          360
    xsin.o                         1 104
    ---------------------------------------------------------------
    Total:                         4 482

rt7M_tl.a: [7]
    ABImemcpy_unaligned.o            118
    ABImemset.o                      102
    cexit.o                           10
    cmain.o                           26
    copy_init3.o                      44
    cstartup_M.o                      12
    data_init.o                       40
    iarEdom.o                         12
    zero_init3.o                      64
    ---------------------------------------------------------------
    Total:                           428

shb_l.a: [8]
    exit.o                            20
    iarttio.o                         48
    ---------------------------------------------------------------
    Total:                            68

    Gaps                              34        4
    Linker created                             47   16 384
-------------------------------------------------------------------
    Grand Total:                 104 416   69 012   81 548  131 552


*******************************************************************************
*** ENTRY LIST
***

Entry                      Address    Size  Type      Object
-----                      -------    ----  ----      ------
.iar.init_table$$Base   0x08029f30           --   Gb  - Linker created -
.iar.init_table$$Limit  0x08029f5c           --   Gb  - Linker created -
?main                   0x08029f5d          Code  Gb  cmain.o [7]
APBAHBPrescTable        0x08029fa0    0x10  Data  Gb  stm32f7xx_hal_rcc.o [1]
AUDIO_Desc              0x200103d4    0x1c  Data  Gb  usbd_desc.o [1]
AUDIO_Init              0x0801ff59    0x38  Code  Gb  audio_codec.o [1]
AUDIO_InitApplication   0x0802317d     0xc  Code  Gb  waveplayer _CS43L22.o [1]
AUDIO_REQ_GetCurrent    0x080248f7    0x30  Code  Lc  usbd_audio_in.o [1]
AUDIO_REQ_GetMaximum    0x08024891    0x22  Code  Lc  usbd_audio_in.o [1]
AUDIO_REQ_GetMinimum    0x080248b3    0x22  Code  Lc  usbd_audio_in.o [1]
AUDIO_REQ_GetResolution
                        0x080248d5    0x22  Code  Lc  usbd_audio_in.o [1]
AUDIO_REQ_SetCurrent    0x08024927    0x34  Code  Lc  usbd_audio_in.o [1]
AudioPlayerUpd          0x08023599   0x222  Code  Gb  audio_application.o [1]
AudioUSBSend            0x08023569    0x30  Code  Gb  audio_application.o [1]
Audio_CommandMgr        0x08025cfd     0x6  Code  Lc  usbd_audio_if.o [1]
Audio_DeInit            0x08025ca7     0x6  Code  Lc  usbd_audio_if.o [1]
Audio_Init              0x08025ca1     0x6  Code  Lc  usbd_audio_if.o [1]
Audio_MAL_Play          0x08020b75    0xbc  Code  Gb  audio_codec.o [1]
Audio_MuteCtl           0x08025ceb     0x6  Code  Lc  usbd_audio_if.o [1]
Audio_Pause             0x08025cf5     0x4  Code  Lc  usbd_audio_if.o [1]
Audio_Play_Out          0x08021c23   0x12e  Code  Lc  main.o [1]
Audio_Record            0x08025cad     0x4  Code  Lc  usbd_audio_if.o [1]
Audio_Resume            0x08025cf9     0x4  Code  Lc  usbd_audio_if.o [1]
Audio_Stop              0x08025cf1     0x4  Code  Lc  usbd_audio_if.o [1]
Audio_VolumeCtl         0x08025cb1    0x3a  Code  Lc  usbd_audio_if.o [1]
BSP_AUDIO_OUT_ClockConfig
                        0x08021fe3    0x70  Code  Gb  main.o [1]
BSP_LED_Init            0x08023b45    0xc8  Code  Gb  stm32746g_discovery.o [1]
BSP_LED_Toggle          0x08023c0d    0x42  Code  Gb  stm32746g_discovery.o [1]
BSP_SDRAM_Init          0x080237d9    0xd6  Code  Gb  stm32746g_discovery_sdram.o [1]
BSP_SDRAM_Initialization_sequence
                        0x080238af    0xb0  Code  Gb  stm32746g_discovery_sdram.o [1]
BSP_SDRAM_MspInit       0x0802395f   0x1a8  Code  Wk  stm32746g_discovery_sdram.o [1]
Buffer1                 0xc0000000  0x80a0  Data  Gb  waverecorder.o [1]
Buffer2                 0xc00080a0  0x80a0  Data  Gb  waverecorder.o [1]
Buffer3                 0xc0010140  0x80a0  Data  Gb  waverecorder.o [1]
BusFault_Handler        0x08029d4f     0x2  Code  Gb  stm32f7xx_it.o [1]
ButtonInit              0x0802237b    0x4e  Code  Gb  main.o [1]
CPU_CACHE_Enable        0x08022053     0xc  Code  Lc  main.o [1]
CSTACK$$Base            0x2001fe90           --   Gb  - Linker created -
CSTACK$$Limit           0x20021e90           --   Gb  - Linker created -
Codec_AudioInterface_Init
                        0x08020ae1     0xc  Code  Lc  audio_codec.o [1]
Codec_CtrlInterface_Init
                        0x08020ad9     0x8  Code  Lc  audio_codec.o [1]
Codec_GPIO_Init         0x08020aed    0x40  Code  Lc  audio_codec.o [1]
Codec_Init              0x080208af    0xf6  Code  Lc  audio_codec.o [1]
Codec_ReadRegister      0x08020a75    0x64  Code  Lc  audio_codec.o [1]
Codec_Reset             0x08020a09    0x24  Code  Lc  audio_codec.o [1]
Codec_TIMEOUT_UserCallback
                        0x08023103     0x4  Code  Gb  waveplayer _CS43L22.o [1]
Codec_VolumeCtrl        0x080209a5    0x64  Code  Lc  audio_codec.o [1]
Codec_WriteRegister     0x08020a2f    0x3e  Code  Lc  audio_codec.o [1]
Command                 0x2001fe08    0x10  Data  Lc  stm32746g_discovery_sdram.o [1]
Command_index           0x20010426     0x1  Data  Gb  main.o [1]
CrssCor                 0x08023451    0xf6  Code  Gb  DSP.o [1]
DFT_Init                0x080221f9    0x72  Code  Gb  main.o [1]
DMA1_Stream0_IRQHandler
                        0x080208a3     0x2  Code  Gb  audio_codec.o [1]
DMA1_Stream7_IRQHandler
                        0x0801ff91   0x912  Code  Gb  audio_codec.o [1]
DMA2_Stream4_IRQHandler
                        0x08029dc1     0x2  Code  Gb  stm32f7xx_it.o [1]
DMA2_Stream5_IRQHandler
                        0x0801d713     0xc  Code  Gb  waverecorder.o [1]
DMA2_Stream6_IRQHandler
                        0x0801d71f     0xc  Code  Gb  waverecorder.o [1]
DMA2_Stream7_IRQHandler
                        0x08029dc3     0x2  Code  Gb  stm32f7xx_it.o [1]
DMA_SetConfig           0x08018af1    0x2e  Code  Gb  stm32f7xx_hal_dma.o [1]
DebugMon_Handler        0x08029d55     0x2  Code  Gb  stm32f7xx_it.o [1]
Delay                   0x08020b61    0x14  Code  Lc  audio_codec.o [1]
DmaHandle               0x2001fa10    0x50  Data  Gb  audio_codec.o [1]
EXTI15_10_IRQHandler    0x08022183     0x2  Code  Gb  main.o [1]
EXTI4_IRQHandler        0x08022145    0x3e  Code  Gb  main.o [1]
EXTI9_5_IRQHandler      0x08022185    0x74  Code  Gb  main.o [1]
EnergySound             0x2001fe18     0x4  Data  Gb  DSP.o [1]
FFT_Update              0x08021ac3   0x160  Code  Lc  main.o [1]
FMC_SDRAM_Init          0x08027e11    0x7c  Code  Gb  stm32f7xx_ll_fmc.o [1]
FMC_SDRAM_ProgramRefreshRate
                        0x08027f7f     0xe  Code  Gb  stm32f7xx_ll_fmc.o [1]
FMC_SDRAM_SendCommand   0x08027f2b    0x54  Code  Gb  stm32f7xx_ll_fmc.o [1]
FMC_SDRAM_Timing_Init   0x08027e8d    0x9e  Code  Gb  stm32f7xx_ll_fmc.o [1]
FacMic                  0x2001fcd8    0x18  Data  Gb  main.o [1]
FactorUpd               0x0802354d    0x1a  Code  Gb  DSP.o [1]
Filter                  0x2001f818    0x68  Data  Gb  waverecorder.o [1]
GPIO_INS                0x2001fd80    0x14  Data  Gb  main.o [1]
GPIO_PIN                0x0802a00c     0x8  Data  Gb  stm32746g_discovery.o [1]
HAL_DMA_DeInit          0x08018ba1   0xfe8  Code  Gb  stm32f7xx_hal_dma.o [1]
HAL_DMA_IRQHandler      0x08019c61  0x2798  Code  Gb  stm32f7xx_hal_dma.o [1]
HAL_DMA_Init            0x08018b1f    0x7c  Code  Gb  stm32f7xx_hal_dma.o [1]
HAL_DMA_Start_IT        0x08019bd9    0x86  Code  Gb  stm32f7xx_hal_dma.o [1]
HAL_Delay               0x0801ff37    0x1a  Code  Wk  stm32f7xx_hal.o [1]
HAL_GPIO_Init           0x0801de61   0x1f6  Code  Gb  stm32f7xx_hal_gpio.o [1]
HAL_GPIO_ReadPin        0x0801e057    0x18  Code  Gb  stm32f7xx_hal_gpio.o [1]
HAL_GPIO_TogglePin      0x0801e083     0xa  Code  Gb  stm32f7xx_hal_gpio.o [1]
HAL_GPIO_WritePin       0x0801e06f    0x14  Code  Gb  stm32f7xx_hal_gpio.o [1]
HAL_GetTick             0x0801ff31     0x6  Code  Wk  stm32f7xx_hal.o [1]
HAL_I2CEx_ConfigAnalogFilter
                        0x08023189    0x84  Code  Gb  stm32f7xx_hal_i2c_ex.o [1]
HAL_I2C_EV_IRQHandler   0x08022991   0x12e  Code  Gb  stm32f7xx_hal_i2c.o [1]
HAL_I2C_ErrorCallback   0x08022acb     0x2  Code  Wk  stm32f7xx_hal_i2c.o [1]
HAL_I2C_GetError        0x08022acd     0x4  Code  Gb  stm32f7xx_hal_i2c.o [1]
HAL_I2C_Init            0x08022619    0xbc  Code  Gb  stm32f7xx_hal_i2c.o [1]
HAL_I2C_MasterRxCpltCallback
                        0x08022ac1     0x2  Code  Wk  stm32f7xx_hal_i2c.o [1]
HAL_I2C_MasterTxCpltCallback
                        0x08022abf     0x2  Code  Wk  stm32f7xx_hal_i2c.o [1]
HAL_I2C_Master_Receive  0x08022833   0x158  Code  Gb  stm32f7xx_hal_i2c.o [1]
HAL_I2C_Master_Transmit
                        0x080226d5   0x15e  Code  Gb  stm32f7xx_hal_i2c.o [1]
HAL_I2C_MemRxCpltCallback
                        0x08022ac9     0x2  Code  Wk  stm32f7xx_hal_i2c.o [1]
HAL_I2C_MemTxCpltCallback
                        0x08022ac7     0x2  Code  Wk  stm32f7xx_hal_i2c.o [1]
HAL_I2C_MspInit         0x0802205f    0xe6  Code  Gb  main.o [1]
HAL_I2C_SlaveRxCpltCallback
                        0x08022ac5     0x2  Code  Wk  stm32f7xx_hal_i2c.o [1]
HAL_I2C_SlaveTxCpltCallback
                        0x08022ac3     0x2  Code  Wk  stm32f7xx_hal_i2c.o [1]
HAL_I2S_Init            0x0801ee71   0x126  Code  Gb  stm32f7xx_hal_i2s.o [1]
HAL_I2S_MspInit         0x08020c55   0x2f0  Code  Gb  audio_codec.o [1]
HAL_I2S_TxCpltCallback  0x08022435     0xa  Code  Gb  main.o [1]
HAL_IncTick             0x0801ff25     0xc  Code  Wk  stm32f7xx_hal.o [1]
HAL_Init                0x0801fedd    0x22  Code  Gb  stm32f7xx_hal.o [1]
HAL_InitTick            0x0801ff01    0x24  Code  Wk  stm32f7xx_hal.o [1]
HAL_MspInit             0x0801feff     0x2  Code  Wk  stm32f7xx_hal.o [1]
HAL_NVIC_DisableIRQ     0x0801f139     0xe  Code  Gb  stm32f7xx_hal_cortex.o [1]
HAL_NVIC_EnableIRQ      0x0801f12b     0xe  Code  Gb  stm32f7xx_hal_cortex.o [1]
HAL_NVIC_SetPriority    0x0801f105    0x26  Code  Gb  stm32f7xx_hal_cortex.o [1]
HAL_NVIC_SetPriorityGrouping
                        0x0801f0f9     0xc  Code  Gb  stm32f7xx_hal_cortex.o [1]
HAL_PCDEx_ActivateLPM   0x08028aab    0x28  Code  Gb  stm32f7xx_hal_pcd_ex.o [1]
HAL_PCDEx_LPM_Callback  0x08028ad3     0x2  Code  Wk  stm32f7xx_hal_pcd_ex.o [1]
HAL_PCDEx_SetRxFiFo     0x08028a9f     0xc  Code  Gb  stm32f7xx_hal_pcd_ex.o [1]
HAL_PCDEx_SetTxFiFo     0x08028a3d    0x62  Code  Gb  stm32f7xx_hal_pcd_ex.o [1]
HAL_PCD_ConnectCallback
                        0x08027445     0xe  Code  Gb  usbd_conf_f4.o [1]
HAL_PCD_DataInStageCallback
                        0x0802739d    0x1e  Code  Gb  usbd_conf_f4.o [1]
HAL_PCD_DataOutStageCallback
                        0x0802737d    0x20  Code  Gb  usbd_conf_f4.o [1]
HAL_PCD_DisconnectCallback
                        0x08027453     0xe  Code  Gb  usbd_conf_f4.o [1]
HAL_PCD_EP_Close        0x080286ff    0x62  Code  Gb  stm32f7xx_hal_pcd.o [1]
HAL_PCD_EP_ClrStall     0x080288d9    0x62  Code  Gb  stm32f7xx_hal_pcd.o [1]
HAL_PCD_EP_Flush        0x0802893b    0x3c  Code  Gb  stm32f7xx_hal_pcd.o [1]
HAL_PCD_EP_Open         0x08028665    0x9a  Code  Gb  stm32f7xx_hal_pcd.o [1]
HAL_PCD_EP_Receive      0x08028761    0x82  Code  Gb  stm32f7xx_hal_pcd.o [1]
HAL_PCD_EP_SetStall     0x08028863    0x76  Code  Gb  stm32f7xx_hal_pcd.o [1]
HAL_PCD_EP_Transmit     0x080287e3    0x80  Code  Gb  stm32f7xx_hal_pcd.o [1]
HAL_PCD_IRQHandler      0x08028117   0x522  Code  Gb  stm32f7xx_hal_pcd.o [1]
HAL_PCD_ISOINIncompleteCallback
                        0x08027431    0x14  Code  Gb  usbd_conf_f4.o [1]
HAL_PCD_ISOOUTIncompleteCallback
                        0x0802741d    0x14  Code  Gb  usbd_conf_f4.o [1]
HAL_PCD_Init            0x08027fc1   0x12a  Code  Gb  stm32f7xx_hal_pcd.o [1]
HAL_PCD_MspInit         0x080272e3    0x88  Code  Gb  usbd_conf_f4.o [1]
HAL_PCD_ResetCallback   0x080273c9    0x38  Code  Gb  usbd_conf_f4.o [1]
HAL_PCD_ResumeCallback  0x0802740f     0xe  Code  Gb  usbd_conf_f4.o [1]
HAL_PCD_SOFCallback     0x080273bb     0xe  Code  Gb  usbd_conf_f4.o [1]
HAL_PCD_SetAddress      0x08028639    0x2c  Code  Gb  stm32f7xx_hal_pcd.o [1]
HAL_PCD_SetupStageCallback
                        0x0802736b    0x12  Code  Gb  usbd_conf_f4.o [1]
HAL_PCD_Start           0x080280eb    0x2c  Code  Gb  stm32f7xx_hal_pcd.o [1]
HAL_PCD_SuspendCallback
                        0x08027401     0xe  Code  Gb  usbd_conf_f4.o [1]
HAL_PWREx_EnableOverDrive
                        0x0802537d    0x76  Code  Gb  stm32f7xx_hal_pwr_ex.o [1]
HAL_RCCEx_GetPeriphCLKConfig
                        0x08025aa9   0x1c6  Code  Gb  stm32f7xx_hal_rcc_ex.o [1]
HAL_RCCEx_PeriphCLKConfig
                        0x08025401   0x6a8  Code  Gb  stm32f7xx_hal_rcc_ex.o [1]
HAL_RCC_ClockConfig     0x080216dd   0x256  Code  Gb  stm32f7xx_hal_rcc.o [1]
HAL_RCC_GetHCLKFreq     0x080219d7    0x28  Code  Gb  stm32f7xx_hal_rcc.o [1]
HAL_RCC_GetSysClockFreq
                        0x08021933    0xa4  Code  Gb  stm32f7xx_hal_rcc.o [1]
HAL_RCC_OscConfig       0x080211c5   0x518  Code  Gb  stm32f7xx_hal_rcc.o [1]
HAL_SDRAM_Init          0x08025d21    0x44  Code  Gb  stm32f7xx_hal_sdram.o [1]
HAL_SDRAM_MspInit       0x08025d65     0x2  Code  Wk  stm32f7xx_hal_sdram.o [1]
HAL_SDRAM_ProgramRefreshRate
                        0x08025da3    0x2a  Code  Gb  stm32f7xx_hal_sdram.o [1]
HAL_SDRAM_SendCommand   0x08025d67    0x3c  Code  Gb  stm32f7xx_hal_sdram.o [1]
HAL_SPI_ErrorCallback   0x0801ea59     0x2  Code  Wk  stm32f7xx_hal_spi.o [1]
HAL_SPI_Init            0x0801e61d    0xd8  Code  Gb  stm32f7xx_hal_spi.o [1]
HAL_SPI_MspInit         0x0801d0fd   0x5ca  Code  Gb  waverecorder.o [1]
HAL_SPI_Receive_DMA     0x0801e6f5   0x14c  Code  Gb  stm32f7xx_hal_spi.o [1]
HAL_SPI_RxCpltCallback  0x0801d741    0xb4  Code  Gb  waverecorder.o [1]
HAL_SPI_RxHalfCpltCallback
                        0x0801ea55     0x2  Code  Wk  stm32f7xx_hal_spi.o [1]
HAL_SPI_TransmitReceive_DMA
                        0x0801e841   0x212  Code  Gb  stm32f7xx_hal_spi.o [1]
HAL_SPI_TxRxCpltCallback
                        0x0801ea53     0x2  Code  Wk  stm32f7xx_hal_spi.o [1]
HAL_SPI_TxRxHalfCpltCallback
                        0x0801ea57     0x2  Code  Wk  stm32f7xx_hal_spi.o [1]
HAL_SYSTICK_Config      0x0801f147     0xc  Code  Gb  stm32f7xx_hal_cortex.o [1]
HAL_UART_ErrorCallback  0x08029a4b     0x2  Code  Wk  stm32f7xx_hal_uart.o [1]
HAL_UART_IRQHandler     0x08029871    0xf8  Code  Gb  stm32f7xx_hal_uart.o [1]
HAL_UART_RxCpltCallback
                        0x08029a49     0x2  Code  Wk  stm32f7xx_hal_uart.o [1]
HAL_UART_TxCpltCallback
                        0x08029a47     0x2  Code  Wk  stm32f7xx_hal_uart.o [1]
HEAP$$Base              0x20021e90           --   Gb  - Linker created -
HEAP$$Limit             0x20023e90           --   Gb  - Linker created -
HardFault_Handler       0x08029d4b     0x2  Code  Gb  stm32f7xx_it.o [1]
I2C1_EV_IRQHandler      0x08029d8b     0xa  Code  Gb  stm32f7xx_it.o [1]
I2C2_EV_IRQHandler      0x08029d95     0xa  Code  Gb  stm32f7xx_it.o [1]
I2C_IsAcknowledgeFailed
                        0x0802301f    0x9e  Code  Lc  stm32f7xx_hal_i2c.o [1]
I2C_MasterReceive_ISR   0x08022c25   0x152  Code  Lc  stm32f7xx_hal_i2c.o [1]
I2C_MasterTransmit_ISR  0x08022ad1   0x152  Code  Lc  stm32f7xx_hal_i2c.o [1]
I2C_SlaveReceive_ISR    0x08022e39    0xae  Code  Lc  stm32f7xx_hal_i2c.o [1]
I2C_SlaveTransmit_ISR   0x08022d77    0xc2  Code  Lc  stm32f7xx_hal_i2c.o [1]
I2C_TransferConfig      0x080230bd    0x2a  Code  Lc  stm32f7xx_hal_i2c.o [1]
I2C_WaitOnFlagUntilTimeout
                        0x08022eed    0x8e  Code  Lc  stm32f7xx_hal_i2c.o [1]
I2C_WaitOnSTOPFlagUntilTimeout
                        0x08022fcf    0x50  Code  Lc  stm32f7xx_hal_i2c.o [1]
I2C_WaitOnTXISFlagUntilTimeout
                        0x08022f7b    0x54  Code  Lc  stm32f7xx_hal_i2c.o [1]
I2S1_Init               0x0801cdaf    0x5e  Code  Lc  waverecorder.o [1]
I2S2_Init               0x0801ce0d    0x5e  Code  Lc  waverecorder.o [1]
I2S2_idxTmp             0x2001fe34     0x2  Data  Gb  main.o [1]
I2S2_stNipple           0x2001fe70     0x2  Data  Gb  waverecorder.o [1]
I2S3_Init               0x08023107    0x68  Code  Gb  waveplayer _CS43L22.o [1]
I2S_GetClockFreq        0x0801ef97    0x66  Code  Lc  stm32f7xx_hal_i2s.o [1]
IS                      0x2001fd50    0x18  Data  Gb  main.o [1]
ISS                     0x2001fde4    0x14  Data  Gb  main.o [1]
IsocInBuffDummy         0x2001f3e8   0x180  Data  Lc  usbd_audio_in.o [1]
MIC1TO6_Init            0x0801cd0f    0x6c  Code  Gb  waverecorder.o [1]
MX_I2C1_Init            0x08020f49    0x48  Code  Gb  audio_codec.o [1]
MX_I2C2_Init            0x080223c9    0x50  Code  Gb  main.o [1]
MemManage_Handler       0x08029d4d     0x2  Code  Gb  stm32f7xx_it.o [1]
NMI_Handler             0x08029d49     0x2  Code  Gb  stm32f7xx_it.o [1]
NVIC_DisableIRQ         0x0801f051    0x14  Code  Lc  stm32f7xx_hal_cortex.o [1]
NVIC_EnableIRQ          0x0801f03d    0x14  Code  Lc  stm32f7xx_hal_cortex.o [1]
NVIC_EncodePriority     0x0801f08b    0x3e  Code  Lc  stm32f7xx_hal_cortex.o [1]
NVIC_GetPriorityGrouping
                        0x0801f033     0xa  Code  Lc  stm32f7xx_hal_cortex.o [1]
NVIC_SetPriority        0x0801f065    0x26  Code  Lc  stm32f7xx_hal_cortex.o [1]
NVIC_SetPriority        0x080272bd    0x26  Code  Lc  usbd_conf_f4.o [1]
NVIC_SetPriorityGrouping
                        0x0801f015    0x1e  Code  Lc  stm32f7xx_hal_cortex.o [1]
OTG_FS_IRQHandler       0x08029d9f     0xa  Code  Gb  stm32f7xx_it.o [1]
OutputDev               0x2001fe7b     0x1  Data  Gb  audio_codec.o [1]
PCD_WriteEmptyTxFifo    0x08028977    0xc4  Code  Lc  stm32f7xx_hal_pcd.o [1]
PCM_Buffer1             0xc00181e0  0x4000  Data  Gb  audio_application.o [1]
PCM_Buffer2             0xc001c1e0  0x4000  Data  Gb  audio_application.o [1]
PDM2PCMSDO78            0x0801d831   0x5c8  Code  Gb  waverecorder.o [1]
PDM_Filter_64_LSB       0x0801e2cd   0x31e  Code  Gb  pdm_filter.o [5]
PDM_Filter_Init         0x0801e0cd   0x1fe  Code  Gb  pdm_filter.o [5]
PendSV_Handler          0x08029d57     0x2  Code  Gb  stm32f7xx_it.o [1]
Region$$Table$$Base     0x08029f30           --   Gb  - Linker created -
Region$$Table$$Limit    0x08029f5c           --   Gb  - Linker created -
S1                      0x2001fcf0    0x18  Data  Gb  main.o [1]
S2                      0x2001fd08    0x18  Data  Gb  main.o [1]
S3                      0x2001fd20    0x18  Data  Gb  main.o [1]
S4                      0x2001fd38    0x18  Data  Gb  main.o [1]
SCB_EnableDCache        0x08021a5f    0x64  Code  Lc  main.o [1]
SCB_EnableICache        0x08021a35    0x2a  Code  Lc  main.o [1]
SPI1_IRQHandler         0x0801c44d   0x202  Code  Gb  waverecorder.o [1]
SPI1_stNipple           0x2001fe6e     0x2  Data  Gb  waverecorder.o [1]
SPI2_IRQHandler         0x0801c64f   0x1f6  Code  Gb  waverecorder.o [1]
SPI3_IRQHandler         0x080208a5     0xa  Code  Gb  audio_codec.o [1]
SPI4_IRQHandler         0x0801c845   0x2fe  Code  Gb  waverecorder.o [1]
SPI4_Init               0x0801ce71    0x7e  Code  Gb  waverecorder.o [1]
SPI4_stNipple           0x2001fe72     0x2  Data  Gb  waverecorder.o [1]
SPI4_stPosShft          0x2001fe88     0x1  Data  Gb  waverecorder.o [1]
SPI5_IRQHandler         0x0801cb43    0xec  Code  Gb  waverecorder.o [1]
SPI5_Init               0x0801cef9    0xfe  Code  Gb  waverecorder.o [1]
SPI6_IRQHandler         0x0801cc2f    0xe0  Code  Gb  waverecorder.o [1]
SPI6_Init               0x0801d011    0x7c  Code  Gb  waverecorder.o [1]
SPI_DMAError            0x0801ec31    0x28  Code  Lc  stm32f7xx_hal_spi.o [1]
SPI_DMAHalfReceiveCplt  0x0801ec11     0xe  Code  Lc  stm32f7xx_hal_spi.o [1]
SPI_DMAHalfTransmitReceiveCplt
                        0x0801ec21     0xe  Code  Lc  stm32f7xx_hal_spi.o [1]
SPI_DMAReceiveCplt      0x0801ea5d    0xe4  Code  Lc  stm32f7xx_hal_spi.o [1]
SPI_DMATransmitReceiveCplt
                        0x0801eb41    0xd0  Code  Lc  stm32f7xx_hal_spi.o [1]
SPI_EndRxTransaction    0x0801eda5    0x68  Code  Lc  stm32f7xx_hal_spi.o [1]
SPI_EndRxTxTransaction  0x0801ee0d    0x62  Code  Lc  stm32f7xx_hal_spi.o [1]
SPI_I2S_ReceiveData     0x0801d70d     0x6  Code  Lc  waverecorder.o [1]
SPI_WaitFifoStateUntilTimeout
                        0x0801ecf3    0xb2  Code  Lc  stm32f7xx_hal_spi.o [1]
SPI_WaitFlagStateUntilTimeout
                        0x0801ec59    0x9a  Code  Lc  stm32f7xx_hal_spi.o [1]
SS1                     0x2001fd94    0x14  Data  Gb  main.o [1]
SS2                     0x2001fda8    0x14  Data  Gb  main.o [1]
SS3                     0x2001fdbc    0x14  Data  Gb  main.o [1]
SS4                     0x2001fdd0    0x14  Data  Gb  main.o [1]
STA321MP_DefautLoad     0x0802450f    0x2c  Code  Lc  sta321mp.o [1]
STA321MP_Ini            0x08023c5d   0x254  Code  Gb  sta321mp.o [1]
STACoefSet              0x08023f0d   0x332  Code  Gb  sta321mp.o [1]
SVC_Handler             0x08029d53     0x2  Code  Gb  stm32f7xx_it.o [1]
Send_Audio_to_USB       0x08025d03    0x14  Code  Gb  usbd_audio_if.o [1]
SetCoefValue            0x080242ed    0x6a  Code  Gb  sta321mp.o [1]
StartPlay               0x0802243f    0x8e  Code  Gb  main.o [1]
StartRecMic7_8          0x0801cd7b    0x34  Code  Gb  waverecorder.o [1]
SumDelay                0x0802226b   0x110  Code  Gb  main.o [1]
SysTick_Config          0x0801f0c9    0x30  Code  Lc  stm32f7xx_hal_cortex.o [1]
SysTick_Handler         0x08029d59    0x26  Code  Gb  stm32f7xx_it.o [1]
SystemClock_Config      0x08021f33    0xb0  Code  Lc  main.o [1]
SystemCoreClock         0x20010418     0x4  Data  Gb  system_stm32f7xx.o [1]
SystemInit              0x08029dc5    0x4c  Code  Gb  system_stm32f7xx.o [1]
T0                      0x20010004   0x100  Data  Gb  pdm_filter.o [5]
T1                      0x20010104   0x100  Data  Gb  pdm_filter.o [5]
T2                      0x20010204   0x100  Data  Gb  pdm_filter.o [5]
TestSDO12               0x2001042c  0x2000  Data  Gb  waverecorder.o [1]
TestSDO34               0x2001242c  0x2000  Data  Gb  waverecorder.o [1]
TestSDO56               0x2001442c  0x2000  Data  Gb  waverecorder.o [1]
TestSDO7                0x2001642c  0x2000  Data  Gb  waverecorder.o [1]
TestSDO7_1              0x2001a42c  0x2000  Data  Gb  waverecorder.o [1]
TestSDO8                0x2001842c  0x2000  Data  Gb  waverecorder.o [1]
TestSDO8_1              0x2001c42c  0x2000  Data  Gb  waverecorder.o [1]
Timing                  0x2001fcbc    0x1c  Data  Lc  stm32746g_discovery_sdram.o [1]
UART_EndTransmit_IT     0x08029af9    0x3c  Code  Lc  stm32f7xx_hal_uart.o [1]
UART_Receive_IT         0x08029b35    0xa6  Code  Lc  stm32f7xx_hal_uart.o [1]
UART_Transmit_IT        0x08029a4d    0xac  Code  Lc  stm32f7xx_hal_uart.o [1]
UART_WaitOnFlagUntilTimeout
                        0x08029969    0xde  Code  Gb  stm32f7xx_hal_uart.o [1]
USART3_IRQHandler       0x08029d81     0xa  Code  Gb  stm32f7xx_it.o [1]
USART6_IRQHandler       0x08029d7f     0x2  Code  Gb  stm32f7xx_it.o [1]
USBD_AUDIO              0x20010354    0x38  Data  Gb  usbd_audio_in.o [1]
USBD_AUDIO_CfgDesc      0x2001f730    0x78  Data  Lc  usbd_audio_in.o [1]
USBD_AUDIO_ConfigStrDescriptor
                        0x08029c51    0x26  Code  Gb  usbd_desc.o [1]
USBD_AUDIO_DataIn       0x08024701   0x122  Code  Lc  usbd_audio_in.o [1]
USBD_AUDIO_DataOut      0x0802487f     0x6  Code  Lc  usbd_audio_in.o [1]
USBD_AUDIO_Data_Transfer
                        0x0802495b   0x186  Code  Gb  usbd_audio_in.o [1]
USBD_AUDIO_DeInit       0x080245eb    0x2c  Code  Lc  usbd_audio_in.o [1]
USBD_AUDIO_DeviceDescriptor
                        0x08029bdd     0xa  Code  Gb  usbd_desc.o [1]
USBD_AUDIO_DeviceQualifierDesc
                        0x20010404     0xc  Data  Lc  usbd_audio_in.o [1]
USBD_AUDIO_EP0_RxReady  0x08024823    0x44  Code  Lc  usbd_audio_in.o [1]
USBD_AUDIO_EP0_TxReady  0x08024867     0x6  Code  Lc  usbd_audio_in.o [1]
USBD_AUDIO_GetCfgDesc   0x080246f5     0xc  Code  Lc  usbd_audio_in.o [1]
USBD_AUDIO_GetDeviceQualifierDesc
                        0x08024885     0xc  Code  Lc  usbd_audio_in.o [1]
USBD_AUDIO_Init         0x0802456d    0x7e  Code  Lc  usbd_audio_in.o [1]
USBD_AUDIO_Init_Microphone_Descriptor
                        0x08024aef   0x52e  Code  Gb  usbd_audio_in.o [1]
USBD_AUDIO_InterfaceStrDescriptor
                        0x08029c77    0x26  Code  Gb  usbd_desc.o [1]
USBD_AUDIO_IsoINIncomplete
                        0x08024873     0x6  Code  Lc  usbd_audio_in.o [1]
USBD_AUDIO_IsoOutIncomplete
                        0x08024879     0x6  Code  Lc  usbd_audio_in.o [1]
USBD_AUDIO_LangIDStrDescriptor
                        0x08029be7     0xa  Code  Gb  usbd_desc.o [1]
USBD_AUDIO_ManufacturerStrDescriptor
                        0x08029c17    0x14  Code  Gb  usbd_desc.o [1]
USBD_AUDIO_ProductStrDescriptor
                        0x08029bf1    0x26  Code  Gb  usbd_desc.o [1]
USBD_AUDIO_RegisterInterface
                        0x08024ae1     0xe  Code  Gb  usbd_audio_in.o [1]
USBD_AUDIO_SOF          0x0802486d     0x6  Code  Lc  usbd_audio_in.o [1]
USBD_AUDIO_SerialStrDescriptor
                        0x08029c2b    0x26  Code  Gb  usbd_desc.o [1]
USBD_AUDIO_Setup        0x08024617    0xde  Code  Lc  usbd_audio_in.o [1]
USBD_AUDIO_fops         0x200103b0    0x24  Data  Gb  usbd_audio_if.o [1]
USBD_ClrClassConfig     0x080250c7    0x18  Code  Gb  usbd_core.o [1]
USBD_ClrFeature         0x08027b97    0x3a  Code  Lc  usbd_ctlreq.o [1]
USBD_CtlContinueRx      0x08027cd9    0x1a  Code  Gb  usbd_ioreq.o [1]
USBD_CtlContinueSendData
                        0x08027c93    0x1a  Code  Gb  usbd_ioreq.o [1]
USBD_CtlError           0x08027bf9    0x18  Code  Gb  usbd_ctlreq.o [1]
USBD_CtlPrepareRx       0x08027cad    0x2c  Code  Gb  usbd_ioreq.o [1]
USBD_CtlReceiveStatus   0x08027d0d    0x1a  Code  Gb  usbd_ioreq.o [1]
USBD_CtlSendData        0x08027c6b    0x28  Code  Gb  usbd_ioreq.o [1]
USBD_CtlSendStatus      0x08027cf3    0x1a  Code  Gb  usbd_ioreq.o [1]
USBD_GetConfig          0x08027ae9    0x4c  Code  Lc  usbd_ctlreq.o [1]
USBD_GetDescriptor      0x08027845   0x164  Code  Lc  usbd_ctlreq.o [1]
USBD_GetLen             0x08027c57    0x14  Code  Lc  usbd_ctlreq.o [1]
USBD_GetStatus          0x08027b35    0x3c  Code  Lc  usbd_ctlreq.o [1]
USBD_GetString          0x08027c11    0x46  Code  Gb  usbd_ctlreq.o [1]
USBD_Init               0x08025035    0x38  Code  Gb  usbd_core.o [1]
USBD_LL_ClearStallEP    0x08027571    0x16  Code  Gb  usbd_conf_f4.o [1]
USBD_LL_CloseEP         0x0802752f    0x16  Code  Gb  usbd_conf_f4.o [1]
USBD_LL_DataInStage     0x080251d7    0xe2  Code  Gb  usbd_core.o [1]
USBD_LL_DataOutStage    0x08025149    0x8e  Code  Gb  usbd_core.o [1]
USBD_LL_DevConnected    0x08025359     0x6  Code  Gb  usbd_core.o [1]
USBD_LL_DevDisconnected
                        0x0802535f    0x1c  Code  Gb  usbd_core.o [1]
USBD_LL_FlushEP         0x08027545    0x16  Code  Gb  usbd_conf_f4.o [1]
USBD_LL_Init            0x08027461    0x7e  Code  Gb  usbd_conf_f4.o [1]
USBD_LL_IsStallEP       0x08027587    0x30  Code  Gb  usbd_conf_f4.o [1]
USBD_LL_IsoINIncomplete
                        0x0802534d     0x6  Code  Gb  usbd_core.o [1]
USBD_LL_IsoOUTIncomplete
                        0x08025353     0x6  Code  Gb  usbd_core.o [1]
USBD_LL_OpenEP          0x0802750d    0x22  Code  Gb  usbd_conf_f4.o [1]
USBD_LL_PrepareReceive  0x080275ed    0x20  Code  Gb  usbd_conf_f4.o [1]
USBD_LL_Reset           0x080252b9    0x46  Code  Gb  usbd_core.o [1]
USBD_LL_Resume          0x0802531b     0xe  Code  Gb  usbd_core.o [1]
USBD_LL_SOF             0x08025329    0x24  Code  Gb  usbd_core.o [1]
USBD_LL_SetSpeed        0x080252ff     0x8  Code  Gb  usbd_core.o [1]
USBD_LL_SetUSBAddress   0x080275b7    0x16  Code  Gb  usbd_conf_f4.o [1]
USBD_LL_SetupStage      0x080250df    0x6a  Code  Gb  usbd_core.o [1]
USBD_LL_StallEP         0x0802755b    0x16  Code  Gb  usbd_conf_f4.o [1]
USBD_LL_Start           0x080274fd    0x10  Code  Gb  usbd_conf_f4.o [1]
USBD_LL_Suspend         0x08025307    0x14  Code  Gb  usbd_core.o [1]
USBD_LL_Transmit        0x080275cd    0x20  Code  Gb  usbd_conf_f4.o [1]
USBD_LangIDDesc         0x2001041c     0x4  Data  Gb  usbd_desc.o [1]
USBD_ParseSetupRequest  0x08027bd1    0x28  Code  Gb  usbd_ctlreq.o [1]
USBD_RegisterClass      0x0802506d    0x1a  Code  Gb  usbd_core.o [1]
USBD_RunTestMode        0x08025095     0x6  Code  Gb  usbd_core.o [1]
USBD_SetAddress         0x080279a9    0x60  Code  Lc  usbd_ctlreq.o [1]
USBD_SetClassConfig     0x0802509b    0x2c  Code  Gb  usbd_core.o [1]
USBD_SetConfig          0x08027a09    0xda  Code  Lc  usbd_ctlreq.o [1]
USBD_SetFeature         0x08027b71    0x26  Code  Lc  usbd_ctlreq.o [1]
USBD_Start              0x08025087     0xe  Code  Gb  usbd_core.o [1]
USBD_StdDevReq          0x0802760d    0x7c  Code  Gb  usbd_ctlreq.o [1]
USBD_StdEPReq           0x080276d5   0x170  Code  Gb  usbd_ctlreq.o [1]
USBD_StdItfReq          0x08027689    0x4c  Code  Gb  usbd_ctlreq.o [1]
USBD_StrDesc            0x2001f568    0xc8  Data  Gb  usbd_desc.o [1]
USB_ActivateEndpoint    0x08028e11    0xc4  Code  Gb  stm32f7xx_ll_usb.o [1]
USB_ActivateSetup       0x08029753    0x44  Code  Gb  stm32f7xx_ll_usb.o [1]
USB_CoreInit            0x08028ae9    0x6e  Code  Gb  stm32f7xx_ll_usb.o [1]
USB_CoreReset           0x080297ef    0x38  Code  Lc  stm32f7xx_ll_usb.o [1]
USB_DeactivateEndpoint  0x08028ed5    0xaa  Code  Gb  stm32f7xx_ll_usb.o [1]
USB_DevConnect          0x08029687    0x1e  Code  Gb  stm32f7xx_ll_usb.o [1]
USB_DevDisconnect       0x080296a5    0x1e  Code  Gb  stm32f7xx_ll_usb.o [1]
USB_DevInit             0x08028ba9   0x1c0  Code  Gb  stm32f7xx_ll_usb.o [1]
USB_DisableGlobalInt    0x08028b65     0xe  Code  Gb  stm32f7xx_ll_usb.o [1]
USB_EP0StartXfer        0x080292c9   0x1ec  Code  Gb  stm32f7xx_ll_usb.o [1]
USB_EP0_OutStart        0x08029797    0x58  Code  Gb  stm32f7xx_ll_usb.o [1]
USB_EPClearStall        0x080295c5    0x96  Code  Gb  stm32f7xx_ll_usb.o [1]
USB_EPSetStall          0x08029527    0x9e  Code  Gb  stm32f7xx_ll_usb.o [1]
USB_EPStartXfer         0x08028f7f   0x342  Code  Gb  stm32f7xx_ll_usb.o [1]
USB_EnableGlobalInt     0x08028b57     0xe  Code  Gb  stm32f7xx_ll_usb.o [1]
USB_FlushRxFifo         0x08028d8d    0x20  Code  Gb  stm32f7xx_ll_usb.o [1]
USB_FlushTxFifo         0x08028d69    0x24  Code  Gb  stm32f7xx_ll_usb.o [1]
USB_GetDevSpeed         0x08028dc3    0x4e  Code  Gb  stm32f7xx_ll_usb.o [1]
USB_GetMode             0x0802974b     0x8  Code  Gb  stm32f7xx_ll_usb.o [1]
USB_ReadDevAllInEpInterrupt
                        0x080296e7    0x16  Code  Gb  stm32f7xx_ll_usb.o [1]
USB_ReadDevAllOutEpInterrupt
                        0x080296d1    0x16  Code  Gb  stm32f7xx_ll_usb.o [1]
USB_ReadDevInEPInterrupt
                        0x08029717    0x34  Code  Gb  stm32f7xx_ll_usb.o [1]
USB_ReadDevOutEPInterrupt
                        0x080296fd    0x1a  Code  Gb  stm32f7xx_ll_usb.o [1]
USB_ReadInterrupts      0x080296c3     0xe  Code  Gb  stm32f7xx_ll_usb.o [1]
USB_ReadPacket          0x080294fb    0x2c  Code  Gb  stm32f7xx_ll_usb.o [1]
USB_SetCurrentMode      0x08028b73    0x36  Code  Gb  stm32f7xx_ll_usb.o [1]
USB_SetDevAddress       0x0802965b    0x2c  Code  Gb  stm32f7xx_ll_usb.o [1]
USB_SetDevSpeed         0x08028dad    0x16  Code  Gb  stm32f7xx_ll_usb.o [1]
USB_WritePacket         0x080294b5    0x46  Code  Gb  stm32f7xx_ll_usb.o [1]
UsageFault_Handler      0x08029d51     0x2  Code  Gb  stm32f7xx_it.o [1]
VOL_CUR                 0x2001fe52     0x2  Data  Lc  usbd_audio_in.o [1]
Volume                  0x20010424     0x1  Data  Gb  audio_codec.o [1]
WavePlayerInit          0x080230f1    0x12  Code  Gb  waveplayer _CS43L22.o [1]
WaveRec_idxSens1        0x2001fe36     0x2  Data  Gb  main.o [1]
WaveRec_idxSens2        0x2001fe38     0x2  Data  Gb  main.o [1]
WaveRec_idxSens3        0x2001fe32     0x2  Data  Gb  main.o [1]
WaveRec_idxSens4        0x2001fe30     0x2  Data  Gb  main.o [1]
WaveRec_idxSens5        0x2001fe3a     0x2  Data  Gb  main.o [1]
WaveRec_idxSens6        0x2001fe3c     0x2  Data  Gb  main.o [1]
WaveRec_idxTest         0x2001fe58     0x2  Data  Gb  waverecorder.o [1]
WaveRecord_flgIni       0x2001fe83     0x1  Data  Gb  waverecorder.o [1]
WaveRecord_flgSDO7Finish
                        0x2001fe86     0x1  Data  Gb  waverecorder.o [1]
WaveRecord_flgSDO8Finish
                        0x2001fe87     0x1  Data  Gb  waverecorder.o [1]
WriteCoef               0x0802423f    0xae  Code  Gb  sta321mp.o [1]
WriteSTAByte            0x08023eb1    0x5c  Code  Gb  sta321mp.o [1]
__aeabi_cdcmpeq         0x08023289          Code  Gb  DblCmpEq.o [6]
__aeabi_cdcmple         0x08020fe5          Code  Gb  DblCmpLe.o [6]
__aeabi_cdrcmple        0x08021015          Code  Gb  DblCmpGe.o [6]
__aeabi_cfcmpeq         0x0801f179          Code  Gb  FltCmpEq.o [6]
__aeabi_cfcmple         0x0801f1a5          Code  Gb  FltCmpLe.o [6]
__aeabi_d2f             0x0801f78d          Code  Gb  DblToFlt.o [6]
__aeabi_d2iz            0x0801f59d          Code  Gb  DblToI32.o [6]
__aeabi_dadd            0x0801f4b5          Code  Gb  DblAdd.o [6]
__aeabi_ddiv            0x0801f25d          Code  Gb  DblDiv.o [6]
__aeabi_dmul            0x0801f5e9          Code  Gb  DblMul.o [6]
__aeabi_dsub            0x0801fc6d          Code  Gb  DblSub.o [6]
__aeabi_errno_addr      0x08021045     0x6  Code  Gb  errno.o [3]
__aeabi_f2d             0x0801f1dd          Code  Gb  FltToDbl.o [6]
__aeabi_fmul            0x0801f1c9    0x12  Code  Gb  FltMul.o [6]
__aeabi_i2d             0x0801f22d          Code  Gb  I32ToDbl.o [6]
__aeabi_memset          0x08027d29          Code  Gb  ABImemset.o [7]
__aeabi_ui2d            0x0801f241          Code  Gb  I32ToDbl.o [6]
__aeabi_ui2f            0x0801f195     0xe  Code  Gb  U32ToFlt.o [6]
__cmain                 0x08029f5d          Code  Gb  cmain.o [7]
__data_GetMemChunk      0x08027f95    0x2c  Code  Gb  xgetmemchunk.o [3]
__exit                  0x08028ad5    0x14  Code  Gb  exit.o [8]
__iar_Dint              0x0802320f    0x7a  Code  Gb  xdint.o [6]
__iar_Errno             0x20010420     0x4  Data  Gb  errno.o [3]
__iar_Memset            0x08027d29          Code  Gb  ABImemset.o [7]
__iar_Memset_word       0x08027d31          Code  Gb  ABImemset.o [7]
__iar_Quad              0x08021051   0x12c  Code  Gb  xquad.o [6]
__iar_Sin               0x0801f81d   0x3b2  Code  Gb  xsin.o [6]
__iar_close_ttio        0x08029839    0x2e  Code  Gb  iarttio.o [8]
__iar_copy_init3        0x08029e71    0x2c  Code  Gb  copy_init3.o [7]
__iar_d2uiz             0x0801f5c9          Code  Gb  DblToI32.o [6]
__iar_dadd              0x0801f4c9          Code  Gb  DblAdd.o [6]
__iar_data_init3        0x08029e9d    0x28  Code  Gb  data_init.o [7]
__iar_dlfree            0x08026da3   0x510  Code  Gb  dlmalloc.o [3]
__iar_dlib_perthread_access
                        0x0802320d     0x2  Code  Gb  xtls.o [3]
__iar_dlmalloc          0x08026aed   0x2aa  Code  Gb  dlmalloc.o [3]
__iar_dsub              0x0801fc81          Code  Gb  DblSub.o [6]
__iar_dsubStart         0x0801fc93          Code  Gb  DblSub.o [6]
__iar_edom              0x080211b9          Code  Gb  iarEdom.o [7]
__iar_fmod              0x080232a9          Code  Gb  fmod.o [6]
__iar_fmodl             0x080232a9          Code  Gb  fmod.o [6]
__iar_init_vfp          0x08029f0d          Code  Gb  fpinit_M.o [6]
__iar_lookup_ttioh      0x08029869     0x8  Code  Gb  XShttio.o [3]
__iar_program_start     0x0802a001          Code  Gb  cstartup_M.o [7]
__iar_sqrt              0x0801fded          Code  Gb  sqrt.o [6]
__iar_ttio_handles      0x20010410     0x8  Data  Lc  XShttio.o [3]
__iar_ui2d              0x0801f245          Code  Gb  I32ToDbl.o [6]
__iar_unaligned___aeabi_memcpy
                        0x08027d91          Code  Gb  ABImemcpy_unaligned.o [7]
__iar_unaligned___aeabi_memcpy4
                        0x08027db1          Code  Gb  ABImemcpy_unaligned.o [7]
__iar_unaligned___aeabi_memcpy8
                        0x08027db1          Code  Gb  ABImemcpy_unaligned.o [7]
__iar_zero_init3        0x08029e31    0x40  Code  Gb  zero_init3.o [7]
__low_level_init        0x08029f77     0x4  Code  Gb  low_level_init.o [3]
__vector_table          0x08000000          Data  Gb  startup_stm32f746xx.o [1]
_call_main              0x08029f69          Code  Gb  cmain.o [7]
_exit                   0x08029f81          Code  Gb  cexit.o [7]
_gm_                    0x2001f210   0x1d8  Data  Lc  dlmalloc.o [3]
_main                   0x08029f73          Code  Gb  cmain.o [7]
abort                   0x08027f8d     0x6  Code  Gb  abort.o [3]
abs                     0x08027e07     0x8  Code  Gb  abs.o [3]
armBitRevTable          0x080001c8   0x800  Data  Gb  arm_common_tables.o [4]
arm_cfft_radix4_init_f32
                        0x08010a41    0xb0  Code  Gb  arm_cfft_radix4_init_f32.o [4]
arm_rfft_init_f32       0x080089c9    0x72  Code  Gb  arm_rfft_init_f32.o [4]
btnSW1                  0x2001fe7c     0x1  Data  Gb  main.o [1]
btnSW2                  0x2001fe7d     0x1  Data  Gb  main.o [1]
bufCoefBiquad           0x2001fdf8    0x10  Data  Gb  sta321mp.o [1]
bufPCMSens7             0x2001fe24     0x4  Data  Gb  waverecorder.o [1]
bufPCMSens8             0x2001fe28     0x4  Data  Gb  waverecorder.o [1]
bufferSum               0x2001e42c   0x800  Data  Gb  main.o [1]
buffer_switch           0x20010425     0x1  Data  Gb  main.o [1]
cntBtnPress             0x2001fe7f     0x1  Data  Gb  main.o [1]
cntOS                   0x2001fe20     0x4  Data  Gb  stm32f7xx_it.o [1]
cntPos                  0x2001fe5c     0x2  Data  Gb  waverecorder.o [1]
cntPos7                 0x2001fe5e     0x2  Data  Gb  waverecorder.o [1]
cntRisingEXTI           0x2001fe40     0x2  Data  Gb  main.o [1]
cntStrt                 0x2001fe60     0x2  Data  Gb  waverecorder.o [1]
cntTime200              0x2001fe4e     0x2  Data  Gb  main.o [1]
exit                    0x08029f7b     0x4  Code  Gb  exit.o [3]
flg10ms                 0x2001fe81     0x1  Data  Gb  main.o [1]
flgDlyUpd               0x2001fe7e     0x1  Data  Gb  main.o [1]
fmod                    0x080232a9          Code  Gb  fmod.o [6]
fmodl                   0x080232a9          Code  Gb  fmod.o [6]
hUSBDDevice             0x2001efec   0x224  Data  Gb  main.o [1]
hUSBDDeviceDesc         0x200103f0    0x14  Data  Gb  usbd_desc.o [1]
haudioInstance          0x2001f8e4    0x64  Data  Lc  usbd_audio_in.o [1]
hdma_spi5_rx            0x2001fab0    0x50  Data  Gb  waverecorder.o [1]
hdma_spi6_rx            0x2001fb00    0x50  Data  Gb  waverecorder.o [1]
hi2c1                   0x2001fc10    0x3c  Data  Gb  audio_codec.o [1]
hi2c2                   0x2001fc4c    0x3c  Data  Gb  audio_codec.o [1]
hi2s1                   0x2001fb90    0x40  Data  Gb  waverecorder.o [1]
hi2s2                   0x2001fbd0    0x40  Data  Gb  waverecorder.o [1]
hi2s3                   0x2001fb50    0x40  Data  Gb  waveplayer _CS43L22.o [1]
hpcd                    0x2001ec2c   0x3c0  Data  Gb  usbd_conf_f4.o [1]
hspi4                   0x2001f880    0x64  Data  Gb  main.o [1]
hspi5                   0x2001f948    0x64  Data  Gb  waverecorder.o [1]
hspi6                   0x2001f9ac    0x64  Data  Gb  waverecorder.o [1]
huart3                  0x2001f7a8    0x70  Data  Gb  main.o [1]
iSDO12                  0x2001fe74     0x2  Data  Gb  waverecorder.o [1]
iSDO34                  0x2001fe76     0x2  Data  Gb  waverecorder.o [1]
iSDO56                  0x2001fe78     0x2  Data  Gb  waverecorder.o [1]
idxFrmPDMMic8           0x2001fe5a     0x2  Data  Gb  waverecorder.o [1]
idxLatency12            0x2001fe44     0x2  Data  Gb  main.o [1]
idxLatency13            0x2001fe42     0x2  Data  Gb  main.o [1]
idxLatency14            0x2001fe46     0x2  Data  Gb  main.o [1]
idxLatency25            0x2001fe48     0x2  Data  Gb  main.o [1]
idxLatency63            0x2001fe4a     0x2  Data  Gb  main.o [1]
idxLatency78            0x2001fe4c     0x2  Data  Gb  main.o [1]
idxMic7                 0x2001fe56     0x2  Data  Gb  waverecorder.o [1]
idxMic8                 0x2001fe54     0x2  Data  Gb  waverecorder.o [1]
idxSPI5DataBuf3         0x2001fe3e     0x2  Data  Gb  main.o [1]
init_mparams            0x08025de7    0x32  Code  Lc  dlmalloc.o [3]
init_top                0x08025e19    0x34  Code  Lc  dlmalloc.o [3]
main                    0x08021d51   0x1e2  Code  Gb  main.o [1]
mparams                 0x2001fd68    0x18  Data  Lc  dlmalloc.o [3]
pDataMic7               0x2001f6b0    0x80  Data  Gb  waverecorder.o [1]
pDataMic8               0x2001f630    0x80  Data  Gb  waverecorder.o [1]
pcSTAComnd              0x20010304    0x50  Data  Gb  sta321mp.o [1]
pcSTAComnd1             0x2001fe50     0x2  Data  Gb  sta321mp.o [1]
pcSTAComnd2             0x2001038c    0x24  Data  Gb  sta321mp.o [1]
prepend_alloc           0x08025e4d   0x36c  Code  Lc  dlmalloc.o [3]
realCoefA               0x08008a40  0x8000  Data  Lc  arm_rfft_init_f32.o [4]
realCoefB               0x08010af0  0x8000  Data  Lc  arm_rfft_init_f32.o [4]
sdramHandle             0x2001fc88    0x34  Data  Lc  stm32746g_discovery_sdram.o [1]
segment_holding         0x08025dcd    0x1a  Code  Lc  dlmalloc.o [3]
sqrt                    0x0801fded          Code  Gb  sqrt.o [6]
sqrtl                   0x0801fded          Code  Gb  sqrt.o [6]
stFrstFrmStore          0x2001fe80     0x1  Data  Gb  main.o [1]
sta321mp_biquad         0x080243af   0x160  Code  Lc  sta321mp.o [1]
sta321mp_mixer          0x08024357    0x2a  Code  Lc  sta321mp.o [1]
sta321mp_postscale      0x08024399    0x16  Code  Lc  sta321mp.o [1]
sta321mp_prescale       0x08024381    0x18  Code  Lc  sta321mp.o [1]
stm32_crc               0x20010000     0x4  Data  Gb  pdm_filter.o [5]
swtBufUSBOut            0x2001fe7a     0x1  Data  Gb  audio_application.o [1]
swtSDO7                 0x2001fe84     0x1  Data  Gb  waverecorder.o [1]
swtSDO8                 0x2001fe85     0x1  Data  Gb  waverecorder.o [1]
sys_alloc               0x080261b9   0x386  Code  Lc  dlmalloc.o [3]
tmalloc_large           0x0802654d   0x390  Code  Lc  dlmalloc.o [3]
tmalloc_small           0x080268dd   0x210  Code  Lc  dlmalloc.o [3]
twiddleCoef_4096        0x080009c8  0x8000  Data  Gb  arm_common_tables.o [4]
uwTick                  0x2001fe1c     0x4  Data  Lc  stm32f7xx_hal.o [1]
vRawSens1               0x2001fe62     0x2  Data  Gb  waverecorder.o [1]
vRawSens2               0x2001fe64     0x2  Data  Gb  waverecorder.o [1]
vRawSens3               0x2001fe68     0x2  Data  Gb  waverecorder.o [1]
vRawSens4               0x2001fe66     0x2  Data  Gb  waverecorder.o [1]
vRawSens5               0x2001fe6a     0x2  Data  Gb  waverecorder.o [1]
vRawSens6               0x2001fe6c     0x2  Data  Gb  waverecorder.o [1]
vol_table               0x08029cc4    0x84  Data  Gb  usbd_audio_if.o [1]
volume                  0x20010428     0x1  Data  Gb  waveplayer _CS43L22.o [1]


[1] = D:\sop1hc\Github\data\Mic_Array_V00\USB_STREAMING\Mic_Array\Projects\STM32746G\Applications\Audio\Mic_Array\EWARM\STM32F7\Obj
[2] = command line
[3] = dl7M_tlf.a
[4] = iar_cortexM7ls_math.a
[5] = libPDMFilter_CM7_IAR.a
[6] = m7M_tls.a
[7] = rt7M_tl.a
[8] = shb_l.a

  104 416 bytes of readonly  code memory
   69 012 bytes of readonly  data memory
   81 548 bytes of readwrite data memory (+ 131 552 absolute)

Errors: none
Warnings: none
