###############################################################################
#
# IAR ELF Linker V7.50.2.10312/W32 for ARM                08/Mar/2016  16:10:22
# Copyright 2007-2015 IAR Systems AB.
#
#    Output file  =  
#        D:\sop1hc\Github\data\Mic_Array_V00\USB_STREAMING\Mic_Array\Projects\STM32746G\Applications\Audio\Mic_Array\EWARM\STM32F7\Exe\Project.out
#    Map file     =  
#        D:\sop1hc\Github\data\Mic_Array_V00\USB_STREAMING\Mic_Array\Projects\STM32746G\Applications\Audio\Mic_Array\EWARM\STM32F7\List\Project.map
#    Command line =  
#        D:\sop1hc\Github\data\Mic_Array_V00\USB_STREAMING\Mic_Array\Projects\STM32746G\Applications\Audio\Mic_Array\EWARM\STM32F7\Obj\audio_application.o
#        D:\sop1hc\Github\data\Mic_Array_V00\USB_STREAMING\Mic_Array\Projects\STM32746G\Applications\Audio\Mic_Array\EWARM\STM32F7\Obj\audio_codec.o
#        D:\sop1hc\Github\data\Mic_Array_V00\USB_STREAMING\Mic_Array\Projects\STM32746G\Applications\Audio\Mic_Array\EWARM\STM32F7\Obj\DSP.o
#        D:\sop1hc\Github\data\Mic_Array_V00\USB_STREAMING\Mic_Array\Projects\STM32746G\Applications\Audio\Mic_Array\EWARM\STM32F7\Obj\ff.o
#        D:\sop1hc\Github\data\Mic_Array_V00\USB_STREAMING\Mic_Array\Projects\STM32746G\Applications\Audio\Mic_Array\EWARM\STM32F7\Obj\ft5336.o
#        D:\sop1hc\Github\data\Mic_Array_V00\USB_STREAMING\Mic_Array\Middlewares\ST\STM32_Audio\Addons\PDM\libPDMFilter_CM7_IAR.a
#        D:\sop1hc\Github\data\Mic_Array_V00\USB_STREAMING\Mic_Array\Projects\STM32746G\Applications\Audio\Mic_Array\EWARM\STM32F7\Obj\main.o
#        D:\sop1hc\Github\data\Mic_Array_V00\USB_STREAMING\Mic_Array\Projects\STM32746G\Applications\Audio\Mic_Array\EWARM\STM32F7\Obj\sta321mp.o
#        D:\sop1hc\Github\data\Mic_Array_V00\USB_STREAMING\Mic_Array\Projects\STM32746G\Applications\Audio\Mic_Array\EWARM\STM32F7\Obj\startup_stm32f746xx.o
#        D:\sop1hc\Github\data\Mic_Array_V00\USB_STREAMING\Mic_Array\Projects\STM32746G\Applications\Audio\Mic_Array\EWARM\STM32F7\Obj\stm32746g_discovery.o
#        D:\sop1hc\Github\data\Mic_Array_V00\USB_STREAMING\Mic_Array\Projects\STM32746G\Applications\Audio\Mic_Array\EWARM\STM32F7\Obj\stm32746g_discovery_lcd.o
#        D:\sop1hc\Github\data\Mic_Array_V00\USB_STREAMING\Mic_Array\Projects\STM32746G\Applications\Audio\Mic_Array\EWARM\STM32F7\Obj\stm32746g_discovery_sdram.o
#        D:\sop1hc\Github\data\Mic_Array_V00\USB_STREAMING\Mic_Array\Projects\STM32746G\Applications\Audio\Mic_Array\EWARM\STM32F7\Obj\stm32746g_discovery_ts.o
#        D:\sop1hc\Github\data\Mic_Array_V00\USB_STREAMING\Mic_Array\Projects\STM32746G\Applications\Audio\Mic_Array\EWARM\STM32F7\Obj\stm32f7xx_hal.o
#        D:\sop1hc\Github\data\Mic_Array_V00\USB_STREAMING\Mic_Array\Projects\STM32746G\Applications\Audio\Mic_Array\EWARM\STM32F7\Obj\stm32f7xx_hal_cortex.o
#        D:\sop1hc\Github\data\Mic_Array_V00\USB_STREAMING\Mic_Array\Projects\STM32746G\Applications\Audio\Mic_Array\EWARM\STM32F7\Obj\stm32f7xx_hal_dma.o
#        D:\sop1hc\Github\data\Mic_Array_V00\USB_STREAMING\Mic_Array\Projects\STM32746G\Applications\Audio\Mic_Array\EWARM\STM32F7\Obj\stm32f7xx_hal_dma2d.o
#        D:\sop1hc\Github\data\Mic_Array_V00\USB_STREAMING\Mic_Array\Projects\STM32746G\Applications\Audio\Mic_Array\EWARM\STM32F7\Obj\stm32f7xx_hal_dma_ex.o
#        D:\sop1hc\Github\data\Mic_Array_V00\USB_STREAMING\Mic_Array\Projects\STM32746G\Applications\Audio\Mic_Array\EWARM\STM32F7\Obj\stm32f7xx_hal_flash.o
#        D:\sop1hc\Github\data\Mic_Array_V00\USB_STREAMING\Mic_Array\Projects\STM32746G\Applications\Audio\Mic_Array\EWARM\STM32F7\Obj\stm32f7xx_hal_flash_ex.o
#        D:\sop1hc\Github\data\Mic_Array_V00\USB_STREAMING\Mic_Array\Projects\STM32746G\Applications\Audio\Mic_Array\EWARM\STM32F7\Obj\stm32f7xx_hal_gpio.o
#        D:\sop1hc\Github\data\Mic_Array_V00\USB_STREAMING\Mic_Array\Projects\STM32746G\Applications\Audio\Mic_Array\EWARM\STM32F7\Obj\stm32f7xx_hal_hcd.o
#        D:\sop1hc\Github\data\Mic_Array_V00\USB_STREAMING\Mic_Array\Projects\STM32746G\Applications\Audio\Mic_Array\EWARM\STM32F7\Obj\stm32f7xx_hal_i2c.o
#        D:\sop1hc\Github\data\Mic_Array_V00\USB_STREAMING\Mic_Array\Projects\STM32746G\Applications\Audio\Mic_Array\EWARM\STM32F7\Obj\stm32f7xx_hal_i2c_ex.o
#        D:\sop1hc\Github\data\Mic_Array_V00\USB_STREAMING\Mic_Array\Projects\STM32746G\Applications\Audio\Mic_Array\EWARM\STM32F7\Obj\stm32f7xx_hal_i2s.o
#        D:\sop1hc\Github\data\Mic_Array_V00\USB_STREAMING\Mic_Array\Projects\STM32746G\Applications\Audio\Mic_Array\EWARM\STM32F7\Obj\stm32f7xx_hal_ltdc.o
#        D:\sop1hc\Github\data\Mic_Array_V00\USB_STREAMING\Mic_Array\Projects\STM32746G\Applications\Audio\Mic_Array\EWARM\STM32F7\Obj\stm32f7xx_hal_pcd.o
#        D:\sop1hc\Github\data\Mic_Array_V00\USB_STREAMING\Mic_Array\Projects\STM32746G\Applications\Audio\Mic_Array\EWARM\STM32F7\Obj\stm32f7xx_hal_pcd_ex.o
#        D:\sop1hc\Github\data\Mic_Array_V00\USB_STREAMING\Mic_Array\Projects\STM32746G\Applications\Audio\Mic_Array\EWARM\STM32F7\Obj\stm32f7xx_hal_pwr.o
#        D:\sop1hc\Github\data\Mic_Array_V00\USB_STREAMING\Mic_Array\Projects\STM32746G\Applications\Audio\Mic_Array\EWARM\STM32F7\Obj\stm32f7xx_hal_pwr_ex.o
#        D:\sop1hc\Github\data\Mic_Array_V00\USB_STREAMING\Mic_Array\Projects\STM32746G\Applications\Audio\Mic_Array\EWARM\STM32F7\Obj\stm32f7xx_hal_rcc.o
#        D:\sop1hc\Github\data\Mic_Array_V00\USB_STREAMING\Mic_Array\Projects\STM32746G\Applications\Audio\Mic_Array\EWARM\STM32F7\Obj\stm32f7xx_hal_rcc_ex.o
#        D:\sop1hc\Github\data\Mic_Array_V00\USB_STREAMING\Mic_Array\Projects\STM32746G\Applications\Audio\Mic_Array\EWARM\STM32F7\Obj\stm32f7xx_hal_sai.o
#        D:\sop1hc\Github\data\Mic_Array_V00\USB_STREAMING\Mic_Array\Projects\STM32746G\Applications\Audio\Mic_Array\EWARM\STM32F7\Obj\stm32f7xx_hal_sai_ex.o
#        D:\sop1hc\Github\data\Mic_Array_V00\USB_STREAMING\Mic_Array\Projects\STM32746G\Applications\Audio\Mic_Array\EWARM\STM32F7\Obj\stm32f7xx_hal_sdram.o
#        D:\sop1hc\Github\data\Mic_Array_V00\USB_STREAMING\Mic_Array\Projects\STM32746G\Applications\Audio\Mic_Array\EWARM\STM32F7\Obj\stm32f7xx_hal_spi.o
#        D:\sop1hc\Github\data\Mic_Array_V00\USB_STREAMING\Mic_Array\Projects\STM32746G\Applications\Audio\Mic_Array\EWARM\STM32F7\Obj\stm32f7xx_hal_sram.o
#        D:\sop1hc\Github\data\Mic_Array_V00\USB_STREAMING\Mic_Array\Projects\STM32746G\Applications\Audio\Mic_Array\EWARM\STM32F7\Obj\stm32f7xx_hal_tim.o
#        D:\sop1hc\Github\data\Mic_Array_V00\USB_STREAMING\Mic_Array\Projects\STM32746G\Applications\Audio\Mic_Array\EWARM\STM32F7\Obj\stm32f7xx_hal_tim_ex.o
#        D:\sop1hc\Github\data\Mic_Array_V00\USB_STREAMING\Mic_Array\Projects\STM32746G\Applications\Audio\Mic_Array\EWARM\STM32F7\Obj\stm32f7xx_hal_uart.o
#        D:\sop1hc\Github\data\Mic_Array_V00\USB_STREAMING\Mic_Array\Projects\STM32746G\Applications\Audio\Mic_Array\EWARM\STM32F7\Obj\stm32f7xx_it.o
#        D:\sop1hc\Github\data\Mic_Array_V00\USB_STREAMING\Mic_Array\Projects\STM32746G\Applications\Audio\Mic_Array\EWARM\STM32F7\Obj\stm32f7xx_ll_fmc.o
#        D:\sop1hc\Github\data\Mic_Array_V00\USB_STREAMING\Mic_Array\Projects\STM32746G\Applications\Audio\Mic_Array\EWARM\STM32F7\Obj\stm32f7xx_ll_usb.o
#        D:\sop1hc\Github\data\Mic_Array_V00\USB_STREAMING\Mic_Array\Projects\STM32746G\Applications\Audio\Mic_Array\EWARM\STM32F7\Obj\system_stm32f7xx.o
#        D:\sop1hc\Github\data\Mic_Array_V00\USB_STREAMING\Mic_Array\Projects\STM32746G\Applications\Audio\Mic_Array\EWARM\STM32F7\Obj\usbd_audio_if.o
#        D:\sop1hc\Github\data\Mic_Array_V00\USB_STREAMING\Mic_Array\Projects\STM32746G\Applications\Audio\Mic_Array\EWARM\STM32F7\Obj\usbd_audio_in.o
#        D:\sop1hc\Github\data\Mic_Array_V00\USB_STREAMING\Mic_Array\Projects\STM32746G\Applications\Audio\Mic_Array\EWARM\STM32F7\Obj\usbd_conf_f4.o
#        D:\sop1hc\Github\data\Mic_Array_V00\USB_STREAMING\Mic_Array\Projects\STM32746G\Applications\Audio\Mic_Array\EWARM\STM32F7\Obj\usbd_core.o
#        D:\sop1hc\Github\data\Mic_Array_V00\USB_STREAMING\Mic_Array\Projects\STM32746G\Applications\Audio\Mic_Array\EWARM\STM32F7\Obj\usbd_ctlreq.o
#        D:\sop1hc\Github\data\Mic_Array_V00\USB_STREAMING\Mic_Array\Projects\STM32746G\Applications\Audio\Mic_Array\EWARM\STM32F7\Obj\usbd_desc.o
#        D:\sop1hc\Github\data\Mic_Array_V00\USB_STREAMING\Mic_Array\Projects\STM32746G\Applications\Audio\Mic_Array\EWARM\STM32F7\Obj\usbd_ioreq.o
#        D:\sop1hc\Github\data\Mic_Array_V00\USB_STREAMING\Mic_Array\Projects\STM32746G\Applications\Audio\Mic_Array\EWARM\STM32F7\Obj\usbh_conf.o
#        D:\sop1hc\Github\data\Mic_Array_V00\USB_STREAMING\Mic_Array\Projects\STM32746G\Applications\Audio\Mic_Array\EWARM\STM32F7\Obj\usbh_core.o
#        D:\sop1hc\Github\data\Mic_Array_V00\USB_STREAMING\Mic_Array\Projects\STM32746G\Applications\Audio\Mic_Array\EWARM\STM32F7\Obj\usbh_ctlreq.o
#        D:\sop1hc\Github\data\Mic_Array_V00\USB_STREAMING\Mic_Array\Projects\STM32746G\Applications\Audio\Mic_Array\EWARM\STM32F7\Obj\usbh_diskio.o
#        D:\sop1hc\Github\data\Mic_Array_V00\USB_STREAMING\Mic_Array\Projects\STM32746G\Applications\Audio\Mic_Array\EWARM\STM32F7\Obj\usbh_ioreq.o
#        D:\sop1hc\Github\data\Mic_Array_V00\USB_STREAMING\Mic_Array\Projects\STM32746G\Applications\Audio\Mic_Array\EWARM\STM32F7\Obj\usbh_msc.o
#        D:\sop1hc\Github\data\Mic_Array_V00\USB_STREAMING\Mic_Array\Projects\STM32746G\Applications\Audio\Mic_Array\EWARM\STM32F7\Obj\usbh_msc_bot.o
#        D:\sop1hc\Github\data\Mic_Array_V00\USB_STREAMING\Mic_Array\Projects\STM32746G\Applications\Audio\Mic_Array\EWARM\STM32F7\Obj\usbh_msc_scsi.o
#        D:\sop1hc\Github\data\Mic_Array_V00\USB_STREAMING\Mic_Array\Projects\STM32746G\Applications\Audio\Mic_Array\EWARM\STM32F7\Obj\usbh_pipes.o
#        "D:\sop1hc\Github\data\Mic_Array_V00\USB_STREAMING\Mic_Array\Projects\STM32746G\Applications\Audio\Mic_Array\EWARM\STM32F7\Obj\waveplayer
#        _CS43L22.o"
#        D:\sop1hc\Github\data\Mic_Array_V00\USB_STREAMING\Mic_Array\Projects\STM32746G\Applications\Audio\Mic_Array\EWARM\STM32F7\Obj\waverecorder.o
#        --redirect _Printf=_PrintfSmall --redirect _Scanf=_ScanfSmall -o
#        D:\sop1hc\Github\data\Mic_Array_V00\USB_STREAMING\Mic_Array\Projects\STM32746G\Applications\Audio\Mic_Array\EWARM\STM32F7\Exe\Project.out
#        --map
#        D:\sop1hc\Github\data\Mic_Array_V00\USB_STREAMING\Mic_Array\Projects\STM32746G\Applications\Audio\Mic_Array\EWARM\STM32F7\List\Project.map
#        --config
#        D:\sop1hc\Github\data\Mic_Array_V00\USB_STREAMING\Mic_Array\Projects\STM32746G\Applications\Audio\Mic_Array\EWARM\Project.icf
#        --semihosting --entry __iar_program_start --no_exceptions "D:\Program
#        Files (x86)\IAR Systems\Embedded Workbench
#        7.3\arm\CMSIS\Lib\IAR\iar_cortexM7ls_math.a" --vfe
#
###############################################################################

*******************************************************************************
*** RUNTIME MODEL ATTRIBUTES
***

CppFlavor                     = *
__Heap_Handler                = DLMalloc
__SystemLibrary               = DLib
__dlib_dynamic_initialization = normal


*******************************************************************************
*** PLACEMENT SUMMARY
***

"A1":  place at 0x08000000 { ro section .intvec };
"P1":  place in [from 0x00000000 to 0x00000000] |
                [from 0x08000000 to 0x080fffff] { ro };
"P3":  place in [from 0x20000000 to 0x2000ffff] |
                [from 0x20010000 to 0x2004ffff] { rw, block CSTACK, block HEAP };

  Section             Kind        Address     Size  Object
  -------             ----        -------     ----  ------
"A1":                                        0x1c8
  .intvec             ro code  0x08000000    0x1c8  startup_stm32f746xx.o [1]
                             - 0x080001c8    0x1c8

"P1":                                      0x21d79
  .rodata             const    0x080001c8  0x13458  arm_common_tables.o [4]
  .text               ro code  0x08013620   0x14f0  dlmalloc.o [3]
  .text               ro code  0x08014b10      0x6  abort.o [3]
  .text               ro code  0x08014b16      0xa  xsprout.o [3]
  .text               ro code  0x08014b20     0x2c  xgetmemchunk.o [3]
  .text               ro code  0x08014b4c     0x14  exit.o [8]
  .text               ro code  0x08014b60     0x30  iarttio.o [8]
  .text               ro code  0x08014b90      0x8  XShttio.o [3]
  .text               ro code  0x08014b98    0xfe8  stm32f7xx_hal_dma.o [1]
  .text               ro code  0x08015b80    0xda0  waverecorder.o [1]
  .text               ro code  0x08016920    0x224  stm32f7xx_hal_gpio.o [1]
  .text               ro code  0x08016b44    0x550  pdm_filter.o [5]
  .text               ro code  0x08017094    0x7f4  stm32f7xx_hal_spi.o [1]
  .text               ro code  0x08017888     0x78  stm32f7xx_hal.o [1]
  .text               ro code  0x08017900    0x10c  stm32f7xx_hal_i2s.o [1]
  .text               ro code  0x08017a0c     0xcc  stm32f7xx_hal_cortex.o [1]
  .text               ro code  0x08017ad8    0xb60  DSP.o [1]
  .text               ro code  0x08018638     0x1c  FltCmpEq.o [6]
  .text               ro code  0x08018654      0xe  U32ToFlt.o [6]
  .text               ro code  0x08018664     0x24  FltCmpLe.o [6]
  .text               ro code  0x08018688     0x12  FltMul.o [6]
  .text               ro code  0x0801869c     0x4e  FltToDbl.o [6]
  .text               ro code  0x080186ec     0x30  I32ToDbl.o [6]
  .text               ro code  0x0801871c    0x256  DblDiv.o [6]
  .text               ro code  0x08018974     0xe8  DblAdd.o [6]
  .text               ro code  0x08018a5c     0x4c  DblToI32.o [6]
  .text               ro code  0x08018aa8    0x1a2  DblMul.o [6]
  .text               ro code  0x08018c4c     0x90  DblToFlt.o [6]
  .text               ro code  0x08018cdc    0x462  xsin.o [6]
  .text               ro code  0x08019140    0x180  DblSub.o [6]
  .text               ro code  0x080192c0     0xf0  sqrt.o [6]
  .text               ro code  0x080193b0    0x5c8  stm32f7xx_hal_rcc.o [1]
  .text               ro code  0x08019978    0x850  audio_codec.o [1]
  .text               ro code  0x0801a1c8    0x132  I64DivMod.o [7]
  .text               ro code  0x0801a2fc    0x188  arm_rfft_fast_f32.o [4]
  .text               ro code  0x0801a484    0x130  arm_cmplx_conj_f32.o [4]
  .text               ro code  0x0801a5b4    0x156  arm_cmplx_mult_cmplx_f32.o [4]
  .text               ro code  0x0801a70c    0x15a  arm_cmplx_mag_f32.o [4]
  .text               ro code  0x0801a868     0x9c  arm_max_f32.o [4]
  .text               ro code  0x0801a904     0x6e  floor.o [6]
  .text               ro code  0x0801a974     0x76  ABImemcpy_unaligned.o [7]
  .text               ro code  0x0801a9ec     0x2e  DblCmpLe.o [6]
  .text               ro code  0x0801aa1c     0x2e  DblCmpGe.o [6]
  .text               ro code  0x0801aa4c      0xc  errno.o [3]
  .text               ro code  0x0801aa58    0x168  xquad.o [6]
  .text               ro code  0x0801abc0      0xc  iarEdom.o [7]
  .text               ro code  0x0801abcc    0xaac  main.o [1]
  .text               ro code  0x0801b678    0x890  stm32f7xx_hal_i2c.o [1]
  .text               ro code  0x0801bf08     0x60  waveplayer _CS43L22.o [1]
  .text               ro code  0x0801bf68     0x6e  stm32f7xx_hal_i2c_ex.o [1]
  .text               ro code  0x0801bfd8      0x2  I64DivZer.o [7]
  .text               ro code  0x0801bfdc    0x6fc  arm_cfft_f32.o [4]
  .text               ro code  0x0801c6d8      0x2  xtls.o [3]
  .text               ro code  0x0801c6da     0x7a  xdint.o [6]
  .text               ro code  0x0801c754     0x20  DblCmpEq.o [6]
  .text               ro code  0x0801c774    0x1a8  fmod.o [6]
  .text               ro code  0x0801c91c    0x150  audio_application.o [1]
  .text               ro code  0x0801ca6c    0x5a0  stm32f7xx_hal_rcc_ex.o [1]
  .text               ro code  0x0801d00c    0x280  stm32746g_discovery_sdram.o [1]
  .text               ro code  0x0801d28c     0xc4  stm32746g_discovery.o [1]
  .text               ro code  0x0801d350    0x6f0  sta321mp.o [1]
  .text               ro code  0x0801da40    0x6c4  usbd_audio_in.o [1]
  .text               ro code  0x0801e104    0x258  usbd_core.o [1]
  .text               ro code  0x0801e35c     0x34  sprintf.o [3]
  .text               ro code  0x0801e390    0x69e  stm32f7xx_hal_uart.o [1]
  .text               ro code  0x0801ea30     0x6c  stm32f7xx_hal_pwr_ex.o [1]
  .text               ro code  0x0801ea9c    0x144  arm_rfft_fast_init_f32.o [4]
  .text               ro code  0x0801ebe0    0x560  arm_cfft_radix8_f32.o [4]
  .text               ro code  0x0801f140     0xc0  arm_bitreversal2.o [4]
  .text               ro code  0x0801f200     0xe0  usbd_audio_if.o [1]
  .text               ro code  0x0801f2e0     0x8a  stm32f7xx_hal_sdram.o [1]
  .text               ro code  0x0801f36c    0x216  usbd_conf_f4.o [1]
  .text               ro code  0x0801f582     0x68  usbd_ioreq.o [1]
  .text               ro code  0x0801f5ec    0x422  usbd_ctlreq.o [1]
  .text               ro code  0x0801fa10      0x6  ABImemclr.o [7]
  .text               ro code  0x0801fa18    0x7c4  xprintfsmall.o [3]
  .text               ro code  0x080201dc    0x14c  stm32f7xx_ll_fmc.o [1]
  .text               ro code  0x08020328    0x7e0  stm32f7xx_hal_pcd.o [1]
  .text               ro code  0x08020b08     0x70  stm32f7xx_hal_pcd_ex.o [1]
  .text               ro code  0x08020b78     0x5e  ABImemset.o [7]
  .text               ro code  0x08020bd6     0x20  xmbtowc.o [3]
  .text               ro code  0x08020bf8     0x16  strchr.o [7]
  .text               ro code  0x08020c10     0x36  strlen.o [7]
  .text               ro code  0x08020c48     0x58  memchr.o [7]
  .text               ro code  0x08020ca0      0xa  xmbcurmax.o [3]
  .text               ro code  0x08020caa     0x1a  xwctomb.o [3]
  .text               ro code  0x08020cc4    0x8e4  stm32f7xx_ll_usb.o [1]
  .text               ro code  0x080215a8     0x14  setlocale.o [3]
  .text               ro code  0x080215bc     0x60  xencoding_sb.o [3]
  .text               ro code  0x0802161c    0x1c4  lz77_init.o [7]
  .text               ro code  0x080217e0    0x11c  usbd_desc.o [1]
  .text               ro code  0x080218fc     0x64  stm32f7xx_it.o [1]
  .text               ro code  0x08021960     0x50  system_stm32f7xx.o [1]
  .text               ro code  0x080219b0     0x40  zero_init3.o [7]
  .text               ro code  0x080219f0     0x28  data_init.o [7]
  .text               ro code  0x08021a18     0x22  fpinit_M.o [6]
  .iar.init_table     const    0x08021a3c     0x34  - Linker created -
  .text               ro code  0x08021a70     0x1a  cmain.o [7]
  .text               ro code  0x08021a8a      0x4  low_level_init.o [3]
  .text               ro code  0x08021a8e      0x4  exit.o [3]
  .text               ro code  0x08021a94      0xa  cexit.o [7]
  .text               ro code  0x08021aa0     0x10  startup_stm32f746xx.o [1]
  .text               ro code  0x08021ab0      0xc  cstartup_M.o [7]
  .text               ro code  0x08021abc      0x4  startup_stm32f746xx.o [1]
  .text               ro code  0x08021ac0      0x4  startup_stm32f746xx.o [1]
  .text               ro code  0x08021ac4      0x4  startup_stm32f746xx.o [1]
  .text               ro code  0x08021ac8      0x4  startup_stm32f746xx.o [1]
  .text               ro code  0x08021acc      0x4  startup_stm32f746xx.o [1]
  .text               ro code  0x08021ad0      0x4  startup_stm32f746xx.o [1]
  .text               ro code  0x08021ad4      0x4  startup_stm32f746xx.o [1]
  .text               ro code  0x08021ad8      0x4  startup_stm32f746xx.o [1]
  .text               ro code  0x08021adc      0x4  startup_stm32f746xx.o [1]
  .text               ro code  0x08021ae0      0x4  startup_stm32f746xx.o [1]
  .text               ro code  0x08021ae4      0x4  startup_stm32f746xx.o [1]
  .text               ro code  0x08021ae8      0x4  startup_stm32f746xx.o [1]
  .text               ro code  0x08021aec      0x4  startup_stm32f746xx.o [1]
  .text               ro code  0x08021af0      0x4  startup_stm32f746xx.o [1]
  .text               ro code  0x08021af4      0x4  startup_stm32f746xx.o [1]
  .text               ro code  0x08021af8      0x4  startup_stm32f746xx.o [1]
  .text               ro code  0x08021afc      0x4  startup_stm32f746xx.o [1]
  .text               ro code  0x08021b00      0x4  startup_stm32f746xx.o [1]
  .text               ro code  0x08021b04      0x4  startup_stm32f746xx.o [1]
  .text               ro code  0x08021b08      0x4  startup_stm32f746xx.o [1]
  .text               ro code  0x08021b0c      0x4  startup_stm32f746xx.o [1]
  .text               ro code  0x08021b10      0x4  startup_stm32f746xx.o [1]
  .text               ro code  0x08021b14      0x4  startup_stm32f746xx.o [1]
  .text               ro code  0x08021b18      0x4  startup_stm32f746xx.o [1]
  .text               ro code  0x08021b1c      0x4  startup_stm32f746xx.o [1]
  .text               ro code  0x08021b20      0x4  startup_stm32f746xx.o [1]
  .text               ro code  0x08021b24      0x4  startup_stm32f746xx.o [1]
  .text               ro code  0x08021b28      0x4  startup_stm32f746xx.o [1]
  .text               ro code  0x08021b2c      0x4  startup_stm32f746xx.o [1]
  .text               ro code  0x08021b30      0x4  startup_stm32f746xx.o [1]
  .text               ro code  0x08021b34      0x4  startup_stm32f746xx.o [1]
  .text               ro code  0x08021b38      0x4  startup_stm32f746xx.o [1]
  .text               ro code  0x08021b3c      0x4  startup_stm32f746xx.o [1]
  .text               ro code  0x08021b40      0x4  startup_stm32f746xx.o [1]
  .text               ro code  0x08021b44      0x4  startup_stm32f746xx.o [1]
  .text               ro code  0x08021b48      0x4  startup_stm32f746xx.o [1]
  .text               ro code  0x08021b4c      0x4  startup_stm32f746xx.o [1]
  .text               ro code  0x08021b50      0x4  startup_stm32f746xx.o [1]
  .text               ro code  0x08021b54      0x4  startup_stm32f746xx.o [1]
  .text               ro code  0x08021b58      0x4  startup_stm32f746xx.o [1]
  .text               ro code  0x08021b5c      0x4  startup_stm32f746xx.o [1]
  .text               ro code  0x08021b60      0x4  startup_stm32f746xx.o [1]
  .text               ro code  0x08021b64      0x4  startup_stm32f746xx.o [1]
  .text               ro code  0x08021b68      0x4  startup_stm32f746xx.o [1]
  .text               ro code  0x08021b6c      0x4  startup_stm32f746xx.o [1]
  .text               ro code  0x08021b70      0x4  startup_stm32f746xx.o [1]
  .text               ro code  0x08021b74      0x4  startup_stm32f746xx.o [1]
  .text               ro code  0x08021b78      0x4  startup_stm32f746xx.o [1]
  .text               ro code  0x08021b7c      0x4  startup_stm32f746xx.o [1]
  .text               ro code  0x08021b80      0x4  startup_stm32f746xx.o [1]
  .text               ro code  0x08021b84      0x4  startup_stm32f746xx.o [1]
  .text               ro code  0x08021b88      0x4  startup_stm32f746xx.o [1]
  .text               ro code  0x08021b8c      0x4  startup_stm32f746xx.o [1]
  .text               ro code  0x08021b90      0x4  startup_stm32f746xx.o [1]
  .text               ro code  0x08021b94      0x4  startup_stm32f746xx.o [1]
  .text               ro code  0x08021b98      0x4  startup_stm32f746xx.o [1]
  .text               ro code  0x08021b9c      0x4  startup_stm32f746xx.o [1]
  .text               ro code  0x08021ba0      0x4  startup_stm32f746xx.o [1]
  .text               ro code  0x08021ba4      0x4  startup_stm32f746xx.o [1]
  .text               ro code  0x08021ba8      0x4  startup_stm32f746xx.o [1]
  .text               ro code  0x08021bac      0x4  startup_stm32f746xx.o [1]
  .text               ro code  0x08021bb0      0x4  startup_stm32f746xx.o [1]
  .text               ro code  0x08021bb4      0x4  startup_stm32f746xx.o [1]
  .text               ro code  0x08021bb8      0x4  startup_stm32f746xx.o [1]
  .text               ro code  0x08021bbc      0x4  startup_stm32f746xx.o [1]
  .text               ro code  0x08021bc0      0x4  startup_stm32f746xx.o [1]
  .text               ro code  0x08021bc4      0x4  startup_stm32f746xx.o [1]
  .text               ro code  0x08021bc8      0x4  startup_stm32f746xx.o [1]
  .text               ro code  0x08021bcc      0x4  startup_stm32f746xx.o [1]
  .text               ro code  0x08021bd0      0x4  startup_stm32f746xx.o [1]
  .text               ro code  0x08021bd4      0x4  startup_stm32f746xx.o [1]
  .text               ro code  0x08021bd8      0x4  startup_stm32f746xx.o [1]
  .text               ro code  0x08021bdc      0x4  startup_stm32f746xx.o [1]
  .text               ro code  0x08021be0      0x4  startup_stm32f746xx.o [1]
  .text               ro code  0x08021be4      0x4  startup_stm32f746xx.o [1]
  .text               ro code  0x08021be8      0x4  startup_stm32f746xx.o [1]
  .text               ro code  0x08021bec      0x4  startup_stm32f746xx.o [1]
  .rodata             const    0x08021bf0      0x0  zero_init3.o [7]
  .rodata             const    0x08021bf0      0x0  lz77_init.o [7]
  Initializer bytes   const    0x08021bf0    0x351  <for P3 s0>
                             - 0x08021f41  0x21d79

"P3", part 1 of 3:                          0x186d
  P3 s0                        0x20010000   0x186d  <Init block>
    .data             inited   0x20010000   0x130c  main.o [1]
    .data             inited   0x2001130c    0x304  pdm_filter.o [5]
    .data             inited   0x20011610     0x78  sta321mp.o [1]
    __DLIB_PERTHREAD  inited   0x20011688     0x74  setlocale.o [3]
    .data             inited   0x200116fc     0x64  stm32746g_discovery_sdram.o [1]
    .data             inited   0x20011760     0x4c  audio_codec.o [1]
    .data             inited   0x200117ac     0x38  usbd_audio_in.o [1]
    .data             inited   0x200117e4     0x24  usbd_audio_if.o [1]
    .data             inited   0x20011808     0x1c  usbd_desc.o [1]
    .data             inited   0x20011824     0x14  system_stm32f7xx.o [1]
    .data             inited   0x20011838     0x14  usbd_desc.o [1]
    .data             inited   0x2001184c      0xc  usbd_audio_in.o [1]
    .data             inited   0x20011858      0x8  XShttio.o [3]
    .data             inited   0x20011860      0x4  main.o [1]
    .data             inited   0x20011864      0x4  usbd_desc.o [1]
    __DLIB_PERTHREAD  inited   0x20011868      0x4  errno.o [3]
    .data             inited   0x2001186c      0x1  waveplayer _CS43L22.o [1]
                             - 0x2001186d   0x186d

"P3", part 2 of 3:                         0x168c8
  .bss                zero     0x20011870   0xc000  DSP.o [1]
  .bss                zero     0x2001d870   0x2000  waverecorder.o [1]
  .bss                zero     0x2001f870   0x2000  waverecorder.o [1]
  .bss                zero     0x20021870   0x2000  waverecorder.o [1]
  .bss                zero     0x20023870   0x2000  waverecorder.o [1]
  .bss                zero     0x20025870   0x1190  DSP.o [1]
  .bss                zero     0x20026a00    0x804  main.o [1]
  .bss                zero     0x20027204    0x3c0  usbd_conf_f4.o [1]
  .bss                zero     0x200275c4    0x1e4  usbd_audio_in.o [1]
  .bss                zero     0x200277a8    0x1d8  dlmalloc.o [3]
  .bss                zero     0x20027980     0xc8  usbd_desc.o [1]
  .bss                zero     0x20027a48     0xc0  main.o [1]
  .bss                zero     0x20027b08     0x80  waverecorder.o [1]
  .bss                zero     0x20027b88     0x80  waverecorder.o [1]
  .bss                zero     0x20027c08     0x7a  usbd_audio_in.o [1]
  .bss                zero     0x20027c82      0x2  main.o [1]
  .bss                zero     0x20027c84     0x70  main.o [1]
  .bss                zero     0x20027cf4     0x70  waverecorder.o [1]
  .bss                zero     0x20027d64     0x6c  waverecorder.o [1]
  .bss                zero     0x20027dd0     0x6c  waverecorder.o [1]
  .bss                zero     0x20027e3c     0x64  main.o [1]
  .bss                zero     0x20027ea0     0x5c  waverecorder.o [1]
  .bss                zero     0x20027efc     0x50  audio_codec.o [1]
  .bss                zero     0x20027f4c     0x50  stm32746g_discovery_sdram.o [1]
  .bss                zero     0x20027f9c     0x50  waverecorder.o [1]
  .bss                zero     0x20027fec     0x50  waverecorder.o [1]
  .bss                zero     0x2002803c     0x40  waveplayer _CS43L22.o [1]
  .bss                zero     0x2002807c     0x40  waverecorder.o [1]
  .bss                zero     0x200280bc     0x3c  audio_codec.o [1]
  .bss                zero     0x200280f8     0x18  dlmalloc.o [3]
  .bss                zero     0x20028110     0x10  sta321mp.o [1]
  .bss                zero     0x20028120      0x4  DSP.o [1]
  .bss                zero     0x20028124      0x4  stm32f7xx_hal.o [1]
  .bss                zero     0x20028128      0x4  stm32f7xx_it.o [1]
  .bss                zero     0x2002812c      0x4  xgetmemchunk.o [3]
  .bss                zero     0x20028130      0x2  waverecorder.o [1]
  .bss                zero     0x20028132      0x2  waverecorder.o [1]
  .bss                zero     0x20028134      0x1  audio_application.o [1]
  .bss                zero     0x20028135      0x1  usbd_ctlreq.o [1]
  .bss                zero     0x20028136      0x1  waverecorder.o [1]
                             - 0x20028137  0x168c7

"P3", part 3 of 3:                          0x4000
  CSTACK                       0x20028138   0x2000  <Block>
    CSTACK            uninit   0x20028138   0x2000  <Block tail>
  HEAP                         0x2002a138   0x2000  <Block>
    HEAP              uninit   0x2002a138   0x2000  <Block tail>
                             - 0x2002c138   0x4000

Absolute sections:                         0x201e0
  .bss                zero     0xc0000000   0x80a0  waverecorder.o [1]
  .bss                zero     0xc00080a0   0x80a0  waverecorder.o [1]
  .bss                zero     0xc0010140   0x80a0  waverecorder.o [1]
  .bss                zero     0xc00181e0   0x4000  audio_application.o [1]
  .bss                zero     0xc001c1e0   0x4000  audio_application.o [1]
                             - 0xc00201e0  0x201e0


*******************************************************************************
*** INIT TABLE
***

          Address     Size
          -------     ----
Zero (__iar_zero_init3)
    2 destination ranges, total size 0x36aa7:
          0x20011870  0x168c7
          0xc0000000  0x201e0

Copy/lz77 (__iar_lz77_init3)
    1 source range, total size 0x351 (13% of destination):
          0x08021bf0    0x351
    1 destination range, total size 0x186d:
          0x20010000   0x186d



*******************************************************************************
*** MODULE SUMMARY
***

    Module                       ro code  ro data  rw data  rw data
                                                             (abs)
    ------                       -------  -------  -------  -------
D:\sop1hc\Github\data\Mic_Array_V00\USB_STREAMING\Mic_Array\Projects\STM32746G\Applications\Audio\Mic_Array\EWARM\STM32F7\Obj: [1]
    DSP.o                          2 912            53 652
    audio_application.o              336                 1   32 768
    audio_codec.o                  2 128       10      216
    main.o                         2 732      662    7 338
    sta321mp.o                     1 776       17      136
    startup_stm32f746xx.o            780
    stm32746g_discovery.o            196
    stm32746g_discovery_sdram.o      640       14      180
    stm32f7xx_hal.o                  120                 4
    stm32f7xx_hal_cortex.o           204
    stm32f7xx_hal_dma.o            4 072
    stm32f7xx_hal_gpio.o             548
    stm32f7xx_hal_i2c.o            2 192
    stm32f7xx_hal_i2c_ex.o           110
    stm32f7xx_hal_i2s.o              268
    stm32f7xx_hal_pcd.o            2 016
    stm32f7xx_hal_pcd_ex.o           112
    stm32f7xx_hal_pwr_ex.o           108
    stm32f7xx_hal_rcc.o            1 480
    stm32f7xx_hal_rcc_ex.o         1 440
    stm32f7xx_hal_sdram.o            138
    stm32f7xx_hal_spi.o            2 036
    stm32f7xx_hal_uart.o           1 694
    stm32f7xx_it.o                   100                 4
    stm32f7xx_ll_fmc.o               332
    stm32f7xx_ll_usb.o             2 276
    system_stm32f7xx.o                80        2       20
    usbd_audio_if.o                  224        5       36
    usbd_audio_in.o                1 732       10      674
    usbd_conf_f4.o                   534               960
    usbd_core.o                      600
    usbd_ctlreq.o                  1 058                 1
    usbd_desc.o                      284        8      252
    usbd_ioreq.o                     104
    waveplayer _CS43L22.o             96        1       65
    waverecorder.o                 3 488            33 673   98 784
    ---------------------------------------------------------------
    Total:                        38 946      729   97 212  131 552

command line: [2]
    ---------------------------------------------------------------
    Total:

dl7M_tlf.a: [3]
    XShttio.o                          8        1        8
    abort.o                            6
    dlmalloc.o                     5 360               496
    errno.o                           12                 4
    exit.o                             4
    low_level_init.o                   4
    setlocale.o                       20       15      116
    sprintf.o                         52
    xencoding_sb.o                    96
    xgetmemchunk.o                    44                 4
    xmbcurmax.o                       10
    xmbtowc.o                         32
    xprintfsmall.o                 1 988
    xsprout.o                         10
    xtls.o                             2
    xwctomb.o                         26
    ---------------------------------------------------------------
    Total:                         7 674       16      628

iar_cortexM7ls_math.a: [4]
    arm_bitreversal2.o               192
    arm_cfft_f32.o                 1 788
    arm_cfft_radix8_f32.o          1 376
    arm_cmplx_conj_f32.o             304
    arm_cmplx_mag_f32.o              346
    arm_cmplx_mult_cmplx_f32.o       342
    arm_common_tables.o                    78 936
    arm_max_f32.o                    156
    arm_rfft_fast_f32.o              392
    arm_rfft_fast_init_f32.o         324
    ---------------------------------------------------------------
    Total:                         5 220   78 936

libPDMFilter_CM7_IAR.a: [5]
    pdm_filter.o                   1 360      104      772
    ---------------------------------------------------------------
    Total:                         1 360      104      772

m7M_tls.a: [6]
    DblAdd.o                         232
    DblCmpEq.o                        32
    DblCmpGe.o                        46
    DblCmpLe.o                        46
    DblDiv.o                         598
    DblMul.o                         418
    DblSub.o                         384
    DblToFlt.o                       144
    DblToI32.o                        76
    FltCmpEq.o                        28
    FltCmpLe.o                        36
    FltMul.o                          18
    FltToDbl.o                        78
    I32ToDbl.o                        48
    U32ToFlt.o                        14
    floor.o                          110
    fmod.o                           424
    fpinit_M.o                        34
    sqrt.o                           240
    xdint.o                          122
    xquad.o                          360
    xsin.o                         1 122
    ---------------------------------------------------------------
    Total:                         4 610

rt7M_tl.a: [7]
    ABImemclr.o                        6
    ABImemcpy_unaligned.o            118
    ABImemset.o                       94
    I64DivMod.o                      306
    I64DivZer.o                        2
    cexit.o                           10
    cmain.o                           26
    cstartup_M.o                      12
    data_init.o                       40
    iarEdom.o                         12
    lz77_init.o                      452
    memchr.o                          88
    strchr.o                          22
    strlen.o                          54
    zero_init3.o                      64
    ---------------------------------------------------------------
    Total:                         1 306

shb_l.a: [8]
    exit.o                            20
    iarttio.o                         48
    ---------------------------------------------------------------
    Total:                            68

    Gaps                              50        2
    Linker created                             52   16 384
-------------------------------------------------------------------
    Grand Total:                  59 234   79 839  114 996  131 552


*******************************************************************************
*** ENTRY LIST
***

Entry                      Address    Size  Type      Object
-----                      -------    ----  ----      ------
.iar.init_table$$Base   0x08021a3c           --   Gb  - Linker created -
.iar.init_table$$Limit  0x08021a70           --   Gb  - Linker created -
?main                   0x08021a71          Code  Gb  cmain.o [7]
AHBPrescTable           0x20011824    0x10  Data  Gb  system_stm32f7xx.o [1]
APBAHBPrescTable        0x08019968    0x10  Data  Gb  stm32f7xx_hal_rcc.o [1]
AUDIO_Desc              0x20011808    0x1c  Data  Gb  usbd_desc.o [1]
AUDIO_Init              0x08019979    0x26  Code  Gb  audio_codec.o [1]
AUDIO_InitApplication   0x0801bf5d     0xc  Code  Gb  waveplayer _CS43L22.o [1]
AudioPlayerUpd          0x0801c935   0x11a  Code  Gb  audio_application.o [1]
AudioRemSize            0x200117a4     0x4  Data  Gb  audio_codec.o [1]
AudioTotalSize          0x200117a0     0x4  Data  Gb  audio_codec.o [1]
AudioUSBSend            0x0801c91d    0x18  Code  Gb  audio_application.o [1]
Audio_CommandMgr        0x0801f249     0x4  Code  Lc  usbd_audio_if.o [1]
Audio_DeInit            0x0801f205     0x4  Code  Lc  usbd_audio_if.o [1]
Audio_Init              0x0801f201     0x4  Code  Lc  usbd_audio_if.o [1]
Audio_MAL_Play          0x08019e4f    0x58  Code  Gb  audio_codec.o [1]
Audio_MuteCtl           0x0801f239     0x4  Code  Lc  usbd_audio_if.o [1]
Audio_Pause             0x0801f241     0x4  Code  Lc  usbd_audio_if.o [1]
Audio_Record            0x0801f209     0x4  Code  Lc  usbd_audio_if.o [1]
Audio_Resume            0x0801f245     0x4  Code  Lc  usbd_audio_if.o [1]
Audio_Stop              0x0801f23d     0x4  Code  Lc  usbd_audio_if.o [1]
Audio_VolumeCtl         0x0801f20d    0x2c  Code  Lc  usbd_audio_if.o [1]
BSP_LED_Init            0x0801d28d    0x86  Code  Gb  stm32746g_discovery.o [1]
BSP_LED_Toggle          0x0801d313    0x2e  Code  Gb  stm32746g_discovery.o [1]
BSP_SDRAM_Init          0x0801d00d    0xfa  Code  Gb  stm32746g_discovery_sdram.o [1]
BSP_SDRAM_MspInit       0x0801d107   0x15a  Code  Wk  stm32746g_discovery_sdram.o [1]
Buffer1                 0xc0000000  0x80a0  Data  Gb  waverecorder.o [1]
Buffer2                 0xc00080a0  0x80a0  Data  Gb  waverecorder.o [1]
Buffer3                 0xc0010140  0x80a0  Data  Gb  waverecorder.o [1]
BusFault_Handler        0x08021903     0x2  Code  Gb  stm32f7xx_it.o [1]
ButtonInit              0x0801b3ff    0x48  Code  Gb  main.o [1]
CSTACK$$Base            0x20028138           --   Gb  - Linker created -
CSTACK$$Limit           0x2002a138           --   Gb  - Linker created -
Codec_Init              0x08019b87   0x1ee  Code  Lc  audio_codec.o [1]
Codec_Reset             0x08019deb    0x34  Code  Lc  audio_codec.o [1]
Codec_TIMEOUT_UserCallback
                        0x0801bf09     0x4  Code  Gb  waveplayer _CS43L22.o [1]
Codec_VolumeCtrl        0x08019d75    0x76  Code  Lc  audio_codec.o [1]
Codec_WriteRegister     0x08019e1f     0xc  Code  Lc  audio_codec.o [1]
Command                 0x20011750    0x10  Data  Lc  stm32746g_discovery_sdram.o [1]
Command_index           0x20011863     0x1  Data  Gb  main.o [1]
CrssCorVal14            0x2001005c     0x4  Data  Gb  main.o [1]
CrssCorVal25            0x20010060     0x4  Data  Gb  main.o [1]
CrssCorVal63            0x20010064     0x4  Data  Gb  main.o [1]
CrssCorVal78            0x20010058     0x4  Data  Gb  main.o [1]
CurrentPos              0x200117a8     0x4  Data  Gb  audio_codec.o [1]
DFT_Init                0x0801b2c5    0x66  Code  Gb  main.o [1]
DMA1_Stream0_IRQHandler
                        0x08019b7b     0x2  Code  Gb  audio_codec.o [1]
DMA1_Stream7_IRQHandler
                        0x0801999f   0x1dc  Code  Gb  audio_codec.o [1]
DMA2_Stream4_IRQHandler
                        0x0802195d     0x2  Code  Gb  stm32f7xx_it.o [1]
DMA2_Stream5_IRQHandler
                        0x080165bd     0x8  Code  Gb  waverecorder.o [1]
DMA2_Stream6_IRQHandler
                        0x080165c5     0x8  Code  Gb  waverecorder.o [1]
DMA2_Stream7_IRQHandler
                        0x0802195f     0x2  Code  Gb  stm32f7xx_it.o [1]
DebugMon_Handler        0x08021909     0x2  Code  Gb  stm32f7xx_it.o [1]
DmaHandle               0x20027efc    0x50  Data  Gb  audio_codec.o [1]
EXTI15_10_IRQHandler    0x0801b275     0x2  Code  Gb  main.o [1]
EXTI4_IRQHandler        0x0801b24b    0x2a  Code  Gb  main.o [1]
EXTI9_5_IRQHandler      0x0801b277    0x4e  Code  Gb  main.o [1]
EnergyError             0x20028120     0x4  Data  Gb  DSP.o [1]
EnergyNoiseCalc         0x08017c1b    0x2e  Code  Gb  DSP.o [1]
FFTShift                0x08017dc1    0x48  Code  Gb  DSP.o [1]
FFT_Update              0x0801abcd    0xac  Code  Lc  main.o [1]
FMC_SDRAM_Init          0x080201dd    0x74  Code  Gb  stm32f7xx_ll_fmc.o [1]
FMC_SDRAM_ProgramRefreshRate
                        0x0802031d     0xc  Code  Gb  stm32f7xx_ll_fmc.o [1]
FMC_SDRAM_SendCommand   0x080202cd    0x50  Code  Gb  stm32f7xx_ll_fmc.o [1]
FMC_SDRAM_Timing_Init   0x08020251    0x7c  Code  Gb  stm32f7xx_ll_fmc.o [1]
FacMic                  0x20010040    0x18  Data  Gb  main.o [1]
FactorUpd               0x08017c05    0x16  Code  Gb  DSP.o [1]
Filter                  0x20027cf8    0x68  Data  Gb  waverecorder.o [1]
GCC_PHAT                0x08017c51   0x170  Code  Gb  DSP.o [1]
GPIO_INS                0x2001002c    0x14  Data  Gb  main.o [1]
GPIO_PIN                0x0801d348     0x8  Data  Gb  stm32746g_discovery.o [1]
HAL_DMA_DeInit          0x08014c07   0x3da  Code  Gb  stm32f7xx_hal_dma.o [1]
HAL_DMA_IRQHandler      0x080150b9   0xa78  Code  Gb  stm32f7xx_hal_dma.o [1]
HAL_DMA_Init            0x08014b99    0x6e  Code  Gb  stm32f7xx_hal_dma.o [1]
HAL_DMA_Start_IT        0x08015031    0x88  Code  Gb  stm32f7xx_hal_dma.o [1]
HAL_Delay               0x080178df    0x18  Code  Wk  stm32f7xx_hal.o [1]
HAL_GPIO_Init           0x08016921   0x1d0  Code  Gb  stm32f7xx_hal_gpio.o [1]
HAL_GPIO_ReadPin        0x08016af1     0xe  Code  Gb  stm32f7xx_hal_gpio.o [1]
HAL_GPIO_TogglePin      0x08016b07     0x8  Code  Gb  stm32f7xx_hal_gpio.o [1]
HAL_GPIO_WritePin       0x08016aff     0x8  Code  Gb  stm32f7xx_hal_gpio.o [1]
HAL_GetTick             0x080178d9     0x6  Code  Wk  stm32f7xx_hal.o [1]
HAL_I2CEx_ConfigAnalogFilter
                        0x0801bf69    0x50  Code  Gb  stm32f7xx_hal_i2c_ex.o [1]
HAL_I2C_EV_IRQHandler   0x0801b9d1    0xfe  Code  Gb  stm32f7xx_hal_i2c.o [1]
HAL_I2C_ErrorCallback   0x0801badb     0x2  Code  Wk  stm32f7xx_hal_i2c.o [1]
HAL_I2C_GetError        0x0801badd     0x4  Code  Gb  stm32f7xx_hal_i2c.o [1]
HAL_I2C_Init            0x0801b679    0x9e  Code  Gb  stm32f7xx_hal_i2c.o [1]
HAL_I2C_MasterRxCpltCallback
                        0x0801bad1     0x2  Code  Wk  stm32f7xx_hal_i2c.o [1]
HAL_I2C_MasterTxCpltCallback
                        0x0801bacf     0x2  Code  Wk  stm32f7xx_hal_i2c.o [1]
HAL_I2C_Master_Receive  0x0801b865   0x134  Code  Gb  stm32f7xx_hal_i2c.o [1]
HAL_I2C_Master_Transmit
                        0x0801b717   0x14e  Code  Gb  stm32f7xx_hal_i2c.o [1]
HAL_I2C_MemRxCpltCallback
                        0x0801bad9     0x2  Code  Wk  stm32f7xx_hal_i2c.o [1]
HAL_I2C_MemTxCpltCallback
                        0x0801bad7     0x2  Code  Wk  stm32f7xx_hal_i2c.o [1]
HAL_I2C_MspInit         0x0801b0fd    0xbc  Code  Gb  main.o [1]
HAL_I2C_SlaveRxCpltCallback
                        0x0801bad5     0x2  Code  Wk  stm32f7xx_hal_i2c.o [1]
HAL_I2C_SlaveTxCpltCallback
                        0x0801bad3     0x2  Code  Wk  stm32f7xx_hal_i2c.o [1]
HAL_I2S_Init            0x08017901    0xf2  Code  Gb  stm32f7xx_hal_i2s.o [1]
HAL_I2S_MspInit         0x08019ea7   0x264  Code  Gb  audio_codec.o [1]
HAL_I2S_TxCpltCallback  0x0801b473    0x86  Code  Gb  main.o [1]
HAL_IncTick             0x080178cf     0xa  Code  Wk  stm32f7xx_hal.o [1]
HAL_Init                0x08017889    0x20  Code  Gb  stm32f7xx_hal.o [1]
HAL_InitTick            0x080178ab    0x24  Code  Wk  stm32f7xx_hal.o [1]
HAL_MspInit             0x080178a9     0x2  Code  Wk  stm32f7xx_hal.o [1]
HAL_NVIC_DisableIRQ     0x08017a85     0xa  Code  Gb  stm32f7xx_hal_cortex.o [1]
HAL_NVIC_EnableIRQ      0x08017a79     0xc  Code  Gb  stm32f7xx_hal_cortex.o [1]
HAL_NVIC_SetPriority    0x08017a27    0x52  Code  Gb  stm32f7xx_hal_cortex.o [1]
HAL_NVIC_SetPriorityGrouping
                        0x08017a0d    0x1a  Code  Gb  stm32f7xx_hal_cortex.o [1]
HAL_PCDEx_ActivateLPM   0x08020b4f    0x22  Code  Gb  stm32f7xx_hal_pcd_ex.o [1]
HAL_PCDEx_LPM_Callback  0x08020b77     0x2  Code  Wk  stm32f7xx_hal_pcd_ex.o [1]
HAL_PCDEx_SetRxFiFo     0x08020b47     0x8  Code  Gb  stm32f7xx_hal_pcd_ex.o [1]
HAL_PCDEx_SetTxFiFo     0x08020b09    0x3e  Code  Gb  stm32f7xx_hal_pcd_ex.o [1]
HAL_PCD_ConnectCallback
                        0x0801f45f     0x8  Code  Gb  usbd_conf_f4.o [1]
HAL_PCD_DataInStageCallback
                        0x0801f405    0x12  Code  Gb  usbd_conf_f4.o [1]
HAL_PCD_DataOutStageCallback
                        0x0801f3f1    0x14  Code  Gb  usbd_conf_f4.o [1]
HAL_PCD_DisconnectCallback
                        0x0801f467     0x8  Code  Gb  usbd_conf_f4.o [1]
HAL_PCD_EP_Close        0x080208bd    0x40  Code  Gb  stm32f7xx_hal_pcd.o [1]
HAL_PCD_EP_ClrStall     0x080209f1    0x4e  Code  Gb  stm32f7xx_hal_pcd.o [1]
HAL_PCD_EP_Flush        0x08020a3f    0x2c  Code  Gb  stm32f7xx_hal_pcd.o [1]
HAL_PCD_EP_Open         0x08020869    0x54  Code  Gb  stm32f7xx_hal_pcd.o [1]
HAL_PCD_EP_Receive      0x080208fd    0x3c  Code  Gb  stm32f7xx_hal_pcd.o [1]
HAL_PCD_EP_SetStall     0x08020995    0x5c  Code  Gb  stm32f7xx_hal_pcd.o [1]
HAL_PCD_EP_Transmit     0x08020939    0x3a  Code  Gb  stm32f7xx_hal_pcd.o [1]
HAL_PCD_IRQHandler      0x0802040b   0x438  Code  Gb  stm32f7xx_hal_pcd.o [1]
HAL_PCD_ISOINIncompleteCallback
                        0x0801f457     0x8  Code  Gb  usbd_conf_f4.o [1]
HAL_PCD_ISOOUTIncompleteCallback
                        0x0801f44f     0x8  Code  Gb  usbd_conf_f4.o [1]
HAL_PCD_Init            0x08020329    0xbe  Code  Gb  stm32f7xx_hal_pcd.o [1]
HAL_PCD_MspInit         0x0801f36d    0x78  Code  Gb  usbd_conf_f4.o [1]
HAL_PCD_ResetCallback   0x0801f41f    0x20  Code  Gb  usbd_conf_f4.o [1]
HAL_PCD_ResumeCallback  0x0801f447     0x8  Code  Gb  usbd_conf_f4.o [1]
HAL_PCD_SOFCallback     0x0801f417     0x8  Code  Gb  usbd_conf_f4.o [1]
HAL_PCD_SetAddress      0x0802084b    0x1e  Code  Gb  stm32f7xx_hal_pcd.o [1]
HAL_PCD_SetupStageCallback
                        0x0801f3e5     0xc  Code  Gb  usbd_conf_f4.o [1]
HAL_PCD_Start           0x080203e7    0x24  Code  Gb  stm32f7xx_hal_pcd.o [1]
HAL_PCD_SuspendCallback
                        0x0801f43f     0x8  Code  Gb  usbd_conf_f4.o [1]
HAL_PWREx_EnableOverDrive
                        0x0801ea31    0x64  Code  Gb  stm32f7xx_hal_pwr_ex.o [1]
HAL_RCCEx_GetPeriphCLKConfig
                        0x0801ced7   0x11a  Code  Gb  stm32f7xx_hal_rcc_ex.o [1]
HAL_RCCEx_PeriphCLKConfig
                        0x0801ca6d   0x46a  Code  Gb  stm32f7xx_hal_rcc_ex.o [1]
HAL_RCC_ClockConfig     0x080196d7   0x1c2  Code  Gb  stm32f7xx_hal_rcc.o [1]
HAL_RCC_GetHCLKFreq     0x080198df    0x1e  Code  Gb  stm32f7xx_hal_rcc.o [1]
HAL_RCC_GetPCLK1Freq    0x080198fd    0x24  Code  Gb  stm32f7xx_hal_rcc.o [1]
HAL_RCC_GetPCLK2Freq    0x08019921    0x22  Code  Gb  stm32f7xx_hal_rcc.o [1]
HAL_RCC_GetSysClockFreq
                        0x08019899    0x46  Code  Gb  stm32f7xx_hal_rcc.o [1]
HAL_RCC_OscConfig       0x080193b1   0x326  Code  Gb  stm32f7xx_hal_rcc.o [1]
HAL_SDRAM_Init          0x0801f2e1    0x3a  Code  Gb  stm32f7xx_hal_sdram.o [1]
HAL_SDRAM_MspInit       0x0801f31b     0x2  Code  Wk  stm32f7xx_hal_sdram.o [1]
HAL_SDRAM_ProgramRefreshRate
                        0x0801f349    0x22  Code  Gb  stm32f7xx_hal_sdram.o [1]
HAL_SDRAM_SendCommand   0x0801f31d    0x2c  Code  Gb  stm32f7xx_hal_sdram.o [1]
HAL_SPI_ErrorCallback   0x080173bf     0x2  Code  Wk  stm32f7xx_hal_spi.o [1]
HAL_SPI_Init            0x08017095    0xb2  Code  Gb  stm32f7xx_hal_spi.o [1]
HAL_SPI_MspInit         0x080161b1   0x402  Code  Gb  waverecorder.o [1]
HAL_SPI_Receive_DMA     0x0801714d    0xfa  Code  Gb  stm32f7xx_hal_spi.o [1]
HAL_SPI_RxCpltCallback  0x080165e9    0x62  Code  Gb  waverecorder.o [1]
HAL_SPI_RxHalfCpltCallback
                        0x080173bb     0x2  Code  Wk  stm32f7xx_hal_spi.o [1]
HAL_SPI_TransmitReceive_DMA
                        0x08017247   0x172  Code  Gb  stm32f7xx_hal_spi.o [1]
HAL_SPI_TxRxCpltCallback
                        0x080173b9     0x2  Code  Wk  stm32f7xx_hal_spi.o [1]
HAL_SPI_TxRxHalfCpltCallback
                        0x080173bd     0x2  Code  Wk  stm32f7xx_hal_spi.o [1]
HAL_SYSTICK_Config      0x08017a97    0x22  Code  Gb  stm32f7xx_hal_cortex.o [1]
HAL_UART_ErrorCallback  0x0801e55f     0x2  Code  Wk  stm32f7xx_hal_uart.o [1]
HAL_UART_IRQHandler     0x0801e459   0x102  Code  Gb  stm32f7xx_hal_uart.o [1]
HAL_UART_Init           0x0801e391    0x50  Code  Gb  stm32f7xx_hal_uart.o [1]
HAL_UART_MspInit        0x0801b1e3    0x68  Code  Gb  main.o [1]
HAL_UART_RxCpltCallback
                        0x0801e55d     0x2  Code  Wk  stm32f7xx_hal_uart.o [1]
HAL_UART_Transmit_IT    0x0801e3f7    0x5a  Code  Gb  stm32f7xx_hal_uart.o [1]
HAL_UART_TxCpltCallback
                        0x0801e55b     0x2  Code  Wk  stm32f7xx_hal_uart.o [1]
HEAP$$Base              0x2002a138           --   Gb  - Linker created -
HEAP$$Limit             0x2002c138           --   Gb  - Linker created -
HardFault_Handler       0x080218ff     0x2  Code  Gb  stm32f7xx_it.o [1]
I2C1_EV_IRQHandler      0x08021931     0x6  Code  Gb  stm32f7xx_it.o [1]
I2C2_EV_IRQHandler      0x08021937     0x6  Code  Gb  stm32f7xx_it.o [1]
I2C_IsAcknowledgeFailed
                        0x0801be57    0x84  Code  Lc  stm32f7xx_hal_i2c.o [1]
I2C_MasterReceive_ISR   0x0801bbe5   0x100  Code  Lc  stm32f7xx_hal_i2c.o [1]
I2C_MasterTransmit_ISR  0x0801bae1   0x102  Code  Lc  stm32f7xx_hal_i2c.o [1]
I2C_SlaveReceive_ISR    0x0801bd7f    0x86  Code  Lc  stm32f7xx_hal_i2c.o [1]
I2C_SlaveTransmit_ISR   0x0801bceb    0x94  Code  Lc  stm32f7xx_hal_i2c.o [1]
I2C_TransferConfig      0x0801bedb    0x20  Code  Lc  stm32f7xx_hal_i2c.o [1]
I2C_WaitOnSTOPFlagUntilTimeout
                        0x0801be0b    0x34  Code  Lc  stm32f7xx_hal_i2c.o [1]
I2S2_idxTmp             0x20010014     0x2  Data  Gb  main.o [1]
I2S2_stLR               0x20027ea2     0x1  Data  Gb  waverecorder.o [1]
I2S2_stLROld            0x20027ea3     0x1  Data  Gb  waverecorder.o [1]
I2S2_stNipple           0x20027eb6     0x2  Data  Gb  waverecorder.o [1]
I2S3_Init               0x0801bf0d    0x42  Code  Gb  waveplayer _CS43L22.o [1]
IS                      0x20027ad8    0x18  Data  Gb  main.o [1]
IS_GCC                  0x20027af0    0x18  Data  Gb  main.o [1]
InStream_Read           0x0802161d    0x22  Code  Lc  lz77_init.o [7]
IsocInBuffDummy         0x20027628   0x180  Data  Lc  usbd_audio_in.o [1]
LoadInt                 0x0801fe49    0x4c  Code  Lc  xprintfsmall.o [3]
LowPassIIR              0x08017ad9    0x9c  Code  Gb  DSP.o [1]
MIC1TO6_Init            0x08015f57   0x134  Code  Gb  waverecorder.o [1]
MX_I2C1_Init            0x0801a115    0x32  Code  Gb  audio_codec.o [1]
MX_I2C2_Init            0x0801b447    0x2c  Code  Gb  main.o [1]
MemManage_Handler       0x08021901     0x2  Code  Gb  stm32f7xx_it.o [1]
NMI_Handler             0x080218fd     0x2  Code  Gb  stm32f7xx_it.o [1]
NoiseBG                 0x08017e38   0x800  Data  Gb  DSP.o [1]
OTG_FS_IRQHandler       0x0802193d     0x6  Code  Gb  stm32f7xx_it.o [1]
OutStream_Write         0x0802163f    0x40  Code  Lc  lz77_init.o [7]
OutputDev               0x20011760     0x1  Data  Gb  audio_codec.o [1]
PCD_WriteEmptyTxFifo    0x08020a6b    0x9e  Code  Lc  stm32f7xx_hal_pcd.o [1]
PCM_Buffer1             0xc00181e0  0x4000  Data  Gb  audio_application.o [1]
PCM_Buffer2             0xc001c1e0  0x4000  Data  Gb  audio_application.o [1]
PDM2PCMSDO78            0x08016671   0x220  Code  Gb  waverecorder.o [1]
PDM_Filter_64_LSB       0x08016d45   0x31e  Code  Gb  pdm_filter.o [5]
PDM_Filter_Init         0x08016b45   0x1fe  Code  Gb  pdm_filter.o [5]
PendSV_Handler          0x0802190b     0x2  Code  Gb  stm32f7xx_it.o [1]
Region$$Table$$Base     0x08021a3c           --   Gb  - Linker created -
Region$$Table$$Limit    0x08021a70           --   Gb  - Linker created -
S1                      0x20027a78    0x18  Data  Gb  main.o [1]
S2                      0x20027a90    0x18  Data  Gb  main.o [1]
S3                      0x20027aa8    0x18  Data  Gb  main.o [1]
S4                      0x20027ac0    0x18  Data  Gb  main.o [1]
SPI1_IRQHandler         0x08015b81    0xe8  Code  Gb  waverecorder.o [1]
SPI1_stNipple           0x20027eb4     0x2  Data  Gb  waverecorder.o [1]
SPI2_IRQHandler         0x08015c69    0xfe  Code  Gb  waverecorder.o [1]
SPI3_IRQHandler         0x08019b7d     0xa  Code  Gb  audio_codec.o [1]
SPI4_IRQHandler         0x08015d67   0x10a  Code  Gb  waverecorder.o [1]
SPI4_Init               0x0801608b    0x56  Code  Gb  waverecorder.o [1]
SPI4_stNipple           0x20027eb8     0x2  Data  Gb  waverecorder.o [1]
SPI4_stPosShft          0x20027ea1     0x1  Data  Gb  waverecorder.o [1]
SPI5_IRQHandler         0x08015e71    0x76  Code  Gb  waverecorder.o [1]
SPI5_Init               0x080160e1    0x88  Code  Gb  waverecorder.o [1]
SPI6_IRQHandler         0x08015ee7    0x70  Code  Gb  waverecorder.o [1]
SPI6_Init               0x08016169     0x2  Code  Gb  waverecorder.o [1]
SPI_DMAError            0x080176b1    0x1c  Code  Lc  stm32f7xx_hal_spi.o [1]
SPI_DMAHalfReceiveCplt  0x08017699     0xa  Code  Lc  stm32f7xx_hal_spi.o [1]
SPI_DMAHalfTransmitReceiveCplt
                        0x080176a5     0xa  Code  Lc  stm32f7xx_hal_spi.o [1]
SPI_DMAReceiveCplt      0x080173c1   0x16c  Code  Lc  stm32f7xx_hal_spi.o [1]
SPI_DMATransmitReceiveCplt
                        0x0801752d   0x164  Code  Lc  stm32f7xx_hal_spi.o [1]
SPI_EndRxTransaction    0x080177fb    0x50  Code  Lc  stm32f7xx_hal_spi.o [1]
SPI_EndRxTxTransaction  0x0801784b    0x3e  Code  Lc  stm32f7xx_hal_spi.o [1]
SPI_WaitFifoStateUntilTimeout
                        0x0801775d    0x9e  Code  Lc  stm32f7xx_hal_spi.o [1]
SPI_WaitFlagStateUntilTimeout
                        0x080176d5    0x88  Code  Lc  stm32f7xx_hal_spi.o [1]
STA321MP_Ini            0x0801d351   0x212  Code  Gb  sta321mp.o [1]
STACoefSet              0x0801d5b9   0x1c4  Code  Gb  sta321mp.o [1]
SVC_Handler             0x08021907     0x2  Code  Gb  stm32f7xx_it.o [1]
S_GCC1                  0x20027a48    0x18  Data  Gb  main.o [1]
S_GCC2                  0x20027a60    0x18  Data  Gb  main.o [1]
Send_Audio_to_USB       0x0801f24d     0xa  Code  Gb  usbd_audio_if.o [1]
SetCoefValue            0x0801d8a3    0x5e  Code  Gb  sta321mp.o [1]
StartPlay               0x0801b4f9    0x44  Code  Gb  main.o [1]
SumDelay                0x0801b32b    0xd4  Code  Gb  main.o [1]
SysTick_Handler         0x0802190d    0x1c  Code  Gb  stm32f7xx_it.o [1]
SystemClock_Config      0x0801b05d    0xa0  Code  Lc  main.o [1]
SystemCoreClock         0x20011834     0x4  Data  Gb  system_stm32f7xx.o [1]
SystemInit              0x08021961    0x3a  Code  Gb  system_stm32f7xx.o [1]
T0                      0x20011310   0x100  Data  Gb  pdm_filter.o [5]
T1                      0x20011410   0x100  Data  Gb  pdm_filter.o [5]
T2                      0x20011510   0x100  Data  Gb  pdm_filter.o [5]
TestSDO7                0x2001d870  0x2000  Data  Gb  waverecorder.o [1]
TestSDO7_1              0x20021870  0x2000  Data  Gb  waverecorder.o [1]
TestSDO8                0x2001f870  0x2000  Data  Gb  waverecorder.o [1]
TestSDO8_1              0x20023870  0x2000  Data  Gb  waverecorder.o [1]
Timing                  0x20011734    0x1c  Data  Lc  stm32746g_discovery_sdram.o [1]
UART_AdvFeatureConfig   0x0801e8d5    0xc6  Code  Gb  stm32f7xx_hal_uart.o [1]
UART_CheckIdleState     0x0801e99b    0x94  Code  Gb  stm32f7xx_hal_uart.o [1]
UART_Receive_IT         0x0801e631    0x84  Code  Lc  stm32f7xx_hal_uart.o [1]
UART_SetConfig          0x0801e6b5   0x1ee  Code  Gb  stm32f7xx_hal_uart.o [1]
UART_Transmit_IT        0x0801e561    0xd0  Code  Lc  stm32f7xx_hal_uart.o [1]
USART3_IRQHandler       0x0802192b     0x6  Code  Gb  stm32f7xx_it.o [1]
USART3_Init             0x0801b1b9    0x2a  Code  Gb  main.o [1]
USART6_IRQHandler       0x08021929     0x2  Code  Gb  stm32f7xx_it.o [1]
USBD_AUDIO              0x200117ac    0x38  Data  Gb  usbd_audio_in.o [1]
USBD_AUDIO_CfgDesc      0x20027c08    0x78  Data  Lc  usbd_audio_in.o [1]
USBD_AUDIO_ConfigStrDescriptor
                        0x0802182b     0xc  Code  Gb  usbd_desc.o [1]
USBD_AUDIO_DataIn       0x0801dbc1    0xc4  Code  Lc  usbd_audio_in.o [1]
USBD_AUDIO_DataOut      0x0801dccd     0x4  Code  Lc  usbd_audio_in.o [1]
USBD_AUDIO_Data_Transfer
                        0x0801dcdb    0xd8  Code  Gb  usbd_audio_in.o [1]
USBD_AUDIO_DeInit       0x0801daa9    0x26  Code  Lc  usbd_audio_in.o [1]
USBD_AUDIO_DeviceDescriptor
                        0x080217e1     0x8  Code  Gb  usbd_desc.o [1]
USBD_AUDIO_DeviceQualifierDesc
                        0x2001184c     0xc  Data  Lc  usbd_audio_in.o [1]
USBD_AUDIO_EP0_RxReady  0x0801dc85    0x38  Code  Lc  usbd_audio_in.o [1]
USBD_AUDIO_EP0_TxReady  0x0801dcbd     0x4  Code  Lc  usbd_audio_in.o [1]
USBD_AUDIO_GetCfgDesc   0x0801dbb7     0xa  Code  Lc  usbd_audio_in.o [1]
USBD_AUDIO_GetDeviceQualifierDesc
                        0x0801dcd1     0xa  Code  Lc  usbd_audio_in.o [1]
USBD_AUDIO_Init         0x0801da41    0x68  Code  Lc  usbd_audio_in.o [1]
USBD_AUDIO_Init_Microphone_Descriptor
                        0x0801ddbd   0x330  Code  Gb  usbd_audio_in.o [1]
USBD_AUDIO_InterfaceStrDescriptor
                        0x08021845    0x12  Code  Gb  usbd_desc.o [1]
USBD_AUDIO_IsoINIncomplete
                        0x0801dcc5     0x4  Code  Lc  usbd_audio_in.o [1]
USBD_AUDIO_IsoOutIncomplete
                        0x0801dcc9     0x4  Code  Lc  usbd_audio_in.o [1]
USBD_AUDIO_LangIDStrDescriptor
                        0x080217e9     0x8  Code  Gb  usbd_desc.o [1]
USBD_AUDIO_ManufacturerStrDescriptor
                        0x08021807     0xe  Code  Gb  usbd_desc.o [1]
USBD_AUDIO_ProductStrDescriptor
                        0x080217f1    0x16  Code  Gb  usbd_desc.o [1]
USBD_AUDIO_RegisterInterface
                        0x0801ddb3     0xa  Code  Gb  usbd_audio_in.o [1]
USBD_AUDIO_SOF          0x0801dcc1     0x4  Code  Lc  usbd_audio_in.o [1]
USBD_AUDIO_SerialStrDescriptor
                        0x08021815    0x16  Code  Gb  usbd_desc.o [1]
USBD_AUDIO_Setup        0x0801dacf    0xe8  Code  Lc  usbd_audio_in.o [1]
USBD_AUDIO_fops         0x200117e4    0x24  Data  Gb  usbd_audio_if.o [1]
USBD_ClrClassConfig     0x0801e15b     0x8  Code  Gb  usbd_core.o [1]
USBD_CtlContinueRx      0x0801f5bf     0x6  Code  Gb  usbd_ioreq.o [1]
USBD_CtlContinueSendData
                        0x0801f599     0x6  Code  Gb  usbd_ioreq.o [1]
USBD_CtlError           0x0801f9b3    0x16  Code  Gb  usbd_ctlreq.o [1]
USBD_CtlPrepareRx       0x0801f5a9    0x16  Code  Gb  usbd_ioreq.o [1]
USBD_CtlReceiveStatus   0x0801f5dd     0xe  Code  Gb  usbd_ioreq.o [1]
USBD_CtlSendData        0x0801f583    0x16  Code  Gb  usbd_ioreq.o [1]
USBD_CtlSendStatus      0x0801f5cf     0xe  Code  Gb  usbd_ioreq.o [1]
USBD_GetDescriptor      0x0801f87d   0x10e  Code  Lc  usbd_ctlreq.o [1]
USBD_GetString          0x0801f9c9    0x46  Code  Gb  usbd_ctlreq.o [1]
USBD_Init               0x0801e105    0x26  Code  Gb  usbd_core.o [1]
USBD_LL_ClearStallEP    0x0801f52d     0xe  Code  Gb  usbd_conf_f4.o [1]
USBD_LL_CloseEP         0x0801f503     0xe  Code  Gb  usbd_conf_f4.o [1]
USBD_LL_DataInStage     0x0801e21d    0xa2  Code  Gb  usbd_core.o [1]
USBD_LL_DataOutStage    0x0801e1b9    0x64  Code  Gb  usbd_core.o [1]
USBD_LL_DevConnected    0x0801e341     0x4  Code  Gb  usbd_core.o [1]
USBD_LL_DevDisconnected
                        0x0801e345    0x10  Code  Gb  usbd_core.o [1]
USBD_LL_FlushEP         0x0801f511     0xe  Code  Gb  usbd_conf_f4.o [1]
USBD_LL_Init            0x0801f46f    0x60  Code  Gb  usbd_conf_f4.o [1]
USBD_LL_IsStallEP       0x0801f53b    0x1e  Code  Gb  usbd_conf_f4.o [1]
USBD_LL_IsoINIncomplete
                        0x0801e339     0x4  Code  Gb  usbd_core.o [1]
USBD_LL_IsoOUTIncomplete
                        0x0801e33d     0x4  Code  Gb  usbd_core.o [1]
USBD_LL_OpenEP          0x0801f4ef    0x14  Code  Gb  usbd_conf_f4.o [1]
USBD_LL_PrepareReceive  0x0801f575     0xe  Code  Gb  usbd_conf_f4.o [1]
USBD_LL_Reset           0x0801e2bf    0x42  Code  Gb  usbd_core.o [1]
USBD_LL_Resume          0x0801e313     0x6  Code  Gb  usbd_core.o [1]
USBD_LL_SOF             0x0801e31f    0x1a  Code  Gb  usbd_core.o [1]
USBD_LL_SetSpeed        0x0801e301     0x6  Code  Gb  usbd_core.o [1]
USBD_LL_SetUSBAddress   0x0801f559     0xe  Code  Gb  usbd_conf_f4.o [1]
USBD_LL_SetupStage      0x0801e163    0x56  Code  Gb  usbd_core.o [1]
USBD_LL_StallEP         0x0801f51f     0xe  Code  Gb  usbd_conf_f4.o [1]
USBD_LL_Start           0x0801f4e1     0xe  Code  Gb  usbd_conf_f4.o [1]
USBD_LL_Suspend         0x0801e307     0xc  Code  Gb  usbd_core.o [1]
USBD_LL_Transmit        0x0801f567     0xe  Code  Gb  usbd_conf_f4.o [1]
USBD_LangIDDesc         0x20011864     0x4  Data  Gb  usbd_desc.o [1]
USBD_ParseSetupRequest  0x0801f98b    0x28  Code  Gb  usbd_ctlreq.o [1]
USBD_RegisterClass      0x0801e12b    0x10  Code  Gb  usbd_core.o [1]
USBD_SetClassConfig     0x0801e145    0x16  Code  Gb  usbd_core.o [1]
USBD_Start              0x0801e13b     0xa  Code  Gb  usbd_core.o [1]
USBD_StdDevReq          0x0801f5ed   0x14e  Code  Gb  usbd_ctlreq.o [1]
USBD_StdEPReq           0x0801f77f    0xfe  Code  Gb  usbd_ctlreq.o [1]
USBD_StdItfReq          0x0801f741    0x3e  Code  Gb  usbd_ctlreq.o [1]
USBD_StrDesc            0x20027980    0xc8  Data  Gb  usbd_desc.o [1]
USB_ActivateEndpoint    0x08020f4d    0x7c  Code  Gb  stm32f7xx_ll_usb.o [1]
USB_ActivateSetup       0x08021525    0x2e  Code  Gb  stm32f7xx_ll_usb.o [1]
USB_CoreInit            0x08020cc5    0xa0  Code  Gb  stm32f7xx_ll_usb.o [1]
USB_DeactivateEndpoint  0x08020fc9    0x62  Code  Gb  stm32f7xx_ll_usb.o [1]
USB_DevConnect          0x0802149f     0xe  Code  Gb  stm32f7xx_ll_usb.o [1]
USB_DevDisconnect       0x080214ad     0xc  Code  Gb  stm32f7xx_ll_usb.o [1]
USB_DevInit             0x08020d9f   0x142  Code  Gb  stm32f7xx_ll_usb.o [1]
USB_DisableGlobalInt    0x08020d6d     0x6  Code  Gb  stm32f7xx_ll_usb.o [1]
USB_EP0StartXfer        0x08021253   0x134  Code  Gb  stm32f7xx_ll_usb.o [1]
USB_EP0_OutStart        0x08021553    0x30  Code  Gb  stm32f7xx_ll_usb.o [1]
USB_EPClearStall        0x08021429    0x5a  Code  Gb  stm32f7xx_ll_usb.o [1]
USB_EPSetStall          0x080213db    0x4e  Code  Gb  stm32f7xx_ll_usb.o [1]
USB_EPStartXfer         0x08021031   0x222  Code  Gb  stm32f7xx_ll_usb.o [1]
USB_EnableGlobalInt     0x08020d65     0x8  Code  Gb  stm32f7xx_ll_usb.o [1]
USB_FlushRxFifo         0x08020eff    0x1a  Code  Gb  stm32f7xx_ll_usb.o [1]
USB_FlushTxFifo         0x08020ee1    0x1e  Code  Gb  stm32f7xx_ll_usb.o [1]
USB_GetDevSpeed         0x08020f19    0x34  Code  Gb  stm32f7xx_ll_usb.o [1]
USB_GetMode             0x0802151d     0x8  Code  Gb  stm32f7xx_ll_usb.o [1]
USB_ReadDevAllInEpInterrupt
                        0x080214db     0xe  Code  Gb  stm32f7xx_ll_usb.o [1]
USB_ReadDevAllOutEpInterrupt
                        0x080214cd     0xe  Code  Gb  stm32f7xx_ll_usb.o [1]
USB_ReadDevInEPInterrupt
                        0x080214fd    0x20  Code  Gb  stm32f7xx_ll_usb.o [1]
USB_ReadDevOutEPInterrupt
                        0x080214e9    0x14  Code  Gb  stm32f7xx_ll_usb.o [1]
USB_ReadInterrupts      0x080214c5     0x8  Code  Gb  stm32f7xx_ll_usb.o [1]
USB_ReadPacket          0x080213bd    0x1e  Code  Gb  stm32f7xx_ll_usb.o [1]
USB_SetCurrentMode      0x08020d79    0x26  Code  Gb  stm32f7xx_ll_usb.o [1]
USB_SetDevAddress       0x08021483    0x12  Code  Gb  stm32f7xx_ll_usb.o [1]
USB_WritePacket         0x0802138f    0x2e  Code  Gb  stm32f7xx_ll_usb.o [1]
UsageFault_Handler      0x08021905     0x2  Code  Gb  stm32f7xx_it.o [1]
VOL_CUR                 0x20027c80     0x2  Data  Lc  usbd_audio_in.o [1]
Volume                  0x20011761     0x1  Data  Gb  audio_codec.o [1]
WaveRec_idxSens1        0x20010016     0x2  Data  Gb  main.o [1]
WaveRec_idxSens2        0x20010018     0x2  Data  Gb  main.o [1]
WaveRec_idxSens3        0x20010012     0x2  Data  Gb  main.o [1]
WaveRec_idxSens4        0x20010010     0x2  Data  Gb  main.o [1]
WaveRec_idxSens5        0x2001001a     0x2  Data  Gb  main.o [1]
WaveRec_idxSens6        0x2001001c     0x2  Data  Gb  main.o [1]
WaveRec_idxTest         0x20027ea6     0x2  Data  Gb  waverecorder.o [1]
WaveRecord_flgIni       0x20028136     0x1  Data  Gb  waverecorder.o [1]
WaveRecord_flgInt       0x20027ea0     0x1  Data  Gb  waverecorder.o [1]
WaveRecord_flgSDO7Finish
                        0x20027cf6     0x1  Data  Gb  waverecorder.o [1]
WaveRecord_flgSDO8Finish
                        0x20027cf7     0x1  Data  Gb  waverecorder.o [1]
Window                  0x08017b75    0x6e  Code  Gb  DSP.o [1]
WriteCoef               0x0801d77d   0x126  Code  Gb  sta321mp.o [1]
WriteSTAByte            0x0801d563    0x56  Code  Gb  sta321mp.o [1]
_EncodingSb_Mbtowc      0x080215d7    0x30  Code  Gb  xencoding_sb.o [3]
_EncodingSb_Wctomb      0x080215bd    0x1a  Code  Gb  xencoding_sb.o [3]
_IsdstStr               0x2001168c     0x4  Data  Gb  setlocale.o [3]
_LitobSmall             0x080200c7    0xce  Code  Lc  xprintfsmall.o [3]
_LocaleEncoding         0x080215a9     0xe  Code  Gb  setlocale.o [3]
_LocaleReturnString     0x200116ac    0x50  Data  Lc  setlocale.o [3]
_Locale_Profile         0x20011690    0x1c  Data  Gb  setlocale.o [3]
_Mbtowc                 0x08020bd7    0x20  Code  Gb  xmbtowc.o [3]
_PrintfSmall            0x0801fa19   0x430  Code  Gb  xprintfsmall.o [3]
_PutcharsSmall          0x08020195    0x2e  Code  Lc  xprintfsmall.o [3]
_PutstrSmall            0x0801fe95   0x228  Code  Lc  xprintfsmall.o [3]
_SProut                 0x08014b17     0xa  Code  Gb  xsprout.o [3]
_TzoneStr               0x20011688     0x4  Data  Gb  setlocale.o [3]
_Wctomb                 0x08020cab    0x1a  Code  Gb  xwctomb.o [3]
__aeabi_cdcmpeq         0x0801c755          Code  Gb  DblCmpEq.o [6]
__aeabi_cdcmple         0x0801a9ed          Code  Gb  DblCmpLe.o [6]
__aeabi_cdrcmple        0x0801aa1d          Code  Gb  DblCmpGe.o [6]
__aeabi_cfcmpeq         0x08018639          Code  Gb  FltCmpEq.o [6]
__aeabi_cfcmple         0x08018665          Code  Gb  FltCmpLe.o [6]
__aeabi_d2f             0x08018c4d          Code  Gb  DblToFlt.o [6]
__aeabi_d2iz            0x08018a5d          Code  Gb  DblToI32.o [6]
__aeabi_dadd            0x08018975          Code  Gb  DblAdd.o [6]
__aeabi_ddiv            0x0801871d          Code  Gb  DblDiv.o [6]
__aeabi_dmul            0x08018aa9          Code  Gb  DblMul.o [6]
__aeabi_dsub            0x08019141          Code  Gb  DblSub.o [6]
__aeabi_errno_addr      0x0801aa4d     0x6  Code  Gb  errno.o [3]
__aeabi_f2d             0x0801869d          Code  Gb  FltToDbl.o [6]
__aeabi_fmul            0x08018689    0x12  Code  Gb  FltMul.o [6]
__aeabi_i2d             0x080186ed          Code  Gb  I32ToDbl.o [6]
__aeabi_ldiv0           0x0801bfd9          Code  Gb  I64DivZer.o [7]
__aeabi_ldivmod         0x0801a1c9          Code  Gb  I64DivMod.o [7]
__aeabi_memclr          0x0801fa11          Code  Gb  ABImemclr.o [7]
__aeabi_ui2d            0x08018701          Code  Gb  I32ToDbl.o [6]
__aeabi_ui2f            0x08018655     0xe  Code  Gb  U32ToFlt.o [6]
__aeabi_uldivmod        0x0801a20d          Code  Gb  I64DivMod.o [7]
__cmain                 0x08021a71          Code  Gb  cmain.o [7]
__data_GetMemChunk      0x08014b21    0x2c  Code  Gb  xgetmemchunk.o [3]
__exit                  0x08014b4d    0x14  Code  Gb  exit.o [8]
__iar_Dint              0x0801c6db    0x7a  Code  Gb  xdint.o [6]
__iar_Errno             0x20011868     0x4  Data  Gb  errno.o [3]
__iar_Mbcurmax          0x08020ca1     0xa  Code  Gb  xmbcurmax.o [3]
__iar_Memchr            0x08020c49          Code  Gb  memchr.o [7]
__iar_Memset_word       0x08020b79          Code  Gb  ABImemset.o [7]
__iar_Quad              0x0801aa59   0x12c  Code  Gb  xquad.o [6]
__iar_Sin               0x08018cdd   0x3b2  Code  Gb  xsin.o [6]
__iar_Strchr            0x08020bf9          Code  Gb  strchr.o [7]
__iar_close_ttio        0x08014b61    0x2e  Code  Gb  iarttio.o [8]
__iar_d2uiz             0x08018a89          Code  Gb  DblToI32.o [6]
__iar_dadd              0x08018989          Code  Gb  DblAdd.o [6]
__iar_data_init3        0x080219f1    0x28  Code  Gb  data_init.o [7]
__iar_dlfree            0x080145f7   0x510  Code  Gb  dlmalloc.o [3]
__iar_dlib_perthread_access
                        0x0801c6d9     0x2  Code  Gb  xtls.o [3]
__iar_dlmalloc          0x08014341   0x2aa  Code  Gb  dlmalloc.o [3]
__iar_dsub              0x08019155          Code  Gb  DblSub.o [6]
__iar_dsubStart         0x08019167          Code  Gb  DblSub.o [6]
__iar_edom              0x0801abc1          Code  Gb  iarEdom.o [7]
__iar_floor             0x0801a915          Code  Gb  floor.o [6]
__iar_floorl            0x0801a915          Code  Gb  floor.o [6]
__iar_fmod              0x0801c775          Code  Gb  fmod.o [6]
__iar_fmodl             0x0801c775          Code  Gb  fmod.o [6]
__iar_init_vfp          0x08021a19          Code  Gb  fpinit_M.o [6]
__iar_lookup_ttioh      0x08014b91     0x8  Code  Gb  XShttio.o [3]
__iar_lz77_init3        0x0802167f   0x162  Code  Gb  lz77_init.o [7]
__iar_program_start     0x08021ab1          Code  Gb  cstartup_M.o [7]
__iar_sqrt              0x080192c1          Code  Gb  sqrt.o [6]
__iar_ttio_handles      0x20011858     0x8  Data  Lc  XShttio.o [3]
__iar_ui2d              0x08018705          Code  Gb  I32ToDbl.o [6]
__iar_unaligned___aeabi_memcpy
                        0x0801a975          Code  Gb  ABImemcpy_unaligned.o [7]
__iar_unaligned___aeabi_memcpy4
                        0x0801a995          Code  Gb  ABImemcpy_unaligned.o [7]
__iar_unaligned___aeabi_memcpy8
                        0x0801a995          Code  Gb  ABImemcpy_unaligned.o [7]
__iar_vfp___iar_Sin     0x0801912d    0x12  Code  Gb  xsin.o [6]
__iar_vfp_floor         0x0801a905          Code  Gb  floor.o [6]
__iar_vfp_floorl        0x0801a905          Code  Gb  floor.o [6]
__iar_zero_init3        0x080219b1    0x40  Code  Gb  zero_init3.o [7]
__low_level_init        0x08021a8b     0x4  Code  Gb  low_level_init.o [3]
__vector_table          0x08000000          Data  Gb  startup_stm32f746xx.o [1]
_call_main              0x08021a7d          Code  Gb  cmain.o [7]
_exit                   0x08021a95          Code  Gb  cexit.o [7]
_gm_                    0x200277a8   0x1d8  Data  Lc  dlmalloc.o [3]
_main                   0x08021a87          Code  Gb  cmain.o [7]
abort                   0x08014b11     0x6  Code  Gb  abort.o [3]
armBitRevIndexTable1024
                        0x08008ad0   0xe10  Data  Gb  arm_common_tables.o [4]
armBitRevIndexTable128  0x08008240   0x1a0  Data  Gb  arm_common_tables.o [4]
armBitRevIndexTable16   0x08008148    0x28  Data  Gb  arm_common_tables.o [4]
armBitRevIndexTable2048
                        0x080098e0  0x1dc0  Data  Gb  arm_common_tables.o [4]
armBitRevIndexTable256  0x080083e0   0x370  Data  Gb  arm_common_tables.o [4]
armBitRevIndexTable32   0x08008170    0x60  Data  Gb  arm_common_tables.o [4]
armBitRevIndexTable512  0x08008750   0x380  Data  Gb  arm_common_tables.o [4]
armBitRevIndexTable64   0x080081d0    0x70  Data  Gb  arm_common_tables.o [4]
arm_bitreversal_16      0x0801f1ab          Code  Gb  arm_bitreversal2.o [4]
arm_bitreversal_32      0x0801f141          Code  Gb  arm_bitreversal2.o [4]
arm_cfft_f32            0x0801c555   0x184  Code  Gb  arm_cfft_f32.o [4]
arm_cfft_radix8by2_f32  0x0801bfdd   0x168  Code  Gb  arm_cfft_f32.o [4]
arm_cfft_radix8by4_f32  0x0801c145   0x40e  Code  Gb  arm_cfft_f32.o [4]
arm_cmplx_conj_f32      0x0801a485   0x130  Code  Gb  arm_cmplx_conj_f32.o [4]
arm_cmplx_mag_f32       0x0801a70d   0x15a  Code  Gb  arm_cmplx_mag_f32.o [4]
arm_cmplx_mult_cmplx_f32
                        0x0801a5b5   0x156  Code  Gb  arm_cmplx_mult_cmplx_f32.o [4]
arm_max_f32             0x0801a869    0x9c  Code  Gb  arm_max_f32.o [4]
arm_radix8_butterfly_f32
                        0x0801ebe1   0x560  Code  Gb  arm_cfft_radix8_f32.o [4]
arm_rfft_fast_f32       0x0801a441    0x44  Code  Gb  arm_rfft_fast_f32.o [4]
arm_rfft_fast_init_f32  0x0801ea9d   0x144  Code  Gb  arm_rfft_fast_init_f32.o [4]
btnSW1                  0x20011860     0x1  Data  Gb  main.o [1]
btnSW2                  0x20011861     0x1  Data  Gb  main.o [1]
bufCoefBiquad           0x20028110    0x10  Data  Gb  sta321mp.o [1]
bufPCMSens7             0x20027e38     0x4  Data  Gb  waverecorder.o [1]
bufPCMSens8             0x20027dcc     0x4  Data  Gb  waverecorder.o [1]
bufferSum               0x20026a00   0x800  Data  Gb  main.o [1]
buffer_switch           0x20010003     0x1  Data  Gb  main.o [1]
cntBtnPress             0x20011862     0x1  Data  Gb  main.o [1]
cntOS                   0x20028128     0x4  Data  Gb  stm32f7xx_it.o [1]
cntPos                  0x20027d66     0x2  Data  Gb  waverecorder.o [1]
cntPos7                 0x20027dd2     0x2  Data  Gb  waverecorder.o [1]
cntRisingEXTI           0x20027c82     0x2  Data  Gb  main.o [1]
cntStrt                 0x20028132     0x2  Data  Gb  waverecorder.o [1]
cntTime200              0x20010028     0x2  Data  Gb  main.o [1]
exit                    0x08021a8f     0x4  Code  Gb  exit.o [3]
fbuffer                 0x20025870  0x1190  Data  Gb  DSP.o [1]
fir256Coff              0x2001028c  0x1000  Data  Gb  main.o [1]
flg10ms                 0x20010002     0x1  Data  Gb  main.o [1]
flgDlyUpd               0x20010000     0x1  Data  Gb  main.o [1]
flgS2                   0x20010005     0x1  Data  Gb  main.o [1]
flgS2Flt                0x20010008     0x1  Data  Gb  main.o [1]
flgS2Ins                0x2001000b     0x1  Data  Gb  main.o [1]
flgS3                   0x20010006     0x1  Data  Gb  main.o [1]
flgS3Flt                0x20010009     0x1  Data  Gb  main.o [1]
flgS3Ins                0x2001000c     0x1  Data  Gb  main.o [1]
flgS4                   0x20010007     0x1  Data  Gb  main.o [1]
flgS4Flt                0x2001000a     0x1  Data  Gb  main.o [1]
flgS4Ins                0x2001000d     0x1  Data  Gb  main.o [1]
floor                   0x0801a915          Code  Gb  floor.o [6]
floorl                  0x0801a915          Code  Gb  floor.o [6]
fmod                    0x0801c775          Code  Gb  fmod.o [6]
fmodl                   0x0801c775          Code  Gb  fmod.o [6]
hUSBDDevice             0x20010068   0x224  Data  Gb  main.o [1]
hUSBDDeviceDesc         0x20011838    0x14  Data  Gb  usbd_desc.o [1]
haudioInstance          0x200275c4    0x64  Data  Lc  usbd_audio_in.o [1]
hdma_spi5_rx            0x20027f9c    0x50  Data  Gb  waverecorder.o [1]
hdma_spi6_rx            0x20027fec    0x50  Data  Gb  waverecorder.o [1]
hi2c1                   0x20011764    0x3c  Data  Gb  audio_codec.o [1]
hi2c2                   0x200280bc    0x3c  Data  Gb  audio_codec.o [1]
hi2s1                   0x20027ebc    0x40  Data  Gb  waverecorder.o [1]
hi2s2                   0x2002807c    0x40  Data  Gb  waverecorder.o [1]
hi2s3                   0x2002803c    0x40  Data  Gb  waveplayer _CS43L22.o [1]
hpcd                    0x20027204   0x3c0  Data  Gb  usbd_conf_f4.o [1]
hspi4                   0x20027e3c    0x64  Data  Gb  main.o [1]
hspi5                   0x20027d68    0x64  Data  Gb  waverecorder.o [1]
hspi6                   0x20027dd4    0x64  Data  Gb  waverecorder.o [1]
huart3                  0x20027c84    0x70  Data  Gb  main.o [1]
idxFrmPDMMic8           0x20028130     0x2  Data  Gb  waverecorder.o [1]
idxLatency12            0x20027202     0x2  Data  Gb  main.o [1]
idxLatency13            0x20027200     0x2  Data  Gb  main.o [1]
idxLatency14            0x20010020     0x2  Data  Gb  main.o [1]
idxLatency25            0x20010022     0x2  Data  Gb  main.o [1]
idxLatency63            0x20010024     0x2  Data  Gb  main.o [1]
idxLatency78            0x20010026     0x2  Data  Gb  main.o [1]
idxMic7                 0x20027dd0     0x2  Data  Gb  waverecorder.o [1]
idxMic8                 0x20027d64     0x2  Data  Gb  waverecorder.o [1]
idxSPI5DataBuf3         0x2001001e     0x2  Data  Gb  main.o [1]
init_mparams            0x0801363b    0x32  Code  Lc  dlmalloc.o [3]
init_top                0x0801366d    0x34  Code  Lc  dlmalloc.o [3]
main                    0x0801ac79   0x3e4  Code  Gb  main.o [1]
memchr                  0x08020c49          Code  Gb  memchr.o [7]
merge_rfft_f32          0x0801a3a5    0x9c  Code  Gb  arm_rfft_fast_f32.o [4]
mparams                 0x200280f8    0x18  Data  Lc  dlmalloc.o [3]
pDataMic7               0x20027b88    0x80  Data  Gb  waverecorder.o [1]
pDataMic8               0x20027b08    0x80  Data  Gb  waverecorder.o [1]
pUARTBuf                0x2001128c    0x80  Data  Gb  main.o [1]
pcSTAComnd              0x20011610    0x50  Data  Gb  sta321mp.o [1]
pcSTAComnd1             0x20011660     0x2  Data  Gb  sta321mp.o [1]
pcSTAComnd2             0x20011664    0x24  Data  Gb  sta321mp.o [1]
prepend_alloc           0x080136a1   0x36c  Code  Lc  dlmalloc.o [3]
sdramHandle             0x20011700    0x34  Data  Lc  stm32746g_discovery_sdram.o [1]
segment_holding         0x08013621    0x1a  Code  Lc  dlmalloc.o [3]
sprintf                 0x0801e35d    0x34  Code  Gb  sprintf.o [3]
sqrt                    0x080192c1          Code  Gb  sqrt.o [6]
sqrtl                   0x080192c1          Code  Gb  sqrt.o [6]
stDir                   0x20010004     0x1  Data  Gb  main.o [1]
stFrstFrmStore          0x20010001     0x1  Data  Gb  main.o [1]
sta321mp_biquad         0x0801d901   0x114  Code  Lc  sta321mp.o [1]
stage_rfft_f32          0x0801a2fd    0xa8  Code  Gb  arm_rfft_fast_f32.o [4]
stm32_crc               0x2001130c     0x4  Data  Gb  pdm_filter.o [5]
strchr                  0x08020bf9          Code  Gb  strchr.o [7]
strlen                  0x08020c11          Code  Gb  strlen.o [7]
swtBufUSBOut            0x20028134     0x1  Data  Gb  audio_application.o [1]
swtSDO7                 0x20027cf4     0x1  Data  Gb  waverecorder.o [1]
swtSDO8                 0x20027cf5     0x1  Data  Gb  waverecorder.o [1]
sys_alloc               0x08013a0d   0x386  Code  Lc  dlmalloc.o [3]
tmalloc_large           0x08013da1   0x390  Code  Lc  dlmalloc.o [3]
tmalloc_small           0x08014131   0x210  Code  Lc  dlmalloc.o [3]
twiddleCoef_1024        0x08002148  0x2000  Data  Gb  arm_common_tables.o [4]
twiddleCoef_128         0x08000548   0x400  Data  Gb  arm_common_tables.o [4]
twiddleCoef_16          0x080001c8    0x80  Data  Gb  arm_common_tables.o [4]
twiddleCoef_2048        0x08004148  0x4000  Data  Gb  arm_common_tables.o [4]
twiddleCoef_256         0x08000948   0x800  Data  Gb  arm_common_tables.o [4]
twiddleCoef_32          0x08000248   0x100  Data  Gb  arm_common_tables.o [4]
twiddleCoef_512         0x08001148  0x1000  Data  Gb  arm_common_tables.o [4]
twiddleCoef_64          0x08000348   0x200  Data  Gb  arm_common_tables.o [4]
twiddleCoef_rfft_1024   0x0800c620  0x1000  Data  Gb  arm_common_tables.o [4]
twiddleCoef_rfft_128    0x0800b820   0x200  Data  Gb  arm_common_tables.o [4]
twiddleCoef_rfft_2048   0x0800d620  0x2000  Data  Gb  arm_common_tables.o [4]
twiddleCoef_rfft_256    0x0800ba20   0x400  Data  Gb  arm_common_tables.o [4]
twiddleCoef_rfft_32     0x0800b6a0    0x80  Data  Gb  arm_common_tables.o [4]
twiddleCoef_rfft_4096   0x0800f620  0x4000  Data  Gb  arm_common_tables.o [4]
twiddleCoef_rfft_512    0x0800be20   0x800  Data  Gb  arm_common_tables.o [4]
twiddleCoef_rfft_64     0x0800b720   0x100  Data  Gb  arm_common_tables.o [4]
uwTick                  0x20028124     0x4  Data  Lc  stm32f7xx_hal.o [1]
vDataIn                 0x2001b870  0x2000  Data  Gb  DSP.o [1]
vDataIn1_FFT            0x20011870  0x2000  Data  Gb  DSP.o [1]
vDataIn2_FFT            0x20013870  0x2000  Data  Gb  DSP.o [1]
vDataIn2_FFT_CJ         0x20017870  0x2000  Data  Gb  DSP.o [1]
vDataIn_FFT             0x20015870  0x2000  Data  Gb  DSP.o [1]
vDataOut                0x20019870  0x2000  Data  Gb  DSP.o [1]
vRawSens1               0x20027ea8     0x2  Data  Gb  waverecorder.o [1]
vRawSens2               0x20027eaa     0x2  Data  Gb  waverecorder.o [1]
vRawSens3               0x20027eae     0x2  Data  Gb  waverecorder.o [1]
vRawSens4               0x20027eac     0x2  Data  Gb  waverecorder.o [1]
vRawSens5               0x20027eb0     0x2  Data  Gb  waverecorder.o [1]
vRawSens6               0x20027eb2     0x2  Data  Gb  waverecorder.o [1]
vol_table               0x0801f25c    0x84  Data  Gb  usbd_audio_if.o [1]
volume                  0x2001186c     0x1  Data  Gb  waveplayer _CS43L22.o [1]


[1] = D:\sop1hc\Github\data\Mic_Array_V00\USB_STREAMING\Mic_Array\Projects\STM32746G\Applications\Audio\Mic_Array\EWARM\STM32F7\Obj
[2] = command line
[3] = dl7M_tlf.a
[4] = iar_cortexM7ls_math.a
[5] = libPDMFilter_CM7_IAR.a
[6] = m7M_tls.a
[7] = rt7M_tl.a
[8] = shb_l.a

   59 234 bytes of readonly  code memory
   79 839 bytes of readonly  data memory
  114 996 bytes of readwrite data memory (+ 131 552 absolute)

Errors: none
Warnings: none
