###############################################################################
#
# IAR ELF Linker V7.50.2.10312/W32 for ARM                25/Feb/2016  12:02:40
# Copyright 2007-2015 IAR Systems AB.
#
#    Output file  =  
#        D:\sop1hc\Github\data\Mic_Array_V00\USB_STREAMING\Mic_Array\Projects\STM32746G\Applications\Audio\Mic_Array\EWARM\STM32F7\Exe\Project.out
#    Map file     =  
#        D:\sop1hc\Github\data\Mic_Array_V00\USB_STREAMING\Mic_Array\Projects\STM32746G\Applications\Audio\Mic_Array\EWARM\STM32F7\List\Project.map
#    Command line =  
#        D:\sop1hc\Github\data\Mic_Array_V00\USB_STREAMING\Mic_Array\Projects\STM32746G\Applications\Audio\Mic_Array\EWARM\STM32F7\Obj\audio_application.o
#        D:\sop1hc\Github\data\Mic_Array_V00\USB_STREAMING\Mic_Array\Projects\STM32746G\Applications\Audio\Mic_Array\EWARM\STM32F7\Obj\audio_codec.o
#        D:\sop1hc\Github\data\Mic_Array_V00\USB_STREAMING\Mic_Array\Projects\STM32746G\Applications\Audio\Mic_Array\EWARM\STM32F7\Obj\DSP.o
#        D:\sop1hc\Github\data\Mic_Array_V00\USB_STREAMING\Mic_Array\Projects\STM32746G\Applications\Audio\Mic_Array\EWARM\STM32F7\Obj\ff.o
#        D:\sop1hc\Github\data\Mic_Array_V00\USB_STREAMING\Mic_Array\Projects\STM32746G\Applications\Audio\Mic_Array\EWARM\STM32F7\Obj\ft5336.o
#        D:\sop1hc\Github\data\Mic_Array_V00\USB_STREAMING\Mic_Array\Middlewares\ST\STM32_Audio\Addons\PDM\libPDMFilter_CM7_IAR.a
#        D:\sop1hc\Github\data\Mic_Array_V00\USB_STREAMING\Mic_Array\Projects\STM32746G\Applications\Audio\Mic_Array\EWARM\STM32F7\Obj\main.o
#        D:\sop1hc\Github\data\Mic_Array_V00\USB_STREAMING\Mic_Array\Projects\STM32746G\Applications\Audio\Mic_Array\EWARM\STM32F7\Obj\sta321mp.o
#        D:\sop1hc\Github\data\Mic_Array_V00\USB_STREAMING\Mic_Array\Projects\STM32746G\Applications\Audio\Mic_Array\EWARM\STM32F7\Obj\startup_stm32f746xx.o
#        D:\sop1hc\Github\data\Mic_Array_V00\USB_STREAMING\Mic_Array\Projects\STM32746G\Applications\Audio\Mic_Array\EWARM\STM32F7\Obj\stm32746g_discovery.o
#        D:\sop1hc\Github\data\Mic_Array_V00\USB_STREAMING\Mic_Array\Projects\STM32746G\Applications\Audio\Mic_Array\EWARM\STM32F7\Obj\stm32746g_discovery_lcd.o
#        D:\sop1hc\Github\data\Mic_Array_V00\USB_STREAMING\Mic_Array\Projects\STM32746G\Applications\Audio\Mic_Array\EWARM\STM32F7\Obj\stm32746g_discovery_sdram.o
#        D:\sop1hc\Github\data\Mic_Array_V00\USB_STREAMING\Mic_Array\Projects\STM32746G\Applications\Audio\Mic_Array\EWARM\STM32F7\Obj\stm32746g_discovery_ts.o
#        D:\sop1hc\Github\data\Mic_Array_V00\USB_STREAMING\Mic_Array\Projects\STM32746G\Applications\Audio\Mic_Array\EWARM\STM32F7\Obj\stm32f7xx_hal.o
#        D:\sop1hc\Github\data\Mic_Array_V00\USB_STREAMING\Mic_Array\Projects\STM32746G\Applications\Audio\Mic_Array\EWARM\STM32F7\Obj\stm32f7xx_hal_cortex.o
#        D:\sop1hc\Github\data\Mic_Array_V00\USB_STREAMING\Mic_Array\Projects\STM32746G\Applications\Audio\Mic_Array\EWARM\STM32F7\Obj\stm32f7xx_hal_dma.o
#        D:\sop1hc\Github\data\Mic_Array_V00\USB_STREAMING\Mic_Array\Projects\STM32746G\Applications\Audio\Mic_Array\EWARM\STM32F7\Obj\stm32f7xx_hal_dma2d.o
#        D:\sop1hc\Github\data\Mic_Array_V00\USB_STREAMING\Mic_Array\Projects\STM32746G\Applications\Audio\Mic_Array\EWARM\STM32F7\Obj\stm32f7xx_hal_dma_ex.o
#        D:\sop1hc\Github\data\Mic_Array_V00\USB_STREAMING\Mic_Array\Projects\STM32746G\Applications\Audio\Mic_Array\EWARM\STM32F7\Obj\stm32f7xx_hal_flash.o
#        D:\sop1hc\Github\data\Mic_Array_V00\USB_STREAMING\Mic_Array\Projects\STM32746G\Applications\Audio\Mic_Array\EWARM\STM32F7\Obj\stm32f7xx_hal_flash_ex.o
#        D:\sop1hc\Github\data\Mic_Array_V00\USB_STREAMING\Mic_Array\Projects\STM32746G\Applications\Audio\Mic_Array\EWARM\STM32F7\Obj\stm32f7xx_hal_gpio.o
#        D:\sop1hc\Github\data\Mic_Array_V00\USB_STREAMING\Mic_Array\Projects\STM32746G\Applications\Audio\Mic_Array\EWARM\STM32F7\Obj\stm32f7xx_hal_hcd.o
#        D:\sop1hc\Github\data\Mic_Array_V00\USB_STREAMING\Mic_Array\Projects\STM32746G\Applications\Audio\Mic_Array\EWARM\STM32F7\Obj\stm32f7xx_hal_i2c.o
#        D:\sop1hc\Github\data\Mic_Array_V00\USB_STREAMING\Mic_Array\Projects\STM32746G\Applications\Audio\Mic_Array\EWARM\STM32F7\Obj\stm32f7xx_hal_i2c_ex.o
#        D:\sop1hc\Github\data\Mic_Array_V00\USB_STREAMING\Mic_Array\Projects\STM32746G\Applications\Audio\Mic_Array\EWARM\STM32F7\Obj\stm32f7xx_hal_i2s.o
#        D:\sop1hc\Github\data\Mic_Array_V00\USB_STREAMING\Mic_Array\Projects\STM32746G\Applications\Audio\Mic_Array\EWARM\STM32F7\Obj\stm32f7xx_hal_ltdc.o
#        D:\sop1hc\Github\data\Mic_Array_V00\USB_STREAMING\Mic_Array\Projects\STM32746G\Applications\Audio\Mic_Array\EWARM\STM32F7\Obj\stm32f7xx_hal_pcd.o
#        D:\sop1hc\Github\data\Mic_Array_V00\USB_STREAMING\Mic_Array\Projects\STM32746G\Applications\Audio\Mic_Array\EWARM\STM32F7\Obj\stm32f7xx_hal_pcd_ex.o
#        D:\sop1hc\Github\data\Mic_Array_V00\USB_STREAMING\Mic_Array\Projects\STM32746G\Applications\Audio\Mic_Array\EWARM\STM32F7\Obj\stm32f7xx_hal_pwr.o
#        D:\sop1hc\Github\data\Mic_Array_V00\USB_STREAMING\Mic_Array\Projects\STM32746G\Applications\Audio\Mic_Array\EWARM\STM32F7\Obj\stm32f7xx_hal_pwr_ex.o
#        D:\sop1hc\Github\data\Mic_Array_V00\USB_STREAMING\Mic_Array\Projects\STM32746G\Applications\Audio\Mic_Array\EWARM\STM32F7\Obj\stm32f7xx_hal_rcc.o
#        D:\sop1hc\Github\data\Mic_Array_V00\USB_STREAMING\Mic_Array\Projects\STM32746G\Applications\Audio\Mic_Array\EWARM\STM32F7\Obj\stm32f7xx_hal_rcc_ex.o
#        D:\sop1hc\Github\data\Mic_Array_V00\USB_STREAMING\Mic_Array\Projects\STM32746G\Applications\Audio\Mic_Array\EWARM\STM32F7\Obj\stm32f7xx_hal_sai.o
#        D:\sop1hc\Github\data\Mic_Array_V00\USB_STREAMING\Mic_Array\Projects\STM32746G\Applications\Audio\Mic_Array\EWARM\STM32F7\Obj\stm32f7xx_hal_sai_ex.o
#        D:\sop1hc\Github\data\Mic_Array_V00\USB_STREAMING\Mic_Array\Projects\STM32746G\Applications\Audio\Mic_Array\EWARM\STM32F7\Obj\stm32f7xx_hal_sdram.o
#        D:\sop1hc\Github\data\Mic_Array_V00\USB_STREAMING\Mic_Array\Projects\STM32746G\Applications\Audio\Mic_Array\EWARM\STM32F7\Obj\stm32f7xx_hal_spi.o
#        D:\sop1hc\Github\data\Mic_Array_V00\USB_STREAMING\Mic_Array\Projects\STM32746G\Applications\Audio\Mic_Array\EWARM\STM32F7\Obj\stm32f7xx_hal_sram.o
#        D:\sop1hc\Github\data\Mic_Array_V00\USB_STREAMING\Mic_Array\Projects\STM32746G\Applications\Audio\Mic_Array\EWARM\STM32F7\Obj\stm32f7xx_hal_tim.o
#        D:\sop1hc\Github\data\Mic_Array_V00\USB_STREAMING\Mic_Array\Projects\STM32746G\Applications\Audio\Mic_Array\EWARM\STM32F7\Obj\stm32f7xx_hal_tim_ex.o
#        D:\sop1hc\Github\data\Mic_Array_V00\USB_STREAMING\Mic_Array\Projects\STM32746G\Applications\Audio\Mic_Array\EWARM\STM32F7\Obj\stm32f7xx_hal_uart.o
#        D:\sop1hc\Github\data\Mic_Array_V00\USB_STREAMING\Mic_Array\Projects\STM32746G\Applications\Audio\Mic_Array\EWARM\STM32F7\Obj\stm32f7xx_it.o
#        D:\sop1hc\Github\data\Mic_Array_V00\USB_STREAMING\Mic_Array\Projects\STM32746G\Applications\Audio\Mic_Array\EWARM\STM32F7\Obj\stm32f7xx_ll_fmc.o
#        D:\sop1hc\Github\data\Mic_Array_V00\USB_STREAMING\Mic_Array\Projects\STM32746G\Applications\Audio\Mic_Array\EWARM\STM32F7\Obj\stm32f7xx_ll_usb.o
#        D:\sop1hc\Github\data\Mic_Array_V00\USB_STREAMING\Mic_Array\Projects\STM32746G\Applications\Audio\Mic_Array\EWARM\STM32F7\Obj\system_stm32f7xx.o
#        D:\sop1hc\Github\data\Mic_Array_V00\USB_STREAMING\Mic_Array\Projects\STM32746G\Applications\Audio\Mic_Array\EWARM\STM32F7\Obj\usbd_audio_if.o
#        D:\sop1hc\Github\data\Mic_Array_V00\USB_STREAMING\Mic_Array\Projects\STM32746G\Applications\Audio\Mic_Array\EWARM\STM32F7\Obj\usbd_audio_in.o
#        D:\sop1hc\Github\data\Mic_Array_V00\USB_STREAMING\Mic_Array\Projects\STM32746G\Applications\Audio\Mic_Array\EWARM\STM32F7\Obj\usbd_conf_f4.o
#        D:\sop1hc\Github\data\Mic_Array_V00\USB_STREAMING\Mic_Array\Projects\STM32746G\Applications\Audio\Mic_Array\EWARM\STM32F7\Obj\usbd_core.o
#        D:\sop1hc\Github\data\Mic_Array_V00\USB_STREAMING\Mic_Array\Projects\STM32746G\Applications\Audio\Mic_Array\EWARM\STM32F7\Obj\usbd_ctlreq.o
#        D:\sop1hc\Github\data\Mic_Array_V00\USB_STREAMING\Mic_Array\Projects\STM32746G\Applications\Audio\Mic_Array\EWARM\STM32F7\Obj\usbd_desc.o
#        D:\sop1hc\Github\data\Mic_Array_V00\USB_STREAMING\Mic_Array\Projects\STM32746G\Applications\Audio\Mic_Array\EWARM\STM32F7\Obj\usbd_ioreq.o
#        D:\sop1hc\Github\data\Mic_Array_V00\USB_STREAMING\Mic_Array\Projects\STM32746G\Applications\Audio\Mic_Array\EWARM\STM32F7\Obj\usbh_conf.o
#        D:\sop1hc\Github\data\Mic_Array_V00\USB_STREAMING\Mic_Array\Projects\STM32746G\Applications\Audio\Mic_Array\EWARM\STM32F7\Obj\usbh_core.o
#        D:\sop1hc\Github\data\Mic_Array_V00\USB_STREAMING\Mic_Array\Projects\STM32746G\Applications\Audio\Mic_Array\EWARM\STM32F7\Obj\usbh_ctlreq.o
#        D:\sop1hc\Github\data\Mic_Array_V00\USB_STREAMING\Mic_Array\Projects\STM32746G\Applications\Audio\Mic_Array\EWARM\STM32F7\Obj\usbh_diskio.o
#        D:\sop1hc\Github\data\Mic_Array_V00\USB_STREAMING\Mic_Array\Projects\STM32746G\Applications\Audio\Mic_Array\EWARM\STM32F7\Obj\usbh_ioreq.o
#        D:\sop1hc\Github\data\Mic_Array_V00\USB_STREAMING\Mic_Array\Projects\STM32746G\Applications\Audio\Mic_Array\EWARM\STM32F7\Obj\usbh_msc.o
#        D:\sop1hc\Github\data\Mic_Array_V00\USB_STREAMING\Mic_Array\Projects\STM32746G\Applications\Audio\Mic_Array\EWARM\STM32F7\Obj\usbh_msc_bot.o
#        D:\sop1hc\Github\data\Mic_Array_V00\USB_STREAMING\Mic_Array\Projects\STM32746G\Applications\Audio\Mic_Array\EWARM\STM32F7\Obj\usbh_msc_scsi.o
#        D:\sop1hc\Github\data\Mic_Array_V00\USB_STREAMING\Mic_Array\Projects\STM32746G\Applications\Audio\Mic_Array\EWARM\STM32F7\Obj\usbh_pipes.o
#        "D:\sop1hc\Github\data\Mic_Array_V00\USB_STREAMING\Mic_Array\Projects\STM32746G\Applications\Audio\Mic_Array\EWARM\STM32F7\Obj\waveplayer
#        _CS43L22.o"
#        D:\sop1hc\Github\data\Mic_Array_V00\USB_STREAMING\Mic_Array\Projects\STM32746G\Applications\Audio\Mic_Array\EWARM\STM32F7\Obj\waverecorder.o
#        --redirect _Printf=_PrintfSmall --redirect _Scanf=_ScanfSmall -o
#        D:\sop1hc\Github\data\Mic_Array_V00\USB_STREAMING\Mic_Array\Projects\STM32746G\Applications\Audio\Mic_Array\EWARM\STM32F7\Exe\Project.out
#        --map
#        D:\sop1hc\Github\data\Mic_Array_V00\USB_STREAMING\Mic_Array\Projects\STM32746G\Applications\Audio\Mic_Array\EWARM\STM32F7\List\Project.map
#        --config
#        D:\sop1hc\Github\data\Mic_Array_V00\USB_STREAMING\Mic_Array\Projects\STM32746G\Applications\Audio\Mic_Array\EWARM\Project.icf
#        --semihosting --entry __iar_program_start --no_exceptions "D:\Program
#        Files (x86)\IAR Systems\Embedded Workbench
#        7.3\arm\CMSIS\Lib\IAR\iar_cortexM7ls_math.a" --vfe
#
###############################################################################

*******************************************************************************
*** RUNTIME MODEL ATTRIBUTES
***

CppFlavor                     = *
__Heap_Handler                = DLMalloc
__SystemLibrary               = DLib
__dlib_dynamic_initialization = normal


*******************************************************************************
*** PLACEMENT SUMMARY
***

"A1":  place at 0x08000000 { ro section .intvec };
"P1":  place in [from 0x00000000 to 0x00000000] |
                [from 0x08000000 to 0x080fffff] { ro };
"P3":  place in [from 0x20000000 to 0x2000ffff] |
                [from 0x20010000 to 0x2004ffff] { rw, block CSTACK, block HEAP };

  Section             Kind        Address     Size  Object
  -------             ----        -------     ----  ------
"A1":                                        0x1c8
  .intvec             ro code  0x08000000    0x1c8  startup_stm32f746xx.o [1]
                             - 0x080001c8    0x1c8

"P1":                                      0x24eef
  .rodata             const    0x080001c8   0x8800  arm_common_tables.o [4]
  .text               ro code  0x080089c8   0x8078  arm_rfft_init_f32.o [4]
  .text               ro code  0x08010a40     0xb0  arm_cfft_radix4_init_f32.o [4]
  .rodata             const    0x08010af0   0x8000  arm_rfft_init_f32.o [4]
  .text               ro code  0x08018af0   0x14f0  dlmalloc.o [3]
  .text               ro code  0x08019fe0      0x6  abort.o [3]
  .text               ro code  0x08019fe8     0x2c  xgetmemchunk.o [3]
  .text               ro code  0x0801a014     0x14  exit.o [8]
  .text               ro code  0x0801a028     0x30  iarttio.o [8]
  .text               ro code  0x0801a058      0x8  XShttio.o [3]
  .text               ro code  0x0801a060    0xfd0  stm32f7xx_hal_dma.o [1]
  .text               ro code  0x0801b030    0xeb4  waverecorder.o [1]
  .text               ro code  0x0801bee4    0x228  stm32f7xx_hal_gpio.o [1]
  .text               ro code  0x0801c10c    0x550  pdm_filter.o [5]
  .text               ro code  0x0801c65c    0x110  stm32f7xx_hal_i2s.o [1]
  .text               ro code  0x0801c76c    0x7d4  stm32f7xx_hal_spi.o [1]
  .text               ro code  0x0801cf40     0xd0  stm32f7xx_hal_cortex.o [1]
  .text               ro code  0x0801d010     0x1c  FltCmpEq.o [6]
  .text               ro code  0x0801d02c      0xe  U32ToFlt.o [6]
  .text               ro code  0x0801d03c     0x24  FltCmpLe.o [6]
  .text               ro code  0x0801d060     0x12  FltMul.o [6]
  .text               ro code  0x0801d074     0x4e  FltToDbl.o [6]
  .text               ro code  0x0801d0c4     0x30  I32ToDbl.o [6]
  .text               ro code  0x0801d0f4    0x256  DblDiv.o [6]
  .text               ro code  0x0801d34c     0xe8  DblAdd.o [6]
  .text               ro code  0x0801d434     0x4c  DblToI32.o [6]
  .text               ro code  0x0801d480    0x1a2  DblMul.o [6]
  .text               ro code  0x0801d624     0x90  DblToFlt.o [6]
  .text               ro code  0x0801d6b4    0x450  xsin.o [6]
  .text               ro code  0x0801db04    0x180  DblSub.o [6]
  .text               ro code  0x0801dc84     0xf0  sqrt.o [6]
  .text               ro code  0x0801dd74    0x9e8  audio_codec.o [1]
  .text               ro code  0x0801e75c     0x80  stm32f7xx_hal.o [1]
  .text               ro code  0x0801e7dc     0x2e  DblCmpLe.o [6]
  .text               ro code  0x0801e80c     0x2e  DblCmpGe.o [6]
  .text               ro code  0x0801e83c      0xc  errno.o [3]
  .text               ro code  0x0801e848    0x168  xquad.o [6]
  .text               ro code  0x0801e9b0      0xc  iarEdom.o [7]
  .text               ro code  0x0801e9bc    0x7a0  main.o [1]
  .text               ro code  0x0801f15c    0x998  stm32f7xx_hal_i2c.o [1]
  .text               ro code  0x0801faf4     0x60  waveplayer _CS43L22.o [1]
  .text               ro code  0x0801fb54     0x76  stm32f7xx_hal_i2c_ex.o [1]
  .text               ro code  0x0801fbcc    0x5d4  stm32f7xx_hal_rcc.o [1]
  .text               ro code  0x080201a0      0x2  xtls.o [3]
  .text               ro code  0x080201a2     0x7a  xdint.o [6]
  .text               ro code  0x0802021c     0x20  DblCmpEq.o [6]
  .text               ro code  0x0802023c    0x1a8  fmod.o [6]
  .text               ro code  0x080203e4     0xee  DSP.o [1]
  .text               ro code  0x080204d4    0x4e0  audio_application.o [1]
  .text               ro code  0x080209b4    0x660  stm32f7xx_hal_rcc_ex.o [1]
  .text               ro code  0x08021014    0x28c  stm32746g_discovery_sdram.o [1]
  .text               ro code  0x080212a0     0xc4  stm32746g_discovery.o [1]
  .text               ro code  0x08021364    0x9a4  sta321mp.o [1]
  .text               ro code  0x08021d08    0x84c  usbd_audio_in.o [1]
  .text               ro code  0x08022554    0x2a6  usbd_core.o [1]
  .text               ro code  0x080227fc     0x74  stm32f7xx_hal_pwr_ex.o [1]
  .text               ro code  0x08022870     0xe0  usbd_audio_if.o [1]
  .text               ro code  0x08022950     0x96  stm32f7xx_hal_sdram.o [1]
  .text               ro code  0x080229e8    0x236  usbd_conf_f4.o [1]
  .text               ro code  0x08022c1e     0x9c  usbd_ioreq.o [1]
  .text               ro code  0x08022cbc    0x454  usbd_ctlreq.o [1]
  .text               ro code  0x08023110      0x6  ABImemclr.o [7]
  .text               ro code  0x08023118     0x76  ABImemcpy_unaligned.o [7]
  .text               ro code  0x08023190    0x158  stm32f7xx_ll_fmc.o [1]
  .text               ro code  0x080232e8    0x838  stm32f7xx_hal_pcd.o [1]
  .text               ro code  0x08023b20     0x72  stm32f7xx_hal_pcd_ex.o [1]
  .text               ro code  0x08023b94     0x5e  ABImemset.o [7]
  .text               ro code  0x08023bf4    0x928  stm32f7xx_ll_usb.o [1]
  .text               ro code  0x0802451c    0x27c  stm32f7xx_hal_uart.o [1]
  .text               ro code  0x08024798    0x1c4  lz77_init.o [7]
  .text               ro code  0x0802495c    0x12c  usbd_desc.o [1]
  .text               ro code  0x08024a88     0x68  stm32f7xx_it.o [1]
  .text               ro code  0x08024af0     0x4c  system_stm32f7xx.o [1]
  .text               ro code  0x08024b3c     0x40  zero_init3.o [7]
  .text               ro code  0x08024b7c     0x28  data_init.o [7]
  .text               ro code  0x08024ba4     0x22  fpinit_M.o [6]
  .iar.init_table     const    0x08024bc8     0x34  - Linker created -
  .text               ro code  0x08024bfc     0x1a  cmain.o [7]
  .text               ro code  0x08024c16      0x4  low_level_init.o [3]
  .text               ro code  0x08024c1a      0x4  exit.o [3]
  .text               ro code  0x08024c20      0xa  cexit.o [7]
  .text               ro code  0x08024c2c     0x10  startup_stm32f746xx.o [1]
  .text               ro code  0x08024c3c      0xc  cstartup_M.o [7]
  .text               ro code  0x08024c48      0x4  startup_stm32f746xx.o [1]
  .text               ro code  0x08024c4c      0x4  startup_stm32f746xx.o [1]
  .text               ro code  0x08024c50      0x4  startup_stm32f746xx.o [1]
  .text               ro code  0x08024c54      0x4  startup_stm32f746xx.o [1]
  .text               ro code  0x08024c58      0x4  startup_stm32f746xx.o [1]
  .text               ro code  0x08024c5c      0x4  startup_stm32f746xx.o [1]
  .text               ro code  0x08024c60      0x4  startup_stm32f746xx.o [1]
  .text               ro code  0x08024c64      0x4  startup_stm32f746xx.o [1]
  .text               ro code  0x08024c68      0x4  startup_stm32f746xx.o [1]
  .text               ro code  0x08024c6c      0x4  startup_stm32f746xx.o [1]
  .text               ro code  0x08024c70      0x4  startup_stm32f746xx.o [1]
  .text               ro code  0x08024c74      0x4  startup_stm32f746xx.o [1]
  .text               ro code  0x08024c78      0x4  startup_stm32f746xx.o [1]
  .text               ro code  0x08024c7c      0x4  startup_stm32f746xx.o [1]
  .text               ro code  0x08024c80      0x4  startup_stm32f746xx.o [1]
  .text               ro code  0x08024c84      0x4  startup_stm32f746xx.o [1]
  .text               ro code  0x08024c88      0x4  startup_stm32f746xx.o [1]
  .text               ro code  0x08024c8c      0x4  startup_stm32f746xx.o [1]
  .text               ro code  0x08024c90      0x4  startup_stm32f746xx.o [1]
  .text               ro code  0x08024c94      0x4  startup_stm32f746xx.o [1]
  .text               ro code  0x08024c98      0x4  startup_stm32f746xx.o [1]
  .text               ro code  0x08024c9c      0x4  startup_stm32f746xx.o [1]
  .text               ro code  0x08024ca0      0x4  startup_stm32f746xx.o [1]
  .text               ro code  0x08024ca4      0x4  startup_stm32f746xx.o [1]
  .text               ro code  0x08024ca8      0x4  startup_stm32f746xx.o [1]
  .text               ro code  0x08024cac      0x4  startup_stm32f746xx.o [1]
  .text               ro code  0x08024cb0      0x4  startup_stm32f746xx.o [1]
  .text               ro code  0x08024cb4      0x4  startup_stm32f746xx.o [1]
  .text               ro code  0x08024cb8      0x4  startup_stm32f746xx.o [1]
  .text               ro code  0x08024cbc      0x4  startup_stm32f746xx.o [1]
  .text               ro code  0x08024cc0      0x4  startup_stm32f746xx.o [1]
  .text               ro code  0x08024cc4      0x4  startup_stm32f746xx.o [1]
  .text               ro code  0x08024cc8      0x4  startup_stm32f746xx.o [1]
  .text               ro code  0x08024ccc      0x4  startup_stm32f746xx.o [1]
  .text               ro code  0x08024cd0      0x4  startup_stm32f746xx.o [1]
  .text               ro code  0x08024cd4      0x4  startup_stm32f746xx.o [1]
  .text               ro code  0x08024cd8      0x4  startup_stm32f746xx.o [1]
  .text               ro code  0x08024cdc      0x4  startup_stm32f746xx.o [1]
  .text               ro code  0x08024ce0      0x4  startup_stm32f746xx.o [1]
  .text               ro code  0x08024ce4      0x4  startup_stm32f746xx.o [1]
  .text               ro code  0x08024ce8      0x4  startup_stm32f746xx.o [1]
  .text               ro code  0x08024cec      0x4  startup_stm32f746xx.o [1]
  .text               ro code  0x08024cf0      0x4  startup_stm32f746xx.o [1]
  .text               ro code  0x08024cf4      0x4  startup_stm32f746xx.o [1]
  .text               ro code  0x08024cf8      0x4  startup_stm32f746xx.o [1]
  .text               ro code  0x08024cfc      0x4  startup_stm32f746xx.o [1]
  .text               ro code  0x08024d00      0x4  startup_stm32f746xx.o [1]
  .text               ro code  0x08024d04      0x4  startup_stm32f746xx.o [1]
  .text               ro code  0x08024d08      0x4  startup_stm32f746xx.o [1]
  .text               ro code  0x08024d0c      0x4  startup_stm32f746xx.o [1]
  .text               ro code  0x08024d10      0x4  startup_stm32f746xx.o [1]
  .text               ro code  0x08024d14      0x4  startup_stm32f746xx.o [1]
  .text               ro code  0x08024d18      0x4  startup_stm32f746xx.o [1]
  .text               ro code  0x08024d1c      0x4  startup_stm32f746xx.o [1]
  .text               ro code  0x08024d20      0x4  startup_stm32f746xx.o [1]
  .text               ro code  0x08024d24      0x4  startup_stm32f746xx.o [1]
  .text               ro code  0x08024d28      0x4  startup_stm32f746xx.o [1]
  .text               ro code  0x08024d2c      0x4  startup_stm32f746xx.o [1]
  .text               ro code  0x08024d30      0x4  startup_stm32f746xx.o [1]
  .text               ro code  0x08024d34      0x4  startup_stm32f746xx.o [1]
  .text               ro code  0x08024d38      0x4  startup_stm32f746xx.o [1]
  .text               ro code  0x08024d3c      0x4  startup_stm32f746xx.o [1]
  .text               ro code  0x08024d40      0x4  startup_stm32f746xx.o [1]
  .text               ro code  0x08024d44      0x4  startup_stm32f746xx.o [1]
  .text               ro code  0x08024d48      0x4  startup_stm32f746xx.o [1]
  .text               ro code  0x08024d4c      0x4  startup_stm32f746xx.o [1]
  .text               ro code  0x08024d50      0x4  startup_stm32f746xx.o [1]
  .text               ro code  0x08024d54      0x4  startup_stm32f746xx.o [1]
  .text               ro code  0x08024d58      0x4  startup_stm32f746xx.o [1]
  .text               ro code  0x08024d5c      0x4  startup_stm32f746xx.o [1]
  .text               ro code  0x08024d60      0x4  startup_stm32f746xx.o [1]
  .text               ro code  0x08024d64      0x4  startup_stm32f746xx.o [1]
  .text               ro code  0x08024d68      0x4  startup_stm32f746xx.o [1]
  .text               ro code  0x08024d6c      0x4  startup_stm32f746xx.o [1]
  .text               ro code  0x08024d70      0x4  startup_stm32f746xx.o [1]
  .text               ro code  0x08024d74      0x4  startup_stm32f746xx.o [1]
  .text               ro code  0x08024d78      0x4  startup_stm32f746xx.o [1]
  .rodata             const    0x08024d7c      0x0  zero_init3.o [7]
  .rodata             const    0x08024d7c      0x0  lz77_init.o [7]
  Initializer bytes   const    0x08024d7c    0x33b  <for P3 s0>
                             - 0x080250b7  0x24eef

"P3", part 1 of 3:                           0xfc0
  P3 s0                        0x20010000    0xfc0  <Init block>
    .data             inited   0x20010000    0xa74  main.o [1]
    .data             inited   0x20010a74    0x304  pdm_filter.o [5]
    .data             inited   0x20010d78     0x9c  audio_codec.o [1]
    .data             inited   0x20010e14     0x88  sta321mp.o [1]
    .data             inited   0x20010e9c     0x62  stm32746g_discovery_sdram.o [1]
    .data             inited   0x20010efe      0x1  waveplayer _CS43L22.o [1]
    .data             inited   0x20010f00     0x38  usbd_audio_in.o [1]
    .data             inited   0x20010f38     0x24  usbd_audio_if.o [1]
    .data             inited   0x20010f5c     0x1c  usbd_desc.o [1]
    .data             inited   0x20010f78     0x14  system_stm32f7xx.o [1]
    .data             inited   0x20010f8c     0x14  usbd_desc.o [1]
    .data             inited   0x20010fa0      0xc  usbd_audio_in.o [1]
    .data             inited   0x20010fac      0x8  XShttio.o [3]
    .data             inited   0x20010fb4      0x4  main.o [1]
    .data             inited   0x20010fb8      0x4  usbd_desc.o [1]
    __DLIB_PERTHREAD  inited   0x20010fbc      0x4  errno.o [3]
                             - 0x20010fc0    0xfc0

"P3", part 2 of 3:                          0xeef8
  .bss                zero     0x20010fc0   0x2094  waverecorder.o [1]
  .bss                zero     0x20013054   0x2008  waverecorder.o [1]
  .bss                zero     0x2001505c   0x2008  waverecorder.o [1]
  .bss                zero     0x20017064   0x2000  waverecorder.o [1]
  .bss                zero     0x20019064   0x2000  waverecorder.o [1]
  .bss                zero     0x2001b064   0x2000  waverecorder.o [1]
  .bss                zero     0x2001d064   0x2000  waverecorder.o [1]
  .bss                zero     0x2001f064    0x3c0  usbd_conf_f4.o [1]
  .bss                zero     0x2001f424    0x260  usbd_audio_in.o [1]
  .bss                zero     0x2001f684    0x244  waverecorder.o [1]
  .bss                zero     0x2001f8c8    0x1d8  dlmalloc.o [3]
  .bss                zero     0x2001faa0     0xdc  main.o [1]
  .bss                zero     0x2001fb7c     0xc8  usbd_desc.o [1]
  .bss                zero     0x2001fc44     0xa0  waverecorder.o [1]
  .bss                zero     0x2001fce4     0x70  main.o [1]
  .bss                zero     0x2001fd54     0x64  main.o [1]
  .bss                zero     0x2001fdb8     0x50  stm32746g_discovery_sdram.o [1]
  .bss                zero     0x2001fe08     0x40  waveplayer _CS43L22.o [1]
  .bss                zero     0x2001fe48     0x3c  audio_codec.o [1]
  .bss                zero     0x2001fe84     0x18  dlmalloc.o [3]
  .bss                zero     0x2001fe9c      0x4  DSP.o [1]
  .bss                zero     0x2001fea0      0x4  stm32f7xx_hal.o [1]
  .bss                zero     0x2001fea4      0x4  stm32f7xx_it.o [1]
  .bss                zero     0x2001fea8      0x4  xgetmemchunk.o [3]
  .bss                zero     0x2001feac      0x2  main.o [1]
  .bss                zero     0x2001feae      0x2  waverecorder.o [1]
  .bss                zero     0x2001feb0      0x2  waverecorder.o [1]
  .bss                zero     0x2001feb2      0x1  audio_application.o [1]
  .bss                zero     0x2001feb3      0x1  usbd_ctlreq.o [1]
  .bss                zero     0x2001feb4      0x1  waverecorder.o [1]
                             - 0x2001feb5   0xeef5

"P3", part 3 of 3:                          0x4000
  CSTACK                       0x2001feb8   0x2000  <Block>
    CSTACK            uninit   0x2001feb8   0x2000  <Block tail>
  HEAP                         0x20021eb8   0x2000  <Block>
    HEAP              uninit   0x20021eb8   0x2000  <Block tail>
                             - 0x20023eb8   0x4000

Absolute sections:                         0x1a1e0
  .bss                zero     0xc0000000   0x80a0  waverecorder.o [1]
  .bss                zero     0xc00080a0   0x80a0  waverecorder.o [1]
  .bss                zero     0xc0010140   0x80a0  waverecorder.o [1]
  .bss                zero     0xc00181e0   0x1000  audio_application.o [1]
  .bss                zero     0xc00191e0   0x1000  audio_application.o [1]
                             - 0xc001a1e0  0x1a1e0


*******************************************************************************
*** INIT TABLE
***

          Address     Size
          -------     ----
Zero (__iar_zero_init3)
    2 destination ranges, total size 0x290d5:
          0x20010fc0   0xeef5
          0xc0000000  0x1a1e0

Copy/lz77 (__iar_lz77_init3)
    1 source range, total size 0x33b (20% of destination):
          0x08024d7c    0x33b
    1 destination range, total size 0xfc0:
          0x20010000    0xfc0



*******************************************************************************
*** MODULE SUMMARY
***

    Module                       ro code  ro data  rw data  rw data
                                                             (abs)
    ------                       -------  -------  -------  -------
D:\sop1hc\Github\data\Mic_Array_V00\USB_STREAMING\Mic_Array\Projects\STM32746G\Applications\Audio\Mic_Array\EWARM\STM32F7\Obj: [1]
    DSP.o                            238                 4
    audio_application.o            1 248                 1    8 192
    audio_codec.o                  2 536       32      216
    main.o                         1 952      549    3 114
    sta321mp.o                     2 468       28      136
    startup_stm32f746xx.o            780
    stm32746g_discovery.o            196
    stm32746g_discovery_sdram.o      652       20      178
    stm32f7xx_hal.o                  128                 4
    stm32f7xx_hal_cortex.o           208
    stm32f7xx_hal_dma.o            4 048
    stm32f7xx_hal_gpio.o             552
    stm32f7xx_hal_i2c.o            2 456
    stm32f7xx_hal_i2c_ex.o           118
    stm32f7xx_hal_i2s.o              272
    stm32f7xx_hal_pcd.o            2 104
    stm32f7xx_hal_pcd_ex.o           114
    stm32f7xx_hal_pwr_ex.o           116
    stm32f7xx_hal_rcc.o            1 492
    stm32f7xx_hal_rcc_ex.o         1 632
    stm32f7xx_hal_sdram.o            150
    stm32f7xx_hal_spi.o            2 004
    stm32f7xx_hal_uart.o             636
    stm32f7xx_it.o                   104                 4
    stm32f7xx_ll_fmc.o               344
    stm32f7xx_ll_usb.o             2 344
    system_stm32f7xx.o                76        4       20
    usbd_audio_if.o                  224        7       36
    usbd_audio_in.o                2 124       14      676
    usbd_conf_f4.o                   566               960
    usbd_core.o                      678
    usbd_ctlreq.o                  1 108                 1
    usbd_desc.o                      300       11      252
    usbd_ioreq.o                     156
    waveplayer _CS43L22.o             96                65
    waverecorder.o                 3 764            58 253   98 784
    ---------------------------------------------------------------
    Total:                        37 984      665   63 920  106 976

command line: [2]
    ---------------------------------------------------------------
    Total:

dl7M_tlf.a: [3]
    XShttio.o                          8        2        8
    abort.o                            6
    dlmalloc.o                     5 360               496
    errno.o                           12        1        4
    exit.o                             4
    low_level_init.o                   4
    xgetmemchunk.o                    44                 4
    xtls.o                             2
    ---------------------------------------------------------------
    Total:                         5 440        3      512

iar_cortexM7ls_math.a: [4]
    arm_cfft_radix4_init_f32.o       176
    arm_common_tables.o                    34 816
    arm_rfft_init_f32.o           32 888   32 768
    ---------------------------------------------------------------
    Total:                        33 064   67 584

libPDMFilter_CM7_IAR.a: [5]
    pdm_filter.o                   1 360      159      772
    ---------------------------------------------------------------
    Total:                         1 360      159      772

m7M_tls.a: [6]
    DblAdd.o                         232
    DblCmpEq.o                        32
    DblCmpGe.o                        46
    DblCmpLe.o                        46
    DblDiv.o                         598
    DblMul.o                         418
    DblSub.o                         384
    DblToFlt.o                       144
    DblToI32.o                        76
    FltCmpEq.o                        28
    FltCmpLe.o                        36
    FltMul.o                          18
    FltToDbl.o                        78
    I32ToDbl.o                        48
    U32ToFlt.o                        14
    fmod.o                           424
    fpinit_M.o                        34
    sqrt.o                           240
    xdint.o                          122
    xquad.o                          360
    xsin.o                         1 104
    ---------------------------------------------------------------
    Total:                         4 482

rt7M_tl.a: [7]
    ABImemclr.o                        6
    ABImemcpy_unaligned.o            118
    ABImemset.o                       94
    cexit.o                           10
    cmain.o                           26
    cstartup_M.o                      12
    data_init.o                       40
    iarEdom.o                         12
    lz77_init.o                      452
    zero_init3.o                      64
    ---------------------------------------------------------------
    Total:                           834

shb_l.a: [8]
    exit.o                            20
    iarttio.o                         48
    ---------------------------------------------------------------
    Total:                            68

    Gaps                              38        2        1
    Linker created                             52   16 384
-------------------------------------------------------------------
    Grand Total:                  83 270   68 465   81 589  106 976


*******************************************************************************
*** ENTRY LIST
***

Entry                      Address    Size  Type      Object
-----                      -------    ----  ----      ------
.iar.init_table$$Base   0x08024bc8           --   Gb  - Linker created -
.iar.init_table$$Limit  0x08024bfc           --   Gb  - Linker created -
?main                   0x08024bfd          Code  Gb  cmain.o [7]
AHBPrescTable           0x20010f7c    0x10  Data  Gb  system_stm32f7xx.o [1]
APBAHBPrescTable        0x08020190    0x10  Data  Gb  stm32f7xx_hal_rcc.o [1]
AUDIO_Desc              0x20010f5c    0x1c  Data  Gb  usbd_desc.o [1]
AUDIO_Init              0x0801dd75    0x2c  Code  Gb  audio_codec.o [1]
AUDIO_InitApplication   0x0801fb49     0xc  Code  Gb  waveplayer _CS43L22.o [1]
AudioPlayerUpd          0x080204f5   0x44c  Code  Gb  audio_application.o [1]
AudioRemSize            0x20010e0c     0x4  Data  Gb  audio_codec.o [1]
AudioTotalSize          0x20010e08     0x4  Data  Gb  audio_codec.o [1]
AudioUSBSend            0x080204d5    0x1e  Code  Gb  audio_application.o [1]
Audio_CommandMgr        0x080228bb     0x4  Code  Lc  usbd_audio_if.o [1]
Audio_DeInit            0x08022875     0x4  Code  Lc  usbd_audio_if.o [1]
Audio_Init              0x08022871     0x4  Code  Lc  usbd_audio_if.o [1]
Audio_MAL_Play          0x0801e3e5    0x54  Code  Gb  audio_codec.o [1]
Audio_MuteCtl           0x080228ab     0x4  Code  Lc  usbd_audio_if.o [1]
Audio_Pause             0x080228b3     0x4  Code  Lc  usbd_audio_if.o [1]
Audio_Record            0x08022879     0x4  Code  Lc  usbd_audio_if.o [1]
Audio_Resume            0x080228b7     0x4  Code  Lc  usbd_audio_if.o [1]
Audio_Stop              0x080228af     0x4  Code  Lc  usbd_audio_if.o [1]
Audio_VolumeCtl         0x0802287d    0x2e  Code  Lc  usbd_audio_if.o [1]
BSP_LED_Init            0x080212a1    0x86  Code  Gb  stm32746g_discovery.o [1]
BSP_LED_Toggle          0x08021327    0x2e  Code  Gb  stm32746g_discovery.o [1]
BSP_SDRAM_Init          0x08021015   0x106  Code  Gb  stm32746g_discovery_sdram.o [1]
BSP_SDRAM_MspInit       0x0802111b   0x15a  Code  Wk  stm32746g_discovery_sdram.o [1]
Buffer1                 0xc0000000  0x80a0  Data  Gb  waverecorder.o [1]
Buffer2                 0xc00080a0  0x80a0  Data  Gb  waverecorder.o [1]
Buffer3                 0xc0010140  0x80a0  Data  Gb  waverecorder.o [1]
BusFault_Handler        0x08024a8f     0x2  Code  Gb  stm32f7xx_it.o [1]
ButtonInit              0x0801ef8f    0x48  Code  Gb  main.o [1]
CSTACK$$Base            0x2001feb8           --   Gb  - Linker created -
CSTACK$$Limit           0x20021eb8           --   Gb  - Linker created -
Codec_Init              0x0801df81   0x464  Code  Lc  audio_codec.o [1]
Codec_TIMEOUT_UserCallback
                        0x0801faf5     0x4  Code  Gb  waveplayer _CS43L22.o [1]
Command                 0x20010eec    0x10  Data  Lc  stm32746g_discovery_sdram.o [1]
Command_index           0x20010fb7     0x1  Data  Gb  main.o [1]
CrssCor                 0x080203e5    0xd2  Code  Gb  DSP.o [1]
CurrentPos              0x20010e10     0x4  Data  Gb  audio_codec.o [1]
DFT_Init                0x0801ee45    0x76  Code  Gb  main.o [1]
DMA1_Stream0_IRQHandler
                        0x0801df75     0x2  Code  Gb  audio_codec.o [1]
DMA1_Stream7_IRQHandler
                        0x0801dda1   0x1d4  Code  Gb  audio_codec.o [1]
DMA2_Stream4_IRQHandler
                        0x08024aed     0x2  Code  Gb  stm32f7xx_it.o [1]
DMA2_Stream5_IRQHandler
                        0x0801ba79     0x8  Code  Gb  waverecorder.o [1]
DMA2_Stream6_IRQHandler
                        0x0801ba81     0x8  Code  Gb  waverecorder.o [1]
DMA2_Stream7_IRQHandler
                        0x08024aef     0x2  Code  Gb  stm32f7xx_it.o [1]
DebugMon_Handler        0x08024a95     0x2  Code  Gb  stm32f7xx_it.o [1]
DmaHandle               0x20010d78    0x50  Data  Gb  audio_codec.o [1]
EXTI15_10_IRQHandler    0x0801edf5     0x2  Code  Gb  main.o [1]
EXTI4_IRQHandler        0x0801edcb    0x2a  Code  Gb  main.o [1]
EXTI9_5_IRQHandler      0x0801edf7    0x4e  Code  Gb  main.o [1]
EnergySound             0x2001fe9c     0x4  Data  Gb  DSP.o [1]
FFT_Update              0x0801e9bd    0xb0  Code  Lc  main.o [1]
FMC_SDRAM_Init          0x08023191    0x78  Code  Gb  stm32f7xx_ll_fmc.o [1]
FMC_SDRAM_ProgramRefreshRate
                        0x080232dd     0xc  Code  Gb  stm32f7xx_ll_fmc.o [1]
FMC_SDRAM_SendCommand   0x08023287    0x56  Code  Gb  stm32f7xx_ll_fmc.o [1]
FMC_SDRAM_Timing_Init   0x08023209    0x7e  Code  Gb  stm32f7xx_ll_fmc.o [1]
FacMic                  0x20010014    0x18  Data  Gb  main.o [1]
FactorUpd               0x080204bd    0x16  Code  Gb  DSP.o [1]
Filter                  0x2001f74c    0x68  Data  Gb  waverecorder.o [1]
GPIO_INS                0x20010000    0x14  Data  Gb  main.o [1]
GPIO_PIN                0x0802135c     0x8  Data  Gb  stm32746g_discovery.o [1]
HAL_DMA_DeInit          0x0801a0cf   0x3e0  Code  Gb  stm32f7xx_hal_dma.o [1]
HAL_DMA_IRQHandler      0x0801a587   0xa60  Code  Gb  stm32f7xx_hal_dma.o [1]
HAL_DMA_Init            0x0801a061    0x6e  Code  Gb  stm32f7xx_hal_dma.o [1]
HAL_DMA_Start_IT        0x0801a4fd    0x8a  Code  Gb  stm32f7xx_hal_dma.o [1]
HAL_Delay               0x0801e7b9    0x1c  Code  Wk  stm32f7xx_hal.o [1]
HAL_GPIO_Init           0x0801bee5   0x1d4  Code  Gb  stm32f7xx_hal_gpio.o [1]
HAL_GPIO_ReadPin        0x0801c0b9     0xe  Code  Gb  stm32f7xx_hal_gpio.o [1]
HAL_GPIO_TogglePin      0x0801c0cf     0x8  Code  Gb  stm32f7xx_hal_gpio.o [1]
HAL_GPIO_WritePin       0x0801c0c7     0x8  Code  Gb  stm32f7xx_hal_gpio.o [1]
HAL_GetTick             0x0801e7b1     0x6  Code  Wk  stm32f7xx_hal.o [1]
HAL_I2CEx_ConfigAnalogFilter
                        0x0801fb55    0x76  Code  Gb  stm32f7xx_hal_i2c_ex.o [1]
HAL_I2C_EV_IRQHandler   0x0801f595    0xfe  Code  Gb  stm32f7xx_hal_i2c.o [1]
HAL_I2C_ErrorCallback   0x0801f69f     0x2  Code  Wk  stm32f7xx_hal_i2c.o [1]
HAL_I2C_GetError        0x0801f6a1     0x4  Code  Gb  stm32f7xx_hal_i2c.o [1]
HAL_I2C_Init            0x0801f15d    0xa2  Code  Gb  stm32f7xx_hal_i2c.o [1]
HAL_I2C_MasterRxCpltCallback
                        0x0801f695     0x2  Code  Wk  stm32f7xx_hal_i2c.o [1]
HAL_I2C_MasterTxCpltCallback
                        0x0801f693     0x2  Code  Wk  stm32f7xx_hal_i2c.o [1]
HAL_I2C_Master_Receive  0x0801f3d5   0x1b4  Code  Gb  stm32f7xx_hal_i2c.o [1]
HAL_I2C_Master_Transmit
                        0x0801f201   0x1d2  Code  Gb  stm32f7xx_hal_i2c.o [1]
HAL_I2C_MemRxCpltCallback
                        0x0801f69d     0x2  Code  Wk  stm32f7xx_hal_i2c.o [1]
HAL_I2C_MemTxCpltCallback
                        0x0801f69b     0x2  Code  Wk  stm32f7xx_hal_i2c.o [1]
HAL_I2C_MspInit         0x0801ed0f    0xbc  Code  Gb  main.o [1]
HAL_I2C_SlaveRxCpltCallback
                        0x0801f699     0x2  Code  Wk  stm32f7xx_hal_i2c.o [1]
HAL_I2C_SlaveTxCpltCallback
                        0x0801f697     0x2  Code  Wk  stm32f7xx_hal_i2c.o [1]
HAL_I2S_Init            0x0801c65d    0xfc  Code  Gb  stm32f7xx_hal_i2s.o [1]
HAL_I2S_MspInit         0x0801e44d   0x264  Code  Gb  audio_codec.o [1]
HAL_I2S_TxCpltCallback  0x0801f003    0x92  Code  Gb  main.o [1]
HAL_IncTick             0x0801e7a7     0xa  Code  Wk  stm32f7xx_hal.o [1]
HAL_Init                0x0801e75d    0x24  Code  Gb  stm32f7xx_hal.o [1]
HAL_InitTick            0x0801e783    0x24  Code  Wk  stm32f7xx_hal.o [1]
HAL_MspInit             0x0801e781     0x2  Code  Wk  stm32f7xx_hal.o [1]
HAL_NVIC_DisableIRQ     0x0801cfbf    0x12  Code  Gb  stm32f7xx_hal_cortex.o [1]
HAL_NVIC_EnableIRQ      0x0801cfad    0x12  Code  Gb  stm32f7xx_hal_cortex.o [1]
HAL_NVIC_SetPriority    0x0801cf5b    0x52  Code  Gb  stm32f7xx_hal_cortex.o [1]
HAL_NVIC_SetPriorityGrouping
                        0x0801cf41    0x1a  Code  Gb  stm32f7xx_hal_cortex.o [1]
HAL_PCDEx_ActivateLPM   0x08023b6b    0x26  Code  Gb  stm32f7xx_hal_pcd_ex.o [1]
HAL_PCDEx_LPM_Callback  0x08023b91     0x2  Code  Wk  stm32f7xx_hal_pcd_ex.o [1]
HAL_PCDEx_SetRxFiFo     0x08023b63     0x8  Code  Gb  stm32f7xx_hal_pcd_ex.o [1]
HAL_PCDEx_SetTxFiFo     0x08023b21    0x42  Code  Gb  stm32f7xx_hal_pcd_ex.o [1]
HAL_PCD_ConnectCallback
                        0x08022adb     0x8  Code  Gb  usbd_conf_f4.o [1]
HAL_PCD_DataInStageCallback
                        0x08022a81    0x12  Code  Gb  usbd_conf_f4.o [1]
HAL_PCD_DataOutStageCallback
                        0x08022a6d    0x14  Code  Gb  usbd_conf_f4.o [1]
HAL_PCD_DisconnectCallback
                        0x08022ae3     0x8  Code  Gb  usbd_conf_f4.o [1]
HAL_PCD_EP_Close        0x08023889    0x46  Code  Gb  stm32f7xx_hal_pcd.o [1]
HAL_PCD_EP_ClrStall     0x080239f5    0x54  Code  Gb  stm32f7xx_hal_pcd.o [1]
HAL_PCD_EP_Flush        0x08023a49    0x38  Code  Gb  stm32f7xx_hal_pcd.o [1]
HAL_PCD_EP_Open         0x0802382b    0x5e  Code  Gb  stm32f7xx_hal_pcd.o [1]
HAL_PCD_EP_Receive      0x080238cf    0x60  Code  Gb  stm32f7xx_hal_pcd.o [1]
HAL_PCD_EP_SetStall     0x0802398f    0x66  Code  Gb  stm32f7xx_hal_pcd.o [1]
HAL_PCD_EP_Transmit     0x0802392f    0x60  Code  Gb  stm32f7xx_hal_pcd.o [1]
HAL_PCD_IRQHandler      0x080233d1   0x436  Code  Gb  stm32f7xx_hal_pcd.o [1]
HAL_PCD_ISOINIncompleteCallback
                        0x08022ad3     0x8  Code  Gb  usbd_conf_f4.o [1]
HAL_PCD_ISOOUTIncompleteCallback
                        0x08022acb     0x8  Code  Gb  usbd_conf_f4.o [1]
HAL_PCD_Init            0x080232e9    0xbe  Code  Gb  stm32f7xx_hal_pcd.o [1]
HAL_PCD_MspInit         0x080229e9    0x78  Code  Gb  usbd_conf_f4.o [1]
HAL_PCD_ResetCallback   0x08022a9b    0x20  Code  Gb  usbd_conf_f4.o [1]
HAL_PCD_ResumeCallback  0x08022ac3     0x8  Code  Gb  usbd_conf_f4.o [1]
HAL_PCD_SOFCallback     0x08022a93     0x8  Code  Gb  usbd_conf_f4.o [1]
HAL_PCD_SetAddress      0x08023807    0x24  Code  Gb  stm32f7xx_hal_pcd.o [1]
HAL_PCD_SetupStageCallback
                        0x08022a61     0xc  Code  Gb  usbd_conf_f4.o [1]
HAL_PCD_Start           0x080233a7    0x2a  Code  Gb  stm32f7xx_hal_pcd.o [1]
HAL_PCD_SuspendCallback
                        0x08022abb     0x8  Code  Gb  usbd_conf_f4.o [1]
HAL_PWREx_EnableOverDrive
                        0x080227fd    0x6c  Code  Gb  stm32f7xx_hal_pwr_ex.o [1]
HAL_RCCEx_GetPeriphCLKConfig
                        0x08020eb5   0x14c  Code  Gb  stm32f7xx_hal_rcc_ex.o [1]
HAL_RCCEx_PeriphCLKConfig
                        0x080209b5   0x500  Code  Gb  stm32f7xx_hal_rcc_ex.o [1]
HAL_RCC_ClockConfig     0x0801ff2f   0x1e0  Code  Gb  stm32f7xx_hal_rcc.o [1]
HAL_RCC_GetHCLKFreq     0x08020153    0x22  Code  Gb  stm32f7xx_hal_rcc.o [1]
HAL_RCC_GetSysClockFreq
                        0x0802010f    0x44  Code  Gb  stm32f7xx_hal_rcc.o [1]
HAL_RCC_OscConfig       0x0801fbcd   0x362  Code  Gb  stm32f7xx_hal_rcc.o [1]
HAL_SDRAM_Init          0x08022951    0x42  Code  Gb  stm32f7xx_hal_sdram.o [1]
HAL_SDRAM_MspInit       0x08022993     0x2  Code  Wk  stm32f7xx_hal_sdram.o [1]
HAL_SDRAM_ProgramRefreshRate
                        0x080229c5    0x22  Code  Gb  stm32f7xx_hal_sdram.o [1]
HAL_SDRAM_SendCommand   0x08022995    0x30  Code  Gb  stm32f7xx_hal_sdram.o [1]
HAL_SPI_ErrorCallback   0x0801cac3     0x2  Code  Wk  stm32f7xx_hal_spi.o [1]
HAL_SPI_Init            0x0801c76d    0xba  Code  Gb  stm32f7xx_hal_spi.o [1]
HAL_SPI_MspInit         0x0801b65d   0x412  Code  Gb  waverecorder.o [1]
HAL_SPI_Receive_DMA     0x0801c827   0x108  Code  Gb  stm32f7xx_hal_spi.o [1]
HAL_SPI_RxCpltCallback  0x0801ba99    0x8e  Code  Gb  waverecorder.o [1]
HAL_SPI_RxHalfCpltCallback
                        0x0801cabf     0x2  Code  Wk  stm32f7xx_hal_spi.o [1]
HAL_SPI_TransmitReceive_DMA
                        0x0801c92f   0x18e  Code  Gb  stm32f7xx_hal_spi.o [1]
HAL_SPI_TxRxCpltCallback
                        0x0801cabd     0x2  Code  Wk  stm32f7xx_hal_spi.o [1]
HAL_SPI_TxRxHalfCpltCallback
                        0x0801cac1     0x2  Code  Wk  stm32f7xx_hal_spi.o [1]
HAL_SYSTICK_Config      0x0801cfd1    0x22  Code  Gb  stm32f7xx_hal_cortex.o [1]
HAL_UART_ErrorCallback  0x08024623     0x2  Code  Wk  stm32f7xx_hal_uart.o [1]
HAL_UART_IRQHandler     0x0802451d   0x102  Code  Gb  stm32f7xx_hal_uart.o [1]
HAL_UART_RxCpltCallback
                        0x08024621     0x2  Code  Wk  stm32f7xx_hal_uart.o [1]
HAL_UART_TxCpltCallback
                        0x0802461f     0x2  Code  Wk  stm32f7xx_hal_uart.o [1]
HEAP$$Base              0x20021eb8           --   Gb  - Linker created -
HEAP$$Limit             0x20023eb8           --   Gb  - Linker created -
HardFault_Handler       0x08024a8b     0x2  Code  Gb  stm32f7xx_it.o [1]
I2C1_EV_IRQHandler      0x08024ac1     0x6  Code  Gb  stm32f7xx_it.o [1]
I2C2_EV_IRQHandler      0x08024ac7     0x6  Code  Gb  stm32f7xx_it.o [1]
I2C_IsAcknowledgeFailed
                        0x0801fa61    0x8e  Code  Lc  stm32f7xx_hal_i2c.o [1]
I2C_MasterReceive_ISR   0x0801f7c7   0x122  Code  Lc  stm32f7xx_hal_i2c.o [1]
I2C_MasterTransmit_ISR  0x0801f6a5   0x122  Code  Lc  stm32f7xx_hal_i2c.o [1]
I2C_SlaveReceive_ISR    0x0801f9a9    0xac  Code  Lc  stm32f7xx_hal_i2c.o [1]
I2C_SlaveTransmit_ISR   0x0801f8e9    0xc0  Code  Lc  stm32f7xx_hal_i2c.o [1]
I2S2_idxTmp             0x20010034     0x2  Data  Gb  main.o [1]
I2S2_stNipple           0x20013056     0x2  Data  Gb  waverecorder.o [1]
I2S3_Init               0x0801faf9    0x42  Code  Gb  waveplayer _CS43L22.o [1]
IS                      0x2001fb64    0x18  Data  Gb  main.o [1]
ISS                     0x2001faf0    0x14  Data  Gb  main.o [1]
InStream_Read           0x08024799    0x22  Code  Lc  lz77_init.o [7]
IsocInBuffDummy         0x2001f504   0x180  Data  Lc  usbd_audio_in.o [1]
MIC1TO6_Init            0x0801b427    0xd2  Code  Gb  waverecorder.o [1]
MX_I2C1_Init            0x0801e6b1    0x36  Code  Gb  audio_codec.o [1]
MX_I2C2_Init            0x0801efd7    0x2c  Code  Gb  main.o [1]
MemManage_Handler       0x08024a8d     0x2  Code  Gb  stm32f7xx_it.o [1]
NMI_Handler             0x08024a89     0x2  Code  Gb  stm32f7xx_it.o [1]
OTG_FS_IRQHandler       0x08024acd     0x6  Code  Gb  stm32f7xx_it.o [1]
OutStream_Write         0x080247bb    0x40  Code  Lc  lz77_init.o [7]
OutputDev               0x20010e04     0x1  Data  Gb  audio_codec.o [1]
PCD_WriteEmptyTxFifo    0x08023a81    0xa0  Code  Lc  stm32f7xx_hal_pcd.o [1]
PCM_Buffer1             0xc00181e0  0x1000  Data  Gb  audio_application.o [1]
PCM_Buffer2             0xc00191e0  0x1000  Data  Gb  audio_application.o [1]
PDM2PCMSDO78            0x0801bb69   0x31a  Code  Gb  waverecorder.o [1]
PDM_Filter_64_LSB       0x0801c30d   0x31e  Code  Gb  pdm_filter.o [5]
PDM_Filter_Init         0x0801c10d   0x1fe  Code  Gb  pdm_filter.o [5]
PendSV_Handler          0x08024a97     0x2  Code  Gb  stm32f7xx_it.o [1]
Region$$Table$$Base     0x08024bc8           --   Gb  - Linker created -
Region$$Table$$Limit    0x08024bfc           --   Gb  - Linker created -
S1                      0x2001fb04    0x18  Data  Gb  main.o [1]
S2                      0x2001fb1c    0x18  Data  Gb  main.o [1]
S3                      0x2001fb34    0x18  Data  Gb  main.o [1]
S4                      0x2001fb4c    0x18  Data  Gb  main.o [1]
SPI1_IRQHandler         0x0801b031    0xd8  Code  Gb  waverecorder.o [1]
SPI1_stNipple           0x20011050     0x2  Data  Gb  waverecorder.o [1]
SPI2_IRQHandler         0x0801b109    0xcc  Code  Gb  waverecorder.o [1]
SPI3_IRQHandler         0x0801df77     0xa  Code  Gb  audio_codec.o [1]
SPI4_IRQHandler         0x0801b1d5   0x144  Code  Gb  waverecorder.o [1]
SPI4_Init               0x0801b529    0x56  Code  Gb  waverecorder.o [1]
SPI4_stNipple           0x2001505e     0x2  Data  Gb  waverecorder.o [1]
SPI4_stPosShft          0x2001505c     0x1  Data  Gb  waverecorder.o [1]
SPI5_IRQHandler         0x0801b319    0x8a  Code  Gb  waverecorder.o [1]
SPI5_Init               0x0801b581    0x8c  Code  Gb  waverecorder.o [1]
SPI6_IRQHandler         0x0801b3a3    0x84  Code  Gb  waverecorder.o [1]
SPI6_Init               0x0801b60d    0x4a  Code  Gb  waverecorder.o [1]
SPI_DMAError            0x0801cf19    0x26  Code  Lc  stm32f7xx_hal_spi.o [1]
SPI_DMAHalfReceiveCplt  0x0801cef9     0xe  Code  Lc  stm32f7xx_hal_spi.o [1]
SPI_DMAHalfTransmitReceiveCplt
                        0x0801cf09     0xe  Code  Lc  stm32f7xx_hal_spi.o [1]
SPI_DMAReceiveCplt      0x0801cac5   0x220  Code  Lc  stm32f7xx_hal_spi.o [1]
SPI_DMATransmitReceiveCplt
                        0x0801cce5   0x214  Code  Lc  stm32f7xx_hal_spi.o [1]
SS1                     0x2001faa0    0x14  Data  Gb  main.o [1]
SS2                     0x2001fab4    0x14  Data  Gb  main.o [1]
SS3                     0x2001fac8    0x14  Data  Gb  main.o [1]
SS4                     0x2001fadc    0x14  Data  Gb  main.o [1]
STA321MP_Ini            0x08021365   0x47e  Code  Gb  sta321mp.o [1]
STACoefSet              0x08021841   0x2c0  Code  Gb  sta321mp.o [1]
SVC_Handler             0x08024a93     0x2  Code  Gb  stm32f7xx_it.o [1]
Send_Audio_to_USB       0x080228bf     0xa  Code  Gb  usbd_audio_if.o [1]
StartPlay               0x0801f095    0x52  Code  Gb  main.o [1]
StartRecMic7_8          0x0801b4f9    0x30  Code  Gb  waverecorder.o [1]
SumDelay                0x0801eebd    0xd2  Code  Gb  main.o [1]
SysTick_Handler         0x08024a99    0x20  Code  Gb  stm32f7xx_it.o [1]
SystemClock_Config      0x0801ec6f    0xa0  Code  Lc  main.o [1]
SystemCoreClock         0x20010f78     0x4  Data  Gb  system_stm32f7xx.o [1]
SystemInit              0x08024af1    0x3c  Code  Gb  system_stm32f7xx.o [1]
T0                      0x20010a78   0x100  Data  Gb  pdm_filter.o [5]
T1                      0x20010b78   0x100  Data  Gb  pdm_filter.o [5]
T2                      0x20010c78   0x100  Data  Gb  pdm_filter.o [5]
TestSDO12               0x20011054  0x2000  Data  Gb  waverecorder.o [1]
TestSDO34               0x2001305c  0x2000  Data  Gb  waverecorder.o [1]
TestSDO56               0x20015064  0x2000  Data  Gb  waverecorder.o [1]
TestSDO7                0x20017064  0x2000  Data  Gb  waverecorder.o [1]
TestSDO7_1              0x2001b064  0x2000  Data  Gb  waverecorder.o [1]
TestSDO8                0x20019064  0x2000  Data  Gb  waverecorder.o [1]
TestSDO8_1              0x2001d064  0x2000  Data  Gb  waverecorder.o [1]
Timing                  0x20010ed0    0x1c  Data  Lc  stm32746g_discovery_sdram.o [1]
UART_Receive_IT         0x08024705    0x94  Code  Lc  stm32f7xx_hal_uart.o [1]
UART_Transmit_IT        0x08024625    0xe0  Code  Lc  stm32f7xx_hal_uart.o [1]
USART3_IRQHandler       0x08024abb     0x6  Code  Gb  stm32f7xx_it.o [1]
USART6_IRQHandler       0x08024ab9     0x2  Code  Gb  stm32f7xx_it.o [1]
USBD_AUDIO              0x20010f00    0x38  Data  Gb  usbd_audio_in.o [1]
USBD_AUDIO_CfgDesc      0x2001f488    0x78  Data  Lc  usbd_audio_in.o [1]
USBD_AUDIO_ConfigStrDescriptor
                        0x080249b9    0x14  Code  Gb  usbd_desc.o [1]
USBD_AUDIO_DataIn       0x08021e8f    0xc6  Code  Lc  usbd_audio_in.o [1]
USBD_AUDIO_DataOut      0x08021f9d     0x4  Code  Lc  usbd_audio_in.o [1]
USBD_AUDIO_Data_Transfer
                        0x08021fab    0xe0  Code  Gb  usbd_audio_in.o [1]
USBD_AUDIO_DeInit       0x08021d71    0x26  Code  Lc  usbd_audio_in.o [1]
USBD_AUDIO_DeviceDescriptor
                        0x0802495d     0x8  Code  Gb  usbd_desc.o [1]
USBD_AUDIO_DeviceQualifierDesc
                        0x20010fa0     0xc  Data  Lc  usbd_audio_in.o [1]
USBD_AUDIO_EP0_RxReady  0x08021f55    0x38  Code  Lc  usbd_audio_in.o [1]
USBD_AUDIO_EP0_TxReady  0x08021f8d     0x4  Code  Lc  usbd_audio_in.o [1]
USBD_AUDIO_GetCfgDesc   0x08021e85     0xa  Code  Lc  usbd_audio_in.o [1]
USBD_AUDIO_GetDeviceQualifierDesc
                        0x08021fa1     0xa  Code  Lc  usbd_audio_in.o [1]
USBD_AUDIO_Init         0x08021d09    0x68  Code  Lc  usbd_audio_in.o [1]
USBD_AUDIO_Init_Microphone_Descriptor
                        0x08022095   0x4a8  Code  Gb  usbd_audio_in.o [1]
USBD_AUDIO_InterfaceStrDescriptor
                        0x080249cd    0x14  Code  Gb  usbd_desc.o [1]
USBD_AUDIO_IsoINIncomplete
                        0x08021f95     0x4  Code  Lc  usbd_audio_in.o [1]
USBD_AUDIO_IsoOutIncomplete
                        0x08021f99     0x4  Code  Lc  usbd_audio_in.o [1]
USBD_AUDIO_LangIDStrDescriptor
                        0x08024965     0x8  Code  Gb  usbd_desc.o [1]
USBD_AUDIO_ManufacturerStrDescriptor
                        0x08024989    0x14  Code  Gb  usbd_desc.o [1]
USBD_AUDIO_ProductStrDescriptor
                        0x0802496d    0x1c  Code  Gb  usbd_desc.o [1]
USBD_AUDIO_RegisterInterface
                        0x0802208b     0xa  Code  Gb  usbd_audio_in.o [1]
USBD_AUDIO_SOF          0x08021f91     0x4  Code  Lc  usbd_audio_in.o [1]
USBD_AUDIO_SerialStrDescriptor
                        0x0802499d    0x1c  Code  Gb  usbd_desc.o [1]
USBD_AUDIO_Setup        0x08021d97    0xee  Code  Lc  usbd_audio_in.o [1]
USBD_AUDIO_fops         0x20010f38    0x24  Data  Gb  usbd_audio_if.o [1]
USBD_ClrClassConfig     0x080225b9    0x12  Code  Gb  usbd_core.o [1]
USBD_CtlContinueRx      0x08022c73    0x14  Code  Gb  usbd_ioreq.o [1]
USBD_CtlContinueSendData
                        0x08022c3d    0x14  Code  Gb  usbd_ioreq.o [1]
USBD_CtlError           0x080230ad    0x16  Code  Gb  usbd_ctlreq.o [1]
USBD_CtlPrepareRx       0x08022c51    0x22  Code  Gb  usbd_ioreq.o [1]
USBD_CtlReceiveStatus   0x08022ca1    0x1a  Code  Gb  usbd_ioreq.o [1]
USBD_CtlSendData        0x08022c1f    0x1e  Code  Gb  usbd_ioreq.o [1]
USBD_CtlSendStatus      0x08022c87    0x1a  Code  Gb  usbd_ioreq.o [1]
USBD_GetDescriptor      0x08022f75   0x110  Code  Lc  usbd_ctlreq.o [1]
USBD_GetString          0x080230c5    0x4c  Code  Gb  usbd_ctlreq.o [1]
USBD_Init               0x08022555    0x30  Code  Gb  usbd_core.o [1]
USBD_LL_ClearStallEP    0x08022bb9    0x12  Code  Gb  usbd_conf_f4.o [1]
USBD_LL_CloseEP         0x08022b83    0x12  Code  Gb  usbd_conf_f4.o [1]
USBD_LL_DataInStage     0x0802269d    0xb2  Code  Gb  usbd_core.o [1]
USBD_LL_DataOutStage    0x0802262f    0x6e  Code  Gb  usbd_core.o [1]
USBD_LL_DevConnected    0x080227db     0x4  Code  Gb  usbd_core.o [1]
USBD_LL_DevDisconnected
                        0x080227df    0x1c  Code  Gb  usbd_core.o [1]
USBD_LL_FlushEP         0x08022b95    0x12  Code  Gb  usbd_conf_f4.o [1]
USBD_LL_Init            0x08022aeb    0x60  Code  Gb  usbd_conf_f4.o [1]
USBD_LL_IsStallEP       0x08022bcb    0x1e  Code  Gb  usbd_conf_f4.o [1]
USBD_LL_IsoINIncomplete
                        0x080227d3     0x4  Code  Gb  usbd_core.o [1]
USBD_LL_IsoOUTIncomplete
                        0x080227d7     0x4  Code  Gb  usbd_core.o [1]
USBD_LL_OpenEP          0x08022b6f    0x14  Code  Gb  usbd_conf_f4.o [1]
USBD_LL_PrepareReceive  0x08022c0d    0x12  Code  Gb  usbd_conf_f4.o [1]
USBD_LL_Reset           0x0802274f    0x42  Code  Gb  usbd_core.o [1]
USBD_LL_Resume          0x080227a9     0xc  Code  Gb  usbd_core.o [1]
USBD_LL_SOF             0x080227b5    0x1e  Code  Gb  usbd_core.o [1]
USBD_LL_SetSpeed        0x08022791     0x6  Code  Gb  usbd_core.o [1]
USBD_LL_SetUSBAddress   0x08022be9    0x12  Code  Gb  usbd_conf_f4.o [1]
USBD_LL_SetupStage      0x080225cb    0x64  Code  Gb  usbd_core.o [1]
USBD_LL_StallEP         0x08022ba7    0x12  Code  Gb  usbd_conf_f4.o [1]
USBD_LL_Start           0x08022b5d    0x12  Code  Gb  usbd_conf_f4.o [1]
USBD_LL_Suspend         0x08022797    0x12  Code  Gb  usbd_core.o [1]
USBD_LL_Transmit        0x08022bfb    0x12  Code  Gb  usbd_conf_f4.o [1]
USBD_LangIDDesc         0x20010fb8     0x4  Data  Gb  usbd_desc.o [1]
USBD_ParseSetupRequest  0x08023085    0x28  Code  Gb  usbd_ctlreq.o [1]
USBD_RegisterClass      0x08022585    0x10  Code  Gb  usbd_core.o [1]
USBD_SetClassConfig     0x080225a3    0x16  Code  Gb  usbd_core.o [1]
USBD_Start              0x08022595     0xe  Code  Gb  usbd_core.o [1]
USBD_StdDevReq          0x08022cbd   0x15e  Code  Gb  usbd_ctlreq.o [1]
USBD_StdEPReq           0x08022e69   0x10c  Code  Gb  usbd_ctlreq.o [1]
USBD_StdItfReq          0x08022e21    0x46  Code  Gb  usbd_ctlreq.o [1]
USBD_StrDesc            0x2001fb7c    0xc8  Data  Gb  usbd_desc.o [1]
USB_ActivateEndpoint    0x08023e8d    0x8c  Code  Gb  stm32f7xx_ll_usb.o [1]
USB_ActivateSetup       0x080244a3    0x2e  Code  Gb  stm32f7xx_ll_usb.o [1]
USB_CoreInit            0x08023bf5    0xa0  Code  Gb  stm32f7xx_ll_usb.o [1]
USB_DeactivateEndpoint  0x08023f19    0x68  Code  Gb  stm32f7xx_ll_usb.o [1]
USB_DevConnect          0x0802440b    0x1c  Code  Gb  stm32f7xx_ll_usb.o [1]
USB_DevDisconnect       0x08024427    0x1c  Code  Gb  stm32f7xx_ll_usb.o [1]
USB_DevInit             0x08023cdd   0x144  Code  Gb  stm32f7xx_ll_usb.o [1]
USB_DisableGlobalInt    0x08023ca1     0xc  Code  Gb  stm32f7xx_ll_usb.o [1]
USB_EP0StartXfer        0x080241a9   0x146  Code  Gb  stm32f7xx_ll_usb.o [1]
USB_EP0_OutStart        0x080244d1    0x30  Code  Gb  stm32f7xx_ll_usb.o [1]
USB_EPClearStall        0x08024395    0x5a  Code  Gb  stm32f7xx_ll_usb.o [1]
USB_EPSetStall          0x08024343    0x52  Code  Gb  stm32f7xx_ll_usb.o [1]
USB_EPStartXfer         0x08023f81   0x228  Code  Gb  stm32f7xx_ll_usb.o [1]
USB_EnableGlobalInt     0x08023c95     0xc  Code  Gb  stm32f7xx_ll_usb.o [1]
USB_FlushRxFifo         0x08023e3f    0x1a  Code  Gb  stm32f7xx_ll_usb.o [1]
USB_FlushTxFifo         0x08023e21    0x1e  Code  Gb  stm32f7xx_ll_usb.o [1]
USB_GetDevSpeed         0x08023e59    0x34  Code  Gb  stm32f7xx_ll_usb.o [1]
USB_GetMode             0x0802449b     0x8  Code  Gb  stm32f7xx_ll_usb.o [1]
USB_ReadDevAllInEpInterrupt
                        0x08024459     0xe  Code  Gb  stm32f7xx_ll_usb.o [1]
USB_ReadDevAllOutEpInterrupt
                        0x0802444b     0xe  Code  Gb  stm32f7xx_ll_usb.o [1]
USB_ReadDevInEPInterrupt
                        0x0802447b    0x20  Code  Gb  stm32f7xx_ll_usb.o [1]
USB_ReadDevOutEPInterrupt
                        0x08024467    0x14  Code  Gb  stm32f7xx_ll_usb.o [1]
USB_ReadInterrupts      0x08024443     0x8  Code  Gb  stm32f7xx_ll_usb.o [1]
USB_ReadPacket          0x08024325    0x1e  Code  Gb  stm32f7xx_ll_usb.o [1]
USB_SetCurrentMode      0x08023cad    0x2e  Code  Gb  stm32f7xx_ll_usb.o [1]
USB_SetDevAddress       0x080243ef    0x1c  Code  Gb  stm32f7xx_ll_usb.o [1]
USB_WritePacket         0x080242f1    0x34  Code  Gb  stm32f7xx_ll_usb.o [1]
UsageFault_Handler      0x08024a91     0x2  Code  Gb  stm32f7xx_it.o [1]
VOL_CUR                 0x2001f500     0x2  Data  Lc  usbd_audio_in.o [1]
Volume                  0x20010e05     0x1  Data  Gb  audio_codec.o [1]
WaveRec_idxSens1        0x20010036     0x2  Data  Gb  main.o [1]
WaveRec_idxSens2        0x20010038     0x2  Data  Gb  main.o [1]
WaveRec_idxSens3        0x20010032     0x2  Data  Gb  main.o [1]
WaveRec_idxSens4        0x20010030     0x2  Data  Gb  main.o [1]
WaveRec_idxSens5        0x2001003a     0x2  Data  Gb  main.o [1]
WaveRec_idxSens6        0x2001003c     0x2  Data  Gb  main.o [1]
WaveRec_idxTest         0x20011042     0x2  Data  Gb  waverecorder.o [1]
WaveRecord_flgIni       0x2001feb4     0x1  Data  Gb  waverecorder.o [1]
WaveRecord_flgInt       0x20011040     0x1  Data  Gb  waverecorder.o [1]
WaveRecord_flgSDO7Finish
                        0x2001f7b6     0x1  Data  Gb  waverecorder.o [1]
WaveRecord_flgSDO8Finish
                        0x2001f7b7     0x1  Data  Gb  waverecorder.o [1]
WriteCoef               0x08021b01   0x1fa  Code  Gb  sta321mp.o [1]
WriteSTAByte            0x080217e5    0x5a  Code  Gb  sta321mp.o [1]
__aeabi_cdcmpeq         0x0802021d          Code  Gb  DblCmpEq.o [6]
__aeabi_cdcmple         0x0801e7dd          Code  Gb  DblCmpLe.o [6]
__aeabi_cdrcmple        0x0801e80d          Code  Gb  DblCmpGe.o [6]
__aeabi_cfcmpeq         0x0801d011          Code  Gb  FltCmpEq.o [6]
__aeabi_cfcmple         0x0801d03d          Code  Gb  FltCmpLe.o [6]
__aeabi_d2f             0x0801d625          Code  Gb  DblToFlt.o [6]
__aeabi_d2iz            0x0801d435          Code  Gb  DblToI32.o [6]
__aeabi_dadd            0x0801d34d          Code  Gb  DblAdd.o [6]
__aeabi_ddiv            0x0801d0f5          Code  Gb  DblDiv.o [6]
__aeabi_dmul            0x0801d481          Code  Gb  DblMul.o [6]
__aeabi_dsub            0x0801db05          Code  Gb  DblSub.o [6]
__aeabi_errno_addr      0x0801e83d     0x6  Code  Gb  errno.o [3]
__aeabi_f2d             0x0801d075          Code  Gb  FltToDbl.o [6]
__aeabi_fmul            0x0801d061    0x12  Code  Gb  FltMul.o [6]
__aeabi_i2d             0x0801d0c5          Code  Gb  I32ToDbl.o [6]
__aeabi_memclr          0x08023111          Code  Gb  ABImemclr.o [7]
__aeabi_ui2d            0x0801d0d9          Code  Gb  I32ToDbl.o [6]
__aeabi_ui2f            0x0801d02d     0xe  Code  Gb  U32ToFlt.o [6]
__cmain                 0x08024bfd          Code  Gb  cmain.o [7]
__data_GetMemChunk      0x08019fe9    0x2c  Code  Gb  xgetmemchunk.o [3]
__exit                  0x0801a015    0x14  Code  Gb  exit.o [8]
__iar_Dint              0x080201a3    0x7a  Code  Gb  xdint.o [6]
__iar_Errno             0x20010fbc     0x4  Data  Gb  errno.o [3]
__iar_Memset_word       0x08023b95          Code  Gb  ABImemset.o [7]
__iar_Quad              0x0801e849   0x12c  Code  Gb  xquad.o [6]
__iar_Sin               0x0801d6b5   0x3b2  Code  Gb  xsin.o [6]
__iar_close_ttio        0x0801a029    0x2e  Code  Gb  iarttio.o [8]
__iar_d2uiz             0x0801d461          Code  Gb  DblToI32.o [6]
__iar_dadd              0x0801d361          Code  Gb  DblAdd.o [6]
__iar_data_init3        0x08024b7d    0x28  Code  Gb  data_init.o [7]
__iar_dlfree            0x08019ac7   0x510  Code  Gb  dlmalloc.o [3]
__iar_dlib_perthread_access
                        0x080201a1     0x2  Code  Gb  xtls.o [3]
__iar_dlmalloc          0x08019811   0x2aa  Code  Gb  dlmalloc.o [3]
__iar_dsub              0x0801db19          Code  Gb  DblSub.o [6]
__iar_dsubStart         0x0801db2b          Code  Gb  DblSub.o [6]
__iar_edom              0x0801e9b1          Code  Gb  iarEdom.o [7]
__iar_fmod              0x0802023d          Code  Gb  fmod.o [6]
__iar_fmodl             0x0802023d          Code  Gb  fmod.o [6]
__iar_init_vfp          0x08024ba5          Code  Gb  fpinit_M.o [6]
__iar_lookup_ttioh      0x0801a059     0x8  Code  Gb  XShttio.o [3]
__iar_lz77_init3        0x080247fb   0x162  Code  Gb  lz77_init.o [7]
__iar_program_start     0x08024c3d          Code  Gb  cstartup_M.o [7]
__iar_sqrt              0x0801dc85          Code  Gb  sqrt.o [6]
__iar_ttio_handles      0x20010fac     0x8  Data  Lc  XShttio.o [3]
__iar_ui2d              0x0801d0dd          Code  Gb  I32ToDbl.o [6]
__iar_unaligned___aeabi_memcpy
                        0x08023119          Code  Gb  ABImemcpy_unaligned.o [7]
__iar_unaligned___aeabi_memcpy4
                        0x08023139          Code  Gb  ABImemcpy_unaligned.o [7]
__iar_unaligned___aeabi_memcpy8
                        0x08023139          Code  Gb  ABImemcpy_unaligned.o [7]
__iar_zero_init3        0x08024b3d    0x40  Code  Gb  zero_init3.o [7]
__low_level_init        0x08024c17     0x4  Code  Gb  low_level_init.o [3]
__vector_table          0x08000000          Data  Gb  startup_stm32f746xx.o [1]
_call_main              0x08024c09          Code  Gb  cmain.o [7]
_exit                   0x08024c21          Code  Gb  cexit.o [7]
_gm_                    0x2001f8c8   0x1d8  Data  Lc  dlmalloc.o [3]
_main                   0x08024c13          Code  Gb  cmain.o [7]
abort                   0x08019fe1     0x6  Code  Gb  abort.o [3]
armBitRevTable          0x080001c8   0x800  Data  Gb  arm_common_tables.o [4]
arm_cfft_radix4_init_f32
                        0x08010a41    0xb0  Code  Gb  arm_cfft_radix4_init_f32.o [4]
arm_rfft_init_f32       0x080089c9    0x72  Code  Gb  arm_rfft_init_f32.o [4]
btnSW1                  0x20010fb4     0x1  Data  Gb  main.o [1]
btnSW2                  0x20010fb5     0x1  Data  Gb  main.o [1]
bufCoefBiquad           0x20010e14    0x10  Data  Gb  sta321mp.o [1]
bufPCMSens7             0x2001f7c0     0x4  Data  Gb  waverecorder.o [1]
bufPCMSens8             0x2001f7c4     0x4  Data  Gb  waverecorder.o [1]
bufferSum               0x20010050   0x800  Data  Gb  main.o [1]
buffer_switch           0x2001002f     0x1  Data  Gb  main.o [1]
cntBtnPress             0x20010fb6     0x1  Data  Gb  main.o [1]
cntOS                   0x2001fea4     0x4  Data  Gb  stm32f7xx_it.o [1]
cntPos                  0x2001f7bc     0x2  Data  Gb  waverecorder.o [1]
cntPos7                 0x2001f7be     0x2  Data  Gb  waverecorder.o [1]
cntRisingEXTI           0x2001feac     0x2  Data  Gb  main.o [1]
cntStrt                 0x2001feb0     0x2  Data  Gb  waverecorder.o [1]
cntTime200              0x2001004c     0x2  Data  Gb  main.o [1]
exit                    0x08024c1b     0x4  Code  Gb  exit.o [3]
flg10ms                 0x2001002e     0x1  Data  Gb  main.o [1]
flgDlyUpd               0x2001002c     0x1  Data  Gb  main.o [1]
fmod                    0x0802023d          Code  Gb  fmod.o [6]
fmodl                   0x0802023d          Code  Gb  fmod.o [6]
hUSBDDevice             0x20010850   0x224  Data  Gb  main.o [1]
hUSBDDeviceDesc         0x20010f8c    0x14  Data  Gb  usbd_desc.o [1]
haudioInstance          0x2001f424    0x64  Data  Lc  usbd_audio_in.o [1]
hdma_spi5_rx            0x2001fc44    0x50  Data  Gb  waverecorder.o [1]
hdma_spi6_rx            0x2001fc94    0x50  Data  Gb  waverecorder.o [1]
hi2c1                   0x20010dc8    0x3c  Data  Gb  audio_codec.o [1]
hi2c2                   0x2001fe48    0x3c  Data  Gb  audio_codec.o [1]
hi2s1                   0x20010fc0    0x40  Data  Gb  waverecorder.o [1]
hi2s2                   0x20011000    0x40  Data  Gb  waverecorder.o [1]
hi2s3                   0x2001fe08    0x40  Data  Gb  waveplayer _CS43L22.o [1]
hpcd                    0x2001f064   0x3c0  Data  Gb  usbd_conf_f4.o [1]
hspi4                   0x2001fd54    0x64  Data  Gb  main.o [1]
hspi5                   0x2001f684    0x64  Data  Gb  waverecorder.o [1]
hspi6                   0x2001f6e8    0x64  Data  Gb  waverecorder.o [1]
huart3                  0x2001fce4    0x70  Data  Gb  main.o [1]
iSDO12                  0x20011052     0x2  Data  Gb  waverecorder.o [1]
iSDO34                  0x20013058     0x2  Data  Gb  waverecorder.o [1]
iSDO56                  0x20015060     0x2  Data  Gb  waverecorder.o [1]
idxFrmPDMMic8           0x2001feae     0x2  Data  Gb  waverecorder.o [1]
idxLatency12            0x20010042     0x2  Data  Gb  main.o [1]
idxLatency13            0x20010040     0x2  Data  Gb  main.o [1]
idxLatency14            0x20010044     0x2  Data  Gb  main.o [1]
idxLatency25            0x20010046     0x2  Data  Gb  main.o [1]
idxLatency63            0x20010048     0x2  Data  Gb  main.o [1]
idxLatency78            0x2001004a     0x2  Data  Gb  main.o [1]
idxMic7                 0x2001f7ba     0x2  Data  Gb  waverecorder.o [1]
idxMic8                 0x2001f7b8     0x2  Data  Gb  waverecorder.o [1]
idxSPI5DataBuf3         0x2001003e     0x2  Data  Gb  main.o [1]
init_mparams            0x08018b0b    0x32  Code  Lc  dlmalloc.o [3]
init_top                0x08018b3d    0x34  Code  Lc  dlmalloc.o [3]
main                    0x0801ea6d   0x202  Code  Gb  main.o [1]
mparams                 0x2001fe84    0x18  Data  Lc  dlmalloc.o [3]
pDataMic7               0x2001f848    0x80  Data  Gb  waverecorder.o [1]
pDataMic8               0x2001f7c8    0x80  Data  Gb  waverecorder.o [1]
pcSTAComnd              0x20010e24    0x50  Data  Gb  sta321mp.o [1]
pcSTAComnd1             0x20010e74     0x2  Data  Gb  sta321mp.o [1]
pcSTAComnd2             0x20010e78    0x24  Data  Gb  sta321mp.o [1]
prepend_alloc           0x08018b71   0x36c  Code  Lc  dlmalloc.o [3]
realCoefA               0x08008a40  0x8000  Data  Lc  arm_rfft_init_f32.o [4]
realCoefB               0x08010af0  0x8000  Data  Lc  arm_rfft_init_f32.o [4]
sdramHandle             0x20010e9c    0x34  Data  Lc  stm32746g_discovery_sdram.o [1]
segment_holding         0x08018af1    0x1a  Code  Lc  dlmalloc.o [3]
sqrt                    0x0801dc85          Code  Gb  sqrt.o [6]
sqrtl                   0x0801dc85          Code  Gb  sqrt.o [6]
stFrstFrmStore          0x2001002d     0x1  Data  Gb  main.o [1]
stm32_crc               0x20010a74     0x4  Data  Gb  pdm_filter.o [5]
swtBufUSBOut            0x2001feb2     0x1  Data  Gb  audio_application.o [1]
swtSDO7                 0x2001f7b4     0x1  Data  Gb  waverecorder.o [1]
swtSDO8                 0x2001f7b5     0x1  Data  Gb  waverecorder.o [1]
sys_alloc               0x08018edd   0x386  Code  Lc  dlmalloc.o [3]
tmalloc_large           0x08019271   0x390  Code  Lc  dlmalloc.o [3]
tmalloc_small           0x08019601   0x210  Code  Lc  dlmalloc.o [3]
twiddleCoef_4096        0x080009c8  0x8000  Data  Gb  arm_common_tables.o [4]
uwTick                  0x2001fea0     0x4  Data  Lc  stm32f7xx_hal.o [1]
vRawSens1               0x20011044     0x2  Data  Gb  waverecorder.o [1]
vRawSens2               0x20011046     0x2  Data  Gb  waverecorder.o [1]
vRawSens3               0x2001104a     0x2  Data  Gb  waverecorder.o [1]
vRawSens4               0x20011048     0x2  Data  Gb  waverecorder.o [1]
vRawSens5               0x2001104c     0x2  Data  Gb  waverecorder.o [1]
vRawSens6               0x2001104e     0x2  Data  Gb  waverecorder.o [1]
vol_table               0x080228cc    0x84  Data  Gb  usbd_audio_if.o [1]
volume                  0x20010efe     0x1  Data  Gb  waveplayer _CS43L22.o [1]


[1] = D:\sop1hc\Github\data\Mic_Array_V00\USB_STREAMING\Mic_Array\Projects\STM32746G\Applications\Audio\Mic_Array\EWARM\STM32F7\Obj
[2] = command line
[3] = dl7M_tlf.a
[4] = iar_cortexM7ls_math.a
[5] = libPDMFilter_CM7_IAR.a
[6] = m7M_tls.a
[7] = rt7M_tl.a
[8] = shb_l.a

  83 270 bytes of readonly  code memory
  68 465 bytes of readonly  data memory
  81 589 bytes of readwrite data memory (+ 106 976 absolute)

Errors: none
Warnings: none
