###############################################################################
#
# IAR ELF Linker V7.50.2.10312/W32 for ARM                15/Mar/2016  18:17:17
# Copyright 2007-2015 IAR Systems AB.
#
#    Output file  =  
#        D:\sop1hc\Github\data\Mic_Array_V00\USB_STREAMING\Mic_Array\Projects\STM32746G\Applications\Audio\Mic_Array\EWARM\STM32F7\Exe\Project.out
#    Map file     =  
#        D:\sop1hc\Github\data\Mic_Array_V00\USB_STREAMING\Mic_Array\Projects\STM32746G\Applications\Audio\Mic_Array\EWARM\STM32F7\List\Project.map
#    Command line =  
#        D:\sop1hc\Github\data\Mic_Array_V00\USB_STREAMING\Mic_Array\Projects\STM32746G\Applications\Audio\Mic_Array\EWARM\STM32F7\Obj\audio_application.o
#        D:\sop1hc\Github\data\Mic_Array_V00\USB_STREAMING\Mic_Array\Projects\STM32746G\Applications\Audio\Mic_Array\EWARM\STM32F7\Obj\audio_codec.o
#        D:\sop1hc\Github\data\Mic_Array_V00\USB_STREAMING\Mic_Array\Projects\STM32746G\Applications\Audio\Mic_Array\EWARM\STM32F7\Obj\DSP.o
#        D:\sop1hc\Github\data\Mic_Array_V00\USB_STREAMING\Mic_Array\Projects\STM32746G\Applications\Audio\Mic_Array\EWARM\STM32F7\Obj\ff.o
#        D:\sop1hc\Github\data\Mic_Array_V00\USB_STREAMING\Mic_Array\Projects\STM32746G\Applications\Audio\Mic_Array\EWARM\STM32F7\Obj\ft5336.o
#        D:\sop1hc\Github\data\Mic_Array_V00\USB_STREAMING\Mic_Array\Middlewares\ST\STM32_Audio\Addons\PDM\libPDMFilter_CM7_IAR.a
#        D:\sop1hc\Github\data\Mic_Array_V00\USB_STREAMING\Mic_Array\Projects\STM32746G\Applications\Audio\Mic_Array\EWARM\STM32F7\Obj\main.o
#        D:\sop1hc\Github\data\Mic_Array_V00\USB_STREAMING\Mic_Array\Projects\STM32746G\Applications\Audio\Mic_Array\EWARM\STM32F7\Obj\sta321mp.o
#        D:\sop1hc\Github\data\Mic_Array_V00\USB_STREAMING\Mic_Array\Projects\STM32746G\Applications\Audio\Mic_Array\EWARM\STM32F7\Obj\startup_stm32f746xx.o
#        D:\sop1hc\Github\data\Mic_Array_V00\USB_STREAMING\Mic_Array\Projects\STM32746G\Applications\Audio\Mic_Array\EWARM\STM32F7\Obj\stm32746g_discovery.o
#        D:\sop1hc\Github\data\Mic_Array_V00\USB_STREAMING\Mic_Array\Projects\STM32746G\Applications\Audio\Mic_Array\EWARM\STM32F7\Obj\stm32746g_discovery_lcd.o
#        D:\sop1hc\Github\data\Mic_Array_V00\USB_STREAMING\Mic_Array\Projects\STM32746G\Applications\Audio\Mic_Array\EWARM\STM32F7\Obj\stm32746g_discovery_sdram.o
#        D:\sop1hc\Github\data\Mic_Array_V00\USB_STREAMING\Mic_Array\Projects\STM32746G\Applications\Audio\Mic_Array\EWARM\STM32F7\Obj\stm32746g_discovery_ts.o
#        D:\sop1hc\Github\data\Mic_Array_V00\USB_STREAMING\Mic_Array\Projects\STM32746G\Applications\Audio\Mic_Array\EWARM\STM32F7\Obj\stm32f7xx_hal.o
#        D:\sop1hc\Github\data\Mic_Array_V00\USB_STREAMING\Mic_Array\Projects\STM32746G\Applications\Audio\Mic_Array\EWARM\STM32F7\Obj\stm32f7xx_hal_cortex.o
#        D:\sop1hc\Github\data\Mic_Array_V00\USB_STREAMING\Mic_Array\Projects\STM32746G\Applications\Audio\Mic_Array\EWARM\STM32F7\Obj\stm32f7xx_hal_dma.o
#        D:\sop1hc\Github\data\Mic_Array_V00\USB_STREAMING\Mic_Array\Projects\STM32746G\Applications\Audio\Mic_Array\EWARM\STM32F7\Obj\stm32f7xx_hal_dma2d.o
#        D:\sop1hc\Github\data\Mic_Array_V00\USB_STREAMING\Mic_Array\Projects\STM32746G\Applications\Audio\Mic_Array\EWARM\STM32F7\Obj\stm32f7xx_hal_dma_ex.o
#        D:\sop1hc\Github\data\Mic_Array_V00\USB_STREAMING\Mic_Array\Projects\STM32746G\Applications\Audio\Mic_Array\EWARM\STM32F7\Obj\stm32f7xx_hal_flash.o
#        D:\sop1hc\Github\data\Mic_Array_V00\USB_STREAMING\Mic_Array\Projects\STM32746G\Applications\Audio\Mic_Array\EWARM\STM32F7\Obj\stm32f7xx_hal_flash_ex.o
#        D:\sop1hc\Github\data\Mic_Array_V00\USB_STREAMING\Mic_Array\Projects\STM32746G\Applications\Audio\Mic_Array\EWARM\STM32F7\Obj\stm32f7xx_hal_gpio.o
#        D:\sop1hc\Github\data\Mic_Array_V00\USB_STREAMING\Mic_Array\Projects\STM32746G\Applications\Audio\Mic_Array\EWARM\STM32F7\Obj\stm32f7xx_hal_hcd.o
#        D:\sop1hc\Github\data\Mic_Array_V00\USB_STREAMING\Mic_Array\Projects\STM32746G\Applications\Audio\Mic_Array\EWARM\STM32F7\Obj\stm32f7xx_hal_i2c.o
#        D:\sop1hc\Github\data\Mic_Array_V00\USB_STREAMING\Mic_Array\Projects\STM32746G\Applications\Audio\Mic_Array\EWARM\STM32F7\Obj\stm32f7xx_hal_i2c_ex.o
#        D:\sop1hc\Github\data\Mic_Array_V00\USB_STREAMING\Mic_Array\Projects\STM32746G\Applications\Audio\Mic_Array\EWARM\STM32F7\Obj\stm32f7xx_hal_i2s.o
#        D:\sop1hc\Github\data\Mic_Array_V00\USB_STREAMING\Mic_Array\Projects\STM32746G\Applications\Audio\Mic_Array\EWARM\STM32F7\Obj\stm32f7xx_hal_ltdc.o
#        D:\sop1hc\Github\data\Mic_Array_V00\USB_STREAMING\Mic_Array\Projects\STM32746G\Applications\Audio\Mic_Array\EWARM\STM32F7\Obj\stm32f7xx_hal_pcd.o
#        D:\sop1hc\Github\data\Mic_Array_V00\USB_STREAMING\Mic_Array\Projects\STM32746G\Applications\Audio\Mic_Array\EWARM\STM32F7\Obj\stm32f7xx_hal_pcd_ex.o
#        D:\sop1hc\Github\data\Mic_Array_V00\USB_STREAMING\Mic_Array\Projects\STM32746G\Applications\Audio\Mic_Array\EWARM\STM32F7\Obj\stm32f7xx_hal_pwr.o
#        D:\sop1hc\Github\data\Mic_Array_V00\USB_STREAMING\Mic_Array\Projects\STM32746G\Applications\Audio\Mic_Array\EWARM\STM32F7\Obj\stm32f7xx_hal_pwr_ex.o
#        D:\sop1hc\Github\data\Mic_Array_V00\USB_STREAMING\Mic_Array\Projects\STM32746G\Applications\Audio\Mic_Array\EWARM\STM32F7\Obj\stm32f7xx_hal_rcc.o
#        D:\sop1hc\Github\data\Mic_Array_V00\USB_STREAMING\Mic_Array\Projects\STM32746G\Applications\Audio\Mic_Array\EWARM\STM32F7\Obj\stm32f7xx_hal_rcc_ex.o
#        D:\sop1hc\Github\data\Mic_Array_V00\USB_STREAMING\Mic_Array\Projects\STM32746G\Applications\Audio\Mic_Array\EWARM\STM32F7\Obj\stm32f7xx_hal_sai.o
#        D:\sop1hc\Github\data\Mic_Array_V00\USB_STREAMING\Mic_Array\Projects\STM32746G\Applications\Audio\Mic_Array\EWARM\STM32F7\Obj\stm32f7xx_hal_sai_ex.o
#        D:\sop1hc\Github\data\Mic_Array_V00\USB_STREAMING\Mic_Array\Projects\STM32746G\Applications\Audio\Mic_Array\EWARM\STM32F7\Obj\stm32f7xx_hal_sdram.o
#        D:\sop1hc\Github\data\Mic_Array_V00\USB_STREAMING\Mic_Array\Projects\STM32746G\Applications\Audio\Mic_Array\EWARM\STM32F7\Obj\stm32f7xx_hal_spi.o
#        D:\sop1hc\Github\data\Mic_Array_V00\USB_STREAMING\Mic_Array\Projects\STM32746G\Applications\Audio\Mic_Array\EWARM\STM32F7\Obj\stm32f7xx_hal_sram.o
#        D:\sop1hc\Github\data\Mic_Array_V00\USB_STREAMING\Mic_Array\Projects\STM32746G\Applications\Audio\Mic_Array\EWARM\STM32F7\Obj\stm32f7xx_hal_tim.o
#        D:\sop1hc\Github\data\Mic_Array_V00\USB_STREAMING\Mic_Array\Projects\STM32746G\Applications\Audio\Mic_Array\EWARM\STM32F7\Obj\stm32f7xx_hal_tim_ex.o
#        D:\sop1hc\Github\data\Mic_Array_V00\USB_STREAMING\Mic_Array\Projects\STM32746G\Applications\Audio\Mic_Array\EWARM\STM32F7\Obj\stm32f7xx_hal_uart.o
#        D:\sop1hc\Github\data\Mic_Array_V00\USB_STREAMING\Mic_Array\Projects\STM32746G\Applications\Audio\Mic_Array\EWARM\STM32F7\Obj\stm32f7xx_it.o
#        D:\sop1hc\Github\data\Mic_Array_V00\USB_STREAMING\Mic_Array\Projects\STM32746G\Applications\Audio\Mic_Array\EWARM\STM32F7\Obj\stm32f7xx_ll_fmc.o
#        D:\sop1hc\Github\data\Mic_Array_V00\USB_STREAMING\Mic_Array\Projects\STM32746G\Applications\Audio\Mic_Array\EWARM\STM32F7\Obj\stm32f7xx_ll_usb.o
#        D:\sop1hc\Github\data\Mic_Array_V00\USB_STREAMING\Mic_Array\Projects\STM32746G\Applications\Audio\Mic_Array\EWARM\STM32F7\Obj\system_stm32f7xx.o
#        D:\sop1hc\Github\data\Mic_Array_V00\USB_STREAMING\Mic_Array\Projects\STM32746G\Applications\Audio\Mic_Array\EWARM\STM32F7\Obj\usbd_audio_if.o
#        D:\sop1hc\Github\data\Mic_Array_V00\USB_STREAMING\Mic_Array\Projects\STM32746G\Applications\Audio\Mic_Array\EWARM\STM32F7\Obj\usbd_audio_in.o
#        D:\sop1hc\Github\data\Mic_Array_V00\USB_STREAMING\Mic_Array\Projects\STM32746G\Applications\Audio\Mic_Array\EWARM\STM32F7\Obj\usbd_conf_f4.o
#        D:\sop1hc\Github\data\Mic_Array_V00\USB_STREAMING\Mic_Array\Projects\STM32746G\Applications\Audio\Mic_Array\EWARM\STM32F7\Obj\usbd_core.o
#        D:\sop1hc\Github\data\Mic_Array_V00\USB_STREAMING\Mic_Array\Projects\STM32746G\Applications\Audio\Mic_Array\EWARM\STM32F7\Obj\usbd_ctlreq.o
#        D:\sop1hc\Github\data\Mic_Array_V00\USB_STREAMING\Mic_Array\Projects\STM32746G\Applications\Audio\Mic_Array\EWARM\STM32F7\Obj\usbd_desc.o
#        D:\sop1hc\Github\data\Mic_Array_V00\USB_STREAMING\Mic_Array\Projects\STM32746G\Applications\Audio\Mic_Array\EWARM\STM32F7\Obj\usbd_ioreq.o
#        D:\sop1hc\Github\data\Mic_Array_V00\USB_STREAMING\Mic_Array\Projects\STM32746G\Applications\Audio\Mic_Array\EWARM\STM32F7\Obj\usbh_conf.o
#        D:\sop1hc\Github\data\Mic_Array_V00\USB_STREAMING\Mic_Array\Projects\STM32746G\Applications\Audio\Mic_Array\EWARM\STM32F7\Obj\usbh_core.o
#        D:\sop1hc\Github\data\Mic_Array_V00\USB_STREAMING\Mic_Array\Projects\STM32746G\Applications\Audio\Mic_Array\EWARM\STM32F7\Obj\usbh_ctlreq.o
#        D:\sop1hc\Github\data\Mic_Array_V00\USB_STREAMING\Mic_Array\Projects\STM32746G\Applications\Audio\Mic_Array\EWARM\STM32F7\Obj\usbh_diskio.o
#        D:\sop1hc\Github\data\Mic_Array_V00\USB_STREAMING\Mic_Array\Projects\STM32746G\Applications\Audio\Mic_Array\EWARM\STM32F7\Obj\usbh_ioreq.o
#        D:\sop1hc\Github\data\Mic_Array_V00\USB_STREAMING\Mic_Array\Projects\STM32746G\Applications\Audio\Mic_Array\EWARM\STM32F7\Obj\usbh_msc.o
#        D:\sop1hc\Github\data\Mic_Array_V00\USB_STREAMING\Mic_Array\Projects\STM32746G\Applications\Audio\Mic_Array\EWARM\STM32F7\Obj\usbh_msc_bot.o
#        D:\sop1hc\Github\data\Mic_Array_V00\USB_STREAMING\Mic_Array\Projects\STM32746G\Applications\Audio\Mic_Array\EWARM\STM32F7\Obj\usbh_msc_scsi.o
#        D:\sop1hc\Github\data\Mic_Array_V00\USB_STREAMING\Mic_Array\Projects\STM32746G\Applications\Audio\Mic_Array\EWARM\STM32F7\Obj\usbh_pipes.o
#        "D:\sop1hc\Github\data\Mic_Array_V00\USB_STREAMING\Mic_Array\Projects\STM32746G\Applications\Audio\Mic_Array\EWARM\STM32F7\Obj\waveplayer
#        _CS43L22.o"
#        D:\sop1hc\Github\data\Mic_Array_V00\USB_STREAMING\Mic_Array\Projects\STM32746G\Applications\Audio\Mic_Array\EWARM\STM32F7\Obj\waverecorder.o
#        --redirect _Printf=_PrintfSmall --redirect _Scanf=_ScanfSmall -o
#        D:\sop1hc\Github\data\Mic_Array_V00\USB_STREAMING\Mic_Array\Projects\STM32746G\Applications\Audio\Mic_Array\EWARM\STM32F7\Exe\Project.out
#        --map
#        D:\sop1hc\Github\data\Mic_Array_V00\USB_STREAMING\Mic_Array\Projects\STM32746G\Applications\Audio\Mic_Array\EWARM\STM32F7\List\Project.map
#        --config
#        D:\sop1hc\Github\data\Mic_Array_V00\USB_STREAMING\Mic_Array\Projects\STM32746G\Applications\Audio\Mic_Array\EWARM\Project.icf
#        --semihosting --entry __iar_program_start --no_exceptions "D:\Program
#        Files (x86)\IAR Systems\Embedded Workbench
#        7.3\arm\CMSIS\Lib\IAR\iar_cortexM7ls_math.a" --vfe
#
###############################################################################

*******************************************************************************
*** RUNTIME MODEL ATTRIBUTES
***

CppFlavor                     = *
__Heap_Handler                = DLMalloc
__SystemLibrary               = DLib
__dlib_dynamic_initialization = normal


*******************************************************************************
*** PLACEMENT SUMMARY
***

"A1":  place at 0x08000000 { ro section .intvec };
"P1":  place in [from 0x00000000 to 0x00000000] |
                [from 0x08000000 to 0x080fffff] { ro };
"P3":  place in [from 0x20000000 to 0x2000ffff] |
                [from 0x20010000 to 0x2004ffff] { rw, block CSTACK, block HEAP };

  Section             Kind        Address     Size  Object
  -------             ----        -------     ----  ------
"A1":                                        0x1c8
  .intvec             ro code  0x08000000    0x1c8  startup_stm32f746xx.o [1]
                             - 0x080001c8    0x1c8

"P1":                                      0x22982
  .rodata             const    0x080001c8  0x13458  arm_common_tables.o [4]
  .text               ro code  0x08013620   0x14f0  dlmalloc.o [3]
  .text               ro code  0x08014b10      0x6  abort.o [3]
  .text               ro code  0x08014b16      0xa  xsprout.o [3]
  .text               ro code  0x08014b20     0x2c  xgetmemchunk.o [3]
  .text               ro code  0x08014b4c     0x14  exit.o [8]
  .text               ro code  0x08014b60     0x30  iarttio.o [8]
  .text               ro code  0x08014b90      0x8  XShttio.o [3]
  .text               ro code  0x08014b98    0xfd0  stm32f7xx_hal_dma.o [1]
  .text               ro code  0x08015b68    0xde8  waverecorder.o [1]
  .text               ro code  0x08016950    0x228  stm32f7xx_hal_gpio.o [1]
  .text               ro code  0x08016b78    0x550  pdm_filter.o [5]
  .text               ro code  0x080170c8    0x7d4  stm32f7xx_hal_spi.o [1]
  .text               ro code  0x0801789c    0x110  stm32f7xx_hal_i2s.o [1]
  .text               ro code  0x080179ac     0xd0  stm32f7xx_hal_cortex.o [1]
  .text               ro code  0x08017a7c    0xb6c  DSP.o [1]
  .text               ro code  0x080185e8     0x1c  FltCmpEq.o [6]
  .text               ro code  0x08018604      0xe  U32ToFlt.o [6]
  .text               ro code  0x08018614     0x24  FltCmpLe.o [6]
  .text               ro code  0x08018638     0x12  FltMul.o [6]
  .text               ro code  0x0801864c     0x4e  FltToDbl.o [6]
  .text               ro code  0x0801869c     0x30  I32ToDbl.o [6]
  .text               ro code  0x080186cc    0x256  DblDiv.o [6]
  .text               ro code  0x08018924     0xe8  DblAdd.o [6]
  .text               ro code  0x08018a0c     0x4c  DblToI32.o [6]
  .text               ro code  0x08018a58    0x1a2  DblMul.o [6]
  .text               ro code  0x08018bfc     0x90  DblToFlt.o [6]
  .text               ro code  0x08018c8c    0x462  xsin.o [6]
  .text               ro code  0x080190f0    0x180  DblSub.o [6]
  .text               ro code  0x08019270     0xf0  sqrt.o [6]
  .text               ro code  0x08019360     0x80  stm32f7xx_hal.o [1]
  .text               ro code  0x080193e0    0x9e8  audio_codec.o [1]
  .text               ro code  0x08019dc8    0x132  I64DivMod.o [7]
  .text               ro code  0x08019efc    0x188  arm_rfft_fast_f32.o [4]
  .text               ro code  0x0801a084    0x130  arm_cmplx_conj_f32.o [4]
  .text               ro code  0x0801a1b4    0x156  arm_cmplx_mult_cmplx_f32.o [4]
  .text               ro code  0x0801a30c    0x15a  arm_cmplx_mag_f32.o [4]
  .text               ro code  0x0801a468     0x9c  arm_max_f32.o [4]
  .text               ro code  0x0801a504     0x6e  floor.o [6]
  .text               ro code  0x0801a574     0x76  ABImemcpy_unaligned.o [7]
  .text               ro code  0x0801a5ec     0x2e  DblCmpLe.o [6]
  .text               ro code  0x0801a61c     0x2e  DblCmpGe.o [6]
  .text               ro code  0x0801a64c      0xc  errno.o [3]
  .text               ro code  0x0801a658    0x168  xquad.o [6]
  .text               ro code  0x0801a7c0      0xc  iarEdom.o [7]
  .text               ro code  0x0801a7cc    0x624  stm32f7xx_hal_rcc.o [1]
  .text               ro code  0x0801adf0    0xbac  main.o [1]
  .text               ro code  0x0801b99c    0x998  stm32f7xx_hal_i2c.o [1]
  .text               ro code  0x0801c334     0x60  waveplayer _CS43L22.o [1]
  .text               ro code  0x0801c394     0x76  stm32f7xx_hal_i2c_ex.o [1]
  .text               ro code  0x0801c40c      0x2  I64DivZer.o [7]
  .text               ro code  0x0801c410    0x6fc  arm_cfft_f32.o [4]
  .text               ro code  0x0801cb0c      0x2  xtls.o [3]
  .text               ro code  0x0801cb0e     0x7a  xdint.o [6]
  .text               ro code  0x0801cb88     0x20  DblCmpEq.o [6]
  .text               ro code  0x0801cba8    0x1a8  fmod.o [6]
  .text               ro code  0x0801cd50    0x158  audio_application.o [1]
  .text               ro code  0x0801cea8    0x660  stm32f7xx_hal_rcc_ex.o [1]
  .text               ro code  0x0801d508    0x28c  stm32746g_discovery_sdram.o [1]
  .text               ro code  0x0801d794     0xc4  stm32746g_discovery.o [1]
  .text               ro code  0x0801d858    0x144  arm_rfft_fast_init_f32.o [4]
  .text               ro code  0x0801d99c    0xaa0  sta321mp.o [1]
  .text               ro code  0x0801e43c    0x84c  usbd_audio_in.o [1]
  .text               ro code  0x0801ec88    0x2a6  usbd_core.o [1]
  .text               ro code  0x0801ef30     0x34  sprintf.o [3]
  .text               ro code  0x0801ef64    0x6fa  stm32f7xx_hal_uart.o [1]
  .text               ro code  0x0801f660     0x74  stm32f7xx_hal_pwr_ex.o [1]
  .text               ro code  0x0801f6d4    0x560  arm_cfft_radix8_f32.o [4]
  .text               ro code  0x0801fc34     0xc0  arm_bitreversal2.o [4]
  .text               ro code  0x0801fcf4     0xe0  usbd_audio_if.o [1]
  .text               ro code  0x0801fdd4     0x96  stm32f7xx_hal_sdram.o [1]
  .text               ro code  0x0801fe6c    0x236  usbd_conf_f4.o [1]
  .text               ro code  0x080200a2     0x9c  usbd_ioreq.o [1]
  .text               ro code  0x08020140    0x454  usbd_ctlreq.o [1]
  .text               ro code  0x08020594      0x6  ABImemclr.o [7]
  .text               ro code  0x0802059c    0x7c4  xprintfsmall.o [3]
  .text               ro code  0x08020d60    0x158  stm32f7xx_ll_fmc.o [1]
  .text               ro code  0x08020eb8    0x838  stm32f7xx_hal_pcd.o [1]
  .text               ro code  0x080216f0     0x72  stm32f7xx_hal_pcd_ex.o [1]
  .text               ro code  0x08021764     0x5e  ABImemset.o [7]
  .text               ro code  0x080217c2     0x20  xmbtowc.o [3]
  .text               ro code  0x080217e4     0x16  strchr.o [7]
  .text               ro code  0x080217fc     0x36  strlen.o [7]
  .text               ro code  0x08021834     0x58  memchr.o [7]
  .text               ro code  0x0802188c      0xa  xmbcurmax.o [3]
  .text               ro code  0x08021896     0x1a  xwctomb.o [3]
  .text               ro code  0x080218b0    0x928  stm32f7xx_ll_usb.o [1]
  .text               ro code  0x080221d8     0x14  setlocale.o [3]
  .text               ro code  0x080221ec     0x60  xencoding_sb.o [3]
  .text               ro code  0x0802224c    0x1c4  lz77_init.o [7]
  .text               ro code  0x08022410     0xf0  usbd_desc.o [1]
  .text               ro code  0x08022500     0x68  stm32f7xx_it.o [1]
  .text               ro code  0x08022568     0x4c  system_stm32f7xx.o [1]
  .text               ro code  0x080225b4     0x40  zero_init3.o [7]
  .text               ro code  0x080225f4     0x28  data_init.o [7]
  .text               ro code  0x0802261c     0x22  fpinit_M.o [6]
  .iar.init_table     const    0x08022640     0x34  - Linker created -
  .text               ro code  0x08022674     0x1a  cmain.o [7]
  .text               ro code  0x0802268e      0x4  low_level_init.o [3]
  .text               ro code  0x08022692      0x4  exit.o [3]
  .text               ro code  0x08022698      0xa  cexit.o [7]
  .text               ro code  0x080226a4     0x10  startup_stm32f746xx.o [1]
  .text               ro code  0x080226b4      0xc  cstartup_M.o [7]
  .text               ro code  0x080226c0      0x4  startup_stm32f746xx.o [1]
  .text               ro code  0x080226c4      0x4  startup_stm32f746xx.o [1]
  .text               ro code  0x080226c8      0x4  startup_stm32f746xx.o [1]
  .text               ro code  0x080226cc      0x4  startup_stm32f746xx.o [1]
  .text               ro code  0x080226d0      0x4  startup_stm32f746xx.o [1]
  .text               ro code  0x080226d4      0x4  startup_stm32f746xx.o [1]
  .text               ro code  0x080226d8      0x4  startup_stm32f746xx.o [1]
  .text               ro code  0x080226dc      0x4  startup_stm32f746xx.o [1]
  .text               ro code  0x080226e0      0x4  startup_stm32f746xx.o [1]
  .text               ro code  0x080226e4      0x4  startup_stm32f746xx.o [1]
  .text               ro code  0x080226e8      0x4  startup_stm32f746xx.o [1]
  .text               ro code  0x080226ec      0x4  startup_stm32f746xx.o [1]
  .text               ro code  0x080226f0      0x4  startup_stm32f746xx.o [1]
  .text               ro code  0x080226f4      0x4  startup_stm32f746xx.o [1]
  .text               ro code  0x080226f8      0x4  startup_stm32f746xx.o [1]
  .text               ro code  0x080226fc      0x4  startup_stm32f746xx.o [1]
  .text               ro code  0x08022700      0x4  startup_stm32f746xx.o [1]
  .text               ro code  0x08022704      0x4  startup_stm32f746xx.o [1]
  .text               ro code  0x08022708      0x4  startup_stm32f746xx.o [1]
  .text               ro code  0x0802270c      0x4  startup_stm32f746xx.o [1]
  .text               ro code  0x08022710      0x4  startup_stm32f746xx.o [1]
  .text               ro code  0x08022714      0x4  startup_stm32f746xx.o [1]
  .text               ro code  0x08022718      0x4  startup_stm32f746xx.o [1]
  .text               ro code  0x0802271c      0x4  startup_stm32f746xx.o [1]
  .text               ro code  0x08022720      0x4  startup_stm32f746xx.o [1]
  .text               ro code  0x08022724      0x4  startup_stm32f746xx.o [1]
  .text               ro code  0x08022728      0x4  startup_stm32f746xx.o [1]
  .text               ro code  0x0802272c      0x4  startup_stm32f746xx.o [1]
  .text               ro code  0x08022730      0x4  startup_stm32f746xx.o [1]
  .text               ro code  0x08022734      0x4  startup_stm32f746xx.o [1]
  .text               ro code  0x08022738      0x4  startup_stm32f746xx.o [1]
  .text               ro code  0x0802273c      0x4  startup_stm32f746xx.o [1]
  .text               ro code  0x08022740      0x4  startup_stm32f746xx.o [1]
  .text               ro code  0x08022744      0x4  startup_stm32f746xx.o [1]
  .text               ro code  0x08022748      0x4  startup_stm32f746xx.o [1]
  .text               ro code  0x0802274c      0x4  startup_stm32f746xx.o [1]
  .text               ro code  0x08022750      0x4  startup_stm32f746xx.o [1]
  .text               ro code  0x08022754      0x4  startup_stm32f746xx.o [1]
  .text               ro code  0x08022758      0x4  startup_stm32f746xx.o [1]
  .text               ro code  0x0802275c      0x4  startup_stm32f746xx.o [1]
  .text               ro code  0x08022760      0x4  startup_stm32f746xx.o [1]
  .text               ro code  0x08022764      0x4  startup_stm32f746xx.o [1]
  .text               ro code  0x08022768      0x4  startup_stm32f746xx.o [1]
  .text               ro code  0x0802276c      0x4  startup_stm32f746xx.o [1]
  .text               ro code  0x08022770      0x4  startup_stm32f746xx.o [1]
  .text               ro code  0x08022774      0x4  startup_stm32f746xx.o [1]
  .text               ro code  0x08022778      0x4  startup_stm32f746xx.o [1]
  .text               ro code  0x0802277c      0x4  startup_stm32f746xx.o [1]
  .text               ro code  0x08022780      0x4  startup_stm32f746xx.o [1]
  .text               ro code  0x08022784      0x4  startup_stm32f746xx.o [1]
  .text               ro code  0x08022788      0x4  startup_stm32f746xx.o [1]
  .text               ro code  0x0802278c      0x4  startup_stm32f746xx.o [1]
  .text               ro code  0x08022790      0x4  startup_stm32f746xx.o [1]
  .text               ro code  0x08022794      0x4  startup_stm32f746xx.o [1]
  .text               ro code  0x08022798      0x4  startup_stm32f746xx.o [1]
  .text               ro code  0x0802279c      0x4  startup_stm32f746xx.o [1]
  .text               ro code  0x080227a0      0x4  startup_stm32f746xx.o [1]
  .text               ro code  0x080227a4      0x4  startup_stm32f746xx.o [1]
  .text               ro code  0x080227a8      0x4  startup_stm32f746xx.o [1]
  .text               ro code  0x080227ac      0x4  startup_stm32f746xx.o [1]
  .text               ro code  0x080227b0      0x4  startup_stm32f746xx.o [1]
  .text               ro code  0x080227b4      0x4  startup_stm32f746xx.o [1]
  .text               ro code  0x080227b8      0x4  startup_stm32f746xx.o [1]
  .text               ro code  0x080227bc      0x4  startup_stm32f746xx.o [1]
  .text               ro code  0x080227c0      0x4  startup_stm32f746xx.o [1]
  .text               ro code  0x080227c4      0x4  startup_stm32f746xx.o [1]
  .text               ro code  0x080227c8      0x4  startup_stm32f746xx.o [1]
  .text               ro code  0x080227cc      0x4  startup_stm32f746xx.o [1]
  .text               ro code  0x080227d0      0x4  startup_stm32f746xx.o [1]
  .text               ro code  0x080227d4      0x4  startup_stm32f746xx.o [1]
  .text               ro code  0x080227d8      0x4  startup_stm32f746xx.o [1]
  .text               ro code  0x080227dc      0x4  startup_stm32f746xx.o [1]
  .text               ro code  0x080227e0      0x4  startup_stm32f746xx.o [1]
  .text               ro code  0x080227e4      0x4  startup_stm32f746xx.o [1]
  .text               ro code  0x080227e8      0x4  startup_stm32f746xx.o [1]
  .text               ro code  0x080227ec      0x4  startup_stm32f746xx.o [1]
  .text               ro code  0x080227f0      0x4  startup_stm32f746xx.o [1]
  .rodata             const    0x080227f4      0x0  zero_init3.o [7]
  .rodata             const    0x080227f4      0x0  lz77_init.o [7]
  Initializer bytes   const    0x080227f4    0x356  <for P3 s0>
                             - 0x08022b4a  0x22982

"P3", part 1 of 3:                          0x1968
  P3 s0                        0x20010000   0x1968  <Init block>
    .data             inited   0x20010000   0x1394  main.o [1]
    .data             inited   0x20011394    0x304  pdm_filter.o [5]
    .data             inited   0x20011698     0x9c  audio_codec.o [1]
    .data             inited   0x20011734     0x9c  sta321mp.o [1]
    __DLIB_PERTHREAD  inited   0x200117d0     0x74  setlocale.o [3]
    .data             inited   0x20011844     0x62  stm32746g_discovery_sdram.o [1]
    .data             inited   0x200118a6      0x1  waveplayer _CS43L22.o [1]
    .data             inited   0x200118a8     0x38  usbd_audio_in.o [1]
    .data             inited   0x200118e0     0x24  usbd_audio_if.o [1]
    .data             inited   0x20011904     0x1c  usbd_desc.o [1]
    .data             inited   0x20011920     0x14  system_stm32f7xx.o [1]
    .data             inited   0x20011934     0x14  usbd_desc.o [1]
    .data             inited   0x20011948      0xc  usbd_audio_in.o [1]
    .data             inited   0x20011954      0x8  XShttio.o [3]
    .data             inited   0x2001195c      0x4  main.o [1]
    .data             inited   0x20011960      0x4  usbd_desc.o [1]
    __DLIB_PERTHREAD  inited   0x20011964      0x4  errno.o [3]
                             - 0x20011968   0x1968

"P3", part 2 of 3:                         0x18f48
  .bss                zero     0x20011968   0xc000  DSP.o [1]
  .bss                zero     0x2001d968   0x3014  main.o [1]
  .bss                zero     0x2002097c   0x2000  waverecorder.o [1]
  .bss                zero     0x2002297c   0x2000  waverecorder.o [1]
  .bss                zero     0x2002497c   0x2000  waverecorder.o [1]
  .bss                zero     0x2002697c   0x2000  waverecorder.o [1]
  .bss                zero     0x2002897c   0x1190  DSP.o [1]
  .bss                zero     0x20029b0c    0x3c0  usbd_conf_f4.o [1]
  .bss                zero     0x20029ecc    0x2e0  waverecorder.o [1]
  .bss                zero     0x2002a1ac    0x260  usbd_audio_in.o [1]
  .bss                zero     0x2002a40c    0x1d8  dlmalloc.o [3]
  .bss                zero     0x2002a5e4     0xc8  usbd_desc.o [1]
  .bss                zero     0x2002a6ac     0xa0  waverecorder.o [1]
  .bss                zero     0x2002a74c     0x64  main.o [1]
  .bss                zero     0x2002a7b0     0x50  stm32746g_discovery_sdram.o [1]
  .bss                zero     0x2002a800     0x40  waveplayer _CS43L22.o [1]
  .bss                zero     0x2002a840     0x3c  audio_codec.o [1]
  .bss                zero     0x2002a87c     0x18  dlmalloc.o [3]
  .bss                zero     0x2002a894      0x4  DSP.o [1]
  .bss                zero     0x2002a898      0x4  stm32f7xx_hal.o [1]
  .bss                zero     0x2002a89c      0x4  stm32f7xx_it.o [1]
  .bss                zero     0x2002a8a0      0x4  xgetmemchunk.o [3]
  .bss                zero     0x2002a8a4      0x2  main.o [1]
  .bss                zero     0x2002a8a6      0x2  waverecorder.o [1]
  .bss                zero     0x2002a8a8      0x2  waverecorder.o [1]
  .bss                zero     0x2002a8aa      0x1  audio_application.o [1]
  .bss                zero     0x2002a8ab      0x1  usbd_ctlreq.o [1]
  .bss                zero     0x2002a8ac      0x1  waverecorder.o [1]
                             - 0x2002a8ad  0x18f45

"P3", part 3 of 3:                          0x4000
  CSTACK                       0x2002a8b0   0x2000  <Block>
    CSTACK            uninit   0x2002a8b0   0x2000  <Block tail>
  HEAP                         0x2002c8b0   0x2000  <Block>
    HEAP              uninit   0x2002c8b0   0x2000  <Block tail>
                             - 0x2002e8b0   0x4000

Absolute sections:                         0x201e0
  .bss                zero     0xc0000000   0x80a0  waverecorder.o [1]
  .bss                zero     0xc00080a0   0x80a0  waverecorder.o [1]
  .bss                zero     0xc0010140   0x80a0  waverecorder.o [1]
  .bss                zero     0xc00181e0   0x4000  audio_application.o [1]
  .bss                zero     0xc001c1e0   0x4000  audio_application.o [1]
                             - 0xc00201e0  0x201e0


*******************************************************************************
*** INIT TABLE
***

          Address     Size
          -------     ----
Zero (__iar_zero_init3)
    2 destination ranges, total size 0x39125:
          0x20011968  0x18f45
          0xc0000000  0x201e0

Copy/lz77 (__iar_lz77_init3)
    1 source range, total size 0x356 (13% of destination):
          0x080227f4    0x356
    1 destination range, total size 0x1968:
          0x20010000   0x1968



*******************************************************************************
*** MODULE SUMMARY
***

    Module                       ro code  ro data  rw data  rw data
                                                             (abs)
    ------                       -------  -------  -------  -------
D:\sop1hc\Github\data\Mic_Array_V00\USB_STREAMING\Mic_Array\Projects\STM32746G\Applications\Audio\Mic_Array\EWARM\STM32F7\Obj: [1]
    DSP.o                          2 924            53 652
    audio_application.o              344                 1   32 768
    audio_codec.o                  2 536       20      216
    main.o                         2 988      658   17 426
    sta321mp.o                     2 720       21      156
    startup_stm32f746xx.o            780
    stm32746g_discovery.o            196
    stm32746g_discovery_sdram.o      652       13      178
    stm32f7xx_hal.o                  128                 4
    stm32f7xx_hal_cortex.o           208
    stm32f7xx_hal_dma.o            4 048
    stm32f7xx_hal_gpio.o             552
    stm32f7xx_hal_i2c.o            2 456
    stm32f7xx_hal_i2c_ex.o           118
    stm32f7xx_hal_i2s.o              272
    stm32f7xx_hal_pcd.o            2 104
    stm32f7xx_hal_pcd_ex.o           114
    stm32f7xx_hal_pwr_ex.o           116
    stm32f7xx_hal_rcc.o            1 572
    stm32f7xx_hal_rcc_ex.o         1 632
    stm32f7xx_hal_sdram.o            150
    stm32f7xx_hal_spi.o            2 004
    stm32f7xx_hal_uart.o           1 786
    stm32f7xx_it.o                   104                 4
    stm32f7xx_ll_fmc.o               344
    stm32f7xx_ll_usb.o             2 344
    system_stm32f7xx.o                76        3       20
    usbd_audio_if.o                  224        4       36
    usbd_audio_in.o                2 124       10      676
    usbd_conf_f4.o                   566               960
    usbd_core.o                      678
    usbd_ctlreq.o                  1 108                 1
    usbd_desc.o                      240        7      252
    usbd_ioreq.o                     156
    waveplayer _CS43L22.o             96                65
    waverecorder.o                 3 560            33 669   98 784
    ---------------------------------------------------------------
    Total:                        42 020      736  107 316  131 552

command line: [2]
    ---------------------------------------------------------------
    Total:

dl7M_tlf.a: [3]
    XShttio.o                          8        1        8
    abort.o                            6
    dlmalloc.o                     5 360               496
    errno.o                           12        1        4
    exit.o                             4
    low_level_init.o                   4
    setlocale.o                       20       15      116
    sprintf.o                         52
    xencoding_sb.o                    96
    xgetmemchunk.o                    44                 4
    xmbcurmax.o                       10
    xmbtowc.o                         32
    xprintfsmall.o                 1 988
    xsprout.o                         10
    xtls.o                             2
    xwctomb.o                         26
    ---------------------------------------------------------------
    Total:                         7 674       17      628

iar_cortexM7ls_math.a: [4]
    arm_bitreversal2.o               192
    arm_cfft_f32.o                 1 788
    arm_cfft_radix8_f32.o          1 376
    arm_cmplx_conj_f32.o             304
    arm_cmplx_mag_f32.o              346
    arm_cmplx_mult_cmplx_f32.o       342
    arm_common_tables.o                    78 936
    arm_max_f32.o                    156
    arm_rfft_fast_f32.o              392
    arm_rfft_fast_init_f32.o         324
    ---------------------------------------------------------------
    Total:                         5 220   78 936

libPDMFilter_CM7_IAR.a: [5]
    pdm_filter.o                   1 360      101      772
    ---------------------------------------------------------------
    Total:                         1 360      101      772

m7M_tls.a: [6]
    DblAdd.o                         232
    DblCmpEq.o                        32
    DblCmpGe.o                        46
    DblCmpLe.o                        46
    DblDiv.o                         598
    DblMul.o                         418
    DblSub.o                         384
    DblToFlt.o                       144
    DblToI32.o                        76
    FltCmpEq.o                        28
    FltCmpLe.o                        36
    FltMul.o                          18
    FltToDbl.o                        78
    I32ToDbl.o                        48
    U32ToFlt.o                        14
    floor.o                          110
    fmod.o                           424
    fpinit_M.o                        34
    sqrt.o                           240
    xdint.o                          122
    xquad.o                          360
    xsin.o                         1 122
    ---------------------------------------------------------------
    Total:                         4 610

rt7M_tl.a: [7]
    ABImemclr.o                        6
    ABImemcpy_unaligned.o            118
    ABImemset.o                       94
    I64DivMod.o                      306
    I64DivZer.o                        2
    cexit.o                           10
    cmain.o                           26
    cstartup_M.o                      12
    data_init.o                       40
    iarEdom.o                         12
    lz77_init.o                      452
    memchr.o                          88
    strchr.o                          22
    strlen.o                          54
    zero_init3.o                      64
    ---------------------------------------------------------------
    Total:                         1 306

shb_l.a: [8]
    exit.o                            20
    iarttio.o                         48
    ---------------------------------------------------------------
    Total:                            68

    Gaps                              52        2        1
    Linker created                             52   16 384
-------------------------------------------------------------------
    Grand Total:                  62 310   79 844  125 101  131 552


*******************************************************************************
*** ENTRY LIST
***

Entry                      Address    Size  Type      Object
-----                      -------    ----  ----      ------
.iar.init_table$$Base   0x08022640           --   Gb  - Linker created -
.iar.init_table$$Limit  0x08022674           --   Gb  - Linker created -
?main                   0x08022675          Code  Gb  cmain.o [7]
AHBPrescTable           0x20011924    0x10  Data  Gb  system_stm32f7xx.o [1]
APBAHBPrescTable        0x0801ade0    0x10  Data  Gb  stm32f7xx_hal_rcc.o [1]
AUDIO_Desc              0x20011904    0x1c  Data  Gb  usbd_desc.o [1]
AUDIO_Init              0x080193e1    0x2c  Code  Gb  audio_codec.o [1]
AUDIO_InitApplication   0x0801c389     0xc  Code  Gb  waveplayer _CS43L22.o [1]
AudioPlayerUpd          0x0801cd69   0x124  Code  Gb  audio_application.o [1]
AudioRemSize            0x2001172c     0x4  Data  Gb  audio_codec.o [1]
AudioTotalSize          0x20011728     0x4  Data  Gb  audio_codec.o [1]
AudioUSBSend            0x0801cd51    0x18  Code  Gb  audio_application.o [1]
Audio_CommandMgr        0x0801fd3f     0x4  Code  Lc  usbd_audio_if.o [1]
Audio_DeInit            0x0801fcf9     0x4  Code  Lc  usbd_audio_if.o [1]
Audio_Init              0x0801fcf5     0x4  Code  Lc  usbd_audio_if.o [1]
Audio_MAL_Play          0x08019a51    0x54  Code  Gb  audio_codec.o [1]
Audio_MuteCtl           0x0801fd2f     0x4  Code  Lc  usbd_audio_if.o [1]
Audio_Pause             0x0801fd37     0x4  Code  Lc  usbd_audio_if.o [1]
Audio_Record            0x0801fcfd     0x4  Code  Lc  usbd_audio_if.o [1]
Audio_Resume            0x0801fd3b     0x4  Code  Lc  usbd_audio_if.o [1]
Audio_Stop              0x0801fd33     0x4  Code  Lc  usbd_audio_if.o [1]
Audio_VolumeCtl         0x0801fd01    0x2e  Code  Lc  usbd_audio_if.o [1]
BSP_LED_Init            0x0801d795    0x86  Code  Gb  stm32746g_discovery.o [1]
BSP_LED_Toggle          0x0801d81b    0x2e  Code  Gb  stm32746g_discovery.o [1]
BSP_SDRAM_Init          0x0801d509   0x106  Code  Gb  stm32746g_discovery_sdram.o [1]
BSP_SDRAM_MspInit       0x0801d60f   0x15a  Code  Wk  stm32746g_discovery_sdram.o [1]
Buffer1                 0xc0000000  0x80a0  Data  Gb  waverecorder.o [1]
Buffer2                 0xc00080a0  0x80a0  Data  Gb  waverecorder.o [1]
Buffer3                 0xc0010140  0x80a0  Data  Gb  waverecorder.o [1]
BusFault_Handler        0x08022507     0x2  Code  Gb  stm32f7xx_it.o [1]
ButtonInit              0x0801b715    0x4c  Code  Gb  main.o [1]
CSTACK$$Base            0x2002a8b0           --   Gb  - Linker created -
CSTACK$$Limit           0x2002c8b0           --   Gb  - Linker created -
Codec_Init              0x080195ed   0x464  Code  Lc  audio_codec.o [1]
Codec_TIMEOUT_UserCallback
                        0x0801c335     0x4  Code  Gb  waveplayer _CS43L22.o [1]
Command                 0x20011894    0x10  Data  Lc  stm32746g_discovery_sdram.o [1]
Command_index           0x2001195f     0x1  Data  Gb  main.o [1]
CrssCorVal14            0x200100cc     0x4  Data  Gb  main.o [1]
CrssCorVal25            0x200100d0     0x4  Data  Gb  main.o [1]
CrssCorVal63            0x200100d4     0x4  Data  Gb  main.o [1]
CrssCorVal78            0x200100c8     0x4  Data  Gb  main.o [1]
CurrentPos              0x20011730     0x4  Data  Gb  audio_codec.o [1]
DMA1_Stream0_IRQHandler
                        0x080195e1     0x2  Code  Gb  audio_codec.o [1]
DMA1_Stream7_IRQHandler
                        0x0801940d   0x1d4  Code  Gb  audio_codec.o [1]
DMA2_Stream4_IRQHandler
                        0x08022565     0x2  Code  Gb  stm32f7xx_it.o [1]
DMA2_Stream5_IRQHandler
                        0x080165ed     0x8  Code  Gb  waverecorder.o [1]
DMA2_Stream6_IRQHandler
                        0x080165f5     0x8  Code  Gb  waverecorder.o [1]
DMA2_Stream7_IRQHandler
                        0x08022567     0x2  Code  Gb  stm32f7xx_it.o [1]
DebugMon_Handler        0x0802250d     0x2  Code  Gb  stm32f7xx_it.o [1]
DmaHandle               0x20011698    0x50  Data  Gb  audio_codec.o [1]
EXTI15_10_IRQHandler    0x0801b647     0x2  Code  Gb  main.o [1]
EXTI4_IRQHandler        0x0801b61d    0x2a  Code  Gb  main.o [1]
EXTI9_5_IRQHandler      0x0801b649    0x4e  Code  Gb  main.o [1]
EnergyError             0x2002a894     0x4  Data  Gb  DSP.o [1]
EnergyNoiseCalc         0x08017bc9    0x30  Code  Gb  DSP.o [1]
FFTShift                0x08017d79    0x4c  Code  Gb  DSP.o [1]
FFT_Update              0x0801adf1    0xc0  Code  Lc  main.o [1]
FMC_SDRAM_Init          0x08020d61    0x78  Code  Gb  stm32f7xx_ll_fmc.o [1]
FMC_SDRAM_ProgramRefreshRate
                        0x08020ead     0xc  Code  Gb  stm32f7xx_ll_fmc.o [1]
FMC_SDRAM_SendCommand   0x08020e57    0x56  Code  Gb  stm32f7xx_ll_fmc.o [1]
FMC_SDRAM_Timing_Init   0x08020dd9    0x7e  Code  Gb  stm32f7xx_ll_fmc.o [1]
FacMic                  0x20010084    0x18  Data  Gb  main.o [1]
FactorUpd               0x08017bb1    0x16  Code  Gb  DSP.o [1]
Filter                  0x2002a014    0x68  Data  Gb  waverecorder.o [1]
GCC_PHAT                0x08017bfd   0x17c  Code  Gb  DSP.o [1]
GPIO_INS                0x20010070    0x14  Data  Gb  main.o [1]
GPIO_PIN                0x0801d850     0x8  Data  Gb  stm32746g_discovery.o [1]
GPIO_STA                0x20011744    0x14  Data  Gb  sta321mp.o [1]
HAL_DMA_DeInit          0x08014c07   0x3e0  Code  Gb  stm32f7xx_hal_dma.o [1]
HAL_DMA_IRQHandler      0x080150bf   0xa60  Code  Gb  stm32f7xx_hal_dma.o [1]
HAL_DMA_Init            0x08014b99    0x6e  Code  Gb  stm32f7xx_hal_dma.o [1]
HAL_DMA_Start_IT        0x08015035    0x8a  Code  Gb  stm32f7xx_hal_dma.o [1]
HAL_Delay               0x080193bd    0x1c  Code  Wk  stm32f7xx_hal.o [1]
HAL_GPIO_Init           0x08016951   0x1d4  Code  Gb  stm32f7xx_hal_gpio.o [1]
HAL_GPIO_ReadPin        0x08016b25     0xe  Code  Gb  stm32f7xx_hal_gpio.o [1]
HAL_GPIO_TogglePin      0x08016b3b     0x8  Code  Gb  stm32f7xx_hal_gpio.o [1]
HAL_GPIO_WritePin       0x08016b33     0x8  Code  Gb  stm32f7xx_hal_gpio.o [1]
HAL_GetTick             0x080193b5     0x6  Code  Wk  stm32f7xx_hal.o [1]
HAL_I2CEx_ConfigAnalogFilter
                        0x0801c395    0x76  Code  Gb  stm32f7xx_hal_i2c_ex.o [1]
HAL_I2C_EV_IRQHandler   0x0801bdd5    0xfe  Code  Gb  stm32f7xx_hal_i2c.o [1]
HAL_I2C_ErrorCallback   0x0801bedf     0x2  Code  Wk  stm32f7xx_hal_i2c.o [1]
HAL_I2C_GetError        0x0801bee1     0x4  Code  Gb  stm32f7xx_hal_i2c.o [1]
HAL_I2C_Init            0x0801b99d    0xa2  Code  Gb  stm32f7xx_hal_i2c.o [1]
HAL_I2C_MasterRxCpltCallback
                        0x0801bed5     0x2  Code  Wk  stm32f7xx_hal_i2c.o [1]
HAL_I2C_MasterTxCpltCallback
                        0x0801bed3     0x2  Code  Wk  stm32f7xx_hal_i2c.o [1]
HAL_I2C_Master_Receive  0x0801bc15   0x1b4  Code  Gb  stm32f7xx_hal_i2c.o [1]
HAL_I2C_Master_Transmit
                        0x0801ba41   0x1d2  Code  Gb  stm32f7xx_hal_i2c.o [1]
HAL_I2C_MemRxCpltCallback
                        0x0801bedd     0x2  Code  Wk  stm32f7xx_hal_i2c.o [1]
HAL_I2C_MemTxCpltCallback
                        0x0801bedb     0x2  Code  Wk  stm32f7xx_hal_i2c.o [1]
HAL_I2C_MspInit         0x0801b4d9    0xb8  Code  Gb  main.o [1]
HAL_I2C_SlaveRxCpltCallback
                        0x0801bed9     0x2  Code  Wk  stm32f7xx_hal_i2c.o [1]
HAL_I2C_SlaveTxCpltCallback
                        0x0801bed7     0x2  Code  Wk  stm32f7xx_hal_i2c.o [1]
HAL_I2S_Init            0x0801789d    0xfc  Code  Gb  stm32f7xx_hal_i2s.o [1]
HAL_I2S_MspInit         0x08019ab9   0x264  Code  Gb  audio_codec.o [1]
HAL_I2S_TxCpltCallback  0x0801b78d    0x82  Code  Gb  main.o [1]
HAL_IncTick             0x080193ab     0xa  Code  Wk  stm32f7xx_hal.o [1]
HAL_Init                0x08019361    0x24  Code  Gb  stm32f7xx_hal.o [1]
HAL_InitTick            0x08019387    0x24  Code  Wk  stm32f7xx_hal.o [1]
HAL_MspInit             0x08019385     0x2  Code  Wk  stm32f7xx_hal.o [1]
HAL_NVIC_DisableIRQ     0x08017a2b    0x12  Code  Gb  stm32f7xx_hal_cortex.o [1]
HAL_NVIC_EnableIRQ      0x08017a19    0x12  Code  Gb  stm32f7xx_hal_cortex.o [1]
HAL_NVIC_SetPriority    0x080179c7    0x52  Code  Gb  stm32f7xx_hal_cortex.o [1]
HAL_NVIC_SetPriorityGrouping
                        0x080179ad    0x1a  Code  Gb  stm32f7xx_hal_cortex.o [1]
HAL_PCDEx_ActivateLPM   0x0802173b    0x26  Code  Gb  stm32f7xx_hal_pcd_ex.o [1]
HAL_PCDEx_LPM_Callback  0x08021761     0x2  Code  Wk  stm32f7xx_hal_pcd_ex.o [1]
HAL_PCDEx_SetRxFiFo     0x08021733     0x8  Code  Gb  stm32f7xx_hal_pcd_ex.o [1]
HAL_PCDEx_SetTxFiFo     0x080216f1    0x42  Code  Gb  stm32f7xx_hal_pcd_ex.o [1]
HAL_PCD_ConnectCallback
                        0x0801ff5f     0x8  Code  Gb  usbd_conf_f4.o [1]
HAL_PCD_DataInStageCallback
                        0x0801ff05    0x12  Code  Gb  usbd_conf_f4.o [1]
HAL_PCD_DataOutStageCallback
                        0x0801fef1    0x14  Code  Gb  usbd_conf_f4.o [1]
HAL_PCD_DisconnectCallback
                        0x0801ff67     0x8  Code  Gb  usbd_conf_f4.o [1]
HAL_PCD_EP_Close        0x08021459    0x46  Code  Gb  stm32f7xx_hal_pcd.o [1]
HAL_PCD_EP_ClrStall     0x080215c5    0x54  Code  Gb  stm32f7xx_hal_pcd.o [1]
HAL_PCD_EP_Flush        0x08021619    0x38  Code  Gb  stm32f7xx_hal_pcd.o [1]
HAL_PCD_EP_Open         0x080213fb    0x5e  Code  Gb  stm32f7xx_hal_pcd.o [1]
HAL_PCD_EP_Receive      0x0802149f    0x60  Code  Gb  stm32f7xx_hal_pcd.o [1]
HAL_PCD_EP_SetStall     0x0802155f    0x66  Code  Gb  stm32f7xx_hal_pcd.o [1]
HAL_PCD_EP_Transmit     0x080214ff    0x60  Code  Gb  stm32f7xx_hal_pcd.o [1]
HAL_PCD_IRQHandler      0x08020fa1   0x436  Code  Gb  stm32f7xx_hal_pcd.o [1]
HAL_PCD_ISOINIncompleteCallback
                        0x0801ff57     0x8  Code  Gb  usbd_conf_f4.o [1]
HAL_PCD_ISOOUTIncompleteCallback
                        0x0801ff4f     0x8  Code  Gb  usbd_conf_f4.o [1]
HAL_PCD_Init            0x08020eb9    0xbe  Code  Gb  stm32f7xx_hal_pcd.o [1]
HAL_PCD_MspInit         0x0801fe6d    0x78  Code  Gb  usbd_conf_f4.o [1]
HAL_PCD_ResetCallback   0x0801ff1f    0x20  Code  Gb  usbd_conf_f4.o [1]
HAL_PCD_ResumeCallback  0x0801ff47     0x8  Code  Gb  usbd_conf_f4.o [1]
HAL_PCD_SOFCallback     0x0801ff17     0x8  Code  Gb  usbd_conf_f4.o [1]
HAL_PCD_SetAddress      0x080213d7    0x24  Code  Gb  stm32f7xx_hal_pcd.o [1]
HAL_PCD_SetupStageCallback
                        0x0801fee5     0xc  Code  Gb  usbd_conf_f4.o [1]
HAL_PCD_Start           0x08020f77    0x2a  Code  Gb  stm32f7xx_hal_pcd.o [1]
HAL_PCD_SuspendCallback
                        0x0801ff3f     0x8  Code  Gb  usbd_conf_f4.o [1]
HAL_PWREx_EnableOverDrive
                        0x0801f661    0x6c  Code  Gb  stm32f7xx_hal_pwr_ex.o [1]
HAL_RCCEx_GetPeriphCLKConfig
                        0x0801d3a9   0x14c  Code  Gb  stm32f7xx_hal_rcc_ex.o [1]
HAL_RCCEx_PeriphCLKConfig
                        0x0801cea9   0x500  Code  Gb  stm32f7xx_hal_rcc_ex.o [1]
HAL_RCC_ClockConfig     0x0801ab2f   0x1e0  Code  Gb  stm32f7xx_hal_rcc.o [1]
HAL_RCC_GetHCLKFreq     0x0801ad53    0x22  Code  Gb  stm32f7xx_hal_rcc.o [1]
HAL_RCC_GetPCLK1Freq    0x0801ad75    0x28  Code  Gb  stm32f7xx_hal_rcc.o [1]
HAL_RCC_GetPCLK2Freq    0x0801ad9d    0x28  Code  Gb  stm32f7xx_hal_rcc.o [1]
HAL_RCC_GetSysClockFreq
                        0x0801ad0f    0x44  Code  Gb  stm32f7xx_hal_rcc.o [1]
HAL_RCC_OscConfig       0x0801a7cd   0x362  Code  Gb  stm32f7xx_hal_rcc.o [1]
HAL_SDRAM_Init          0x0801fdd5    0x42  Code  Gb  stm32f7xx_hal_sdram.o [1]
HAL_SDRAM_MspInit       0x0801fe17     0x2  Code  Wk  stm32f7xx_hal_sdram.o [1]
HAL_SDRAM_ProgramRefreshRate
                        0x0801fe49    0x22  Code  Gb  stm32f7xx_hal_sdram.o [1]
HAL_SDRAM_SendCommand   0x0801fe19    0x30  Code  Gb  stm32f7xx_hal_sdram.o [1]
HAL_SPI_ErrorCallback   0x0801741f     0x2  Code  Wk  stm32f7xx_hal_spi.o [1]
HAL_SPI_Init            0x080170c9    0xba  Code  Gb  stm32f7xx_hal_spi.o [1]
HAL_SPI_MspInit         0x080161d1   0x412  Code  Gb  waverecorder.o [1]
HAL_SPI_Receive_DMA     0x08017183   0x108  Code  Gb  stm32f7xx_hal_spi.o [1]
HAL_SPI_RxCpltCallback  0x08016615    0x6e  Code  Gb  waverecorder.o [1]
HAL_SPI_RxHalfCpltCallback
                        0x0801741b     0x2  Code  Wk  stm32f7xx_hal_spi.o [1]
HAL_SPI_TransmitReceive_DMA
                        0x0801728b   0x18e  Code  Gb  stm32f7xx_hal_spi.o [1]
HAL_SPI_TxRxCpltCallback
                        0x08017419     0x2  Code  Wk  stm32f7xx_hal_spi.o [1]
HAL_SPI_TxRxHalfCpltCallback
                        0x0801741d     0x2  Code  Wk  stm32f7xx_hal_spi.o [1]
HAL_SYSTICK_Config      0x08017a3d    0x22  Code  Gb  stm32f7xx_hal_cortex.o [1]
HAL_UART_ErrorCallback  0x0801f13b     0x2  Code  Wk  stm32f7xx_hal_uart.o [1]
HAL_UART_IRQHandler     0x0801f035   0x102  Code  Gb  stm32f7xx_hal_uart.o [1]
HAL_UART_Init           0x0801ef65    0x66  Code  Gb  stm32f7xx_hal_uart.o [1]
HAL_UART_MspInit        0x0801b5b7    0x66  Code  Gb  main.o [1]
HAL_UART_RxCpltCallback
                        0x0801f139     0x2  Code  Wk  stm32f7xx_hal_uart.o [1]
HAL_UART_Transmit_IT    0x0801efcb    0x6a  Code  Gb  stm32f7xx_hal_uart.o [1]
HAL_UART_TxCpltCallback
                        0x0801f137     0x2  Code  Wk  stm32f7xx_hal_uart.o [1]
HEAP$$Base              0x2002c8b0           --   Gb  - Linker created -
HEAP$$Limit             0x2002e8b0           --   Gb  - Linker created -
HardFault_Handler       0x08022503     0x2  Code  Gb  stm32f7xx_it.o [1]
I2C1_EV_IRQHandler      0x08022539     0x6  Code  Gb  stm32f7xx_it.o [1]
I2C2_EV_IRQHandler      0x0802253f     0x6  Code  Gb  stm32f7xx_it.o [1]
I2C_IsAcknowledgeFailed
                        0x0801c2a1    0x8e  Code  Lc  stm32f7xx_hal_i2c.o [1]
I2C_MasterReceive_ISR   0x0801c007   0x122  Code  Lc  stm32f7xx_hal_i2c.o [1]
I2C_MasterTransmit_ISR  0x0801bee5   0x122  Code  Lc  stm32f7xx_hal_i2c.o [1]
I2C_SlaveReceive_ISR    0x0801c1e9    0xac  Code  Lc  stm32f7xx_hal_i2c.o [1]
I2C_SlaveTransmit_ISR   0x0801c129    0xc0  Code  Lc  stm32f7xx_hal_i2c.o [1]
I2S2_idxTmp             0x200100b0     0x2  Data  Gb  main.o [1]
I2S2_stLR               0x2002a082     0x1  Data  Gb  waverecorder.o [1]
I2S2_stLROld            0x2002a083     0x1  Data  Gb  waverecorder.o [1]
I2S3_Init               0x0801c339    0x42  Code  Gb  waveplayer _CS43L22.o [1]
InStream_Read           0x0802224d    0x22  Code  Lc  lz77_init.o [7]
IsocInBuffDummy         0x2002a28c   0x180  Data  Lc  usbd_audio_in.o [1]
LoadInt                 0x080209cd    0x4c  Code  Lc  xprintfsmall.o [3]
LowPassIIR              0x08017a7d    0xa0  Code  Gb  DSP.o [1]
MIC1TO6_Init            0x08015fcb    0xd0  Code  Gb  waverecorder.o [1]
MX_I2C1_Init            0x08019d1d    0x36  Code  Gb  audio_codec.o [1]
MX_I2C2_Init            0x0801b761    0x2c  Code  Gb  main.o [1]
MemManage_Handler       0x08022505     0x2  Code  Gb  stm32f7xx_it.o [1]
NMI_Handler             0x08022501     0x2  Code  Gb  stm32f7xx_it.o [1]
NoiseBG                 0x08017de8   0x800  Data  Gb  DSP.o [1]
OTG_FS_IRQHandler       0x08022545     0x6  Code  Gb  stm32f7xx_it.o [1]
OutStream_Write         0x0802226f    0x40  Code  Lc  lz77_init.o [7]
OutputDev               0x20011724     0x1  Data  Gb  audio_codec.o [1]
PCD_WriteEmptyTxFifo    0x08021651    0xa0  Code  Lc  stm32f7xx_hal_pcd.o [1]
PCM_Buffer1             0xc00181e0  0x4000  Data  Gb  audio_application.o [1]
PCM_Buffer2             0xc001c1e0  0x4000  Data  Gb  audio_application.o [1]
PDM2PCMSDO78            0x080166a9   0x240  Code  Gb  waverecorder.o [1]
PDM_Filter_64_LSB       0x08016d79   0x31e  Code  Gb  pdm_filter.o [5]
PDM_Filter_Init         0x08016b79   0x1fe  Code  Gb  pdm_filter.o [5]
PendSV_Handler          0x0802250f     0x2  Code  Gb  stm32f7xx_it.o [1]
Region$$Table$$Base     0x08022640           --   Gb  - Linker created -
Region$$Table$$Limit    0x08022674           --   Gb  - Linker created -
S                       0x200112fc    0x18  Data  Gb  main.o [1]
SPI1_IRQHandler         0x08015b69   0x13a  Code  Gb  waverecorder.o [1]
SPI2_IRQHandler         0x08015ca3    0xf2  Code  Gb  waverecorder.o [1]
SPI3_IRQHandler         0x080195e3     0xa  Code  Gb  audio_codec.o [1]
SPI4_IRQHandler         0x08015d95   0x134  Code  Gb  waverecorder.o [1]
SPI4_Init               0x0801609b    0x56  Code  Gb  waverecorder.o [1]
SPI4_stNipple           0x2002a09c     0x2  Data  Gb  waverecorder.o [1]
SPI4_stPosShft          0x2002a081     0x1  Data  Gb  waverecorder.o [1]
SPI5_IRQHandler         0x08015ec9    0x84  Code  Gb  waverecorder.o [1]
SPI5_Init               0x080160f1    0x8e  Code  Gb  waverecorder.o [1]
SPI6_IRQHandler         0x08015f4d    0x7e  Code  Gb  waverecorder.o [1]
SPI6_Init               0x0801617f    0x4c  Code  Gb  waverecorder.o [1]
SPI_DMAError            0x08017875    0x26  Code  Lc  stm32f7xx_hal_spi.o [1]
SPI_DMAHalfReceiveCplt  0x08017855     0xe  Code  Lc  stm32f7xx_hal_spi.o [1]
SPI_DMAHalfTransmitReceiveCplt
                        0x08017865     0xe  Code  Lc  stm32f7xx_hal_spi.o [1]
SPI_DMAReceiveCplt      0x08017421   0x220  Code  Lc  stm32f7xx_hal_spi.o [1]
SPI_DMATransmitReceiveCplt
                        0x08017641   0x214  Code  Lc  stm32f7xx_hal_spi.o [1]
STA321MP_Ini            0x0801d99d   0x54a  Code  Gb  sta321mp.o [1]
STACoefSet              0x0801df45   0x2e4  Code  Gb  sta321mp.o [1]
SVC_Handler             0x0802250b     0x2  Code  Gb  stm32f7xx_it.o [1]
Send_Audio_to_USB       0x0801fd43     0xa  Code  Gb  usbd_audio_if.o [1]
StartPlay               0x0801b811    0x60  Code  Gb  main.o [1]
SumDelay                0x0801b699    0x7c  Code  Gb  main.o [1]
SysTick_Handler         0x08022511    0x20  Code  Gb  stm32f7xx_it.o [1]
SystemClock_Config      0x0801b439    0xa0  Code  Lc  main.o [1]
SystemCoreClock         0x20011920     0x4  Data  Gb  system_stm32f7xx.o [1]
SystemInit              0x08022569    0x3c  Code  Gb  system_stm32f7xx.o [1]
T0                      0x20011398   0x100  Data  Gb  pdm_filter.o [5]
T1                      0x20011498   0x100  Data  Gb  pdm_filter.o [5]
T2                      0x20011598   0x100  Data  Gb  pdm_filter.o [5]
TestSDO7                0x2002097c  0x2000  Data  Gb  waverecorder.o [1]
TestSDO7_1              0x2002497c  0x2000  Data  Gb  waverecorder.o [1]
TestSDO8                0x2002297c  0x2000  Data  Gb  waverecorder.o [1]
TestSDO8_1              0x2002697c  0x2000  Data  Gb  waverecorder.o [1]
Timing                  0x20011878    0x1c  Data  Lc  stm32746g_discovery_sdram.o [1]
UART_AdvFeatureConfig   0x0801f501    0xc6  Code  Gb  stm32f7xx_hal_uart.o [1]
UART_CheckIdleState     0x0801f5c7    0x98  Code  Gb  stm32f7xx_hal_uart.o [1]
UART_Receive_IT         0x0801f21d    0x94  Code  Lc  stm32f7xx_hal_uart.o [1]
UART_SetConfig          0x0801f2b1   0x220  Code  Gb  stm32f7xx_hal_uart.o [1]
UART_Transmit_IT        0x0801f13d    0xe0  Code  Lc  stm32f7xx_hal_uart.o [1]
USART3_IRQHandler       0x08022533     0x6  Code  Gb  stm32f7xx_it.o [1]
USART3_Init             0x0801b591    0x26  Code  Gb  main.o [1]
USART6_IRQHandler       0x08022531     0x2  Code  Gb  stm32f7xx_it.o [1]
USBD_AUDIO              0x200118a8    0x38  Data  Gb  usbd_audio_in.o [1]
USBD_AUDIO_CfgDesc      0x2002a210    0x78  Data  Lc  usbd_audio_in.o [1]
USBD_AUDIO_ConfigStrDescriptor
                        0x08022465    0x14  Code  Gb  usbd_desc.o [1]
USBD_AUDIO_DataIn       0x0801e5c3    0xc6  Code  Lc  usbd_audio_in.o [1]
USBD_AUDIO_DataOut      0x0801e6d1     0x4  Code  Lc  usbd_audio_in.o [1]
USBD_AUDIO_Data_Transfer
                        0x0801e6df    0xe0  Code  Gb  usbd_audio_in.o [1]
USBD_AUDIO_DeInit       0x0801e4a5    0x26  Code  Lc  usbd_audio_in.o [1]
USBD_AUDIO_DeviceDescriptor
                        0x08022411     0x8  Code  Gb  usbd_desc.o [1]
USBD_AUDIO_DeviceQualifierDesc
                        0x20011948     0xc  Data  Lc  usbd_audio_in.o [1]
USBD_AUDIO_EP0_RxReady  0x0801e689    0x38  Code  Lc  usbd_audio_in.o [1]
USBD_AUDIO_EP0_TxReady  0x0801e6c1     0x4  Code  Lc  usbd_audio_in.o [1]
USBD_AUDIO_GetCfgDesc   0x0801e5b9     0xa  Code  Lc  usbd_audio_in.o [1]
USBD_AUDIO_GetDeviceQualifierDesc
                        0x0801e6d5     0xa  Code  Lc  usbd_audio_in.o [1]
USBD_AUDIO_Init         0x0801e43d    0x68  Code  Lc  usbd_audio_in.o [1]
USBD_AUDIO_Init_Microphone_Descriptor
                        0x0801e7c9   0x4a8  Code  Gb  usbd_audio_in.o [1]
USBD_AUDIO_InterfaceStrDescriptor
                        0x08022479    0x14  Code  Gb  usbd_desc.o [1]
USBD_AUDIO_IsoINIncomplete
                        0x0801e6c9     0x4  Code  Lc  usbd_audio_in.o [1]
USBD_AUDIO_IsoOutIncomplete
                        0x0801e6cd     0x4  Code  Lc  usbd_audio_in.o [1]
USBD_AUDIO_LangIDStrDescriptor
                        0x08022419     0x8  Code  Gb  usbd_desc.o [1]
USBD_AUDIO_ManufacturerStrDescriptor
                        0x08022435    0x14  Code  Gb  usbd_desc.o [1]
USBD_AUDIO_ProductStrDescriptor
                        0x08022421    0x14  Code  Gb  usbd_desc.o [1]
USBD_AUDIO_RegisterInterface
                        0x0801e7bf     0xa  Code  Gb  usbd_audio_in.o [1]
USBD_AUDIO_SOF          0x0801e6c5     0x4  Code  Lc  usbd_audio_in.o [1]
USBD_AUDIO_SerialStrDescriptor
                        0x08022449    0x1c  Code  Gb  usbd_desc.o [1]
USBD_AUDIO_Setup        0x0801e4cb    0xee  Code  Lc  usbd_audio_in.o [1]
USBD_AUDIO_fops         0x200118e0    0x24  Data  Gb  usbd_audio_if.o [1]
USBD_ClrClassConfig     0x0801eced    0x12  Code  Gb  usbd_core.o [1]
USBD_CtlContinueRx      0x080200f7    0x14  Code  Gb  usbd_ioreq.o [1]
USBD_CtlContinueSendData
                        0x080200c1    0x14  Code  Gb  usbd_ioreq.o [1]
USBD_CtlError           0x08020531    0x16  Code  Gb  usbd_ctlreq.o [1]
USBD_CtlPrepareRx       0x080200d5    0x22  Code  Gb  usbd_ioreq.o [1]
USBD_CtlReceiveStatus   0x08020125    0x1a  Code  Gb  usbd_ioreq.o [1]
USBD_CtlSendData        0x080200a3    0x1e  Code  Gb  usbd_ioreq.o [1]
USBD_CtlSendStatus      0x0802010b    0x1a  Code  Gb  usbd_ioreq.o [1]
USBD_GetDescriptor      0x080203f9   0x110  Code  Lc  usbd_ctlreq.o [1]
USBD_GetString          0x08020549    0x4c  Code  Gb  usbd_ctlreq.o [1]
USBD_Init               0x0801ec89    0x30  Code  Gb  usbd_core.o [1]
USBD_LL_ClearStallEP    0x0802003d    0x12  Code  Gb  usbd_conf_f4.o [1]
USBD_LL_CloseEP         0x08020007    0x12  Code  Gb  usbd_conf_f4.o [1]
USBD_LL_DataInStage     0x0801edd1    0xb2  Code  Gb  usbd_core.o [1]
USBD_LL_DataOutStage    0x0801ed63    0x6e  Code  Gb  usbd_core.o [1]
USBD_LL_DevConnected    0x0801ef0f     0x4  Code  Gb  usbd_core.o [1]
USBD_LL_DevDisconnected
                        0x0801ef13    0x1c  Code  Gb  usbd_core.o [1]
USBD_LL_FlushEP         0x08020019    0x12  Code  Gb  usbd_conf_f4.o [1]
USBD_LL_Init            0x0801ff6f    0x60  Code  Gb  usbd_conf_f4.o [1]
USBD_LL_IsStallEP       0x0802004f    0x1e  Code  Gb  usbd_conf_f4.o [1]
USBD_LL_IsoINIncomplete
                        0x0801ef07     0x4  Code  Gb  usbd_core.o [1]
USBD_LL_IsoOUTIncomplete
                        0x0801ef0b     0x4  Code  Gb  usbd_core.o [1]
USBD_LL_OpenEP          0x0801fff3    0x14  Code  Gb  usbd_conf_f4.o [1]
USBD_LL_PrepareReceive  0x08020091    0x12  Code  Gb  usbd_conf_f4.o [1]
USBD_LL_Reset           0x0801ee83    0x42  Code  Gb  usbd_core.o [1]
USBD_LL_Resume          0x0801eedd     0xc  Code  Gb  usbd_core.o [1]
USBD_LL_SOF             0x0801eee9    0x1e  Code  Gb  usbd_core.o [1]
USBD_LL_SetSpeed        0x0801eec5     0x6  Code  Gb  usbd_core.o [1]
USBD_LL_SetUSBAddress   0x0802006d    0x12  Code  Gb  usbd_conf_f4.o [1]
USBD_LL_SetupStage      0x0801ecff    0x64  Code  Gb  usbd_core.o [1]
USBD_LL_StallEP         0x0802002b    0x12  Code  Gb  usbd_conf_f4.o [1]
USBD_LL_Start           0x0801ffe1    0x12  Code  Gb  usbd_conf_f4.o [1]
USBD_LL_Suspend         0x0801eecb    0x12  Code  Gb  usbd_core.o [1]
USBD_LL_Transmit        0x0802007f    0x12  Code  Gb  usbd_conf_f4.o [1]
USBD_LangIDDesc         0x20011960     0x4  Data  Gb  usbd_desc.o [1]
USBD_ParseSetupRequest  0x08020509    0x28  Code  Gb  usbd_ctlreq.o [1]
USBD_RegisterClass      0x0801ecb9    0x10  Code  Gb  usbd_core.o [1]
USBD_SetClassConfig     0x0801ecd7    0x16  Code  Gb  usbd_core.o [1]
USBD_Start              0x0801ecc9     0xe  Code  Gb  usbd_core.o [1]
USBD_StdDevReq          0x08020141   0x15e  Code  Gb  usbd_ctlreq.o [1]
USBD_StdEPReq           0x080202ed   0x10c  Code  Gb  usbd_ctlreq.o [1]
USBD_StdItfReq          0x080202a5    0x46  Code  Gb  usbd_ctlreq.o [1]
USBD_StrDesc            0x2002a5e4    0xc8  Data  Gb  usbd_desc.o [1]
USB_ActivateEndpoint    0x08021b49    0x8c  Code  Gb  stm32f7xx_ll_usb.o [1]
USB_ActivateSetup       0x0802215f    0x2e  Code  Gb  stm32f7xx_ll_usb.o [1]
USB_CoreInit            0x080218b1    0xa0  Code  Gb  stm32f7xx_ll_usb.o [1]
USB_DeactivateEndpoint  0x08021bd5    0x68  Code  Gb  stm32f7xx_ll_usb.o [1]
USB_DevConnect          0x080220c7    0x1c  Code  Gb  stm32f7xx_ll_usb.o [1]
USB_DevDisconnect       0x080220e3    0x1c  Code  Gb  stm32f7xx_ll_usb.o [1]
USB_DevInit             0x08021999   0x144  Code  Gb  stm32f7xx_ll_usb.o [1]
USB_DisableGlobalInt    0x0802195d     0xc  Code  Gb  stm32f7xx_ll_usb.o [1]
USB_EP0StartXfer        0x08021e65   0x146  Code  Gb  stm32f7xx_ll_usb.o [1]
USB_EP0_OutStart        0x0802218d    0x30  Code  Gb  stm32f7xx_ll_usb.o [1]
USB_EPClearStall        0x08022051    0x5a  Code  Gb  stm32f7xx_ll_usb.o [1]
USB_EPSetStall          0x08021fff    0x52  Code  Gb  stm32f7xx_ll_usb.o [1]
USB_EPStartXfer         0x08021c3d   0x228  Code  Gb  stm32f7xx_ll_usb.o [1]
USB_EnableGlobalInt     0x08021951     0xc  Code  Gb  stm32f7xx_ll_usb.o [1]
USB_FlushRxFifo         0x08021afb    0x1a  Code  Gb  stm32f7xx_ll_usb.o [1]
USB_FlushTxFifo         0x08021add    0x1e  Code  Gb  stm32f7xx_ll_usb.o [1]
USB_GetDevSpeed         0x08021b15    0x34  Code  Gb  stm32f7xx_ll_usb.o [1]
USB_GetMode             0x08022157     0x8  Code  Gb  stm32f7xx_ll_usb.o [1]
USB_ReadDevAllInEpInterrupt
                        0x08022115     0xe  Code  Gb  stm32f7xx_ll_usb.o [1]
USB_ReadDevAllOutEpInterrupt
                        0x08022107     0xe  Code  Gb  stm32f7xx_ll_usb.o [1]
USB_ReadDevInEPInterrupt
                        0x08022137    0x20  Code  Gb  stm32f7xx_ll_usb.o [1]
USB_ReadDevOutEPInterrupt
                        0x08022123    0x14  Code  Gb  stm32f7xx_ll_usb.o [1]
USB_ReadInterrupts      0x080220ff     0x8  Code  Gb  stm32f7xx_ll_usb.o [1]
USB_ReadPacket          0x08021fe1    0x1e  Code  Gb  stm32f7xx_ll_usb.o [1]
USB_SetCurrentMode      0x08021969    0x2e  Code  Gb  stm32f7xx_ll_usb.o [1]
USB_SetDevAddress       0x080220ab    0x1c  Code  Gb  stm32f7xx_ll_usb.o [1]
USB_WritePacket         0x08021fad    0x34  Code  Gb  stm32f7xx_ll_usb.o [1]
UsageFault_Handler      0x08022509     0x2  Code  Gb  stm32f7xx_it.o [1]
VOL_CUR                 0x2002a288     0x2  Data  Lc  usbd_audio_in.o [1]
Volume                  0x20011725     0x1  Data  Gb  audio_codec.o [1]
WaveRec_idxSens1        0x200100b2     0x2  Data  Gb  main.o [1]
WaveRec_idxSens2        0x200100b4     0x2  Data  Gb  main.o [1]
WaveRec_idxSens3        0x200100ae     0x2  Data  Gb  main.o [1]
WaveRec_idxSens4        0x200100ac     0x2  Data  Gb  main.o [1]
WaveRec_idxSens5        0x200100b6     0x2  Data  Gb  main.o [1]
WaveRec_idxSens6        0x200100b8     0x2  Data  Gb  main.o [1]
WaveRec_idxTest         0x2002a08a     0x2  Data  Gb  waverecorder.o [1]
WaveRecord_flgIni       0x2002a8ac     0x1  Data  Gb  waverecorder.o [1]
WaveRecord_flgInt       0x2002a07c     0x1  Data  Gb  waverecorder.o [1]
WaveRecord_flgSDO7Finish
                        0x2002a07f     0x1  Data  Gb  waverecorder.o [1]
WaveRecord_flgSDO8Finish
                        0x2002a080     0x1  Data  Gb  waverecorder.o [1]
Window                  0x08017b1d    0x72  Code  Gb  DSP.o [1]
WriteCoef               0x0801e229   0x1fe  Code  Gb  sta321mp.o [1]
WriteSTAByte            0x0801dee9    0x5a  Code  Gb  sta321mp.o [1]
_EncodingSb_Mbtowc      0x08022207    0x30  Code  Gb  xencoding_sb.o [3]
_EncodingSb_Wctomb      0x080221ed    0x1a  Code  Gb  xencoding_sb.o [3]
_IsdstStr               0x200117d4     0x4  Data  Gb  setlocale.o [3]
_LitobSmall             0x08020c4b    0xce  Code  Lc  xprintfsmall.o [3]
_LocaleEncoding         0x080221d9     0xe  Code  Gb  setlocale.o [3]
_LocaleReturnString     0x200117f4    0x50  Data  Lc  setlocale.o [3]
_Locale_Profile         0x200117d8    0x1c  Data  Gb  setlocale.o [3]
_Mbtowc                 0x080217c3    0x20  Code  Gb  xmbtowc.o [3]
_PrintfSmall            0x0802059d   0x430  Code  Gb  xprintfsmall.o [3]
_PutcharsSmall          0x08020d19    0x2e  Code  Lc  xprintfsmall.o [3]
_PutstrSmall            0x08020a19   0x228  Code  Lc  xprintfsmall.o [3]
_SProut                 0x08014b17     0xa  Code  Gb  xsprout.o [3]
_TzoneStr               0x200117d0     0x4  Data  Gb  setlocale.o [3]
_Wctomb                 0x08021897    0x1a  Code  Gb  xwctomb.o [3]
__aeabi_cdcmpeq         0x0801cb89          Code  Gb  DblCmpEq.o [6]
__aeabi_cdcmple         0x0801a5ed          Code  Gb  DblCmpLe.o [6]
__aeabi_cdrcmple        0x0801a61d          Code  Gb  DblCmpGe.o [6]
__aeabi_cfcmpeq         0x080185e9          Code  Gb  FltCmpEq.o [6]
__aeabi_cfcmple         0x08018615          Code  Gb  FltCmpLe.o [6]
__aeabi_d2f             0x08018bfd          Code  Gb  DblToFlt.o [6]
__aeabi_d2iz            0x08018a0d          Code  Gb  DblToI32.o [6]
__aeabi_dadd            0x08018925          Code  Gb  DblAdd.o [6]
__aeabi_ddiv            0x080186cd          Code  Gb  DblDiv.o [6]
__aeabi_dmul            0x08018a59          Code  Gb  DblMul.o [6]
__aeabi_dsub            0x080190f1          Code  Gb  DblSub.o [6]
__aeabi_errno_addr      0x0801a64d     0x6  Code  Gb  errno.o [3]
__aeabi_f2d             0x0801864d          Code  Gb  FltToDbl.o [6]
__aeabi_fmul            0x08018639    0x12  Code  Gb  FltMul.o [6]
__aeabi_i2d             0x0801869d          Code  Gb  I32ToDbl.o [6]
__aeabi_ldiv0           0x0801c40d          Code  Gb  I64DivZer.o [7]
__aeabi_ldivmod         0x08019dc9          Code  Gb  I64DivMod.o [7]
__aeabi_memclr          0x08020595          Code  Gb  ABImemclr.o [7]
__aeabi_ui2d            0x080186b1          Code  Gb  I32ToDbl.o [6]
__aeabi_ui2f            0x08018605     0xe  Code  Gb  U32ToFlt.o [6]
__aeabi_uldivmod        0x08019e0d          Code  Gb  I64DivMod.o [7]
__cmain                 0x08022675          Code  Gb  cmain.o [7]
__data_GetMemChunk      0x08014b21    0x2c  Code  Gb  xgetmemchunk.o [3]
__exit                  0x08014b4d    0x14  Code  Gb  exit.o [8]
__iar_Dint              0x0801cb0f    0x7a  Code  Gb  xdint.o [6]
__iar_Errno             0x20011964     0x4  Data  Gb  errno.o [3]
__iar_Mbcurmax          0x0802188d     0xa  Code  Gb  xmbcurmax.o [3]
__iar_Memchr            0x08021835          Code  Gb  memchr.o [7]
__iar_Memset_word       0x08021765          Code  Gb  ABImemset.o [7]
__iar_Quad              0x0801a659   0x12c  Code  Gb  xquad.o [6]
__iar_Sin               0x08018c8d   0x3b2  Code  Gb  xsin.o [6]
__iar_Strchr            0x080217e5          Code  Gb  strchr.o [7]
__iar_close_ttio        0x08014b61    0x2e  Code  Gb  iarttio.o [8]
__iar_d2uiz             0x08018a39          Code  Gb  DblToI32.o [6]
__iar_dadd              0x08018939          Code  Gb  DblAdd.o [6]
__iar_data_init3        0x080225f5    0x28  Code  Gb  data_init.o [7]
__iar_dlfree            0x080145f7   0x510  Code  Gb  dlmalloc.o [3]
__iar_dlib_perthread_access
                        0x0801cb0d     0x2  Code  Gb  xtls.o [3]
__iar_dlmalloc          0x08014341   0x2aa  Code  Gb  dlmalloc.o [3]
__iar_dsub              0x08019105          Code  Gb  DblSub.o [6]
__iar_dsubStart         0x08019117          Code  Gb  DblSub.o [6]
__iar_edom              0x0801a7c1          Code  Gb  iarEdom.o [7]
__iar_floor             0x0801a515          Code  Gb  floor.o [6]
__iar_floorl            0x0801a515          Code  Gb  floor.o [6]
__iar_fmod              0x0801cba9          Code  Gb  fmod.o [6]
__iar_fmodl             0x0801cba9          Code  Gb  fmod.o [6]
__iar_init_vfp          0x0802261d          Code  Gb  fpinit_M.o [6]
__iar_lookup_ttioh      0x08014b91     0x8  Code  Gb  XShttio.o [3]
__iar_lz77_init3        0x080222af   0x162  Code  Gb  lz77_init.o [7]
__iar_program_start     0x080226b5          Code  Gb  cstartup_M.o [7]
__iar_sqrt              0x08019271          Code  Gb  sqrt.o [6]
__iar_ttio_handles      0x20011954     0x8  Data  Lc  XShttio.o [3]
__iar_ui2d              0x080186b5          Code  Gb  I32ToDbl.o [6]
__iar_unaligned___aeabi_memcpy
                        0x0801a575          Code  Gb  ABImemcpy_unaligned.o [7]
__iar_unaligned___aeabi_memcpy4
                        0x0801a595          Code  Gb  ABImemcpy_unaligned.o [7]
__iar_unaligned___aeabi_memcpy8
                        0x0801a595          Code  Gb  ABImemcpy_unaligned.o [7]
__iar_vfp___iar_Sin     0x080190dd    0x12  Code  Gb  xsin.o [6]
__iar_vfp_floor         0x0801a505          Code  Gb  floor.o [6]
__iar_vfp_floorl        0x0801a505          Code  Gb  floor.o [6]
__iar_zero_init3        0x080225b5    0x40  Code  Gb  zero_init3.o [7]
__low_level_init        0x0802268f     0x4  Code  Gb  low_level_init.o [3]
__vector_table          0x08000000          Data  Gb  startup_stm32f746xx.o [1]
_call_main              0x08022681          Code  Gb  cmain.o [7]
_exit                   0x08022699          Code  Gb  cexit.o [7]
_gm_                    0x2002a40c   0x1d8  Data  Lc  dlmalloc.o [3]
_main                   0x0802268b          Code  Gb  cmain.o [7]
abort                   0x08014b11     0x6  Code  Gb  abort.o [3]
armBitRevIndexTable1024
                        0x08008ad0   0xe10  Data  Gb  arm_common_tables.o [4]
armBitRevIndexTable128  0x08008240   0x1a0  Data  Gb  arm_common_tables.o [4]
armBitRevIndexTable16   0x08008148    0x28  Data  Gb  arm_common_tables.o [4]
armBitRevIndexTable2048
                        0x080098e0  0x1dc0  Data  Gb  arm_common_tables.o [4]
armBitRevIndexTable256  0x080083e0   0x370  Data  Gb  arm_common_tables.o [4]
armBitRevIndexTable32   0x08008170    0x60  Data  Gb  arm_common_tables.o [4]
armBitRevIndexTable512  0x08008750   0x380  Data  Gb  arm_common_tables.o [4]
armBitRevIndexTable64   0x080081d0    0x70  Data  Gb  arm_common_tables.o [4]
arm_bitreversal_16      0x0801fc9f          Code  Gb  arm_bitreversal2.o [4]
arm_bitreversal_32      0x0801fc35          Code  Gb  arm_bitreversal2.o [4]
arm_cfft_f32            0x0801c989   0x184  Code  Gb  arm_cfft_f32.o [4]
arm_cfft_radix8by2_f32  0x0801c411   0x168  Code  Gb  arm_cfft_f32.o [4]
arm_cfft_radix8by4_f32  0x0801c579   0x40e  Code  Gb  arm_cfft_f32.o [4]
arm_cmplx_conj_f32      0x0801a085   0x130  Code  Gb  arm_cmplx_conj_f32.o [4]
arm_cmplx_mag_f32       0x0801a30d   0x15a  Code  Gb  arm_cmplx_mag_f32.o [4]
arm_cmplx_mult_cmplx_f32
                        0x0801a1b5   0x156  Code  Gb  arm_cmplx_mult_cmplx_f32.o [4]
arm_max_f32             0x0801a469    0x9c  Code  Gb  arm_max_f32.o [4]
arm_radix8_butterfly_f32
                        0x0801f6d5   0x560  Code  Gb  arm_cfft_radix8_f32.o [4]
arm_rfft_fast_f32       0x0801a041    0x44  Code  Gb  arm_rfft_fast_f32.o [4]
arm_rfft_fast_init_f32  0x0801d859   0x144  Code  Gb  arm_rfft_fast_init_f32.o [4]
btnSW1                  0x2001195c     0x1  Data  Gb  main.o [1]
btnSW2                  0x2001195d     0x1  Data  Gb  main.o [1]
bufCoefBiquad           0x20011734    0x10  Data  Gb  sta321mp.o [1]
bufPCMSens7             0x2002a0a0     0x4  Data  Gb  waverecorder.o [1]
bufPCMSens8             0x2002a0a4     0x4  Data  Gb  waverecorder.o [1]
bufferSum               0x2001d968  0x3014  Data  Gb  main.o [1]
buffer_switch           0x2001009f     0x1  Data  Gb  main.o [1]
cntBtnPress             0x2001195e     0x1  Data  Gb  main.o [1]
cntOS                   0x2002a89c     0x4  Data  Gb  stm32f7xx_it.o [1]
cntPos                  0x2002a08c     0x2  Data  Gb  waverecorder.o [1]
cntPos7                 0x2002a08e     0x2  Data  Gb  waverecorder.o [1]
cntRisingEXTI           0x2002a8a4     0x2  Data  Gb  main.o [1]
cntStrt                 0x2002a8a8     0x2  Data  Gb  waverecorder.o [1]
cntTime200              0x200100c4     0x2  Data  Gb  main.o [1]
exit                    0x08022693     0x4  Code  Gb  exit.o [3]
fbuffer                 0x2002897c  0x1190  Data  Gb  DSP.o [1]
fir256Coff              0x200102fc  0x1000  Data  Gb  main.o [1]
flg10ms                 0x2001009e     0x1  Data  Gb  main.o [1]
flgDlyUpd               0x2001009c     0x1  Data  Gb  main.o [1]
flgS2                   0x200100a1     0x1  Data  Gb  main.o [1]
flgS2Flt                0x200100a4     0x1  Data  Gb  main.o [1]
flgS2Ins                0x200100a7     0x1  Data  Gb  main.o [1]
flgS3                   0x200100a2     0x1  Data  Gb  main.o [1]
flgS3Flt                0x200100a5     0x1  Data  Gb  main.o [1]
flgS3Ins                0x200100a8     0x1  Data  Gb  main.o [1]
flgS4                   0x200100a3     0x1  Data  Gb  main.o [1]
flgS4Flt                0x200100a6     0x1  Data  Gb  main.o [1]
flgS4Ins                0x200100a9     0x1  Data  Gb  main.o [1]
floor                   0x0801a515          Code  Gb  floor.o [6]
floorl                  0x0801a515          Code  Gb  floor.o [6]
fmod                    0x0801cba9          Code  Gb  fmod.o [6]
fmodl                   0x0801cba9          Code  Gb  fmod.o [6]
hUSBDDevice             0x200100d8   0x224  Data  Gb  main.o [1]
hUSBDDeviceDesc         0x20011934    0x14  Data  Gb  usbd_desc.o [1]
haudioInstance          0x2002a1ac    0x64  Data  Lc  usbd_audio_in.o [1]
hdma_spi5_rx            0x2002a6ac    0x50  Data  Gb  waverecorder.o [1]
hdma_spi6_rx            0x2002a6fc    0x50  Data  Gb  waverecorder.o [1]
hi2c1                   0x200116e8    0x3c  Data  Gb  audio_codec.o [1]
hi2c2                   0x2002a840    0x3c  Data  Gb  audio_codec.o [1]
hi2s1                   0x20029f94    0x40  Data  Gb  waverecorder.o [1]
hi2s2                   0x20029fd4    0x40  Data  Gb  waverecorder.o [1]
hi2s3                   0x2002a800    0x40  Data  Gb  waveplayer _CS43L22.o [1]
hpcd                    0x20029b0c   0x3c0  Data  Gb  usbd_conf_f4.o [1]
hspi4                   0x2002a74c    0x64  Data  Gb  main.o [1]
hspi5                   0x20029ecc    0x64  Data  Gb  waverecorder.o [1]
hspi6                   0x20029f30    0x64  Data  Gb  waverecorder.o [1]
huart3                  0x20010000    0x70  Data  Gb  main.o [1]
idxFrmPDMMic8           0x2002a8a6     0x2  Data  Gb  waverecorder.o [1]
idxLatency14            0x200100bc     0x2  Data  Gb  main.o [1]
idxLatency25            0x200100be     0x2  Data  Gb  main.o [1]
idxLatency63            0x200100c0     0x2  Data  Gb  main.o [1]
idxLatency78            0x200100c2     0x2  Data  Gb  main.o [1]
idxMic7                 0x2002a088     0x2  Data  Gb  waverecorder.o [1]
idxMic8                 0x2002a086     0x2  Data  Gb  waverecorder.o [1]
idxSPI5DataBuf3         0x200100ba     0x2  Data  Gb  main.o [1]
init_mparams            0x0801363b    0x32  Code  Lc  dlmalloc.o [3]
init_top                0x0801366d    0x34  Code  Lc  dlmalloc.o [3]
main                    0x0801aeb1   0x588  Code  Gb  main.o [1]
memchr                  0x08021835          Code  Gb  memchr.o [7]
merge_rfft_f32          0x08019fa5    0x9c  Code  Gb  arm_rfft_fast_f32.o [4]
mparams                 0x2002a87c    0x18  Data  Lc  dlmalloc.o [3]
pDataMic7               0x2002a128    0x80  Data  Gb  waverecorder.o [1]
pDataMic8               0x2002a0a8    0x80  Data  Gb  waverecorder.o [1]
pUARTBuf                0x20011314    0x80  Data  Gb  main.o [1]
pcSTAComnd              0x20011758    0x50  Data  Gb  sta321mp.o [1]
pcSTAComnd1             0x200117a8     0x2  Data  Gb  sta321mp.o [1]
pcSTAComnd2             0x200117ac    0x24  Data  Gb  sta321mp.o [1]
prepend_alloc           0x080136a1   0x36c  Code  Lc  dlmalloc.o [3]
sdramHandle             0x20011844    0x34  Data  Lc  stm32746g_discovery_sdram.o [1]
segment_holding         0x08013621    0x1a  Code  Lc  dlmalloc.o [3]
sprintf                 0x0801ef31    0x34  Code  Gb  sprintf.o [3]
sqrt                    0x08019271          Code  Gb  sqrt.o [6]
sqrtl                   0x08019271          Code  Gb  sqrt.o [6]
stDir                   0x200100a0     0x1  Data  Gb  main.o [1]
stFrstFrmStore          0x2001009d     0x1  Data  Gb  main.o [1]
stage_rfft_f32          0x08019efd    0xa8  Code  Gb  arm_rfft_fast_f32.o [4]
stm32_crc               0x20011394     0x4  Data  Gb  pdm_filter.o [5]
strchr                  0x080217e5          Code  Gb  strchr.o [7]
strlen                  0x080217fd          Code  Gb  strlen.o [7]
swtBufUSBOut            0x2002a8aa     0x1  Data  Gb  audio_application.o [1]
swtSDO7                 0x2002a07d     0x1  Data  Gb  waverecorder.o [1]
swtSDO8                 0x2002a07e     0x1  Data  Gb  waverecorder.o [1]
sys_alloc               0x08013a0d   0x386  Code  Lc  dlmalloc.o [3]
tmalloc_large           0x08013da1   0x390  Code  Lc  dlmalloc.o [3]
tmalloc_small           0x08014131   0x210  Code  Lc  dlmalloc.o [3]
twiddleCoef_1024        0x08002148  0x2000  Data  Gb  arm_common_tables.o [4]
twiddleCoef_128         0x08000548   0x400  Data  Gb  arm_common_tables.o [4]
twiddleCoef_16          0x080001c8    0x80  Data  Gb  arm_common_tables.o [4]
twiddleCoef_2048        0x08004148  0x4000  Data  Gb  arm_common_tables.o [4]
twiddleCoef_256         0x08000948   0x800  Data  Gb  arm_common_tables.o [4]
twiddleCoef_32          0x08000248   0x100  Data  Gb  arm_common_tables.o [4]
twiddleCoef_512         0x08001148  0x1000  Data  Gb  arm_common_tables.o [4]
twiddleCoef_64          0x08000348   0x200  Data  Gb  arm_common_tables.o [4]
twiddleCoef_rfft_1024   0x0800c620  0x1000  Data  Gb  arm_common_tables.o [4]
twiddleCoef_rfft_128    0x0800b820   0x200  Data  Gb  arm_common_tables.o [4]
twiddleCoef_rfft_2048   0x0800d620  0x2000  Data  Gb  arm_common_tables.o [4]
twiddleCoef_rfft_256    0x0800ba20   0x400  Data  Gb  arm_common_tables.o [4]
twiddleCoef_rfft_32     0x0800b6a0    0x80  Data  Gb  arm_common_tables.o [4]
twiddleCoef_rfft_4096   0x0800f620  0x4000  Data  Gb  arm_common_tables.o [4]
twiddleCoef_rfft_512    0x0800be20   0x800  Data  Gb  arm_common_tables.o [4]
twiddleCoef_rfft_64     0x0800b720   0x100  Data  Gb  arm_common_tables.o [4]
uwTick                  0x2002a898     0x4  Data  Lc  stm32f7xx_hal.o [1]
vDataIn                 0x20017968  0x2000  Data  Gb  DSP.o [1]
vDataIn1_FFT            0x20011968  0x2000  Data  Gb  DSP.o [1]
vDataIn2_FFT            0x20013968  0x2000  Data  Gb  DSP.o [1]
vDataIn2_FFT_CJ         0x20019968  0x2000  Data  Gb  DSP.o [1]
vDataIn_FFT             0x20015968  0x2000  Data  Gb  DSP.o [1]
vDataOut                0x2001b968  0x2000  Data  Gb  DSP.o [1]
vRawSens1               0x2002a090     0x2  Data  Gb  waverecorder.o [1]
vRawSens2               0x2002a092     0x2  Data  Gb  waverecorder.o [1]
vRawSens3               0x2002a096     0x2  Data  Gb  waverecorder.o [1]
vRawSens4               0x2002a094     0x2  Data  Gb  waverecorder.o [1]
vRawSens5               0x2002a098     0x2  Data  Gb  waverecorder.o [1]
vRawSens6               0x2002a09a     0x2  Data  Gb  waverecorder.o [1]
vol_table               0x0801fd50    0x84  Data  Gb  usbd_audio_if.o [1]
volume                  0x200118a6     0x1  Data  Gb  waveplayer _CS43L22.o [1]


[1] = D:\sop1hc\Github\data\Mic_Array_V00\USB_STREAMING\Mic_Array\Projects\STM32746G\Applications\Audio\Mic_Array\EWARM\STM32F7\Obj
[2] = command line
[3] = dl7M_tlf.a
[4] = iar_cortexM7ls_math.a
[5] = libPDMFilter_CM7_IAR.a
[6] = m7M_tls.a
[7] = rt7M_tl.a
[8] = shb_l.a

   62 310 bytes of readonly  code memory
   79 844 bytes of readonly  data memory
  125 101 bytes of readwrite data memory (+ 131 552 absolute)

Errors: none
Warnings: none
