###############################################################################
#
# IAR ELF Linker V7.50.2.10312/W32 for ARM                23/Feb/2016  17:00:05
# Copyright 2007-2015 IAR Systems AB.
#
#    Output file  =  
#        D:\sop1hc\Github\data\Mic_Array_V00\USB_STREAMING\Mic_Array\Projects\STM32746G\Applications\Audio\Mic_Array\EWARM\STM32F7\Exe\Project.out
#    Map file     =  
#        D:\sop1hc\Github\data\Mic_Array_V00\USB_STREAMING\Mic_Array\Projects\STM32746G\Applications\Audio\Mic_Array\EWARM\STM32F7\List\Project.map
#    Command line =  
#        D:\sop1hc\Github\data\Mic_Array_V00\USB_STREAMING\Mic_Array\Projects\STM32746G\Applications\Audio\Mic_Array\EWARM\STM32F7\Obj\audio_application.o
#        D:\sop1hc\Github\data\Mic_Array_V00\USB_STREAMING\Mic_Array\Projects\STM32746G\Applications\Audio\Mic_Array\EWARM\STM32F7\Obj\audio_codec.o
#        D:\sop1hc\Github\data\Mic_Array_V00\USB_STREAMING\Mic_Array\Projects\STM32746G\Applications\Audio\Mic_Array\EWARM\STM32F7\Obj\DSP.o
#        D:\sop1hc\Github\data\Mic_Array_V00\USB_STREAMING\Mic_Array\Projects\STM32746G\Applications\Audio\Mic_Array\EWARM\STM32F7\Obj\ff.o
#        D:\sop1hc\Github\data\Mic_Array_V00\USB_STREAMING\Mic_Array\Projects\STM32746G\Applications\Audio\Mic_Array\EWARM\STM32F7\Obj\ft5336.o
#        D:\sop1hc\Github\data\Mic_Array_V00\USB_STREAMING\Mic_Array\Middlewares\ST\STM32_Audio\Addons\PDM\libPDMFilter_CM7_IAR.a
#        D:\sop1hc\Github\data\Mic_Array_V00\USB_STREAMING\Mic_Array\Projects\STM32746G\Applications\Audio\Mic_Array\EWARM\STM32F7\Obj\main.o
#        D:\sop1hc\Github\data\Mic_Array_V00\USB_STREAMING\Mic_Array\Projects\STM32746G\Applications\Audio\Mic_Array\EWARM\STM32F7\Obj\sta321mp.o
#        D:\sop1hc\Github\data\Mic_Array_V00\USB_STREAMING\Mic_Array\Projects\STM32746G\Applications\Audio\Mic_Array\EWARM\STM32F7\Obj\startup_stm32f746xx.o
#        D:\sop1hc\Github\data\Mic_Array_V00\USB_STREAMING\Mic_Array\Projects\STM32746G\Applications\Audio\Mic_Array\EWARM\STM32F7\Obj\stm32746g_discovery.o
#        D:\sop1hc\Github\data\Mic_Array_V00\USB_STREAMING\Mic_Array\Projects\STM32746G\Applications\Audio\Mic_Array\EWARM\STM32F7\Obj\stm32746g_discovery_lcd.o
#        D:\sop1hc\Github\data\Mic_Array_V00\USB_STREAMING\Mic_Array\Projects\STM32746G\Applications\Audio\Mic_Array\EWARM\STM32F7\Obj\stm32746g_discovery_sdram.o
#        D:\sop1hc\Github\data\Mic_Array_V00\USB_STREAMING\Mic_Array\Projects\STM32746G\Applications\Audio\Mic_Array\EWARM\STM32F7\Obj\stm32746g_discovery_ts.o
#        D:\sop1hc\Github\data\Mic_Array_V00\USB_STREAMING\Mic_Array\Projects\STM32746G\Applications\Audio\Mic_Array\EWARM\STM32F7\Obj\stm32f7xx_hal.o
#        D:\sop1hc\Github\data\Mic_Array_V00\USB_STREAMING\Mic_Array\Projects\STM32746G\Applications\Audio\Mic_Array\EWARM\STM32F7\Obj\stm32f7xx_hal_cortex.o
#        D:\sop1hc\Github\data\Mic_Array_V00\USB_STREAMING\Mic_Array\Projects\STM32746G\Applications\Audio\Mic_Array\EWARM\STM32F7\Obj\stm32f7xx_hal_dma.o
#        D:\sop1hc\Github\data\Mic_Array_V00\USB_STREAMING\Mic_Array\Projects\STM32746G\Applications\Audio\Mic_Array\EWARM\STM32F7\Obj\stm32f7xx_hal_dma2d.o
#        D:\sop1hc\Github\data\Mic_Array_V00\USB_STREAMING\Mic_Array\Projects\STM32746G\Applications\Audio\Mic_Array\EWARM\STM32F7\Obj\stm32f7xx_hal_dma_ex.o
#        D:\sop1hc\Github\data\Mic_Array_V00\USB_STREAMING\Mic_Array\Projects\STM32746G\Applications\Audio\Mic_Array\EWARM\STM32F7\Obj\stm32f7xx_hal_flash.o
#        D:\sop1hc\Github\data\Mic_Array_V00\USB_STREAMING\Mic_Array\Projects\STM32746G\Applications\Audio\Mic_Array\EWARM\STM32F7\Obj\stm32f7xx_hal_flash_ex.o
#        D:\sop1hc\Github\data\Mic_Array_V00\USB_STREAMING\Mic_Array\Projects\STM32746G\Applications\Audio\Mic_Array\EWARM\STM32F7\Obj\stm32f7xx_hal_gpio.o
#        D:\sop1hc\Github\data\Mic_Array_V00\USB_STREAMING\Mic_Array\Projects\STM32746G\Applications\Audio\Mic_Array\EWARM\STM32F7\Obj\stm32f7xx_hal_hcd.o
#        D:\sop1hc\Github\data\Mic_Array_V00\USB_STREAMING\Mic_Array\Projects\STM32746G\Applications\Audio\Mic_Array\EWARM\STM32F7\Obj\stm32f7xx_hal_i2c.o
#        D:\sop1hc\Github\data\Mic_Array_V00\USB_STREAMING\Mic_Array\Projects\STM32746G\Applications\Audio\Mic_Array\EWARM\STM32F7\Obj\stm32f7xx_hal_i2c_ex.o
#        D:\sop1hc\Github\data\Mic_Array_V00\USB_STREAMING\Mic_Array\Projects\STM32746G\Applications\Audio\Mic_Array\EWARM\STM32F7\Obj\stm32f7xx_hal_i2s.o
#        D:\sop1hc\Github\data\Mic_Array_V00\USB_STREAMING\Mic_Array\Projects\STM32746G\Applications\Audio\Mic_Array\EWARM\STM32F7\Obj\stm32f7xx_hal_ltdc.o
#        D:\sop1hc\Github\data\Mic_Array_V00\USB_STREAMING\Mic_Array\Projects\STM32746G\Applications\Audio\Mic_Array\EWARM\STM32F7\Obj\stm32f7xx_hal_pcd.o
#        D:\sop1hc\Github\data\Mic_Array_V00\USB_STREAMING\Mic_Array\Projects\STM32746G\Applications\Audio\Mic_Array\EWARM\STM32F7\Obj\stm32f7xx_hal_pcd_ex.o
#        D:\sop1hc\Github\data\Mic_Array_V00\USB_STREAMING\Mic_Array\Projects\STM32746G\Applications\Audio\Mic_Array\EWARM\STM32F7\Obj\stm32f7xx_hal_pwr.o
#        D:\sop1hc\Github\data\Mic_Array_V00\USB_STREAMING\Mic_Array\Projects\STM32746G\Applications\Audio\Mic_Array\EWARM\STM32F7\Obj\stm32f7xx_hal_pwr_ex.o
#        D:\sop1hc\Github\data\Mic_Array_V00\USB_STREAMING\Mic_Array\Projects\STM32746G\Applications\Audio\Mic_Array\EWARM\STM32F7\Obj\stm32f7xx_hal_rcc.o
#        D:\sop1hc\Github\data\Mic_Array_V00\USB_STREAMING\Mic_Array\Projects\STM32746G\Applications\Audio\Mic_Array\EWARM\STM32F7\Obj\stm32f7xx_hal_rcc_ex.o
#        D:\sop1hc\Github\data\Mic_Array_V00\USB_STREAMING\Mic_Array\Projects\STM32746G\Applications\Audio\Mic_Array\EWARM\STM32F7\Obj\stm32f7xx_hal_sai.o
#        D:\sop1hc\Github\data\Mic_Array_V00\USB_STREAMING\Mic_Array\Projects\STM32746G\Applications\Audio\Mic_Array\EWARM\STM32F7\Obj\stm32f7xx_hal_sai_ex.o
#        D:\sop1hc\Github\data\Mic_Array_V00\USB_STREAMING\Mic_Array\Projects\STM32746G\Applications\Audio\Mic_Array\EWARM\STM32F7\Obj\stm32f7xx_hal_sdram.o
#        D:\sop1hc\Github\data\Mic_Array_V00\USB_STREAMING\Mic_Array\Projects\STM32746G\Applications\Audio\Mic_Array\EWARM\STM32F7\Obj\stm32f7xx_hal_spi.o
#        D:\sop1hc\Github\data\Mic_Array_V00\USB_STREAMING\Mic_Array\Projects\STM32746G\Applications\Audio\Mic_Array\EWARM\STM32F7\Obj\stm32f7xx_hal_sram.o
#        D:\sop1hc\Github\data\Mic_Array_V00\USB_STREAMING\Mic_Array\Projects\STM32746G\Applications\Audio\Mic_Array\EWARM\STM32F7\Obj\stm32f7xx_hal_tim.o
#        D:\sop1hc\Github\data\Mic_Array_V00\USB_STREAMING\Mic_Array\Projects\STM32746G\Applications\Audio\Mic_Array\EWARM\STM32F7\Obj\stm32f7xx_hal_tim_ex.o
#        D:\sop1hc\Github\data\Mic_Array_V00\USB_STREAMING\Mic_Array\Projects\STM32746G\Applications\Audio\Mic_Array\EWARM\STM32F7\Obj\stm32f7xx_hal_uart.o
#        D:\sop1hc\Github\data\Mic_Array_V00\USB_STREAMING\Mic_Array\Projects\STM32746G\Applications\Audio\Mic_Array\EWARM\STM32F7\Obj\stm32f7xx_it.o
#        D:\sop1hc\Github\data\Mic_Array_V00\USB_STREAMING\Mic_Array\Projects\STM32746G\Applications\Audio\Mic_Array\EWARM\STM32F7\Obj\stm32f7xx_ll_fmc.o
#        D:\sop1hc\Github\data\Mic_Array_V00\USB_STREAMING\Mic_Array\Projects\STM32746G\Applications\Audio\Mic_Array\EWARM\STM32F7\Obj\stm32f7xx_ll_usb.o
#        D:\sop1hc\Github\data\Mic_Array_V00\USB_STREAMING\Mic_Array\Projects\STM32746G\Applications\Audio\Mic_Array\EWARM\STM32F7\Obj\system_stm32f7xx.o
#        D:\sop1hc\Github\data\Mic_Array_V00\USB_STREAMING\Mic_Array\Projects\STM32746G\Applications\Audio\Mic_Array\EWARM\STM32F7\Obj\usbd_audio_if.o
#        D:\sop1hc\Github\data\Mic_Array_V00\USB_STREAMING\Mic_Array\Projects\STM32746G\Applications\Audio\Mic_Array\EWARM\STM32F7\Obj\usbd_audio_in.o
#        D:\sop1hc\Github\data\Mic_Array_V00\USB_STREAMING\Mic_Array\Projects\STM32746G\Applications\Audio\Mic_Array\EWARM\STM32F7\Obj\usbd_conf_f4.o
#        D:\sop1hc\Github\data\Mic_Array_V00\USB_STREAMING\Mic_Array\Projects\STM32746G\Applications\Audio\Mic_Array\EWARM\STM32F7\Obj\usbd_core.o
#        D:\sop1hc\Github\data\Mic_Array_V00\USB_STREAMING\Mic_Array\Projects\STM32746G\Applications\Audio\Mic_Array\EWARM\STM32F7\Obj\usbd_ctlreq.o
#        D:\sop1hc\Github\data\Mic_Array_V00\USB_STREAMING\Mic_Array\Projects\STM32746G\Applications\Audio\Mic_Array\EWARM\STM32F7\Obj\usbd_desc.o
#        D:\sop1hc\Github\data\Mic_Array_V00\USB_STREAMING\Mic_Array\Projects\STM32746G\Applications\Audio\Mic_Array\EWARM\STM32F7\Obj\usbd_ioreq.o
#        D:\sop1hc\Github\data\Mic_Array_V00\USB_STREAMING\Mic_Array\Projects\STM32746G\Applications\Audio\Mic_Array\EWARM\STM32F7\Obj\usbh_conf.o
#        D:\sop1hc\Github\data\Mic_Array_V00\USB_STREAMING\Mic_Array\Projects\STM32746G\Applications\Audio\Mic_Array\EWARM\STM32F7\Obj\usbh_core.o
#        D:\sop1hc\Github\data\Mic_Array_V00\USB_STREAMING\Mic_Array\Projects\STM32746G\Applications\Audio\Mic_Array\EWARM\STM32F7\Obj\usbh_ctlreq.o
#        D:\sop1hc\Github\data\Mic_Array_V00\USB_STREAMING\Mic_Array\Projects\STM32746G\Applications\Audio\Mic_Array\EWARM\STM32F7\Obj\usbh_diskio.o
#        D:\sop1hc\Github\data\Mic_Array_V00\USB_STREAMING\Mic_Array\Projects\STM32746G\Applications\Audio\Mic_Array\EWARM\STM32F7\Obj\usbh_ioreq.o
#        D:\sop1hc\Github\data\Mic_Array_V00\USB_STREAMING\Mic_Array\Projects\STM32746G\Applications\Audio\Mic_Array\EWARM\STM32F7\Obj\usbh_msc.o
#        D:\sop1hc\Github\data\Mic_Array_V00\USB_STREAMING\Mic_Array\Projects\STM32746G\Applications\Audio\Mic_Array\EWARM\STM32F7\Obj\usbh_msc_bot.o
#        D:\sop1hc\Github\data\Mic_Array_V00\USB_STREAMING\Mic_Array\Projects\STM32746G\Applications\Audio\Mic_Array\EWARM\STM32F7\Obj\usbh_msc_scsi.o
#        D:\sop1hc\Github\data\Mic_Array_V00\USB_STREAMING\Mic_Array\Projects\STM32746G\Applications\Audio\Mic_Array\EWARM\STM32F7\Obj\usbh_pipes.o
#        "D:\sop1hc\Github\data\Mic_Array_V00\USB_STREAMING\Mic_Array\Projects\STM32746G\Applications\Audio\Mic_Array\EWARM\STM32F7\Obj\waveplayer
#        _CS43L22.o"
#        D:\sop1hc\Github\data\Mic_Array_V00\USB_STREAMING\Mic_Array\Projects\STM32746G\Applications\Audio\Mic_Array\EWARM\STM32F7\Obj\waverecorder.o
#        --redirect _Printf=_PrintfSmall --redirect _Scanf=_ScanfSmall -o
#        D:\sop1hc\Github\data\Mic_Array_V00\USB_STREAMING\Mic_Array\Projects\STM32746G\Applications\Audio\Mic_Array\EWARM\STM32F7\Exe\Project.out
#        --map
#        D:\sop1hc\Github\data\Mic_Array_V00\USB_STREAMING\Mic_Array\Projects\STM32746G\Applications\Audio\Mic_Array\EWARM\STM32F7\List\Project.map
#        --config
#        D:\sop1hc\Github\data\Mic_Array_V00\USB_STREAMING\Mic_Array\Projects\STM32746G\Applications\Audio\Mic_Array\EWARM\Project.icf
#        --semihosting --entry __iar_program_start --no_exceptions "D:\Program
#        Files (x86)\IAR Systems\Embedded Workbench
#        7.3\arm\CMSIS\Lib\IAR\iar_cortexM7ls_math.a" --vfe
#
###############################################################################

*******************************************************************************
*** RUNTIME MODEL ATTRIBUTES
***

CppFlavor                     = *
__Heap_Handler                = DLMalloc
__SystemLibrary               = DLib
__dlib_dynamic_initialization = normal


*******************************************************************************
*** PLACEMENT SUMMARY
***

"A1":  place at 0x08000000 { ro section .intvec };
"P1":  place in [from 0x00000000 to 0x00000000] |
                [from 0x08000000 to 0x080fffff] { ro };
"P3":  place in [from 0x20000000 to 0x2000ffff] |
                [from 0x20010000 to 0x2004ffff] { rw, block CSTACK, block HEAP };

  Section             Kind        Address     Size  Object
  -------             ----        -------     ----  ------
"A1":                                        0x1c8
  .intvec             ro code  0x08000000    0x1c8  startup_stm32f746xx.o [1]
                             - 0x080001c8    0x1c8

"P1":                                      0x2a558
  .rodata             const    0x080001c8   0x8800  arm_common_tables.o [4]
  .text               ro code  0x080089c8   0x8078  arm_rfft_init_f32.o [4]
  .text               ro code  0x08010a40     0xb0  arm_cfft_radix4_init_f32.o [4]
  .rodata             const    0x08010af0   0x8000  arm_rfft_init_f32.o [4]
  .text               ro code  0x08018af0   0x395c  stm32f7xx_hal_dma.o [1]
  .text               ro code  0x0801c44c   0x1aa8  waverecorder.o [1]
  .text               ro code  0x0801def4    0x26c  stm32f7xx_hal_gpio.o [1]
  .text               ro code  0x0801e160    0x550  pdm_filter.o [5]
  .text               ro code  0x0801e6b0    0x852  stm32f7xx_hal_spi.o [1]
  .text               ro code  0x0801ef04    0x1a4  stm32f7xx_hal_i2s.o [1]
  .text               ro code  0x0801f0a8    0x164  stm32f7xx_hal_cortex.o [1]
  .text               ro code  0x0801f20c    0x9cc  audio_application.o [1]
  .text               ro code  0x0801fbd8     0x1c  FltCmpEq.o [6]
  .text               ro code  0x0801fbf4      0xe  U32ToFlt.o [6]
  .text               ro code  0x0801fc04     0x24  FltCmpLe.o [6]
  .text               ro code  0x0801fc28     0x12  FltMul.o [6]
  .text               ro code  0x0801fc3c     0x4e  FltToDbl.o [6]
  .text               ro code  0x0801fc8c     0x30  I32ToDbl.o [6]
  .text               ro code  0x0801fcbc    0x256  DblDiv.o [6]
  .text               ro code  0x0801ff14     0xe8  DblAdd.o [6]
  .text               ro code  0x0801fffc     0x4c  DblToI32.o [6]
  .text               ro code  0x08020048    0x1a2  DblMul.o [6]
  .text               ro code  0x080201ec     0x90  DblToFlt.o [6]
  .text               ro code  0x0802027c    0x450  xsin.o [6]
  .text               ro code  0x080206cc    0x180  DblSub.o [6]
  .text               ro code  0x0802084c     0xf0  sqrt.o [6]
  .text               ro code  0x0802093c     0x7c  stm32f7xx_hal.o [1]
  .text               ro code  0x080209b8    0xd64  audio_codec.o [1]
  .text               ro code  0x0802171c     0x80  usbd_audio_if.o [1]
  .text               ro code  0x0802179c     0x2e  DblCmpLe.o [6]
  .text               ro code  0x080217cc     0x2e  DblCmpGe.o [6]
  .text               ro code  0x080217fc      0xc  errno.o [3]
  .text               ro code  0x08021808    0x168  xquad.o [6]
  .text               ro code  0x08021970      0xc  iarEdom.o [7]
  .text               ro code  0x0802197c    0x870  stm32f7xx_hal_rcc.o [1]
  .text               ro code  0x080221ec    0xb44  main.o [1]
  .text               ro code  0x08022d30      0x8  abs.o [3]
  .text               ro code  0x08022d38    0xac8  usbd_audio_in.o [1]
  .text               ro code  0x08023800      0x2  xtls.o [3]
  .text               ro code  0x08023802     0x7a  xdint.o [6]
  .text               ro code  0x0802387c     0x20  DblCmpEq.o [6]
  .text               ro code  0x0802389c    0x1a8  fmod.o [6]
  .text               ro code  0x08023a44    0x116  DSP.o [1]
  .text               ro code  0x08023b5c    0x36c  stm32746g_discovery_sdram.o [1]
  .text               ro code  0x08023ec8    0x118  stm32746g_discovery.o [1]
  .text               ro code  0x08023fe0    0x910  sta321mp.o [1]
  .text               ro code  0x080248f0    0x346  usbd_core.o [1]
  .text               ro code  0x08024c38     0x84  stm32f7xx_hal_pwr_ex.o [1]
  .text               ro code  0x08024cbc    0x8a0  stm32f7xx_hal_rcc_ex.o [1]
  .text               ro code  0x0802555c    0x97c  stm32f7xx_hal_i2c.o [1]
  .text               ro code  0x08025ed8    0x350  usbd_conf_f4.o [1]
  .text               ro code  0x08026228    0x65e  usbd_ctlreq.o [1]
  .text               ro code  0x08026886     0xbc  usbd_ioreq.o [1]
  .text               ro code  0x08026944     0x66  ABImemset.o [7]
  .text               ro code  0x080269ac   0x14f0  dlmalloc.o [3]
  .text               ro code  0x08027e9c     0x76  ABImemcpy_unaligned.o [7]
  .text               ro code  0x08027f14     0xac  stm32f7xx_hal_sdram.o [1]
  .text               ro code  0x08027fc0    0xa7a  stm32f7xx_hal_pcd.o [1]
  .text               ro code  0x08028a3c     0x98  stm32f7xx_hal_pcd_ex.o [1]
  .text               ro code  0x08028ad4      0x6  abort.o [3]
  .text               ro code  0x08028adc     0x2c  xgetmemchunk.o [3]
  .text               ro code  0x08028b08    0x17c  stm32f7xx_ll_fmc.o [1]
  .text               ro code  0x08028c84    0xd50  stm32f7xx_ll_usb.o [1]
  .text               ro code  0x080299d4     0x14  exit.o [8]
  .text               ro code  0x080299e8     0x30  iarttio.o [8]
  .text               ro code  0x08029a18      0x8  XShttio.o [3]
  .text               ro code  0x08029a20    0x36a  stm32f7xx_hal_uart.o [1]
  .text               ro code  0x08029d8c     0xe8  usbd_desc.o [1]
  .rodata             const    0x08029e74     0x84  usbd_audio_if.o [1]
  .text               ro code  0x08029ef8     0x7c  stm32f7xx_it.o [1]
  .text               ro code  0x08029f74     0x6c  system_stm32f7xx.o [1]
  .text               ro code  0x08029fe0     0x40  zero_init3.o [7]
  .text               ro code  0x0802a020     0x2c  copy_init3.o [7]
  .text               ro code  0x0802a04c     0x28  data_init.o [7]
  .rodata             const    0x0802a074     0x24  usbd_desc.o [1]
  .rodata             const    0x0802a098     0x24  usbd_desc.o [1]
  .text               ro code  0x0802a0bc     0x22  fpinit_M.o [6]
  .iar.init_table     const    0x0802a0e0     0x2c  - Linker created -
  .text               ro code  0x0802a10c     0x1a  cmain.o [7]
  .text               ro code  0x0802a126      0x4  low_level_init.o [3]
  .text               ro code  0x0802a12a      0x4  exit.o [3]
  .text               ro code  0x0802a130      0xa  cexit.o [7]
  .rodata             const    0x0802a13c     0x14  usbd_desc.o [1]
  .rodata             const    0x0802a150     0x10  stm32f7xx_hal_rcc.o [1]
  .rodata             const    0x0802a160     0x10  usbd_desc.o [1]
  .rodata             const    0x0802a170     0x10  usbd_desc.o [1]
  .rodata             const    0x0802a180     0x10  usbd_desc.o [1]
  .rodata             const    0x0802a190     0x10  usbd_desc.o [1]
  .text               ro code  0x0802a1a0     0x10  startup_stm32f746xx.o [1]
  .text               ro code  0x0802a1b0      0xc  cstartup_M.o [7]
  .rodata             const    0x0802a1bc      0x8  stm32746g_discovery.o [1]
  .text               ro code  0x0802a1c4      0x4  startup_stm32f746xx.o [1]
  .text               ro code  0x0802a1c8      0x4  startup_stm32f746xx.o [1]
  .text               ro code  0x0802a1cc      0x4  startup_stm32f746xx.o [1]
  .text               ro code  0x0802a1d0      0x4  startup_stm32f746xx.o [1]
  .text               ro code  0x0802a1d4      0x4  startup_stm32f746xx.o [1]
  .text               ro code  0x0802a1d8      0x4  startup_stm32f746xx.o [1]
  .text               ro code  0x0802a1dc      0x4  startup_stm32f746xx.o [1]
  .text               ro code  0x0802a1e0      0x4  startup_stm32f746xx.o [1]
  .text               ro code  0x0802a1e4      0x4  startup_stm32f746xx.o [1]
  .text               ro code  0x0802a1e8      0x4  startup_stm32f746xx.o [1]
  .text               ro code  0x0802a1ec      0x4  startup_stm32f746xx.o [1]
  .text               ro code  0x0802a1f0      0x4  startup_stm32f746xx.o [1]
  .text               ro code  0x0802a1f4      0x4  startup_stm32f746xx.o [1]
  .text               ro code  0x0802a1f8      0x4  startup_stm32f746xx.o [1]
  .text               ro code  0x0802a1fc      0x4  startup_stm32f746xx.o [1]
  .text               ro code  0x0802a200      0x4  startup_stm32f746xx.o [1]
  .text               ro code  0x0802a204      0x4  startup_stm32f746xx.o [1]
  .text               ro code  0x0802a208      0x4  startup_stm32f746xx.o [1]
  .text               ro code  0x0802a20c      0x4  startup_stm32f746xx.o [1]
  .text               ro code  0x0802a210      0x4  startup_stm32f746xx.o [1]
  .text               ro code  0x0802a214      0x4  startup_stm32f746xx.o [1]
  .text               ro code  0x0802a218      0x4  startup_stm32f746xx.o [1]
  .text               ro code  0x0802a21c      0x4  startup_stm32f746xx.o [1]
  .text               ro code  0x0802a220      0x4  startup_stm32f746xx.o [1]
  .text               ro code  0x0802a224      0x4  startup_stm32f746xx.o [1]
  .text               ro code  0x0802a228      0x4  startup_stm32f746xx.o [1]
  .text               ro code  0x0802a22c      0x4  startup_stm32f746xx.o [1]
  .text               ro code  0x0802a230      0x4  startup_stm32f746xx.o [1]
  .text               ro code  0x0802a234      0x4  startup_stm32f746xx.o [1]
  .text               ro code  0x0802a238      0x4  startup_stm32f746xx.o [1]
  .text               ro code  0x0802a23c      0x4  startup_stm32f746xx.o [1]
  .text               ro code  0x0802a240      0x4  startup_stm32f746xx.o [1]
  .text               ro code  0x0802a244      0x4  startup_stm32f746xx.o [1]
  .text               ro code  0x0802a248      0x4  startup_stm32f746xx.o [1]
  .text               ro code  0x0802a24c      0x4  startup_stm32f746xx.o [1]
  .text               ro code  0x0802a250      0x4  startup_stm32f746xx.o [1]
  .text               ro code  0x0802a254      0x4  startup_stm32f746xx.o [1]
  .text               ro code  0x0802a258      0x4  startup_stm32f746xx.o [1]
  .text               ro code  0x0802a25c      0x4  startup_stm32f746xx.o [1]
  .text               ro code  0x0802a260      0x4  startup_stm32f746xx.o [1]
  .text               ro code  0x0802a264      0x4  startup_stm32f746xx.o [1]
  .text               ro code  0x0802a268      0x4  startup_stm32f746xx.o [1]
  .text               ro code  0x0802a26c      0x4  startup_stm32f746xx.o [1]
  .text               ro code  0x0802a270      0x4  startup_stm32f746xx.o [1]
  .text               ro code  0x0802a274      0x4  startup_stm32f746xx.o [1]
  .text               ro code  0x0802a278      0x4  startup_stm32f746xx.o [1]
  .text               ro code  0x0802a27c      0x4  startup_stm32f746xx.o [1]
  .text               ro code  0x0802a280      0x4  startup_stm32f746xx.o [1]
  .text               ro code  0x0802a284      0x4  startup_stm32f746xx.o [1]
  .text               ro code  0x0802a288      0x4  startup_stm32f746xx.o [1]
  .text               ro code  0x0802a28c      0x4  startup_stm32f746xx.o [1]
  .text               ro code  0x0802a290      0x4  startup_stm32f746xx.o [1]
  .text               ro code  0x0802a294      0x4  startup_stm32f746xx.o [1]
  .text               ro code  0x0802a298      0x4  startup_stm32f746xx.o [1]
  .text               ro code  0x0802a29c      0x4  startup_stm32f746xx.o [1]
  .text               ro code  0x0802a2a0      0x4  startup_stm32f746xx.o [1]
  .text               ro code  0x0802a2a4      0x4  startup_stm32f746xx.o [1]
  .text               ro code  0x0802a2a8      0x4  startup_stm32f746xx.o [1]
  .text               ro code  0x0802a2ac      0x4  startup_stm32f746xx.o [1]
  .text               ro code  0x0802a2b0      0x4  startup_stm32f746xx.o [1]
  .text               ro code  0x0802a2b4      0x4  startup_stm32f746xx.o [1]
  .text               ro code  0x0802a2b8      0x4  startup_stm32f746xx.o [1]
  .text               ro code  0x0802a2bc      0x4  startup_stm32f746xx.o [1]
  .text               ro code  0x0802a2c0      0x4  startup_stm32f746xx.o [1]
  .text               ro code  0x0802a2c4      0x4  startup_stm32f746xx.o [1]
  .text               ro code  0x0802a2c8      0x4  startup_stm32f746xx.o [1]
  .text               ro code  0x0802a2cc      0x4  startup_stm32f746xx.o [1]
  .text               ro code  0x0802a2d0      0x4  startup_stm32f746xx.o [1]
  .text               ro code  0x0802a2d4      0x4  startup_stm32f746xx.o [1]
  .text               ro code  0x0802a2d8      0x4  startup_stm32f746xx.o [1]
  .text               ro code  0x0802a2dc      0x4  startup_stm32f746xx.o [1]
  .text               ro code  0x0802a2e0      0x4  startup_stm32f746xx.o [1]
  .text               ro code  0x0802a2e4      0x4  startup_stm32f746xx.o [1]
  .text               ro code  0x0802a2e8      0x4  startup_stm32f746xx.o [1]
  .text               ro code  0x0802a2ec      0x4  startup_stm32f746xx.o [1]
  .text               ro code  0x0802a2f0      0x4  startup_stm32f746xx.o [1]
  .text               ro code  0x0802a2f4      0x4  startup_stm32f746xx.o [1]
  .rodata             const    0x0802a2f8      0x0  zero_init3.o [7]
  .rodata             const    0x0802a2f8      0x0  copy_init3.o [7]
  Initializer bytes   const    0x0802a2f8    0x428  <for P3 s0>
                             - 0x0802a720  0x2a558

"P3", part 1 of 3:                           0x428
  P3 s0                        0x20010000    0x428  <Init block>
    .data             inited   0x20010000    0x304  pdm_filter.o [5]
    .data             inited   0x20010304     0x50  sta321mp.o [1]
    .data             inited   0x20010354     0x38  usbd_audio_in.o [1]
    .data             inited   0x2001038c     0x24  sta321mp.o [1]
    .data             inited   0x200103b0     0x24  usbd_audio_if.o [1]
    .data             inited   0x200103d4     0x1c  usbd_desc.o [1]
    .data             inited   0x200103f0     0x14  usbd_desc.o [1]
    .data             inited   0x20010404      0xc  usbd_audio_in.o [1]
    .data             inited   0x20010410      0x8  XShttio.o [3]
    .data             inited   0x20010418      0x4  system_stm32f7xx.o [1]
    .data             inited   0x2001041c      0x4  usbd_desc.o [1]
    __DLIB_PERTHREAD  inited   0x20010420      0x4  errno.o [3]
    .data             inited   0x20010424      0x1  main.o [1]
    .data             inited   0x20010425      0x1  main.o [1]
    .data             inited   0x20010426      0x1  stm32746g_discovery_sdram.o [1]
    .data             inited   0x20010427      0x1  waveplayer _CS43L22.o [1]
                             - 0x20010428    0x428

"P3", part 2 of 3:                          0xfa88
  .bss                zero     0x20010428   0x2000  waverecorder.o [1]
  .bss                zero     0x20012428   0x2000  waverecorder.o [1]
  .bss                zero     0x20014428   0x2000  waverecorder.o [1]
  .bss                zero     0x20016428   0x2000  waverecorder.o [1]
  .bss                zero     0x20018428   0x2000  waverecorder.o [1]
  .bss                zero     0x2001a428   0x2000  waverecorder.o [1]
  .bss                zero     0x2001c428   0x2000  waverecorder.o [1]
  .bss                zero     0x2001e428    0x800  main.o [1]
  .bss                zero     0x2001ec28    0x3c0  usbd_conf_f4.o [1]
  .bss                zero     0x2001efe8    0x224  main.o [1]
  .bss                zero     0x2001f20c    0x1d8  dlmalloc.o [3]
  .bss                zero     0x2001f3e4    0x180  usbd_audio_in.o [1]
  .bss                zero     0x2001f564     0xc8  usbd_desc.o [1]
  .bss                zero     0x2001f62c     0x80  waverecorder.o [1]
  .bss                zero     0x2001f6ac     0x80  waverecorder.o [1]
  .bss                zero     0x2001f72c     0x78  usbd_audio_in.o [1]
  .bss                zero     0x2001f7a4     0x70  main.o [1]
  .bss                zero     0x2001f814     0x68  waverecorder.o [1]
  .bss                zero     0x2001f87c     0x64  main.o [1]
  .bss                zero     0x2001f8e0     0x64  usbd_audio_in.o [1]
  .bss                zero     0x2001f944     0x64  waverecorder.o [1]
  .bss                zero     0x2001f9a8     0x64  waverecorder.o [1]
  .bss                zero     0x2001fa0c     0x50  audio_codec.o [1]
  .bss                zero     0x2001fa5c     0x50  stm32746g_discovery_sdram.o [1]
  .bss                zero     0x2001faac     0x50  waverecorder.o [1]
  .bss                zero     0x2001fafc     0x50  waverecorder.o [1]
  .bss                zero     0x2001fb4c     0x40  waveplayer _CS43L22.o [1]
  .bss                zero     0x2001fb8c     0x40  waverecorder.o [1]
  .bss                zero     0x2001fbcc     0x40  waverecorder.o [1]
  .bss                zero     0x2001fc0c     0x3c  audio_codec.o [1]
  .bss                zero     0x2001fc48     0x3c  audio_codec.o [1]
  .bss                zero     0x2001fc84     0x34  stm32746g_discovery_sdram.o [1]
  .bss                zero     0x2001fcb8     0x20  waverecorder.o [1]
  .bss                zero     0x2001fcd8     0x1c  stm32746g_discovery_sdram.o [1]
  .bss                zero     0x2001fcf4     0x18  main.o [1]
  .bss                zero     0x2001fd0c     0x18  main.o [1]
  .bss                zero     0x2001fd24     0x18  main.o [1]
  .bss                zero     0x2001fd3c     0x18  main.o [1]
  .bss                zero     0x2001fd54     0x18  main.o [1]
  .bss                zero     0x2001fd6c     0x18  main.o [1]
  .bss                zero     0x2001fd84     0x18  dlmalloc.o [3]
  .bss                zero     0x2001fd9c     0x14  main.o [1]
  .bss                zero     0x2001fdb0     0x14  main.o [1]
  .bss                zero     0x2001fdc4     0x14  main.o [1]
  .bss                zero     0x2001fdd8     0x14  main.o [1]
  .bss                zero     0x2001fdec     0x14  main.o [1]
  .bss                zero     0x2001fe00     0x14  main.o [1]
  .bss                zero     0x2001fe14     0x10  sta321mp.o [1]
  .bss                zero     0x2001fe24     0x10  stm32746g_discovery_sdram.o [1]
  .bss                zero     0x2001fe34      0x4  DSP.o [1]
  .bss                zero     0x2001fe38      0x4  stm32f7xx_hal.o [1]
  .bss                zero     0x2001fe3c      0x4  stm32f7xx_it.o [1]
  .bss                zero     0x2001fe40      0x4  waveplayer _CS43L22.o [1]
  .bss                zero     0x2001fe44      0x4  waverecorder.o [1]
  .bss                zero     0x2001fe48      0x4  waverecorder.o [1]
  .bss                zero     0x2001fe4c      0x4  xgetmemchunk.o [3]
  .bss                zero     0x2001fe50      0x2  main.o [1]
  .bss                zero     0x2001fe52      0x2  main.o [1]
  .bss                zero     0x2001fe54      0x2  main.o [1]
  .bss                zero     0x2001fe56      0x2  main.o [1]
  .bss                zero     0x2001fe58      0x2  main.o [1]
  .bss                zero     0x2001fe5a      0x2  main.o [1]
  .bss                zero     0x2001fe5c      0x2  main.o [1]
  .bss                zero     0x2001fe5e      0x2  main.o [1]
  .bss                zero     0x2001fe60      0x2  main.o [1]
  .bss                zero     0x2001fe62      0x2  main.o [1]
  .bss                zero     0x2001fe64      0x2  main.o [1]
  .bss                zero     0x2001fe66      0x2  main.o [1]
  .bss                zero     0x2001fe68      0x2  main.o [1]
  .bss                zero     0x2001fe6a      0x2  main.o [1]
  .bss                zero     0x2001fe6c      0x2  main.o [1]
  .bss                zero     0x2001fe6e      0x2  main.o [1]
  .bss                zero     0x2001fe70      0x2  sta321mp.o [1]
  .bss                zero     0x2001fe72      0x2  usbd_audio_in.o [1]
  .bss                zero     0x2001fe74      0x2  waverecorder.o [1]
  .bss                zero     0x2001fe76      0x2  waverecorder.o [1]
  .bss                zero     0x2001fe78      0x2  waverecorder.o [1]
  .bss                zero     0x2001fe7a      0x2  waverecorder.o [1]
  .bss                zero     0x2001fe7c      0x2  waverecorder.o [1]
  .bss                zero     0x2001fe7e      0x2  waverecorder.o [1]
  .bss                zero     0x2001fe80      0x2  waverecorder.o [1]
  .bss                zero     0x2001fe82      0x2  waverecorder.o [1]
  .bss                zero     0x2001fe84      0x2  waverecorder.o [1]
  .bss                zero     0x2001fe86      0x2  waverecorder.o [1]
  .bss                zero     0x2001fe88      0x2  waverecorder.o [1]
  .bss                zero     0x2001fe8a      0x2  waverecorder.o [1]
  .bss                zero     0x2001fe8c      0x2  waverecorder.o [1]
  .bss                zero     0x2001fe8e      0x2  waverecorder.o [1]
  .bss                zero     0x2001fe90      0x2  waverecorder.o [1]
  .bss                zero     0x2001fe92      0x2  waverecorder.o [1]
  .bss                zero     0x2001fe94      0x2  waverecorder.o [1]
  .bss                zero     0x2001fe96      0x2  waverecorder.o [1]
  .bss                zero     0x2001fe98      0x1  audio_application.o [1]
  .bss                zero     0x2001fe99      0x1  main.o [1]
  .bss                zero     0x2001fe9a      0x1  main.o [1]
  .bss                zero     0x2001fe9b      0x1  main.o [1]
  .bss                zero     0x2001fe9c      0x1  main.o [1]
  .bss                zero     0x2001fe9d      0x1  main.o [1]
  .bss                zero     0x2001fe9e      0x1  main.o [1]
  .bss                zero     0x2001fe9f      0x1  usbd_ctlreq.o [1]
  .bss                zero     0x2001fea0      0x1  waverecorder.o [1]
  .bss                zero     0x2001fea1      0x1  waverecorder.o [1]
  .bss                zero     0x2001fea2      0x1  waverecorder.o [1]
  .bss                zero     0x2001fea3      0x1  waverecorder.o [1]
  .bss                zero     0x2001fea4      0x1  waverecorder.o [1]
  .bss                zero     0x2001fea5      0x1  waverecorder.o [1]
  .bss                zero     0x2001fea6      0x1  waverecorder.o [1]
  .bss                zero     0x2001fea7      0x1  waverecorder.o [1]
  .bss                zero     0x2001fea8      0x1  waverecorder.o [1]
  .bss                zero     0x2001fea9      0x1  waverecorder.o [1]
  .bss                zero     0x2001feaa      0x1  waverecorder.o [1]
  .bss                zero     0x2001feab      0x1  waverecorder.o [1]
  .bss                zero     0x2001feac      0x1  waverecorder.o [1]
  .bss                zero     0x2001fead      0x1  waverecorder.o [1]
                             - 0x2001feae   0xfa86

"P3", part 3 of 3:                          0x4000
  CSTACK                       0x2001feb0   0x2000  <Block>
    CSTACK            uninit   0x2001feb0   0x2000  <Block tail>
  HEAP                         0x20021eb0   0x2000  <Block>
    HEAP              uninit   0x20021eb0   0x2000  <Block tail>
                             - 0x20023eb0   0x4000

Absolute sections:                         0x1a1e0
  .bss                zero     0xc0000000   0x80a0  waverecorder.o [1]
  .bss                zero     0xc00080a0   0x80a0  waverecorder.o [1]
  .bss                zero     0xc0010140   0x80a0  waverecorder.o [1]
  .bss                zero     0xc00181e0   0x1000  audio_application.o [1]
  .bss                zero     0xc00191e0   0x1000  audio_application.o [1]
                             - 0xc001a1e0  0x1a1e0


*******************************************************************************
*** INIT TABLE
***

          Address     Size
          -------     ----
Zero (__iar_zero_init3)
    2 destination ranges, total size 0x29c66:
          0x20010428   0xfa86
          0xc0000000  0x1a1e0

Copy (__iar_copy_init3)
    1 source range, total size 0x428:
          0x0802a2f8    0x428
    1 destination range, total size 0x428:
          0x20010000    0x428



*******************************************************************************
*** MODULE SUMMARY
***

    Module                       ro code  ro data  rw data  rw data
                                                             (abs)
    ------                       -------  -------  -------  -------
D:\sop1hc\Github\data\Mic_Array_V00\USB_STREAMING\Mic_Array\Projects\STM32746G\Applications\Audio\Mic_Array\EWARM\STM32F7\Obj: [1]
    DSP.o                            278                 4
    audio_application.o            2 508                 1    8 192
    audio_codec.o                  3 428               200
    main.o                         2 884        2    3 112
    sta321mp.o                     2 320      116      134
    startup_stm32f746xx.o            780
    stm32746g_discovery.o            280        8
    stm32746g_discovery_sdram.o      876        1      177
    stm32f7xx_hal.o                  124                 4
    stm32f7xx_hal_cortex.o           356
    stm32f7xx_hal_dma.o           14 684
    stm32f7xx_hal_gpio.o             620
    stm32f7xx_hal_i2c.o            2 428
    stm32f7xx_hal_i2s.o              420
    stm32f7xx_hal_pcd.o            2 682
    stm32f7xx_hal_pcd_ex.o           152
    stm32f7xx_hal_pwr_ex.o           132
    stm32f7xx_hal_rcc.o            2 160       16
    stm32f7xx_hal_rcc_ex.o         2 208
    stm32f7xx_hal_sdram.o            172
    stm32f7xx_hal_spi.o            2 130
    stm32f7xx_hal_uart.o             874
    stm32f7xx_it.o                   124                 4
    stm32f7xx_ll_fmc.o               380
    stm32f7xx_ll_usb.o             3 408
    system_stm32f7xx.o               108        4        4
    usbd_audio_if.o                  128      168       36
    usbd_audio_in.o                2 760       68      674
    usbd_conf_f4.o                   848               960
    usbd_core.o                      838
    usbd_ctlreq.o                  1 630                 1
    usbd_desc.o                      232      208      252
    usbd_ioreq.o                     188
    waveplayer _CS43L22.o                       1       69
    waverecorder.o                 6 824            58 282   98 784
    ---------------------------------------------------------------
    Total:                        59 964      592   63 914  106 976

command line: [2]
    ---------------------------------------------------------------
    Total:

dl7M_tlf.a: [3]
    XShttio.o                          8        8        8
    abort.o                            6
    abs.o                              8
    dlmalloc.o                     5 360               496
    errno.o                           12        4        4
    exit.o                             4
    low_level_init.o                   4
    xgetmemchunk.o                    44                 4
    xtls.o                             2
    ---------------------------------------------------------------
    Total:                         5 448       12      512

iar_cortexM7ls_math.a: [4]
    arm_cfft_radix4_init_f32.o       176
    arm_common_tables.o                    34 816
    arm_rfft_init_f32.o           32 888   32 768
    ---------------------------------------------------------------
    Total:                        33 064   67 584

libPDMFilter_CM7_IAR.a: [5]
    pdm_filter.o                   1 360      772      772
    ---------------------------------------------------------------
    Total:                         1 360      772      772

m7M_tls.a: [6]
    DblAdd.o                         232
    DblCmpEq.o                        32
    DblCmpGe.o                        46
    DblCmpLe.o                        46
    DblDiv.o                         598
    DblMul.o                         418
    DblSub.o                         384
    DblToFlt.o                       144
    DblToI32.o                        76
    FltCmpEq.o                        28
    FltCmpLe.o                        36
    FltMul.o                          18
    FltToDbl.o                        78
    I32ToDbl.o                        48
    U32ToFlt.o                        14
    fmod.o                           424
    fpinit_M.o                        34
    sqrt.o                           240
    xdint.o                          122
    xquad.o                          360
    xsin.o                         1 104
    ---------------------------------------------------------------
    Total:                         4 482

rt7M_tl.a: [7]
    ABImemcpy_unaligned.o            118
    ABImemset.o                      102
    cexit.o                           10
    cmain.o                           26
    copy_init3.o                      44
    cstartup_M.o                      12
    data_init.o                       40
    iarEdom.o                         12
    zero_init3.o                      64
    ---------------------------------------------------------------
    Total:                           428

shb_l.a: [8]
    exit.o                            20
    iarttio.o                         48
    ---------------------------------------------------------------
    Total:                            68

    Gaps                              34        4
    Linker created                             44   16 384
-------------------------------------------------------------------
    Grand Total:                 104 848   69 008   81 582  106 976


*******************************************************************************
*** ENTRY LIST
***

Entry                      Address    Size  Type      Object
-----                      -------    ----  ----      ------
.iar.init_table$$Base   0x0802a0e0           --   Gb  - Linker created -
.iar.init_table$$Limit  0x0802a10c           --   Gb  - Linker created -
?main                   0x0802a10d          Code  Gb  cmain.o [7]
APBAHBPrescTable        0x0802a150    0x10  Data  Gb  stm32f7xx_hal_rcc.o [1]
AUDIO_Desc              0x200103d4    0x1c  Data  Gb  usbd_desc.o [1]
AUDIO_REQ_GetCurrent    0x080230c3    0x30  Code  Lc  usbd_audio_in.o [1]
AUDIO_REQ_GetMaximum    0x0802305d    0x22  Code  Lc  usbd_audio_in.o [1]
AUDIO_REQ_GetMinimum    0x0802307f    0x22  Code  Lc  usbd_audio_in.o [1]
AUDIO_REQ_GetResolution
                        0x080230a1    0x22  Code  Lc  usbd_audio_in.o [1]
AUDIO_REQ_SetCurrent    0x080230f3    0x34  Code  Lc  usbd_audio_in.o [1]
AudioPlayerUpd          0x0801f243   0x976  Code  Gb  audio_application.o [1]
AudioUSBSend            0x0801f20d    0x36  Code  Gb  audio_application.o [1]
Audio_CommandMgr        0x08021779     0x6  Code  Lc  usbd_audio_if.o [1]
Audio_DeInit            0x08021723     0x6  Code  Lc  usbd_audio_if.o [1]
Audio_Init              0x0802171d     0x6  Code  Lc  usbd_audio_if.o [1]
Audio_MAL_Play          0x0802130d    0xbc  Code  Gb  audio_codec.o [1]
Audio_MuteCtl           0x08021767     0x6  Code  Lc  usbd_audio_if.o [1]
Audio_Pause             0x08021771     0x4  Code  Lc  usbd_audio_if.o [1]
Audio_Play_Out          0x080223d7    0xe2  Code  Lc  main.o [1]
Audio_Record            0x08021729     0x4  Code  Lc  usbd_audio_if.o [1]
Audio_Resume            0x08021775     0x4  Code  Lc  usbd_audio_if.o [1]
Audio_Stop              0x0802176d     0x4  Code  Lc  usbd_audio_if.o [1]
Audio_VolumeCtl         0x0802172d    0x3a  Code  Lc  usbd_audio_if.o [1]
BSP_AUDIO_OUT_ClockConfig
                        0x08022795    0x70  Code  Gb  main.o [1]
BSP_LED_Init            0x08023ec9    0xc8  Code  Gb  stm32746g_discovery.o [1]
BSP_LED_Toggle          0x08023f91    0x42  Code  Gb  stm32746g_discovery.o [1]
BSP_SDRAM_Init          0x08023b5d    0xd6  Code  Gb  stm32746g_discovery_sdram.o [1]
BSP_SDRAM_Initialization_sequence
                        0x08023c33    0xb0  Code  Gb  stm32746g_discovery_sdram.o [1]
BSP_SDRAM_MspInit       0x08023ce3   0x1a8  Code  Wk  stm32746g_discovery_sdram.o [1]
Buffer1                 0xc0000000  0x80a0  Data  Gb  waverecorder.o [1]
Buffer2                 0xc00080a0  0x80a0  Data  Gb  waverecorder.o [1]
Buffer3                 0xc0010140  0x80a0  Data  Gb  waverecorder.o [1]
BusFault_Handler        0x08029eff     0x2  Code  Gb  stm32f7xx_it.o [1]
ButtonInit              0x08022b0d    0x4e  Code  Gb  main.o [1]
CPU_CACHE_Enable        0x08022805     0xc  Code  Lc  main.o [1]
CSTACK$$Base            0x2001feb0           --   Gb  - Linker created -
CSTACK$$Limit           0x20021eb0           --   Gb  - Linker created -
Command                 0x2001fe24    0x10  Data  Lc  stm32746g_discovery_sdram.o [1]
Command_index           0x20010425     0x1  Data  Gb  main.o [1]
CrssCor                 0x08023a45    0xf6  Code  Gb  DSP.o [1]
DFT_Init                0x080229a5    0x5e  Code  Gb  main.o [1]
DMA1_Stream0_IRQHandler
                        0x080212cb     0x2  Code  Gb  audio_codec.o [1]
DMA1_Stream7_IRQHandler
                        0x080209b9   0x912  Code  Gb  audio_codec.o [1]
DMA2_Stream4_IRQHandler
                        0x08029f71     0x2  Code  Gb  stm32f7xx_it.o [1]
DMA2_Stream5_IRQHandler
                        0x0801d77f     0xc  Code  Gb  waverecorder.o [1]
DMA2_Stream6_IRQHandler
                        0x0801d78b     0xc  Code  Gb  waverecorder.o [1]
DMA2_Stream7_IRQHandler
                        0x08029f73     0x2  Code  Gb  stm32f7xx_it.o [1]
DMA_SetConfig           0x08018af1    0x2e  Code  Gb  stm32f7xx_hal_dma.o [1]
DebugMon_Handler        0x08029f05     0x2  Code  Gb  stm32f7xx_it.o [1]
DmaHandle               0x2001fa0c    0x50  Data  Gb  audio_codec.o [1]
EXTI15_10_IRQHandler    0x08022935     0x2  Code  Gb  main.o [1]
EXTI4_IRQHandler        0x080228f7    0x3e  Code  Gb  main.o [1]
EXTI9_5_IRQHandler      0x08022937    0x6e  Code  Gb  main.o [1]
EnergySound             0x2001fe34     0x4  Data  Gb  DSP.o [1]
FFT_Update              0x0802227b   0x15c  Code  Lc  main.o [1]
FMC_SDRAM_Init          0x08028b09    0x7c  Code  Gb  stm32f7xx_ll_fmc.o [1]
FMC_SDRAM_ProgramRefreshRate
                        0x08028c77     0xe  Code  Gb  stm32f7xx_ll_fmc.o [1]
FMC_SDRAM_SendCommand   0x08028c23    0x54  Code  Gb  stm32f7xx_ll_fmc.o [1]
FMC_SDRAM_Timing_Init   0x08028b85    0x9e  Code  Gb  stm32f7xx_ll_fmc.o [1]
FacMic                  0x2001fcf4    0x18  Data  Gb  main.o [1]
FactorUpd               0x08023b41    0x1a  Code  Gb  DSP.o [1]
Filter                  0x2001f814    0x68  Data  Gb  waverecorder.o [1]
GPIO_INS                0x2001fd9c    0x14  Data  Gb  main.o [1]
GPIO_PIN                0x0802a1bc     0x8  Data  Gb  stm32746g_discovery.o [1]
HAL_DMA_DeInit          0x08018ba1   0xfe8  Code  Gb  stm32f7xx_hal_dma.o [1]
HAL_DMA_IRQHandler      0x08019c61  0x2798  Code  Gb  stm32f7xx_hal_dma.o [1]
HAL_DMA_Init            0x08018b1f    0x7c  Code  Gb  stm32f7xx_hal_dma.o [1]
HAL_DMA_Start_IT        0x08019bd9    0x86  Code  Gb  stm32f7xx_hal_dma.o [1]
HAL_Delay               0x08020997    0x1a  Code  Wk  stm32f7xx_hal.o [1]
HAL_GPIO_Init           0x0801def5   0x1f6  Code  Gb  stm32f7xx_hal_gpio.o [1]
HAL_GPIO_ReadPin        0x0801e0eb    0x18  Code  Gb  stm32f7xx_hal_gpio.o [1]
HAL_GPIO_TogglePin      0x0801e117     0xa  Code  Gb  stm32f7xx_hal_gpio.o [1]
HAL_GPIO_WritePin       0x0801e103    0x14  Code  Gb  stm32f7xx_hal_gpio.o [1]
HAL_GetTick             0x08020991     0x6  Code  Wk  stm32f7xx_hal.o [1]
HAL_I2C_EV_IRQHandler   0x0802577d   0x12e  Code  Gb  stm32f7xx_hal_i2c.o [1]
HAL_I2C_ErrorCallback   0x080258b7     0x2  Code  Wk  stm32f7xx_hal_i2c.o [1]
HAL_I2C_Init            0x0802555d    0xbc  Code  Gb  stm32f7xx_hal_i2c.o [1]
HAL_I2C_MasterRxCpltCallback
                        0x080258ad     0x2  Code  Wk  stm32f7xx_hal_i2c.o [1]
HAL_I2C_MasterTxCpltCallback
                        0x080258ab     0x2  Code  Wk  stm32f7xx_hal_i2c.o [1]
HAL_I2C_Master_Transmit
                        0x08025619   0x15e  Code  Gb  stm32f7xx_hal_i2c.o [1]
HAL_I2C_MemRxCpltCallback
                        0x080258b5     0x2  Code  Wk  stm32f7xx_hal_i2c.o [1]
HAL_I2C_MemTxCpltCallback
                        0x080258b3     0x2  Code  Wk  stm32f7xx_hal_i2c.o [1]
HAL_I2C_MspInit         0x08022811    0xe6  Code  Gb  main.o [1]
HAL_I2C_SlaveRxCpltCallback
                        0x080258b1     0x2  Code  Wk  stm32f7xx_hal_i2c.o [1]
HAL_I2C_SlaveTxCpltCallback
                        0x080258af     0x2  Code  Wk  stm32f7xx_hal_i2c.o [1]
HAL_I2S_Init            0x0801ef05   0x126  Code  Gb  stm32f7xx_hal_i2s.o [1]
HAL_I2S_MspInit         0x080213ed   0x2f0  Code  Gb  audio_codec.o [1]
HAL_I2S_TxCpltCallback  0x08022bb9    0x22  Code  Gb  main.o [1]
HAL_IncTick             0x08020985     0xc  Code  Wk  stm32f7xx_hal.o [1]
HAL_Init                0x0802093d    0x22  Code  Gb  stm32f7xx_hal.o [1]
HAL_InitTick            0x08020961    0x24  Code  Wk  stm32f7xx_hal.o [1]
HAL_MspInit             0x0802095f     0x2  Code  Wk  stm32f7xx_hal.o [1]
HAL_NVIC_DisableIRQ     0x0801f1cd     0xe  Code  Gb  stm32f7xx_hal_cortex.o [1]
HAL_NVIC_EnableIRQ      0x0801f1bf     0xe  Code  Gb  stm32f7xx_hal_cortex.o [1]
HAL_NVIC_SetPriority    0x0801f199    0x26  Code  Gb  stm32f7xx_hal_cortex.o [1]
HAL_NVIC_SetPriorityGrouping
                        0x0801f18d     0xc  Code  Gb  stm32f7xx_hal_cortex.o [1]
HAL_PCDEx_ActivateLPM   0x08028aab    0x28  Code  Gb  stm32f7xx_hal_pcd_ex.o [1]
HAL_PCDEx_LPM_Callback  0x08028ad3     0x2  Code  Wk  stm32f7xx_hal_pcd_ex.o [1]
HAL_PCDEx_SetRxFiFo     0x08028a9f     0xc  Code  Gb  stm32f7xx_hal_pcd_ex.o [1]
HAL_PCDEx_SetTxFiFo     0x08028a3d    0x62  Code  Gb  stm32f7xx_hal_pcd_ex.o [1]
HAL_PCD_ConnectCallback
                        0x08026061     0xe  Code  Gb  usbd_conf_f4.o [1]
HAL_PCD_DataInStageCallback
                        0x08025fb9    0x1e  Code  Gb  usbd_conf_f4.o [1]
HAL_PCD_DataOutStageCallback
                        0x08025f99    0x20  Code  Gb  usbd_conf_f4.o [1]
HAL_PCD_DisconnectCallback
                        0x0802606f     0xe  Code  Gb  usbd_conf_f4.o [1]
HAL_PCD_EP_Close        0x080286ff    0x62  Code  Gb  stm32f7xx_hal_pcd.o [1]
HAL_PCD_EP_ClrStall     0x080288d9    0x62  Code  Gb  stm32f7xx_hal_pcd.o [1]
HAL_PCD_EP_Flush        0x0802893b    0x3c  Code  Gb  stm32f7xx_hal_pcd.o [1]
HAL_PCD_EP_Open         0x08028665    0x9a  Code  Gb  stm32f7xx_hal_pcd.o [1]
HAL_PCD_EP_Receive      0x08028761    0x82  Code  Gb  stm32f7xx_hal_pcd.o [1]
HAL_PCD_EP_SetStall     0x08028863    0x76  Code  Gb  stm32f7xx_hal_pcd.o [1]
HAL_PCD_EP_Transmit     0x080287e3    0x80  Code  Gb  stm32f7xx_hal_pcd.o [1]
HAL_PCD_IRQHandler      0x08028117   0x522  Code  Gb  stm32f7xx_hal_pcd.o [1]
HAL_PCD_ISOINIncompleteCallback
                        0x0802604d    0x14  Code  Gb  usbd_conf_f4.o [1]
HAL_PCD_ISOOUTIncompleteCallback
                        0x08026039    0x14  Code  Gb  usbd_conf_f4.o [1]
HAL_PCD_Init            0x08027fc1   0x12a  Code  Gb  stm32f7xx_hal_pcd.o [1]
HAL_PCD_MspInit         0x08025eff    0x88  Code  Gb  usbd_conf_f4.o [1]
HAL_PCD_ResetCallback   0x08025fe5    0x38  Code  Gb  usbd_conf_f4.o [1]
HAL_PCD_ResumeCallback  0x0802602b     0xe  Code  Gb  usbd_conf_f4.o [1]
HAL_PCD_SOFCallback     0x08025fd7     0xe  Code  Gb  usbd_conf_f4.o [1]
HAL_PCD_SetAddress      0x08028639    0x2c  Code  Gb  stm32f7xx_hal_pcd.o [1]
HAL_PCD_SetupStageCallback
                        0x08025f87    0x12  Code  Gb  usbd_conf_f4.o [1]
HAL_PCD_Start           0x080280eb    0x2c  Code  Gb  stm32f7xx_hal_pcd.o [1]
HAL_PCD_SuspendCallback
                        0x0802601d     0xe  Code  Gb  usbd_conf_f4.o [1]
HAL_PWREx_EnableOverDrive
                        0x08024c39    0x76  Code  Gb  stm32f7xx_hal_pwr_ex.o [1]
HAL_RCCEx_GetPeriphCLKConfig
                        0x08025365   0x1c6  Code  Gb  stm32f7xx_hal_rcc_ex.o [1]
HAL_RCCEx_PeriphCLKConfig
                        0x08024cbd   0x6a8  Code  Gb  stm32f7xx_hal_rcc_ex.o [1]
HAL_RCC_ClockConfig     0x08021e95   0x256  Code  Gb  stm32f7xx_hal_rcc.o [1]
HAL_RCC_GetHCLKFreq     0x0802218f    0x28  Code  Gb  stm32f7xx_hal_rcc.o [1]
HAL_RCC_GetSysClockFreq
                        0x080220eb    0xa4  Code  Gb  stm32f7xx_hal_rcc.o [1]
HAL_RCC_OscConfig       0x0802197d   0x518  Code  Gb  stm32f7xx_hal_rcc.o [1]
HAL_SDRAM_Init          0x08027f15    0x44  Code  Gb  stm32f7xx_hal_sdram.o [1]
HAL_SDRAM_MspInit       0x08027f59     0x2  Code  Wk  stm32f7xx_hal_sdram.o [1]
HAL_SDRAM_ProgramRefreshRate
                        0x08027f97    0x2a  Code  Gb  stm32f7xx_hal_sdram.o [1]
HAL_SDRAM_SendCommand   0x08027f5b    0x3c  Code  Gb  stm32f7xx_hal_sdram.o [1]
HAL_SPI_ErrorCallback   0x0801eaed     0x2  Code  Wk  stm32f7xx_hal_spi.o [1]
HAL_SPI_Init            0x0801e6b1    0xd8  Code  Gb  stm32f7xx_hal_spi.o [1]
HAL_SPI_MspInit         0x0801d169   0x5ca  Code  Gb  waverecorder.o [1]
HAL_SPI_Receive_DMA     0x0801e789   0x14c  Code  Gb  stm32f7xx_hal_spi.o [1]
HAL_SPI_RxCpltCallback  0x0801d7bd   0x2c0  Code  Gb  waverecorder.o [1]
HAL_SPI_RxHalfCpltCallback
                        0x0801eae9     0x2  Code  Wk  stm32f7xx_hal_spi.o [1]
HAL_SPI_TransmitReceive_DMA
                        0x0801e8d5   0x212  Code  Gb  stm32f7xx_hal_spi.o [1]
HAL_SPI_TxRxCpltCallback
                        0x0801eae7     0x2  Code  Wk  stm32f7xx_hal_spi.o [1]
HAL_SPI_TxRxHalfCpltCallback
                        0x0801eaeb     0x2  Code  Wk  stm32f7xx_hal_spi.o [1]
HAL_SYSTICK_Config      0x0801f1db     0xc  Code  Gb  stm32f7xx_hal_cortex.o [1]
HAL_UART_ErrorCallback  0x08029bfb     0x2  Code  Wk  stm32f7xx_hal_uart.o [1]
HAL_UART_IRQHandler     0x08029a21    0xf8  Code  Gb  stm32f7xx_hal_uart.o [1]
HAL_UART_RxCpltCallback
                        0x08029bf9     0x2  Code  Wk  stm32f7xx_hal_uart.o [1]
HAL_UART_TxCpltCallback
                        0x08029bf7     0x2  Code  Wk  stm32f7xx_hal_uart.o [1]
HEAP$$Base              0x20021eb0           --   Gb  - Linker created -
HEAP$$Limit             0x20023eb0           --   Gb  - Linker created -
HardFault_Handler       0x08029efb     0x2  Code  Gb  stm32f7xx_it.o [1]
I2C1_EV_IRQHandler      0x08029f3b     0xa  Code  Gb  stm32f7xx_it.o [1]
I2C2_EV_IRQHandler      0x08029f45     0xa  Code  Gb  stm32f7xx_it.o [1]
I2C_IsAcknowledgeFailed
                        0x08025e07    0x9e  Code  Lc  stm32f7xx_hal_i2c.o [1]
I2C_MasterReceive_ISR   0x08025a0d   0x152  Code  Lc  stm32f7xx_hal_i2c.o [1]
I2C_MasterTransmit_ISR  0x080258b9   0x152  Code  Lc  stm32f7xx_hal_i2c.o [1]
I2C_SlaveReceive_ISR    0x08025c21    0xae  Code  Lc  stm32f7xx_hal_i2c.o [1]
I2C_SlaveTransmit_ISR   0x08025b5f    0xc2  Code  Lc  stm32f7xx_hal_i2c.o [1]
I2C_TransferConfig      0x08025ea5    0x2a  Code  Lc  stm32f7xx_hal_i2c.o [1]
I2C_WaitOnFlagUntilTimeout
                        0x08025cd5    0x8e  Code  Lc  stm32f7xx_hal_i2c.o [1]
I2C_WaitOnSTOPFlagUntilTimeout
                        0x08025db7    0x50  Code  Lc  stm32f7xx_hal_i2c.o [1]
I2C_WaitOnTXISFlagUntilTimeout
                        0x08025d63    0x54  Code  Lc  stm32f7xx_hal_i2c.o [1]
I2S1_Init               0x0801ce17    0x5e  Code  Lc  waverecorder.o [1]
I2S1_stPosShft          0x2001fea5     0x1  Data  Gb  waverecorder.o [1]
I2S2_Init               0x0801ce77    0x5e  Code  Lc  waverecorder.o [1]
I2S2_idxTmp             0x2001fe54     0x2  Data  Gb  main.o [1]
I2S2_stNipple           0x2001fe8e     0x2  Data  Gb  waverecorder.o [1]
I2S2_stPosShft          0x2001fea6     0x1  Data  Gb  waverecorder.o [1]
I2S_GetClockFreq        0x0801f02b    0x66  Code  Lc  stm32f7xx_hal_i2s.o [1]
IS                      0x2001fd6c    0x18  Data  Gb  main.o [1]
ISS                     0x2001fe00    0x14  Data  Gb  main.o [1]
IsocInBuffDummy         0x2001f3e4   0x180  Data  Lc  usbd_audio_in.o [1]
MIC1TO6_Init            0x0801cd89    0x8e  Code  Gb  waverecorder.o [1]
MX_I2C2_Init            0x08022b61    0x50  Code  Gb  main.o [1]
MemManage_Handler       0x08029efd     0x2  Code  Gb  stm32f7xx_it.o [1]
NMI_Handler             0x08029ef9     0x2  Code  Gb  stm32f7xx_it.o [1]
NVIC_DisableIRQ         0x0801f0e5    0x14  Code  Lc  stm32f7xx_hal_cortex.o [1]
NVIC_EnableIRQ          0x0801f0d1    0x14  Code  Lc  stm32f7xx_hal_cortex.o [1]
NVIC_EncodePriority     0x0801f11f    0x3e  Code  Lc  stm32f7xx_hal_cortex.o [1]
NVIC_GetPriorityGrouping
                        0x0801f0c7     0xa  Code  Lc  stm32f7xx_hal_cortex.o [1]
NVIC_SetPriority        0x0801f0f9    0x26  Code  Lc  stm32f7xx_hal_cortex.o [1]
NVIC_SetPriority        0x08025ed9    0x26  Code  Lc  usbd_conf_f4.o [1]
NVIC_SetPriorityGrouping
                        0x0801f0a9    0x1e  Code  Lc  stm32f7xx_hal_cortex.o [1]
OTG_FS_IRQHandler       0x08029f4f     0xa  Code  Gb  stm32f7xx_it.o [1]
PCD_WriteEmptyTxFifo    0x08028977    0xc4  Code  Lc  stm32f7xx_hal_pcd.o [1]
PCM_Buffer1             0xc00181e0  0x1000  Data  Gb  audio_application.o [1]
PCM_Buffer2             0xc00191e0  0x1000  Data  Gb  audio_application.o [1]
PDM2PCMSDO78            0x0801daad   0x3ae  Code  Gb  waverecorder.o [1]
PDM_Filter_64_LSB       0x0801e361   0x31e  Code  Gb  pdm_filter.o [5]
PDM_Filter_Init         0x0801e161   0x1fe  Code  Gb  pdm_filter.o [5]
PendSV_Handler          0x08029f07     0x2  Code  Gb  stm32f7xx_it.o [1]
Region$$Table$$Base     0x0802a0e0           --   Gb  - Linker created -
Region$$Table$$Limit    0x0802a10c           --   Gb  - Linker created -
S1                      0x2001fd0c    0x18  Data  Gb  main.o [1]
S2                      0x2001fd24    0x18  Data  Gb  main.o [1]
S3                      0x2001fd3c    0x18  Data  Gb  main.o [1]
S4                      0x2001fd54    0x18  Data  Gb  main.o [1]
SCB_EnableDCache        0x08022217    0x64  Code  Lc  main.o [1]
SCB_EnableICache        0x080221ed    0x2a  Code  Lc  main.o [1]
SPI1_IRQHandler         0x0801c44d   0x234  Code  Gb  waverecorder.o [1]
SPI1_stNipple           0x2001fe8c     0x2  Data  Gb  waverecorder.o [1]
SPI2_IRQHandler         0x0801c681   0x23e  Code  Gb  waverecorder.o [1]
SPI3_IRQHandler         0x080212cd     0xa  Code  Gb  audio_codec.o [1]
SPI4_IRQHandler         0x0801c8bf   0x2fe  Code  Gb  waverecorder.o [1]
SPI4_Init               0x0801cedd    0x7c  Code  Gb  waverecorder.o [1]
SPI4_stNipple           0x2001fe90     0x2  Data  Gb  waverecorder.o [1]
SPI4_stPosShft          0x2001fea7     0x1  Data  Gb  waverecorder.o [1]
SPI5_IRQHandler         0x0801cbbd    0xec  Code  Gb  waverecorder.o [1]
SPI5_Init               0x0801cf71    0xfe  Code  Gb  waverecorder.o [1]
SPI6_IRQHandler         0x0801cca9    0xe0  Code  Gb  waverecorder.o [1]
SPI6_Init               0x0801d081    0x7c  Code  Gb  waverecorder.o [1]
SPI_DMAError            0x0801ecc5    0x28  Code  Lc  stm32f7xx_hal_spi.o [1]
SPI_DMAHalfReceiveCplt  0x0801eca5     0xe  Code  Lc  stm32f7xx_hal_spi.o [1]
SPI_DMAHalfTransmitReceiveCplt
                        0x0801ecb5     0xe  Code  Lc  stm32f7xx_hal_spi.o [1]
SPI_DMAReceiveCplt      0x0801eaf1    0xe4  Code  Lc  stm32f7xx_hal_spi.o [1]
SPI_DMATransmitReceiveCplt
                        0x0801ebd5    0xd0  Code  Lc  stm32f7xx_hal_spi.o [1]
SPI_EndRxTransaction    0x0801ee39    0x68  Code  Lc  stm32f7xx_hal_spi.o [1]
SPI_EndRxTxTransaction  0x0801eea1    0x62  Code  Lc  stm32f7xx_hal_spi.o [1]
SPI_I2S_ReceiveData     0x0801d779     0x6  Code  Lc  waverecorder.o [1]
SPI_WaitFifoStateUntilTimeout
                        0x0801ed87    0xb2  Code  Lc  stm32f7xx_hal_spi.o [1]
SPI_WaitFlagStateUntilTimeout
                        0x0801eced    0x9a  Code  Lc  stm32f7xx_hal_spi.o [1]
SS1                     0x2001fdb0    0x14  Data  Gb  main.o [1]
SS2                     0x2001fdc4    0x14  Data  Gb  main.o [1]
SS3                     0x2001fdd8    0x14  Data  Gb  main.o [1]
SS4                     0x2001fdec    0x14  Data  Gb  main.o [1]
STA321MP_DefautLoad     0x08024893    0x2c  Code  Lc  sta321mp.o [1]
STA321MP_Ini            0x08023fe1   0x254  Code  Gb  sta321mp.o [1]
STACoefSet              0x08024291   0x332  Code  Gb  sta321mp.o [1]
SVC_Handler             0x08029f03     0x2  Code  Gb  stm32f7xx_it.o [1]
Send_Audio_to_USB       0x0802177f    0x14  Code  Gb  usbd_audio_if.o [1]
SetCoefValue            0x08024671    0x6a  Code  Gb  sta321mp.o [1]
SumDelay                0x08022a03   0x10a  Code  Gb  main.o [1]
SysTick_Config          0x0801f15d    0x30  Code  Lc  stm32f7xx_hal_cortex.o [1]
SysTick_Handler         0x08029f09    0x26  Code  Gb  stm32f7xx_it.o [1]
SystemClock_Config      0x080226e5    0xb0  Code  Lc  main.o [1]
SystemCoreClock         0x20010418     0x4  Data  Gb  system_stm32f7xx.o [1]
SystemInit              0x08029f75    0x4c  Code  Gb  system_stm32f7xx.o [1]
T0                      0x20010004   0x100  Data  Gb  pdm_filter.o [5]
T1                      0x20010104   0x100  Data  Gb  pdm_filter.o [5]
T2                      0x20010204   0x100  Data  Gb  pdm_filter.o [5]
TestSDO12               0x20010428  0x2000  Data  Gb  waverecorder.o [1]
TestSDO34               0x20012428  0x2000  Data  Gb  waverecorder.o [1]
TestSDO56               0x20014428  0x2000  Data  Gb  waverecorder.o [1]
TestSDO7                0x20016428  0x2000  Data  Gb  waverecorder.o [1]
TestSDO7_1              0x2001a428  0x2000  Data  Gb  waverecorder.o [1]
TestSDO8                0x20018428  0x2000  Data  Gb  waverecorder.o [1]
TestSDO8_1              0x2001c428  0x2000  Data  Gb  waverecorder.o [1]
Timing                  0x2001fcd8    0x1c  Data  Lc  stm32746g_discovery_sdram.o [1]
UART_EndTransmit_IT     0x08029ca9    0x3c  Code  Lc  stm32f7xx_hal_uart.o [1]
UART_Receive_IT         0x08029ce5    0xa6  Code  Lc  stm32f7xx_hal_uart.o [1]
UART_Transmit_IT        0x08029bfd    0xac  Code  Lc  stm32f7xx_hal_uart.o [1]
UART_WaitOnFlagUntilTimeout
                        0x08029b19    0xde  Code  Gb  stm32f7xx_hal_uart.o [1]
USART3_IRQHandler       0x08029f31     0xa  Code  Gb  stm32f7xx_it.o [1]
USART6_IRQHandler       0x08029f2f     0x2  Code  Gb  stm32f7xx_it.o [1]
USBD_AUDIO              0x20010354    0x38  Data  Gb  usbd_audio_in.o [1]
USBD_AUDIO_CfgDesc      0x2001f72c    0x78  Data  Lc  usbd_audio_in.o [1]
USBD_AUDIO_ConfigStrDescriptor
                        0x08029e01    0x26  Code  Gb  usbd_desc.o [1]
USBD_AUDIO_DataIn       0x08022ecd   0x122  Code  Lc  usbd_audio_in.o [1]
USBD_AUDIO_DataOut      0x0802304b     0x6  Code  Lc  usbd_audio_in.o [1]
USBD_AUDIO_Data_Transfer
                        0x08023127   0x186  Code  Gb  usbd_audio_in.o [1]
USBD_AUDIO_DeInit       0x08022db7    0x2c  Code  Lc  usbd_audio_in.o [1]
USBD_AUDIO_DeviceDescriptor
                        0x08029d8d     0xa  Code  Gb  usbd_desc.o [1]
USBD_AUDIO_DeviceQualifierDesc
                        0x20010404     0xc  Data  Lc  usbd_audio_in.o [1]
USBD_AUDIO_EP0_RxReady  0x08022fef    0x44  Code  Lc  usbd_audio_in.o [1]
USBD_AUDIO_EP0_TxReady  0x08023033     0x6  Code  Lc  usbd_audio_in.o [1]
USBD_AUDIO_GetCfgDesc   0x08022ec1     0xc  Code  Lc  usbd_audio_in.o [1]
USBD_AUDIO_GetDeviceQualifierDesc
                        0x08023051     0xc  Code  Lc  usbd_audio_in.o [1]
USBD_AUDIO_Init         0x08022d39    0x7e  Code  Lc  usbd_audio_in.o [1]
USBD_AUDIO_Init_Microphone_Descriptor
                        0x080232bb   0x52e  Code  Gb  usbd_audio_in.o [1]
USBD_AUDIO_InterfaceStrDescriptor
                        0x08029e27    0x26  Code  Gb  usbd_desc.o [1]
USBD_AUDIO_IsoINIncomplete
                        0x0802303f     0x6  Code  Lc  usbd_audio_in.o [1]
USBD_AUDIO_IsoOutIncomplete
                        0x08023045     0x6  Code  Lc  usbd_audio_in.o [1]
USBD_AUDIO_LangIDStrDescriptor
                        0x08029d97     0xa  Code  Gb  usbd_desc.o [1]
USBD_AUDIO_ManufacturerStrDescriptor
                        0x08029dc7    0x14  Code  Gb  usbd_desc.o [1]
USBD_AUDIO_ProductStrDescriptor
                        0x08029da1    0x26  Code  Gb  usbd_desc.o [1]
USBD_AUDIO_RegisterInterface
                        0x080232ad     0xe  Code  Gb  usbd_audio_in.o [1]
USBD_AUDIO_SOF          0x08023039     0x6  Code  Lc  usbd_audio_in.o [1]
USBD_AUDIO_SerialStrDescriptor
                        0x08029ddb    0x26  Code  Gb  usbd_desc.o [1]
USBD_AUDIO_Setup        0x08022de3    0xde  Code  Lc  usbd_audio_in.o [1]
USBD_AUDIO_fops         0x200103b0    0x24  Data  Gb  usbd_audio_if.o [1]
USBD_ClrClassConfig     0x08024983    0x18  Code  Gb  usbd_core.o [1]
USBD_ClrFeature         0x080267b3    0x3a  Code  Lc  usbd_ctlreq.o [1]
USBD_CtlContinueRx      0x080268f5    0x1a  Code  Gb  usbd_ioreq.o [1]
USBD_CtlContinueSendData
                        0x080268af    0x1a  Code  Gb  usbd_ioreq.o [1]
USBD_CtlError           0x08026815    0x18  Code  Gb  usbd_ctlreq.o [1]
USBD_CtlPrepareRx       0x080268c9    0x2c  Code  Gb  usbd_ioreq.o [1]
USBD_CtlReceiveStatus   0x08026929    0x1a  Code  Gb  usbd_ioreq.o [1]
USBD_CtlSendData        0x08026887    0x28  Code  Gb  usbd_ioreq.o [1]
USBD_CtlSendStatus      0x0802690f    0x1a  Code  Gb  usbd_ioreq.o [1]
USBD_GetConfig          0x08026705    0x4c  Code  Lc  usbd_ctlreq.o [1]
USBD_GetDescriptor      0x08026461   0x164  Code  Lc  usbd_ctlreq.o [1]
USBD_GetLen             0x08026873    0x14  Code  Lc  usbd_ctlreq.o [1]
USBD_GetStatus          0x08026751    0x3c  Code  Lc  usbd_ctlreq.o [1]
USBD_GetString          0x0802682d    0x46  Code  Gb  usbd_ctlreq.o [1]
USBD_Init               0x080248f1    0x38  Code  Gb  usbd_core.o [1]
USBD_LL_ClearStallEP    0x0802618d    0x16  Code  Gb  usbd_conf_f4.o [1]
USBD_LL_CloseEP         0x0802614b    0x16  Code  Gb  usbd_conf_f4.o [1]
USBD_LL_DataInStage     0x08024a93    0xe2  Code  Gb  usbd_core.o [1]
USBD_LL_DataOutStage    0x08024a05    0x8e  Code  Gb  usbd_core.o [1]
USBD_LL_DevConnected    0x08024c15     0x6  Code  Gb  usbd_core.o [1]
USBD_LL_DevDisconnected
                        0x08024c1b    0x1c  Code  Gb  usbd_core.o [1]
USBD_LL_FlushEP         0x08026161    0x16  Code  Gb  usbd_conf_f4.o [1]
USBD_LL_Init            0x0802607d    0x7e  Code  Gb  usbd_conf_f4.o [1]
USBD_LL_IsStallEP       0x080261a3    0x30  Code  Gb  usbd_conf_f4.o [1]
USBD_LL_IsoINIncomplete
                        0x08024c09     0x6  Code  Gb  usbd_core.o [1]
USBD_LL_IsoOUTIncomplete
                        0x08024c0f     0x6  Code  Gb  usbd_core.o [1]
USBD_LL_OpenEP          0x08026129    0x22  Code  Gb  usbd_conf_f4.o [1]
USBD_LL_PrepareReceive  0x08026209    0x20  Code  Gb  usbd_conf_f4.o [1]
USBD_LL_Reset           0x08024b75    0x46  Code  Gb  usbd_core.o [1]
USBD_LL_Resume          0x08024bd7     0xe  Code  Gb  usbd_core.o [1]
USBD_LL_SOF             0x08024be5    0x24  Code  Gb  usbd_core.o [1]
USBD_LL_SetSpeed        0x08024bbb     0x8  Code  Gb  usbd_core.o [1]
USBD_LL_SetUSBAddress   0x080261d3    0x16  Code  Gb  usbd_conf_f4.o [1]
USBD_LL_SetupStage      0x0802499b    0x6a  Code  Gb  usbd_core.o [1]
USBD_LL_StallEP         0x08026177    0x16  Code  Gb  usbd_conf_f4.o [1]
USBD_LL_Start           0x08026119    0x10  Code  Gb  usbd_conf_f4.o [1]
USBD_LL_Suspend         0x08024bc3    0x14  Code  Gb  usbd_core.o [1]
USBD_LL_Transmit        0x080261e9    0x20  Code  Gb  usbd_conf_f4.o [1]
USBD_LangIDDesc         0x2001041c     0x4  Data  Gb  usbd_desc.o [1]
USBD_ParseSetupRequest  0x080267ed    0x28  Code  Gb  usbd_ctlreq.o [1]
USBD_RegisterClass      0x08024929    0x1a  Code  Gb  usbd_core.o [1]
USBD_RunTestMode        0x08024951     0x6  Code  Gb  usbd_core.o [1]
USBD_SetAddress         0x080265c5    0x60  Code  Lc  usbd_ctlreq.o [1]
USBD_SetClassConfig     0x08024957    0x2c  Code  Gb  usbd_core.o [1]
USBD_SetConfig          0x08026625    0xda  Code  Lc  usbd_ctlreq.o [1]
USBD_SetFeature         0x0802678d    0x26  Code  Lc  usbd_ctlreq.o [1]
USBD_Start              0x08024943     0xe  Code  Gb  usbd_core.o [1]
USBD_StdDevReq          0x08026229    0x7c  Code  Gb  usbd_ctlreq.o [1]
USBD_StdEPReq           0x080262f1   0x170  Code  Gb  usbd_ctlreq.o [1]
USBD_StdItfReq          0x080262a5    0x4c  Code  Gb  usbd_ctlreq.o [1]
USBD_StrDesc            0x2001f564    0xc8  Data  Gb  usbd_desc.o [1]
USB_ActivateEndpoint    0x08028fad    0xc4  Code  Gb  stm32f7xx_ll_usb.o [1]
USB_ActivateSetup       0x080298ef    0x44  Code  Gb  stm32f7xx_ll_usb.o [1]
USB_CoreInit            0x08028c85    0x6e  Code  Gb  stm32f7xx_ll_usb.o [1]
USB_CoreReset           0x0802998b    0x38  Code  Lc  stm32f7xx_ll_usb.o [1]
USB_DeactivateEndpoint  0x08029071    0xaa  Code  Gb  stm32f7xx_ll_usb.o [1]
USB_DevConnect          0x08029823    0x1e  Code  Gb  stm32f7xx_ll_usb.o [1]
USB_DevDisconnect       0x08029841    0x1e  Code  Gb  stm32f7xx_ll_usb.o [1]
USB_DevInit             0x08028d45   0x1c0  Code  Gb  stm32f7xx_ll_usb.o [1]
USB_DisableGlobalInt    0x08028d01     0xe  Code  Gb  stm32f7xx_ll_usb.o [1]
USB_EP0StartXfer        0x08029465   0x1ec  Code  Gb  stm32f7xx_ll_usb.o [1]
USB_EP0_OutStart        0x08029933    0x58  Code  Gb  stm32f7xx_ll_usb.o [1]
USB_EPClearStall        0x08029761    0x96  Code  Gb  stm32f7xx_ll_usb.o [1]
USB_EPSetStall          0x080296c3    0x9e  Code  Gb  stm32f7xx_ll_usb.o [1]
USB_EPStartXfer         0x0802911b   0x342  Code  Gb  stm32f7xx_ll_usb.o [1]
USB_EnableGlobalInt     0x08028cf3     0xe  Code  Gb  stm32f7xx_ll_usb.o [1]
USB_FlushRxFifo         0x08028f29    0x20  Code  Gb  stm32f7xx_ll_usb.o [1]
USB_FlushTxFifo         0x08028f05    0x24  Code  Gb  stm32f7xx_ll_usb.o [1]
USB_GetDevSpeed         0x08028f5f    0x4e  Code  Gb  stm32f7xx_ll_usb.o [1]
USB_GetMode             0x080298e7     0x8  Code  Gb  stm32f7xx_ll_usb.o [1]
USB_ReadDevAllInEpInterrupt
                        0x08029883    0x16  Code  Gb  stm32f7xx_ll_usb.o [1]
USB_ReadDevAllOutEpInterrupt
                        0x0802986d    0x16  Code  Gb  stm32f7xx_ll_usb.o [1]
USB_ReadDevInEPInterrupt
                        0x080298b3    0x34  Code  Gb  stm32f7xx_ll_usb.o [1]
USB_ReadDevOutEPInterrupt
                        0x08029899    0x1a  Code  Gb  stm32f7xx_ll_usb.o [1]
USB_ReadInterrupts      0x0802985f     0xe  Code  Gb  stm32f7xx_ll_usb.o [1]
USB_ReadPacket          0x08029697    0x2c  Code  Gb  stm32f7xx_ll_usb.o [1]
USB_SetCurrentMode      0x08028d0f    0x36  Code  Gb  stm32f7xx_ll_usb.o [1]
USB_SetDevAddress       0x080297f7    0x2c  Code  Gb  stm32f7xx_ll_usb.o [1]
USB_SetDevSpeed         0x08028f49    0x16  Code  Gb  stm32f7xx_ll_usb.o [1]
USB_WritePacket         0x08029651    0x46  Code  Gb  stm32f7xx_ll_usb.o [1]
UsageFault_Handler      0x08029f01     0x2  Code  Gb  stm32f7xx_it.o [1]
VOL_CUR                 0x2001fe72     0x2  Data  Lc  usbd_audio_in.o [1]
WaveRec_idxSens1        0x2001fe56     0x2  Data  Gb  main.o [1]
WaveRec_idxSens2        0x2001fe58     0x2  Data  Gb  main.o [1]
WaveRec_idxSens3        0x2001fe52     0x2  Data  Gb  main.o [1]
WaveRec_idxSens4        0x2001fe50     0x2  Data  Gb  main.o [1]
WaveRec_idxSens5        0x2001fe5a     0x2  Data  Gb  main.o [1]
WaveRec_idxSens6        0x2001fe5c     0x2  Data  Gb  main.o [1]
WaveRecord_flgIni       0x2001fea0     0x1  Data  Gb  waverecorder.o [1]
WaveRecord_flgSDO7Finish
                        0x2001fea3     0x1  Data  Gb  waverecorder.o [1]
WaveRecord_flgSDO8Finish
                        0x2001fea4     0x1  Data  Gb  waverecorder.o [1]
WriteCoef               0x080245c3    0xae  Code  Gb  sta321mp.o [1]
WriteSTAByte            0x08024235    0x5c  Code  Gb  sta321mp.o [1]
XferCplt                0x2001fe40     0x4  Data  Gb  waveplayer _CS43L22.o [1]
__aeabi_cdcmpeq         0x0802387d          Code  Gb  DblCmpEq.o [6]
__aeabi_cdcmple         0x0802179d          Code  Gb  DblCmpLe.o [6]
__aeabi_cdrcmple        0x080217cd          Code  Gb  DblCmpGe.o [6]
__aeabi_cfcmpeq         0x0801fbd9          Code  Gb  FltCmpEq.o [6]
__aeabi_cfcmple         0x0801fc05          Code  Gb  FltCmpLe.o [6]
__aeabi_d2f             0x080201ed          Code  Gb  DblToFlt.o [6]
__aeabi_d2iz            0x0801fffd          Code  Gb  DblToI32.o [6]
__aeabi_dadd            0x0801ff15          Code  Gb  DblAdd.o [6]
__aeabi_ddiv            0x0801fcbd          Code  Gb  DblDiv.o [6]
__aeabi_dmul            0x08020049          Code  Gb  DblMul.o [6]
__aeabi_dsub            0x080206cd          Code  Gb  DblSub.o [6]
__aeabi_errno_addr      0x080217fd     0x6  Code  Gb  errno.o [3]
__aeabi_f2d             0x0801fc3d          Code  Gb  FltToDbl.o [6]
__aeabi_fmul            0x0801fc29    0x12  Code  Gb  FltMul.o [6]
__aeabi_i2d             0x0801fc8d          Code  Gb  I32ToDbl.o [6]
__aeabi_memset          0x08026945          Code  Gb  ABImemset.o [7]
__aeabi_ui2d            0x0801fca1          Code  Gb  I32ToDbl.o [6]
__aeabi_ui2f            0x0801fbf5     0xe  Code  Gb  U32ToFlt.o [6]
__cmain                 0x0802a10d          Code  Gb  cmain.o [7]
__data_GetMemChunk      0x08028add    0x2c  Code  Gb  xgetmemchunk.o [3]
__exit                  0x080299d5    0x14  Code  Gb  exit.o [8]
__iar_Dint              0x08023803    0x7a  Code  Gb  xdint.o [6]
__iar_Errno             0x20010420     0x4  Data  Gb  errno.o [3]
__iar_Memset            0x08026945          Code  Gb  ABImemset.o [7]
__iar_Memset_word       0x0802694d          Code  Gb  ABImemset.o [7]
__iar_Quad              0x08021809   0x12c  Code  Gb  xquad.o [6]
__iar_Sin               0x0802027d   0x3b2  Code  Gb  xsin.o [6]
__iar_close_ttio        0x080299e9    0x2e  Code  Gb  iarttio.o [8]
__iar_copy_init3        0x0802a021    0x2c  Code  Gb  copy_init3.o [7]
__iar_d2uiz             0x08020029          Code  Gb  DblToI32.o [6]
__iar_dadd              0x0801ff29          Code  Gb  DblAdd.o [6]
__iar_data_init3        0x0802a04d    0x28  Code  Gb  data_init.o [7]
__iar_dlfree            0x08027983   0x510  Code  Gb  dlmalloc.o [3]
__iar_dlib_perthread_access
                        0x08023801     0x2  Code  Gb  xtls.o [3]
__iar_dlmalloc          0x080276cd   0x2aa  Code  Gb  dlmalloc.o [3]
__iar_dsub              0x080206e1          Code  Gb  DblSub.o [6]
__iar_dsubStart         0x080206f3          Code  Gb  DblSub.o [6]
__iar_edom              0x08021971          Code  Gb  iarEdom.o [7]
__iar_fmod              0x0802389d          Code  Gb  fmod.o [6]
__iar_fmodl             0x0802389d          Code  Gb  fmod.o [6]
__iar_init_vfp          0x0802a0bd          Code  Gb  fpinit_M.o [6]
__iar_lookup_ttioh      0x08029a19     0x8  Code  Gb  XShttio.o [3]
__iar_program_start     0x0802a1b1          Code  Gb  cstartup_M.o [7]
__iar_sqrt              0x0802084d          Code  Gb  sqrt.o [6]
__iar_ttio_handles      0x20010410     0x8  Data  Lc  XShttio.o [3]
__iar_ui2d              0x0801fca5          Code  Gb  I32ToDbl.o [6]
__iar_unaligned___aeabi_memcpy
                        0x08027e9d          Code  Gb  ABImemcpy_unaligned.o [7]
__iar_unaligned___aeabi_memcpy4
                        0x08027ebd          Code  Gb  ABImemcpy_unaligned.o [7]
__iar_unaligned___aeabi_memcpy8
                        0x08027ebd          Code  Gb  ABImemcpy_unaligned.o [7]
__iar_zero_init3        0x08029fe1    0x40  Code  Gb  zero_init3.o [7]
__low_level_init        0x0802a127     0x4  Code  Gb  low_level_init.o [3]
__vector_table          0x08000000          Data  Gb  startup_stm32f746xx.o [1]
_call_main              0x0802a119          Code  Gb  cmain.o [7]
_exit                   0x0802a131          Code  Gb  cexit.o [7]
_gm_                    0x2001f20c   0x1d8  Data  Lc  dlmalloc.o [3]
_main                   0x0802a123          Code  Gb  cmain.o [7]
abort                   0x08028ad5     0x6  Code  Gb  abort.o [3]
abs                     0x08022d31     0x8  Code  Gb  abs.o [3]
armBitRevTable          0x080001c8   0x800  Data  Gb  arm_common_tables.o [4]
arm_cfft_radix4_init_f32
                        0x08010a41    0xb0  Code  Gb  arm_cfft_radix4_init_f32.o [4]
arm_rfft_init_f32       0x080089c9    0x72  Code  Gb  arm_rfft_init_f32.o [4]
btnSW1                  0x2001fe99     0x1  Data  Gb  main.o [1]
btnSW2                  0x2001fe9a     0x1  Data  Gb  main.o [1]
bufCoefBiquad           0x2001fe14    0x10  Data  Gb  sta321mp.o [1]
bufPCMSens7             0x2001fe44     0x4  Data  Gb  waverecorder.o [1]
bufPCMSens8             0x2001fe48     0x4  Data  Gb  waverecorder.o [1]
bufferSum               0x2001e428   0x800  Data  Gb  main.o [1]
buffer_switch           0x20010424     0x1  Data  Gb  main.o [1]
cntBtnPress             0x2001fe9c     0x1  Data  Gb  main.o [1]
cntOS                   0x2001fe3c     0x4  Data  Gb  stm32f7xx_it.o [1]
cntPos                  0x2001fe7a     0x2  Data  Gb  waverecorder.o [1]
cntPos7                 0x2001fe7c     0x2  Data  Gb  waverecorder.o [1]
cntRisingEXTI           0x2001fe60     0x2  Data  Gb  main.o [1]
cntStrt                 0x2001fe7e     0x2  Data  Gb  waverecorder.o [1]
cntTime200              0x2001fe6e     0x2  Data  Gb  main.o [1]
exit                    0x0802a12b     0x4  Code  Gb  exit.o [3]
flg10ms                 0x2001fe9e     0x1  Data  Gb  main.o [1]
flgDlyUpd               0x2001fe9b     0x1  Data  Gb  main.o [1]
fmod                    0x0802389d          Code  Gb  fmod.o [6]
fmodl                   0x0802389d          Code  Gb  fmod.o [6]
hUSBDDevice             0x2001efe8   0x224  Data  Gb  main.o [1]
hUSBDDeviceDesc         0x200103f0    0x14  Data  Gb  usbd_desc.o [1]
haudioInstance          0x2001f8e0    0x64  Data  Lc  usbd_audio_in.o [1]
hdma_spi5_rx            0x2001faac    0x50  Data  Gb  waverecorder.o [1]
hdma_spi6_rx            0x2001fafc    0x50  Data  Gb  waverecorder.o [1]
hi2c1                   0x2001fc0c    0x3c  Data  Gb  audio_codec.o [1]
hi2c2                   0x2001fc48    0x3c  Data  Gb  audio_codec.o [1]
hi2s1                   0x2001fb8c    0x40  Data  Gb  waverecorder.o [1]
hi2s2                   0x2001fbcc    0x40  Data  Gb  waverecorder.o [1]
hi2s3                   0x2001fb4c    0x40  Data  Gb  waveplayer _CS43L22.o [1]
hpcd                    0x2001ec28   0x3c0  Data  Gb  usbd_conf_f4.o [1]
hspi4                   0x2001f87c    0x64  Data  Gb  main.o [1]
hspi5                   0x2001f944    0x64  Data  Gb  waverecorder.o [1]
hspi6                   0x2001f9a8    0x64  Data  Gb  waverecorder.o [1]
huart3                  0x2001f7a4    0x70  Data  Gb  main.o [1]
iSDO12                  0x2001fe92     0x2  Data  Gb  waverecorder.o [1]
iSDO34                  0x2001fe94     0x2  Data  Gb  waverecorder.o [1]
iSDO56                  0x2001fe96     0x2  Data  Gb  waverecorder.o [1]
idxFrmPDMMic8           0x2001fe78     0x2  Data  Gb  waverecorder.o [1]
idxLatency12            0x2001fe64     0x2  Data  Gb  main.o [1]
idxLatency13            0x2001fe62     0x2  Data  Gb  main.o [1]
idxLatency14            0x2001fe66     0x2  Data  Gb  main.o [1]
idxLatency25            0x2001fe68     0x2  Data  Gb  main.o [1]
idxLatency63            0x2001fe6a     0x2  Data  Gb  main.o [1]
idxLatency78            0x2001fe6c     0x2  Data  Gb  main.o [1]
idxMic7                 0x2001fe76     0x2  Data  Gb  waverecorder.o [1]
idxMic8                 0x2001fe74     0x2  Data  Gb  waverecorder.o [1]
idxSPI5DataBuf3         0x2001fe5e     0x2  Data  Gb  main.o [1]
init_mparams            0x080269c7    0x32  Code  Lc  dlmalloc.o [3]
init_top                0x080269f9    0x34  Code  Lc  dlmalloc.o [3]
main                    0x080224b9   0x22c  Code  Gb  main.o [1]
mparams                 0x2001fd84    0x18  Data  Lc  dlmalloc.o [3]
pDataMic7               0x2001f6ac    0x80  Data  Gb  waverecorder.o [1]
pDataMic8               0x2001f62c    0x80  Data  Gb  waverecorder.o [1]
pPDM2PCM                0x2001fcb8    0x20  Data  Gb  waverecorder.o [1]
pcSTAComnd              0x20010304    0x50  Data  Gb  sta321mp.o [1]
pcSTAComnd1             0x2001fe70     0x2  Data  Gb  sta321mp.o [1]
pcSTAComnd2             0x2001038c    0x24  Data  Gb  sta321mp.o [1]
prepend_alloc           0x08026a2d   0x36c  Code  Lc  dlmalloc.o [3]
realCoefA               0x08008a40  0x8000  Data  Lc  arm_rfft_init_f32.o [4]
realCoefB               0x08010af0  0x8000  Data  Lc  arm_rfft_init_f32.o [4]
sdramHandle             0x2001fc84    0x34  Data  Lc  stm32746g_discovery_sdram.o [1]
segment_holding         0x080269ad    0x1a  Code  Lc  dlmalloc.o [3]
sqrt                    0x0802084d          Code  Gb  sqrt.o [6]
sqrtl                   0x0802084d          Code  Gb  sqrt.o [6]
stFrstFrmStore          0x2001fe9d     0x1  Data  Gb  main.o [1]
sta321mp_biquad         0x08024733   0x160  Code  Lc  sta321mp.o [1]
sta321mp_mixer          0x080246db    0x2a  Code  Lc  sta321mp.o [1]
sta321mp_postscale      0x0802471d    0x16  Code  Lc  sta321mp.o [1]
sta321mp_prescale       0x08024705    0x18  Code  Lc  sta321mp.o [1]
stm32_crc               0x20010000     0x4  Data  Gb  pdm_filter.o [5]
swtBufUSBOut            0x2001fe98     0x1  Data  Gb  audio_application.o [1]
swtSDO7                 0x2001fea1     0x1  Data  Gb  waverecorder.o [1]
swtSDO8                 0x2001fea2     0x1  Data  Gb  waverecorder.o [1]
sys_alloc               0x08026d99   0x386  Code  Lc  dlmalloc.o [3]
tmalloc_large           0x0802712d   0x390  Code  Lc  dlmalloc.o [3]
tmalloc_small           0x080274bd   0x210  Code  Lc  dlmalloc.o [3]
twiddleCoef_4096        0x080009c8  0x8000  Data  Gb  arm_common_tables.o [4]
uwTick                  0x2001fe38     0x4  Data  Lc  stm32f7xx_hal.o [1]
vRawSens1               0x2001fe80     0x2  Data  Gb  waverecorder.o [1]
vRawSens2               0x2001fe82     0x2  Data  Gb  waverecorder.o [1]
vRawSens3               0x2001fe86     0x2  Data  Gb  waverecorder.o [1]
vRawSens4               0x2001fe84     0x2  Data  Gb  waverecorder.o [1]
vRawSens5               0x2001fe88     0x2  Data  Gb  waverecorder.o [1]
vRawSens6               0x2001fe8a     0x2  Data  Gb  waverecorder.o [1]
vol_table               0x08029e74    0x84  Data  Gb  usbd_audio_if.o [1]
volume                  0x20010427     0x1  Data  Gb  waveplayer _CS43L22.o [1]


[1] = D:\sop1hc\Github\data\Mic_Array_V00\USB_STREAMING\Mic_Array\Projects\STM32746G\Applications\Audio\Mic_Array\EWARM\STM32F7\Obj
[2] = command line
[3] = dl7M_tlf.a
[4] = iar_cortexM7ls_math.a
[5] = libPDMFilter_CM7_IAR.a
[6] = m7M_tls.a
[7] = rt7M_tl.a
[8] = shb_l.a

  104 848 bytes of readonly  code memory
   69 008 bytes of readonly  data memory
   81 582 bytes of readwrite data memory (+ 106 976 absolute)

Errors: none
Warnings: none
