###############################################################################
#
# IAR ELF Linker V7.50.2.10312/W32 for ARM                01/Feb/2016  11:36:08
# Copyright 2007-2015 IAR Systems AB.
#
#    Output file  =  
#        D:\sop1hc\Github\data\Mic_Array_V00\Mic_Array\Projects\STM32746G\Applications\Audio\Mic_Array\EWARM\STM32F7\Exe\Project.out
#    Map file     =  
#        D:\sop1hc\Github\data\Mic_Array_V00\Mic_Array\Projects\STM32746G\Applications\Audio\Mic_Array\EWARM\STM32F7\List\Project.map
#    Command line =  
#        D:\sop1hc\Github\data\Mic_Array_V00\Mic_Array\Projects\STM32746G\Applications\Audio\Mic_Array\EWARM\STM32F7\Obj\audio_codec.o
#        D:\sop1hc\Github\data\Mic_Array_V00\Mic_Array\Projects\STM32746G\Applications\Audio\Mic_Array\EWARM\STM32F7\Obj\DSP.o
#        D:\sop1hc\Github\data\Mic_Array_V00\Mic_Array\Projects\STM32746G\Applications\Audio\Mic_Array\EWARM\STM32F7\Obj\ff.o
#        D:\sop1hc\Github\data\Mic_Array_V00\Mic_Array\Projects\STM32746G\Applications\Audio\Mic_Array\EWARM\STM32F7\Obj\ft5336.o
#        D:\sop1hc\Github\data\Mic_Array_V00\Mic_Array\Middlewares\ST\STM32_Audio\Addons\PDM\libPDMFilter_CM7_IAR.a
#        D:\sop1hc\Github\data\Mic_Array_V00\Mic_Array\Projects\STM32746G\Applications\Audio\Mic_Array\EWARM\STM32F7\Obj\main.o
#        D:\sop1hc\Github\data\Mic_Array_V00\Mic_Array\Projects\STM32746G\Applications\Audio\Mic_Array\EWARM\STM32F7\Obj\sta321mp.o
#        D:\sop1hc\Github\data\Mic_Array_V00\Mic_Array\Projects\STM32746G\Applications\Audio\Mic_Array\EWARM\STM32F7\Obj\startup_stm32f746xx.o
#        D:\sop1hc\Github\data\Mic_Array_V00\Mic_Array\Projects\STM32746G\Applications\Audio\Mic_Array\EWARM\STM32F7\Obj\stm32746g_discovery.o
#        D:\sop1hc\Github\data\Mic_Array_V00\Mic_Array\Projects\STM32746G\Applications\Audio\Mic_Array\EWARM\STM32F7\Obj\stm32746g_discovery_lcd.o
#        D:\sop1hc\Github\data\Mic_Array_V00\Mic_Array\Projects\STM32746G\Applications\Audio\Mic_Array\EWARM\STM32F7\Obj\stm32746g_discovery_sdram.o
#        D:\sop1hc\Github\data\Mic_Array_V00\Mic_Array\Projects\STM32746G\Applications\Audio\Mic_Array\EWARM\STM32F7\Obj\stm32746g_discovery_ts.o
#        D:\sop1hc\Github\data\Mic_Array_V00\Mic_Array\Projects\STM32746G\Applications\Audio\Mic_Array\EWARM\STM32F7\Obj\stm32f7xx_hal.o
#        D:\sop1hc\Github\data\Mic_Array_V00\Mic_Array\Projects\STM32746G\Applications\Audio\Mic_Array\EWARM\STM32F7\Obj\stm32f7xx_hal_cortex.o
#        D:\sop1hc\Github\data\Mic_Array_V00\Mic_Array\Projects\STM32746G\Applications\Audio\Mic_Array\EWARM\STM32F7\Obj\stm32f7xx_hal_dma.o
#        D:\sop1hc\Github\data\Mic_Array_V00\Mic_Array\Projects\STM32746G\Applications\Audio\Mic_Array\EWARM\STM32F7\Obj\stm32f7xx_hal_dma2d.o
#        D:\sop1hc\Github\data\Mic_Array_V00\Mic_Array\Projects\STM32746G\Applications\Audio\Mic_Array\EWARM\STM32F7\Obj\stm32f7xx_hal_dma_ex.o
#        D:\sop1hc\Github\data\Mic_Array_V00\Mic_Array\Projects\STM32746G\Applications\Audio\Mic_Array\EWARM\STM32F7\Obj\stm32f7xx_hal_flash.o
#        D:\sop1hc\Github\data\Mic_Array_V00\Mic_Array\Projects\STM32746G\Applications\Audio\Mic_Array\EWARM\STM32F7\Obj\stm32f7xx_hal_flash_ex.o
#        D:\sop1hc\Github\data\Mic_Array_V00\Mic_Array\Projects\STM32746G\Applications\Audio\Mic_Array\EWARM\STM32F7\Obj\stm32f7xx_hal_gpio.o
#        D:\sop1hc\Github\data\Mic_Array_V00\Mic_Array\Projects\STM32746G\Applications\Audio\Mic_Array\EWARM\STM32F7\Obj\stm32f7xx_hal_hcd.o
#        D:\sop1hc\Github\data\Mic_Array_V00\Mic_Array\Projects\STM32746G\Applications\Audio\Mic_Array\EWARM\STM32F7\Obj\stm32f7xx_hal_i2c.o
#        D:\sop1hc\Github\data\Mic_Array_V00\Mic_Array\Projects\STM32746G\Applications\Audio\Mic_Array\EWARM\STM32F7\Obj\stm32f7xx_hal_i2c_ex.o
#        D:\sop1hc\Github\data\Mic_Array_V00\Mic_Array\Projects\STM32746G\Applications\Audio\Mic_Array\EWARM\STM32F7\Obj\stm32f7xx_hal_i2s.o
#        D:\sop1hc\Github\data\Mic_Array_V00\Mic_Array\Projects\STM32746G\Applications\Audio\Mic_Array\EWARM\STM32F7\Obj\stm32f7xx_hal_ltdc.o
#        D:\sop1hc\Github\data\Mic_Array_V00\Mic_Array\Projects\STM32746G\Applications\Audio\Mic_Array\EWARM\STM32F7\Obj\stm32f7xx_hal_pwr.o
#        D:\sop1hc\Github\data\Mic_Array_V00\Mic_Array\Projects\STM32746G\Applications\Audio\Mic_Array\EWARM\STM32F7\Obj\stm32f7xx_hal_pwr_ex.o
#        D:\sop1hc\Github\data\Mic_Array_V00\Mic_Array\Projects\STM32746G\Applications\Audio\Mic_Array\EWARM\STM32F7\Obj\stm32f7xx_hal_rcc.o
#        D:\sop1hc\Github\data\Mic_Array_V00\Mic_Array\Projects\STM32746G\Applications\Audio\Mic_Array\EWARM\STM32F7\Obj\stm32f7xx_hal_rcc_ex.o
#        D:\sop1hc\Github\data\Mic_Array_V00\Mic_Array\Projects\STM32746G\Applications\Audio\Mic_Array\EWARM\STM32F7\Obj\stm32f7xx_hal_sai.o
#        D:\sop1hc\Github\data\Mic_Array_V00\Mic_Array\Projects\STM32746G\Applications\Audio\Mic_Array\EWARM\STM32F7\Obj\stm32f7xx_hal_sai_ex.o
#        D:\sop1hc\Github\data\Mic_Array_V00\Mic_Array\Projects\STM32746G\Applications\Audio\Mic_Array\EWARM\STM32F7\Obj\stm32f7xx_hal_sdram.o
#        D:\sop1hc\Github\data\Mic_Array_V00\Mic_Array\Projects\STM32746G\Applications\Audio\Mic_Array\EWARM\STM32F7\Obj\stm32f7xx_hal_spi.o
#        D:\sop1hc\Github\data\Mic_Array_V00\Mic_Array\Projects\STM32746G\Applications\Audio\Mic_Array\EWARM\STM32F7\Obj\stm32f7xx_hal_sram.o
#        D:\sop1hc\Github\data\Mic_Array_V00\Mic_Array\Projects\STM32746G\Applications\Audio\Mic_Array\EWARM\STM32F7\Obj\stm32f7xx_hal_tim.o
#        D:\sop1hc\Github\data\Mic_Array_V00\Mic_Array\Projects\STM32746G\Applications\Audio\Mic_Array\EWARM\STM32F7\Obj\stm32f7xx_hal_tim_ex.o
#        D:\sop1hc\Github\data\Mic_Array_V00\Mic_Array\Projects\STM32746G\Applications\Audio\Mic_Array\EWARM\STM32F7\Obj\stm32f7xx_hal_uart.o
#        D:\sop1hc\Github\data\Mic_Array_V00\Mic_Array\Projects\STM32746G\Applications\Audio\Mic_Array\EWARM\STM32F7\Obj\stm32f7xx_it.o
#        D:\sop1hc\Github\data\Mic_Array_V00\Mic_Array\Projects\STM32746G\Applications\Audio\Mic_Array\EWARM\STM32F7\Obj\stm32f7xx_ll_fmc.o
#        D:\sop1hc\Github\data\Mic_Array_V00\Mic_Array\Projects\STM32746G\Applications\Audio\Mic_Array\EWARM\STM32F7\Obj\stm32f7xx_ll_usb.o
#        D:\sop1hc\Github\data\Mic_Array_V00\Mic_Array\Projects\STM32746G\Applications\Audio\Mic_Array\EWARM\STM32F7\Obj\system_stm32f7xx.o
#        D:\sop1hc\Github\data\Mic_Array_V00\Mic_Array\Projects\STM32746G\Applications\Audio\Mic_Array\EWARM\STM32F7\Obj\usbh_conf.o
#        D:\sop1hc\Github\data\Mic_Array_V00\Mic_Array\Projects\STM32746G\Applications\Audio\Mic_Array\EWARM\STM32F7\Obj\usbh_core.o
#        D:\sop1hc\Github\data\Mic_Array_V00\Mic_Array\Projects\STM32746G\Applications\Audio\Mic_Array\EWARM\STM32F7\Obj\usbh_ctlreq.o
#        D:\sop1hc\Github\data\Mic_Array_V00\Mic_Array\Projects\STM32746G\Applications\Audio\Mic_Array\EWARM\STM32F7\Obj\usbh_diskio.o
#        D:\sop1hc\Github\data\Mic_Array_V00\Mic_Array\Projects\STM32746G\Applications\Audio\Mic_Array\EWARM\STM32F7\Obj\usbh_ioreq.o
#        D:\sop1hc\Github\data\Mic_Array_V00\Mic_Array\Projects\STM32746G\Applications\Audio\Mic_Array\EWARM\STM32F7\Obj\usbh_msc.o
#        D:\sop1hc\Github\data\Mic_Array_V00\Mic_Array\Projects\STM32746G\Applications\Audio\Mic_Array\EWARM\STM32F7\Obj\usbh_msc_bot.o
#        D:\sop1hc\Github\data\Mic_Array_V00\Mic_Array\Projects\STM32746G\Applications\Audio\Mic_Array\EWARM\STM32F7\Obj\usbh_msc_scsi.o
#        D:\sop1hc\Github\data\Mic_Array_V00\Mic_Array\Projects\STM32746G\Applications\Audio\Mic_Array\EWARM\STM32F7\Obj\usbh_pipes.o
#        "D:\sop1hc\Github\data\Mic_Array_V00\Mic_Array\Projects\STM32746G\Applications\Audio\Mic_Array\EWARM\STM32F7\Obj\waveplayer
#        _CS43L22.o"
#        D:\sop1hc\Github\data\Mic_Array_V00\Mic_Array\Projects\STM32746G\Applications\Audio\Mic_Array\EWARM\STM32F7\Obj\waverecorder.o
#        --redirect _Printf=_PrintfSmall --redirect _Scanf=_ScanfSmall -o
#        D:\sop1hc\Github\data\Mic_Array_V00\Mic_Array\Projects\STM32746G\Applications\Audio\Mic_Array\EWARM\STM32F7\Exe\Project.out
#        --map
#        D:\sop1hc\Github\data\Mic_Array_V00\Mic_Array\Projects\STM32746G\Applications\Audio\Mic_Array\EWARM\STM32F7\List\Project.map
#        --config "D:\Program Files (x86)\IAR Systems\Embedded Workbench
#        7.3\arm\config\linker\ST\stm32f746xG.icf" --semihosting --entry
#        __iar_program_start --no_exceptions "D:\Program Files (x86)\IAR
#        Systems\Embedded Workbench
#        7.3\arm\CMSIS\Lib\IAR\iar_cortexM7ls_math.a" --vfe
#
###############################################################################

*******************************************************************************
*** RUNTIME MODEL ATTRIBUTES
***

CppFlavor                     = *
__Heap_Handler                = DLMalloc
__SystemLibrary               = DLib
__dlib_dynamic_initialization = normal


*******************************************************************************
*** PLACEMENT SUMMARY
***

"A1":  place at 0x08000000 { ro section .intvec };
"P1":  place in [from 0x00000000 to 0x00000000] |
                [from 0x08000000 to 0x080fffff] { ro };
"P3":  place in [from 0x20000000 to 0x2000ffff] |
                [from 0x20010000 to 0x2004ffff] { rw, block CSTACK, block HEAP };

  Section             Kind        Address     Size  Object
  -------             ----        -------     ----  ------
"A1":                                        0x1c8
  .intvec             ro code  0x08000000    0x1c8  startup_stm32f746xx.o [1]
                             - 0x080001c8    0x1c8

"P1":                                      0x28f81
  .rodata             const    0x080001c8   0x8800  arm_common_tables.o [4]
  .text               ro code  0x080089c8   0x8078  arm_rfft_init_f32.o [4]
  .text               ro code  0x08010a40     0xb0  arm_cfft_radix4_init_f32.o [4]
  .rodata             const    0x08010af0   0x8000  arm_rfft_init_f32.o [4]
  .text               ro code  0x08018af0   0x395c  stm32f7xx_hal_dma.o [1]
  .text               ro code  0x0801c44c   0x17c8  waverecorder.o [1]
  .text               ro code  0x0801dc14    0x26c  stm32f7xx_hal_gpio.o [1]
  .text               ro code  0x0801de80    0x550  pdm_filter.o [5]
  .text               ro code  0x0801e3d0    0x852  stm32f7xx_hal_spi.o [1]
  .text               ro code  0x0801ec22      0xa  xsprout.o [3]
  .text               ro code  0x0801ec2c    0x1a4  stm32f7xx_hal_i2s.o [1]
  .text               ro code  0x0801edd0    0x164  stm32f7xx_hal_cortex.o [1]
  .text               ro code  0x0801ef34     0x1c  FltCmpEq.o [6]
  .text               ro code  0x0801ef50      0xe  U32ToFlt.o [6]
  .text               ro code  0x0801ef60     0x24  FltCmpLe.o [6]
  .text               ro code  0x0801ef84     0x12  FltMul.o [6]
  .text               ro code  0x0801ef98     0x4e  FltToDbl.o [6]
  .text               ro code  0x0801efe8     0x30  I32ToDbl.o [6]
  .text               ro code  0x0801f018    0x256  DblDiv.o [6]
  .text               ro code  0x0801f270     0xe8  DblAdd.o [6]
  .text               ro code  0x0801f358     0x4c  DblToI32.o [6]
  .text               ro code  0x0801f3a4    0x1a2  DblMul.o [6]
  .text               ro code  0x0801f548     0x90  DblToFlt.o [6]
  .text               ro code  0x0801f5d8    0x450  xsin.o [6]
  .text               ro code  0x0801fa28    0x180  DblSub.o [6]
  .text               ro code  0x0801fba8     0xf0  sqrt.o [6]
  .text               ro code  0x0801fc98     0x7c  stm32f7xx_hal.o [1]
  .text               ro code  0x0801fd14    0xfc0  audio_codec.o [1]
  .text               ro code  0x08020cd4     0x2e  DblCmpLe.o [6]
  .text               ro code  0x08020d04     0x2e  DblCmpGe.o [6]
  .text               ro code  0x08020d34      0xc  errno.o [3]
  .text               ro code  0x08020d40    0x168  xquad.o [6]
  .text               ro code  0x08020ea8      0xc  iarEdom.o [7]
  .text               ro code  0x08020eb4    0x8b0  stm32f7xx_hal_rcc.o [1]
  .text               ro code  0x08021764    0xef8  main.o [1]
  .text               ro code  0x0802265c    0x980  stm32f7xx_hal_i2c.o [1]
  .text               ro code  0x08022fdc     0xac  waveplayer _CS43L22.o [1]
  .text               ro code  0x08023088     0x84  stm32f7xx_hal_i2c_ex.o [1]
  .text               ro code  0x0802310c      0x2  xtls.o [3]
  .text               ro code  0x0802310e     0x7a  xdint.o [6]
  .text               ro code  0x08023188     0x20  DblCmpEq.o [6]
  .text               ro code  0x080231a8    0x1a8  fmod.o [6]
  .text               ro code  0x08023350    0x116  DSP.o [1]
  .text               ro code  0x08023468    0x118  stm32746g_discovery.o [1]
  .text               ro code  0x08023580    0x910  sta321mp.o [1]
  .text               ro code  0x08023e90     0x34  sprintf.o [3]
  .text               ro code  0x08023ec4    0x926  stm32f7xx_hal_uart.o [1]
  .text               ro code  0x080247ea     0x32  main.o [1]
  .text               ro code  0x0802481c     0x84  stm32f7xx_hal_pwr_ex.o [1]
  .text               ro code  0x080248a0    0x8a0  stm32f7xx_hal_rcc_ex.o [1]
  .text               ro code  0x08025140   0x14f0  dlmalloc.o [3]
  .text               ro code  0x08026630    0x7c4  xprintfsmall.o [3]
  .text               ro code  0x08026df4     0x18  main.o [1]
  .text               ro code  0x08026e0c      0x6  abort.o [3]
  .text               ro code  0x08026e14     0x2c  xgetmemchunk.o [3]
  .text               ro code  0x08026e40     0x20  xmbtowc.o [3]
  .text               ro code  0x08026e60     0x16  strchr.o [7]
  .text               ro code  0x08026e78     0x36  strlen.o [7]
  .text               ro code  0x08026eb0     0x58  memchr.o [7]
  .text               ro code  0x08026f08      0xa  xmbcurmax.o [3]
  .text               ro code  0x08026f12     0x1a  xwctomb.o [3]
  .text               ro code  0x08026f2c     0x76  ABImemcpy_unaligned.o [7]
  .text               ro code  0x08026fa4     0x14  exit.o [8]
  .text               ro code  0x08026fb8     0x14  setlocale.o [3]
  .text               ro code  0x08026fcc     0x60  xencoding_sb.o [3]
  .text               ro code  0x0802702c     0x6c  iarttio.o [8]
  .text               ro code  0x08027098      0x8  XShttio.o [3]
  .text               ro code  0x080270a0    0xd32  stm32f7xx_hal_hcd.o [1]
  .text               ro code  0x08027dd4    0x382  stm32f7xx_ll_usb.o [1]
  .text               ro code  0x08028158     0x4c  usbh_conf.o [1]
  .text               ro code  0x080281a4     0xbc  usbh_core.o [1]
  .text               ro code  0x08028260     0x24  usbh_pipes.o [1]
  .text               ro code  0x08028284     0x24  printf.o [3]
  .text               ro code  0x080282a8    0x1c4  lz77_init.o [7]
  .text               ro code  0x0802846c     0xe0  XShHandles.o [3]
  .text               ro code  0x0802854c     0xd6  xfspos.o [3]
  .text               ro code  0x08028624     0xb0  fflush.o [3]
  .text               ro code  0x080286d4      0xa  xfgpos.o [3]
  .text               ro code  0x080286de     0x4c  lseek.o [8]
  .text               ro code  0x0802872a      0x4  xsyslock_nop.o [3]
  .text               ro code  0x0802872e     0x10  write.o [8]
  .text               ro code  0x0802873e     0x1e  dwrite.o [8]
  .text               ro code  0x0802875c     0x20  iarwstd.o [8]
  .text               ro code  0x0802877c     0x22  iarwrite.o [8]
  .text               ro code  0x0802879e     0xb6  xfwprep.o [3]
  .text               ro code  0x08028854     0x22  fseek.o [3]
  .text               ro code  0x08028878     0x7c  stm32f7xx_it.o [1]
  .text               ro code  0x080288f4     0x7c  xfofind.o [3]
  .text               ro code  0x08028970     0x7a  fclose.o [3]
  .text               ro code  0x080289ea     0x1a  close.o [8]
  .text               ro code  0x08028a04     0x16  remove.o [8]
  .text               ro code  0x08028a1c     0x6c  system_stm32f7xx.o [1]
  .text               ro code  0x08028a88     0x58  xcloseall.o [3]
  .text               ro code  0x08028ae0     0x56  fputc.o [3]
  .text               ro code  0x08028b36     0x40  zero_init3.o [7]
  .text               ro code  0x08028b78     0x28  data_init.o [7]
  .text               ro code  0x08028ba0     0x22  fpinit_M.o [6]
  .iar.init_table     const    0x08028bc4     0x2c  - Linker created -
  .text               ro code  0x08028bf0     0x1a  cmain.o [7]
  .text               ro code  0x08028c0a      0x4  low_level_init.o [3]
  .text               ro code  0x08028c0e      0x4  exit.o [3]
  .text               ro code  0x08028c14      0xe  cexit.o [7]
  .rodata             const    0x08028c24     0x18  usbh_core.o [1]
  .text               ro code  0x08028c3c     0x16  xprout.o [3]
  .text               ro code  0x08028c54      0xc  putchar.o [3]
  .rodata             const    0x08028c60     0x14  main.o [1]
  .rodata             const    0x08028c74     0x10  main.o [1]
  .rodata             const    0x08028c84     0x10  main.o [1]
  .rodata             const    0x08028c94     0x10  main.o [1]
  .rodata             const    0x08028ca4     0x10  main.o [1]
  .rodata             const    0x08028cb4     0x10  main.o [1]
  .rodata             const    0x08028cc4     0x10  main.o [1]
  .rodata             const    0x08028cd4     0x10  main.o [1]
  .rodata             const    0x08028ce4     0x10  main.o [1]
  .rodata             const    0x08028cf4     0x10  main.o [1]
  .rodata             const    0x08028d04     0x10  main.o [1]
  .rodata             const    0x08028d14     0x10  stm32f7xx_hal_rcc.o [1]
  .text               ro code  0x08028d24     0x10  startup_stm32f746xx.o [1]
  .text               ro code  0x08028d34      0xc  cstartup_M.o [7]
  .rodata             const    0x08028d40      0x8  stm32746g_discovery.o [1]
  .text               ro code  0x08028d48      0x4  startup_stm32f746xx.o [1]
  .text               ro code  0x08028d4c      0x4  startup_stm32f746xx.o [1]
  .text               ro code  0x08028d50      0x4  startup_stm32f746xx.o [1]
  .text               ro code  0x08028d54      0x4  startup_stm32f746xx.o [1]
  .text               ro code  0x08028d58      0x4  startup_stm32f746xx.o [1]
  .text               ro code  0x08028d5c      0x4  startup_stm32f746xx.o [1]
  .text               ro code  0x08028d60      0x4  startup_stm32f746xx.o [1]
  .text               ro code  0x08028d64      0x4  startup_stm32f746xx.o [1]
  .text               ro code  0x08028d68      0x4  startup_stm32f746xx.o [1]
  .text               ro code  0x08028d6c      0x4  startup_stm32f746xx.o [1]
  .text               ro code  0x08028d70      0x4  startup_stm32f746xx.o [1]
  .text               ro code  0x08028d74      0x4  startup_stm32f746xx.o [1]
  .text               ro code  0x08028d78      0x4  startup_stm32f746xx.o [1]
  .text               ro code  0x08028d7c      0x4  startup_stm32f746xx.o [1]
  .text               ro code  0x08028d80      0x4  startup_stm32f746xx.o [1]
  .text               ro code  0x08028d84      0x4  startup_stm32f746xx.o [1]
  .text               ro code  0x08028d88      0x4  startup_stm32f746xx.o [1]
  .text               ro code  0x08028d8c      0x4  startup_stm32f746xx.o [1]
  .text               ro code  0x08028d90      0x4  startup_stm32f746xx.o [1]
  .text               ro code  0x08028d94      0x4  startup_stm32f746xx.o [1]
  .text               ro code  0x08028d98      0x4  startup_stm32f746xx.o [1]
  .text               ro code  0x08028d9c      0x4  startup_stm32f746xx.o [1]
  .text               ro code  0x08028da0      0x4  startup_stm32f746xx.o [1]
  .text               ro code  0x08028da4      0x4  startup_stm32f746xx.o [1]
  .text               ro code  0x08028da8      0x4  startup_stm32f746xx.o [1]
  .text               ro code  0x08028dac      0x4  startup_stm32f746xx.o [1]
  .text               ro code  0x08028db0      0x4  startup_stm32f746xx.o [1]
  .text               ro code  0x08028db4      0x4  startup_stm32f746xx.o [1]
  .text               ro code  0x08028db8      0x4  startup_stm32f746xx.o [1]
  .text               ro code  0x08028dbc      0x4  startup_stm32f746xx.o [1]
  .text               ro code  0x08028dc0      0x4  startup_stm32f746xx.o [1]
  .text               ro code  0x08028dc4      0x4  startup_stm32f746xx.o [1]
  .text               ro code  0x08028dc8      0x4  startup_stm32f746xx.o [1]
  .text               ro code  0x08028dcc      0x4  startup_stm32f746xx.o [1]
  .text               ro code  0x08028dd0      0x4  startup_stm32f746xx.o [1]
  .text               ro code  0x08028dd4      0x4  startup_stm32f746xx.o [1]
  .text               ro code  0x08028dd8      0x4  startup_stm32f746xx.o [1]
  .text               ro code  0x08028ddc      0x4  startup_stm32f746xx.o [1]
  .text               ro code  0x08028de0      0x4  startup_stm32f746xx.o [1]
  .text               ro code  0x08028de4      0x4  startup_stm32f746xx.o [1]
  .text               ro code  0x08028de8      0x4  startup_stm32f746xx.o [1]
  .text               ro code  0x08028dec      0x4  startup_stm32f746xx.o [1]
  .text               ro code  0x08028df0      0x4  startup_stm32f746xx.o [1]
  .text               ro code  0x08028df4      0x4  startup_stm32f746xx.o [1]
  .text               ro code  0x08028df8      0x4  startup_stm32f746xx.o [1]
  .text               ro code  0x08028dfc      0x4  startup_stm32f746xx.o [1]
  .text               ro code  0x08028e00      0x4  startup_stm32f746xx.o [1]
  .text               ro code  0x08028e04      0x4  startup_stm32f746xx.o [1]
  .text               ro code  0x08028e08      0x4  startup_stm32f746xx.o [1]
  .text               ro code  0x08028e0c      0x4  startup_stm32f746xx.o [1]
  .text               ro code  0x08028e10      0x4  startup_stm32f746xx.o [1]
  .text               ro code  0x08028e14      0x4  startup_stm32f746xx.o [1]
  .text               ro code  0x08028e18      0x4  startup_stm32f746xx.o [1]
  .text               ro code  0x08028e1c      0x4  startup_stm32f746xx.o [1]
  .text               ro code  0x08028e20      0x4  startup_stm32f746xx.o [1]
  .text               ro code  0x08028e24      0x4  startup_stm32f746xx.o [1]
  .text               ro code  0x08028e28      0x4  startup_stm32f746xx.o [1]
  .text               ro code  0x08028e2c      0x4  startup_stm32f746xx.o [1]
  .text               ro code  0x08028e30      0x4  startup_stm32f746xx.o [1]
  .text               ro code  0x08028e34      0x4  startup_stm32f746xx.o [1]
  .text               ro code  0x08028e38      0x4  startup_stm32f746xx.o [1]
  .text               ro code  0x08028e3c      0x4  startup_stm32f746xx.o [1]
  .text               ro code  0x08028e40      0x4  startup_stm32f746xx.o [1]
  .text               ro code  0x08028e44      0x4  startup_stm32f746xx.o [1]
  .text               ro code  0x08028e48      0x4  startup_stm32f746xx.o [1]
  .text               ro code  0x08028e4c      0x4  startup_stm32f746xx.o [1]
  .text               ro code  0x08028e50      0x4  startup_stm32f746xx.o [1]
  .text               ro code  0x08028e54      0x4  startup_stm32f746xx.o [1]
  .text               ro code  0x08028e58      0x4  startup_stm32f746xx.o [1]
  .text               ro code  0x08028e5c      0x4  startup_stm32f746xx.o [1]
  .text               ro code  0x08028e60      0x4  startup_stm32f746xx.o [1]
  .text               ro code  0x08028e64      0x4  startup_stm32f746xx.o [1]
  .text               ro code  0x08028e68      0x4  startup_stm32f746xx.o [1]
  .text               ro code  0x08028e6c      0x4  startup_stm32f746xx.o [1]
  .text               ro code  0x08028e70      0x4  startup_stm32f746xx.o [1]
  .text               ro code  0x08028e74      0x4  startup_stm32f746xx.o [1]
  .text               ro code  0x08028e78      0x4  startup_stm32f746xx.o [1]
  .text               ro code  0x08028e7c      0x0  cstart_closeall.o [7]
  .rodata             const    0x08028e7c      0x0  zero_init3.o [7]
  .rodata             const    0x08028e7c      0x0  lz77_init.o [7]
  Initializer bytes   const    0x08028e7c    0x2cd  <for P3 s0>
                             - 0x08029149  0x28f81

"P3", part 1 of 3:                           0x4e0
  P3 s0                        0x20010000    0x4e0  <Init block>
    .data             inited   0x20010000    0x304  pdm_filter.o [5]
    __DLIB_PERTHREAD  inited   0x20010304     0x74  setlocale.o [3]
    .data             inited   0x20010378     0x50  sta321mp.o [1]
    .data             inited   0x200103c8     0x40  xfiles.o [3]
    .data             inited   0x20010408     0x40  xfiles.o [3]
    .data             inited   0x20010448     0x40  xfiles.o [3]
    .data             inited   0x20010488     0x24  sta321mp.o [1]
    .data             inited   0x200104ac     0x20  xfiles.o [3]
    .data             inited   0x200104cc      0x8  XShttio.o [3]
    .data             inited   0x200104d4      0x4  system_stm32f7xx.o [1]
    __DLIB_PERTHREAD  inited   0x200104d8      0x4  errno.o [3]
    .data             inited   0x200104dc      0x1  audio_codec.o [1]
    .data             inited   0x200104dd      0x1  main.o [1]
    .data             inited   0x200104de      0x1  main.o [1]
    .data             inited   0x200104df      0x1  waveplayer _CS43L22.o [1]
                             - 0x200104e0    0x4e0

"P3", part 2 of 3:                         0x276c8
  .bss                zero     0x200104e0   0x80a0  waverecorder.o [1]
  .bss                zero     0x20018580   0x80a0  waverecorder.o [1]
  .bss                zero     0x20020620   0x80a0  waverecorder.o [1]
  .bss                zero     0x200286c0   0x2000  waverecorder.o [1]
  .bss                zero     0x2002a6c0   0x2000  waverecorder.o [1]
  .bss                zero     0x2002c6c0   0x2000  waverecorder.o [1]
  .bss                zero     0x2002e6c0   0x2000  waverecorder.o [1]
  .bss                zero     0x200306c0   0x2000  waverecorder.o [1]
  .bss                zero     0x200326c0   0x2000  waverecorder.o [1]
  .bss                zero     0x200346c0   0x2000  waverecorder.o [1]
  .bss                zero     0x200366c0    0x800  main.o [1]
  .bss                zero     0x20036ec0    0x294  usbh_conf.o [1]
  .bss                zero     0x20037154    0x1d8  dlmalloc.o [3]
  .bss                zero     0x2003732c     0x80  main.o [1]
  .bss                zero     0x200373ac     0x80  waverecorder.o [1]
  .bss                zero     0x2003742c     0x80  waverecorder.o [1]
  .bss                zero     0x200374ac     0x80  XShHandles.o [3]
  .bss                zero     0x2003752c     0x70  main.o [1]
  .bss                zero     0x2003759c     0x68  waverecorder.o [1]
  .bss                zero     0x20037604     0x64  main.o [1]
  .bss                zero     0x20037668     0x64  waverecorder.o [1]
  .bss                zero     0x200376cc     0x64  waverecorder.o [1]
  .bss                zero     0x20037730     0x50  audio_codec.o [1]
  .bss                zero     0x20037780     0x50  waverecorder.o [1]
  .bss                zero     0x200377d0     0x50  waverecorder.o [1]
  .bss                zero     0x20037820     0x50  xfiles.o [3]
  .bss                zero     0x20037870     0x50  xfiles.o [3]
  .bss                zero     0x200378c0     0x40  waveplayer _CS43L22.o [1]
  .bss                zero     0x20037900     0x40  waverecorder.o [1]
  .bss                zero     0x20037940     0x40  waverecorder.o [1]
  .bss                zero     0x20037980     0x3c  audio_codec.o [1]
  .bss                zero     0x200379bc     0x3c  audio_codec.o [1]
  .bss                zero     0x200379f8     0x18  main.o [1]
  .bss                zero     0x20037a10     0x18  main.o [1]
  .bss                zero     0x20037a28     0x18  main.o [1]
  .bss                zero     0x20037a40     0x18  main.o [1]
  .bss                zero     0x20037a58     0x18  main.o [1]
  .bss                zero     0x20037a70     0x18  main.o [1]
  .bss                zero     0x20037a88     0x18  dlmalloc.o [3]
  .bss                zero     0x20037aa0     0x14  main.o [1]
  .bss                zero     0x20037ab4     0x14  main.o [1]
  .bss                zero     0x20037ac8     0x14  main.o [1]
  .bss                zero     0x20037adc     0x14  main.o [1]
  .bss                zero     0x20037af0     0x14  main.o [1]
  .bss                zero     0x20037b04     0x14  main.o [1]
  .bss                zero     0x20037b18     0x10  sta321mp.o [1]
  .bss                zero     0x20037b28      0x4  DSP.o [1]
  .bss                zero     0x20037b2c      0x4  stm32f7xx_hal.o [1]
  .bss                zero     0x20037b30      0x4  stm32f7xx_it.o [1]
  .bss                zero     0x20037b34      0x4  waveplayer _CS43L22.o [1]
  .bss                zero     0x20037b38      0x4  waverecorder.o [1]
  .bss                zero     0x20037b3c      0x4  waverecorder.o [1]
  .bss                zero     0x20037b40      0x4  xgetmemchunk.o [3]
  .bss                zero     0x20037b44      0x2  main.o [1]
  .bss                zero     0x20037b46      0x2  main.o [1]
  .bss                zero     0x20037b48      0x2  main.o [1]
  .bss                zero     0x20037b4a      0x2  main.o [1]
  .bss                zero     0x20037b4c      0x2  main.o [1]
  .bss                zero     0x20037b4e      0x2  main.o [1]
  .bss                zero     0x20037b50      0x2  main.o [1]
  .bss                zero     0x20037b52      0x2  main.o [1]
  .bss                zero     0x20037b54      0x2  main.o [1]
  .bss                zero     0x20037b56      0x2  main.o [1]
  .bss                zero     0x20037b58      0x2  main.o [1]
  .bss                zero     0x20037b5a      0x2  main.o [1]
  .bss                zero     0x20037b5c      0x2  main.o [1]
  .bss                zero     0x20037b5e      0x2  main.o [1]
  .bss                zero     0x20037b60      0x2  main.o [1]
  .bss                zero     0x20037b62      0x2  main.o [1]
  .bss                zero     0x20037b64      0x2  sta321mp.o [1]
  .bss                zero     0x20037b66      0x2  waverecorder.o [1]
  .bss                zero     0x20037b68      0x2  waverecorder.o [1]
  .bss                zero     0x20037b6a      0x2  waverecorder.o [1]
  .bss                zero     0x20037b6c      0x2  waverecorder.o [1]
  .bss                zero     0x20037b6e      0x2  waverecorder.o [1]
  .bss                zero     0x20037b70      0x2  waverecorder.o [1]
  .bss                zero     0x20037b72      0x2  waverecorder.o [1]
  .bss                zero     0x20037b74      0x2  waverecorder.o [1]
  .bss                zero     0x20037b76      0x2  waverecorder.o [1]
  .bss                zero     0x20037b78      0x2  waverecorder.o [1]
  .bss                zero     0x20037b7a      0x2  waverecorder.o [1]
  .bss                zero     0x20037b7c      0x2  waverecorder.o [1]
  .bss                zero     0x20037b7e      0x2  waverecorder.o [1]
  .bss                zero     0x20037b80      0x2  waverecorder.o [1]
  .bss                zero     0x20037b82      0x2  waverecorder.o [1]
  .bss                zero     0x20037b84      0x2  waverecorder.o [1]
  .bss                zero     0x20037b86      0x2  waverecorder.o [1]
  .bss                zero     0x20037b88      0x1  audio_codec.o [1]
  .bss                zero     0x20037b89      0x1  main.o [1]
  .bss                zero     0x20037b8a      0x1  main.o [1]
  .bss                zero     0x20037b8b      0x1  main.o [1]
  .bss                zero     0x20037b8c      0x1  main.o [1]
  .bss                zero     0x20037b8d      0x1  main.o [1]
  .bss                zero     0x20037b8e      0x1  main.o [1]
  .bss                zero     0x20037b8f      0x1  main.o [1]
  .bss                zero     0x20037b90      0x1  main.o [1]
  .bss                zero     0x20037b91      0x1  main.o [1]
  .bss                zero     0x20037b92      0x1  main.o [1]
  .bss                zero     0x20037b93      0x1  main.o [1]
  .bss                zero     0x20037b94      0x1  main.o [1]
  .bss                zero     0x20037b95      0x1  main.o [1]
  .bss                zero     0x20037b96      0x1  main.o [1]
  .bss                zero     0x20037b97      0x1  main.o [1]
  .bss                zero     0x20037b98      0x1  main.o [1]
  .bss                zero     0x20037b99      0x1  waverecorder.o [1]
  .bss                zero     0x20037b9a      0x1  waverecorder.o [1]
  .bss                zero     0x20037b9b      0x1  waverecorder.o [1]
  .bss                zero     0x20037b9c      0x1  waverecorder.o [1]
  .bss                zero     0x20037b9d      0x1  waverecorder.o [1]
  .bss                zero     0x20037b9e      0x1  waverecorder.o [1]
  .bss                zero     0x20037b9f      0x1  waverecorder.o [1]
  .bss                zero     0x20037ba0      0x1  waverecorder.o [1]
  .bss                zero     0x20037ba1      0x1  waverecorder.o [1]
  .bss                zero     0x20037ba2      0x1  waverecorder.o [1]
  .bss                zero     0x20037ba3      0x1  waverecorder.o [1]
  .bss                zero     0x20037ba4      0x1  waverecorder.o [1]
  .bss                zero     0x20037ba5      0x1  waverecorder.o [1]
  .bss                zero     0x20037ba6      0x1  waverecorder.o [1]
                             - 0x20037ba7  0x276c7

"P3", part 3 of 3:                          0x4000
  CSTACK                       0x20037ba8   0x2000  <Block>
    CSTACK            uninit   0x20037ba8   0x2000  <Block tail>
  HEAP                         0x20039ba8   0x2000  <Block>
    HEAP              uninit   0x20039ba8   0x2000  <Block tail>
                             - 0x2003bba8   0x4000


*******************************************************************************
*** INIT TABLE
***

          Address     Size
          -------     ----
Zero (__iar_zero_init3)
    1 destination range, total size 0x276c7:
          0x200104e0  0x276c7

Copy/lz77 (__iar_lz77_init3)
    1 source range, total size 0x2cd (57% of destination):
          0x08028e7c    0x2cd
    1 destination range, total size 0x4e0:
          0x20010000    0x4e0



*******************************************************************************
*** MODULE SUMMARY
***

    Module                      ro code  ro data  rw data
    ------                      -------  -------  -------
D:\sop1hc\Github\data\Mic_Array_V00\Mic_Array\Projects\STM32746G\Applications\Audio\Mic_Array\EWARM\STM32F7\Obj: [1]
    DSP.o                           278                 4
    audio_codec.o                 4 032        1      202
    main.o                        3 906      181    2 702
    sta321mp.o                    2 320       67      134
    startup_stm32f746xx.o           780
    stm32746g_discovery.o           280        8
    stm32f7xx_hal.o                 124                 4
    stm32f7xx_hal_cortex.o          356
    stm32f7xx_hal_dma.o          14 684
    stm32f7xx_hal_gpio.o            620
    stm32f7xx_hal_hcd.o           3 378
    stm32f7xx_hal_i2c.o           2 432
    stm32f7xx_hal_i2c_ex.o          132
    stm32f7xx_hal_i2s.o             420
    stm32f7xx_hal_pwr_ex.o          132
    stm32f7xx_hal_rcc.o           2 224       16
    stm32f7xx_hal_rcc_ex.o        2 208
    stm32f7xx_hal_spi.o           2 130
    stm32f7xx_hal_uart.o          2 342
    stm32f7xx_it.o                  124                 4
    stm32f7xx_ll_usb.o              898
    system_stm32f7xx.o              108        2        4
    usbh_conf.o                      76               660
    usbh_core.o                     188       24
    usbh_pipes.o                     36
    waveplayer _CS43L22.o           172        1       69
    waverecorder.o                6 088           157 032
    -----------------------------------------------------
    Total:                       50 468      300  160 815

command line: [2]
    -----------------------------------------------------
    Total:

dl7M_tlf.a: [3]
    XShHandles.o                    224               128
    XShttio.o                         8        5        8
    abort.o                           6
    dlmalloc.o                    5 360               496
    errno.o                          12        2        4
    exit.o                            4
    fclose.o                        122
    fflush.o                        176
    fputc.o                          86
    fseek.o                          34
    low_level_init.o                  4
    printf.o                         36
    putchar.o                        12
    setlocale.o                      20       67      116
    sprintf.o                        52
    xcloseall.o                      88
    xencoding_sb.o                   96
    xfgpos.o                         10
    xfiles.o                                 128      384
    xfofind.o                       124
    xfspos.o                        214
    xfwprep.o                       182
    xgetmemchunk.o                   44                 4
    xmbcurmax.o                      10
    xmbtowc.o                        32
    xprintfsmall.o                1 988
    xprout.o                         22
    xsprout.o                        10
    xsyslock_nop.o                    4
    xtls.o                            2
    xwctomb.o                        26
    -----------------------------------------------------
    Total:                        9 008      202    1 140

iar_cortexM7ls_math.a: [4]
    arm_cfft_radix4_init_f32.o      176
    arm_common_tables.o                   34 816
    arm_rfft_init_f32.o          32 888   32 768
    -----------------------------------------------------
    Total:                       33 064   67 584

libPDMFilter_CM7_IAR.a: [5]
    pdm_filter.o                  1 360      443      772
    -----------------------------------------------------
    Total:                        1 360      443      772

m7M_tls.a: [6]
    DblAdd.o                        232
    DblCmpEq.o                       32
    DblCmpGe.o                       46
    DblCmpLe.o                       46
    DblDiv.o                        598
    DblMul.o                        418
    DblSub.o                        384
    DblToFlt.o                      144
    DblToI32.o                       76
    FltCmpEq.o                       28
    FltCmpLe.o                       36
    FltMul.o                         18
    FltToDbl.o                       78
    I32ToDbl.o                       48
    U32ToFlt.o                       14
    fmod.o                          424
    fpinit_M.o                       34
    sqrt.o                          240
    xdint.o                         122
    xquad.o                         360
    xsin.o                        1 104
    -----------------------------------------------------
    Total:                        4 482

rt7M_tl.a: [7]
    ABImemcpy_unaligned.o           118
    cexit.o                          14
    cmain.o                          26
    cstart_closeall.o
    cstartup_M.o                     12
    data_init.o                      40
    iarEdom.o                        12
    lz77_init.o                     452
    memchr.o                         88
    strchr.o                         22
    strlen.o                         54
    zero_init3.o                     64
    -----------------------------------------------------
    Total:                          902

shb_l.a: [8]
    close.o                          26
    dwrite.o                         30
    exit.o                           20
    iarttio.o                       108
    iarwrite.o                       34
    iarwstd.o                        32
    lseek.o                          76
    remove.o                         22
    write.o                          16
    -----------------------------------------------------
    Total:                          364

    Gaps                             40        4
    Linker created                            44   16 384
---------------------------------------------------------
    Grand Total:                 99 688   68 577  179 111


*******************************************************************************
*** ENTRY LIST
***

Entry                      Address    Size  Type      Object
-----                      -------    ----  ----      ------
.iar.init_table$$Base   0x08028bc4           --   Gb  - Linker created -
.iar.init_table$$Limit  0x08028bf0           --   Gb  - Linker created -
?main                   0x08028bf1          Code  Gb  cmain.o [7]
ADD_U8                  0x08026df5    0x18  Code  Gb  main.o [1]
APBAHBPrescTable        0x08028d14    0x10  Data  Gb  stm32f7xx_hal_rcc.o [1]
AUDIO_Init              0x0801fd15    0x36  Code  Gb  audio_codec.o [1]
AUDIO_InitApplication   0x0802307d     0xc  Code  Gb  waveplayer _CS43L22.o [1]
Audio_MAL_Play          0x08020869    0xb4  Code  Gb  audio_codec.o [1]
Audio_Play_Out          0x0802194f    0xe2  Code  Lc  main.o [1]
BSP_AUDIO_OUT_ClockConfig
                        0x08021f8f    0x70  Code  Gb  main.o [1]
BSP_LED_Init            0x08023469    0xc8  Code  Gb  stm32746g_discovery.o [1]
BSP_LED_Toggle          0x08023531    0x42  Code  Gb  stm32746g_discovery.o [1]
Buffer1                 0x200104e0  0x80a0  Data  Gb  waverecorder.o [1]
Buffer2                 0x20018580  0x80a0  Data  Gb  waverecorder.o [1]
Buffer3                 0x20020620  0x80a0  Data  Gb  waverecorder.o [1]
BusFault_Handler        0x0802887f     0x2  Code  Gb  stm32f7xx_it.o [1]
ButtonInit              0x0802247d    0x4e  Code  Gb  main.o [1]
CPU_CACHE_Enable        0x08021fff     0xc  Code  Lc  main.o [1]
CSTACK$$Base            0x20037ba8           --   Gb  - Linker created -
CSTACK$$Limit           0x20039ba8           --   Gb  - Linker created -
Codec_AudioInterface_Init
                        0x080207ef     0xc  Code  Lc  audio_codec.o [1]
Codec_CtrlInterface_Init
                        0x080207e7     0x8  Code  Lc  audio_codec.o [1]
Codec_GPIO_Init         0x080207fb    0x40  Code  Lc  audio_codec.o [1]
Codec_Init              0x08020661    0xac  Code  Lc  audio_codec.o [1]
Codec_Reset             0x08020785    0x24  Code  Lc  audio_codec.o [1]
Codec_TIMEOUT_UserCallback
                        0x08022ff1     0x4  Code  Gb  waveplayer _CS43L22.o [1]
Codec_VolumeCtrl        0x08020721    0x64  Code  Lc  audio_codec.o [1]
Codec_WriteRegister     0x080207a9    0x3e  Code  Lc  audio_codec.o [1]
Command_index           0x200104de     0x1  Data  Gb  main.o [1]
CrssCor                 0x08023351    0xf6  Code  Gb  DSP.o [1]
DFT_Init                0x08022299    0x5e  Code  Gb  main.o [1]
DMA1_Stream0_IRQHandler
                        0x08020657     0x2  Code  Gb  audio_codec.o [1]
DMA1_Stream7_IRQHandler
                        0x0801fd4b   0x90c  Code  Gb  audio_codec.o [1]
DMA2_Stream4_IRQHandler
                        0x080288f1     0x2  Code  Gb  stm32f7xx_it.o [1]
DMA2_Stream5_IRQHandler
                        0x0801d6d3     0xc  Code  Gb  waverecorder.o [1]
DMA2_Stream6_IRQHandler
                        0x0801d6df     0xc  Code  Gb  waverecorder.o [1]
DMA2_Stream7_IRQHandler
                        0x080288f3     0x2  Code  Gb  stm32f7xx_it.o [1]
DMA_SetConfig           0x08018af1    0x2e  Code  Gb  stm32f7xx_hal_dma.o [1]
DebugMon_Handler        0x08028885     0x2  Code  Gb  stm32f7xx_it.o [1]
Delay                   0x08020855    0x14  Code  Lc  audio_codec.o [1]
DmaHandle               0x20037730    0x50  Data  Gb  audio_codec.o [1]
EXTI15_10_IRQHandler    0x08022221     0x2  Code  Gb  main.o [1]
EXTI4_IRQHandler        0x080221d1    0x3e  Code  Gb  main.o [1]
EXTI9_5_IRQHandler      0x08022223    0x54  Code  Gb  main.o [1]
EnergySound             0x20037b28     0x4  Data  Gb  DSP.o [1]
FFT_Update              0x080217f3   0x15c  Code  Lc  main.o [1]
FacMic                  0x200379f8    0x18  Data  Gb  main.o [1]
FactorUpd               0x0802344d    0x1a  Code  Gb  DSP.o [1]
Filter                  0x2003759c    0x68  Data  Gb  waverecorder.o [1]
GPIO_INS                0x20037aa0    0x14  Data  Gb  main.o [1]
GPIO_PIN                0x08028d40     0x8  Data  Gb  stm32746g_discovery.o [1]
HAL_DMA_DeInit          0x08018ba1   0xfe8  Code  Gb  stm32f7xx_hal_dma.o [1]
HAL_DMA_IRQHandler      0x08019c61  0x2798  Code  Gb  stm32f7xx_hal_dma.o [1]
HAL_DMA_Init            0x08018b1f    0x7c  Code  Gb  stm32f7xx_hal_dma.o [1]
HAL_DMA_Start_IT        0x08019bd9    0x86  Code  Gb  stm32f7xx_hal_dma.o [1]
HAL_Delay               0x0801fcf3    0x1a  Code  Wk  stm32f7xx_hal.o [1]
HAL_GPIO_Init           0x0801dc15   0x1f6  Code  Gb  stm32f7xx_hal_gpio.o [1]
HAL_GPIO_ReadPin        0x0801de0b    0x18  Code  Gb  stm32f7xx_hal_gpio.o [1]
HAL_GPIO_TogglePin      0x0801de37     0xa  Code  Gb  stm32f7xx_hal_gpio.o [1]
HAL_GPIO_WritePin       0x0801de23    0x14  Code  Gb  stm32f7xx_hal_gpio.o [1]
HAL_GetTick             0x0801fced     0x6  Code  Wk  stm32f7xx_hal.o [1]
HAL_HCD_Connect_Callback
                        0x08028167     0xe  Code  Gb  usbh_conf.o [1]
HAL_HCD_Disconnect_Callback
                        0x08028175     0xe  Code  Gb  usbh_conf.o [1]
HAL_HCD_HC_NotifyURBChange_Callback
                        0x08028183     0x2  Code  Gb  usbh_conf.o [1]
HAL_HCD_IRQHandler      0x080270a1   0x13c  Code  Gb  stm32f7xx_hal_hcd.o [1]
HAL_HCD_SOF_Callback    0x08028159     0xe  Code  Gb  usbh_conf.o [1]
HAL_HCD_Start           0x080271dd    0x2e  Code  Gb  stm32f7xx_hal_hcd.o [1]
HAL_HCD_Stop            0x0802720b    0x26  Code  Gb  stm32f7xx_hal_hcd.o [1]
HAL_I2CEx_ConfigAnalogFilter
                        0x08023089    0x84  Code  Gb  stm32f7xx_hal_i2c_ex.o [1]
HAL_I2C_EV_IRQHandler   0x0802287d   0x12e  Code  Gb  stm32f7xx_hal_i2c.o [1]
HAL_I2C_ErrorCallback   0x080229b7     0x2  Code  Wk  stm32f7xx_hal_i2c.o [1]
HAL_I2C_GetError        0x080229b9     0x4  Code  Gb  stm32f7xx_hal_i2c.o [1]
HAL_I2C_Init            0x0802265d    0xbc  Code  Gb  stm32f7xx_hal_i2c.o [1]
HAL_I2C_MasterRxCpltCallback
                        0x080229ad     0x2  Code  Wk  stm32f7xx_hal_i2c.o [1]
HAL_I2C_MasterTxCpltCallback
                        0x080229ab     0x2  Code  Wk  stm32f7xx_hal_i2c.o [1]
HAL_I2C_Master_Transmit
                        0x08022719   0x15e  Code  Gb  stm32f7xx_hal_i2c.o [1]
HAL_I2C_MemRxCpltCallback
                        0x080229b5     0x2  Code  Wk  stm32f7xx_hal_i2c.o [1]
HAL_I2C_MemTxCpltCallback
                        0x080229b3     0x2  Code  Wk  stm32f7xx_hal_i2c.o [1]
HAL_I2C_MspInit         0x0802200b    0xe6  Code  Gb  main.o [1]
HAL_I2C_SlaveRxCpltCallback
                        0x080229b1     0x2  Code  Wk  stm32f7xx_hal_i2c.o [1]
HAL_I2C_SlaveTxCpltCallback
                        0x080229af     0x2  Code  Wk  stm32f7xx_hal_i2c.o [1]
HAL_I2S_Init            0x0801ec2d   0x126  Code  Gb  stm32f7xx_hal_i2s.o [1]
HAL_I2S_MspInit         0x0802095d   0x2d2  Code  Gb  audio_codec.o [1]
HAL_I2S_TxCpltCallback  0x08022529    0x22  Code  Gb  main.o [1]
HAL_IncTick             0x0801fce1     0xc  Code  Wk  stm32f7xx_hal.o [1]
HAL_Init                0x0801fc99    0x22  Code  Gb  stm32f7xx_hal.o [1]
HAL_InitTick            0x0801fcbd    0x24  Code  Wk  stm32f7xx_hal.o [1]
HAL_MspInit             0x0801fcbb     0x2  Code  Wk  stm32f7xx_hal.o [1]
HAL_NVIC_DisableIRQ     0x0801eef5     0xe  Code  Gb  stm32f7xx_hal_cortex.o [1]
HAL_NVIC_EnableIRQ      0x0801eee7     0xe  Code  Gb  stm32f7xx_hal_cortex.o [1]
HAL_NVIC_SetPriority    0x0801eec1    0x26  Code  Gb  stm32f7xx_hal_cortex.o [1]
HAL_NVIC_SetPriorityGrouping
                        0x0801eeb5     0xc  Code  Gb  stm32f7xx_hal_cortex.o [1]
HAL_PWREx_EnableOverDrive
                        0x0802481d    0x76  Code  Gb  stm32f7xx_hal_pwr_ex.o [1]
HAL_RCCEx_GetPeriphCLKConfig
                        0x08024f49   0x1c6  Code  Gb  stm32f7xx_hal_rcc_ex.o [1]
HAL_RCCEx_PeriphCLKConfig
                        0x080248a1   0x6a8  Code  Gb  stm32f7xx_hal_rcc_ex.o [1]
HAL_RCC_ClockConfig     0x080213cd   0x256  Code  Gb  stm32f7xx_hal_rcc.o [1]
HAL_RCC_GetHCLKFreq     0x080216c7    0x28  Code  Gb  stm32f7xx_hal_rcc.o [1]
HAL_RCC_GetPCLK1Freq    0x080216ef    0x20  Code  Gb  stm32f7xx_hal_rcc.o [1]
HAL_RCC_GetPCLK2Freq    0x0802170f    0x20  Code  Gb  stm32f7xx_hal_rcc.o [1]
HAL_RCC_GetSysClockFreq
                        0x08021623    0xa4  Code  Gb  stm32f7xx_hal_rcc.o [1]
HAL_RCC_OscConfig       0x08020eb5   0x518  Code  Gb  stm32f7xx_hal_rcc.o [1]
HAL_SPI_ErrorCallback   0x0801e80d     0x2  Code  Wk  stm32f7xx_hal_spi.o [1]
HAL_SPI_Init            0x0801e3d1    0xd8  Code  Gb  stm32f7xx_hal_spi.o [1]
HAL_SPI_MspInit         0x0801d0c1   0x5ca  Code  Gb  waverecorder.o [1]
HAL_SPI_Receive_DMA     0x0801e4a9   0x14c  Code  Gb  stm32f7xx_hal_spi.o [1]
HAL_SPI_RxCpltCallback  0x0801d6fd    0xb8  Code  Gb  waverecorder.o [1]
HAL_SPI_RxHalfCpltCallback
                        0x0801e809     0x2  Code  Wk  stm32f7xx_hal_spi.o [1]
HAL_SPI_TransmitReceive_DMA
                        0x0801e5f5   0x212  Code  Gb  stm32f7xx_hal_spi.o [1]
HAL_SPI_TxRxCpltCallback
                        0x0801e807     0x2  Code  Wk  stm32f7xx_hal_spi.o [1]
HAL_SPI_TxRxHalfCpltCallback
                        0x0801e80b     0x2  Code  Wk  stm32f7xx_hal_spi.o [1]
HAL_SYSTICK_Config      0x0801ef03     0xc  Code  Gb  stm32f7xx_hal_cortex.o [1]
HAL_UART_ErrorCallback  0x0802419d     0x2  Code  Wk  stm32f7xx_hal_uart.o [1]
HAL_UART_IRQHandler     0x08023fc3    0xf8  Code  Gb  stm32f7xx_hal_uart.o [1]
HAL_UART_Init           0x08023ec5    0x7e  Code  Gb  stm32f7xx_hal_uart.o [1]
HAL_UART_MspInit        0x08022151    0x80  Code  Gb  main.o [1]
HAL_UART_RxCpltCallback
                        0x0802419b     0x2  Code  Wk  stm32f7xx_hal_uart.o [1]
HAL_UART_Transmit_IT    0x08023f43    0x80  Code  Gb  stm32f7xx_hal_uart.o [1]
HAL_UART_TxCpltCallback
                        0x08024199     0x2  Code  Wk  stm32f7xx_hal_uart.o [1]
HCD_HC_IN_IRQHandler    0x08027231   0x4f0  Code  Lc  stm32f7xx_hal_hcd.o [1]
HCD_HC_OUT_IRQHandler   0x08027721   0x4d8  Code  Lc  stm32f7xx_hal_hcd.o [1]
HCD_Port_IRQHandler     0x08027cf5    0xde  Code  Lc  stm32f7xx_hal_hcd.o [1]
HCD_RXQLVL_IRQHandler   0x08027bf9    0xf8  Code  Lc  stm32f7xx_hal_hcd.o [1]
HEAP$$Base              0x20039ba8           --   Gb  - Linker created -
HEAP$$Limit             0x2003bba8           --   Gb  - Linker created -
HardFault_Handler       0x0802887b     0x2  Code  Gb  stm32f7xx_it.o [1]
I2C1_EV_IRQHandler      0x080288bb     0xa  Code  Gb  stm32f7xx_it.o [1]
I2C2_EV_IRQHandler      0x080288c5     0xa  Code  Gb  stm32f7xx_it.o [1]
I2C_IsAcknowledgeFailed
                        0x08022f0b    0x9e  Code  Lc  stm32f7xx_hal_i2c.o [1]
I2C_MasterReceive_ISR   0x08022b11   0x152  Code  Lc  stm32f7xx_hal_i2c.o [1]
I2C_MasterTransmit_ISR  0x080229bd   0x152  Code  Lc  stm32f7xx_hal_i2c.o [1]
I2C_SlaveReceive_ISR    0x08022d25    0xae  Code  Lc  stm32f7xx_hal_i2c.o [1]
I2C_SlaveTransmit_ISR   0x08022c63    0xc2  Code  Lc  stm32f7xx_hal_i2c.o [1]
I2C_TransferConfig      0x08022fa9    0x2a  Code  Lc  stm32f7xx_hal_i2c.o [1]
I2C_WaitOnFlagUntilTimeout
                        0x08022dd9    0x8e  Code  Lc  stm32f7xx_hal_i2c.o [1]
I2C_WaitOnSTOPFlagUntilTimeout
                        0x08022ebb    0x50  Code  Lc  stm32f7xx_hal_i2c.o [1]
I2C_WaitOnTXISFlagUntilTimeout
                        0x08022e67    0x54  Code  Lc  stm32f7xx_hal_i2c.o [1]
I2S1_Init               0x0801cd69    0x5e  Code  Lc  waverecorder.o [1]
I2S1_stNipple           0x20037b7e     0x2  Data  Gb  waverecorder.o [1]
I2S1_stPosShft          0x20037b9e     0x1  Data  Gb  waverecorder.o [1]
I2S2_Init               0x0801cdc7    0x5e  Code  Lc  waverecorder.o [1]
I2S2_idxTmp             0x20037b48     0x2  Data  Gb  main.o [1]
I2S2_stNipple           0x20037b80     0x2  Data  Gb  waverecorder.o [1]
I2S2_stPosShft          0x20037b9f     0x1  Data  Gb  waverecorder.o [1]
I2S3_Init               0x08022ff5    0x78  Code  Gb  waveplayer _CS43L22.o [1]
I2S_GetClockFreq        0x0801ed53    0x66  Code  Lc  stm32f7xx_hal_i2s.o [1]
IS                      0x20037a70    0x18  Data  Gb  main.o [1]
ISS                     0x20037b04    0x14  Data  Gb  main.o [1]
InStream_Read           0x080282a9    0x22  Code  Lc  lz77_init.o [7]
LoadInt                 0x08026a61    0x4c  Code  Lc  xprintfsmall.o [3]
MIC1TO6_Init            0x0801ccd9    0x90  Code  Gb  waverecorder.o [1]
MX_I2C1_Init            0x08020c35    0x48  Code  Gb  audio_codec.o [1]
MX_I2C2_Init            0x080224d1    0x50  Code  Gb  main.o [1]
MemManage_Handler       0x0802887d     0x2  Code  Gb  stm32f7xx_it.o [1]
NMI_Handler             0x08028879     0x2  Code  Gb  stm32f7xx_it.o [1]
NVIC_DisableIRQ         0x0801ee0d    0x14  Code  Lc  stm32f7xx_hal_cortex.o [1]
NVIC_EnableIRQ          0x0801edf9    0x14  Code  Lc  stm32f7xx_hal_cortex.o [1]
NVIC_EncodePriority     0x0801ee47    0x3e  Code  Lc  stm32f7xx_hal_cortex.o [1]
NVIC_GetPriorityGrouping
                        0x0801edef     0xa  Code  Lc  stm32f7xx_hal_cortex.o [1]
NVIC_SetPriority        0x0801ee21    0x26  Code  Lc  stm32f7xx_hal_cortex.o [1]
NVIC_SetPriorityGrouping
                        0x0801edd1    0x1e  Code  Lc  stm32f7xx_hal_cortex.o [1]
OTG_FS_IRQHandler       0x080288cf     0xa  Code  Gb  stm32f7xx_it.o [1]
OutStream_Write         0x080282cb    0x40  Code  Lc  lz77_init.o [7]
OutputDev               0x20037b88     0x1  Data  Gb  audio_codec.o [1]
PDM2PCMSDO78            0x0801d7e5   0x3b2  Code  Gb  waverecorder.o [1]
PDM_Filter_64_LSB       0x0801e081   0x31e  Code  Gb  pdm_filter.o [5]
PDM_Filter_Init         0x0801de81   0x1fe  Code  Gb  pdm_filter.o [5]
PendSV_Handler          0x08028887     0x2  Code  Gb  stm32f7xx_it.o [1]
Region$$Table$$Base     0x08028bc4           --   Gb  - Linker created -
Region$$Table$$Limit    0x08028bf0           --   Gb  - Linker created -
S1                      0x20037a10    0x18  Data  Gb  main.o [1]
S2                      0x20037a28    0x18  Data  Gb  main.o [1]
S3                      0x20037a40    0x18  Data  Gb  main.o [1]
S4                      0x20037a58    0x18  Data  Gb  main.o [1]
SCB_EnableDCache        0x0802178f    0x64  Code  Lc  main.o [1]
SCB_EnableICache        0x08021765    0x2a  Code  Lc  main.o [1]
SPI1_IRQHandler         0x0801c44d   0x234  Code  Gb  waverecorder.o [1]
SPI1_stNipple           0x20037b7c     0x2  Data  Gb  waverecorder.o [1]
SPI2_IRQHandler         0x0801c681   0x246  Code  Gb  waverecorder.o [1]
SPI3_IRQHandler         0x08020659     0x8  Code  Gb  audio_codec.o [1]
SPI4_IRQHandler         0x0801c8c7   0x246  Code  Gb  waverecorder.o [1]
SPI4_Init               0x0801ce2d    0x7c  Code  Gb  waverecorder.o [1]
SPI4_stPosShft          0x20037ba0     0x1  Data  Gb  waverecorder.o [1]
SPI5_IRQHandler         0x0801cb0d    0xec  Code  Gb  waverecorder.o [1]
SPI5_Init               0x0801ceb1    0xfe  Code  Gb  waverecorder.o [1]
SPI6_IRQHandler         0x0801cbf9    0xe0  Code  Gb  waverecorder.o [1]
SPI6_Init               0x0801cfc1    0x7c  Code  Gb  waverecorder.o [1]
SPI_DMAError            0x0801e9e5    0x28  Code  Lc  stm32f7xx_hal_spi.o [1]
SPI_DMAHalfReceiveCplt  0x0801e9c5     0xe  Code  Lc  stm32f7xx_hal_spi.o [1]
SPI_DMAHalfTransmitReceiveCplt
                        0x0801e9d5     0xe  Code  Lc  stm32f7xx_hal_spi.o [1]
SPI_DMAReceiveCplt      0x0801e811    0xe4  Code  Lc  stm32f7xx_hal_spi.o [1]
SPI_DMATransmitReceiveCplt
                        0x0801e8f5    0xd0  Code  Lc  stm32f7xx_hal_spi.o [1]
SPI_EndRxTransaction    0x0801eb59    0x68  Code  Lc  stm32f7xx_hal_spi.o [1]
SPI_EndRxTxTransaction  0x0801ebc1    0x62  Code  Lc  stm32f7xx_hal_spi.o [1]
SPI_I2S_ReceiveData     0x0801d6cd     0x6  Code  Lc  waverecorder.o [1]
SPI_WaitFifoStateUntilTimeout
                        0x0801eaa7    0xb2  Code  Lc  stm32f7xx_hal_spi.o [1]
SPI_WaitFlagStateUntilTimeout
                        0x0801ea0d    0x9a  Code  Lc  stm32f7xx_hal_spi.o [1]
SS1                     0x20037ab4    0x14  Data  Gb  main.o [1]
SS2                     0x20037ac8    0x14  Data  Gb  main.o [1]
SS3                     0x20037adc    0x14  Data  Gb  main.o [1]
SS4                     0x20037af0    0x14  Data  Gb  main.o [1]
STA321MP_DefautLoad     0x08023e33    0x2c  Code  Lc  sta321mp.o [1]
STA321MP_Ini            0x08023581   0x254  Code  Gb  sta321mp.o [1]
STACoefSet              0x08023831   0x332  Code  Gb  sta321mp.o [1]
SVC_Handler             0x08028883     0x2  Code  Gb  stm32f7xx_it.o [1]
SetCoefValue            0x08023c11    0x6a  Code  Gb  sta321mp.o [1]
SrvB_Debound            0x080247eb    0x32  Code  Gb  main.o [1]
SumDelay                0x08022345   0x10a  Code  Gb  main.o [1]
SysTick_Config          0x0801ee85    0x30  Code  Lc  stm32f7xx_hal_cortex.o [1]
SysTick_Handler         0x08028889    0x26  Code  Gb  stm32f7xx_it.o [1]
SystemClock_Config      0x08021edf    0xb0  Code  Lc  main.o [1]
SystemCoreClock         0x200104d4     0x4  Data  Gb  system_stm32f7xx.o [1]
SystemInit              0x08028a1d    0x4c  Code  Gb  system_stm32f7xx.o [1]
T0                      0x20010004   0x100  Data  Gb  pdm_filter.o [5]
T1                      0x20010104   0x100  Data  Gb  pdm_filter.o [5]
T2                      0x20010204   0x100  Data  Gb  pdm_filter.o [5]
TestSDO12               0x200286c0  0x2000  Data  Gb  waverecorder.o [1]
TestSDO34               0x2002a6c0  0x2000  Data  Gb  waverecorder.o [1]
TestSDO56               0x2002c6c0  0x2000  Data  Gb  waverecorder.o [1]
TestSDO7                0x2002e6c0  0x2000  Data  Gb  waverecorder.o [1]
TestSDO7_1              0x200326c0  0x2000  Data  Gb  waverecorder.o [1]
TestSDO8                0x200306c0  0x2000  Data  Gb  waverecorder.o [1]
TestSDO8_1              0x200346c0  0x2000  Data  Gb  waverecorder.o [1]
UART_AdvFeatureConfig   0x080246b9    0xda  Code  Gb  stm32f7xx_hal_uart.o [1]
UART_CheckIdleState     0x08024793    0x58  Code  Gb  stm32f7xx_hal_uart.o [1]
UART_EndTransmit_IT     0x0802424b    0x3c  Code  Lc  stm32f7xx_hal_uart.o [1]
UART_Receive_IT         0x08024287    0xa6  Code  Lc  stm32f7xx_hal_uart.o [1]
UART_SetConfig          0x0802432d   0x35c  Code  Gb  stm32f7xx_hal_uart.o [1]
UART_Transmit_IT        0x0802419f    0xac  Code  Lc  stm32f7xx_hal_uart.o [1]
UART_WaitOnFlagUntilTimeout
                        0x080240bb    0xde  Code  Gb  stm32f7xx_hal_uart.o [1]
USART3_IRQHandler       0x080288b1     0xa  Code  Gb  stm32f7xx_it.o [1]
USART3_Init             0x080220f1    0x60  Code  Gb  main.o [1]
USART6_IRQHandler       0x080288af     0x2  Code  Gb  stm32f7xx_it.o [1]
USBH_FreePipe           0x08028261    0x24  Code  Gb  usbh_pipes.o [1]
USBH_HandleSof          0x080281bb    0x1e  Code  Lc  usbh_core.o [1]
USBH_LL_Connect         0x080281d9    0x32  Code  Gb  usbh_core.o [1]
USBH_LL_Disconnect      0x0802820b    0x4c  Code  Gb  usbh_core.o [1]
USBH_LL_IncTimer        0x080281a5    0x16  Code  Gb  usbh_core.o [1]
USBH_LL_Start           0x08028185    0x10  Code  Gb  usbh_conf.o [1]
USBH_LL_Stop            0x08028195    0x10  Code  Gb  usbh_conf.o [1]
USB_DisableGlobalInt    0x08027de3     0xe  Code  Gb  stm32f7xx_ll_usb.o [1]
USB_DriveVbus           0x08027ec9    0x4a  Code  Gb  stm32f7xx_ll_usb.o [1]
USB_EnableGlobalInt     0x08027dd5     0xe  Code  Gb  stm32f7xx_ll_usb.o [1]
USB_FlushRxFifo         0x08027e15    0x20  Code  Gb  stm32f7xx_ll_usb.o [1]
USB_FlushTxFifo         0x08027df1    0x24  Code  Gb  stm32f7xx_ll_usb.o [1]
USB_GetMode             0x08027e6f     0x8  Code  Gb  stm32f7xx_ll_usb.o [1]
USB_HC_Halt             0x08027f1d   0x186  Code  Gb  stm32f7xx_ll_usb.o [1]
USB_HC_ReadInterrupt    0x08027f13     0xa  Code  Gb  stm32f7xx_ll_usb.o [1]
USB_InitFSLSPClkSel     0x08027e7d    0x4c  Code  Gb  stm32f7xx_ll_usb.o [1]
USB_ReadInterrupts      0x08027e61     0xe  Code  Gb  stm32f7xx_ll_usb.o [1]
USB_ReadPacket          0x08027e35    0x2c  Code  Gb  stm32f7xx_ll_usb.o [1]
USB_StopHost            0x080280a3    0xb4  Code  Gb  stm32f7xx_ll_usb.o [1]
UsageFault_Handler      0x08028881     0x2  Code  Gb  stm32f7xx_it.o [1]
Volume                  0x200104dc     0x1  Data  Gb  audio_codec.o [1]
WavePlayerInit          0x08022fdd    0x14  Code  Gb  waveplayer _CS43L22.o [1]
WaveRec_idxSens1        0x20037b4a     0x2  Data  Gb  main.o [1]
WaveRec_idxSens2        0x20037b4c     0x2  Data  Gb  main.o [1]
WaveRec_idxSens3        0x20037b46     0x2  Data  Gb  main.o [1]
WaveRec_idxSens4        0x20037b44     0x2  Data  Gb  main.o [1]
WaveRec_idxSens5        0x20037b4e     0x2  Data  Gb  main.o [1]
WaveRec_idxSens6        0x20037b50     0x2  Data  Gb  main.o [1]
WaveRecord_flgIni       0x20037b99     0x1  Data  Gb  waverecorder.o [1]
WaveRecord_flgSDO7Finish
                        0x20037b9c     0x1  Data  Gb  waverecorder.o [1]
WaveRecord_flgSDO8Finish
                        0x20037b9d     0x1  Data  Gb  waverecorder.o [1]
WriteCoef               0x08023b63    0xae  Code  Gb  sta321mp.o [1]
WriteSTAByte            0x080237d5    0x5c  Code  Gb  sta321mp.o [1]
XferCplt                0x20037b34     0x4  Data  Gb  waveplayer _CS43L22.o [1]
_Close_all              0x08028a89    0x58  Code  Gb  xcloseall.o [3]
_EncodingSb_Mbtowc      0x08026fe7    0x30  Code  Gb  xencoding_sb.o [3]
_EncodingSb_Wctomb      0x08026fcd    0x1a  Code  Gb  xencoding_sb.o [3]
_Files                  0x200104ac    0x20  Data  Gb  xfiles.o [3]
_Fofree                 0x080288f5    0x78  Code  Gb  xfofind.o [3]
_Fspos                  0x0802854d    0xd6  Code  Gb  xfspos.o [3]
_Fwprep                 0x0802879f    0xb6  Code  Gb  xfwprep.o [3]
_IsdstStr               0x20010308     0x4  Data  Gb  setlocale.o [3]
_LitobSmall             0x08026cdf    0xce  Code  Lc  xprintfsmall.o [3]
_LocaleEncoding         0x08026fb9     0xe  Code  Gb  setlocale.o [3]
_LocaleReturnString     0x20010328    0x50  Data  Lc  setlocale.o [3]
_Locale_Profile         0x2001030c    0x1c  Data  Gb  setlocale.o [3]
_Mbtowc                 0x08026e41    0x20  Code  Gb  xmbtowc.o [3]
_Nnl                    0x080286d5     0xa  Code  Gb  xfgpos.o [3]
_PrintfSmall            0x08026631   0x430  Code  Gb  xprintfsmall.o [3]
_Prout                  0x08028c3d    0x16  Code  Gb  xprout.o [3]
_PutcharsSmall          0x08026dad    0x2e  Code  Lc  xprintfsmall.o [3]
_PutstrSmall            0x08026aad   0x228  Code  Lc  xprintfsmall.o [3]
_SProut                 0x0801ec23     0xa  Code  Gb  xsprout.o [3]
_TzoneStr               0x20010304     0x4  Data  Gb  setlocale.o [3]
_Wctomb                 0x08026f13    0x1a  Code  Gb  xwctomb.o [3]
__aeabi_cdcmpeq         0x08023189          Code  Gb  DblCmpEq.o [6]
__aeabi_cdcmple         0x08020cd5          Code  Gb  DblCmpLe.o [6]
__aeabi_cdrcmple        0x08020d05          Code  Gb  DblCmpGe.o [6]
__aeabi_cfcmpeq         0x0801ef35          Code  Gb  FltCmpEq.o [6]
__aeabi_cfcmple         0x0801ef61          Code  Gb  FltCmpLe.o [6]
__aeabi_d2f             0x0801f549          Code  Gb  DblToFlt.o [6]
__aeabi_d2iz            0x0801f359          Code  Gb  DblToI32.o [6]
__aeabi_dadd            0x0801f271          Code  Gb  DblAdd.o [6]
__aeabi_ddiv            0x0801f019          Code  Gb  DblDiv.o [6]
__aeabi_dmul            0x0801f3a5          Code  Gb  DblMul.o [6]
__aeabi_dsub            0x0801fa29          Code  Gb  DblSub.o [6]
__aeabi_errno_addr      0x08020d35     0x6  Code  Gb  errno.o [3]
__aeabi_f2d             0x0801ef99          Code  Gb  FltToDbl.o [6]
__aeabi_fmul            0x0801ef85    0x12  Code  Gb  FltMul.o [6]
__aeabi_i2d             0x0801efe9          Code  Gb  I32ToDbl.o [6]
__aeabi_ui2d            0x0801effd          Code  Gb  I32ToDbl.o [6]
__aeabi_ui2f            0x0801ef51     0xe  Code  Gb  U32ToFlt.o [6]
__cexit_closeall        0x08028c17          Code  Gb  cexit.o [7]
__close                 0x080289eb    0x1a  Code  Gb  close.o [8]
__cmain                 0x08028bf1          Code  Gb  cmain.o [7]
__cstart_closeall       0x08028e7c          Data  Gb  cstart_closeall.o [7]
__data_GetMemChunk      0x08026e15    0x2c  Code  Gb  xgetmemchunk.o [3]
__dwrite                0x0802873f    0x1e  Code  Gb  dwrite.o [8]
__exit                  0x08026fa5    0x14  Code  Gb  exit.o [8]
__iar_Dint              0x0802310f    0x7a  Code  Gb  xdint.o [6]
__iar_Errno             0x200104d8     0x4  Data  Gb  errno.o [3]
__iar_Lockfilelock      0x0802872b     0x2  Code  Gb  xsyslock_nop.o [3]
__iar_Mbcurmax          0x08026f09     0xa  Code  Gb  xmbcurmax.o [3]
__iar_Memchr            0x08026eb1          Code  Gb  memchr.o [7]
__iar_Quad              0x08020d41   0x12c  Code  Gb  xquad.o [6]
__iar_Sin               0x0801f5d9   0x3b2  Code  Gb  xsin.o [6]
__iar_Stderr            0x20010448    0x40  Data  Gb  xfiles.o [3]
__iar_Stdin             0x200103c8    0x40  Data  Gb  xfiles.o [3]
__iar_Stdout            0x20010408    0x40  Data  Gb  xfiles.o [3]
__iar_Strchr            0x08026e61          Code  Gb  strchr.o [7]
__iar_Unlockfilelock    0x0802872d     0x2  Code  Gb  xsyslock_nop.o [3]
__iar_close_ttio        0x0802702d    0x2e  Code  Gb  iarttio.o [8]
__iar_d2uiz             0x0801f385          Code  Gb  DblToI32.o [6]
__iar_dadd              0x0801f285          Code  Gb  DblAdd.o [6]
__iar_data_init3        0x08028b79    0x28  Code  Gb  data_init.o [7]
__iar_dlfree            0x08026117   0x510  Code  Gb  dlmalloc.o [3]
__iar_dlib_perthread_access
                        0x0802310d     0x2  Code  Gb  xtls.o [3]
__iar_dlmalloc          0x08025e61   0x2aa  Code  Gb  dlmalloc.o [3]
__iar_dsub              0x0801fa3d          Code  Gb  DblSub.o [6]
__iar_dsubStart         0x0801fa4f          Code  Gb  DblSub.o [6]
__iar_edom              0x08020ea9          Code  Gb  iarEdom.o [7]
__iar_fmod              0x080231a9          Code  Gb  fmod.o [6]
__iar_fmodl             0x080231a9          Code  Gb  fmod.o [6]
__iar_get_ttio          0x0802705d    0x38  Code  Gb  iarttio.o [8]
__iar_init_vfp          0x08028ba1          Code  Gb  fpinit_M.o [6]
__iar_lookup_ttioh      0x08027099     0x8  Code  Gb  XShttio.o [3]
__iar_lz77_init3        0x0802830b   0x162  Code  Gb  lz77_init.o [7]
__iar_program_start     0x08028d35          Code  Gb  cstartup_M.o [7]
__iar_sh_Discard        0x0802846d    0x44  Code  Gb  XShHandles.o [3]
__iar_sh_Move           0x080284b7    0x4c  Code  Gb  XShHandles.o [3]
__iar_sh_Pos            0x08028503    0x44  Code  Gb  XShHandles.o [3]
__iar_sh_stdout         0x0802875d    0x20  Code  Gb  iarwstd.o [8]
__iar_sh_write          0x0802877d    0x22  Code  Gb  iarwrite.o [8]
__iar_sqrt              0x0801fba9          Code  Gb  sqrt.o [6]
__iar_ttio_handles      0x200104cc     0x8  Data  Lc  XShttio.o [3]
__iar_ui2d              0x0801f001          Code  Gb  I32ToDbl.o [6]
__iar_unaligned___aeabi_memcpy
                        0x08026f2d          Code  Gb  ABImemcpy_unaligned.o [7]
__iar_unaligned___aeabi_memcpy4
                        0x08026f4d          Code  Gb  ABImemcpy_unaligned.o [7]
__iar_unaligned___aeabi_memcpy8
                        0x08026f4d          Code  Gb  ABImemcpy_unaligned.o [7]
__iar_zero_init3        0x08028b37    0x40  Code  Gb  zero_init3.o [7]
__low_level_init        0x08028c0b     0x4  Code  Gb  low_level_init.o [3]
__lseek                 0x080286df    0x4c  Code  Gb  lseek.o [8]
__vector_table          0x08000000          Data  Gb  startup_stm32f746xx.o [1]
__write                 0x0802872f    0x10  Code  Gb  write.o [8]
_call_main              0x08028bfd          Code  Gb  cmain.o [7]
_exit                   0x08028c15          Code  Gb  cexit.o [7]
_gm_                    0x20037154   0x1d8  Data  Lc  dlmalloc.o [3]
_main                   0x08028c07          Code  Gb  cmain.o [7]
abort                   0x08026e0d     0x6  Code  Gb  abort.o [3]
armBitRevTable          0x080001c8   0x800  Data  Gb  arm_common_tables.o [4]
arm_cfft_radix4_init_f32
                        0x08010a41    0xb0  Code  Gb  arm_cfft_radix4_init_f32.o [4]
arm_rfft_init_f32       0x080089c9    0x72  Code  Gb  arm_rfft_init_f32.o [4]
btnSW1                  0x20037b89     0x1  Data  Gb  main.o [1]
btnSW2                  0x20037b8a     0x1  Data  Gb  main.o [1]
bufCoefBiquad           0x20037b18    0x10  Data  Gb  sta321mp.o [1]
bufPCMSens7             0x20037b38     0x4  Data  Gb  waverecorder.o [1]
bufPCMSens8             0x20037b3c     0x4  Data  Gb  waverecorder.o [1]
bufferSum               0x200366c0   0x800  Data  Gb  main.o [1]
buffer_switch           0x200104dd     0x1  Data  Gb  main.o [1]
cntOS                   0x20037b30     0x4  Data  Gb  stm32f7xx_it.o [1]
cntPos                  0x20037b6a     0x2  Data  Gb  waverecorder.o [1]
cntPos7                 0x20037b6c     0x2  Data  Gb  waverecorder.o [1]
cntRisingEXTI           0x20037b54     0x2  Data  Gb  main.o [1]
cntStrt                 0x20037b6e     0x2  Data  Gb  waverecorder.o [1]
cntTime200              0x20037b62     0x2  Data  Gb  main.o [1]
codec_sendBeep          0x0802070d    0x14  Code  Gb  audio_codec.o [1]
ebuf                    0x20037820    0x50  Data  Lc  xfiles.o [3]
exit                    0x08028c0f     0x4  Code  Gb  exit.o [3]
fclose                  0x08028971    0x7a  Code  Gb  fclose.o [3]
fflush                  0x0802869b    0x34  Code  Gb  fflush.o [3]
fflushOne               0x08028625    0x76  Code  Lc  fflush.o [3]
flg10ms                 0x20037b8d     0x1  Data  Gb  main.o [1]
flgDlyUpd               0x20037b8b     0x1  Data  Gb  main.o [1]
flgS2                   0x20037b8f     0x1  Data  Gb  main.o [1]
flgS2Flt                0x20037b92     0x1  Data  Gb  main.o [1]
flgS2Ins                0x20037b95     0x1  Data  Gb  main.o [1]
flgS3                   0x20037b90     0x1  Data  Gb  main.o [1]
flgS3Flt                0x20037b93     0x1  Data  Gb  main.o [1]
flgS3Ins                0x20037b96     0x1  Data  Gb  main.o [1]
flgS4                   0x20037b91     0x1  Data  Gb  main.o [1]
flgS4Flt                0x20037b94     0x1  Data  Gb  main.o [1]
flgS4Ins                0x20037b97     0x1  Data  Gb  main.o [1]
fmod                    0x080231a9          Code  Gb  fmod.o [6]
fmodl                   0x080231a9          Code  Gb  fmod.o [6]
fputc                   0x08028ae1    0x56  Code  Gb  fputc.o [3]
fseek                   0x08028855    0x22  Code  Gb  fseek.o [3]
hdma_spi5_rx            0x20037780    0x50  Data  Gb  waverecorder.o [1]
hdma_spi6_rx            0x200377d0    0x50  Data  Gb  waverecorder.o [1]
hhcd                    0x20036ec0   0x294  Data  Gb  usbh_conf.o [1]
hi2c1                   0x20037980    0x3c  Data  Gb  audio_codec.o [1]
hi2c2                   0x200379bc    0x3c  Data  Gb  audio_codec.o [1]
hi2s1                   0x20037900    0x40  Data  Gb  waverecorder.o [1]
hi2s2                   0x20037940    0x40  Data  Gb  waverecorder.o [1]
hi2s3                   0x200378c0    0x40  Data  Gb  waveplayer _CS43L22.o [1]
hspi4                   0x20037604    0x64  Data  Gb  main.o [1]
hspi5                   0x20037668    0x64  Data  Gb  waverecorder.o [1]
hspi6                   0x200376cc    0x64  Data  Gb  waverecorder.o [1]
huart3                  0x2003752c    0x70  Data  Gb  main.o [1]
iSDO12                  0x20037b82     0x2  Data  Gb  waverecorder.o [1]
iSDO34                  0x20037b84     0x2  Data  Gb  waverecorder.o [1]
iSDO56                  0x20037b86     0x2  Data  Gb  waverecorder.o [1]
idxLatency12            0x20037b58     0x2  Data  Gb  main.o [1]
idxLatency13            0x20037b56     0x2  Data  Gb  main.o [1]
idxLatency14            0x20037b5a     0x2  Data  Gb  main.o [1]
idxLatency25            0x20037b5c     0x2  Data  Gb  main.o [1]
idxLatency63            0x20037b5e     0x2  Data  Gb  main.o [1]
idxLatency78            0x20037b60     0x2  Data  Gb  main.o [1]
idxMic7                 0x20037b68     0x2  Data  Gb  waverecorder.o [1]
idxMic8                 0x20037b66     0x2  Data  Gb  waverecorder.o [1]
idxSPI5DataBuf3         0x20037b52     0x2  Data  Gb  main.o [1]
init_mparams            0x0802515b    0x32  Code  Lc  dlmalloc.o [3]
init_top                0x0802518d    0x34  Code  Lc  dlmalloc.o [3]
main                    0x08021a31   0x4ae  Code  Gb  main.o [1]
memchr                  0x08026eb1          Code  Gb  memchr.o [7]
mparams                 0x20037a88    0x18  Data  Lc  dlmalloc.o [3]
obuf                    0x20037870    0x50  Data  Lc  xfiles.o [3]
pDataMic7               0x2003742c    0x80  Data  Gb  waverecorder.o [1]
pDataMic8               0x200373ac    0x80  Data  Gb  waverecorder.o [1]
pUARTBuf                0x2003732c    0x80  Data  Gb  main.o [1]
pcSTAComnd              0x20010378    0x50  Data  Gb  sta321mp.o [1]
pcSTAComnd1             0x20037b64     0x2  Data  Gb  sta321mp.o [1]
pcSTAComnd2             0x20010488    0x24  Data  Gb  sta321mp.o [1]
prepend_alloc           0x080251c1   0x36c  Code  Lc  dlmalloc.o [3]
printf                  0x08028285    0x24  Code  Gb  printf.o [3]
putchar                 0x08028c55     0xc  Code  Gb  putchar.o [3]
realCoefA               0x08008a40  0x8000  Data  Lc  arm_rfft_init_f32.o [4]
realCoefB               0x08010af0  0x8000  Data  Lc  arm_rfft_init_f32.o [4]
remove                  0x08028a05    0x16  Code  Gb  remove.o [8]
sFileInfo               0x200374ac    0x80  Data  Lc  XShHandles.o [3]
segment_holding         0x08025141    0x1a  Code  Lc  dlmalloc.o [3]
sprintf                 0x08023e91    0x34  Code  Gb  sprintf.o [3]
sqrt                    0x0801fba9          Code  Gb  sqrt.o [6]
sqrtl                   0x0801fba9          Code  Gb  sqrt.o [6]
stDir                   0x20037b8e     0x1  Data  Gb  main.o [1]
stFrstFrmStore          0x20037b8c     0x1  Data  Gb  main.o [1]
sta321mp_biquad         0x08023cd3   0x160  Code  Lc  sta321mp.o [1]
sta321mp_mixer          0x08023c7b    0x2a  Code  Lc  sta321mp.o [1]
sta321mp_postscale      0x08023cbd    0x16  Code  Lc  sta321mp.o [1]
sta321mp_prescale       0x08023ca5    0x18  Code  Lc  sta321mp.o [1]
stm32_crc               0x20010000     0x4  Data  Gb  pdm_filter.o [5]
strchr                  0x08026e61          Code  Gb  strchr.o [7]
strlen                  0x08026e79          Code  Gb  strlen.o [7]
swtSDO7                 0x20037b9a     0x1  Data  Gb  waverecorder.o [1]
swtSDO8                 0x20037b9b     0x1  Data  Gb  waverecorder.o [1]
sys_alloc               0x0802552d   0x386  Code  Lc  dlmalloc.o [3]
tmalloc_large           0x080258c1   0x390  Code  Lc  dlmalloc.o [3]
tmalloc_small           0x08025c51   0x210  Code  Lc  dlmalloc.o [3]
twiddleCoef_4096        0x080009c8  0x8000  Data  Gb  arm_common_tables.o [4]
uwTick                  0x20037b2c     0x4  Data  Lc  stm32f7xx_hal.o [1]
vRawSens1               0x20037b70     0x2  Data  Gb  waverecorder.o [1]
vRawSens2               0x20037b72     0x2  Data  Gb  waverecorder.o [1]
vRawSens3               0x20037b76     0x2  Data  Gb  waverecorder.o [1]
vRawSens4               0x20037b74     0x2  Data  Gb  waverecorder.o [1]
vRawSens5               0x20037b78     0x2  Data  Gb  waverecorder.o [1]
vRawSens6               0x20037b7a     0x2  Data  Gb  waverecorder.o [1]
volume                  0x200104df     0x1  Data  Gb  waveplayer _CS43L22.o [1]


[1] = D:\sop1hc\Github\data\Mic_Array_V00\Mic_Array\Projects\STM32746G\Applications\Audio\Mic_Array\EWARM\STM32F7\Obj
[2] = command line
[3] = dl7M_tlf.a
[4] = iar_cortexM7ls_math.a
[5] = libPDMFilter_CM7_IAR.a
[6] = m7M_tls.a
[7] = rt7M_tl.a
[8] = shb_l.a

   99 688 bytes of readonly  code memory
   68 577 bytes of readonly  data memory
  179 111 bytes of readwrite data memory

Errors: none
Warnings: none
