###############################################################################
#
# IAR ELF Linker V7.50.2.10312/W32 for ARM                22/Feb/2016  19:58:46
# Copyright 2007-2015 IAR Systems AB.
#
#    Output file  =  
#        D:\sop1hc\Github\data\Mic_Array_V00\USB_STREAMING\Mic_Array\Projects\STM32746G\Applications\Audio\Mic_Array\EWARM\STM32F7\Exe\Project.out
#    Map file     =  
#        D:\sop1hc\Github\data\Mic_Array_V00\USB_STREAMING\Mic_Array\Projects\STM32746G\Applications\Audio\Mic_Array\EWARM\STM32F7\List\Project.map
#    Command line =  
#        D:\sop1hc\Github\data\Mic_Array_V00\USB_STREAMING\Mic_Array\Projects\STM32746G\Applications\Audio\Mic_Array\EWARM\STM32F7\Obj\audio_application.o
#        D:\sop1hc\Github\data\Mic_Array_V00\USB_STREAMING\Mic_Array\Projects\STM32746G\Applications\Audio\Mic_Array\EWARM\STM32F7\Obj\audio_codec.o
#        D:\sop1hc\Github\data\Mic_Array_V00\USB_STREAMING\Mic_Array\Projects\STM32746G\Applications\Audio\Mic_Array\EWARM\STM32F7\Obj\DSP.o
#        D:\sop1hc\Github\data\Mic_Array_V00\USB_STREAMING\Mic_Array\Projects\STM32746G\Applications\Audio\Mic_Array\EWARM\STM32F7\Obj\ff.o
#        D:\sop1hc\Github\data\Mic_Array_V00\USB_STREAMING\Mic_Array\Projects\STM32746G\Applications\Audio\Mic_Array\EWARM\STM32F7\Obj\ft5336.o
#        D:\sop1hc\Github\data\Mic_Array_V00\USB_STREAMING\Mic_Array\Middlewares\ST\STM32_Audio\Addons\PDM\libPDMFilter_CM7_IAR.a
#        D:\sop1hc\Github\data\Mic_Array_V00\USB_STREAMING\Mic_Array\Projects\STM32746G\Applications\Audio\Mic_Array\EWARM\STM32F7\Obj\main.o
#        D:\sop1hc\Github\data\Mic_Array_V00\USB_STREAMING\Mic_Array\Projects\STM32746G\Applications\Audio\Mic_Array\EWARM\STM32F7\Obj\sta321mp.o
#        D:\sop1hc\Github\data\Mic_Array_V00\USB_STREAMING\Mic_Array\Projects\STM32746G\Applications\Audio\Mic_Array\EWARM\STM32F7\Obj\startup_stm32f746xx.o
#        D:\sop1hc\Github\data\Mic_Array_V00\USB_STREAMING\Mic_Array\Projects\STM32746G\Applications\Audio\Mic_Array\EWARM\STM32F7\Obj\stm32746g_discovery.o
#        D:\sop1hc\Github\data\Mic_Array_V00\USB_STREAMING\Mic_Array\Projects\STM32746G\Applications\Audio\Mic_Array\EWARM\STM32F7\Obj\stm32746g_discovery_lcd.o
#        D:\sop1hc\Github\data\Mic_Array_V00\USB_STREAMING\Mic_Array\Projects\STM32746G\Applications\Audio\Mic_Array\EWARM\STM32F7\Obj\stm32746g_discovery_sdram.o
#        D:\sop1hc\Github\data\Mic_Array_V00\USB_STREAMING\Mic_Array\Projects\STM32746G\Applications\Audio\Mic_Array\EWARM\STM32F7\Obj\stm32746g_discovery_ts.o
#        D:\sop1hc\Github\data\Mic_Array_V00\USB_STREAMING\Mic_Array\Projects\STM32746G\Applications\Audio\Mic_Array\EWARM\STM32F7\Obj\stm32f7xx_hal.o
#        D:\sop1hc\Github\data\Mic_Array_V00\USB_STREAMING\Mic_Array\Projects\STM32746G\Applications\Audio\Mic_Array\EWARM\STM32F7\Obj\stm32f7xx_hal_cortex.o
#        D:\sop1hc\Github\data\Mic_Array_V00\USB_STREAMING\Mic_Array\Projects\STM32746G\Applications\Audio\Mic_Array\EWARM\STM32F7\Obj\stm32f7xx_hal_dma.o
#        D:\sop1hc\Github\data\Mic_Array_V00\USB_STREAMING\Mic_Array\Projects\STM32746G\Applications\Audio\Mic_Array\EWARM\STM32F7\Obj\stm32f7xx_hal_dma2d.o
#        D:\sop1hc\Github\data\Mic_Array_V00\USB_STREAMING\Mic_Array\Projects\STM32746G\Applications\Audio\Mic_Array\EWARM\STM32F7\Obj\stm32f7xx_hal_dma_ex.o
#        D:\sop1hc\Github\data\Mic_Array_V00\USB_STREAMING\Mic_Array\Projects\STM32746G\Applications\Audio\Mic_Array\EWARM\STM32F7\Obj\stm32f7xx_hal_flash.o
#        D:\sop1hc\Github\data\Mic_Array_V00\USB_STREAMING\Mic_Array\Projects\STM32746G\Applications\Audio\Mic_Array\EWARM\STM32F7\Obj\stm32f7xx_hal_flash_ex.o
#        D:\sop1hc\Github\data\Mic_Array_V00\USB_STREAMING\Mic_Array\Projects\STM32746G\Applications\Audio\Mic_Array\EWARM\STM32F7\Obj\stm32f7xx_hal_gpio.o
#        D:\sop1hc\Github\data\Mic_Array_V00\USB_STREAMING\Mic_Array\Projects\STM32746G\Applications\Audio\Mic_Array\EWARM\STM32F7\Obj\stm32f7xx_hal_hcd.o
#        D:\sop1hc\Github\data\Mic_Array_V00\USB_STREAMING\Mic_Array\Projects\STM32746G\Applications\Audio\Mic_Array\EWARM\STM32F7\Obj\stm32f7xx_hal_i2c.o
#        D:\sop1hc\Github\data\Mic_Array_V00\USB_STREAMING\Mic_Array\Projects\STM32746G\Applications\Audio\Mic_Array\EWARM\STM32F7\Obj\stm32f7xx_hal_i2c_ex.o
#        D:\sop1hc\Github\data\Mic_Array_V00\USB_STREAMING\Mic_Array\Projects\STM32746G\Applications\Audio\Mic_Array\EWARM\STM32F7\Obj\stm32f7xx_hal_i2s.o
#        D:\sop1hc\Github\data\Mic_Array_V00\USB_STREAMING\Mic_Array\Projects\STM32746G\Applications\Audio\Mic_Array\EWARM\STM32F7\Obj\stm32f7xx_hal_ltdc.o
#        D:\sop1hc\Github\data\Mic_Array_V00\USB_STREAMING\Mic_Array\Projects\STM32746G\Applications\Audio\Mic_Array\EWARM\STM32F7\Obj\stm32f7xx_hal_pcd.o
#        D:\sop1hc\Github\data\Mic_Array_V00\USB_STREAMING\Mic_Array\Projects\STM32746G\Applications\Audio\Mic_Array\EWARM\STM32F7\Obj\stm32f7xx_hal_pcd_ex.o
#        D:\sop1hc\Github\data\Mic_Array_V00\USB_STREAMING\Mic_Array\Projects\STM32746G\Applications\Audio\Mic_Array\EWARM\STM32F7\Obj\stm32f7xx_hal_pwr.o
#        D:\sop1hc\Github\data\Mic_Array_V00\USB_STREAMING\Mic_Array\Projects\STM32746G\Applications\Audio\Mic_Array\EWARM\STM32F7\Obj\stm32f7xx_hal_pwr_ex.o
#        D:\sop1hc\Github\data\Mic_Array_V00\USB_STREAMING\Mic_Array\Projects\STM32746G\Applications\Audio\Mic_Array\EWARM\STM32F7\Obj\stm32f7xx_hal_rcc.o
#        D:\sop1hc\Github\data\Mic_Array_V00\USB_STREAMING\Mic_Array\Projects\STM32746G\Applications\Audio\Mic_Array\EWARM\STM32F7\Obj\stm32f7xx_hal_rcc_ex.o
#        D:\sop1hc\Github\data\Mic_Array_V00\USB_STREAMING\Mic_Array\Projects\STM32746G\Applications\Audio\Mic_Array\EWARM\STM32F7\Obj\stm32f7xx_hal_sai.o
#        D:\sop1hc\Github\data\Mic_Array_V00\USB_STREAMING\Mic_Array\Projects\STM32746G\Applications\Audio\Mic_Array\EWARM\STM32F7\Obj\stm32f7xx_hal_sai_ex.o
#        D:\sop1hc\Github\data\Mic_Array_V00\USB_STREAMING\Mic_Array\Projects\STM32746G\Applications\Audio\Mic_Array\EWARM\STM32F7\Obj\stm32f7xx_hal_sdram.o
#        D:\sop1hc\Github\data\Mic_Array_V00\USB_STREAMING\Mic_Array\Projects\STM32746G\Applications\Audio\Mic_Array\EWARM\STM32F7\Obj\stm32f7xx_hal_spi.o
#        D:\sop1hc\Github\data\Mic_Array_V00\USB_STREAMING\Mic_Array\Projects\STM32746G\Applications\Audio\Mic_Array\EWARM\STM32F7\Obj\stm32f7xx_hal_sram.o
#        D:\sop1hc\Github\data\Mic_Array_V00\USB_STREAMING\Mic_Array\Projects\STM32746G\Applications\Audio\Mic_Array\EWARM\STM32F7\Obj\stm32f7xx_hal_tim.o
#        D:\sop1hc\Github\data\Mic_Array_V00\USB_STREAMING\Mic_Array\Projects\STM32746G\Applications\Audio\Mic_Array\EWARM\STM32F7\Obj\stm32f7xx_hal_tim_ex.o
#        D:\sop1hc\Github\data\Mic_Array_V00\USB_STREAMING\Mic_Array\Projects\STM32746G\Applications\Audio\Mic_Array\EWARM\STM32F7\Obj\stm32f7xx_hal_uart.o
#        D:\sop1hc\Github\data\Mic_Array_V00\USB_STREAMING\Mic_Array\Projects\STM32746G\Applications\Audio\Mic_Array\EWARM\STM32F7\Obj\stm32f7xx_it.o
#        D:\sop1hc\Github\data\Mic_Array_V00\USB_STREAMING\Mic_Array\Projects\STM32746G\Applications\Audio\Mic_Array\EWARM\STM32F7\Obj\stm32f7xx_ll_fmc.o
#        D:\sop1hc\Github\data\Mic_Array_V00\USB_STREAMING\Mic_Array\Projects\STM32746G\Applications\Audio\Mic_Array\EWARM\STM32F7\Obj\stm32f7xx_ll_usb.o
#        D:\sop1hc\Github\data\Mic_Array_V00\USB_STREAMING\Mic_Array\Projects\STM32746G\Applications\Audio\Mic_Array\EWARM\STM32F7\Obj\system_stm32f7xx.o
#        D:\sop1hc\Github\data\Mic_Array_V00\USB_STREAMING\Mic_Array\Projects\STM32746G\Applications\Audio\Mic_Array\EWARM\STM32F7\Obj\usbd_audio_if.o
#        D:\sop1hc\Github\data\Mic_Array_V00\USB_STREAMING\Mic_Array\Projects\STM32746G\Applications\Audio\Mic_Array\EWARM\STM32F7\Obj\usbd_audio_in.o
#        D:\sop1hc\Github\data\Mic_Array_V00\USB_STREAMING\Mic_Array\Projects\STM32746G\Applications\Audio\Mic_Array\EWARM\STM32F7\Obj\usbd_conf_f4.o
#        D:\sop1hc\Github\data\Mic_Array_V00\USB_STREAMING\Mic_Array\Projects\STM32746G\Applications\Audio\Mic_Array\EWARM\STM32F7\Obj\usbd_core.o
#        D:\sop1hc\Github\data\Mic_Array_V00\USB_STREAMING\Mic_Array\Projects\STM32746G\Applications\Audio\Mic_Array\EWARM\STM32F7\Obj\usbd_ctlreq.o
#        D:\sop1hc\Github\data\Mic_Array_V00\USB_STREAMING\Mic_Array\Projects\STM32746G\Applications\Audio\Mic_Array\EWARM\STM32F7\Obj\usbd_desc.o
#        D:\sop1hc\Github\data\Mic_Array_V00\USB_STREAMING\Mic_Array\Projects\STM32746G\Applications\Audio\Mic_Array\EWARM\STM32F7\Obj\usbd_ioreq.o
#        D:\sop1hc\Github\data\Mic_Array_V00\USB_STREAMING\Mic_Array\Projects\STM32746G\Applications\Audio\Mic_Array\EWARM\STM32F7\Obj\usbh_conf.o
#        D:\sop1hc\Github\data\Mic_Array_V00\USB_STREAMING\Mic_Array\Projects\STM32746G\Applications\Audio\Mic_Array\EWARM\STM32F7\Obj\usbh_core.o
#        D:\sop1hc\Github\data\Mic_Array_V00\USB_STREAMING\Mic_Array\Projects\STM32746G\Applications\Audio\Mic_Array\EWARM\STM32F7\Obj\usbh_ctlreq.o
#        D:\sop1hc\Github\data\Mic_Array_V00\USB_STREAMING\Mic_Array\Projects\STM32746G\Applications\Audio\Mic_Array\EWARM\STM32F7\Obj\usbh_diskio.o
#        D:\sop1hc\Github\data\Mic_Array_V00\USB_STREAMING\Mic_Array\Projects\STM32746G\Applications\Audio\Mic_Array\EWARM\STM32F7\Obj\usbh_ioreq.o
#        D:\sop1hc\Github\data\Mic_Array_V00\USB_STREAMING\Mic_Array\Projects\STM32746G\Applications\Audio\Mic_Array\EWARM\STM32F7\Obj\usbh_msc.o
#        D:\sop1hc\Github\data\Mic_Array_V00\USB_STREAMING\Mic_Array\Projects\STM32746G\Applications\Audio\Mic_Array\EWARM\STM32F7\Obj\usbh_msc_bot.o
#        D:\sop1hc\Github\data\Mic_Array_V00\USB_STREAMING\Mic_Array\Projects\STM32746G\Applications\Audio\Mic_Array\EWARM\STM32F7\Obj\usbh_msc_scsi.o
#        D:\sop1hc\Github\data\Mic_Array_V00\USB_STREAMING\Mic_Array\Projects\STM32746G\Applications\Audio\Mic_Array\EWARM\STM32F7\Obj\usbh_pipes.o
#        "D:\sop1hc\Github\data\Mic_Array_V00\USB_STREAMING\Mic_Array\Projects\STM32746G\Applications\Audio\Mic_Array\EWARM\STM32F7\Obj\waveplayer
#        _CS43L22.o"
#        D:\sop1hc\Github\data\Mic_Array_V00\USB_STREAMING\Mic_Array\Projects\STM32746G\Applications\Audio\Mic_Array\EWARM\STM32F7\Obj\waverecorder.o
#        --redirect _Printf=_PrintfSmall --redirect _Scanf=_ScanfSmall -o
#        D:\sop1hc\Github\data\Mic_Array_V00\USB_STREAMING\Mic_Array\Projects\STM32746G\Applications\Audio\Mic_Array\EWARM\STM32F7\Exe\Project.out
#        --map
#        D:\sop1hc\Github\data\Mic_Array_V00\USB_STREAMING\Mic_Array\Projects\STM32746G\Applications\Audio\Mic_Array\EWARM\STM32F7\List\Project.map
#        --config
#        D:\sop1hc\Github\data\Mic_Array_V00\USB_STREAMING\Mic_Array\Projects\STM32746G\Applications\Audio\Mic_Array\EWARM\Project.icf
#        --semihosting --entry __iar_program_start --no_exceptions "D:\Program
#        Files (x86)\IAR Systems\Embedded Workbench
#        7.3\arm\CMSIS\Lib\IAR\iar_cortexM7ls_math.a" --vfe
#
###############################################################################

*******************************************************************************
*** RUNTIME MODEL ATTRIBUTES
***

CppFlavor                     = *
__Heap_Handler                = DLMalloc
__SystemLibrary               = DLib
__dlib_dynamic_initialization = normal


*******************************************************************************
*** PLACEMENT SUMMARY
***

"A1":  place at 0x08000000 { ro section .intvec };
"P1":  place in [from 0x00000000 to 0x00000000] |
                [from 0x08000000 to 0x080fffff] { ro };
"P3":  place in [from 0x20000000 to 0x2000ffff] |
                [from 0x20010000 to 0x2004ffff] { rw, block CSTACK, block HEAP };

  Section             Kind        Address     Size  Object
  -------             ----        -------     ----  ------
"A1":                                        0x1c8
  .intvec             ro code  0x08000000    0x1c8  startup_stm32f746xx.o [1]
                             - 0x080001c8    0x1c8

"P1":                                      0x2a3e8
  .rodata             const    0x080001c8   0x8800  arm_common_tables.o [4]
  .text               ro code  0x080089c8   0x8078  arm_rfft_init_f32.o [4]
  .text               ro code  0x08010a40     0xb0  arm_cfft_radix4_init_f32.o [4]
  .rodata             const    0x08010af0   0x8000  arm_rfft_init_f32.o [4]
  .text               ro code  0x08018af0   0x395c  stm32f7xx_hal_dma.o [1]
  .text               ro code  0x0801c44c   0x1a54  waverecorder.o [1]
  .text               ro code  0x0801dea0    0x26c  stm32f7xx_hal_gpio.o [1]
  .text               ro code  0x0801e10c    0x550  pdm_filter.o [5]
  .text               ro code  0x0801e65c    0x852  stm32f7xx_hal_spi.o [1]
  .text               ro code  0x0801eeb0    0x1a4  stm32f7xx_hal_i2s.o [1]
  .text               ro code  0x0801f054    0x164  stm32f7xx_hal_cortex.o [1]
  .text               ro code  0x0801f1b8    0x8b0  audio_application.o [1]
  .text               ro code  0x0801fa68     0x1c  FltCmpEq.o [6]
  .text               ro code  0x0801fa84      0xe  U32ToFlt.o [6]
  .text               ro code  0x0801fa94     0x24  FltCmpLe.o [6]
  .text               ro code  0x0801fab8     0x12  FltMul.o [6]
  .text               ro code  0x0801facc     0x4e  FltToDbl.o [6]
  .text               ro code  0x0801fb1c     0x30  I32ToDbl.o [6]
  .text               ro code  0x0801fb4c    0x256  DblDiv.o [6]
  .text               ro code  0x0801fda4     0xe8  DblAdd.o [6]
  .text               ro code  0x0801fe8c     0x4c  DblToI32.o [6]
  .text               ro code  0x0801fed8    0x1a2  DblMul.o [6]
  .text               ro code  0x0802007c     0x90  DblToFlt.o [6]
  .text               ro code  0x0802010c    0x450  xsin.o [6]
  .text               ro code  0x0802055c    0x180  DblSub.o [6]
  .text               ro code  0x080206dc     0xf0  sqrt.o [6]
  .text               ro code  0x080207cc     0x7c  stm32f7xx_hal.o [1]
  .text               ro code  0x08020848    0xd64  audio_codec.o [1]
  .text               ro code  0x080215ac     0x80  usbd_audio_if.o [1]
  .text               ro code  0x0802162c     0x2e  DblCmpLe.o [6]
  .text               ro code  0x0802165c     0x2e  DblCmpGe.o [6]
  .text               ro code  0x0802168c      0xc  errno.o [3]
  .text               ro code  0x08021698    0x168  xquad.o [6]
  .text               ro code  0x08021800      0xc  iarEdom.o [7]
  .text               ro code  0x0802180c    0x870  stm32f7xx_hal_rcc.o [1]
  .text               ro code  0x0802207c    0xb44  main.o [1]
  .text               ro code  0x08022bc0      0x8  abs.o [3]
  .text               ro code  0x08022bc8    0xac8  usbd_audio_in.o [1]
  .text               ro code  0x08023690      0x2  xtls.o [3]
  .text               ro code  0x08023692     0x7a  xdint.o [6]
  .text               ro code  0x0802370c     0x20  DblCmpEq.o [6]
  .text               ro code  0x0802372c    0x1a8  fmod.o [6]
  .text               ro code  0x080238d4    0x116  DSP.o [1]
  .text               ro code  0x080239ec    0x36c  stm32746g_discovery_sdram.o [1]
  .text               ro code  0x08023d58    0x118  stm32746g_discovery.o [1]
  .text               ro code  0x08023e70    0x910  sta321mp.o [1]
  .text               ro code  0x08024780    0x346  usbd_core.o [1]
  .text               ro code  0x08024ac8     0x84  stm32f7xx_hal_pwr_ex.o [1]
  .text               ro code  0x08024b4c    0x8a0  stm32f7xx_hal_rcc_ex.o [1]
  .text               ro code  0x080253ec    0x97c  stm32f7xx_hal_i2c.o [1]
  .text               ro code  0x08025d68    0x350  usbd_conf_f4.o [1]
  .text               ro code  0x080260b8    0x65e  usbd_ctlreq.o [1]
  .text               ro code  0x08026716     0xbc  usbd_ioreq.o [1]
  .text               ro code  0x080267d4     0x66  ABImemset.o [7]
  .text               ro code  0x0802683c   0x14f0  dlmalloc.o [3]
  .text               ro code  0x08027d2c     0x76  ABImemcpy_unaligned.o [7]
  .text               ro code  0x08027da4     0xac  stm32f7xx_hal_sdram.o [1]
  .text               ro code  0x08027e50    0xa7a  stm32f7xx_hal_pcd.o [1]
  .text               ro code  0x080288cc     0x98  stm32f7xx_hal_pcd_ex.o [1]
  .text               ro code  0x08028964      0x6  abort.o [3]
  .text               ro code  0x0802896c     0x2c  xgetmemchunk.o [3]
  .text               ro code  0x08028998    0x17c  stm32f7xx_ll_fmc.o [1]
  .text               ro code  0x08028b14    0xd50  stm32f7xx_ll_usb.o [1]
  .text               ro code  0x08029864     0x14  exit.o [8]
  .text               ro code  0x08029878     0x30  iarttio.o [8]
  .text               ro code  0x080298a8      0x8  XShttio.o [3]
  .text               ro code  0x080298b0    0x36a  stm32f7xx_hal_uart.o [1]
  .text               ro code  0x08029c1c     0xe8  usbd_desc.o [1]
  .rodata             const    0x08029d04     0x84  usbd_audio_if.o [1]
  .text               ro code  0x08029d88     0x7c  stm32f7xx_it.o [1]
  .text               ro code  0x08029e04     0x6c  system_stm32f7xx.o [1]
  .text               ro code  0x08029e70     0x40  zero_init3.o [7]
  .text               ro code  0x08029eb0     0x2c  copy_init3.o [7]
  .text               ro code  0x08029edc     0x28  data_init.o [7]
  .rodata             const    0x08029f04     0x24  usbd_desc.o [1]
  .rodata             const    0x08029f28     0x24  usbd_desc.o [1]
  .text               ro code  0x08029f4c     0x22  fpinit_M.o [6]
  .iar.init_table     const    0x08029f70     0x2c  - Linker created -
  .text               ro code  0x08029f9c     0x1a  cmain.o [7]
  .text               ro code  0x08029fb6      0x4  low_level_init.o [3]
  .text               ro code  0x08029fba      0x4  exit.o [3]
  .text               ro code  0x08029fc0      0xa  cexit.o [7]
  .rodata             const    0x08029fcc     0x14  usbd_desc.o [1]
  .rodata             const    0x08029fe0     0x10  stm32f7xx_hal_rcc.o [1]
  .rodata             const    0x08029ff0     0x10  usbd_desc.o [1]
  .rodata             const    0x0802a000     0x10  usbd_desc.o [1]
  .rodata             const    0x0802a010     0x10  usbd_desc.o [1]
  .rodata             const    0x0802a020     0x10  usbd_desc.o [1]
  .text               ro code  0x0802a030     0x10  startup_stm32f746xx.o [1]
  .text               ro code  0x0802a040      0xc  cstartup_M.o [7]
  .rodata             const    0x0802a04c      0x8  stm32746g_discovery.o [1]
  .text               ro code  0x0802a054      0x4  startup_stm32f746xx.o [1]
  .text               ro code  0x0802a058      0x4  startup_stm32f746xx.o [1]
  .text               ro code  0x0802a05c      0x4  startup_stm32f746xx.o [1]
  .text               ro code  0x0802a060      0x4  startup_stm32f746xx.o [1]
  .text               ro code  0x0802a064      0x4  startup_stm32f746xx.o [1]
  .text               ro code  0x0802a068      0x4  startup_stm32f746xx.o [1]
  .text               ro code  0x0802a06c      0x4  startup_stm32f746xx.o [1]
  .text               ro code  0x0802a070      0x4  startup_stm32f746xx.o [1]
  .text               ro code  0x0802a074      0x4  startup_stm32f746xx.o [1]
  .text               ro code  0x0802a078      0x4  startup_stm32f746xx.o [1]
  .text               ro code  0x0802a07c      0x4  startup_stm32f746xx.o [1]
  .text               ro code  0x0802a080      0x4  startup_stm32f746xx.o [1]
  .text               ro code  0x0802a084      0x4  startup_stm32f746xx.o [1]
  .text               ro code  0x0802a088      0x4  startup_stm32f746xx.o [1]
  .text               ro code  0x0802a08c      0x4  startup_stm32f746xx.o [1]
  .text               ro code  0x0802a090      0x4  startup_stm32f746xx.o [1]
  .text               ro code  0x0802a094      0x4  startup_stm32f746xx.o [1]
  .text               ro code  0x0802a098      0x4  startup_stm32f746xx.o [1]
  .text               ro code  0x0802a09c      0x4  startup_stm32f746xx.o [1]
  .text               ro code  0x0802a0a0      0x4  startup_stm32f746xx.o [1]
  .text               ro code  0x0802a0a4      0x4  startup_stm32f746xx.o [1]
  .text               ro code  0x0802a0a8      0x4  startup_stm32f746xx.o [1]
  .text               ro code  0x0802a0ac      0x4  startup_stm32f746xx.o [1]
  .text               ro code  0x0802a0b0      0x4  startup_stm32f746xx.o [1]
  .text               ro code  0x0802a0b4      0x4  startup_stm32f746xx.o [1]
  .text               ro code  0x0802a0b8      0x4  startup_stm32f746xx.o [1]
  .text               ro code  0x0802a0bc      0x4  startup_stm32f746xx.o [1]
  .text               ro code  0x0802a0c0      0x4  startup_stm32f746xx.o [1]
  .text               ro code  0x0802a0c4      0x4  startup_stm32f746xx.o [1]
  .text               ro code  0x0802a0c8      0x4  startup_stm32f746xx.o [1]
  .text               ro code  0x0802a0cc      0x4  startup_stm32f746xx.o [1]
  .text               ro code  0x0802a0d0      0x4  startup_stm32f746xx.o [1]
  .text               ro code  0x0802a0d4      0x4  startup_stm32f746xx.o [1]
  .text               ro code  0x0802a0d8      0x4  startup_stm32f746xx.o [1]
  .text               ro code  0x0802a0dc      0x4  startup_stm32f746xx.o [1]
  .text               ro code  0x0802a0e0      0x4  startup_stm32f746xx.o [1]
  .text               ro code  0x0802a0e4      0x4  startup_stm32f746xx.o [1]
  .text               ro code  0x0802a0e8      0x4  startup_stm32f746xx.o [1]
  .text               ro code  0x0802a0ec      0x4  startup_stm32f746xx.o [1]
  .text               ro code  0x0802a0f0      0x4  startup_stm32f746xx.o [1]
  .text               ro code  0x0802a0f4      0x4  startup_stm32f746xx.o [1]
  .text               ro code  0x0802a0f8      0x4  startup_stm32f746xx.o [1]
  .text               ro code  0x0802a0fc      0x4  startup_stm32f746xx.o [1]
  .text               ro code  0x0802a100      0x4  startup_stm32f746xx.o [1]
  .text               ro code  0x0802a104      0x4  startup_stm32f746xx.o [1]
  .text               ro code  0x0802a108      0x4  startup_stm32f746xx.o [1]
  .text               ro code  0x0802a10c      0x4  startup_stm32f746xx.o [1]
  .text               ro code  0x0802a110      0x4  startup_stm32f746xx.o [1]
  .text               ro code  0x0802a114      0x4  startup_stm32f746xx.o [1]
  .text               ro code  0x0802a118      0x4  startup_stm32f746xx.o [1]
  .text               ro code  0x0802a11c      0x4  startup_stm32f746xx.o [1]
  .text               ro code  0x0802a120      0x4  startup_stm32f746xx.o [1]
  .text               ro code  0x0802a124      0x4  startup_stm32f746xx.o [1]
  .text               ro code  0x0802a128      0x4  startup_stm32f746xx.o [1]
  .text               ro code  0x0802a12c      0x4  startup_stm32f746xx.o [1]
  .text               ro code  0x0802a130      0x4  startup_stm32f746xx.o [1]
  .text               ro code  0x0802a134      0x4  startup_stm32f746xx.o [1]
  .text               ro code  0x0802a138      0x4  startup_stm32f746xx.o [1]
  .text               ro code  0x0802a13c      0x4  startup_stm32f746xx.o [1]
  .text               ro code  0x0802a140      0x4  startup_stm32f746xx.o [1]
  .text               ro code  0x0802a144      0x4  startup_stm32f746xx.o [1]
  .text               ro code  0x0802a148      0x4  startup_stm32f746xx.o [1]
  .text               ro code  0x0802a14c      0x4  startup_stm32f746xx.o [1]
  .text               ro code  0x0802a150      0x4  startup_stm32f746xx.o [1]
  .text               ro code  0x0802a154      0x4  startup_stm32f746xx.o [1]
  .text               ro code  0x0802a158      0x4  startup_stm32f746xx.o [1]
  .text               ro code  0x0802a15c      0x4  startup_stm32f746xx.o [1]
  .text               ro code  0x0802a160      0x4  startup_stm32f746xx.o [1]
  .text               ro code  0x0802a164      0x4  startup_stm32f746xx.o [1]
  .text               ro code  0x0802a168      0x4  startup_stm32f746xx.o [1]
  .text               ro code  0x0802a16c      0x4  startup_stm32f746xx.o [1]
  .text               ro code  0x0802a170      0x4  startup_stm32f746xx.o [1]
  .text               ro code  0x0802a174      0x4  startup_stm32f746xx.o [1]
  .text               ro code  0x0802a178      0x4  startup_stm32f746xx.o [1]
  .text               ro code  0x0802a17c      0x4  startup_stm32f746xx.o [1]
  .text               ro code  0x0802a180      0x4  startup_stm32f746xx.o [1]
  .text               ro code  0x0802a184      0x4  startup_stm32f746xx.o [1]
  .rodata             const    0x0802a188      0x0  zero_init3.o [7]
  .rodata             const    0x0802a188      0x0  copy_init3.o [7]
  Initializer bytes   const    0x0802a188    0x428  <for P3 s0>
                             - 0x0802a5b0  0x2a3e8

"P3", part 1 of 3:                           0x428
  P3 s0                        0x20010000    0x428  <Init block>
    .data             inited   0x20010000    0x304  pdm_filter.o [5]
    .data             inited   0x20010304     0x50  sta321mp.o [1]
    .data             inited   0x20010354     0x38  usbd_audio_in.o [1]
    .data             inited   0x2001038c     0x24  sta321mp.o [1]
    .data             inited   0x200103b0     0x24  usbd_audio_if.o [1]
    .data             inited   0x200103d4     0x1c  usbd_desc.o [1]
    .data             inited   0x200103f0     0x14  usbd_desc.o [1]
    .data             inited   0x20010404      0xc  usbd_audio_in.o [1]
    .data             inited   0x20010410      0x8  XShttio.o [3]
    .data             inited   0x20010418      0x4  system_stm32f7xx.o [1]
    .data             inited   0x2001041c      0x4  usbd_desc.o [1]
    __DLIB_PERTHREAD  inited   0x20010420      0x4  errno.o [3]
    .data             inited   0x20010424      0x1  main.o [1]
    .data             inited   0x20010425      0x1  main.o [1]
    .data             inited   0x20010426      0x1  stm32746g_discovery_sdram.o [1]
    .data             inited   0x20010427      0x1  waveplayer _CS43L22.o [1]
                             - 0x20010428    0x428

"P3", part 2 of 3:                          0xda84
  .bss                zero     0x20010428   0x2000  waverecorder.o [1]
  .bss                zero     0x20012428   0x2000  waverecorder.o [1]
  .bss                zero     0x20014428   0x2000  waverecorder.o [1]
  .bss                zero     0x20016428   0x2000  waverecorder.o [1]
  .bss                zero     0x20018428   0x2000  waverecorder.o [1]
  .bss                zero     0x2001a428   0x2000  waverecorder.o [1]
  .bss                zero     0x2001c428    0x800  main.o [1]
  .bss                zero     0x2001cc28    0x3c0  usbd_conf_f4.o [1]
  .bss                zero     0x2001cfe8    0x224  main.o [1]
  .bss                zero     0x2001d20c    0x1d8  dlmalloc.o [3]
  .bss                zero     0x2001d3e4    0x180  usbd_audio_in.o [1]
  .bss                zero     0x2001d564     0xc8  usbd_desc.o [1]
  .bss                zero     0x2001d62c     0x80  waverecorder.o [1]
  .bss                zero     0x2001d6ac     0x80  waverecorder.o [1]
  .bss                zero     0x2001d72c     0x78  usbd_audio_in.o [1]
  .bss                zero     0x2001d7a4     0x70  main.o [1]
  .bss                zero     0x2001d814     0x68  waverecorder.o [1]
  .bss                zero     0x2001d87c     0x64  main.o [1]
  .bss                zero     0x2001d8e0     0x64  usbd_audio_in.o [1]
  .bss                zero     0x2001d944     0x64  waverecorder.o [1]
  .bss                zero     0x2001d9a8     0x64  waverecorder.o [1]
  .bss                zero     0x2001da0c     0x50  audio_codec.o [1]
  .bss                zero     0x2001da5c     0x50  stm32746g_discovery_sdram.o [1]
  .bss                zero     0x2001daac     0x50  waverecorder.o [1]
  .bss                zero     0x2001dafc     0x50  waverecorder.o [1]
  .bss                zero     0x2001db4c     0x40  waveplayer _CS43L22.o [1]
  .bss                zero     0x2001db8c     0x40  waverecorder.o [1]
  .bss                zero     0x2001dbcc     0x40  waverecorder.o [1]
  .bss                zero     0x2001dc0c     0x3c  audio_codec.o [1]
  .bss                zero     0x2001dc48     0x3c  audio_codec.o [1]
  .bss                zero     0x2001dc84     0x34  stm32746g_discovery_sdram.o [1]
  .bss                zero     0x2001dcb8     0x20  waverecorder.o [1]
  .bss                zero     0x2001dcd8     0x1c  stm32746g_discovery_sdram.o [1]
  .bss                zero     0x2001dcf4     0x18  main.o [1]
  .bss                zero     0x2001dd0c     0x18  main.o [1]
  .bss                zero     0x2001dd24     0x18  main.o [1]
  .bss                zero     0x2001dd3c     0x18  main.o [1]
  .bss                zero     0x2001dd54     0x18  main.o [1]
  .bss                zero     0x2001dd6c     0x18  main.o [1]
  .bss                zero     0x2001dd84     0x18  dlmalloc.o [3]
  .bss                zero     0x2001dd9c     0x14  main.o [1]
  .bss                zero     0x2001ddb0     0x14  main.o [1]
  .bss                zero     0x2001ddc4     0x14  main.o [1]
  .bss                zero     0x2001ddd8     0x14  main.o [1]
  .bss                zero     0x2001ddec     0x14  main.o [1]
  .bss                zero     0x2001de00     0x14  main.o [1]
  .bss                zero     0x2001de14     0x10  sta321mp.o [1]
  .bss                zero     0x2001de24     0x10  stm32746g_discovery_sdram.o [1]
  .bss                zero     0x2001de34      0x4  DSP.o [1]
  .bss                zero     0x2001de38      0x4  stm32f7xx_hal.o [1]
  .bss                zero     0x2001de3c      0x4  stm32f7xx_it.o [1]
  .bss                zero     0x2001de40      0x4  waveplayer _CS43L22.o [1]
  .bss                zero     0x2001de44      0x4  waverecorder.o [1]
  .bss                zero     0x2001de48      0x4  waverecorder.o [1]
  .bss                zero     0x2001de4c      0x4  xgetmemchunk.o [3]
  .bss                zero     0x2001de50      0x2  main.o [1]
  .bss                zero     0x2001de52      0x2  main.o [1]
  .bss                zero     0x2001de54      0x2  main.o [1]
  .bss                zero     0x2001de56      0x2  main.o [1]
  .bss                zero     0x2001de58      0x2  main.o [1]
  .bss                zero     0x2001de5a      0x2  main.o [1]
  .bss                zero     0x2001de5c      0x2  main.o [1]
  .bss                zero     0x2001de5e      0x2  main.o [1]
  .bss                zero     0x2001de60      0x2  main.o [1]
  .bss                zero     0x2001de62      0x2  main.o [1]
  .bss                zero     0x2001de64      0x2  main.o [1]
  .bss                zero     0x2001de66      0x2  main.o [1]
  .bss                zero     0x2001de68      0x2  main.o [1]
  .bss                zero     0x2001de6a      0x2  main.o [1]
  .bss                zero     0x2001de6c      0x2  main.o [1]
  .bss                zero     0x2001de6e      0x2  main.o [1]
  .bss                zero     0x2001de70      0x2  sta321mp.o [1]
  .bss                zero     0x2001de72      0x2  usbd_audio_in.o [1]
  .bss                zero     0x2001de74      0x2  waverecorder.o [1]
  .bss                zero     0x2001de76      0x2  waverecorder.o [1]
  .bss                zero     0x2001de78      0x2  waverecorder.o [1]
  .bss                zero     0x2001de7a      0x2  waverecorder.o [1]
  .bss                zero     0x2001de7c      0x2  waverecorder.o [1]
  .bss                zero     0x2001de7e      0x2  waverecorder.o [1]
  .bss                zero     0x2001de80      0x2  waverecorder.o [1]
  .bss                zero     0x2001de82      0x2  waverecorder.o [1]
  .bss                zero     0x2001de84      0x2  waverecorder.o [1]
  .bss                zero     0x2001de86      0x2  waverecorder.o [1]
  .bss                zero     0x2001de88      0x2  waverecorder.o [1]
  .bss                zero     0x2001de8a      0x2  waverecorder.o [1]
  .bss                zero     0x2001de8c      0x2  waverecorder.o [1]
  .bss                zero     0x2001de8e      0x2  waverecorder.o [1]
  .bss                zero     0x2001de90      0x2  waverecorder.o [1]
  .bss                zero     0x2001de92      0x2  waverecorder.o [1]
  .bss                zero     0x2001de94      0x2  waverecorder.o [1]
  .bss                zero     0x2001de96      0x1  audio_application.o [1]
  .bss                zero     0x2001de97      0x1  main.o [1]
  .bss                zero     0x2001de98      0x1  main.o [1]
  .bss                zero     0x2001de99      0x1  main.o [1]
  .bss                zero     0x2001de9a      0x1  main.o [1]
  .bss                zero     0x2001de9b      0x1  main.o [1]
  .bss                zero     0x2001de9c      0x1  main.o [1]
  .bss                zero     0x2001de9d      0x1  usbd_ctlreq.o [1]
  .bss                zero     0x2001de9e      0x1  waverecorder.o [1]
  .bss                zero     0x2001de9f      0x1  waverecorder.o [1]
  .bss                zero     0x2001dea0      0x1  waverecorder.o [1]
  .bss                zero     0x2001dea1      0x1  waverecorder.o [1]
  .bss                zero     0x2001dea2      0x1  waverecorder.o [1]
  .bss                zero     0x2001dea3      0x1  waverecorder.o [1]
  .bss                zero     0x2001dea4      0x1  waverecorder.o [1]
  .bss                zero     0x2001dea5      0x1  waverecorder.o [1]
  .bss                zero     0x2001dea6      0x1  waverecorder.o [1]
  .bss                zero     0x2001dea7      0x1  waverecorder.o [1]
  .bss                zero     0x2001dea8      0x1  waverecorder.o [1]
  .bss                zero     0x2001dea9      0x1  waverecorder.o [1]
  .bss                zero     0x2001deaa      0x1  waverecorder.o [1]
  .bss                zero     0x2001deab      0x1  waverecorder.o [1]
                             - 0x2001deac   0xda84

"P3", part 3 of 3:                          0x4000
  CSTACK                       0x2001deb0   0x2000  <Block>
    CSTACK            uninit   0x2001deb0   0x2000  <Block tail>
  HEAP                         0x2001feb0   0x2000  <Block>
    HEAP              uninit   0x2001feb0   0x2000  <Block tail>
                             - 0x20021eb0   0x4000

Absolute sections:                         0x1a1e0
  .bss                zero     0xc0000000   0x80a0  waverecorder.o [1]
  .bss                zero     0xc00080a0   0x80a0  waverecorder.o [1]
  .bss                zero     0xc0010140   0x80a0  waverecorder.o [1]
  .bss                zero     0xc00181e0   0x1000  audio_application.o [1]
  .bss                zero     0xc00191e0   0x1000  audio_application.o [1]
                             - 0xc001a1e0  0x1a1e0


*******************************************************************************
*** INIT TABLE
***

          Address     Size
          -------     ----
Zero (__iar_zero_init3)
    2 destination ranges, total size 0x27c64:
          0x20010428   0xda84
          0xc0000000  0x1a1e0

Copy (__iar_copy_init3)
    1 source range, total size 0x428:
          0x0802a188    0x428
    1 destination range, total size 0x428:
          0x20010000    0x428



*******************************************************************************
*** MODULE SUMMARY
***

    Module                       ro code  ro data  rw data  rw data
                                                             (abs)
    ------                       -------  -------  -------  -------
D:\sop1hc\Github\data\Mic_Array_V00\USB_STREAMING\Mic_Array\Projects\STM32746G\Applications\Audio\Mic_Array\EWARM\STM32F7\Obj: [1]
    DSP.o                            278                 4
    audio_application.o            2 224                 1    8 192
    audio_codec.o                  3 428               200
    main.o                         2 884        2    3 112
    sta321mp.o                     2 320      116      134
    startup_stm32f746xx.o            780
    stm32746g_discovery.o            280        8
    stm32746g_discovery_sdram.o      876        1      177
    stm32f7xx_hal.o                  124                 4
    stm32f7xx_hal_cortex.o           356
    stm32f7xx_hal_dma.o           14 684
    stm32f7xx_hal_gpio.o             620
    stm32f7xx_hal_i2c.o            2 428
    stm32f7xx_hal_i2s.o              420
    stm32f7xx_hal_pcd.o            2 682
    stm32f7xx_hal_pcd_ex.o           152
    stm32f7xx_hal_pwr_ex.o           132
    stm32f7xx_hal_rcc.o            2 160       16
    stm32f7xx_hal_rcc_ex.o         2 208
    stm32f7xx_hal_sdram.o            172
    stm32f7xx_hal_spi.o            2 130
    stm32f7xx_hal_uart.o             874
    stm32f7xx_it.o                   124                 4
    stm32f7xx_ll_fmc.o               380
    stm32f7xx_ll_usb.o             3 408
    system_stm32f7xx.o               108        4        4
    usbd_audio_if.o                  128      168       36
    usbd_audio_in.o                2 760       68      674
    usbd_conf_f4.o                   848               960
    usbd_core.o                      838
    usbd_ctlreq.o                  1 630                 1
    usbd_desc.o                      232      208      252
    usbd_ioreq.o                     188
    waveplayer _CS43L22.o                       1       69
    waverecorder.o                 6 740            50 088   98 784
    ---------------------------------------------------------------
    Total:                        59 596      592   55 720  106 976

command line: [2]
    ---------------------------------------------------------------
    Total:

dl7M_tlf.a: [3]
    XShttio.o                          8        8        8
    abort.o                            6
    abs.o                              8
    dlmalloc.o                     5 360               496
    errno.o                           12        4        4
    exit.o                             4
    low_level_init.o                   4
    xgetmemchunk.o                    44                 4
    xtls.o                             2
    ---------------------------------------------------------------
    Total:                         5 448       12      512

iar_cortexM7ls_math.a: [4]
    arm_cfft_radix4_init_f32.o       176
    arm_common_tables.o                    34 816
    arm_rfft_init_f32.o           32 888   32 768
    ---------------------------------------------------------------
    Total:                        33 064   67 584

libPDMFilter_CM7_IAR.a: [5]
    pdm_filter.o                   1 360      772      772
    ---------------------------------------------------------------
    Total:                         1 360      772      772

m7M_tls.a: [6]
    DblAdd.o                         232
    DblCmpEq.o                        32
    DblCmpGe.o                        46
    DblCmpLe.o                        46
    DblDiv.o                         598
    DblMul.o                         418
    DblSub.o                         384
    DblToFlt.o                       144
    DblToI32.o                        76
    FltCmpEq.o                        28
    FltCmpLe.o                        36
    FltMul.o                          18
    FltToDbl.o                        78
    I32ToDbl.o                        48
    U32ToFlt.o                        14
    fmod.o                           424
    fpinit_M.o                        34
    sqrt.o                           240
    xdint.o                          122
    xquad.o                          360
    xsin.o                         1 104
    ---------------------------------------------------------------
    Total:                         4 482

rt7M_tl.a: [7]
    ABImemcpy_unaligned.o            118
    ABImemset.o                      102
    cexit.o                           10
    cmain.o                           26
    copy_init3.o                      44
    cstartup_M.o                      12
    data_init.o                       40
    iarEdom.o                         12
    zero_init3.o                      64
    ---------------------------------------------------------------
    Total:                           428

shb_l.a: [8]
    exit.o                            20
    iarttio.o                         48
    ---------------------------------------------------------------
    Total:                            68

    Gaps                              34        4
    Linker created                             44   16 384
-------------------------------------------------------------------
    Grand Total:                 104 480   69 008   73 388  106 976


*******************************************************************************
*** ENTRY LIST
***

Entry                      Address    Size  Type      Object
-----                      -------    ----  ----      ------
.iar.init_table$$Base   0x08029f70           --   Gb  - Linker created -
.iar.init_table$$Limit  0x08029f9c           --   Gb  - Linker created -
?main                   0x08029f9d          Code  Gb  cmain.o [7]
APBAHBPrescTable        0x08029fe0    0x10  Data  Gb  stm32f7xx_hal_rcc.o [1]
AUDIO_Desc              0x200103d4    0x1c  Data  Gb  usbd_desc.o [1]
AUDIO_REQ_GetCurrent    0x08022f53    0x30  Code  Lc  usbd_audio_in.o [1]
AUDIO_REQ_GetMaximum    0x08022eed    0x22  Code  Lc  usbd_audio_in.o [1]
AUDIO_REQ_GetMinimum    0x08022f0f    0x22  Code  Lc  usbd_audio_in.o [1]
AUDIO_REQ_GetResolution
                        0x08022f31    0x22  Code  Lc  usbd_audio_in.o [1]
AUDIO_REQ_SetCurrent    0x08022f83    0x34  Code  Lc  usbd_audio_in.o [1]
AudioMerging            0x0801f1ef   0x858  Code  Gb  audio_application.o [1]
AudioProcess            0x0801f1b9    0x36  Code  Gb  audio_application.o [1]
Audio_CommandMgr        0x08021609     0x6  Code  Lc  usbd_audio_if.o [1]
Audio_DeInit            0x080215b3     0x6  Code  Lc  usbd_audio_if.o [1]
Audio_Init              0x080215ad     0x6  Code  Lc  usbd_audio_if.o [1]
Audio_MAL_Play          0x0802119d    0xbc  Code  Gb  audio_codec.o [1]
Audio_MuteCtl           0x080215f7     0x6  Code  Lc  usbd_audio_if.o [1]
Audio_Pause             0x08021601     0x4  Code  Lc  usbd_audio_if.o [1]
Audio_Play_Out          0x08022267    0xe2  Code  Lc  main.o [1]
Audio_Record            0x080215b9     0x4  Code  Lc  usbd_audio_if.o [1]
Audio_Resume            0x08021605     0x4  Code  Lc  usbd_audio_if.o [1]
Audio_Stop              0x080215fd     0x4  Code  Lc  usbd_audio_if.o [1]
Audio_VolumeCtl         0x080215bd    0x3a  Code  Lc  usbd_audio_if.o [1]
BSP_AUDIO_OUT_ClockConfig
                        0x08022625    0x70  Code  Gb  main.o [1]
BSP_LED_Init            0x08023d59    0xc8  Code  Gb  stm32746g_discovery.o [1]
BSP_LED_Toggle          0x08023e21    0x42  Code  Gb  stm32746g_discovery.o [1]
BSP_SDRAM_Init          0x080239ed    0xd6  Code  Gb  stm32746g_discovery_sdram.o [1]
BSP_SDRAM_Initialization_sequence
                        0x08023ac3    0xb0  Code  Gb  stm32746g_discovery_sdram.o [1]
BSP_SDRAM_MspInit       0x08023b73   0x1a8  Code  Wk  stm32746g_discovery_sdram.o [1]
Buffer1                 0xc0000000  0x80a0  Data  Gb  waverecorder.o [1]
Buffer2                 0xc00080a0  0x80a0  Data  Gb  waverecorder.o [1]
Buffer3                 0xc0010140  0x80a0  Data  Gb  waverecorder.o [1]
BusFault_Handler        0x08029d8f     0x2  Code  Gb  stm32f7xx_it.o [1]
ButtonInit              0x0802299d    0x4e  Code  Gb  main.o [1]
CPU_CACHE_Enable        0x08022695     0xc  Code  Lc  main.o [1]
CSTACK$$Base            0x2001deb0           --   Gb  - Linker created -
CSTACK$$Limit           0x2001feb0           --   Gb  - Linker created -
Command                 0x2001de24    0x10  Data  Lc  stm32746g_discovery_sdram.o [1]
Command_index           0x20010425     0x1  Data  Gb  main.o [1]
CrssCor                 0x080238d5    0xf6  Code  Gb  DSP.o [1]
DFT_Init                0x08022835    0x5e  Code  Gb  main.o [1]
DMA1_Stream0_IRQHandler
                        0x0802115b     0x2  Code  Gb  audio_codec.o [1]
DMA1_Stream7_IRQHandler
                        0x08020849   0x912  Code  Gb  audio_codec.o [1]
DMA2_Stream4_IRQHandler
                        0x08029e01     0x2  Code  Gb  stm32f7xx_it.o [1]
DMA2_Stream5_IRQHandler
                        0x0801d74b     0xc  Code  Gb  waverecorder.o [1]
DMA2_Stream6_IRQHandler
                        0x0801d757     0xc  Code  Gb  waverecorder.o [1]
DMA2_Stream7_IRQHandler
                        0x08029e03     0x2  Code  Gb  stm32f7xx_it.o [1]
DMA_SetConfig           0x08018af1    0x2e  Code  Gb  stm32f7xx_hal_dma.o [1]
DebugMon_Handler        0x08029d95     0x2  Code  Gb  stm32f7xx_it.o [1]
DmaHandle               0x2001da0c    0x50  Data  Gb  audio_codec.o [1]
EXTI15_10_IRQHandler    0x080227c5     0x2  Code  Gb  main.o [1]
EXTI4_IRQHandler        0x08022787    0x3e  Code  Gb  main.o [1]
EXTI9_5_IRQHandler      0x080227c7    0x6e  Code  Gb  main.o [1]
EnergySound             0x2001de34     0x4  Data  Gb  DSP.o [1]
FFT_Update              0x0802210b   0x15c  Code  Lc  main.o [1]
FMC_SDRAM_Init          0x08028999    0x7c  Code  Gb  stm32f7xx_ll_fmc.o [1]
FMC_SDRAM_ProgramRefreshRate
                        0x08028b07     0xe  Code  Gb  stm32f7xx_ll_fmc.o [1]
FMC_SDRAM_SendCommand   0x08028ab3    0x54  Code  Gb  stm32f7xx_ll_fmc.o [1]
FMC_SDRAM_Timing_Init   0x08028a15    0x9e  Code  Gb  stm32f7xx_ll_fmc.o [1]
FacMic                  0x2001dcf4    0x18  Data  Gb  main.o [1]
FactorUpd               0x080239d1    0x1a  Code  Gb  DSP.o [1]
Filter                  0x2001d814    0x68  Data  Gb  waverecorder.o [1]
GPIO_INS                0x2001dd9c    0x14  Data  Gb  main.o [1]
GPIO_PIN                0x0802a04c     0x8  Data  Gb  stm32746g_discovery.o [1]
HAL_DMA_DeInit          0x08018ba1   0xfe8  Code  Gb  stm32f7xx_hal_dma.o [1]
HAL_DMA_IRQHandler      0x08019c61  0x2798  Code  Gb  stm32f7xx_hal_dma.o [1]
HAL_DMA_Init            0x08018b1f    0x7c  Code  Gb  stm32f7xx_hal_dma.o [1]
HAL_DMA_Start_IT        0x08019bd9    0x86  Code  Gb  stm32f7xx_hal_dma.o [1]
HAL_Delay               0x08020827    0x1a  Code  Wk  stm32f7xx_hal.o [1]
HAL_GPIO_Init           0x0801dea1   0x1f6  Code  Gb  stm32f7xx_hal_gpio.o [1]
HAL_GPIO_ReadPin        0x0801e097    0x18  Code  Gb  stm32f7xx_hal_gpio.o [1]
HAL_GPIO_TogglePin      0x0801e0c3     0xa  Code  Gb  stm32f7xx_hal_gpio.o [1]
HAL_GPIO_WritePin       0x0801e0af    0x14  Code  Gb  stm32f7xx_hal_gpio.o [1]
HAL_GetTick             0x08020821     0x6  Code  Wk  stm32f7xx_hal.o [1]
HAL_I2C_EV_IRQHandler   0x0802560d   0x12e  Code  Gb  stm32f7xx_hal_i2c.o [1]
HAL_I2C_ErrorCallback   0x08025747     0x2  Code  Wk  stm32f7xx_hal_i2c.o [1]
HAL_I2C_Init            0x080253ed    0xbc  Code  Gb  stm32f7xx_hal_i2c.o [1]
HAL_I2C_MasterRxCpltCallback
                        0x0802573d     0x2  Code  Wk  stm32f7xx_hal_i2c.o [1]
HAL_I2C_MasterTxCpltCallback
                        0x0802573b     0x2  Code  Wk  stm32f7xx_hal_i2c.o [1]
HAL_I2C_Master_Transmit
                        0x080254a9   0x15e  Code  Gb  stm32f7xx_hal_i2c.o [1]
HAL_I2C_MemRxCpltCallback
                        0x08025745     0x2  Code  Wk  stm32f7xx_hal_i2c.o [1]
HAL_I2C_MemTxCpltCallback
                        0x08025743     0x2  Code  Wk  stm32f7xx_hal_i2c.o [1]
HAL_I2C_MspInit         0x080226a1    0xe6  Code  Gb  main.o [1]
HAL_I2C_SlaveRxCpltCallback
                        0x08025741     0x2  Code  Wk  stm32f7xx_hal_i2c.o [1]
HAL_I2C_SlaveTxCpltCallback
                        0x0802573f     0x2  Code  Wk  stm32f7xx_hal_i2c.o [1]
HAL_I2S_Init            0x0801eeb1   0x126  Code  Gb  stm32f7xx_hal_i2s.o [1]
HAL_I2S_MspInit         0x0802127d   0x2f0  Code  Gb  audio_codec.o [1]
HAL_I2S_TxCpltCallback  0x08022a49    0x22  Code  Gb  main.o [1]
HAL_IncTick             0x08020815     0xc  Code  Wk  stm32f7xx_hal.o [1]
HAL_Init                0x080207cd    0x22  Code  Gb  stm32f7xx_hal.o [1]
HAL_InitTick            0x080207f1    0x24  Code  Wk  stm32f7xx_hal.o [1]
HAL_MspInit             0x080207ef     0x2  Code  Wk  stm32f7xx_hal.o [1]
HAL_NVIC_DisableIRQ     0x0801f179     0xe  Code  Gb  stm32f7xx_hal_cortex.o [1]
HAL_NVIC_EnableIRQ      0x0801f16b     0xe  Code  Gb  stm32f7xx_hal_cortex.o [1]
HAL_NVIC_SetPriority    0x0801f145    0x26  Code  Gb  stm32f7xx_hal_cortex.o [1]
HAL_NVIC_SetPriorityGrouping
                        0x0801f139     0xc  Code  Gb  stm32f7xx_hal_cortex.o [1]
HAL_PCDEx_ActivateLPM   0x0802893b    0x28  Code  Gb  stm32f7xx_hal_pcd_ex.o [1]
HAL_PCDEx_LPM_Callback  0x08028963     0x2  Code  Wk  stm32f7xx_hal_pcd_ex.o [1]
HAL_PCDEx_SetRxFiFo     0x0802892f     0xc  Code  Gb  stm32f7xx_hal_pcd_ex.o [1]
HAL_PCDEx_SetTxFiFo     0x080288cd    0x62  Code  Gb  stm32f7xx_hal_pcd_ex.o [1]
HAL_PCD_ConnectCallback
                        0x08025ef1     0xe  Code  Gb  usbd_conf_f4.o [1]
HAL_PCD_DataInStageCallback
                        0x08025e49    0x1e  Code  Gb  usbd_conf_f4.o [1]
HAL_PCD_DataOutStageCallback
                        0x08025e29    0x20  Code  Gb  usbd_conf_f4.o [1]
HAL_PCD_DisconnectCallback
                        0x08025eff     0xe  Code  Gb  usbd_conf_f4.o [1]
HAL_PCD_EP_Close        0x0802858f    0x62  Code  Gb  stm32f7xx_hal_pcd.o [1]
HAL_PCD_EP_ClrStall     0x08028769    0x62  Code  Gb  stm32f7xx_hal_pcd.o [1]
HAL_PCD_EP_Flush        0x080287cb    0x3c  Code  Gb  stm32f7xx_hal_pcd.o [1]
HAL_PCD_EP_Open         0x080284f5    0x9a  Code  Gb  stm32f7xx_hal_pcd.o [1]
HAL_PCD_EP_Receive      0x080285f1    0x82  Code  Gb  stm32f7xx_hal_pcd.o [1]
HAL_PCD_EP_SetStall     0x080286f3    0x76  Code  Gb  stm32f7xx_hal_pcd.o [1]
HAL_PCD_EP_Transmit     0x08028673    0x80  Code  Gb  stm32f7xx_hal_pcd.o [1]
HAL_PCD_IRQHandler      0x08027fa7   0x522  Code  Gb  stm32f7xx_hal_pcd.o [1]
HAL_PCD_ISOINIncompleteCallback
                        0x08025edd    0x14  Code  Gb  usbd_conf_f4.o [1]
HAL_PCD_ISOOUTIncompleteCallback
                        0x08025ec9    0x14  Code  Gb  usbd_conf_f4.o [1]
HAL_PCD_Init            0x08027e51   0x12a  Code  Gb  stm32f7xx_hal_pcd.o [1]
HAL_PCD_MspInit         0x08025d8f    0x88  Code  Gb  usbd_conf_f4.o [1]
HAL_PCD_ResetCallback   0x08025e75    0x38  Code  Gb  usbd_conf_f4.o [1]
HAL_PCD_ResumeCallback  0x08025ebb     0xe  Code  Gb  usbd_conf_f4.o [1]
HAL_PCD_SOFCallback     0x08025e67     0xe  Code  Gb  usbd_conf_f4.o [1]
HAL_PCD_SetAddress      0x080284c9    0x2c  Code  Gb  stm32f7xx_hal_pcd.o [1]
HAL_PCD_SetupStageCallback
                        0x08025e17    0x12  Code  Gb  usbd_conf_f4.o [1]
HAL_PCD_Start           0x08027f7b    0x2c  Code  Gb  stm32f7xx_hal_pcd.o [1]
HAL_PCD_SuspendCallback
                        0x08025ead     0xe  Code  Gb  usbd_conf_f4.o [1]
HAL_PWREx_EnableOverDrive
                        0x08024ac9    0x76  Code  Gb  stm32f7xx_hal_pwr_ex.o [1]
HAL_RCCEx_GetPeriphCLKConfig
                        0x080251f5   0x1c6  Code  Gb  stm32f7xx_hal_rcc_ex.o [1]
HAL_RCCEx_PeriphCLKConfig
                        0x08024b4d   0x6a8  Code  Gb  stm32f7xx_hal_rcc_ex.o [1]
HAL_RCC_ClockConfig     0x08021d25   0x256  Code  Gb  stm32f7xx_hal_rcc.o [1]
HAL_RCC_GetHCLKFreq     0x0802201f    0x28  Code  Gb  stm32f7xx_hal_rcc.o [1]
HAL_RCC_GetSysClockFreq
                        0x08021f7b    0xa4  Code  Gb  stm32f7xx_hal_rcc.o [1]
HAL_RCC_OscConfig       0x0802180d   0x518  Code  Gb  stm32f7xx_hal_rcc.o [1]
HAL_SDRAM_Init          0x08027da5    0x44  Code  Gb  stm32f7xx_hal_sdram.o [1]
HAL_SDRAM_MspInit       0x08027de9     0x2  Code  Wk  stm32f7xx_hal_sdram.o [1]
HAL_SDRAM_ProgramRefreshRate
                        0x08027e27    0x2a  Code  Gb  stm32f7xx_hal_sdram.o [1]
HAL_SDRAM_SendCommand   0x08027deb    0x3c  Code  Gb  stm32f7xx_hal_sdram.o [1]
HAL_SPI_ErrorCallback   0x0801ea99     0x2  Code  Wk  stm32f7xx_hal_spi.o [1]
HAL_SPI_Init            0x0801e65d    0xd8  Code  Gb  stm32f7xx_hal_spi.o [1]
HAL_SPI_MspInit         0x0801d139   0x5ca  Code  Gb  waverecorder.o [1]
HAL_SPI_Receive_DMA     0x0801e735   0x14c  Code  Gb  stm32f7xx_hal_spi.o [1]
HAL_SPI_RxCpltCallback  0x0801d789   0x2a0  Code  Gb  waverecorder.o [1]
HAL_SPI_RxHalfCpltCallback
                        0x0801ea95     0x2  Code  Wk  stm32f7xx_hal_spi.o [1]
HAL_SPI_TransmitReceive_DMA
                        0x0801e881   0x212  Code  Gb  stm32f7xx_hal_spi.o [1]
HAL_SPI_TxRxCpltCallback
                        0x0801ea93     0x2  Code  Wk  stm32f7xx_hal_spi.o [1]
HAL_SPI_TxRxHalfCpltCallback
                        0x0801ea97     0x2  Code  Wk  stm32f7xx_hal_spi.o [1]
HAL_SYSTICK_Config      0x0801f187     0xc  Code  Gb  stm32f7xx_hal_cortex.o [1]
HAL_UART_ErrorCallback  0x08029a8b     0x2  Code  Wk  stm32f7xx_hal_uart.o [1]
HAL_UART_IRQHandler     0x080298b1    0xf8  Code  Gb  stm32f7xx_hal_uart.o [1]
HAL_UART_RxCpltCallback
                        0x08029a89     0x2  Code  Wk  stm32f7xx_hal_uart.o [1]
HAL_UART_TxCpltCallback
                        0x08029a87     0x2  Code  Wk  stm32f7xx_hal_uart.o [1]
HEAP$$Base              0x2001feb0           --   Gb  - Linker created -
HEAP$$Limit             0x20021eb0           --   Gb  - Linker created -
HardFault_Handler       0x08029d8b     0x2  Code  Gb  stm32f7xx_it.o [1]
I2C1_EV_IRQHandler      0x08029dcb     0xa  Code  Gb  stm32f7xx_it.o [1]
I2C2_EV_IRQHandler      0x08029dd5     0xa  Code  Gb  stm32f7xx_it.o [1]
I2C_IsAcknowledgeFailed
                        0x08025c97    0x9e  Code  Lc  stm32f7xx_hal_i2c.o [1]
I2C_MasterReceive_ISR   0x0802589d   0x152  Code  Lc  stm32f7xx_hal_i2c.o [1]
I2C_MasterTransmit_ISR  0x08025749   0x152  Code  Lc  stm32f7xx_hal_i2c.o [1]
I2C_SlaveReceive_ISR    0x08025ab1    0xae  Code  Lc  stm32f7xx_hal_i2c.o [1]
I2C_SlaveTransmit_ISR   0x080259ef    0xc2  Code  Lc  stm32f7xx_hal_i2c.o [1]
I2C_TransferConfig      0x08025d35    0x2a  Code  Lc  stm32f7xx_hal_i2c.o [1]
I2C_WaitOnFlagUntilTimeout
                        0x08025b65    0x8e  Code  Lc  stm32f7xx_hal_i2c.o [1]
I2C_WaitOnSTOPFlagUntilTimeout
                        0x08025c47    0x50  Code  Lc  stm32f7xx_hal_i2c.o [1]
I2C_WaitOnTXISFlagUntilTimeout
                        0x08025bf3    0x54  Code  Lc  stm32f7xx_hal_i2c.o [1]
I2S1_Init               0x0801cdeb    0x60  Code  Lc  waverecorder.o [1]
I2S1_stNipple           0x2001de8e     0x2  Data  Gb  waverecorder.o [1]
I2S1_stPosShft          0x2001dea3     0x1  Data  Gb  waverecorder.o [1]
I2S2_Init               0x0801ce4b    0x5e  Code  Lc  waverecorder.o [1]
I2S2_idxTmp             0x2001de54     0x2  Data  Gb  main.o [1]
I2S2_stNipple           0x2001de90     0x2  Data  Gb  waverecorder.o [1]
I2S2_stPosShft          0x2001dea4     0x1  Data  Gb  waverecorder.o [1]
I2S_GetClockFreq        0x0801efd7    0x66  Code  Lc  stm32f7xx_hal_i2s.o [1]
IS                      0x2001dd6c    0x18  Data  Gb  main.o [1]
ISS                     0x2001de00    0x14  Data  Gb  main.o [1]
IsocInBuffDummy         0x2001d3e4   0x180  Data  Lc  usbd_audio_in.o [1]
MIC1TO6_Init            0x0801cd5d    0x8e  Code  Gb  waverecorder.o [1]
MX_I2C2_Init            0x080229f1    0x50  Code  Gb  main.o [1]
MemManage_Handler       0x08029d8d     0x2  Code  Gb  stm32f7xx_it.o [1]
NMI_Handler             0x08029d89     0x2  Code  Gb  stm32f7xx_it.o [1]
NVIC_DisableIRQ         0x0801f091    0x14  Code  Lc  stm32f7xx_hal_cortex.o [1]
NVIC_EnableIRQ          0x0801f07d    0x14  Code  Lc  stm32f7xx_hal_cortex.o [1]
NVIC_EncodePriority     0x0801f0cb    0x3e  Code  Lc  stm32f7xx_hal_cortex.o [1]
NVIC_GetPriorityGrouping
                        0x0801f073     0xa  Code  Lc  stm32f7xx_hal_cortex.o [1]
NVIC_SetPriority        0x0801f0a5    0x26  Code  Lc  stm32f7xx_hal_cortex.o [1]
NVIC_SetPriority        0x08025d69    0x26  Code  Lc  usbd_conf_f4.o [1]
NVIC_SetPriorityGrouping
                        0x0801f055    0x1e  Code  Lc  stm32f7xx_hal_cortex.o [1]
OTG_FS_IRQHandler       0x08029ddf     0xa  Code  Gb  stm32f7xx_it.o [1]
PCD_WriteEmptyTxFifo    0x08028807    0xc4  Code  Lc  stm32f7xx_hal_pcd.o [1]
PCM_Buffer1             0xc00181e0  0x1000  Data  Gb  audio_application.o [1]
PCM_Buffer2             0xc00191e0  0x1000  Data  Gb  audio_application.o [1]
PDM2PCMSDO78            0x0801da59   0x3b0  Code  Gb  waverecorder.o [1]
PDM_Filter_64_LSB       0x0801e30d   0x31e  Code  Gb  pdm_filter.o [5]
PDM_Filter_Init         0x0801e10d   0x1fe  Code  Gb  pdm_filter.o [5]
PendSV_Handler          0x08029d97     0x2  Code  Gb  stm32f7xx_it.o [1]
Region$$Table$$Base     0x08029f70           --   Gb  - Linker created -
Region$$Table$$Limit    0x08029f9c           --   Gb  - Linker created -
S1                      0x2001dd0c    0x18  Data  Gb  main.o [1]
S2                      0x2001dd24    0x18  Data  Gb  main.o [1]
S3                      0x2001dd3c    0x18  Data  Gb  main.o [1]
S4                      0x2001dd54    0x18  Data  Gb  main.o [1]
SCB_EnableDCache        0x080220a7    0x64  Code  Lc  main.o [1]
SCB_EnableICache        0x0802207d    0x2a  Code  Lc  main.o [1]
SPI1_IRQHandler         0x0801c44d   0x232  Code  Gb  waverecorder.o [1]
SPI1_stNipple           0x2001de8c     0x2  Data  Gb  waverecorder.o [1]
SPI2_IRQHandler         0x0801c67f   0x242  Code  Gb  waverecorder.o [1]
SPI3_IRQHandler         0x0802115d     0xa  Code  Gb  audio_codec.o [1]
SPI4_IRQHandler         0x0801c8c1   0x2d0  Code  Gb  waverecorder.o [1]
SPI4_Init               0x0801ceb1    0x7c  Code  Gb  waverecorder.o [1]
SPI4_stPosShft          0x2001dea5     0x1  Data  Gb  waverecorder.o [1]
SPI5_IRQHandler         0x0801cb91    0xec  Code  Gb  waverecorder.o [1]
SPI5_Init               0x0801cf39    0xfe  Code  Gb  waverecorder.o [1]
SPI6_IRQHandler         0x0801cc7d    0xe0  Code  Gb  waverecorder.o [1]
SPI6_Init               0x0801d049    0x7c  Code  Gb  waverecorder.o [1]
SPI_DMAError            0x0801ec71    0x28  Code  Lc  stm32f7xx_hal_spi.o [1]
SPI_DMAHalfReceiveCplt  0x0801ec51     0xe  Code  Lc  stm32f7xx_hal_spi.o [1]
SPI_DMAHalfTransmitReceiveCplt
                        0x0801ec61     0xe  Code  Lc  stm32f7xx_hal_spi.o [1]
SPI_DMAReceiveCplt      0x0801ea9d    0xe4  Code  Lc  stm32f7xx_hal_spi.o [1]
SPI_DMATransmitReceiveCplt
                        0x0801eb81    0xd0  Code  Lc  stm32f7xx_hal_spi.o [1]
SPI_EndRxTransaction    0x0801ede5    0x68  Code  Lc  stm32f7xx_hal_spi.o [1]
SPI_EndRxTxTransaction  0x0801ee4d    0x62  Code  Lc  stm32f7xx_hal_spi.o [1]
SPI_I2S_ReceiveData     0x0801d745     0x6  Code  Lc  waverecorder.o [1]
SPI_WaitFifoStateUntilTimeout
                        0x0801ed33    0xb2  Code  Lc  stm32f7xx_hal_spi.o [1]
SPI_WaitFlagStateUntilTimeout
                        0x0801ec99    0x9a  Code  Lc  stm32f7xx_hal_spi.o [1]
SS1                     0x2001ddb0    0x14  Data  Gb  main.o [1]
SS2                     0x2001ddc4    0x14  Data  Gb  main.o [1]
SS3                     0x2001ddd8    0x14  Data  Gb  main.o [1]
SS4                     0x2001ddec    0x14  Data  Gb  main.o [1]
STA321MP_DefautLoad     0x08024723    0x2c  Code  Lc  sta321mp.o [1]
STA321MP_Ini            0x08023e71   0x254  Code  Gb  sta321mp.o [1]
STACoefSet              0x08024121   0x332  Code  Gb  sta321mp.o [1]
SVC_Handler             0x08029d93     0x2  Code  Gb  stm32f7xx_it.o [1]
Send_Audio_to_USB       0x0802160f    0x14  Code  Gb  usbd_audio_if.o [1]
SetCoefValue            0x08024501    0x6a  Code  Gb  sta321mp.o [1]
SumDelay                0x08022893   0x10a  Code  Gb  main.o [1]
SysTick_Config          0x0801f109    0x30  Code  Lc  stm32f7xx_hal_cortex.o [1]
SysTick_Handler         0x08029d99    0x26  Code  Gb  stm32f7xx_it.o [1]
SystemClock_Config      0x08022575    0xb0  Code  Lc  main.o [1]
SystemCoreClock         0x20010418     0x4  Data  Gb  system_stm32f7xx.o [1]
SystemInit              0x08029e05    0x4c  Code  Gb  system_stm32f7xx.o [1]
T0                      0x20010004   0x100  Data  Gb  pdm_filter.o [5]
T1                      0x20010104   0x100  Data  Gb  pdm_filter.o [5]
T2                      0x20010204   0x100  Data  Gb  pdm_filter.o [5]
TestSDO12               0x20010428  0x2000  Data  Gb  waverecorder.o [1]
TestSDO34               0x20012428  0x2000  Data  Gb  waverecorder.o [1]
TestSDO7                0x20014428  0x2000  Data  Gb  waverecorder.o [1]
TestSDO7_1              0x20018428  0x2000  Data  Gb  waverecorder.o [1]
TestSDO8                0x20016428  0x2000  Data  Gb  waverecorder.o [1]
TestSDO8_1              0x2001a428  0x2000  Data  Gb  waverecorder.o [1]
Timing                  0x2001dcd8    0x1c  Data  Lc  stm32746g_discovery_sdram.o [1]
UART_EndTransmit_IT     0x08029b39    0x3c  Code  Lc  stm32f7xx_hal_uart.o [1]
UART_Receive_IT         0x08029b75    0xa6  Code  Lc  stm32f7xx_hal_uart.o [1]
UART_Transmit_IT        0x08029a8d    0xac  Code  Lc  stm32f7xx_hal_uart.o [1]
UART_WaitOnFlagUntilTimeout
                        0x080299a9    0xde  Code  Gb  stm32f7xx_hal_uart.o [1]
USART3_IRQHandler       0x08029dc1     0xa  Code  Gb  stm32f7xx_it.o [1]
USART6_IRQHandler       0x08029dbf     0x2  Code  Gb  stm32f7xx_it.o [1]
USBD_AUDIO              0x20010354    0x38  Data  Gb  usbd_audio_in.o [1]
USBD_AUDIO_CfgDesc      0x2001d72c    0x78  Data  Lc  usbd_audio_in.o [1]
USBD_AUDIO_ConfigStrDescriptor
                        0x08029c91    0x26  Code  Gb  usbd_desc.o [1]
USBD_AUDIO_DataIn       0x08022d5d   0x122  Code  Lc  usbd_audio_in.o [1]
USBD_AUDIO_DataOut      0x08022edb     0x6  Code  Lc  usbd_audio_in.o [1]
USBD_AUDIO_Data_Transfer
                        0x08022fb7   0x186  Code  Gb  usbd_audio_in.o [1]
USBD_AUDIO_DeInit       0x08022c47    0x2c  Code  Lc  usbd_audio_in.o [1]
USBD_AUDIO_DeviceDescriptor
                        0x08029c1d     0xa  Code  Gb  usbd_desc.o [1]
USBD_AUDIO_DeviceQualifierDesc
                        0x20010404     0xc  Data  Lc  usbd_audio_in.o [1]
USBD_AUDIO_EP0_RxReady  0x08022e7f    0x44  Code  Lc  usbd_audio_in.o [1]
USBD_AUDIO_EP0_TxReady  0x08022ec3     0x6  Code  Lc  usbd_audio_in.o [1]
USBD_AUDIO_GetCfgDesc   0x08022d51     0xc  Code  Lc  usbd_audio_in.o [1]
USBD_AUDIO_GetDeviceQualifierDesc
                        0x08022ee1     0xc  Code  Lc  usbd_audio_in.o [1]
USBD_AUDIO_Init         0x08022bc9    0x7e  Code  Lc  usbd_audio_in.o [1]
USBD_AUDIO_Init_Microphone_Descriptor
                        0x0802314b   0x52e  Code  Gb  usbd_audio_in.o [1]
USBD_AUDIO_InterfaceStrDescriptor
                        0x08029cb7    0x26  Code  Gb  usbd_desc.o [1]
USBD_AUDIO_IsoINIncomplete
                        0x08022ecf     0x6  Code  Lc  usbd_audio_in.o [1]
USBD_AUDIO_IsoOutIncomplete
                        0x08022ed5     0x6  Code  Lc  usbd_audio_in.o [1]
USBD_AUDIO_LangIDStrDescriptor
                        0x08029c27     0xa  Code  Gb  usbd_desc.o [1]
USBD_AUDIO_ManufacturerStrDescriptor
                        0x08029c57    0x14  Code  Gb  usbd_desc.o [1]
USBD_AUDIO_ProductStrDescriptor
                        0x08029c31    0x26  Code  Gb  usbd_desc.o [1]
USBD_AUDIO_RegisterInterface
                        0x0802313d     0xe  Code  Gb  usbd_audio_in.o [1]
USBD_AUDIO_SOF          0x08022ec9     0x6  Code  Lc  usbd_audio_in.o [1]
USBD_AUDIO_SerialStrDescriptor
                        0x08029c6b    0x26  Code  Gb  usbd_desc.o [1]
USBD_AUDIO_Setup        0x08022c73    0xde  Code  Lc  usbd_audio_in.o [1]
USBD_AUDIO_fops         0x200103b0    0x24  Data  Gb  usbd_audio_if.o [1]
USBD_ClrClassConfig     0x08024813    0x18  Code  Gb  usbd_core.o [1]
USBD_ClrFeature         0x08026643    0x3a  Code  Lc  usbd_ctlreq.o [1]
USBD_CtlContinueRx      0x08026785    0x1a  Code  Gb  usbd_ioreq.o [1]
USBD_CtlContinueSendData
                        0x0802673f    0x1a  Code  Gb  usbd_ioreq.o [1]
USBD_CtlError           0x080266a5    0x18  Code  Gb  usbd_ctlreq.o [1]
USBD_CtlPrepareRx       0x08026759    0x2c  Code  Gb  usbd_ioreq.o [1]
USBD_CtlReceiveStatus   0x080267b9    0x1a  Code  Gb  usbd_ioreq.o [1]
USBD_CtlSendData        0x08026717    0x28  Code  Gb  usbd_ioreq.o [1]
USBD_CtlSendStatus      0x0802679f    0x1a  Code  Gb  usbd_ioreq.o [1]
USBD_GetConfig          0x08026595    0x4c  Code  Lc  usbd_ctlreq.o [1]
USBD_GetDescriptor      0x080262f1   0x164  Code  Lc  usbd_ctlreq.o [1]
USBD_GetLen             0x08026703    0x14  Code  Lc  usbd_ctlreq.o [1]
USBD_GetStatus          0x080265e1    0x3c  Code  Lc  usbd_ctlreq.o [1]
USBD_GetString          0x080266bd    0x46  Code  Gb  usbd_ctlreq.o [1]
USBD_Init               0x08024781    0x38  Code  Gb  usbd_core.o [1]
USBD_LL_ClearStallEP    0x0802601d    0x16  Code  Gb  usbd_conf_f4.o [1]
USBD_LL_CloseEP         0x08025fdb    0x16  Code  Gb  usbd_conf_f4.o [1]
USBD_LL_DataInStage     0x08024923    0xe2  Code  Gb  usbd_core.o [1]
USBD_LL_DataOutStage    0x08024895    0x8e  Code  Gb  usbd_core.o [1]
USBD_LL_DevConnected    0x08024aa5     0x6  Code  Gb  usbd_core.o [1]
USBD_LL_DevDisconnected
                        0x08024aab    0x1c  Code  Gb  usbd_core.o [1]
USBD_LL_FlushEP         0x08025ff1    0x16  Code  Gb  usbd_conf_f4.o [1]
USBD_LL_Init            0x08025f0d    0x7e  Code  Gb  usbd_conf_f4.o [1]
USBD_LL_IsStallEP       0x08026033    0x30  Code  Gb  usbd_conf_f4.o [1]
USBD_LL_IsoINIncomplete
                        0x08024a99     0x6  Code  Gb  usbd_core.o [1]
USBD_LL_IsoOUTIncomplete
                        0x08024a9f     0x6  Code  Gb  usbd_core.o [1]
USBD_LL_OpenEP          0x08025fb9    0x22  Code  Gb  usbd_conf_f4.o [1]
USBD_LL_PrepareReceive  0x08026099    0x20  Code  Gb  usbd_conf_f4.o [1]
USBD_LL_Reset           0x08024a05    0x46  Code  Gb  usbd_core.o [1]
USBD_LL_Resume          0x08024a67     0xe  Code  Gb  usbd_core.o [1]
USBD_LL_SOF             0x08024a75    0x24  Code  Gb  usbd_core.o [1]
USBD_LL_SetSpeed        0x08024a4b     0x8  Code  Gb  usbd_core.o [1]
USBD_LL_SetUSBAddress   0x08026063    0x16  Code  Gb  usbd_conf_f4.o [1]
USBD_LL_SetupStage      0x0802482b    0x6a  Code  Gb  usbd_core.o [1]
USBD_LL_StallEP         0x08026007    0x16  Code  Gb  usbd_conf_f4.o [1]
USBD_LL_Start           0x08025fa9    0x10  Code  Gb  usbd_conf_f4.o [1]
USBD_LL_Suspend         0x08024a53    0x14  Code  Gb  usbd_core.o [1]
USBD_LL_Transmit        0x08026079    0x20  Code  Gb  usbd_conf_f4.o [1]
USBD_LangIDDesc         0x2001041c     0x4  Data  Gb  usbd_desc.o [1]
USBD_ParseSetupRequest  0x0802667d    0x28  Code  Gb  usbd_ctlreq.o [1]
USBD_RegisterClass      0x080247b9    0x1a  Code  Gb  usbd_core.o [1]
USBD_RunTestMode        0x080247e1     0x6  Code  Gb  usbd_core.o [1]
USBD_SetAddress         0x08026455    0x60  Code  Lc  usbd_ctlreq.o [1]
USBD_SetClassConfig     0x080247e7    0x2c  Code  Gb  usbd_core.o [1]
USBD_SetConfig          0x080264b5    0xda  Code  Lc  usbd_ctlreq.o [1]
USBD_SetFeature         0x0802661d    0x26  Code  Lc  usbd_ctlreq.o [1]
USBD_Start              0x080247d3     0xe  Code  Gb  usbd_core.o [1]
USBD_StdDevReq          0x080260b9    0x7c  Code  Gb  usbd_ctlreq.o [1]
USBD_StdEPReq           0x08026181   0x170  Code  Gb  usbd_ctlreq.o [1]
USBD_StdItfReq          0x08026135    0x4c  Code  Gb  usbd_ctlreq.o [1]
USBD_StrDesc            0x2001d564    0xc8  Data  Gb  usbd_desc.o [1]
USB_ActivateEndpoint    0x08028e3d    0xc4  Code  Gb  stm32f7xx_ll_usb.o [1]
USB_ActivateSetup       0x0802977f    0x44  Code  Gb  stm32f7xx_ll_usb.o [1]
USB_CoreInit            0x08028b15    0x6e  Code  Gb  stm32f7xx_ll_usb.o [1]
USB_CoreReset           0x0802981b    0x38  Code  Lc  stm32f7xx_ll_usb.o [1]
USB_DeactivateEndpoint  0x08028f01    0xaa  Code  Gb  stm32f7xx_ll_usb.o [1]
USB_DevConnect          0x080296b3    0x1e  Code  Gb  stm32f7xx_ll_usb.o [1]
USB_DevDisconnect       0x080296d1    0x1e  Code  Gb  stm32f7xx_ll_usb.o [1]
USB_DevInit             0x08028bd5   0x1c0  Code  Gb  stm32f7xx_ll_usb.o [1]
USB_DisableGlobalInt    0x08028b91     0xe  Code  Gb  stm32f7xx_ll_usb.o [1]
USB_EP0StartXfer        0x080292f5   0x1ec  Code  Gb  stm32f7xx_ll_usb.o [1]
USB_EP0_OutStart        0x080297c3    0x58  Code  Gb  stm32f7xx_ll_usb.o [1]
USB_EPClearStall        0x080295f1    0x96  Code  Gb  stm32f7xx_ll_usb.o [1]
USB_EPSetStall          0x08029553    0x9e  Code  Gb  stm32f7xx_ll_usb.o [1]
USB_EPStartXfer         0x08028fab   0x342  Code  Gb  stm32f7xx_ll_usb.o [1]
USB_EnableGlobalInt     0x08028b83     0xe  Code  Gb  stm32f7xx_ll_usb.o [1]
USB_FlushRxFifo         0x08028db9    0x20  Code  Gb  stm32f7xx_ll_usb.o [1]
USB_FlushTxFifo         0x08028d95    0x24  Code  Gb  stm32f7xx_ll_usb.o [1]
USB_GetDevSpeed         0x08028def    0x4e  Code  Gb  stm32f7xx_ll_usb.o [1]
USB_GetMode             0x08029777     0x8  Code  Gb  stm32f7xx_ll_usb.o [1]
USB_ReadDevAllInEpInterrupt
                        0x08029713    0x16  Code  Gb  stm32f7xx_ll_usb.o [1]
USB_ReadDevAllOutEpInterrupt
                        0x080296fd    0x16  Code  Gb  stm32f7xx_ll_usb.o [1]
USB_ReadDevInEPInterrupt
                        0x08029743    0x34  Code  Gb  stm32f7xx_ll_usb.o [1]
USB_ReadDevOutEPInterrupt
                        0x08029729    0x1a  Code  Gb  stm32f7xx_ll_usb.o [1]
USB_ReadInterrupts      0x080296ef     0xe  Code  Gb  stm32f7xx_ll_usb.o [1]
USB_ReadPacket          0x08029527    0x2c  Code  Gb  stm32f7xx_ll_usb.o [1]
USB_SetCurrentMode      0x08028b9f    0x36  Code  Gb  stm32f7xx_ll_usb.o [1]
USB_SetDevAddress       0x08029687    0x2c  Code  Gb  stm32f7xx_ll_usb.o [1]
USB_SetDevSpeed         0x08028dd9    0x16  Code  Gb  stm32f7xx_ll_usb.o [1]
USB_WritePacket         0x080294e1    0x46  Code  Gb  stm32f7xx_ll_usb.o [1]
UsageFault_Handler      0x08029d91     0x2  Code  Gb  stm32f7xx_it.o [1]
VOL_CUR                 0x2001de72     0x2  Data  Lc  usbd_audio_in.o [1]
WaveRec_idxSens1        0x2001de56     0x2  Data  Gb  main.o [1]
WaveRec_idxSens2        0x2001de58     0x2  Data  Gb  main.o [1]
WaveRec_idxSens3        0x2001de52     0x2  Data  Gb  main.o [1]
WaveRec_idxSens4        0x2001de50     0x2  Data  Gb  main.o [1]
WaveRec_idxSens5        0x2001de5a     0x2  Data  Gb  main.o [1]
WaveRec_idxSens6        0x2001de5c     0x2  Data  Gb  main.o [1]
WaveRecord_flgIni       0x2001de9e     0x1  Data  Gb  waverecorder.o [1]
WaveRecord_flgSDO7Finish
                        0x2001dea1     0x1  Data  Gb  waverecorder.o [1]
WaveRecord_flgSDO8Finish
                        0x2001dea2     0x1  Data  Gb  waverecorder.o [1]
WriteCoef               0x08024453    0xae  Code  Gb  sta321mp.o [1]
WriteSTAByte            0x080240c5    0x5c  Code  Gb  sta321mp.o [1]
XferCplt                0x2001de40     0x4  Data  Gb  waveplayer _CS43L22.o [1]
__aeabi_cdcmpeq         0x0802370d          Code  Gb  DblCmpEq.o [6]
__aeabi_cdcmple         0x0802162d          Code  Gb  DblCmpLe.o [6]
__aeabi_cdrcmple        0x0802165d          Code  Gb  DblCmpGe.o [6]
__aeabi_cfcmpeq         0x0801fa69          Code  Gb  FltCmpEq.o [6]
__aeabi_cfcmple         0x0801fa95          Code  Gb  FltCmpLe.o [6]
__aeabi_d2f             0x0802007d          Code  Gb  DblToFlt.o [6]
__aeabi_d2iz            0x0801fe8d          Code  Gb  DblToI32.o [6]
__aeabi_dadd            0x0801fda5          Code  Gb  DblAdd.o [6]
__aeabi_ddiv            0x0801fb4d          Code  Gb  DblDiv.o [6]
__aeabi_dmul            0x0801fed9          Code  Gb  DblMul.o [6]
__aeabi_dsub            0x0802055d          Code  Gb  DblSub.o [6]
__aeabi_errno_addr      0x0802168d     0x6  Code  Gb  errno.o [3]
__aeabi_f2d             0x0801facd          Code  Gb  FltToDbl.o [6]
__aeabi_fmul            0x0801fab9    0x12  Code  Gb  FltMul.o [6]
__aeabi_i2d             0x0801fb1d          Code  Gb  I32ToDbl.o [6]
__aeabi_memset          0x080267d5          Code  Gb  ABImemset.o [7]
__aeabi_ui2d            0x0801fb31          Code  Gb  I32ToDbl.o [6]
__aeabi_ui2f            0x0801fa85     0xe  Code  Gb  U32ToFlt.o [6]
__cmain                 0x08029f9d          Code  Gb  cmain.o [7]
__data_GetMemChunk      0x0802896d    0x2c  Code  Gb  xgetmemchunk.o [3]
__exit                  0x08029865    0x14  Code  Gb  exit.o [8]
__iar_Dint              0x08023693    0x7a  Code  Gb  xdint.o [6]
__iar_Errno             0x20010420     0x4  Data  Gb  errno.o [3]
__iar_Memset            0x080267d5          Code  Gb  ABImemset.o [7]
__iar_Memset_word       0x080267dd          Code  Gb  ABImemset.o [7]
__iar_Quad              0x08021699   0x12c  Code  Gb  xquad.o [6]
__iar_Sin               0x0802010d   0x3b2  Code  Gb  xsin.o [6]
__iar_close_ttio        0x08029879    0x2e  Code  Gb  iarttio.o [8]
__iar_copy_init3        0x08029eb1    0x2c  Code  Gb  copy_init3.o [7]
__iar_d2uiz             0x0801feb9          Code  Gb  DblToI32.o [6]
__iar_dadd              0x0801fdb9          Code  Gb  DblAdd.o [6]
__iar_data_init3        0x08029edd    0x28  Code  Gb  data_init.o [7]
__iar_dlfree            0x08027813   0x510  Code  Gb  dlmalloc.o [3]
__iar_dlib_perthread_access
                        0x08023691     0x2  Code  Gb  xtls.o [3]
__iar_dlmalloc          0x0802755d   0x2aa  Code  Gb  dlmalloc.o [3]
__iar_dsub              0x08020571          Code  Gb  DblSub.o [6]
__iar_dsubStart         0x08020583          Code  Gb  DblSub.o [6]
__iar_edom              0x08021801          Code  Gb  iarEdom.o [7]
__iar_fmod              0x0802372d          Code  Gb  fmod.o [6]
__iar_fmodl             0x0802372d          Code  Gb  fmod.o [6]
__iar_init_vfp          0x08029f4d          Code  Gb  fpinit_M.o [6]
__iar_lookup_ttioh      0x080298a9     0x8  Code  Gb  XShttio.o [3]
__iar_program_start     0x0802a041          Code  Gb  cstartup_M.o [7]
__iar_sqrt              0x080206dd          Code  Gb  sqrt.o [6]
__iar_ttio_handles      0x20010410     0x8  Data  Lc  XShttio.o [3]
__iar_ui2d              0x0801fb35          Code  Gb  I32ToDbl.o [6]
__iar_unaligned___aeabi_memcpy
                        0x08027d2d          Code  Gb  ABImemcpy_unaligned.o [7]
__iar_unaligned___aeabi_memcpy4
                        0x08027d4d          Code  Gb  ABImemcpy_unaligned.o [7]
__iar_unaligned___aeabi_memcpy8
                        0x08027d4d          Code  Gb  ABImemcpy_unaligned.o [7]
__iar_zero_init3        0x08029e71    0x40  Code  Gb  zero_init3.o [7]
__low_level_init        0x08029fb7     0x4  Code  Gb  low_level_init.o [3]
__vector_table          0x08000000          Data  Gb  startup_stm32f746xx.o [1]
_call_main              0x08029fa9          Code  Gb  cmain.o [7]
_exit                   0x08029fc1          Code  Gb  cexit.o [7]
_gm_                    0x2001d20c   0x1d8  Data  Lc  dlmalloc.o [3]
_main                   0x08029fb3          Code  Gb  cmain.o [7]
abort                   0x08028965     0x6  Code  Gb  abort.o [3]
abs                     0x08022bc1     0x8  Code  Gb  abs.o [3]
armBitRevTable          0x080001c8   0x800  Data  Gb  arm_common_tables.o [4]
arm_cfft_radix4_init_f32
                        0x08010a41    0xb0  Code  Gb  arm_cfft_radix4_init_f32.o [4]
arm_rfft_init_f32       0x080089c9    0x72  Code  Gb  arm_rfft_init_f32.o [4]
btnSW1                  0x2001de97     0x1  Data  Gb  main.o [1]
btnSW2                  0x2001de98     0x1  Data  Gb  main.o [1]
bufCoefBiquad           0x2001de14    0x10  Data  Gb  sta321mp.o [1]
bufPCMSens7             0x2001de44     0x4  Data  Gb  waverecorder.o [1]
bufPCMSens8             0x2001de48     0x4  Data  Gb  waverecorder.o [1]
bufferSum               0x2001c428   0x800  Data  Gb  main.o [1]
buffer_switch           0x20010424     0x1  Data  Gb  main.o [1]
cntBtnPress             0x2001de9a     0x1  Data  Gb  main.o [1]
cntOS                   0x2001de3c     0x4  Data  Gb  stm32f7xx_it.o [1]
cntPos                  0x2001de7a     0x2  Data  Gb  waverecorder.o [1]
cntPos7                 0x2001de7c     0x2  Data  Gb  waverecorder.o [1]
cntRisingEXTI           0x2001de60     0x2  Data  Gb  main.o [1]
cntStrt                 0x2001de7e     0x2  Data  Gb  waverecorder.o [1]
cntTime200              0x2001de6e     0x2  Data  Gb  main.o [1]
exit                    0x08029fbb     0x4  Code  Gb  exit.o [3]
flg10ms                 0x2001de9c     0x1  Data  Gb  main.o [1]
flgDlyUpd               0x2001de99     0x1  Data  Gb  main.o [1]
fmod                    0x0802372d          Code  Gb  fmod.o [6]
fmodl                   0x0802372d          Code  Gb  fmod.o [6]
hUSBDDevice             0x2001cfe8   0x224  Data  Gb  main.o [1]
hUSBDDeviceDesc         0x200103f0    0x14  Data  Gb  usbd_desc.o [1]
haudioInstance          0x2001d8e0    0x64  Data  Lc  usbd_audio_in.o [1]
hdma_spi5_rx            0x2001daac    0x50  Data  Gb  waverecorder.o [1]
hdma_spi6_rx            0x2001dafc    0x50  Data  Gb  waverecorder.o [1]
hi2c1                   0x2001dc0c    0x3c  Data  Gb  audio_codec.o [1]
hi2c2                   0x2001dc48    0x3c  Data  Gb  audio_codec.o [1]
hi2s1                   0x2001db8c    0x40  Data  Gb  waverecorder.o [1]
hi2s2                   0x2001dbcc    0x40  Data  Gb  waverecorder.o [1]
hi2s3                   0x2001db4c    0x40  Data  Gb  waveplayer _CS43L22.o [1]
hpcd                    0x2001cc28   0x3c0  Data  Gb  usbd_conf_f4.o [1]
hspi4                   0x2001d87c    0x64  Data  Gb  main.o [1]
hspi5                   0x2001d944    0x64  Data  Gb  waverecorder.o [1]
hspi6                   0x2001d9a8    0x64  Data  Gb  waverecorder.o [1]
huart3                  0x2001d7a4    0x70  Data  Gb  main.o [1]
iSDO12                  0x2001de92     0x2  Data  Gb  waverecorder.o [1]
iSDO34                  0x2001de94     0x2  Data  Gb  waverecorder.o [1]
idxFrmPDMMic8           0x2001de78     0x2  Data  Gb  waverecorder.o [1]
idxLatency12            0x2001de64     0x2  Data  Gb  main.o [1]
idxLatency13            0x2001de62     0x2  Data  Gb  main.o [1]
idxLatency14            0x2001de66     0x2  Data  Gb  main.o [1]
idxLatency25            0x2001de68     0x2  Data  Gb  main.o [1]
idxLatency63            0x2001de6a     0x2  Data  Gb  main.o [1]
idxLatency78            0x2001de6c     0x2  Data  Gb  main.o [1]
idxMic7                 0x2001de76     0x2  Data  Gb  waverecorder.o [1]
idxMic8                 0x2001de74     0x2  Data  Gb  waverecorder.o [1]
idxSPI5DataBuf3         0x2001de5e     0x2  Data  Gb  main.o [1]
init_mparams            0x08026857    0x32  Code  Lc  dlmalloc.o [3]
init_top                0x08026889    0x34  Code  Lc  dlmalloc.o [3]
main                    0x08022349   0x22c  Code  Gb  main.o [1]
mparams                 0x2001dd84    0x18  Data  Lc  dlmalloc.o [3]
pDataMic7               0x2001d6ac    0x80  Data  Gb  waverecorder.o [1]
pDataMic8               0x2001d62c    0x80  Data  Gb  waverecorder.o [1]
pPDM2PCM                0x2001dcb8    0x20  Data  Gb  waverecorder.o [1]
pcSTAComnd              0x20010304    0x50  Data  Gb  sta321mp.o [1]
pcSTAComnd1             0x2001de70     0x2  Data  Gb  sta321mp.o [1]
pcSTAComnd2             0x2001038c    0x24  Data  Gb  sta321mp.o [1]
prepend_alloc           0x080268bd   0x36c  Code  Lc  dlmalloc.o [3]
realCoefA               0x08008a40  0x8000  Data  Lc  arm_rfft_init_f32.o [4]
realCoefB               0x08010af0  0x8000  Data  Lc  arm_rfft_init_f32.o [4]
sdramHandle             0x2001dc84    0x34  Data  Lc  stm32746g_discovery_sdram.o [1]
segment_holding         0x0802683d    0x1a  Code  Lc  dlmalloc.o [3]
sqrt                    0x080206dd          Code  Gb  sqrt.o [6]
sqrtl                   0x080206dd          Code  Gb  sqrt.o [6]
stFrstFrmStore          0x2001de9b     0x1  Data  Gb  main.o [1]
sta321mp_biquad         0x080245c3   0x160  Code  Lc  sta321mp.o [1]
sta321mp_mixer          0x0802456b    0x2a  Code  Lc  sta321mp.o [1]
sta321mp_postscale      0x080245ad    0x16  Code  Lc  sta321mp.o [1]
sta321mp_prescale       0x08024595    0x18  Code  Lc  sta321mp.o [1]
stm32_crc               0x20010000     0x4  Data  Gb  pdm_filter.o [5]
swtBufUSBOut            0x2001de96     0x1  Data  Gb  audio_application.o [1]
swtSDO7                 0x2001de9f     0x1  Data  Gb  waverecorder.o [1]
swtSDO8                 0x2001dea0     0x1  Data  Gb  waverecorder.o [1]
sys_alloc               0x08026c29   0x386  Code  Lc  dlmalloc.o [3]
tmalloc_large           0x08026fbd   0x390  Code  Lc  dlmalloc.o [3]
tmalloc_small           0x0802734d   0x210  Code  Lc  dlmalloc.o [3]
twiddleCoef_4096        0x080009c8  0x8000  Data  Gb  arm_common_tables.o [4]
uwTick                  0x2001de38     0x4  Data  Lc  stm32f7xx_hal.o [1]
vRawSens1               0x2001de80     0x2  Data  Gb  waverecorder.o [1]
vRawSens2               0x2001de82     0x2  Data  Gb  waverecorder.o [1]
vRawSens3               0x2001de86     0x2  Data  Gb  waverecorder.o [1]
vRawSens4               0x2001de84     0x2  Data  Gb  waverecorder.o [1]
vRawSens5               0x2001de88     0x2  Data  Gb  waverecorder.o [1]
vRawSens6               0x2001de8a     0x2  Data  Gb  waverecorder.o [1]
vol_table               0x08029d04    0x84  Data  Gb  usbd_audio_if.o [1]
volume                  0x20010427     0x1  Data  Gb  waveplayer _CS43L22.o [1]


[1] = D:\sop1hc\Github\data\Mic_Array_V00\USB_STREAMING\Mic_Array\Projects\STM32746G\Applications\Audio\Mic_Array\EWARM\STM32F7\Obj
[2] = command line
[3] = dl7M_tlf.a
[4] = iar_cortexM7ls_math.a
[5] = libPDMFilter_CM7_IAR.a
[6] = m7M_tls.a
[7] = rt7M_tl.a
[8] = shb_l.a

  104 480 bytes of readonly  code memory
   69 008 bytes of readonly  data memory
   73 388 bytes of readwrite data memory (+ 106 976 absolute)

Errors: none
Warnings: none
