###############################################################################
#
# IAR ELF Linker V7.50.2.10312/W32 for ARM                27/Feb/2016  00:34:53
# Copyright 2007-2015 IAR Systems AB.
#
#    Output file  =  
#        H:\PhanLeSon\ActivNoise\Microphone\F7\Mic_Array_Project\Mic_Array\Projects\STM32746G\Applications\Audio\Mic_Array\EWARM\STM32F7\Exe\Project.out
#    Map file     =  
#        H:\PhanLeSon\ActivNoise\Microphone\F7\Mic_Array_Project\Mic_Array\Projects\STM32746G\Applications\Audio\Mic_Array\EWARM\STM32F7\List\Project.map
#    Command line =  
#        H:\PhanLeSon\ActivNoise\Microphone\F7\Mic_Array_Project\Mic_Array\Projects\STM32746G\Applications\Audio\Mic_Array\EWARM\STM32F7\Obj\audio_application.o
#        H:\PhanLeSon\ActivNoise\Microphone\F7\Mic_Array_Project\Mic_Array\Projects\STM32746G\Applications\Audio\Mic_Array\EWARM\STM32F7\Obj\audio_codec.o
#        H:\PhanLeSon\ActivNoise\Microphone\F7\Mic_Array_Project\Mic_Array\Projects\STM32746G\Applications\Audio\Mic_Array\EWARM\STM32F7\Obj\DSP.o
#        H:\PhanLeSon\ActivNoise\Microphone\F7\Mic_Array_Project\Mic_Array\Projects\STM32746G\Applications\Audio\Mic_Array\EWARM\STM32F7\Obj\ff.o
#        H:\PhanLeSon\ActivNoise\Microphone\F7\Mic_Array_Project\Mic_Array\Projects\STM32746G\Applications\Audio\Mic_Array\EWARM\STM32F7\Obj\ft5336.o
#        H:\PhanLeSon\ActivNoise\Microphone\F7\Mic_Array_Project\Mic_Array\Middlewares\ST\STM32_Audio\Addons\PDM\libPDMFilter_CM7_IAR.a
#        H:\PhanLeSon\ActivNoise\Microphone\F7\Mic_Array_Project\Mic_Array\Projects\STM32746G\Applications\Audio\Mic_Array\EWARM\STM32F7\Obj\main.o
#        H:\PhanLeSon\ActivNoise\Microphone\F7\Mic_Array_Project\Mic_Array\Projects\STM32746G\Applications\Audio\Mic_Array\EWARM\STM32F7\Obj\sta321mp.o
#        H:\PhanLeSon\ActivNoise\Microphone\F7\Mic_Array_Project\Mic_Array\Projects\STM32746G\Applications\Audio\Mic_Array\EWARM\STM32F7\Obj\startup_stm32f746xx.o
#        H:\PhanLeSon\ActivNoise\Microphone\F7\Mic_Array_Project\Mic_Array\Projects\STM32746G\Applications\Audio\Mic_Array\EWARM\STM32F7\Obj\stm32746g_discovery.o
#        H:\PhanLeSon\ActivNoise\Microphone\F7\Mic_Array_Project\Mic_Array\Projects\STM32746G\Applications\Audio\Mic_Array\EWARM\STM32F7\Obj\stm32746g_discovery_lcd.o
#        H:\PhanLeSon\ActivNoise\Microphone\F7\Mic_Array_Project\Mic_Array\Projects\STM32746G\Applications\Audio\Mic_Array\EWARM\STM32F7\Obj\stm32746g_discovery_sdram.o
#        H:\PhanLeSon\ActivNoise\Microphone\F7\Mic_Array_Project\Mic_Array\Projects\STM32746G\Applications\Audio\Mic_Array\EWARM\STM32F7\Obj\stm32746g_discovery_ts.o
#        H:\PhanLeSon\ActivNoise\Microphone\F7\Mic_Array_Project\Mic_Array\Projects\STM32746G\Applications\Audio\Mic_Array\EWARM\STM32F7\Obj\stm32f7xx_hal.o
#        H:\PhanLeSon\ActivNoise\Microphone\F7\Mic_Array_Project\Mic_Array\Projects\STM32746G\Applications\Audio\Mic_Array\EWARM\STM32F7\Obj\stm32f7xx_hal_cortex.o
#        H:\PhanLeSon\ActivNoise\Microphone\F7\Mic_Array_Project\Mic_Array\Projects\STM32746G\Applications\Audio\Mic_Array\EWARM\STM32F7\Obj\stm32f7xx_hal_dma.o
#        H:\PhanLeSon\ActivNoise\Microphone\F7\Mic_Array_Project\Mic_Array\Projects\STM32746G\Applications\Audio\Mic_Array\EWARM\STM32F7\Obj\stm32f7xx_hal_dma2d.o
#        H:\PhanLeSon\ActivNoise\Microphone\F7\Mic_Array_Project\Mic_Array\Projects\STM32746G\Applications\Audio\Mic_Array\EWARM\STM32F7\Obj\stm32f7xx_hal_dma_ex.o
#        H:\PhanLeSon\ActivNoise\Microphone\F7\Mic_Array_Project\Mic_Array\Projects\STM32746G\Applications\Audio\Mic_Array\EWARM\STM32F7\Obj\stm32f7xx_hal_flash.o
#        H:\PhanLeSon\ActivNoise\Microphone\F7\Mic_Array_Project\Mic_Array\Projects\STM32746G\Applications\Audio\Mic_Array\EWARM\STM32F7\Obj\stm32f7xx_hal_flash_ex.o
#        H:\PhanLeSon\ActivNoise\Microphone\F7\Mic_Array_Project\Mic_Array\Projects\STM32746G\Applications\Audio\Mic_Array\EWARM\STM32F7\Obj\stm32f7xx_hal_gpio.o
#        H:\PhanLeSon\ActivNoise\Microphone\F7\Mic_Array_Project\Mic_Array\Projects\STM32746G\Applications\Audio\Mic_Array\EWARM\STM32F7\Obj\stm32f7xx_hal_hcd.o
#        H:\PhanLeSon\ActivNoise\Microphone\F7\Mic_Array_Project\Mic_Array\Projects\STM32746G\Applications\Audio\Mic_Array\EWARM\STM32F7\Obj\stm32f7xx_hal_i2c.o
#        H:\PhanLeSon\ActivNoise\Microphone\F7\Mic_Array_Project\Mic_Array\Projects\STM32746G\Applications\Audio\Mic_Array\EWARM\STM32F7\Obj\stm32f7xx_hal_i2c_ex.o
#        H:\PhanLeSon\ActivNoise\Microphone\F7\Mic_Array_Project\Mic_Array\Projects\STM32746G\Applications\Audio\Mic_Array\EWARM\STM32F7\Obj\stm32f7xx_hal_i2s.o
#        H:\PhanLeSon\ActivNoise\Microphone\F7\Mic_Array_Project\Mic_Array\Projects\STM32746G\Applications\Audio\Mic_Array\EWARM\STM32F7\Obj\stm32f7xx_hal_ltdc.o
#        H:\PhanLeSon\ActivNoise\Microphone\F7\Mic_Array_Project\Mic_Array\Projects\STM32746G\Applications\Audio\Mic_Array\EWARM\STM32F7\Obj\stm32f7xx_hal_pcd.o
#        H:\PhanLeSon\ActivNoise\Microphone\F7\Mic_Array_Project\Mic_Array\Projects\STM32746G\Applications\Audio\Mic_Array\EWARM\STM32F7\Obj\stm32f7xx_hal_pcd_ex.o
#        H:\PhanLeSon\ActivNoise\Microphone\F7\Mic_Array_Project\Mic_Array\Projects\STM32746G\Applications\Audio\Mic_Array\EWARM\STM32F7\Obj\stm32f7xx_hal_pwr.o
#        H:\PhanLeSon\ActivNoise\Microphone\F7\Mic_Array_Project\Mic_Array\Projects\STM32746G\Applications\Audio\Mic_Array\EWARM\STM32F7\Obj\stm32f7xx_hal_pwr_ex.o
#        H:\PhanLeSon\ActivNoise\Microphone\F7\Mic_Array_Project\Mic_Array\Projects\STM32746G\Applications\Audio\Mic_Array\EWARM\STM32F7\Obj\stm32f7xx_hal_rcc.o
#        H:\PhanLeSon\ActivNoise\Microphone\F7\Mic_Array_Project\Mic_Array\Projects\STM32746G\Applications\Audio\Mic_Array\EWARM\STM32F7\Obj\stm32f7xx_hal_rcc_ex.o
#        H:\PhanLeSon\ActivNoise\Microphone\F7\Mic_Array_Project\Mic_Array\Projects\STM32746G\Applications\Audio\Mic_Array\EWARM\STM32F7\Obj\stm32f7xx_hal_sai.o
#        H:\PhanLeSon\ActivNoise\Microphone\F7\Mic_Array_Project\Mic_Array\Projects\STM32746G\Applications\Audio\Mic_Array\EWARM\STM32F7\Obj\stm32f7xx_hal_sai_ex.o
#        H:\PhanLeSon\ActivNoise\Microphone\F7\Mic_Array_Project\Mic_Array\Projects\STM32746G\Applications\Audio\Mic_Array\EWARM\STM32F7\Obj\stm32f7xx_hal_sdram.o
#        H:\PhanLeSon\ActivNoise\Microphone\F7\Mic_Array_Project\Mic_Array\Projects\STM32746G\Applications\Audio\Mic_Array\EWARM\STM32F7\Obj\stm32f7xx_hal_spi.o
#        H:\PhanLeSon\ActivNoise\Microphone\F7\Mic_Array_Project\Mic_Array\Projects\STM32746G\Applications\Audio\Mic_Array\EWARM\STM32F7\Obj\stm32f7xx_hal_sram.o
#        H:\PhanLeSon\ActivNoise\Microphone\F7\Mic_Array_Project\Mic_Array\Projects\STM32746G\Applications\Audio\Mic_Array\EWARM\STM32F7\Obj\stm32f7xx_hal_tim.o
#        H:\PhanLeSon\ActivNoise\Microphone\F7\Mic_Array_Project\Mic_Array\Projects\STM32746G\Applications\Audio\Mic_Array\EWARM\STM32F7\Obj\stm32f7xx_hal_tim_ex.o
#        H:\PhanLeSon\ActivNoise\Microphone\F7\Mic_Array_Project\Mic_Array\Projects\STM32746G\Applications\Audio\Mic_Array\EWARM\STM32F7\Obj\stm32f7xx_hal_uart.o
#        H:\PhanLeSon\ActivNoise\Microphone\F7\Mic_Array_Project\Mic_Array\Projects\STM32746G\Applications\Audio\Mic_Array\EWARM\STM32F7\Obj\stm32f7xx_it.o
#        H:\PhanLeSon\ActivNoise\Microphone\F7\Mic_Array_Project\Mic_Array\Projects\STM32746G\Applications\Audio\Mic_Array\EWARM\STM32F7\Obj\stm32f7xx_ll_fmc.o
#        H:\PhanLeSon\ActivNoise\Microphone\F7\Mic_Array_Project\Mic_Array\Projects\STM32746G\Applications\Audio\Mic_Array\EWARM\STM32F7\Obj\stm32f7xx_ll_usb.o
#        H:\PhanLeSon\ActivNoise\Microphone\F7\Mic_Array_Project\Mic_Array\Projects\STM32746G\Applications\Audio\Mic_Array\EWARM\STM32F7\Obj\system_stm32f7xx.o
#        H:\PhanLeSon\ActivNoise\Microphone\F7\Mic_Array_Project\Mic_Array\Projects\STM32746G\Applications\Audio\Mic_Array\EWARM\STM32F7\Obj\usbd_audio_if.o
#        H:\PhanLeSon\ActivNoise\Microphone\F7\Mic_Array_Project\Mic_Array\Projects\STM32746G\Applications\Audio\Mic_Array\EWARM\STM32F7\Obj\usbd_audio_in.o
#        H:\PhanLeSon\ActivNoise\Microphone\F7\Mic_Array_Project\Mic_Array\Projects\STM32746G\Applications\Audio\Mic_Array\EWARM\STM32F7\Obj\usbd_conf_f4.o
#        H:\PhanLeSon\ActivNoise\Microphone\F7\Mic_Array_Project\Mic_Array\Projects\STM32746G\Applications\Audio\Mic_Array\EWARM\STM32F7\Obj\usbd_core.o
#        H:\PhanLeSon\ActivNoise\Microphone\F7\Mic_Array_Project\Mic_Array\Projects\STM32746G\Applications\Audio\Mic_Array\EWARM\STM32F7\Obj\usbd_ctlreq.o
#        H:\PhanLeSon\ActivNoise\Microphone\F7\Mic_Array_Project\Mic_Array\Projects\STM32746G\Applications\Audio\Mic_Array\EWARM\STM32F7\Obj\usbd_desc.o
#        H:\PhanLeSon\ActivNoise\Microphone\F7\Mic_Array_Project\Mic_Array\Projects\STM32746G\Applications\Audio\Mic_Array\EWARM\STM32F7\Obj\usbd_ioreq.o
#        H:\PhanLeSon\ActivNoise\Microphone\F7\Mic_Array_Project\Mic_Array\Projects\STM32746G\Applications\Audio\Mic_Array\EWARM\STM32F7\Obj\usbh_conf.o
#        H:\PhanLeSon\ActivNoise\Microphone\F7\Mic_Array_Project\Mic_Array\Projects\STM32746G\Applications\Audio\Mic_Array\EWARM\STM32F7\Obj\usbh_core.o
#        H:\PhanLeSon\ActivNoise\Microphone\F7\Mic_Array_Project\Mic_Array\Projects\STM32746G\Applications\Audio\Mic_Array\EWARM\STM32F7\Obj\usbh_ctlreq.o
#        H:\PhanLeSon\ActivNoise\Microphone\F7\Mic_Array_Project\Mic_Array\Projects\STM32746G\Applications\Audio\Mic_Array\EWARM\STM32F7\Obj\usbh_diskio.o
#        H:\PhanLeSon\ActivNoise\Microphone\F7\Mic_Array_Project\Mic_Array\Projects\STM32746G\Applications\Audio\Mic_Array\EWARM\STM32F7\Obj\usbh_ioreq.o
#        H:\PhanLeSon\ActivNoise\Microphone\F7\Mic_Array_Project\Mic_Array\Projects\STM32746G\Applications\Audio\Mic_Array\EWARM\STM32F7\Obj\usbh_msc.o
#        H:\PhanLeSon\ActivNoise\Microphone\F7\Mic_Array_Project\Mic_Array\Projects\STM32746G\Applications\Audio\Mic_Array\EWARM\STM32F7\Obj\usbh_msc_bot.o
#        H:\PhanLeSon\ActivNoise\Microphone\F7\Mic_Array_Project\Mic_Array\Projects\STM32746G\Applications\Audio\Mic_Array\EWARM\STM32F7\Obj\usbh_msc_scsi.o
#        H:\PhanLeSon\ActivNoise\Microphone\F7\Mic_Array_Project\Mic_Array\Projects\STM32746G\Applications\Audio\Mic_Array\EWARM\STM32F7\Obj\usbh_pipes.o
#        "H:\PhanLeSon\ActivNoise\Microphone\F7\Mic_Array_Project\Mic_Array\Projects\STM32746G\Applications\Audio\Mic_Array\EWARM\STM32F7\Obj\waveplayer
#        _CS43L22.o"
#        H:\PhanLeSon\ActivNoise\Microphone\F7\Mic_Array_Project\Mic_Array\Projects\STM32746G\Applications\Audio\Mic_Array\EWARM\STM32F7\Obj\waverecorder.o
#        --redirect _Printf=_PrintfSmall --redirect _Scanf=_ScanfSmall -o
#        H:\PhanLeSon\ActivNoise\Microphone\F7\Mic_Array_Project\Mic_Array\Projects\STM32746G\Applications\Audio\Mic_Array\EWARM\STM32F7\Exe\Project.out
#        --map
#        H:\PhanLeSon\ActivNoise\Microphone\F7\Mic_Array_Project\Mic_Array\Projects\STM32746G\Applications\Audio\Mic_Array\EWARM\STM32F7\List\Project.map
#        --config
#        H:\PhanLeSon\ActivNoise\Microphone\F7\Mic_Array_Project\Mic_Array\Projects\STM32746G\Applications\Audio\Mic_Array\EWARM\Project.icf
#        --semihosting --entry __iar_program_start --no_exceptions "D:\Program
#        Files (x86)\IAR Systems\Embedded Workbench
#        7.3\arm\CMSIS\Lib\IAR\iar_cortexM7ls_math.a" --vfe
#
###############################################################################

*******************************************************************************
*** RUNTIME MODEL ATTRIBUTES
***

CppFlavor                     = *
__Heap_Handler                = DLMalloc
__SystemLibrary               = DLib
__dlib_dynamic_initialization = normal


*******************************************************************************
*** PLACEMENT SUMMARY
***

"A1":  place at 0x08000000 { ro section .intvec };
"P1":  place in [from 0x00000000 to 0x00000000] |
                [from 0x08000000 to 0x080fffff] { ro };
"P3":  place in [from 0x20000000 to 0x2000ffff] |
                [from 0x20010000 to 0x2004ffff] { rw, block CSTACK, block HEAP };

  Section             Kind        Address     Size  Object
  -------             ----        -------     ----  ------
"A1":                                        0x1c8
  .intvec             ro code  0x08000000    0x1c8  startup_stm32f746xx.o [1]
                             - 0x080001c8    0x1c8

"P1":                                      0x25e51
  .rodata             const    0x080001c8   0x8800  arm_common_tables.o [4]
  .text               ro code  0x080089c8   0x8078  arm_rfft_init_f32.o [4]
  .text               ro code  0x08010a40     0xb0  arm_cfft_radix4_init_f32.o [4]
  .rodata             const    0x08010af0   0x8000  arm_rfft_init_f32.o [4]
  .text               ro code  0x08018af0   0x26a4  stm32f7xx_hal_dma.o [1]
  .text               ro code  0x0801b194   0x14f0  dlmalloc.o [3]
  .text               ro code  0x0801c684      0x6  abort.o [3]
  .text               ro code  0x0801c68c     0x2c  xgetmemchunk.o [3]
  .text               ro code  0x0801c6b8     0x14  exit.o [8]
  .text               ro code  0x0801c6cc     0x30  iarttio.o [8]
  .text               ro code  0x0801c6fc      0x8  XShttio.o [3]
  .text               ro code  0x0801c704    0xd60  waverecorder.o [1]
  .text               ro code  0x0801d464    0x218  stm32f7xx_hal_gpio.o [1]
  .text               ro code  0x0801d67c    0x550  pdm_filter.o [5]
  .text               ro code  0x0801dbcc    0x746  stm32f7xx_hal_spi.o [1]
  .text               ro code  0x0801e314    0x140  stm32f7xx_hal_i2s.o [1]
  .text               ro code  0x0801e454    0x104  stm32f7xx_hal_cortex.o [1]
  .text               ro code  0x0801e558     0x1c  FltCmpEq.o [6]
  .text               ro code  0x0801e574      0xe  U32ToFlt.o [6]
  .text               ro code  0x0801e584     0x24  FltCmpLe.o [6]
  .text               ro code  0x0801e5a8     0x12  FltMul.o [6]
  .text               ro code  0x0801e5bc     0x4e  FltToDbl.o [6]
  .text               ro code  0x0801e60c     0x30  I32ToDbl.o [6]
  .text               ro code  0x0801e63c    0x256  DblDiv.o [6]
  .text               ro code  0x0801e894     0xe8  DblAdd.o [6]
  .text               ro code  0x0801e97c     0x4c  DblToI32.o [6]
  .text               ro code  0x0801e9c8    0x1a2  DblMul.o [6]
  .text               ro code  0x0801eb6c     0x90  DblToFlt.o [6]
  .text               ro code  0x0801ebfc    0x450  xsin.o [6]
  .text               ro code  0x0801f04c    0x180  DblSub.o [6]
  .text               ro code  0x0801f1cc     0xf0  sqrt.o [6]
  .text               ro code  0x0801f2bc     0x78  stm32f7xx_hal.o [1]
  .text               ro code  0x0801f334    0xaa4  audio_codec.o [1]
  .text               ro code  0x0801fdd8     0x2e  DblCmpLe.o [6]
  .text               ro code  0x0801fe08     0x2e  DblCmpGe.o [6]
  .text               ro code  0x0801fe38      0xc  errno.o [3]
  .text               ro code  0x0801fe44    0x168  xquad.o [6]
  .text               ro code  0x0801ffac      0xc  iarEdom.o [7]
  .text               ro code  0x0801ffb8    0x5c0  stm32f7xx_hal_rcc.o [1]
  .text               ro code  0x08020578    0x8dc  main.o [1]
  .text               ro code  0x08020e54    0x978  stm32f7xx_hal_i2c.o [1]
  .text               ro code  0x080217cc     0x6a  waveplayer _CS43L22.o [1]
  .text               ro code  0x08021836     0x6c  stm32f7xx_hal_i2c_ex.o [1]
  .text               ro code  0x080218a2      0x2  xtls.o [3]
  .text               ro code  0x080218a4     0x7a  xdint.o [6]
  .text               ro code  0x08021920     0x20  DblCmpEq.o [6]
  .text               ro code  0x08021940    0x1a8  fmod.o [6]
  .text               ro code  0x08021ae8     0xd2  DSP.o [1]
  .text               ro code  0x08021bbc    0x148  audio_application.o [1]
  .text               ro code  0x08021d04    0x294  stm32746g_discovery_sdram.o [1]
  .text               ro code  0x08021f98     0xd0  stm32746g_discovery.o [1]
  .text               ro code  0x08022068    0x638  sta321mp.o [1]
  .text               ro code  0x080226a0    0x730  usbd_audio_in.o [1]
  .text               ro code  0x08022dd0    0x286  usbd_core.o [1]
  .text               ro code  0x08023058     0x6c  stm32f7xx_hal_pwr_ex.o [1]
  .text               ro code  0x080230c4    0x5c8  stm32f7xx_hal_rcc_ex.o [1]
  .text               ro code  0x0802368c     0xe8  usbd_audio_if.o [1]
  .text               ro code  0x08023774     0x9e  stm32f7xx_hal_sdram.o [1]
  .text               ro code  0x08023814    0x23c  usbd_conf_f4.o [1]
  .text               ro code  0x08023a50    0x4c4  usbd_ctlreq.o [1]
  .text               ro code  0x08023f14     0x88  usbd_ioreq.o [1]
  .text               ro code  0x08023f9c     0x66  ABImemset.o [7]
  .text               ro code  0x08024004     0x76  ABImemcpy_unaligned.o [7]
  .text               ro code  0x0802407a      0x8  abs.o [3]
  .text               ro code  0x08024084    0x14a  stm32f7xx_ll_fmc.o [1]
  .text               ro code  0x080241ce    0x86a  stm32f7xx_hal_pcd.o [1]
  .text               ro code  0x08024a38     0x78  stm32f7xx_hal_pcd_ex.o [1]
  .text               ro code  0x08024ab0    0x93c  stm32f7xx_ll_usb.o [1]
  .text               ro code  0x080253ec    0x30c  stm32f7xx_hal_uart.o [1]
  .text               ro code  0x080256f8    0x1c4  lz77_init.o [7]
  .text               ro code  0x080258bc    0x150  usbd_desc.o [1]
  .text               ro code  0x08025a0c     0x64  stm32f7xx_it.o [1]
  .text               ro code  0x08025a70     0x50  system_stm32f7xx.o [1]
  .text               ro code  0x08025ac0     0x40  zero_init3.o [7]
  .text               ro code  0x08025b00     0x28  data_init.o [7]
  .text               ro code  0x08025b28     0x22  fpinit_M.o [6]
  .iar.init_table     const    0x08025b4c     0x34  - Linker created -
  .text               ro code  0x08025b80     0x1a  cmain.o [7]
  .text               ro code  0x08025b9a      0x4  low_level_init.o [3]
  .text               ro code  0x08025b9e      0x4  exit.o [3]
  .text               ro code  0x08025ba4      0xa  cexit.o [7]
  .text               ro code  0x08025bb0     0x10  startup_stm32f746xx.o [1]
  .text               ro code  0x08025bc0      0xc  cstartup_M.o [7]
  .text               ro code  0x08025bcc      0x4  startup_stm32f746xx.o [1]
  .text               ro code  0x08025bd0      0x4  startup_stm32f746xx.o [1]
  .text               ro code  0x08025bd4      0x4  startup_stm32f746xx.o [1]
  .text               ro code  0x08025bd8      0x4  startup_stm32f746xx.o [1]
  .text               ro code  0x08025bdc      0x4  startup_stm32f746xx.o [1]
  .text               ro code  0x08025be0      0x4  startup_stm32f746xx.o [1]
  .text               ro code  0x08025be4      0x4  startup_stm32f746xx.o [1]
  .text               ro code  0x08025be8      0x4  startup_stm32f746xx.o [1]
  .text               ro code  0x08025bec      0x4  startup_stm32f746xx.o [1]
  .text               ro code  0x08025bf0      0x4  startup_stm32f746xx.o [1]
  .text               ro code  0x08025bf4      0x4  startup_stm32f746xx.o [1]
  .text               ro code  0x08025bf8      0x4  startup_stm32f746xx.o [1]
  .text               ro code  0x08025bfc      0x4  startup_stm32f746xx.o [1]
  .text               ro code  0x08025c00      0x4  startup_stm32f746xx.o [1]
  .text               ro code  0x08025c04      0x4  startup_stm32f746xx.o [1]
  .text               ro code  0x08025c08      0x4  startup_stm32f746xx.o [1]
  .text               ro code  0x08025c0c      0x4  startup_stm32f746xx.o [1]
  .text               ro code  0x08025c10      0x4  startup_stm32f746xx.o [1]
  .text               ro code  0x08025c14      0x4  startup_stm32f746xx.o [1]
  .text               ro code  0x08025c18      0x4  startup_stm32f746xx.o [1]
  .text               ro code  0x08025c1c      0x4  startup_stm32f746xx.o [1]
  .text               ro code  0x08025c20      0x4  startup_stm32f746xx.o [1]
  .text               ro code  0x08025c24      0x4  startup_stm32f746xx.o [1]
  .text               ro code  0x08025c28      0x4  startup_stm32f746xx.o [1]
  .text               ro code  0x08025c2c      0x4  startup_stm32f746xx.o [1]
  .text               ro code  0x08025c30      0x4  startup_stm32f746xx.o [1]
  .text               ro code  0x08025c34      0x4  startup_stm32f746xx.o [1]
  .text               ro code  0x08025c38      0x4  startup_stm32f746xx.o [1]
  .text               ro code  0x08025c3c      0x4  startup_stm32f746xx.o [1]
  .text               ro code  0x08025c40      0x4  startup_stm32f746xx.o [1]
  .text               ro code  0x08025c44      0x4  startup_stm32f746xx.o [1]
  .text               ro code  0x08025c48      0x4  startup_stm32f746xx.o [1]
  .text               ro code  0x08025c4c      0x4  startup_stm32f746xx.o [1]
  .text               ro code  0x08025c50      0x4  startup_stm32f746xx.o [1]
  .text               ro code  0x08025c54      0x4  startup_stm32f746xx.o [1]
  .text               ro code  0x08025c58      0x4  startup_stm32f746xx.o [1]
  .text               ro code  0x08025c5c      0x4  startup_stm32f746xx.o [1]
  .text               ro code  0x08025c60      0x4  startup_stm32f746xx.o [1]
  .text               ro code  0x08025c64      0x4  startup_stm32f746xx.o [1]
  .text               ro code  0x08025c68      0x4  startup_stm32f746xx.o [1]
  .text               ro code  0x08025c6c      0x4  startup_stm32f746xx.o [1]
  .text               ro code  0x08025c70      0x4  startup_stm32f746xx.o [1]
  .text               ro code  0x08025c74      0x4  startup_stm32f746xx.o [1]
  .text               ro code  0x08025c78      0x4  startup_stm32f746xx.o [1]
  .text               ro code  0x08025c7c      0x4  startup_stm32f746xx.o [1]
  .text               ro code  0x08025c80      0x4  startup_stm32f746xx.o [1]
  .text               ro code  0x08025c84      0x4  startup_stm32f746xx.o [1]
  .text               ro code  0x08025c88      0x4  startup_stm32f746xx.o [1]
  .text               ro code  0x08025c8c      0x4  startup_stm32f746xx.o [1]
  .text               ro code  0x08025c90      0x4  startup_stm32f746xx.o [1]
  .text               ro code  0x08025c94      0x4  startup_stm32f746xx.o [1]
  .text               ro code  0x08025c98      0x4  startup_stm32f746xx.o [1]
  .text               ro code  0x08025c9c      0x4  startup_stm32f746xx.o [1]
  .text               ro code  0x08025ca0      0x4  startup_stm32f746xx.o [1]
  .text               ro code  0x08025ca4      0x4  startup_stm32f746xx.o [1]
  .text               ro code  0x08025ca8      0x4  startup_stm32f746xx.o [1]
  .text               ro code  0x08025cac      0x4  startup_stm32f746xx.o [1]
  .text               ro code  0x08025cb0      0x4  startup_stm32f746xx.o [1]
  .text               ro code  0x08025cb4      0x4  startup_stm32f746xx.o [1]
  .text               ro code  0x08025cb8      0x4  startup_stm32f746xx.o [1]
  .text               ro code  0x08025cbc      0x4  startup_stm32f746xx.o [1]
  .text               ro code  0x08025cc0      0x4  startup_stm32f746xx.o [1]
  .text               ro code  0x08025cc4      0x4  startup_stm32f746xx.o [1]
  .text               ro code  0x08025cc8      0x4  startup_stm32f746xx.o [1]
  .text               ro code  0x08025ccc      0x4  startup_stm32f746xx.o [1]
  .text               ro code  0x08025cd0      0x4  startup_stm32f746xx.o [1]
  .text               ro code  0x08025cd4      0x4  startup_stm32f746xx.o [1]
  .text               ro code  0x08025cd8      0x4  startup_stm32f746xx.o [1]
  .text               ro code  0x08025cdc      0x4  startup_stm32f746xx.o [1]
  .text               ro code  0x08025ce0      0x4  startup_stm32f746xx.o [1]
  .text               ro code  0x08025ce4      0x4  startup_stm32f746xx.o [1]
  .text               ro code  0x08025ce8      0x4  startup_stm32f746xx.o [1]
  .text               ro code  0x08025cec      0x4  startup_stm32f746xx.o [1]
  .text               ro code  0x08025cf0      0x4  startup_stm32f746xx.o [1]
  .text               ro code  0x08025cf4      0x4  startup_stm32f746xx.o [1]
  .text               ro code  0x08025cf8      0x4  startup_stm32f746xx.o [1]
  .text               ro code  0x08025cfc      0x4  startup_stm32f746xx.o [1]
  .rodata             const    0x08025d00      0x0  zero_init3.o [7]
  .rodata             const    0x08025d00      0x0  lz77_init.o [7]
  Initializer bytes   const    0x08025d00    0x319  <for P3 s0>
                             - 0x08026019  0x25e51

"P3", part 1 of 3:                           0x712
  P3 s0                        0x20000000    0x712  <Init block>
    .data             inited   0x20000000    0x304  pdm_filter.o [5]
    .data             inited   0x20000304    0x270  main.o [1]
    .data             inited   0x20000574     0x78  sta321mp.o [1]
    .data             inited   0x200005ec     0x64  stm32746g_discovery_sdram.o [1]
    .data             inited   0x20000650     0x38  usbd_audio_in.o [1]
    .data             inited   0x20000688     0x24  usbd_audio_if.o [1]
    .data             inited   0x200006ac     0x1c  usbd_desc.o [1]
    .data             inited   0x200006c8     0x14  system_stm32f7xx.o [1]
    .data             inited   0x200006dc     0x14  usbd_desc.o [1]
    .data             inited   0x200006f0      0xc  usbd_audio_in.o [1]
    .data             inited   0x200006fc      0x8  XShttio.o [3]
    .data             inited   0x20000704      0x4  main.o [1]
    .data             inited   0x20000708      0x4  usbd_desc.o [1]
    __DLIB_PERTHREAD  inited   0x2000070c      0x4  errno.o [3]
    .data             inited   0x20000710      0x1  audio_codec.o [1]
    .data             inited   0x20000711      0x1  waveplayer _CS43L22.o [1]
                             - 0x20000712    0x712

"P3", part 2 of 3:                          0x978c
  .bss                zero     0x20000714   0x2000  waverecorder.o [1]
  .bss                zero     0x20002714   0x2000  waverecorder.o [1]
  .bss                zero     0x20004714   0x2000  waverecorder.o [1]
  .bss                zero     0x20006714   0x2000  waverecorder.o [1]
  .bss                zero     0x20008714    0x804  main.o [1]
  .bss                zero     0x20008f18    0x3c0  usbd_conf_f4.o [1]
  .bss                zero     0x200092d8    0x1e4  usbd_audio_in.o [1]
  .bss                zero     0x200094bc    0x1d8  dlmalloc.o [3]
  .bss                zero     0x20009694     0xdc  main.o [1]
  .bss                zero     0x20009770     0xc8  usbd_desc.o [1]
  .bss                zero     0x20009838     0x80  waverecorder.o [1]
  .bss                zero     0x200098b8     0x80  waverecorder.o [1]
  .bss                zero     0x20009938     0x78  usbd_audio_in.o [1]
  .bss                zero     0x200099b0     0x70  main.o [1]
  .bss                zero     0x20009a20     0x6c  waverecorder.o [1]
  .bss                zero     0x20009a8c     0x6c  waverecorder.o [1]
  .bss                zero     0x20009af8     0x68  waverecorder.o [1]
  .bss                zero     0x20009b60     0x64  main.o [1]
  .bss                zero     0x20009bc4     0x5c  waverecorder.o [1]
  .bss                zero     0x20009c20     0x50  audio_codec.o [1]
  .bss                zero     0x20009c70     0x50  stm32746g_discovery_sdram.o [1]
  .bss                zero     0x20009cc0     0x50  waverecorder.o [1]
  .bss                zero     0x20009d10     0x50  waverecorder.o [1]
  .bss                zero     0x20009d60     0x40  waveplayer _CS43L22.o [1]
  .bss                zero     0x20009da0     0x40  waverecorder.o [1]
  .bss                zero     0x20009de0     0x3c  audio_codec.o [1]
  .bss                zero     0x20009e1c     0x3c  audio_codec.o [1]
  .bss                zero     0x20009e58     0x18  dlmalloc.o [3]
  .bss                zero     0x20009e70     0x10  sta321mp.o [1]
  .bss                zero     0x20009e80      0x4  DSP.o [1]
  .bss                zero     0x20009e84      0x4  stm32f7xx_hal.o [1]
  .bss                zero     0x20009e88      0x4  stm32f7xx_it.o [1]
  .bss                zero     0x20009e8c      0x4  waverecorder.o [1]
  .bss                zero     0x20009e90      0x4  xgetmemchunk.o [3]
  .bss                zero     0x20009e94      0x2  main.o [1]
  .bss                zero     0x20009e96      0x2  usbd_audio_in.o [1]
  .bss                zero     0x20009e98      0x2  waverecorder.o [1]
  .bss                zero     0x20009e9a      0x2  waverecorder.o [1]
  .bss                zero     0x20009e9c      0x1  audio_application.o [1]
  .bss                zero     0x20009e9d      0x1  audio_codec.o [1]
  .bss                zero     0x20009e9e      0x1  usbd_ctlreq.o [1]
  .bss                zero     0x20009e9f      0x1  waverecorder.o [1]
                             - 0x20009ea0   0x978c

"P3", part 3 of 3:                          0x4000
  CSTACK                       0x20009ea0   0x2000  <Block>
    CSTACK            uninit   0x20009ea0   0x2000  <Block tail>
  HEAP                         0x2000bea0   0x2000  <Block>
    HEAP              uninit   0x2000bea0   0x2000  <Block tail>
                             - 0x2000dea0   0x4000

Absolute sections:                         0x201e0
  .bss                zero     0xc0000000   0x80a0  waverecorder.o [1]
  .bss                zero     0xc00080a0   0x80a0  waverecorder.o [1]
  .bss                zero     0xc0010140   0x80a0  waverecorder.o [1]
  .bss                zero     0xc00181e0   0x4000  audio_application.o [1]
  .bss                zero     0xc001c1e0   0x4000  audio_application.o [1]
                             - 0xc00201e0  0x201e0


*******************************************************************************
*** INIT TABLE
***

          Address     Size
          -------     ----
Zero (__iar_zero_init3)
    2 destination ranges, total size 0x2996c:
          0x20000714   0x978c
          0xc0000000  0x201e0

Copy/lz77 (__iar_lz77_init3)
    1 source range, total size 0x319 (43% of destination):
          0x08025d00    0x319
    1 destination range, total size 0x712:
          0x20000000    0x712



*******************************************************************************
*** MODULE SUMMARY
***

    Module                       ro code  ro data  rw data  rw data
                                                             (abs)
    ------                       -------  -------  -------  -------
H:\PhanLeSon\ActivNoise\Microphone\F7\Mic_Array_Project\Mic_Array\Projects\STM32746G\Applications\Audio\Mic_Array\EWARM\STM32F7\Obj: [1]
    DSP.o                            210                 4
    audio_application.o              328                 1   32 768
    audio_codec.o                  2 724               202
    main.o                         2 268      275    3 114
    sta321mp.o                     1 592       53      136
    startup_stm32f746xx.o            780
    stm32746g_discovery.o            208
    stm32746g_discovery_sdram.o      660       44      180
    stm32f7xx_hal.o                  120                 4
    stm32f7xx_hal_cortex.o           260
    stm32f7xx_hal_dma.o            9 892
    stm32f7xx_hal_gpio.o             536
    stm32f7xx_hal_i2c.o            2 424
    stm32f7xx_hal_i2c_ex.o           108
    stm32f7xx_hal_i2s.o              320
    stm32f7xx_hal_pcd.o            2 154
    stm32f7xx_hal_pcd_ex.o           120
    stm32f7xx_hal_pwr_ex.o           108
    stm32f7xx_hal_rcc.o            1 472
    stm32f7xx_hal_rcc_ex.o         1 480
    stm32f7xx_hal_sdram.o            158
    stm32f7xx_hal_spi.o            1 862
    stm32f7xx_hal_uart.o             780
    stm32f7xx_it.o                   100                 4
    stm32f7xx_ll_fmc.o               330
    stm32f7xx_ll_usb.o             2 364
    system_stm32f7xx.o                80        9       20
    usbd_audio_if.o                  232       16       36
    usbd_audio_in.o                1 840       29      674
    usbd_conf_f4.o                   572               960
    usbd_core.o                      646
    usbd_ctlreq.o                  1 220                 1
    usbd_desc.o                      336       23      252
    usbd_ioreq.o                     136
    waveplayer _CS43L22.o            106        1       65
    waverecorder.o                 3 424            33 669   98 784
    ---------------------------------------------------------------
    Total:                        41 950      450   39 322  131 552

command line: [2]
    ---------------------------------------------------------------
    Total:

dl7M_tlf.a: [3]
    XShttio.o                          8        3        8
    abort.o                            6
    abs.o                              8
    dlmalloc.o                     5 360               496
    errno.o                           12        2        4
    exit.o                             4
    low_level_init.o                   4
    xgetmemchunk.o                    44                 4
    xtls.o                             2
    ---------------------------------------------------------------
    Total:                         5 448        5      512

iar_cortexM7ls_math.a: [4]
    arm_cfft_radix4_init_f32.o       176
    arm_common_tables.o                    34 816
    arm_rfft_init_f32.o           32 888   32 768
    ---------------------------------------------------------------
    Total:                        33 064   67 584

libPDMFilter_CM7_IAR.a: [5]
    pdm_filter.o                   1 360      338      772
    ---------------------------------------------------------------
    Total:                         1 360      338      772

m7M_tls.a: [6]
    DblAdd.o                         232
    DblCmpEq.o                        32
    DblCmpGe.o                        46
    DblCmpLe.o                        46
    DblDiv.o                         598
    DblMul.o                         418
    DblSub.o                         384
    DblToFlt.o                       144
    DblToI32.o                        76
    FltCmpEq.o                        28
    FltCmpLe.o                        36
    FltMul.o                          18
    FltToDbl.o                        78
    I32ToDbl.o                        48
    U32ToFlt.o                        14
    fmod.o                           424
    fpinit_M.o                        34
    sqrt.o                           240
    xdint.o                          122
    xquad.o                          360
    xsin.o                         1 104
    ---------------------------------------------------------------
    Total:                         4 482

rt7M_tl.a: [7]
    ABImemcpy_unaligned.o            118
    ABImemset.o                      102
    cexit.o                           10
    cmain.o                           26
    cstartup_M.o                      12
    data_init.o                       40
    iarEdom.o                         12
    lz77_init.o                      452
    zero_init3.o                      64
    ---------------------------------------------------------------
    Total:                           836

shb_l.a: [8]
    exit.o                            20
    iarttio.o                         48
    ---------------------------------------------------------------
    Total:                            68

    Gaps                              34        2
    Linker created                             52   16 384
-------------------------------------------------------------------
    Grand Total:                  87 242   68 431   56 990  131 552


*******************************************************************************
*** ENTRY LIST
***

Entry                      Address    Size  Type      Object
-----                      -------    ----  ----      ------
.iar.init_table$$Base   0x08025b4c           --   Gb  - Linker created -
.iar.init_table$$Limit  0x08025b80           --   Gb  - Linker created -
?main                   0x08025b81          Code  Gb  cmain.o [7]
AHBPrescTable           0x200006c8    0x10  Data  Gb  system_stm32f7xx.o [1]
APBAHBPrescTable        0x08020568    0x10  Data  Gb  stm32f7xx_hal_rcc.o [1]
AUDIO_Desc              0x200006ac    0x1c  Data  Gb  usbd_desc.o [1]
AUDIO_Init              0x0801f335    0x26  Code  Gb  audio_codec.o [1]
AUDIO_InitApplication   0x08021831     0x6  Code  Gb  waveplayer _CS43L22.o [1]
AUDIO_REQ_GetCurrent    0x0802293f    0x24  Code  Lc  usbd_audio_in.o [1]
AUDIO_REQ_GetMaximum    0x080228ff    0x14  Code  Lc  usbd_audio_in.o [1]
AUDIO_REQ_GetMinimum    0x08022913    0x16  Code  Lc  usbd_audio_in.o [1]
AUDIO_REQ_GetResolution
                        0x08022929    0x16  Code  Lc  usbd_audio_in.o [1]
AUDIO_REQ_SetCurrent    0x08022963    0x2a  Code  Lc  usbd_audio_in.o [1]
AudioPlayerUpd          0x08021bdd   0x10a  Code  Gb  audio_application.o [1]
AudioUSBSend            0x08021bbd    0x20  Code  Gb  audio_application.o [1]
Audio_CommandMgr        0x080236dd     0x4  Code  Lc  usbd_audio_if.o [1]
Audio_DeInit            0x08023691     0x4  Code  Lc  usbd_audio_if.o [1]
Audio_Init              0x0802368d     0x4  Code  Lc  usbd_audio_if.o [1]
Audio_MAL_Play          0x0801fa3d    0x6c  Code  Gb  audio_codec.o [1]
Audio_MuteCtl           0x080236cd     0x4  Code  Lc  usbd_audio_if.o [1]
Audio_Pause             0x080236d5     0x4  Code  Lc  usbd_audio_if.o [1]
Audio_Play_Out          0x08020745    0xbc  Code  Lc  main.o [1]
Audio_Record            0x08023695     0x4  Code  Lc  usbd_audio_if.o [1]
Audio_Resume            0x080236d9     0x4  Code  Lc  usbd_audio_if.o [1]
Audio_Stop              0x080236d1     0x4  Code  Lc  usbd_audio_if.o [1]
Audio_VolumeCtl         0x08023699    0x34  Code  Lc  usbd_audio_if.o [1]
BSP_AUDIO_OUT_ClockConfig
                        0x08020a19    0x6e  Code  Gb  main.o [1]
BSP_LED_Init            0x08021f99    0x92  Code  Gb  stm32746g_discovery.o [1]
BSP_LED_Toggle          0x0802202b    0x2e  Code  Gb  stm32746g_discovery.o [1]
BSP_SDRAM_Init          0x08021d05    0x74  Code  Gb  stm32746g_discovery_sdram.o [1]
BSP_SDRAM_Initialization_sequence
                        0x08021d79    0x98  Code  Gb  stm32746g_discovery_sdram.o [1]
BSP_SDRAM_MspInit       0x08021e11   0x15a  Code  Wk  stm32746g_discovery_sdram.o [1]
Buffer1                 0xc0000000  0x80a0  Data  Gb  waverecorder.o [1]
Buffer2                 0xc00080a0  0x80a0  Data  Gb  waverecorder.o [1]
Buffer3                 0xc0010140  0x80a0  Data  Gb  waverecorder.o [1]
BusFault_Handler        0x08025a13     0x2  Code  Gb  stm32f7xx_it.o [1]
ButtonInit              0x08020d01    0x48  Code  Gb  main.o [1]
CPU_CACHE_Enable        0x08020a87     0xc  Code  Lc  main.o [1]
CSTACK$$Base            0x20009ea0           --   Gb  - Linker created -
CSTACK$$Limit           0x2000bea0           --   Gb  - Linker created -
Codec_AudioInterface_Init
                        0x0801f9ed     0x4  Code  Lc  audio_codec.o [1]
Codec_CtrlInterface_Init
                        0x0801f9eb     0x2  Code  Lc  audio_codec.o [1]
Codec_GPIO_Init         0x0801f9f1    0x38  Code  Lc  audio_codec.o [1]
Codec_Init              0x0801f817    0xce  Code  Lc  audio_codec.o [1]
Codec_ReadRegister      0x0801f989    0x62  Code  Lc  audio_codec.o [1]
Codec_Reset             0x0801f92b    0x26  Code  Lc  audio_codec.o [1]
Codec_TIMEOUT_UserCallback
                        0x080217dd     0x4  Code  Gb  waveplayer _CS43L22.o [1]
Codec_VolumeCtrl        0x0801f8e5    0x46  Code  Lc  audio_codec.o [1]
Codec_WriteRegister     0x0801f951    0x38  Code  Lc  audio_codec.o [1]
Command                 0x20000640    0x10  Data  Lc  stm32746g_discovery_sdram.o [1]
Command_index           0x20000707     0x1  Data  Gb  main.o [1]
CrssCor                 0x08021ae9    0xb6  Code  Gb  DSP.o [1]
DFT_Init                0x08020bc5    0x74  Code  Gb  main.o [1]
DMA1_Stream0_IRQHandler
                        0x0801f80b     0x2  Code  Gb  audio_codec.o [1]
DMA1_Stream7_IRQHandler
                        0x0801f35b   0x4b0  Code  Gb  audio_codec.o [1]
DMA2_Stream4_IRQHandler
                        0x08025a6d     0x2  Code  Gb  stm32f7xx_it.o [1]
DMA2_Stream5_IRQHandler
                        0x0801d19b     0x6  Code  Gb  waverecorder.o [1]
DMA2_Stream6_IRQHandler
                        0x0801d1a1     0x6  Code  Gb  waverecorder.o [1]
DMA2_Stream7_IRQHandler
                        0x08025a6f     0x2  Code  Gb  stm32f7xx_it.o [1]
DMA_SetConfig           0x08018af1    0x2a  Code  Gb  stm32f7xx_hal_dma.o [1]
DebugMon_Handler        0x08025a19     0x2  Code  Gb  stm32f7xx_it.o [1]
Delay                   0x0801fa29    0x14  Code  Lc  audio_codec.o [1]
DmaHandle               0x20009c20    0x50  Data  Gb  audio_codec.o [1]
EXTI15_10_IRQHandler    0x08020b75     0x2  Code  Gb  main.o [1]
EXTI4_IRQHandler        0x08020b4b    0x2a  Code  Gb  main.o [1]
EXTI9_5_IRQHandler      0x08020b77    0x4e  Code  Gb  main.o [1]
EnergySound             0x20009e80     0x4  Data  Gb  DSP.o [1]
FFT_Update              0x080205f1   0x154  Code  Lc  main.o [1]
FMC_SDRAM_Init          0x08024085    0x72  Code  Gb  stm32f7xx_ll_fmc.o [1]
FMC_SDRAM_ProgramRefreshRate
                        0x080241c3     0xc  Code  Gb  stm32f7xx_ll_fmc.o [1]
FMC_SDRAM_SendCommand   0x08024171    0x52  Code  Gb  stm32f7xx_ll_fmc.o [1]
FMC_SDRAM_Timing_Init   0x080240f7    0x7a  Code  Gb  stm32f7xx_ll_fmc.o [1]
FacMic                  0x20000338    0x18  Data  Gb  main.o [1]
FactorUpd               0x08021ba5    0x16  Code  Gb  DSP.o [1]
Filter                  0x20009af8    0x68  Data  Gb  waverecorder.o [1]
GPIO_INS                0x20000324    0x14  Data  Gb  main.o [1]
GPIO_PIN                0x08022060     0x8  Data  Gb  stm32746g_discovery.o [1]
HAL_DMA_DeInit          0x08018b8b   0xabc  Code  Gb  stm32f7xx_hal_dma.o [1]
HAL_DMA_IRQHandler      0x08019705  0x1a64  Code  Gb  stm32f7xx_hal_dma.o [1]
HAL_DMA_Init            0x08018b1b    0x70  Code  Gb  stm32f7xx_hal_dma.o [1]
HAL_DMA_Start_IT        0x08019699    0x6a  Code  Gb  stm32f7xx_hal_dma.o [1]
HAL_Delay               0x0801f313    0x18  Code  Wk  stm32f7xx_hal.o [1]
HAL_GPIO_Init           0x0801d465   0x1be  Code  Gb  stm32f7xx_hal_gpio.o [1]
HAL_GPIO_ReadPin        0x0801d623     0xe  Code  Gb  stm32f7xx_hal_gpio.o [1]
HAL_GPIO_TogglePin      0x0801d63f     0x8  Code  Gb  stm32f7xx_hal_gpio.o [1]
HAL_GPIO_WritePin       0x0801d631     0xe  Code  Gb  stm32f7xx_hal_gpio.o [1]
HAL_GetTick             0x0801f30d     0x6  Code  Wk  stm32f7xx_hal.o [1]
HAL_I2CEx_ConfigAnalogFilter
                        0x08021837    0x6c  Code  Gb  stm32f7xx_hal_i2c_ex.o [1]
HAL_I2C_EV_IRQHandler   0x08021179   0x104  Code  Gb  stm32f7xx_hal_i2c.o [1]
HAL_I2C_ErrorCallback   0x08021289     0x2  Code  Wk  stm32f7xx_hal_i2c.o [1]
HAL_I2C_GetError        0x0802128b     0x4  Code  Gb  stm32f7xx_hal_i2c.o [1]
HAL_I2C_Init            0x08020e55    0xa8  Code  Gb  stm32f7xx_hal_i2c.o [1]
HAL_I2C_MasterRxCpltCallback
                        0x0802127f     0x2  Code  Wk  stm32f7xx_hal_i2c.o [1]
HAL_I2C_MasterTxCpltCallback
                        0x0802127d     0x2  Code  Wk  stm32f7xx_hal_i2c.o [1]
HAL_I2C_Master_Receive  0x0802103d   0x138  Code  Gb  stm32f7xx_hal_i2c.o [1]
HAL_I2C_Master_Transmit
                        0x08020efd   0x140  Code  Gb  stm32f7xx_hal_i2c.o [1]
HAL_I2C_MemRxCpltCallback
                        0x08021287     0x2  Code  Wk  stm32f7xx_hal_i2c.o [1]
HAL_I2C_MemTxCpltCallback
                        0x08021285     0x2  Code  Wk  stm32f7xx_hal_i2c.o [1]
HAL_I2C_MspInit         0x08020a93    0xb8  Code  Gb  main.o [1]
HAL_I2C_SlaveRxCpltCallback
                        0x08021283     0x2  Code  Wk  stm32f7xx_hal_i2c.o [1]
HAL_I2C_SlaveTxCpltCallback
                        0x08021281     0x2  Code  Wk  stm32f7xx_hal_i2c.o [1]
HAL_I2S_Init            0x0801e315    0xdc  Code  Gb  stm32f7xx_hal_i2s.o [1]
HAL_I2S_MspInit         0x0801faa9   0x26c  Code  Gb  audio_codec.o [1]
HAL_I2S_TxCpltCallback  0x08020d75     0x2  Code  Gb  main.o [1]
HAL_IncTick             0x0801f303     0xa  Code  Wk  stm32f7xx_hal.o [1]
HAL_Init                0x0801f2bd    0x20  Code  Gb  stm32f7xx_hal.o [1]
HAL_InitTick            0x0801f2df    0x24  Code  Wk  stm32f7xx_hal.o [1]
HAL_MspInit             0x0801f2dd     0x2  Code  Wk  stm32f7xx_hal.o [1]
HAL_NVIC_DisableIRQ     0x0801e537     0x2  Code  Gb  stm32f7xx_hal_cortex.o [1]
HAL_NVIC_EnableIRQ      0x0801e535     0x2  Code  Gb  stm32f7xx_hal_cortex.o [1]
HAL_NVIC_SetPriority    0x0801e517    0x1e  Code  Gb  stm32f7xx_hal_cortex.o [1]
HAL_NVIC_SetPriorityGrouping
                        0x0801e515     0x2  Code  Gb  stm32f7xx_hal_cortex.o [1]
HAL_PCDEx_ActivateLPM   0x08024a89    0x26  Code  Gb  stm32f7xx_hal_pcd_ex.o [1]
HAL_PCDEx_LPM_Callback  0x08024aaf     0x2  Code  Wk  stm32f7xx_hal_pcd_ex.o [1]
HAL_PCDEx_SetRxFiFo     0x08024a81     0x8  Code  Gb  stm32f7xx_hal_pcd_ex.o [1]
HAL_PCDEx_SetTxFiFo     0x08024a39    0x48  Code  Gb  stm32f7xx_hal_pcd_ex.o [1]
HAL_PCD_ConnectCallback
                        0x08023923     0x8  Code  Gb  usbd_conf_f4.o [1]
HAL_PCD_DataInStageCallback
                        0x080238c7    0x12  Code  Gb  usbd_conf_f4.o [1]
HAL_PCD_DataOutStageCallback
                        0x080238b3    0x14  Code  Gb  usbd_conf_f4.o [1]
HAL_PCD_DisconnectCallback
                        0x0802392b     0x8  Code  Gb  usbd_conf_f4.o [1]
HAL_PCD_EP_Close        0x080247a9    0x48  Code  Gb  stm32f7xx_hal_pcd.o [1]
HAL_PCD_EP_ClrStall     0x0802490b    0x50  Code  Gb  stm32f7xx_hal_pcd.o [1]
HAL_PCD_EP_Flush        0x0802495b    0x32  Code  Gb  stm32f7xx_hal_pcd.o [1]
HAL_PCD_EP_Open         0x0802474b    0x5e  Code  Gb  stm32f7xx_hal_pcd.o [1]
HAL_PCD_EP_Receive      0x080247f1    0x5c  Code  Gb  stm32f7xx_hal_pcd.o [1]
HAL_PCD_EP_SetStall     0x080248a9    0x62  Code  Gb  stm32f7xx_hal_pcd.o [1]
HAL_PCD_EP_Transmit     0x0802484d    0x5c  Code  Gb  stm32f7xx_hal_pcd.o [1]
HAL_PCD_IRQHandler      0x080242bb   0x46c  Code  Gb  stm32f7xx_hal_pcd.o [1]
HAL_PCD_ISOINIncompleteCallback
                        0x0802391b     0x8  Code  Gb  usbd_conf_f4.o [1]
HAL_PCD_ISOOUTIncompleteCallback
                        0x08023913     0x8  Code  Gb  usbd_conf_f4.o [1]
HAL_PCD_Init            0x080241cf    0xc2  Code  Gb  stm32f7xx_hal_pcd.o [1]
HAL_PCD_MspInit         0x0802382f    0x78  Code  Gb  usbd_conf_f4.o [1]
HAL_PCD_ResetCallback   0x080238e1    0x22  Code  Gb  usbd_conf_f4.o [1]
HAL_PCD_ResumeCallback  0x0802390b     0x8  Code  Gb  usbd_conf_f4.o [1]
HAL_PCD_SOFCallback     0x080238d9     0x8  Code  Gb  usbd_conf_f4.o [1]
HAL_PCD_SetAddress      0x08024727    0x24  Code  Gb  stm32f7xx_hal_pcd.o [1]
HAL_PCD_SetupStageCallback
                        0x080238a7     0xc  Code  Gb  usbd_conf_f4.o [1]
HAL_PCD_Start           0x08024291    0x2a  Code  Gb  stm32f7xx_hal_pcd.o [1]
HAL_PCD_SuspendCallback
                        0x08023903     0x8  Code  Gb  usbd_conf_f4.o [1]
HAL_PWREx_EnableOverDrive
                        0x08023059    0x62  Code  Gb  stm32f7xx_hal_pwr_ex.o [1]
HAL_RCCEx_GetPeriphCLKConfig
                        0x08023553   0x11e  Code  Gb  stm32f7xx_hal_rcc_ex.o [1]
HAL_RCCEx_PeriphCLKConfig
                        0x080230c5   0x48e  Code  Gb  stm32f7xx_hal_rcc_ex.o [1]
HAL_RCC_ClockConfig     0x08020309   0x1ce  Code  Gb  stm32f7xx_hal_rcc.o [1]
HAL_RCC_GetHCLKFreq     0x0802052b    0x1e  Code  Gb  stm32f7xx_hal_rcc.o [1]
HAL_RCC_GetSysClockFreq
                        0x080204d7    0x54  Code  Gb  stm32f7xx_hal_rcc.o [1]
HAL_RCC_OscConfig       0x0801ffb9   0x350  Code  Gb  stm32f7xx_hal_rcc.o [1]
HAL_SDRAM_Init          0x08023775    0x40  Code  Gb  stm32f7xx_hal_sdram.o [1]
HAL_SDRAM_MspInit       0x080237b5     0x2  Code  Wk  stm32f7xx_hal_sdram.o [1]
HAL_SDRAM_ProgramRefreshRate
                        0x080237ed    0x26  Code  Gb  stm32f7xx_hal_sdram.o [1]
HAL_SDRAM_SendCommand   0x080237b7    0x36  Code  Gb  stm32f7xx_hal_sdram.o [1]
HAL_SPI_ErrorCallback   0x0801df57     0x2  Code  Wk  stm32f7xx_hal_spi.o [1]
HAL_SPI_Init            0x0801dbcd    0xc6  Code  Gb  stm32f7xx_hal_spi.o [1]
HAL_SPI_MspInit         0x0801cd61   0x412  Code  Gb  waverecorder.o [1]
HAL_SPI_Receive_DMA     0x0801dc93   0x112  Code  Gb  stm32f7xx_hal_spi.o [1]
HAL_SPI_RxCpltCallback  0x0801d1b5    0x86  Code  Gb  waverecorder.o [1]
HAL_SPI_RxHalfCpltCallback
                        0x0801df53     0x2  Code  Wk  stm32f7xx_hal_spi.o [1]
HAL_SPI_TransmitReceive_DMA
                        0x0801dda5   0x1ac  Code  Gb  stm32f7xx_hal_spi.o [1]
HAL_SPI_TxRxCpltCallback
                        0x0801df51     0x2  Code  Wk  stm32f7xx_hal_spi.o [1]
HAL_SPI_TxRxHalfCpltCallback
                        0x0801df55     0x2  Code  Wk  stm32f7xx_hal_spi.o [1]
HAL_SYSTICK_Config      0x0801e539     0x2  Code  Gb  stm32f7xx_hal_cortex.o [1]
HAL_UART_ErrorCallback  0x0802559d     0x2  Code  Wk  stm32f7xx_hal_uart.o [1]
HAL_UART_IRQHandler     0x080253ed    0xe2  Code  Gb  stm32f7xx_hal_uart.o [1]
HAL_UART_RxCpltCallback
                        0x0802559b     0x2  Code  Wk  stm32f7xx_hal_uart.o [1]
HAL_UART_TxCpltCallback
                        0x08025599     0x2  Code  Wk  stm32f7xx_hal_uart.o [1]
HEAP$$Base              0x2000bea0           --   Gb  - Linker created -
HEAP$$Limit             0x2000dea0           --   Gb  - Linker created -
HardFault_Handler       0x08025a0f     0x2  Code  Gb  stm32f7xx_it.o [1]
I2C1_EV_IRQHandler      0x08025a43     0x6  Code  Gb  stm32f7xx_it.o [1]
I2C2_EV_IRQHandler      0x08025a49     0x6  Code  Gb  stm32f7xx_it.o [1]
I2C_IsAcknowledgeFailed
                        0x0802171b    0x88  Code  Lc  stm32f7xx_hal_i2c.o [1]
I2C_MasterReceive_ISR   0x080213b1   0x120  Code  Lc  stm32f7xx_hal_i2c.o [1]
I2C_MasterTransmit_ISR  0x0802128f   0x120  Code  Lc  stm32f7xx_hal_i2c.o [1]
I2C_SlaveReceive_ISR    0x0802156f    0x8e  Code  Lc  stm32f7xx_hal_i2c.o [1]
I2C_SlaveTransmit_ISR   0x080214d1    0x9e  Code  Lc  stm32f7xx_hal_i2c.o [1]
I2C_TransferConfig      0x080217a3    0x20  Code  Lc  stm32f7xx_hal_i2c.o [1]
I2C_WaitOnFlagUntilTimeout
                        0x080215fd    0x7c  Code  Lc  stm32f7xx_hal_i2c.o [1]
I2C_WaitOnSTOPFlagUntilTimeout
                        0x080216cd    0x4e  Code  Lc  stm32f7xx_hal_i2c.o [1]
I2C_WaitOnTXISFlagUntilTimeout
                        0x08021679    0x54  Code  Lc  stm32f7xx_hal_i2c.o [1]
I2S1_Init               0x0801cbbd    0x48  Code  Lc  waverecorder.o [1]
I2S2_Init               0x0801cc05    0x46  Code  Lc  waverecorder.o [1]
I2S2_idxTmp             0x2000030c     0x2  Data  Gb  main.o [1]
I2S2_stLR               0x20009bc6     0x1  Data  Gb  waverecorder.o [1]
I2S2_stLROld            0x20009bc7     0x1  Data  Gb  waverecorder.o [1]
I2S2_stNipple           0x20009bdc     0x2  Data  Gb  waverecorder.o [1]
I2S3_Init               0x080217e1    0x44  Code  Gb  waveplayer _CS43L22.o [1]
I2S_GetClockFreq        0x0801e3f1    0x4a  Code  Lc  stm32f7xx_hal_i2s.o [1]
IS                      0x20009758    0x18  Data  Gb  main.o [1]
ISS                     0x200096e4    0x14  Data  Gb  main.o [1]
InStream_Read           0x080256f9    0x22  Code  Lc  lz77_init.o [7]
IsocInBuffDummy         0x2000933c   0x180  Data  Lc  usbd_audio_in.o [1]
MIC1TO6_Init            0x0801cb2b    0x64  Code  Gb  waverecorder.o [1]
MX_I2C1_Init            0x0801fd5d    0x32  Code  Gb  audio_codec.o [1]
MX_I2C2_Init            0x08020d49    0x2c  Code  Gb  main.o [1]
MemManage_Handler       0x08025a11     0x2  Code  Gb  stm32f7xx_it.o [1]
NMI_Handler             0x08025a0d     0x2  Code  Gb  stm32f7xx_it.o [1]
NVIC_DisableIRQ         0x0801e48b    0x12  Code  Lc  stm32f7xx_hal_cortex.o [1]
NVIC_EnableIRQ          0x0801e479    0x12  Code  Lc  stm32f7xx_hal_cortex.o [1]
NVIC_EncodePriority     0x0801e4b7    0x36  Code  Lc  stm32f7xx_hal_cortex.o [1]
NVIC_GetPriorityGrouping
                        0x0801e46f     0xa  Code  Lc  stm32f7xx_hal_cortex.o [1]
NVIC_SetPriority        0x0801e49d    0x1a  Code  Lc  stm32f7xx_hal_cortex.o [1]
NVIC_SetPriority        0x08023815    0x1a  Code  Lc  usbd_conf_f4.o [1]
NVIC_SetPriorityGrouping
                        0x0801e455    0x1a  Code  Lc  stm32f7xx_hal_cortex.o [1]
OTG_FS_IRQHandler       0x08025a4f     0x6  Code  Gb  stm32f7xx_it.o [1]
OutStream_Write         0x0802571b    0x40  Code  Lc  lz77_init.o [7]
OutputDev               0x20009e9d     0x1  Data  Gb  audio_codec.o [1]
PCD_WriteEmptyTxFifo    0x0802498d    0xac  Code  Lc  stm32f7xx_hal_pcd.o [1]
PCM_Buffer1             0xc00181e0  0x4000  Data  Gb  audio_application.o [1]
PCM_Buffer2             0xc001c1e0  0x4000  Data  Gb  audio_application.o [1]
PDM2PCMSDO78            0x0801d255   0x186  Code  Gb  waverecorder.o [1]
PDM_Filter_64_LSB       0x0801d87d   0x31e  Code  Gb  pdm_filter.o [5]
PDM_Filter_Init         0x0801d67d   0x1fe  Code  Gb  pdm_filter.o [5]
PendSV_Handler          0x08025a1b     0x2  Code  Gb  stm32f7xx_it.o [1]
Region$$Table$$Base     0x08025b4c           --   Gb  - Linker created -
Region$$Table$$Limit    0x08025b80           --   Gb  - Linker created -
S1                      0x200096f8    0x18  Data  Gb  main.o [1]
S2                      0x20009710    0x18  Data  Gb  main.o [1]
S3                      0x20009728    0x18  Data  Gb  main.o [1]
S4                      0x20009740    0x18  Data  Gb  main.o [1]
SCB_EnableDCache        0x0802059f    0x52  Code  Lc  main.o [1]
SCB_EnableICache        0x08020579    0x26  Code  Lc  main.o [1]
SPI1_IRQHandler         0x0801c705    0xec  Code  Gb  waverecorder.o [1]
SPI1_stNipple           0x20009bda     0x2  Data  Gb  waverecorder.o [1]
SPI2_IRQHandler         0x0801c7f1   0x104  Code  Gb  waverecorder.o [1]
SPI3_IRQHandler         0x0801f80d     0xa  Code  Gb  audio_codec.o [1]
SPI4_IRQHandler         0x0801c8f5   0x12a  Code  Gb  waverecorder.o [1]
SPI4_Init               0x0801cc4b    0x58  Code  Gb  waverecorder.o [1]
SPI4_stNipple           0x20009bde     0x2  Data  Gb  waverecorder.o [1]
SPI4_stPosShft          0x20009bc5     0x1  Data  Gb  waverecorder.o [1]
SPI5_IRQHandler         0x0801ca1f    0x84  Code  Gb  waverecorder.o [1]
SPI5_Init               0x0801cca3    0x80  Code  Gb  waverecorder.o [1]
SPI6_IRQHandler         0x0801caa3    0x88  Code  Gb  waverecorder.o [1]
SPI6_Init               0x0801cd23    0x3e  Code  Gb  waverecorder.o [1]
SPI_DMAError            0x0801e119    0x22  Code  Lc  stm32f7xx_hal_spi.o [1]
SPI_DMAHalfReceiveCplt  0x0801e101     0xa  Code  Lc  stm32f7xx_hal_spi.o [1]
SPI_DMAHalfTransmitReceiveCplt
                        0x0801e10d     0xa  Code  Lc  stm32f7xx_hal_spi.o [1]
SPI_DMAReceiveCplt      0x0801df59    0xda  Code  Lc  stm32f7xx_hal_spi.o [1]
SPI_DMATransmitReceiveCplt
                        0x0801e035    0xca  Code  Lc  stm32f7xx_hal_spi.o [1]
SPI_EndRxTransaction    0x0801e273    0x58  Code  Lc  stm32f7xx_hal_spi.o [1]
SPI_EndRxTxTransaction  0x0801e2cb    0x48  Code  Lc  stm32f7xx_hal_spi.o [1]
SPI_I2S_ReceiveData     0x0801d195     0x6  Code  Lc  waverecorder.o [1]
SPI_WaitFifoStateUntilTimeout
                        0x0801e1cd    0xa6  Code  Lc  stm32f7xx_hal_spi.o [1]
SPI_WaitFlagStateUntilTimeout
                        0x0801e13d    0x90  Code  Lc  stm32f7xx_hal_spi.o [1]
SS1                     0x20009694    0x14  Data  Gb  main.o [1]
SS2                     0x200096a8    0x14  Data  Gb  main.o [1]
SS3                     0x200096bc    0x14  Data  Gb  main.o [1]
SS4                     0x200096d0    0x14  Data  Gb  main.o [1]
STA321MP_DefautLoad     0x08022643    0x34  Code  Lc  sta321mp.o [1]
STA321MP_Ini            0x08022069   0x19e  Code  Gb  sta321mp.o [1]
STACoefSet              0x0802225f   0x1c4  Code  Gb  sta321mp.o [1]
SVC_Handler             0x08025a17     0x2  Code  Gb  stm32f7xx_it.o [1]
Send_Audio_to_USB       0x080236e1     0xa  Code  Gb  usbd_audio_if.o [1]
SetCoefValue            0x080224a9    0x5e  Code  Gb  sta321mp.o [1]
StartPlay               0x08020d77    0x5c  Code  Gb  main.o [1]
StartRecMic7_8          0x0801cb8f    0x2e  Code  Gb  waverecorder.o [1]
SumDelay                0x08020c39    0xc8  Code  Gb  main.o [1]
SysTick_Config          0x0801e4ed    0x28  Code  Lc  stm32f7xx_hal_cortex.o [1]
SysTick_Handler         0x08025a1d    0x1e  Code  Gb  stm32f7xx_it.o [1]
SystemClock_Config      0x08020979    0xa0  Code  Lc  main.o [1]
SystemCoreClock         0x200006d8     0x4  Data  Gb  system_stm32f7xx.o [1]
SystemInit              0x08025a71    0x3a  Code  Gb  system_stm32f7xx.o [1]
T0                      0x20000004   0x100  Data  Gb  pdm_filter.o [5]
T1                      0x20000104   0x100  Data  Gb  pdm_filter.o [5]
T2                      0x20000204   0x100  Data  Gb  pdm_filter.o [5]
TestSDO7                0x20000714  0x2000  Data  Gb  waverecorder.o [1]
TestSDO7_1              0x20004714  0x2000  Data  Gb  waverecorder.o [1]
TestSDO8                0x20002714  0x2000  Data  Gb  waverecorder.o [1]
TestSDO8_1              0x20006714  0x2000  Data  Gb  waverecorder.o [1]
Timing                  0x20000624    0x1c  Data  Lc  stm32746g_discovery_sdram.o [1]
UART_EndTransmit_IT     0x08025639    0x34  Code  Lc  stm32f7xx_hal_uart.o [1]
UART_Receive_IT         0x0802566d    0x8c  Code  Lc  stm32f7xx_hal_uart.o [1]
UART_Transmit_IT        0x0802559f    0x9a  Code  Lc  stm32f7xx_hal_uart.o [1]
UART_WaitOnFlagUntilTimeout
                        0x080254cf    0xca  Code  Gb  stm32f7xx_hal_uart.o [1]
USART3_IRQHandler       0x08025a3d     0x6  Code  Gb  stm32f7xx_it.o [1]
USART6_IRQHandler       0x08025a3b     0x2  Code  Gb  stm32f7xx_it.o [1]
USBD_AUDIO              0x20000650    0x38  Data  Gb  usbd_audio_in.o [1]
USBD_AUDIO_CfgDesc      0x20009938    0x78  Data  Lc  usbd_audio_in.o [1]
USBD_AUDIO_ConfigStrDescriptor
                        0x08025925    0x20  Code  Gb  usbd_desc.o [1]
USBD_AUDIO_DataIn       0x080227d9    0xd0  Code  Lc  usbd_audio_in.o [1]
USBD_AUDIO_DataOut      0x080228f1     0x4  Code  Lc  usbd_audio_in.o [1]
USBD_AUDIO_Data_Transfer
                        0x0802298d    0xe2  Code  Gb  usbd_audio_in.o [1]
USBD_AUDIO_DeInit       0x0802270b    0x28  Code  Lc  usbd_audio_in.o [1]
USBD_AUDIO_DeviceDescriptor
                        0x080258bd     0x8  Code  Gb  usbd_desc.o [1]
USBD_AUDIO_DeviceQualifierDesc
                        0x200006f0     0xc  Data  Lc  usbd_audio_in.o [1]
USBD_AUDIO_EP0_RxReady  0x080228a9    0x38  Code  Lc  usbd_audio_in.o [1]
USBD_AUDIO_EP0_TxReady  0x080228e1     0x4  Code  Lc  usbd_audio_in.o [1]
USBD_AUDIO_GetCfgDesc   0x080227cf     0xa  Code  Lc  usbd_audio_in.o [1]
USBD_AUDIO_GetDeviceQualifierDesc
                        0x080228f5     0xa  Code  Lc  usbd_audio_in.o [1]
USBD_AUDIO_Init         0x080226a1    0x6a  Code  Lc  usbd_audio_in.o [1]
USBD_AUDIO_Init_Microphone_Descriptor
                        0x08022a7b   0x33e  Code  Gb  usbd_audio_in.o [1]
USBD_AUDIO_InterfaceStrDescriptor
                        0x08025945    0x20  Code  Gb  usbd_desc.o [1]
USBD_AUDIO_IsoINIncomplete
                        0x080228e9     0x4  Code  Lc  usbd_audio_in.o [1]
USBD_AUDIO_IsoOutIncomplete
                        0x080228ed     0x4  Code  Lc  usbd_audio_in.o [1]
USBD_AUDIO_LangIDStrDescriptor
                        0x080258c5     0x8  Code  Gb  usbd_desc.o [1]
USBD_AUDIO_ManufacturerStrDescriptor
                        0x080258ef    0x14  Code  Gb  usbd_desc.o [1]
USBD_AUDIO_ProductStrDescriptor
                        0x080258cd    0x22  Code  Gb  usbd_desc.o [1]
USBD_AUDIO_RegisterInterface
                        0x08022a6f     0xc  Code  Gb  usbd_audio_in.o [1]
USBD_AUDIO_SOF          0x080228e5     0x4  Code  Lc  usbd_audio_in.o [1]
USBD_AUDIO_SerialStrDescriptor
                        0x08025903    0x22  Code  Gb  usbd_desc.o [1]
USBD_AUDIO_Setup        0x08022733    0x9c  Code  Lc  usbd_audio_in.o [1]
USBD_AUDIO_fops         0x20000688    0x24  Data  Gb  usbd_audio_if.o [1]
USBD_ClrClassConfig     0x08022e37     0xe  Code  Gb  usbd_core.o [1]
USBD_ClrFeature         0x08023e51    0x36  Code  Lc  usbd_ctlreq.o [1]
USBD_CtlContinueRx      0x08023f61    0x10  Code  Gb  usbd_ioreq.o [1]
USBD_CtlContinueSendData
                        0x08023f33    0x10  Code  Gb  usbd_ioreq.o [1]
USBD_CtlError           0x08023eaf    0x16  Code  Gb  usbd_ctlreq.o [1]
USBD_CtlPrepareRx       0x08023f43    0x1e  Code  Gb  usbd_ioreq.o [1]
USBD_CtlReceiveStatus   0x08023f87    0x16  Code  Gb  usbd_ioreq.o [1]
USBD_CtlSendData        0x08023f15    0x1e  Code  Gb  usbd_ioreq.o [1]
USBD_CtlSendStatus      0x08023f71    0x16  Code  Gb  usbd_ioreq.o [1]
USBD_GetConfig          0x08023dd9    0x2c  Code  Lc  usbd_ctlreq.o [1]
USBD_GetDescriptor      0x08023be9   0x112  Code  Lc  usbd_ctlreq.o [1]
USBD_GetLen             0x08023f01    0x14  Code  Lc  usbd_ctlreq.o [1]
USBD_GetStatus          0x08023e05    0x26  Code  Lc  usbd_ctlreq.o [1]
USBD_GetString          0x08023ec5    0x3c  Code  Gb  usbd_ctlreq.o [1]
USBD_Init               0x08022dd1    0x2c  Code  Gb  usbd_core.o [1]
USBD_LL_ClearStallEP    0x080239f9     0xe  Code  Gb  usbd_conf_f4.o [1]
USBD_LL_CloseEP         0x080239cf     0xe  Code  Gb  usbd_conf_f4.o [1]
USBD_LL_DataInStage     0x08022f03    0xb0  Code  Gb  usbd_core.o [1]
USBD_LL_DataOutStage    0x08022e9b    0x68  Code  Gb  usbd_core.o [1]
USBD_LL_DevConnected    0x0802303b     0x4  Code  Gb  usbd_core.o [1]
USBD_LL_DevDisconnected
                        0x0802303f    0x18  Code  Gb  usbd_core.o [1]
USBD_LL_FlushEP         0x080239dd     0xe  Code  Gb  usbd_conf_f4.o [1]
USBD_LL_Init            0x08023933    0x66  Code  Gb  usbd_conf_f4.o [1]
USBD_LL_IsStallEP       0x08023a07    0x20  Code  Gb  usbd_conf_f4.o [1]
USBD_LL_IsoINIncomplete
                        0x08023033     0x4  Code  Gb  usbd_core.o [1]
USBD_LL_IsoOUTIncomplete
                        0x08023037     0x4  Code  Gb  usbd_core.o [1]
USBD_LL_OpenEP          0x080239bb    0x14  Code  Gb  usbd_conf_f4.o [1]
USBD_LL_PrepareReceive  0x08023a43     0xe  Code  Gb  usbd_conf_f4.o [1]
USBD_LL_Reset           0x08022fb3    0x44  Code  Gb  usbd_core.o [1]
USBD_LL_Resume          0x0802300d     0xc  Code  Gb  usbd_core.o [1]
USBD_LL_SOF             0x08023019    0x1a  Code  Gb  usbd_core.o [1]
USBD_LL_SetSpeed        0x08022ff7     0x6  Code  Gb  usbd_core.o [1]
USBD_LL_SetUSBAddress   0x08023a27     0xe  Code  Gb  usbd_conf_f4.o [1]
USBD_LL_SetupStage      0x08022e45    0x56  Code  Gb  usbd_core.o [1]
USBD_LL_StallEP         0x080239eb     0xe  Code  Gb  usbd_conf_f4.o [1]
USBD_LL_Start           0x080239ad     0xe  Code  Gb  usbd_conf_f4.o [1]
USBD_LL_Suspend         0x08022ffd    0x10  Code  Gb  usbd_core.o [1]
USBD_LL_Transmit        0x08023a35     0xe  Code  Gb  usbd_conf_f4.o [1]
USBD_LangIDDesc         0x20000708     0x4  Data  Gb  usbd_desc.o [1]
USBD_ParseSetupRequest  0x08023e87    0x28  Code  Gb  usbd_ctlreq.o [1]
USBD_RegisterClass      0x08022dfd    0x12  Code  Gb  usbd_core.o [1]
USBD_RunTestMode        0x08022e19     0x4  Code  Gb  usbd_core.o [1]
USBD_SetAddress         0x08023cfb    0x48  Code  Lc  usbd_ctlreq.o [1]
USBD_SetClassConfig     0x08022e1d    0x1a  Code  Gb  usbd_core.o [1]
USBD_SetConfig          0x08023d43    0x92  Code  Lc  usbd_ctlreq.o [1]
USBD_SetFeature         0x08023e2b    0x26  Code  Lc  usbd_ctlreq.o [1]
USBD_Start              0x08022e0f     0xa  Code  Gb  usbd_core.o [1]
USBD_StdDevReq          0x08023a51    0x48  Code  Gb  usbd_ctlreq.o [1]
USBD_StdEPReq           0x08023acf   0x118  Code  Gb  usbd_ctlreq.o [1]
USBD_StdItfReq          0x08023a99    0x36  Code  Gb  usbd_ctlreq.o [1]
USBD_StrDesc            0x20009770    0xc8  Data  Gb  usbd_desc.o [1]
USB_ActivateEndpoint    0x08024d35    0x82  Code  Gb  stm32f7xx_ll_usb.o [1]
USB_ActivateSetup       0x08025347    0x2e  Code  Gb  stm32f7xx_ll_usb.o [1]
USB_CoreInit            0x08024ab1    0x6e  Code  Gb  stm32f7xx_ll_usb.o [1]
USB_CoreReset           0x080253a5    0x30  Code  Lc  stm32f7xx_ll_usb.o [1]
USB_DeactivateEndpoint  0x08024db7    0x70  Code  Gb  stm32f7xx_ll_usb.o [1]
USB_DevConnect          0x080252b7    0x18  Code  Gb  stm32f7xx_ll_usb.o [1]
USB_DevDisconnect       0x080252cf    0x18  Code  Gb  stm32f7xx_ll_usb.o [1]
USB_DevInit             0x08024b65   0x14c  Code  Gb  stm32f7xx_ll_usb.o [1]
USB_DisableGlobalInt    0x08024b2b     0xc  Code  Gb  stm32f7xx_ll_usb.o [1]
USB_EP0StartXfer        0x0802503f   0x14a  Code  Gb  stm32f7xx_ll_usb.o [1]
USB_EP0_OutStart        0x08025375    0x30  Code  Gb  stm32f7xx_ll_usb.o [1]
USB_EPClearStall        0x08025239    0x62  Code  Gb  stm32f7xx_ll_usb.o [1]
USB_EPSetStall          0x080251df    0x5a  Code  Gb  stm32f7xx_ll_usb.o [1]
USB_EPStartXfer         0x08024e27   0x218  Code  Gb  stm32f7xx_ll_usb.o [1]
USB_EnableGlobalInt     0x08024b1f     0xc  Code  Gb  stm32f7xx_ll_usb.o [1]
USB_FlushRxFifo         0x08024cd3    0x1e  Code  Gb  stm32f7xx_ll_usb.o [1]
USB_FlushTxFifo         0x08024cb1    0x22  Code  Gb  stm32f7xx_ll_usb.o [1]
USB_GetDevSpeed         0x08024cff    0x36  Code  Gb  stm32f7xx_ll_usb.o [1]
USB_GetMode             0x0802533f     0x8  Code  Gb  stm32f7xx_ll_usb.o [1]
USB_ReadDevAllInEpInterrupt
                        0x080252fd     0xe  Code  Gb  stm32f7xx_ll_usb.o [1]
USB_ReadDevAllOutEpInterrupt
                        0x080252ef     0xe  Code  Gb  stm32f7xx_ll_usb.o [1]
USB_ReadDevInEPInterrupt
                        0x0802531f    0x20  Code  Gb  stm32f7xx_ll_usb.o [1]
USB_ReadDevOutEPInterrupt
                        0x0802530b    0x14  Code  Gb  stm32f7xx_ll_usb.o [1]
USB_ReadInterrupts      0x080252e7     0x8  Code  Gb  stm32f7xx_ll_usb.o [1]
USB_ReadPacket          0x080251b9    0x26  Code  Gb  stm32f7xx_ll_usb.o [1]
USB_SetCurrentMode      0x08024b37    0x2e  Code  Gb  stm32f7xx_ll_usb.o [1]
USB_SetDevAddress       0x0802529b    0x1c  Code  Gb  stm32f7xx_ll_usb.o [1]
USB_SetDevSpeed         0x08024cf1     0xe  Code  Gb  stm32f7xx_ll_usb.o [1]
USB_WritePacket         0x08025189    0x30  Code  Gb  stm32f7xx_ll_usb.o [1]
UsageFault_Handler      0x08025a15     0x2  Code  Gb  stm32f7xx_it.o [1]
VOL_CUR                 0x20009e96     0x2  Data  Lc  usbd_audio_in.o [1]
Volume                  0x20000710     0x1  Data  Gb  audio_codec.o [1]
WavePlayerInit          0x080217cd    0x10  Code  Gb  waveplayer _CS43L22.o [1]
WaveRec_idxSens1        0x2000030e     0x2  Data  Gb  main.o [1]
WaveRec_idxSens2        0x20000310     0x2  Data  Gb  main.o [1]
WaveRec_idxSens3        0x2000030a     0x2  Data  Gb  main.o [1]
WaveRec_idxSens4        0x20000308     0x2  Data  Gb  main.o [1]
WaveRec_idxSens5        0x20000312     0x2  Data  Gb  main.o [1]
WaveRec_idxSens6        0x20000314     0x2  Data  Gb  main.o [1]
WaveRec_idxTest         0x20009bcc     0x2  Data  Gb  waverecorder.o [1]
WaveRecord_flgIni       0x20009e9f     0x1  Data  Gb  waverecorder.o [1]
WaveRecord_flgInt       0x20009bc4     0x1  Data  Gb  waverecorder.o [1]
WaveRecord_flgSDO7Finish
                        0x20009e8e     0x1  Data  Gb  waverecorder.o [1]
WaveRecord_flgSDO8Finish
                        0x20009e8f     0x1  Data  Gb  waverecorder.o [1]
WriteCoef               0x08022423    0x86  Code  Gb  sta321mp.o [1]
WriteSTAByte            0x08022207    0x58  Code  Gb  sta321mp.o [1]
__aeabi_cdcmpeq         0x08021921          Code  Gb  DblCmpEq.o [6]
__aeabi_cdcmple         0x0801fdd9          Code  Gb  DblCmpLe.o [6]
__aeabi_cdrcmple        0x0801fe09          Code  Gb  DblCmpGe.o [6]
__aeabi_cfcmpeq         0x0801e559          Code  Gb  FltCmpEq.o [6]
__aeabi_cfcmple         0x0801e585          Code  Gb  FltCmpLe.o [6]
__aeabi_d2f             0x0801eb6d          Code  Gb  DblToFlt.o [6]
__aeabi_d2iz            0x0801e97d          Code  Gb  DblToI32.o [6]
__aeabi_dadd            0x0801e895          Code  Gb  DblAdd.o [6]
__aeabi_ddiv            0x0801e63d          Code  Gb  DblDiv.o [6]
__aeabi_dmul            0x0801e9c9          Code  Gb  DblMul.o [6]
__aeabi_dsub            0x0801f04d          Code  Gb  DblSub.o [6]
__aeabi_errno_addr      0x0801fe39     0x6  Code  Gb  errno.o [3]
__aeabi_f2d             0x0801e5bd          Code  Gb  FltToDbl.o [6]
__aeabi_fmul            0x0801e5a9    0x12  Code  Gb  FltMul.o [6]
__aeabi_i2d             0x0801e60d          Code  Gb  I32ToDbl.o [6]
__aeabi_memset          0x08023f9d          Code  Gb  ABImemset.o [7]
__aeabi_ui2d            0x0801e621          Code  Gb  I32ToDbl.o [6]
__aeabi_ui2f            0x0801e575     0xe  Code  Gb  U32ToFlt.o [6]
__cmain                 0x08025b81          Code  Gb  cmain.o [7]
__data_GetMemChunk      0x0801c68d    0x2c  Code  Gb  xgetmemchunk.o [3]
__exit                  0x0801c6b9    0x14  Code  Gb  exit.o [8]
__iar_Dint              0x080218a5    0x7a  Code  Gb  xdint.o [6]
__iar_Errno             0x2000070c     0x4  Data  Gb  errno.o [3]
__iar_Memset            0x08023f9d          Code  Gb  ABImemset.o [7]
__iar_Memset_word       0x08023fa5          Code  Gb  ABImemset.o [7]
__iar_Quad              0x0801fe45   0x12c  Code  Gb  xquad.o [6]
__iar_Sin               0x0801ebfd   0x3b2  Code  Gb  xsin.o [6]
__iar_close_ttio        0x0801c6cd    0x2e  Code  Gb  iarttio.o [8]
__iar_d2uiz             0x0801e9a9          Code  Gb  DblToI32.o [6]
__iar_dadd              0x0801e8a9          Code  Gb  DblAdd.o [6]
__iar_data_init3        0x08025b01    0x28  Code  Gb  data_init.o [7]
__iar_dlfree            0x0801c16b   0x510  Code  Gb  dlmalloc.o [3]
__iar_dlib_perthread_access
                        0x080218a3     0x2  Code  Gb  xtls.o [3]
__iar_dlmalloc          0x0801beb5   0x2aa  Code  Gb  dlmalloc.o [3]
__iar_dsub              0x0801f061          Code  Gb  DblSub.o [6]
__iar_dsubStart         0x0801f073          Code  Gb  DblSub.o [6]
__iar_edom              0x0801ffad          Code  Gb  iarEdom.o [7]
__iar_fmod              0x08021941          Code  Gb  fmod.o [6]
__iar_fmodl             0x08021941          Code  Gb  fmod.o [6]
__iar_init_vfp          0x08025b29          Code  Gb  fpinit_M.o [6]
__iar_lookup_ttioh      0x0801c6fd     0x8  Code  Gb  XShttio.o [3]
__iar_lz77_init3        0x0802575b   0x162  Code  Gb  lz77_init.o [7]
__iar_program_start     0x08025bc1          Code  Gb  cstartup_M.o [7]
__iar_sqrt              0x0801f1cd          Code  Gb  sqrt.o [6]
__iar_ttio_handles      0x200006fc     0x8  Data  Lc  XShttio.o [3]
__iar_ui2d              0x0801e625          Code  Gb  I32ToDbl.o [6]
__iar_unaligned___aeabi_memcpy
                        0x08024005          Code  Gb  ABImemcpy_unaligned.o [7]
__iar_unaligned___aeabi_memcpy4
                        0x08024025          Code  Gb  ABImemcpy_unaligned.o [7]
__iar_unaligned___aeabi_memcpy8
                        0x08024025          Code  Gb  ABImemcpy_unaligned.o [7]
__iar_zero_init3        0x08025ac1    0x40  Code  Gb  zero_init3.o [7]
__low_level_init        0x08025b9b     0x4  Code  Gb  low_level_init.o [3]
__vector_table          0x08000000          Data  Gb  startup_stm32f746xx.o [1]
_call_main              0x08025b8d          Code  Gb  cmain.o [7]
_exit                   0x08025ba5          Code  Gb  cexit.o [7]
_gm_                    0x200094bc   0x1d8  Data  Lc  dlmalloc.o [3]
_main                   0x08025b97          Code  Gb  cmain.o [7]
abort                   0x0801c685     0x6  Code  Gb  abort.o [3]
abs                     0x0802407b     0x8  Code  Gb  abs.o [3]
armBitRevTable          0x080001c8   0x800  Data  Gb  arm_common_tables.o [4]
arm_cfft_radix4_init_f32
                        0x08010a41    0xb0  Code  Gb  arm_cfft_radix4_init_f32.o [4]
arm_rfft_init_f32       0x080089c9    0x72  Code  Gb  arm_rfft_init_f32.o [4]
btnSW1                  0x20000704     0x1  Data  Gb  main.o [1]
btnSW2                  0x20000705     0x1  Data  Gb  main.o [1]
bufCoefBiquad           0x20009e70    0x10  Data  Gb  sta321mp.o [1]
bufPCMSens7             0x20009af4     0x4  Data  Gb  waverecorder.o [1]
bufPCMSens8             0x20009a88     0x4  Data  Gb  waverecorder.o [1]
bufferSum               0x20008714   0x800  Data  Gb  main.o [1]
buffer_switch           0x20000307     0x1  Data  Gb  main.o [1]
cntBtnPress             0x20000706     0x1  Data  Gb  main.o [1]
cntOS                   0x20009e88     0x4  Data  Gb  stm32f7xx_it.o [1]
cntPos                  0x20009a22     0x2  Data  Gb  waverecorder.o [1]
cntPos7                 0x20009a8e     0x2  Data  Gb  waverecorder.o [1]
cntRisingEXTI           0x20009e94     0x2  Data  Gb  main.o [1]
cntStrt                 0x20009e9a     0x2  Data  Gb  waverecorder.o [1]
cntTime200              0x20000320     0x2  Data  Gb  main.o [1]
exit                    0x08025b9f     0x4  Code  Gb  exit.o [3]
flg10ms                 0x20000306     0x1  Data  Gb  main.o [1]
flgDlyUpd               0x20000304     0x1  Data  Gb  main.o [1]
fmod                    0x08021941          Code  Gb  fmod.o [6]
fmodl                   0x08021941          Code  Gb  fmod.o [6]
hUSBDDevice             0x20000350   0x224  Data  Gb  main.o [1]
hUSBDDeviceDesc         0x200006dc    0x14  Data  Gb  usbd_desc.o [1]
haudioInstance          0x200092d8    0x64  Data  Lc  usbd_audio_in.o [1]
hdma_spi5_rx            0x20009cc0    0x50  Data  Gb  waverecorder.o [1]
hdma_spi6_rx            0x20009d10    0x50  Data  Gb  waverecorder.o [1]
hi2c1                   0x20009de0    0x3c  Data  Gb  audio_codec.o [1]
hi2c2                   0x20009e1c    0x3c  Data  Gb  audio_codec.o [1]
hi2s1                   0x20009be0    0x40  Data  Gb  waverecorder.o [1]
hi2s2                   0x20009da0    0x40  Data  Gb  waverecorder.o [1]
hi2s3                   0x20009d60    0x40  Data  Gb  waveplayer _CS43L22.o [1]
hpcd                    0x20008f18   0x3c0  Data  Gb  usbd_conf_f4.o [1]
hspi4                   0x20009b60    0x64  Data  Gb  main.o [1]
hspi5                   0x20009a24    0x64  Data  Gb  waverecorder.o [1]
hspi6                   0x20009a90    0x64  Data  Gb  waverecorder.o [1]
huart3                  0x200099b0    0x70  Data  Gb  main.o [1]
idxFrmPDMMic8           0x20009e98     0x2  Data  Gb  waverecorder.o [1]
idxLatency12            0x20008f16     0x2  Data  Gb  main.o [1]
idxLatency13            0x20008f14     0x2  Data  Gb  main.o [1]
idxLatency14            0x20000318     0x2  Data  Gb  main.o [1]
idxLatency25            0x2000031a     0x2  Data  Gb  main.o [1]
idxLatency63            0x2000031c     0x2  Data  Gb  main.o [1]
idxLatency78            0x2000031e     0x2  Data  Gb  main.o [1]
idxMic7                 0x20009a8c     0x2  Data  Gb  waverecorder.o [1]
idxMic8                 0x20009a20     0x2  Data  Gb  waverecorder.o [1]
idxSPI5DataBuf3         0x20000316     0x2  Data  Gb  main.o [1]
init_mparams            0x0801b1af    0x32  Code  Lc  dlmalloc.o [3]
init_top                0x0801b1e1    0x34  Code  Lc  dlmalloc.o [3]
main                    0x08020801   0x178  Code  Gb  main.o [1]
mparams                 0x20009e58    0x18  Data  Lc  dlmalloc.o [3]
pDataMic7               0x200098b8    0x80  Data  Gb  waverecorder.o [1]
pDataMic8               0x20009838    0x80  Data  Gb  waverecorder.o [1]
pcSTAComnd              0x20000574    0x50  Data  Gb  sta321mp.o [1]
pcSTAComnd1             0x200005c4     0x2  Data  Gb  sta321mp.o [1]
pcSTAComnd2             0x200005c8    0x24  Data  Gb  sta321mp.o [1]
prepend_alloc           0x0801b215   0x36c  Code  Lc  dlmalloc.o [3]
realCoefA               0x08008a40  0x8000  Data  Lc  arm_rfft_init_f32.o [4]
realCoefB               0x08010af0  0x8000  Data  Lc  arm_rfft_init_f32.o [4]
sdramHandle             0x200005f0    0x34  Data  Lc  stm32746g_discovery_sdram.o [1]
segment_holding         0x0801b195    0x1a  Code  Lc  dlmalloc.o [3]
sqrt                    0x0801f1cd          Code  Gb  sqrt.o [6]
sqrtl                   0x0801f1cd          Code  Gb  sqrt.o [6]
stFrstFrmStore          0x20000305     0x1  Data  Gb  main.o [1]
sta321mp_biquad         0x0802252f   0x114  Code  Lc  sta321mp.o [1]
sta321mp_mixer          0x08022507    0x18  Code  Lc  sta321mp.o [1]
sta321mp_postscale      0x08022527     0x8  Code  Lc  sta321mp.o [1]
sta321mp_prescale       0x0802251f     0x8  Code  Lc  sta321mp.o [1]
stm32_crc               0x20000000     0x4  Data  Gb  pdm_filter.o [5]
swtBufUSBOut            0x20009e9c     0x1  Data  Gb  audio_application.o [1]
swtSDO7                 0x20009e8c     0x1  Data  Gb  waverecorder.o [1]
swtSDO8                 0x20009e8d     0x1  Data  Gb  waverecorder.o [1]
sys_alloc               0x0801b581   0x386  Code  Lc  dlmalloc.o [3]
tmalloc_large           0x0801b915   0x390  Code  Lc  dlmalloc.o [3]
tmalloc_small           0x0801bca5   0x210  Code  Lc  dlmalloc.o [3]
twiddleCoef_4096        0x080009c8  0x8000  Data  Gb  arm_common_tables.o [4]
uwTick                  0x20009e84     0x4  Data  Lc  stm32f7xx_hal.o [1]
vRawSens1               0x20009bce     0x2  Data  Gb  waverecorder.o [1]
vRawSens2               0x20009bd0     0x2  Data  Gb  waverecorder.o [1]
vRawSens3               0x20009bd4     0x2  Data  Gb  waverecorder.o [1]
vRawSens4               0x20009bd2     0x2  Data  Gb  waverecorder.o [1]
vRawSens5               0x20009bd6     0x2  Data  Gb  waverecorder.o [1]
vRawSens6               0x20009bd8     0x2  Data  Gb  waverecorder.o [1]
vol_table               0x080236f0    0x84  Data  Gb  usbd_audio_if.o [1]
volume                  0x20000711     0x1  Data  Gb  waveplayer _CS43L22.o [1]


[1] = H:\PhanLeSon\ActivNoise\Microphone\F7\Mic_Array_Project\Mic_Array\Projects\STM32746G\Applications\Audio\Mic_Array\EWARM\STM32F7\Obj
[2] = command line
[3] = dl7M_tlf.a
[4] = iar_cortexM7ls_math.a
[5] = libPDMFilter_CM7_IAR.a
[6] = m7M_tls.a
[7] = rt7M_tl.a
[8] = shb_l.a

  87 242 bytes of readonly  code memory
  68 431 bytes of readonly  data memory
  56 990 bytes of readwrite data memory (+ 131 552 absolute)

Errors: none
Warnings: none
