###############################################################################
#
# IAR ELF Linker V7.50.2.10312/W32 for ARM                20/Dec/2015  12:51:55
# Copyright 2007-2015 IAR Systems AB.
#
#    Output file  =  
#        H:\PhanLeSon\ActivNoise\Microphone\F7\Mic_Array_Project\Mic_Array\Projects\STM32746G\Applications\Audio\Mic_Array\EWARM\STM32F7\Exe\Project.out
#    Map file     =  
#        H:\PhanLeSon\ActivNoise\Microphone\F7\Mic_Array_Project\Mic_Array\Projects\STM32746G\Applications\Audio\Mic_Array\EWARM\STM32F7\List\Project.map
#    Command line =  
#        H:\PhanLeSon\ActivNoise\Microphone\F7\Mic_Array_Project\Mic_Array\Projects\STM32746G\Applications\Audio\Mic_Array\EWARM\STM32F7\Obj\audio_codec.o
#        H:\PhanLeSon\ActivNoise\Microphone\F7\Mic_Array_Project\Mic_Array\Projects\STM32746G\Applications\Audio\Mic_Array\EWARM\STM32F7\Obj\audio_sample.o
#        H:\PhanLeSon\ActivNoise\Microphone\F7\Mic_Array_Project\Mic_Array\Projects\STM32746G\Applications\Audio\Mic_Array\EWARM\STM32F7\Obj\explorer.o
#        H:\PhanLeSon\ActivNoise\Microphone\F7\Mic_Array_Project\Mic_Array\Projects\STM32746G\Applications\Audio\Mic_Array\EWARM\STM32F7\Obj\ff.o
#        H:\PhanLeSon\ActivNoise\Microphone\F7\Mic_Array_Project\Mic_Array\Projects\STM32746G\Applications\Audio\Mic_Array\EWARM\STM32F7\Obj\ft5336.o
#        H:\PhanLeSon\ActivNoise\Microphone\F7\Mic_Array_Project\Mic_Array\Middlewares\ST\STM32_Audio\Addons\PDM\libPDMFilter_CM7_IAR.a
#        H:\PhanLeSon\ActivNoise\Microphone\F7\Mic_Array_Project\Mic_Array\Projects\STM32746G\Applications\Audio\Mic_Array\EWARM\STM32F7\Obj\main.o
#        H:\PhanLeSon\ActivNoise\Microphone\F7\Mic_Array_Project\Mic_Array\Projects\STM32746G\Applications\Audio\Mic_Array\EWARM\STM32F7\Obj\menu.o
#        H:\PhanLeSon\ActivNoise\Microphone\F7\Mic_Array_Project\Mic_Array\Projects\STM32746G\Applications\Audio\Mic_Array\EWARM\STM32F7\Obj\sta321mp.o
#        H:\PhanLeSon\ActivNoise\Microphone\F7\Mic_Array_Project\Mic_Array\Projects\STM32746G\Applications\Audio\Mic_Array\EWARM\STM32F7\Obj\startup_stm32f746xx.o
#        H:\PhanLeSon\ActivNoise\Microphone\F7\Mic_Array_Project\Mic_Array\Projects\STM32746G\Applications\Audio\Mic_Array\EWARM\STM32F7\Obj\stm32746g_discovery.o
#        H:\PhanLeSon\ActivNoise\Microphone\F7\Mic_Array_Project\Mic_Array\Projects\STM32746G\Applications\Audio\Mic_Array\EWARM\STM32F7\Obj\stm32746g_discovery_lcd.o
#        H:\PhanLeSon\ActivNoise\Microphone\F7\Mic_Array_Project\Mic_Array\Projects\STM32746G\Applications\Audio\Mic_Array\EWARM\STM32F7\Obj\stm32746g_discovery_sdram.o
#        H:\PhanLeSon\ActivNoise\Microphone\F7\Mic_Array_Project\Mic_Array\Projects\STM32746G\Applications\Audio\Mic_Array\EWARM\STM32F7\Obj\stm32746g_discovery_ts.o
#        H:\PhanLeSon\ActivNoise\Microphone\F7\Mic_Array_Project\Mic_Array\Projects\STM32746G\Applications\Audio\Mic_Array\EWARM\STM32F7\Obj\stm32f7xx_hal.o
#        H:\PhanLeSon\ActivNoise\Microphone\F7\Mic_Array_Project\Mic_Array\Projects\STM32746G\Applications\Audio\Mic_Array\EWARM\STM32F7\Obj\stm32f7xx_hal_cortex.o
#        H:\PhanLeSon\ActivNoise\Microphone\F7\Mic_Array_Project\Mic_Array\Projects\STM32746G\Applications\Audio\Mic_Array\EWARM\STM32F7\Obj\stm32f7xx_hal_dma.o
#        H:\PhanLeSon\ActivNoise\Microphone\F7\Mic_Array_Project\Mic_Array\Projects\STM32746G\Applications\Audio\Mic_Array\EWARM\STM32F7\Obj\stm32f7xx_hal_dma2d.o
#        H:\PhanLeSon\ActivNoise\Microphone\F7\Mic_Array_Project\Mic_Array\Projects\STM32746G\Applications\Audio\Mic_Array\EWARM\STM32F7\Obj\stm32f7xx_hal_dma_ex.o
#        H:\PhanLeSon\ActivNoise\Microphone\F7\Mic_Array_Project\Mic_Array\Projects\STM32746G\Applications\Audio\Mic_Array\EWARM\STM32F7\Obj\stm32f7xx_hal_flash.o
#        H:\PhanLeSon\ActivNoise\Microphone\F7\Mic_Array_Project\Mic_Array\Projects\STM32746G\Applications\Audio\Mic_Array\EWARM\STM32F7\Obj\stm32f7xx_hal_flash_ex.o
#        H:\PhanLeSon\ActivNoise\Microphone\F7\Mic_Array_Project\Mic_Array\Projects\STM32746G\Applications\Audio\Mic_Array\EWARM\STM32F7\Obj\stm32f7xx_hal_gpio.o
#        H:\PhanLeSon\ActivNoise\Microphone\F7\Mic_Array_Project\Mic_Array\Projects\STM32746G\Applications\Audio\Mic_Array\EWARM\STM32F7\Obj\stm32f7xx_hal_hcd.o
#        H:\PhanLeSon\ActivNoise\Microphone\F7\Mic_Array_Project\Mic_Array\Projects\STM32746G\Applications\Audio\Mic_Array\EWARM\STM32F7\Obj\stm32f7xx_hal_i2c.o
#        H:\PhanLeSon\ActivNoise\Microphone\F7\Mic_Array_Project\Mic_Array\Projects\STM32746G\Applications\Audio\Mic_Array\EWARM\STM32F7\Obj\stm32f7xx_hal_i2c_ex.o
#        H:\PhanLeSon\ActivNoise\Microphone\F7\Mic_Array_Project\Mic_Array\Projects\STM32746G\Applications\Audio\Mic_Array\EWARM\STM32F7\Obj\stm32f7xx_hal_i2s.o
#        H:\PhanLeSon\ActivNoise\Microphone\F7\Mic_Array_Project\Mic_Array\Projects\STM32746G\Applications\Audio\Mic_Array\EWARM\STM32F7\Obj\stm32f7xx_hal_ltdc.o
#        H:\PhanLeSon\ActivNoise\Microphone\F7\Mic_Array_Project\Mic_Array\Projects\STM32746G\Applications\Audio\Mic_Array\EWARM\STM32F7\Obj\stm32f7xx_hal_pwr.o
#        H:\PhanLeSon\ActivNoise\Microphone\F7\Mic_Array_Project\Mic_Array\Projects\STM32746G\Applications\Audio\Mic_Array\EWARM\STM32F7\Obj\stm32f7xx_hal_pwr_ex.o
#        H:\PhanLeSon\ActivNoise\Microphone\F7\Mic_Array_Project\Mic_Array\Projects\STM32746G\Applications\Audio\Mic_Array\EWARM\STM32F7\Obj\stm32f7xx_hal_rcc.o
#        H:\PhanLeSon\ActivNoise\Microphone\F7\Mic_Array_Project\Mic_Array\Projects\STM32746G\Applications\Audio\Mic_Array\EWARM\STM32F7\Obj\stm32f7xx_hal_rcc_ex.o
#        H:\PhanLeSon\ActivNoise\Microphone\F7\Mic_Array_Project\Mic_Array\Projects\STM32746G\Applications\Audio\Mic_Array\EWARM\STM32F7\Obj\stm32f7xx_hal_sai.o
#        H:\PhanLeSon\ActivNoise\Microphone\F7\Mic_Array_Project\Mic_Array\Projects\STM32746G\Applications\Audio\Mic_Array\EWARM\STM32F7\Obj\stm32f7xx_hal_sai_ex.o
#        H:\PhanLeSon\ActivNoise\Microphone\F7\Mic_Array_Project\Mic_Array\Projects\STM32746G\Applications\Audio\Mic_Array\EWARM\STM32F7\Obj\stm32f7xx_hal_sdram.o
#        H:\PhanLeSon\ActivNoise\Microphone\F7\Mic_Array_Project\Mic_Array\Projects\STM32746G\Applications\Audio\Mic_Array\EWARM\STM32F7\Obj\stm32f7xx_hal_spi.o
#        H:\PhanLeSon\ActivNoise\Microphone\F7\Mic_Array_Project\Mic_Array\Projects\STM32746G\Applications\Audio\Mic_Array\EWARM\STM32F7\Obj\stm32f7xx_hal_sram.o
#        H:\PhanLeSon\ActivNoise\Microphone\F7\Mic_Array_Project\Mic_Array\Projects\STM32746G\Applications\Audio\Mic_Array\EWARM\STM32F7\Obj\stm32f7xx_hal_tim.o
#        H:\PhanLeSon\ActivNoise\Microphone\F7\Mic_Array_Project\Mic_Array\Projects\STM32746G\Applications\Audio\Mic_Array\EWARM\STM32F7\Obj\stm32f7xx_hal_tim_ex.o
#        H:\PhanLeSon\ActivNoise\Microphone\F7\Mic_Array_Project\Mic_Array\Projects\STM32746G\Applications\Audio\Mic_Array\EWARM\STM32F7\Obj\stm32f7xx_hal_uart.o
#        H:\PhanLeSon\ActivNoise\Microphone\F7\Mic_Array_Project\Mic_Array\Projects\STM32746G\Applications\Audio\Mic_Array\EWARM\STM32F7\Obj\stm32f7xx_it.o
#        H:\PhanLeSon\ActivNoise\Microphone\F7\Mic_Array_Project\Mic_Array\Projects\STM32746G\Applications\Audio\Mic_Array\EWARM\STM32F7\Obj\stm32f7xx_ll_fmc.o
#        H:\PhanLeSon\ActivNoise\Microphone\F7\Mic_Array_Project\Mic_Array\Projects\STM32746G\Applications\Audio\Mic_Array\EWARM\STM32F7\Obj\stm32f7xx_ll_usb.o
#        H:\PhanLeSon\ActivNoise\Microphone\F7\Mic_Array_Project\Mic_Array\Projects\STM32746G\Applications\Audio\Mic_Array\EWARM\STM32F7\Obj\system_stm32f7xx.o
#        H:\PhanLeSon\ActivNoise\Microphone\F7\Mic_Array_Project\Mic_Array\Projects\STM32746G\Applications\Audio\Mic_Array\EWARM\STM32F7\Obj\usbh_conf.o
#        H:\PhanLeSon\ActivNoise\Microphone\F7\Mic_Array_Project\Mic_Array\Projects\STM32746G\Applications\Audio\Mic_Array\EWARM\STM32F7\Obj\usbh_core.o
#        H:\PhanLeSon\ActivNoise\Microphone\F7\Mic_Array_Project\Mic_Array\Projects\STM32746G\Applications\Audio\Mic_Array\EWARM\STM32F7\Obj\usbh_ctlreq.o
#        H:\PhanLeSon\ActivNoise\Microphone\F7\Mic_Array_Project\Mic_Array\Projects\STM32746G\Applications\Audio\Mic_Array\EWARM\STM32F7\Obj\usbh_diskio.o
#        H:\PhanLeSon\ActivNoise\Microphone\F7\Mic_Array_Project\Mic_Array\Projects\STM32746G\Applications\Audio\Mic_Array\EWARM\STM32F7\Obj\usbh_ioreq.o
#        H:\PhanLeSon\ActivNoise\Microphone\F7\Mic_Array_Project\Mic_Array\Projects\STM32746G\Applications\Audio\Mic_Array\EWARM\STM32F7\Obj\usbh_msc.o
#        H:\PhanLeSon\ActivNoise\Microphone\F7\Mic_Array_Project\Mic_Array\Projects\STM32746G\Applications\Audio\Mic_Array\EWARM\STM32F7\Obj\usbh_msc_bot.o
#        H:\PhanLeSon\ActivNoise\Microphone\F7\Mic_Array_Project\Mic_Array\Projects\STM32746G\Applications\Audio\Mic_Array\EWARM\STM32F7\Obj\usbh_msc_scsi.o
#        H:\PhanLeSon\ActivNoise\Microphone\F7\Mic_Array_Project\Mic_Array\Projects\STM32746G\Applications\Audio\Mic_Array\EWARM\STM32F7\Obj\usbh_pipes.o
#        "H:\PhanLeSon\ActivNoise\Microphone\F7\Mic_Array_Project\Mic_Array\Projects\STM32746G\Applications\Audio\Mic_Array\EWARM\STM32F7\Obj\waveplayer
#        _CS43L22.o" --redirect _Printf=_PrintfSmall --redirect
#        _Scanf=_ScanfSmall -o
#        H:\PhanLeSon\ActivNoise\Microphone\F7\Mic_Array_Project\Mic_Array\Projects\STM32746G\Applications\Audio\Mic_Array\EWARM\STM32F7\Exe\Project.out
#        --map
#        H:\PhanLeSon\ActivNoise\Microphone\F7\Mic_Array_Project\Mic_Array\Projects\STM32746G\Applications\Audio\Mic_Array\EWARM\STM32F7\List\Project.map
#        --config "D:\Program Files (x86)\IAR Systems\Embedded Workbench
#        7.3\arm\config\linker\ST\stm32f746xG.icf" --semihosting --entry
#        __iar_program_start --inline --no_exceptions "D:\Program Files
#        (x86)\IAR Systems\Embedded Workbench
#        7.3\arm\CMSIS\Lib\IAR\iar_cortexM7ls_math.a" --vfe
#
###############################################################################

*******************************************************************************
*** RUNTIME MODEL ATTRIBUTES
***

CppFlavor                     = *
__Heap_Handler                = DLMalloc
__SystemLibrary               = DLib
__dlib_dynamic_initialization = normal


*******************************************************************************
*** PLACEMENT SUMMARY
***

"A1":  place at 0x08000000 { ro section .intvec };
"P1":  place in [from 0x00000000 to 0x00000000] |
                [from 0x08000000 to 0x080fffff] { ro };
"P3":  place in [from 0x20000000 to 0x2000ffff] |
                [from 0x20010000 to 0x2004ffff] { rw, block CSTACK, block HEAP };

  Section             Kind        Address     Size  Object
  -------             ----        -------     ----  ------
"A1":                                        0x1c8
  .intvec             ro code  0x08000000    0x1c8  startup_stm32f746xx.o [1]
                             - 0x080001c8    0x1c8

"P1":                                      0xfb834
  .rodata             const    0x080001c8  0xf4f78  audio_sample.o [1]
  .text               ro code  0x080f5140   0x14f0  dlmalloc.o [3]
  .text               ro code  0x080f6630      0x6  abort.o [3]
  .text               ro code  0x080f6638     0x2c  xgetmemchunk.o [3]
  .text               ro code  0x080f6664     0x14  exit.o [6]
  .text               ro code  0x080f6678     0x6c  iarttio.o [6]
  .text               ro code  0x080f66e4      0x8  XShttio.o [3]
  .text               ro code  0x080f66ec    0xf58  stm32f7xx_hal_dma.o [1]
  .text               ro code  0x080f7644    0x824  stm32f7xx_hal_i2c.o [1]
  .text               ro code  0x080f7e68    0x510  main.o [1]
  .text               ro code  0x080f8378     0x5c  stm32f7xx_hal.o [1]
  .text               ro code  0x080f83d4     0xc4  stm32746g_discovery.o [1]
  .text               ro code  0x080f8498     0x24  waveplayer _CS43L22.o [1]
  .text               ro code  0x080f84bc    0x20c  stm32f7xx_hal_gpio.o [1]
  .text               ro code  0x080f86c8     0xe4  stm32f7xx_hal_cortex.o [1]
  .text               ro code  0x080f87ac    0x528  stm32f7xx_hal_rcc.o [1]
  .text               ro code  0x080f8cd4     0x74  stm32f7xx_hal_pwr_ex.o [1]
  .text               ro code  0x080f8d48    0x464  stm32f7xx_hal_rcc_ex.o [1]
  .text               ro code  0x080f91ac     0x6e  stm32f7xx_hal_i2c_ex.o [1]
  .text               ro code  0x080f921c     0xb8  stm32f7xx_hal_spi.o [1]
  .text               ro code  0x080f92d4    0x5d4  audio_codec.o [1]
  .text               ro code  0x080f98a8    0x21c  stm32f7xx_hal_i2s.o [1]
  .text               ro code  0x080f9ac4    0x7c4  xprintfsmall.o [3]
  .text               ro code  0x080fa288     0x20  xmbtowc.o [3]
  .text               ro code  0x080fa2a8     0x16  strchr.o [5]
  .text               ro code  0x080fa2c0     0x36  strlen.o [5]
  .text               ro code  0x080fa2f8     0x58  memchr.o [5]
  .text               ro code  0x080fa350      0xa  xmbcurmax.o [3]
  .text               ro code  0x080fa35a     0x1a  xwctomb.o [3]
  .text               ro code  0x080fa374     0x76  ABImemcpy_unaligned.o [5]
  .text               ro code  0x080fa3ec     0x14  setlocale.o [3]
  .text               ro code  0x080fa400     0x60  xencoding_sb.o [3]
  .text               ro code  0x080fa460    0x57a  stm32f7xx_hal_hcd.o [1]
  .text               ro code  0x080fa9dc    0x1c6  stm32f7xx_ll_usb.o [1]
  .text               ro code  0x080faba4     0x34  usbh_conf.o [1]
  .text               ro code  0x080fabd8     0xac  usbh_core.o [1]
  .text               ro code  0x080fac84     0x24  printf.o [3]
  .text               ro code  0x080faca8     0x18  usbh_pipes.o [1]
  .text               ro code  0x080facc0    0x2ac  stm32f7xx_hal_uart.o [1]
  .text               ro code  0x080faf6c     0xe0  XShHandles.o [3]
  .text               ro code  0x080fb04c     0xd8  packbits_init.o [5]
  .text               ro code  0x080fb124     0xd6  xfspos.o [3]
  .text               ro code  0x080fb1fc     0xb0  fflush.o [3]
  .text               ro code  0x080fb2ac      0xa  xfgpos.o [3]
  .text               ro code  0x080fb2b6     0x4c  lseek.o [6]
  .text               ro code  0x080fb304      0xc  errno.o [3]
  .text               ro code  0x080fb310     0x10  write.o [6]
  .text               ro code  0x080fb320      0x2  xtls.o [3]
  .text               ro code  0x080fb322     0x1e  dwrite.o [6]
  .text               ro code  0x080fb340     0x20  iarwstd.o [6]
  .text               ro code  0x080fb360     0x22  iarwrite.o [6]
  .text               ro code  0x080fb382     0xb6  xfwprep.o [3]
  .text               ro code  0x080fb438     0x22  fseek.o [3]
  .text               ro code  0x080fb45c     0x7c  xfofind.o [3]
  .text               ro code  0x080fb4d8     0x7a  fclose.o [3]
  .text               ro code  0x080fb552     0x1a  close.o [6]
  .text               ro code  0x080fb56c     0x16  remove.o [6]
  .text               ro code  0x080fb584     0x58  stm32f7xx_it.o [1]
  .text               ro code  0x080fb5dc     0x58  xcloseall.o [3]
  .text               ro code  0x080fb634     0x56  fputc.o [3]
  .text               ro code  0x080fb68c     0x50  system_stm32f7xx.o [1]
  .text               ro code  0x080fb6dc     0x40  zero_init3.o [5]
  .text               ro code  0x080fb71c     0x28  data_init.o [5]
  .text               ro code  0x080fb744     0x22  fpinit_M.o [4]
  .iar.init_table     const    0x080fb768     0x2c  - Linker created -
  .text               ro code  0x080fb794     0x1a  cmain.o [5]
  .text               ro code  0x080fb7ae      0x4  exit.o [3]
  .text               ro code  0x080fb7b4      0xe  cexit.o [5]
  .text               ro code  0x080fb7c2     0x16  xprout.o [3]
  .text               ro code  0x080fb7d8      0xc  putchar.o [3]
  .text               ro code  0x080fb7e4     0x10  startup_stm32f746xx.o [1]
  .text               ro code  0x080fb7f4      0xc  cstartup_M.o [5]
  .text               ro code  0x080fb800      0x4  startup_stm32f746xx.o [1]
  .text               ro code  0x080fb804      0x4  startup_stm32f746xx.o [1]
  .text               ro code  0x080fb808      0x4  startup_stm32f746xx.o [1]
  .text               ro code  0x080fb80c      0x4  startup_stm32f746xx.o [1]
  .text               ro code  0x080fb810      0x4  startup_stm32f746xx.o [1]
  .text               ro code  0x080fb814      0x4  startup_stm32f746xx.o [1]
  .text               ro code  0x080fb818      0x4  startup_stm32f746xx.o [1]
  .text               ro code  0x080fb81c      0x4  startup_stm32f746xx.o [1]
  .text               ro code  0x080fb820      0x4  startup_stm32f746xx.o [1]
  .text               ro code  0x080fb824      0x4  startup_stm32f746xx.o [1]
  .text               ro code  0x080fb828      0x4  startup_stm32f746xx.o [1]
  .text               ro code  0x080fb82c      0x4  startup_stm32f746xx.o [1]
  .text               ro code  0x080fb830      0x4  startup_stm32f746xx.o [1]
  .text               ro code  0x080fb834      0x4  startup_stm32f746xx.o [1]
  .text               ro code  0x080fb838      0x4  startup_stm32f746xx.o [1]
  .text               ro code  0x080fb83c      0x4  startup_stm32f746xx.o [1]
  .text               ro code  0x080fb840      0x4  startup_stm32f746xx.o [1]
  .text               ro code  0x080fb844      0x4  startup_stm32f746xx.o [1]
  .text               ro code  0x080fb848      0x4  startup_stm32f746xx.o [1]
  .text               ro code  0x080fb84c      0x4  startup_stm32f746xx.o [1]
  .text               ro code  0x080fb850      0x4  startup_stm32f746xx.o [1]
  .text               ro code  0x080fb854      0x4  startup_stm32f746xx.o [1]
  .text               ro code  0x080fb858      0x4  startup_stm32f746xx.o [1]
  .text               ro code  0x080fb85c      0x4  startup_stm32f746xx.o [1]
  .text               ro code  0x080fb860      0x4  startup_stm32f746xx.o [1]
  .text               ro code  0x080fb864      0x4  startup_stm32f746xx.o [1]
  .text               ro code  0x080fb868      0x4  startup_stm32f746xx.o [1]
  .text               ro code  0x080fb86c      0x4  startup_stm32f746xx.o [1]
  .text               ro code  0x080fb870      0x4  startup_stm32f746xx.o [1]
  .text               ro code  0x080fb874      0x4  startup_stm32f746xx.o [1]
  .text               ro code  0x080fb878      0x4  startup_stm32f746xx.o [1]
  .text               ro code  0x080fb87c      0x4  startup_stm32f746xx.o [1]
  .text               ro code  0x080fb880      0x4  startup_stm32f746xx.o [1]
  .text               ro code  0x080fb884      0x4  startup_stm32f746xx.o [1]
  .text               ro code  0x080fb888      0x4  startup_stm32f746xx.o [1]
  .text               ro code  0x080fb88c      0x4  startup_stm32f746xx.o [1]
  .text               ro code  0x080fb890      0x4  startup_stm32f746xx.o [1]
  .text               ro code  0x080fb894      0x4  startup_stm32f746xx.o [1]
  .text               ro code  0x080fb898      0x4  startup_stm32f746xx.o [1]
  .text               ro code  0x080fb89c      0x4  startup_stm32f746xx.o [1]
  .text               ro code  0x080fb8a0      0x4  startup_stm32f746xx.o [1]
  .text               ro code  0x080fb8a4      0x4  startup_stm32f746xx.o [1]
  .text               ro code  0x080fb8a8      0x4  startup_stm32f746xx.o [1]
  .text               ro code  0x080fb8ac      0x4  startup_stm32f746xx.o [1]
  .text               ro code  0x080fb8b0      0x4  startup_stm32f746xx.o [1]
  .text               ro code  0x080fb8b4      0x4  startup_stm32f746xx.o [1]
  .text               ro code  0x080fb8b8      0x4  startup_stm32f746xx.o [1]
  .text               ro code  0x080fb8bc      0x4  startup_stm32f746xx.o [1]
  .text               ro code  0x080fb8c0      0x4  startup_stm32f746xx.o [1]
  .text               ro code  0x080fb8c4      0x4  startup_stm32f746xx.o [1]
  .text               ro code  0x080fb8c8      0x4  startup_stm32f746xx.o [1]
  .text               ro code  0x080fb8cc      0x4  startup_stm32f746xx.o [1]
  .text               ro code  0x080fb8d0      0x4  startup_stm32f746xx.o [1]
  .text               ro code  0x080fb8d4      0x4  startup_stm32f746xx.o [1]
  .text               ro code  0x080fb8d8      0x4  startup_stm32f746xx.o [1]
  .text               ro code  0x080fb8dc      0x4  startup_stm32f746xx.o [1]
  .text               ro code  0x080fb8e0      0x4  startup_stm32f746xx.o [1]
  .text               ro code  0x080fb8e4      0x4  startup_stm32f746xx.o [1]
  .text               ro code  0x080fb8e8      0x4  startup_stm32f746xx.o [1]
  .text               ro code  0x080fb8ec      0x4  startup_stm32f746xx.o [1]
  .text               ro code  0x080fb8f0      0x4  startup_stm32f746xx.o [1]
  .text               ro code  0x080fb8f4      0x4  startup_stm32f746xx.o [1]
  .text               ro code  0x080fb8f8      0x4  startup_stm32f746xx.o [1]
  .text               ro code  0x080fb8fc      0x4  startup_stm32f746xx.o [1]
  .text               ro code  0x080fb900      0x4  startup_stm32f746xx.o [1]
  .text               ro code  0x080fb904      0x4  startup_stm32f746xx.o [1]
  .text               ro code  0x080fb908      0x4  startup_stm32f746xx.o [1]
  .text               ro code  0x080fb90c      0x4  startup_stm32f746xx.o [1]
  .text               ro code  0x080fb910      0x4  startup_stm32f746xx.o [1]
  .text               ro code  0x080fb914      0x4  startup_stm32f746xx.o [1]
  .text               ro code  0x080fb918      0x4  startup_stm32f746xx.o [1]
  .text               ro code  0x080fb91c      0x4  startup_stm32f746xx.o [1]
  .text               ro code  0x080fb920      0x4  startup_stm32f746xx.o [1]
  .text               ro code  0x080fb924      0x4  startup_stm32f746xx.o [1]
  .text               ro code  0x080fb928      0x4  startup_stm32f746xx.o [1]
  .text               ro code  0x080fb92c      0x4  startup_stm32f746xx.o [1]
  .text               ro code  0x080fb930      0x4  startup_stm32f746xx.o [1]
  .text               ro code  0x080fb934      0x4  startup_stm32f746xx.o [1]
  .text               ro code  0x080fb938      0x4  startup_stm32f746xx.o [1]
  .text               ro code  0x080fb93c      0x4  startup_stm32f746xx.o [1]
  .text               ro code  0x080fb940      0x4  startup_stm32f746xx.o [1]
  .text               ro code  0x080fb944      0x4  startup_stm32f746xx.o [1]
  .text               ro code  0x080fb948      0x4  startup_stm32f746xx.o [1]
  .text               ro code  0x080fb94c      0x4  startup_stm32f746xx.o [1]
  .text               ro code  0x080fb950      0x4  startup_stm32f746xx.o [1]
  .text               ro code  0x080fb954      0x4  startup_stm32f746xx.o [1]
  .text               ro code  0x080fb958      0x4  startup_stm32f746xx.o [1]
  .text               ro code  0x080fb95c      0x4  startup_stm32f746xx.o [1]
  .text               ro code  0x080fb960      0x4  startup_stm32f746xx.o [1]
  .text               ro code  0x080fb964      0x0  cstart_closeall.o [5]
  .rodata             const    0x080fb964      0x0  zero_init3.o [5]
  .rodata             const    0x080fb964      0x0  packbits_init.o [5]
  Initializer bytes   const    0x080fb964     0x98  <for P3 s0>
                             - 0x080fb9fc  0xfb834

"P3", part 1 of 3:                           0x1d1
  P3 s0                        0x20010000    0x1d1  <Init block>
    __DLIB_PERTHREAD  inited   0x20010000     0x74  setlocale.o [3]
    .data             inited   0x20010074     0x5c  audio_codec.o [1]
    .data             inited   0x200100d0     0x40  xfiles.o [3]
    .data             inited   0x20010110     0x40  xfiles.o [3]
    .data             inited   0x20010150     0x40  xfiles.o [3]
    .data             inited   0x20010190     0x20  xfiles.o [3]
    .data             inited   0x200101b0     0x14  system_stm32f7xx.o [1]
    .data             inited   0x200101c4      0x8  XShttio.o [3]
    __DLIB_PERTHREAD  inited   0x200101cc      0x4  errno.o [3]
    .data             inited   0x200101d0      0x1  waveplayer _CS43L22.o [1]
                             - 0x200101d1    0x1d1

"P3", part 2 of 3:                          0xdfa0
  .bss                zero     0x200101d4   0xd83c  main.o [1]
  .bss                zero     0x2001da10    0x294  usbh_conf.o [1]
  .bss                zero     0x2001dca4    0x1d8  dlmalloc.o [3]
  .bss                zero     0x2001de7c     0x80  XShHandles.o [3]
  .bss                zero     0x2001defc     0x7c  audio_codec.o [1]
  .bss                zero     0x2001df78     0x70  main.o [1]
  .bss                zero     0x2001dfe8     0x64  main.o [1]
  .bss                zero     0x2001e04c     0x50  xfiles.o [3]
  .bss                zero     0x2001e09c     0x50  xfiles.o [3]
  .bss                zero     0x2001e0ec     0x44  audio_codec.o [1]
  .bss                zero     0x2001e130     0x18  main.o [1]
  .bss                zero     0x2001e148     0x18  dlmalloc.o [3]
  .bss                zero     0x2001e160      0x4  main.o [1]
  .bss                zero     0x2001e164      0x4  stm32f7xx_hal.o [1]
  .bss                zero     0x2001e168      0x4  stm32f7xx_it.o [1]
  .bss                zero     0x2001e16c      0x4  xgetmemchunk.o [3]
  .bss                zero     0x2001e170      0x2  main.o [1]
                             - 0x2001e172   0xdf9e

"P3", part 3 of 3:                          0x4000
  CSTACK                       0x2001e178   0x2000  <Block>
    CSTACK            uninit   0x2001e178   0x2000  <Block tail>
  HEAP                         0x20020178   0x2000  <Block>
    HEAP              uninit   0x20020178   0x2000  <Block tail>
                             - 0x20022178   0x4000


*******************************************************************************
*** INIT TABLE
***

          Address     Size
          -------     ----
Zero (__iar_zero_init3)
    1 destination range, total size 0xdf9e:
          0x200101d4  0xdf9e

Copy/packbits (__iar_packbits_init3)
    1 source range, total size 0x98 (32% of destination):
          0x080fb964    0x98
    1 destination range, total size 0x1d1:
          0x20010000   0x1d1



*******************************************************************************
*** MODULE SUMMARY
***

    Module                  ro code    ro data  rw data
    ------                  -------    -------  -------
H:\PhanLeSon\ActivNoise\Microphone\F7\Mic_Array_Project\Mic_Array\Projects\STM32746G\Applications\Audio\Mic_Array\EWARM\STM32F7\Obj: [1]
    audio_codec.o             1 492         30      284
    audio_sample.o                   1 003 384
    main.o                    1 296              55 598
    startup_stm32f746xx.o       828
    stm32746g_discovery.o       196
    stm32f7xx_hal.o              92                   4
    stm32f7xx_hal_cortex.o      228
    stm32f7xx_hal_dma.o       3 928
    stm32f7xx_hal_gpio.o        524
    stm32f7xx_hal_hcd.o       1 402
    stm32f7xx_hal_i2c.o       2 084
    stm32f7xx_hal_i2c_ex.o      110
    stm32f7xx_hal_i2s.o         540
    stm32f7xx_hal_pwr_ex.o      116
    stm32f7xx_hal_rcc.o       1 320
    stm32f7xx_hal_rcc_ex.o    1 124
    stm32f7xx_hal_spi.o         184
    stm32f7xx_hal_uart.o        684
    stm32f7xx_it.o               88                   4
    stm32f7xx_ll_usb.o          454
    system_stm32f7xx.o           80          6       20
    usbh_conf.o                  52                 660
    usbh_core.o                 172
    usbh_pipes.o                 24
    waveplayer _CS43L22.o        36          1        1
    ---------------------------------------------------
    Total:                   17 054  1 003 421   56 571

command line: [2]
    ---------------------------------------------------
    Total:

dl7M_tlf.a: [3]
    XShHandles.o                224                 128
    XShttio.o                     8          3        8
    abort.o                       6
    dlmalloc.o                5 360                 496
    errno.o                      12          1        4
    exit.o                        4
    fclose.o                    122
    fflush.o                    176
    fputc.o                      86
    fseek.o                      34
    printf.o                     36
    putchar.o                    12
    setlocale.o                  20         37      116
    xcloseall.o                  88
    xencoding_sb.o               96
    xfgpos.o                     10
    xfiles.o                                74      384
    xfofind.o                   124
    xfspos.o                    214
    xfwprep.o                   182
    xgetmemchunk.o               44                   4
    xmbcurmax.o                  10
    xmbtowc.o                    32
    xprintfsmall.o            1 988
    xprout.o                     22
    xtls.o                        2
    xwctomb.o                    26
    ---------------------------------------------------
    Total:                    8 938        115    1 140

m7M_tls.a: [4]
    fpinit_M.o                   34
    ---------------------------------------------------
    Total:                       34

rt7M_tl.a: [5]
    ABImemcpy_unaligned.o       118
    cexit.o                      14
    cmain.o                      26
    cstart_closeall.o
    cstartup_M.o                 12
    data_init.o                  40
    memchr.o                     88
    packbits_init.o             216
    strchr.o                     22
    strlen.o                     54
    zero_init3.o                 64
    ---------------------------------------------------
    Total:                      654

shb_l.a: [6]
    close.o                      26
    dwrite.o                     30
    exit.o                       20
    iarttio.o                   108
    iarwrite.o                   34
    iarwstd.o                    32
    lseek.o                      76
    remove.o                     22
    write.o                      16
    ---------------------------------------------------
    Total:                      364

    Gaps                         26          2
    Linker created                          44   16 384
-------------------------------------------------------
    Grand Total:             27 070  1 003 582   74 095


*******************************************************************************
*** ENTRY LIST
***

Entry                      Address     Size  Type      Object
-----                      -------     ----  ----      ------
.iar.init_table$$Base   0x080fb768            --   Gb  - Linker created -
.iar.init_table$$Limit  0x080fb794            --   Gb  - Linker created -
?main                   0x080fb795           Code  Gb  cmain.o [5]
AHBPrescTable           0x200101b0     0x10  Data  Gb  system_stm32f7xx.o [1]
APBAHBPrescTable        0x080f8cc4     0x10  Data  Gb  stm32f7xx_hal_rcc.o [1]
AUDIO_Init              0x080f92d5     0x1c  Code  Gb  audio_codec.o [1]
AUDIO_Play              0x080f92f1     0x46  Code  Gb  audio_codec.o [1]
AUDIO_SAMPLE            0x080001c8  0xf4f78  Data  Gb  audio_sample.o [1]
AUDIO_TransferComplete_CallBack
                        0x080f84b7      0x2  Code  Gb  waveplayer _CS43L22.o [1]
AudioFlashPlay          0x080f84ab      0xc  Code  Gb  waveplayer _CS43L22.o [1]
AudioRemSize            0x200100c8      0x4  Data  Gb  audio_codec.o [1]
AudioTotalSize          0x200100c4      0x4  Data  Gb  audio_codec.o [1]
Audio_MAL_IRQHandler    0x080f9337     0xe0  Code  Lc  audio_codec.o [1]
Audio_MAL_Play          0x080f964d      0xa  Code  Gb  audio_codec.o [1]
BSP_LED_Init            0x080f83d5     0x7e  Code  Gb  stm32746g_discovery.o [1]
BSP_LED_Toggle          0x080f845b     0x2c  Code  Gb  stm32746g_discovery.o [1]
Buffer1                 0x200101d4   0x4810  Data  Gb  main.o [1]
Buffer2                 0x200149e4   0x4810  Data  Gb  main.o [1]
Buffer3                 0x20019200   0x4810  Data  Gb  main.o [1]
BusFault_Handler        0x080fb58b      0x2  Code  Gb  stm32f7xx_it.o [1]
CSTACK$$Base            0x2001e178            --   Gb  - Linker created -
CSTACK$$Limit           0x20020178            --   Gb  - Linker created -
Codec_Init              0x080f943f    0x112  Code  Lc  audio_codec.o [1]
Codec_Reset             0x080f9573     0x26  Code  Lc  audio_codec.o [1]
Codec_VolumeCtrl        0x080f9557     0x1c  Code  Lc  audio_codec.o [1]
Codec_WriteRegister     0x080f9599     0x96  Code  Lc  audio_codec.o [1]
CurrentPos              0x200100cc      0x4  Data  Gb  audio_codec.o [1]
DMA1_Stream0_IRQHandler
                        0x080f9421      0x2  Code  Gb  audio_codec.o [1]
DMA1_Stream7_IRQHandler
                        0x080f9417      0xa  Code  Gb  audio_codec.o [1]
DMA_SetConfig           0x080f66ed     0x1e  Code  Lc  stm32f7xx_hal_dma.o [1]
DebugMon_Handler        0x080fb591      0x2  Code  Gb  stm32f7xx_it.o [1]
Delay                   0x080f9639     0x14  Code  Lc  audio_codec.o [1]
DmaHandle               0x20010074     0x50  Data  Gb  audio_codec.o [1]
EXTI4_IRQHandler        0x080f82df     0x2e  Code  Gb  main.o [1]
GPIO_INS                0x2001e134     0x14  Data  Gb  main.o [1]
GPIO_PIN                0x080f8490      0x8  Data  Gb  stm32746g_discovery.o [1]
HAL_DMA_DeInit          0x080f6777    0x402  Code  Gb  stm32f7xx_hal_dma.o [1]
HAL_DMA_IRQHandler      0x080f6c3d    0x9bc  Code  Gb  stm32f7xx_hal_dma.o [1]
HAL_DMA_Init            0x080f670b     0x6c  Code  Gb  stm32f7xx_hal_dma.o [1]
HAL_DMA_Start_IT        0x080f6b9d     0x42  Code  Gb  stm32f7xx_hal_dma.o [1]
HAL_GPIO_Init           0x080f84bd    0x1c6  Code  Gb  stm32f7xx_hal_gpio.o [1]
HAL_GPIO_TogglePin      0x080f868b      0x8  Code  Gb  stm32f7xx_hal_gpio.o [1]
HAL_GPIO_WritePin       0x080f8683      0x8  Code  Gb  stm32f7xx_hal_gpio.o [1]
HAL_GetTick             0x080f83c7      0x6  Code  Wk  stm32f7xx_hal.o [1]
HAL_HCD_Connect_Callback
                        0x080fabad      0x8  Code  Gb  usbh_conf.o [1]
HAL_HCD_Disconnect_Callback
                        0x080fabb5      0x8  Code  Gb  usbh_conf.o [1]
HAL_HCD_IRQHandler      0x080fa461    0x10e  Code  Gb  stm32f7xx_hal_hcd.o [1]
HAL_HCD_SOF_Callback    0x080faba5      0x8  Code  Gb  usbh_conf.o [1]
HAL_HCD_Start           0x080fa575     0x20  Code  Gb  stm32f7xx_hal_hcd.o [1]
HAL_HCD_Stop            0x080fa5a7     0x1a  Code  Gb  stm32f7xx_hal_hcd.o [1]
HAL_I2CEx_ConfigAnalogFilter
                        0x080f91ad     0x40  Code  Gb  stm32f7xx_hal_i2c_ex.o [1]
HAL_I2C_EV_IRQHandler   0x080f78eb     0xfe  Code  Gb  stm32f7xx_hal_i2c.o [1]
HAL_I2C_Init            0x080f7645     0x9c  Code  Gb  stm32f7xx_hal_i2c.o [1]
HAL_I2C_Master_Receive  0x080f77ab     0xb0  Code  Gb  stm32f7xx_hal_i2c.o [1]
HAL_I2C_Master_Transmit
                        0x080f76e1     0xae  Code  Gb  stm32f7xx_hal_i2c.o [1]
HAL_I2C_MspInit         0x080f8065     0x7c  Code  Gb  main.o [1]
HAL_I2S_Init            0x080f98a9     0xf6  Code  Gb  stm32f7xx_hal_i2s.o [1]
HAL_I2S_MspInit         0x080f9657    0x19c  Code  Gb  audio_codec.o [1]
HAL_I2S_Transmit_DMA    0x080f99c3     0x92  Code  Gb  stm32f7xx_hal_i2s.o [1]
HAL_IncTick             0x080f83bd      0xa  Code  Wk  stm32f7xx_hal.o [1]
HAL_Init                0x080f8379     0x20  Code  Gb  stm32f7xx_hal.o [1]
HAL_InitTick            0x080f8399     0x24  Code  Wk  stm32f7xx_hal.o [1]
HAL_NVIC_DisableIRQ     0x080f8743      0xa  Code  Gb  stm32f7xx_hal_cortex.o [1]
HAL_NVIC_EnableIRQ      0x080f8737      0xc  Code  Gb  stm32f7xx_hal_cortex.o [1]
HAL_NVIC_SetPriority    0x080f86fd     0x3a  Code  Gb  stm32f7xx_hal_cortex.o [1]
HAL_NVIC_SetPriorityGrouping
                        0x080f86e3     0x1a  Code  Gb  stm32f7xx_hal_cortex.o [1]
HAL_PWREx_EnableOverDrive
                        0x080f8cd5     0x4a  Code  Gb  stm32f7xx_hal_pwr_ex.o [1]
HAL_RCCEx_PeriphCLKConfig
                        0x080f8d49    0x42c  Code  Gb  stm32f7xx_hal_rcc_ex.o [1]
HAL_RCC_ClockConfig     0x080f8ac3    0x142  Code  Gb  stm32f7xx_hal_rcc.o [1]
HAL_RCC_GetHCLKFreq     0x080f8c85     0x1e  Code  Gb  stm32f7xx_hal_rcc.o [1]
HAL_RCC_GetSysClockFreq
                        0x080f8c3f     0x46  Code  Gb  stm32f7xx_hal_rcc.o [1]
HAL_RCC_OscConfig       0x080f87ad    0x2f8  Code  Gb  stm32f7xx_hal_rcc.o [1]
HAL_SPI_Init            0x080f921d     0xac  Code  Gb  stm32f7xx_hal_spi.o [1]
HAL_SPI_MspInit         0x080f80f5     0xb0  Code  Gb  main.o [1]
HAL_SYSTICK_CLKSourceConfig
                        0x080f877d     0x14  Code  Gb  stm32f7xx_hal_cortex.o [1]
HAL_SYSTICK_Config      0x080f8755     0x28  Code  Gb  stm32f7xx_hal_cortex.o [1]
HAL_UART_IRQHandler     0x080facc1     0xfa  Code  Gb  stm32f7xx_hal_uart.o [1]
HCD_HC_IN_IRQHandler    0x080fa5c1    0x17c  Code  Lc  stm32f7xx_hal_hcd.o [1]
HCD_HC_OUT_IRQHandler   0x080fa75f    0x14c  Code  Lc  stm32f7xx_hal_hcd.o [1]
HCD_Port_IRQHandler     0x080fa929     0xb2  Code  Lc  stm32f7xx_hal_hcd.o [1]
HCD_RXQLVL_IRQHandler   0x080fa8bd     0x66  Code  Lc  stm32f7xx_hal_hcd.o [1]
HEAP$$Base              0x20020178            --   Gb  - Linker created -
HEAP$$Limit             0x20022178            --   Gb  - Linker created -
HardFault_Handler       0x080fb587      0x2  Code  Gb  stm32f7xx_it.o [1]
I2C1_EV_IRQHandler      0x080fb5bb      0x6  Code  Gb  stm32f7xx_it.o [1]
I2C_IsAcknowledgeFailed
                        0x080f7dbf     0x72  Code  Lc  stm32f7xx_hal_i2c.o [1]
I2C_MasterReceive_ISR   0x080f7a89     0x9e  Code  Lc  stm32f7xx_hal_i2c.o [1]
I2C_MasterTransmit_ISR  0x080f79e9     0xa0  Code  Lc  stm32f7xx_hal_i2c.o [1]
I2C_SlaveReceive_ISR    0x080f7c2f     0x6a  Code  Lc  stm32f7xx_hal_i2c.o [1]
I2C_SlaveTransmit_ISR   0x080f7bb7     0x78  Code  Lc  stm32f7xx_hal_i2c.o [1]
I2C_TransferConfig      0x080f7e43     0x1e  Code  Lc  stm32f7xx_hal_i2c.o [1]
I2C_WaitOnFlagUntilTimeout
                        0x080f7cc7     0x5a  Code  Lc  stm32f7xx_hal_i2c.o [1]
I2C_WaitOnSTOPFlagUntilTimeout
                        0x080f7d69     0x30  Code  Lc  stm32f7xx_hal_i2c.o [1]
I2C_WaitOnTXISFlagUntilTimeout
                        0x080f7d33     0x36  Code  Lc  stm32f7xx_hal_i2c.o [1]
I2S_DMAError            0x080f9a9d     0x28  Code  Lc  stm32f7xx_hal_i2s.o [1]
I2S_DMATxCplt           0x080f9a5d     0x34  Code  Lc  stm32f7xx_hal_i2s.o [1]
I2S_DMATxHalfCplt       0x080f9a91      0xa  Code  Lc  stm32f7xx_hal_i2s.o [1]
InStream_Read           0x080fb04d     0x22  Code  Lc  packbits_init.o [5]
LoadInt                 0x080f9ef5     0x4c  Code  Lc  xprintfsmall.o [3]
MX_I2C1_Init            0x080f802d     0x38  Code  Gb  main.o [1]
MX_SPI5_Init            0x080f81b9     0x50  Code  Gb  main.o [1]
MemManage_Handler       0x080fb589      0x2  Code  Gb  stm32f7xx_it.o [1]
NMI_Handler             0x080fb585      0x2  Code  Gb  stm32f7xx_it.o [1]
NVIC_SetPriority        0x080f86c9     0x1a  Code  Lc  stm32f7xx_hal_cortex.o [1]
OTG_FS_IRQHandler       0x080fb5c1      0x6  Code  Gb  stm32f7xx_it.o [1]
OutputDev               0x2001e0ec      0x1  Data  Gb  audio_codec.o [1]
PendSV_Handler          0x080fb593      0x2  Code  Gb  stm32f7xx_it.o [1]
Region$$Table$$Base     0x080fb768            --   Gb  - Linker created -
Region$$Table$$Limit    0x080fb794            --   Gb  - Linker created -
SPI3_IRQHandler         0x080f9423     0x1c  Code  Gb  audio_codec.o [1]
SPI5_IRQHandler         0x080f8209     0xd6  Code  Gb  main.o [1]
SVC_Handler             0x080fb58f      0x2  Code  Gb  stm32f7xx_it.o [1]
SysTick_Handler         0x080fb595     0x20  Code  Gb  stm32f7xx_it.o [1]
SystemClock_Config      0x080f7f71     0xbc  Code  Lc  main.o [1]
SystemCoreClock         0x200101c0      0x4  Data  Gb  system_stm32f7xx.o [1]
SystemInit              0x080fb68d     0x3a  Code  Gb  system_stm32f7xx.o [1]
Toggle_Leds             0x080f7f5f     0x12  Code  Gb  main.o [1]
UART_Receive_IT         0x080faee9     0x84  Code  Lc  stm32f7xx_hal_uart.o [1]
UART_Transmit_IT        0x080fae57     0x92  Code  Lc  stm32f7xx_hal_uart.o [1]
UART_WaitOnFlagUntilTimeout
                        0x080fadbb     0x8c  Code  Gb  stm32f7xx_hal_uart.o [1]
USART6_IRQHandler       0x080fb5b5      0x6  Code  Gb  stm32f7xx_it.o [1]
USBH_FreePipe           0x080faca9     0x18  Code  Gb  usbh_pipes.o [1]
USBH_LL_Connect         0x080fabf5     0x28  Code  Gb  usbh_core.o [1]
USBH_LL_Disconnect      0x080fac1d     0x42  Code  Gb  usbh_core.o [1]
USBH_LL_IncTimer        0x080fabd9     0x1c  Code  Gb  usbh_core.o [1]
USBH_LL_Start           0x080fabbd      0xe  Code  Gb  usbh_conf.o [1]
USBH_LL_Stop            0x080fabcb      0xe  Code  Gb  usbh_conf.o [1]
USB_DisableGlobalInt    0x080fa9e5      0x6  Code  Gb  stm32f7xx_ll_usb.o [1]
USB_DriveVbus           0x080faa8b     0x3e  Code  Gb  stm32f7xx_ll_usb.o [1]
USB_EnableGlobalInt     0x080fa9dd      0x8  Code  Gb  stm32f7xx_ll_usb.o [1]
USB_FlushRxFifo         0x080faa0f     0x1a  Code  Gb  stm32f7xx_ll_usb.o [1]
USB_FlushTxFifo         0x080fa9f1     0x1e  Code  Gb  stm32f7xx_ll_usb.o [1]
USB_GetMode             0x080faa55      0x8  Code  Gb  stm32f7xx_ll_usb.o [1]
USB_HC_Halt             0x080faad3     0x56  Code  Gb  stm32f7xx_ll_usb.o [1]
USB_HC_ReadInterrupt    0x080faac9      0xa  Code  Gb  stm32f7xx_ll_usb.o [1]
USB_InitFSLSPClkSel     0x080faa5d     0x2e  Code  Gb  stm32f7xx_ll_usb.o [1]
USB_ReadInterrupts      0x080faa4d      0x8  Code  Gb  stm32f7xx_ll_usb.o [1]
USB_ReadPacket          0x080faa29     0x24  Code  Gb  stm32f7xx_ll_usb.o [1]
USB_StopHost            0x080fab2d     0x76  Code  Gb  stm32f7xx_ll_usb.o [1]
UsageFault_Handler      0x080fb58d      0x2  Code  Gb  stm32f7xx_it.o [1]
WavePlayerInit          0x080f8499     0x12  Code  Gb  waveplayer _CS43L22.o [1]
_Close_all              0x080fb5dd     0x58  Code  Gb  xcloseall.o [3]
_EncodingSb_Mbtowc      0x080fa41b     0x30  Code  Gb  xencoding_sb.o [3]
_EncodingSb_Wctomb      0x080fa401     0x1a  Code  Gb  xencoding_sb.o [3]
_Files                  0x20010190     0x20  Data  Gb  xfiles.o [3]
_Fofree                 0x080fb45d     0x78  Code  Gb  xfofind.o [3]
_Fspos                  0x080fb125     0xd6  Code  Gb  xfspos.o [3]
_Fwprep                 0x080fb383     0xb6  Code  Gb  xfwprep.o [3]
_IsdstStr               0x20010004      0x4  Data  Gb  setlocale.o [3]
_LitobSmall             0x080fa173     0xce  Code  Lc  xprintfsmall.o [3]
_LocaleEncoding         0x080fa3ed      0xe  Code  Gb  setlocale.o [3]
_LocaleReturnString     0x20010024     0x50  Data  Lc  setlocale.o [3]
_Locale_Profile         0x20010008     0x1c  Data  Gb  setlocale.o [3]
_Mbtowc                 0x080fa289     0x20  Code  Gb  xmbtowc.o [3]
_Nnl                    0x080fb2ad      0xa  Code  Gb  xfgpos.o [3]
_PrintfSmall            0x080f9ac5    0x430  Code  Gb  xprintfsmall.o [3]
_Prout                  0x080fb7c3     0x16  Code  Gb  xprout.o [3]
_PutcharsSmall          0x080fa241     0x2e  Code  Lc  xprintfsmall.o [3]
_PutstrSmall            0x080f9f41    0x228  Code  Lc  xprintfsmall.o [3]
_TzoneStr               0x20010000      0x4  Data  Gb  setlocale.o [3]
_Wctomb                 0x080fa35b     0x1a  Code  Gb  xwctomb.o [3]
__aeabi_errno_addr      0x080fb305      0x6  Code  Gb  errno.o [3]
__cexit_closeall        0x080fb7b7           Code  Gb  cexit.o [5]
__close                 0x080fb553     0x1a  Code  Gb  close.o [6]
__cmain                 0x080fb795           Code  Gb  cmain.o [5]
__cstart_closeall       0x080fb964           Data  Gb  cstart_closeall.o [5]
__data_GetMemChunk      0x080f6639     0x2c  Code  Gb  xgetmemchunk.o [3]
__dwrite                0x080fb323     0x1e  Code  Gb  dwrite.o [6]
__exit                  0x080f6665     0x14  Code  Gb  exit.o [6]
__iar_Errno             0x200101cc      0x4  Data  Gb  errno.o [3]
__iar_Mbcurmax          0x080fa351      0xa  Code  Gb  xmbcurmax.o [3]
__iar_Memchr            0x080fa2f9           Code  Gb  memchr.o [5]
__iar_Stderr            0x20010150     0x40  Data  Gb  xfiles.o [3]
__iar_Stdin             0x200100d0     0x40  Data  Gb  xfiles.o [3]
__iar_Stdout            0x20010110     0x40  Data  Gb  xfiles.o [3]
__iar_Strchr            0x080fa2a9           Code  Gb  strchr.o [5]
__iar_close_ttio        0x080f6679     0x2e  Code  Gb  iarttio.o [6]
__iar_data_init3        0x080fb71d     0x28  Code  Gb  data_init.o [5]
__iar_dlfree            0x080f6117    0x510  Code  Gb  dlmalloc.o [3]
__iar_dlib_perthread_access
                        0x080fb321      0x2  Code  Gb  xtls.o [3]
__iar_dlmalloc          0x080f5e61    0x2aa  Code  Gb  dlmalloc.o [3]
__iar_get_ttio          0x080f66a9     0x38  Code  Gb  iarttio.o [6]
__iar_init_vfp          0x080fb745           Code  Gb  fpinit_M.o [4]
__iar_lookup_ttioh      0x080f66e5      0x8  Code  Gb  XShttio.o [3]
__iar_packbits_init3    0x080fb06f     0xb6  Code  Gb  packbits_init.o [5]
__iar_program_start     0x080fb7f5           Code  Gb  cstartup_M.o [5]
__iar_sh_Discard        0x080faf6d     0x44  Code  Gb  XShHandles.o [3]
__iar_sh_Move           0x080fafb7     0x4c  Code  Gb  XShHandles.o [3]
__iar_sh_Pos            0x080fb003     0x44  Code  Gb  XShHandles.o [3]
__iar_sh_stdout         0x080fb341     0x20  Code  Gb  iarwstd.o [6]
__iar_sh_write          0x080fb361     0x22  Code  Gb  iarwrite.o [6]
__iar_ttio_handles      0x200101c4      0x8  Data  Lc  XShttio.o [3]
__iar_unaligned___aeabi_memcpy
                        0x080fa375           Code  Gb  ABImemcpy_unaligned.o [5]
__iar_unaligned___aeabi_memcpy4
                        0x080fa395           Code  Gb  ABImemcpy_unaligned.o [5]
__iar_unaligned___aeabi_memcpy8
                        0x080fa395           Code  Gb  ABImemcpy_unaligned.o [5]
__iar_zero_init3        0x080fb6dd     0x40  Code  Gb  zero_init3.o [5]
__lseek                 0x080fb2b7     0x4c  Code  Gb  lseek.o [6]
__vector_table          0x08000000           Data  Gb  startup_stm32f746xx.o [1]
__write                 0x080fb311     0x10  Code  Gb  write.o [6]
_call_main              0x080fb7a1           Code  Gb  cmain.o [5]
_exit                   0x080fb7b5           Code  Gb  cexit.o [5]
_gm_                    0x2001dca4    0x1d8  Data  Lc  dlmalloc.o [3]
_main                   0x080fb7ab           Code  Gb  cmain.o [5]
abort                   0x080f6631      0x6  Code  Gb  abort.o [3]
cntOS                   0x2001e168      0x4  Data  Gb  stm32f7xx_it.o [1]
cntRisingEXTI           0x2001e170      0x2  Data  Gb  main.o [1]
ebuf                    0x2001e04c     0x50  Data  Lc  xfiles.o [3]
exit                    0x080fb7af      0x4  Code  Gb  exit.o [3]
fclose                  0x080fb4d9     0x7a  Code  Gb  fclose.o [3]
fflush                  0x080fb273     0x34  Code  Gb  fflush.o [3]
fflushOne               0x080fb1fd     0x76  Code  Lc  fflush.o [3]
flg10ms                 0x2001e130      0x1  Data  Gb  main.o [1]
flgSTAIni               0x200191f4      0x1  Data  Gb  main.o [1]
fputc                   0x080fb635     0x56  Code  Gb  fputc.o [3]
fseek                   0x080fb439     0x22  Code  Gb  fseek.o [3]
hhcd                    0x2001da10    0x294  Data  Gb  usbh_conf.o [1]
hi2c1                   0x2001df3c     0x3c  Data  Gb  audio_codec.o [1]
hi2s3                   0x2001defc     0x40  Data  Gb  audio_codec.o [1]
hspi5                   0x2001dfe8     0x64  Data  Gb  main.o [1]
huart6                  0x2001df78     0x70  Data  Gb  main.o [1]
idxSPI5DataBuf1         0x200191f8      0x2  Data  Gb  main.o [1]
idxSPI5DataBuf2         0x200191fa      0x2  Data  Gb  main.o [1]
init_mparams            0x080f515b     0x32  Code  Lc  dlmalloc.o [3]
init_top                0x080f518d     0x34  Code  Lc  dlmalloc.o [3]
main                    0x080f7e69     0xec  Code  Gb  main.o [1]
memchr                  0x080fa2f9           Code  Gb  memchr.o [5]
mparams                 0x2001e148     0x18  Data  Lc  dlmalloc.o [3]
obuf                    0x2001e09c     0x50  Data  Lc  xfiles.o [3]
prepend_alloc           0x080f51c1    0x36c  Code  Lc  dlmalloc.o [3]
printf                  0x080fac85     0x24  Code  Gb  printf.o [3]
putchar                 0x080fb7d9      0xc  Code  Gb  putchar.o [3]
remove                  0x080fb56d     0x16  Code  Gb  remove.o [6]
sFileInfo               0x2001de7c     0x80  Data  Lc  XShHandles.o [3]
segment_holding         0x080f5141     0x1a  Code  Lc  dlmalloc.o [3]
strchr                  0x080fa2a9           Code  Gb  strchr.o [5]
strlen                  0x080fa2c1           Code  Gb  strlen.o [5]
sys_alloc               0x080f552d    0x386  Code  Lc  dlmalloc.o [3]
tmalloc_large           0x080f58c1    0x390  Code  Lc  dlmalloc.o [3]
tmalloc_small           0x080f5c51    0x210  Code  Lc  dlmalloc.o [3]
uwTick                  0x2001e164      0x4  Data  Lc  stm32f7xx_hal.o [1]
volume                  0x200101d0      0x1  Data  Gb  waveplayer _CS43L22.o [1]


[1] = H:\PhanLeSon\ActivNoise\Microphone\F7\Mic_Array_Project\Mic_Array\Projects\STM32746G\Applications\Audio\Mic_Array\EWARM\STM32F7\Obj
[2] = command line
[3] = dl7M_tlf.a
[4] = m7M_tls.a
[5] = rt7M_tl.a
[6] = shb_l.a

     27 070 bytes of readonly  code memory
  1 003 582 bytes of readonly  data memory
     74 095 bytes of readwrite data memory

Errors: none
Warnings: none
