###############################################################################
#
# IAR ELF Linker V7.50.2.10312/W32 for ARM                13/Feb/2016  11:44:45
# Copyright 2007-2015 IAR Systems AB.
#
#    Output file  =  
#        H:\PhanLeSon\ActivNoise\Microphone\F7\Mic_Array_Project\Mic_Array\Projects\STM32746G\Applications\Audio\Mic_Array\EWARM\STM32F7\Exe\Project.out
#    Map file     =  
#        H:\PhanLeSon\ActivNoise\Microphone\F7\Mic_Array_Project\Mic_Array\Projects\STM32746G\Applications\Audio\Mic_Array\EWARM\STM32F7\List\Project.map
#    Command line =  
#        H:\PhanLeSon\ActivNoise\Microphone\F7\Mic_Array_Project\Mic_Array\Projects\STM32746G\Applications\Audio\Mic_Array\EWARM\STM32F7\Obj\audio_application.o
#        H:\PhanLeSon\ActivNoise\Microphone\F7\Mic_Array_Project\Mic_Array\Projects\STM32746G\Applications\Audio\Mic_Array\EWARM\STM32F7\Obj\audio_codec.o
#        H:\PhanLeSon\ActivNoise\Microphone\F7\Mic_Array_Project\Mic_Array\Projects\STM32746G\Applications\Audio\Mic_Array\EWARM\STM32F7\Obj\DSP.o
#        H:\PhanLeSon\ActivNoise\Microphone\F7\Mic_Array_Project\Mic_Array\Projects\STM32746G\Applications\Audio\Mic_Array\EWARM\STM32F7\Obj\ff.o
#        H:\PhanLeSon\ActivNoise\Microphone\F7\Mic_Array_Project\Mic_Array\Projects\STM32746G\Applications\Audio\Mic_Array\EWARM\STM32F7\Obj\ft5336.o
#        H:\PhanLeSon\ActivNoise\Microphone\F7\Mic_Array_Project\Mic_Array\Middlewares\ST\STM32_Audio\Addons\PDM\libPDMFilter_CM7_IAR.a
#        H:\PhanLeSon\ActivNoise\Microphone\F7\Mic_Array_Project\Mic_Array\Projects\STM32746G\Applications\Audio\Mic_Array\EWARM\STM32F7\Obj\main.o
#        H:\PhanLeSon\ActivNoise\Microphone\F7\Mic_Array_Project\Mic_Array\Projects\STM32746G\Applications\Audio\Mic_Array\EWARM\STM32F7\Obj\sta321mp.o
#        H:\PhanLeSon\ActivNoise\Microphone\F7\Mic_Array_Project\Mic_Array\Projects\STM32746G\Applications\Audio\Mic_Array\EWARM\STM32F7\Obj\startup_stm32f746xx.o
#        H:\PhanLeSon\ActivNoise\Microphone\F7\Mic_Array_Project\Mic_Array\Projects\STM32746G\Applications\Audio\Mic_Array\EWARM\STM32F7\Obj\stm32746g_discovery.o
#        H:\PhanLeSon\ActivNoise\Microphone\F7\Mic_Array_Project\Mic_Array\Projects\STM32746G\Applications\Audio\Mic_Array\EWARM\STM32F7\Obj\stm32746g_discovery_lcd.o
#        H:\PhanLeSon\ActivNoise\Microphone\F7\Mic_Array_Project\Mic_Array\Projects\STM32746G\Applications\Audio\Mic_Array\EWARM\STM32F7\Obj\stm32746g_discovery_sdram.o
#        H:\PhanLeSon\ActivNoise\Microphone\F7\Mic_Array_Project\Mic_Array\Projects\STM32746G\Applications\Audio\Mic_Array\EWARM\STM32F7\Obj\stm32746g_discovery_ts.o
#        H:\PhanLeSon\ActivNoise\Microphone\F7\Mic_Array_Project\Mic_Array\Projects\STM32746G\Applications\Audio\Mic_Array\EWARM\STM32F7\Obj\stm32f7xx_hal.o
#        H:\PhanLeSon\ActivNoise\Microphone\F7\Mic_Array_Project\Mic_Array\Projects\STM32746G\Applications\Audio\Mic_Array\EWARM\STM32F7\Obj\stm32f7xx_hal_cortex.o
#        H:\PhanLeSon\ActivNoise\Microphone\F7\Mic_Array_Project\Mic_Array\Projects\STM32746G\Applications\Audio\Mic_Array\EWARM\STM32F7\Obj\stm32f7xx_hal_dma.o
#        H:\PhanLeSon\ActivNoise\Microphone\F7\Mic_Array_Project\Mic_Array\Projects\STM32746G\Applications\Audio\Mic_Array\EWARM\STM32F7\Obj\stm32f7xx_hal_dma2d.o
#        H:\PhanLeSon\ActivNoise\Microphone\F7\Mic_Array_Project\Mic_Array\Projects\STM32746G\Applications\Audio\Mic_Array\EWARM\STM32F7\Obj\stm32f7xx_hal_dma_ex.o
#        H:\PhanLeSon\ActivNoise\Microphone\F7\Mic_Array_Project\Mic_Array\Projects\STM32746G\Applications\Audio\Mic_Array\EWARM\STM32F7\Obj\stm32f7xx_hal_flash.o
#        H:\PhanLeSon\ActivNoise\Microphone\F7\Mic_Array_Project\Mic_Array\Projects\STM32746G\Applications\Audio\Mic_Array\EWARM\STM32F7\Obj\stm32f7xx_hal_flash_ex.o
#        H:\PhanLeSon\ActivNoise\Microphone\F7\Mic_Array_Project\Mic_Array\Projects\STM32746G\Applications\Audio\Mic_Array\EWARM\STM32F7\Obj\stm32f7xx_hal_gpio.o
#        H:\PhanLeSon\ActivNoise\Microphone\F7\Mic_Array_Project\Mic_Array\Projects\STM32746G\Applications\Audio\Mic_Array\EWARM\STM32F7\Obj\stm32f7xx_hal_hcd.o
#        H:\PhanLeSon\ActivNoise\Microphone\F7\Mic_Array_Project\Mic_Array\Projects\STM32746G\Applications\Audio\Mic_Array\EWARM\STM32F7\Obj\stm32f7xx_hal_i2c.o
#        H:\PhanLeSon\ActivNoise\Microphone\F7\Mic_Array_Project\Mic_Array\Projects\STM32746G\Applications\Audio\Mic_Array\EWARM\STM32F7\Obj\stm32f7xx_hal_i2c_ex.o
#        H:\PhanLeSon\ActivNoise\Microphone\F7\Mic_Array_Project\Mic_Array\Projects\STM32746G\Applications\Audio\Mic_Array\EWARM\STM32F7\Obj\stm32f7xx_hal_i2s.o
#        H:\PhanLeSon\ActivNoise\Microphone\F7\Mic_Array_Project\Mic_Array\Projects\STM32746G\Applications\Audio\Mic_Array\EWARM\STM32F7\Obj\stm32f7xx_hal_ltdc.o
#        H:\PhanLeSon\ActivNoise\Microphone\F7\Mic_Array_Project\Mic_Array\Projects\STM32746G\Applications\Audio\Mic_Array\EWARM\STM32F7\Obj\stm32f7xx_hal_pcd.o
#        H:\PhanLeSon\ActivNoise\Microphone\F7\Mic_Array_Project\Mic_Array\Projects\STM32746G\Applications\Audio\Mic_Array\EWARM\STM32F7\Obj\stm32f7xx_hal_pcd_ex.o
#        H:\PhanLeSon\ActivNoise\Microphone\F7\Mic_Array_Project\Mic_Array\Projects\STM32746G\Applications\Audio\Mic_Array\EWARM\STM32F7\Obj\stm32f7xx_hal_pwr.o
#        H:\PhanLeSon\ActivNoise\Microphone\F7\Mic_Array_Project\Mic_Array\Projects\STM32746G\Applications\Audio\Mic_Array\EWARM\STM32F7\Obj\stm32f7xx_hal_pwr_ex.o
#        H:\PhanLeSon\ActivNoise\Microphone\F7\Mic_Array_Project\Mic_Array\Projects\STM32746G\Applications\Audio\Mic_Array\EWARM\STM32F7\Obj\stm32f7xx_hal_rcc.o
#        H:\PhanLeSon\ActivNoise\Microphone\F7\Mic_Array_Project\Mic_Array\Projects\STM32746G\Applications\Audio\Mic_Array\EWARM\STM32F7\Obj\stm32f7xx_hal_rcc_ex.o
#        H:\PhanLeSon\ActivNoise\Microphone\F7\Mic_Array_Project\Mic_Array\Projects\STM32746G\Applications\Audio\Mic_Array\EWARM\STM32F7\Obj\stm32f7xx_hal_sai.o
#        H:\PhanLeSon\ActivNoise\Microphone\F7\Mic_Array_Project\Mic_Array\Projects\STM32746G\Applications\Audio\Mic_Array\EWARM\STM32F7\Obj\stm32f7xx_hal_sai_ex.o
#        H:\PhanLeSon\ActivNoise\Microphone\F7\Mic_Array_Project\Mic_Array\Projects\STM32746G\Applications\Audio\Mic_Array\EWARM\STM32F7\Obj\stm32f7xx_hal_sdram.o
#        H:\PhanLeSon\ActivNoise\Microphone\F7\Mic_Array_Project\Mic_Array\Projects\STM32746G\Applications\Audio\Mic_Array\EWARM\STM32F7\Obj\stm32f7xx_hal_spi.o
#        H:\PhanLeSon\ActivNoise\Microphone\F7\Mic_Array_Project\Mic_Array\Projects\STM32746G\Applications\Audio\Mic_Array\EWARM\STM32F7\Obj\stm32f7xx_hal_sram.o
#        H:\PhanLeSon\ActivNoise\Microphone\F7\Mic_Array_Project\Mic_Array\Projects\STM32746G\Applications\Audio\Mic_Array\EWARM\STM32F7\Obj\stm32f7xx_hal_tim.o
#        H:\PhanLeSon\ActivNoise\Microphone\F7\Mic_Array_Project\Mic_Array\Projects\STM32746G\Applications\Audio\Mic_Array\EWARM\STM32F7\Obj\stm32f7xx_hal_tim_ex.o
#        H:\PhanLeSon\ActivNoise\Microphone\F7\Mic_Array_Project\Mic_Array\Projects\STM32746G\Applications\Audio\Mic_Array\EWARM\STM32F7\Obj\stm32f7xx_hal_uart.o
#        H:\PhanLeSon\ActivNoise\Microphone\F7\Mic_Array_Project\Mic_Array\Projects\STM32746G\Applications\Audio\Mic_Array\EWARM\STM32F7\Obj\stm32f7xx_it.o
#        H:\PhanLeSon\ActivNoise\Microphone\F7\Mic_Array_Project\Mic_Array\Projects\STM32746G\Applications\Audio\Mic_Array\EWARM\STM32F7\Obj\stm32f7xx_ll_fmc.o
#        H:\PhanLeSon\ActivNoise\Microphone\F7\Mic_Array_Project\Mic_Array\Projects\STM32746G\Applications\Audio\Mic_Array\EWARM\STM32F7\Obj\stm32f7xx_ll_usb.o
#        H:\PhanLeSon\ActivNoise\Microphone\F7\Mic_Array_Project\Mic_Array\Projects\STM32746G\Applications\Audio\Mic_Array\EWARM\STM32F7\Obj\system_stm32f7xx.o
#        H:\PhanLeSon\ActivNoise\Microphone\F7\Mic_Array_Project\Mic_Array\Projects\STM32746G\Applications\Audio\Mic_Array\EWARM\STM32F7\Obj\usbd_audio_if.o
#        H:\PhanLeSon\ActivNoise\Microphone\F7\Mic_Array_Project\Mic_Array\Projects\STM32746G\Applications\Audio\Mic_Array\EWARM\STM32F7\Obj\usbd_audio_in.o
#        H:\PhanLeSon\ActivNoise\Microphone\F7\Mic_Array_Project\Mic_Array\Projects\STM32746G\Applications\Audio\Mic_Array\EWARM\STM32F7\Obj\usbd_conf_f4.o
#        H:\PhanLeSon\ActivNoise\Microphone\F7\Mic_Array_Project\Mic_Array\Projects\STM32746G\Applications\Audio\Mic_Array\EWARM\STM32F7\Obj\usbd_core.o
#        H:\PhanLeSon\ActivNoise\Microphone\F7\Mic_Array_Project\Mic_Array\Projects\STM32746G\Applications\Audio\Mic_Array\EWARM\STM32F7\Obj\usbd_ctlreq.o
#        H:\PhanLeSon\ActivNoise\Microphone\F7\Mic_Array_Project\Mic_Array\Projects\STM32746G\Applications\Audio\Mic_Array\EWARM\STM32F7\Obj\usbd_desc.o
#        H:\PhanLeSon\ActivNoise\Microphone\F7\Mic_Array_Project\Mic_Array\Projects\STM32746G\Applications\Audio\Mic_Array\EWARM\STM32F7\Obj\usbd_ioreq.o
#        H:\PhanLeSon\ActivNoise\Microphone\F7\Mic_Array_Project\Mic_Array\Projects\STM32746G\Applications\Audio\Mic_Array\EWARM\STM32F7\Obj\usbh_conf.o
#        H:\PhanLeSon\ActivNoise\Microphone\F7\Mic_Array_Project\Mic_Array\Projects\STM32746G\Applications\Audio\Mic_Array\EWARM\STM32F7\Obj\usbh_core.o
#        H:\PhanLeSon\ActivNoise\Microphone\F7\Mic_Array_Project\Mic_Array\Projects\STM32746G\Applications\Audio\Mic_Array\EWARM\STM32F7\Obj\usbh_ctlreq.o
#        H:\PhanLeSon\ActivNoise\Microphone\F7\Mic_Array_Project\Mic_Array\Projects\STM32746G\Applications\Audio\Mic_Array\EWARM\STM32F7\Obj\usbh_diskio.o
#        H:\PhanLeSon\ActivNoise\Microphone\F7\Mic_Array_Project\Mic_Array\Projects\STM32746G\Applications\Audio\Mic_Array\EWARM\STM32F7\Obj\usbh_ioreq.o
#        H:\PhanLeSon\ActivNoise\Microphone\F7\Mic_Array_Project\Mic_Array\Projects\STM32746G\Applications\Audio\Mic_Array\EWARM\STM32F7\Obj\usbh_msc.o
#        H:\PhanLeSon\ActivNoise\Microphone\F7\Mic_Array_Project\Mic_Array\Projects\STM32746G\Applications\Audio\Mic_Array\EWARM\STM32F7\Obj\usbh_msc_bot.o
#        H:\PhanLeSon\ActivNoise\Microphone\F7\Mic_Array_Project\Mic_Array\Projects\STM32746G\Applications\Audio\Mic_Array\EWARM\STM32F7\Obj\usbh_msc_scsi.o
#        H:\PhanLeSon\ActivNoise\Microphone\F7\Mic_Array_Project\Mic_Array\Projects\STM32746G\Applications\Audio\Mic_Array\EWARM\STM32F7\Obj\usbh_pipes.o
#        "H:\PhanLeSon\ActivNoise\Microphone\F7\Mic_Array_Project\Mic_Array\Projects\STM32746G\Applications\Audio\Mic_Array\EWARM\STM32F7\Obj\waveplayer
#        _CS43L22.o"
#        H:\PhanLeSon\ActivNoise\Microphone\F7\Mic_Array_Project\Mic_Array\Projects\STM32746G\Applications\Audio\Mic_Array\EWARM\STM32F7\Obj\waverecorder.o
#        --redirect _Printf=_PrintfSmall --redirect _Scanf=_ScanfSmall -o
#        H:\PhanLeSon\ActivNoise\Microphone\F7\Mic_Array_Project\Mic_Array\Projects\STM32746G\Applications\Audio\Mic_Array\EWARM\STM32F7\Exe\Project.out
#        --map
#        H:\PhanLeSon\ActivNoise\Microphone\F7\Mic_Array_Project\Mic_Array\Projects\STM32746G\Applications\Audio\Mic_Array\EWARM\STM32F7\List\Project.map
#        --config
#        H:\PhanLeSon\ActivNoise\Microphone\F7\Mic_Array_Project\Mic_Array\Projects\STM32746G\Applications\Audio\Mic_Array\EWARM\Project.icf
#        --semihosting --entry __iar_program_start --no_exceptions "D:\Program
#        Files (x86)\IAR Systems\Embedded Workbench
#        7.3\arm\CMSIS\Lib\IAR\iar_cortexM7ls_math.a" --vfe
#
###############################################################################

*******************************************************************************
*** RUNTIME MODEL ATTRIBUTES
***

CppFlavor                     = *
__Heap_Handler                = DLMalloc
__SystemLibrary               = DLib
__dlib_dynamic_initialization = normal


*******************************************************************************
*** PLACEMENT SUMMARY
***

"A1":  place at 0x08000000 { ro section .intvec };
"P1":  place in [from 0x00000000 to 0x00000000] |
                [from 0x08000000 to 0x080fffff] { ro };
"P3":  place in [from 0x20000000 to 0x2000ffff] |
                [from 0x20010000 to 0x2004ffff] { rw, block CSTACK, block HEAP };

  Section             Kind        Address     Size  Object
  -------             ----        -------     ----  ------
"A1":                                        0x1c8
  .intvec             ro code  0x08000000    0x1c8  startup_stm32f746xx.o [1]
                             - 0x080001c8    0x1c8

"P1":                                      0x2b41b
  .rodata             const    0x080001c8   0x8800  arm_common_tables.o [4]
  .text               ro code  0x080089c8   0x8078  arm_rfft_init_f32.o [4]
  .text               ro code  0x08010a40     0xb0  arm_cfft_radix4_init_f32.o [4]
  .rodata             const    0x08010af0   0x8000  arm_rfft_init_f32.o [4]
  .text               ro code  0x08018af0   0x395c  stm32f7xx_hal_dma.o [1]
  .text               ro code  0x0801c44c   0x17b0  waverecorder.o [1]
  .text               ro code  0x0801dbfc    0x26c  stm32f7xx_hal_gpio.o [1]
  .text               ro code  0x0801de68    0x550  pdm_filter.o [5]
  .text               ro code  0x0801e3b8    0x852  stm32f7xx_hal_spi.o [1]
  .text               ro code  0x0801ec0a      0xa  xsprout.o [3]
  .text               ro code  0x0801ec14    0x1a4  stm32f7xx_hal_i2s.o [1]
  .text               ro code  0x0801edb8    0x164  stm32f7xx_hal_cortex.o [1]
  .text               ro code  0x0801ef1c     0x1c  FltCmpEq.o [6]
  .text               ro code  0x0801ef38      0xe  U32ToFlt.o [6]
  .text               ro code  0x0801ef48     0x24  FltCmpLe.o [6]
  .text               ro code  0x0801ef6c     0x12  FltMul.o [6]
  .text               ro code  0x0801ef80     0x4e  FltToDbl.o [6]
  .text               ro code  0x0801efd0     0x30  I32ToDbl.o [6]
  .text               ro code  0x0801f000    0x256  DblDiv.o [6]
  .text               ro code  0x0801f258     0xe8  DblAdd.o [6]
  .text               ro code  0x0801f340     0x4c  DblToI32.o [6]
  .text               ro code  0x0801f38c    0x1a2  DblMul.o [6]
  .text               ro code  0x0801f530     0x90  DblToFlt.o [6]
  .text               ro code  0x0801f5c0    0x450  xsin.o [6]
  .text               ro code  0x0801fa10    0x180  DblSub.o [6]
  .text               ro code  0x0801fb90     0xf0  sqrt.o [6]
  .text               ro code  0x0801fc80     0x7c  stm32f7xx_hal.o [1]
  .text               ro code  0x0801fcfc   0x106c  audio_codec.o [1]
  .text               ro code  0x08020d68     0x2e  DblCmpLe.o [6]
  .text               ro code  0x08020d98     0x2e  DblCmpGe.o [6]
  .text               ro code  0x08020dc8      0xc  errno.o [3]
  .text               ro code  0x08020dd4    0x168  xquad.o [6]
  .text               ro code  0x08020f3c      0xc  iarEdom.o [7]
  .text               ro code  0x08020f48    0x8b0  stm32f7xx_hal_rcc.o [1]
  .text               ro code  0x080217f8    0xf30  main.o [1]
  .text               ro code  0x08022728    0xad8  stm32f7xx_hal_i2c.o [1]
  .text               ro code  0x08023200     0x98  waveplayer _CS43L22.o [1]
  .text               ro code  0x08023298     0x84  stm32f7xx_hal_i2c_ex.o [1]
  .text               ro code  0x0802331c      0x2  xtls.o [3]
  .text               ro code  0x0802331e     0x7a  xdint.o [6]
  .text               ro code  0x08023398     0x20  DblCmpEq.o [6]
  .text               ro code  0x080233b8    0x1a8  fmod.o [6]
  .text               ro code  0x08023560    0x116  DSP.o [1]
  .text               ro code  0x08023678    0x160  audio_application.o [1]
  .text               ro code  0x080237d8    0x36c  stm32746g_discovery_sdram.o [1]
  .text               ro code  0x08023b44    0x118  stm32746g_discovery.o [1]
  .text               ro code  0x08023c5c    0xac0  usbd_audio_in.o [1]
  .text               ro code  0x0802471c    0x346  usbd_core.o [1]
  .text               ro code  0x08024a64    0x910  sta321mp.o [1]
  .text               ro code  0x08025374     0x34  sprintf.o [3]
  .text               ro code  0x080253a8     0x32  main.o [1]
  .text               ro code  0x080253dc    0x926  stm32f7xx_hal_uart.o [1]
  .text               ro code  0x08025d04     0x84  stm32f7xx_hal_pwr_ex.o [1]
  .text               ro code  0x08025d88    0x8a0  stm32f7xx_hal_rcc_ex.o [1]
  .text               ro code  0x08026628     0x80  usbd_audio_if.o [1]
  .text               ro code  0x080266a8     0xac  stm32f7xx_hal_sdram.o [1]
  .text               ro code  0x08026754    0x350  usbd_conf_f4.o [1]
  .text               ro code  0x08026aa4    0x65e  usbd_ctlreq.o [1]
  .text               ro code  0x08027102     0xbc  usbd_ioreq.o [1]
  .text               ro code  0x080271c0     0x66  ABImemset.o [7]
  .text               ro code  0x08027228   0x14f0  dlmalloc.o [3]
  .text               ro code  0x08028718     0x76  ABImemcpy_unaligned.o [7]
  .text               ro code  0x08028790    0x7c4  xprintfsmall.o [3]
  .text               ro code  0x08028f54     0x18  main.o [1]
  .text               ro code  0x08028f6c      0x8  abs.o [3]
  .text               ro code  0x08028f74    0x17c  stm32f7xx_ll_fmc.o [1]
  .text               ro code  0x080290f0    0xa7a  stm32f7xx_hal_pcd.o [1]
  .text               ro code  0x08029b6c     0x98  stm32f7xx_hal_pcd_ex.o [1]
  .text               ro code  0x08029c04      0x6  abort.o [3]
  .text               ro code  0x08029c0c     0x2c  xgetmemchunk.o [3]
  .text               ro code  0x08029c38     0x20  xmbtowc.o [3]
  .text               ro code  0x08029c58     0x16  strchr.o [7]
  .text               ro code  0x08029c70     0x36  strlen.o [7]
  .text               ro code  0x08029ca8     0x58  memchr.o [7]
  .text               ro code  0x08029d00      0xa  xmbcurmax.o [3]
  .text               ro code  0x08029d0a     0x1a  xwctomb.o [3]
  .text               ro code  0x08029d24    0xd50  stm32f7xx_ll_usb.o [1]
  .text               ro code  0x0802aa74     0x14  exit.o [8]
  .text               ro code  0x0802aa88     0x14  setlocale.o [3]
  .text               ro code  0x0802aa9c     0x60  xencoding_sb.o [3]
  .text               ro code  0x0802aafc     0x30  iarttio.o [8]
  .text               ro code  0x0802ab2c      0x8  XShttio.o [3]
  .text               ro code  0x0802ab34    0x1c4  lz77_init.o [7]
  .text               ro code  0x0802acf8     0xe8  usbd_desc.o [1]
  .rodata             const    0x0802ade0     0x84  usbd_audio_if.o [1]
  .text               ro code  0x0802ae64     0x7c  stm32f7xx_it.o [1]
  .text               ro code  0x0802aee0     0x6c  system_stm32f7xx.o [1]
  .text               ro code  0x0802af4c     0x40  zero_init3.o [7]
  .text               ro code  0x0802af8c     0x28  data_init.o [7]
  .rodata             const    0x0802afb4     0x24  usbd_desc.o [1]
  .rodata             const    0x0802afd8     0x24  usbd_desc.o [1]
  .text               ro code  0x0802affc     0x22  fpinit_M.o [6]
  .iar.init_table     const    0x0802b020     0x34  - Linker created -
  .text               ro code  0x0802b054     0x1a  cmain.o [7]
  .text               ro code  0x0802b06e      0x4  low_level_init.o [3]
  .text               ro code  0x0802b072      0x4  exit.o [3]
  .text               ro code  0x0802b078      0xa  cexit.o [7]
  .rodata             const    0x0802b084     0x14  usbd_desc.o [1]
  .rodata             const    0x0802b098     0x10  main.o [1]
  .rodata             const    0x0802b0a8     0x10  main.o [1]
  .rodata             const    0x0802b0b8     0x10  main.o [1]
  .rodata             const    0x0802b0c8     0x10  main.o [1]
  .rodata             const    0x0802b0d8     0x10  main.o [1]
  .rodata             const    0x0802b0e8     0x10  main.o [1]
  .rodata             const    0x0802b0f8     0x10  main.o [1]
  .rodata             const    0x0802b108     0x10  main.o [1]
  .rodata             const    0x0802b118     0x10  main.o [1]
  .rodata             const    0x0802b128     0x10  main.o [1]
  .rodata             const    0x0802b138     0x10  stm32f7xx_hal_rcc.o [1]
  .rodata             const    0x0802b148     0x10  usbd_desc.o [1]
  .rodata             const    0x0802b158     0x10  usbd_desc.o [1]
  .rodata             const    0x0802b168     0x10  usbd_desc.o [1]
  .rodata             const    0x0802b178     0x10  usbd_desc.o [1]
  .text               ro code  0x0802b188     0x10  startup_stm32f746xx.o [1]
  .text               ro code  0x0802b198      0xc  cstartup_M.o [7]
  .rodata             const    0x0802b1a4      0x8  stm32746g_discovery.o [1]
  .text               ro code  0x0802b1ac      0x4  startup_stm32f746xx.o [1]
  .text               ro code  0x0802b1b0      0x4  startup_stm32f746xx.o [1]
  .text               ro code  0x0802b1b4      0x4  startup_stm32f746xx.o [1]
  .text               ro code  0x0802b1b8      0x4  startup_stm32f746xx.o [1]
  .text               ro code  0x0802b1bc      0x4  startup_stm32f746xx.o [1]
  .text               ro code  0x0802b1c0      0x4  startup_stm32f746xx.o [1]
  .text               ro code  0x0802b1c4      0x4  startup_stm32f746xx.o [1]
  .text               ro code  0x0802b1c8      0x4  startup_stm32f746xx.o [1]
  .text               ro code  0x0802b1cc      0x4  startup_stm32f746xx.o [1]
  .text               ro code  0x0802b1d0      0x4  startup_stm32f746xx.o [1]
  .text               ro code  0x0802b1d4      0x4  startup_stm32f746xx.o [1]
  .text               ro code  0x0802b1d8      0x4  startup_stm32f746xx.o [1]
  .text               ro code  0x0802b1dc      0x4  startup_stm32f746xx.o [1]
  .text               ro code  0x0802b1e0      0x4  startup_stm32f746xx.o [1]
  .text               ro code  0x0802b1e4      0x4  startup_stm32f746xx.o [1]
  .text               ro code  0x0802b1e8      0x4  startup_stm32f746xx.o [1]
  .text               ro code  0x0802b1ec      0x4  startup_stm32f746xx.o [1]
  .text               ro code  0x0802b1f0      0x4  startup_stm32f746xx.o [1]
  .text               ro code  0x0802b1f4      0x4  startup_stm32f746xx.o [1]
  .text               ro code  0x0802b1f8      0x4  startup_stm32f746xx.o [1]
  .text               ro code  0x0802b1fc      0x4  startup_stm32f746xx.o [1]
  .text               ro code  0x0802b200      0x4  startup_stm32f746xx.o [1]
  .text               ro code  0x0802b204      0x4  startup_stm32f746xx.o [1]
  .text               ro code  0x0802b208      0x4  startup_stm32f746xx.o [1]
  .text               ro code  0x0802b20c      0x4  startup_stm32f746xx.o [1]
  .text               ro code  0x0802b210      0x4  startup_stm32f746xx.o [1]
  .text               ro code  0x0802b214      0x4  startup_stm32f746xx.o [1]
  .text               ro code  0x0802b218      0x4  startup_stm32f746xx.o [1]
  .text               ro code  0x0802b21c      0x4  startup_stm32f746xx.o [1]
  .text               ro code  0x0802b220      0x4  startup_stm32f746xx.o [1]
  .text               ro code  0x0802b224      0x4  startup_stm32f746xx.o [1]
  .text               ro code  0x0802b228      0x4  startup_stm32f746xx.o [1]
  .text               ro code  0x0802b22c      0x4  startup_stm32f746xx.o [1]
  .text               ro code  0x0802b230      0x4  startup_stm32f746xx.o [1]
  .text               ro code  0x0802b234      0x4  startup_stm32f746xx.o [1]
  .text               ro code  0x0802b238      0x4  startup_stm32f746xx.o [1]
  .text               ro code  0x0802b23c      0x4  startup_stm32f746xx.o [1]
  .text               ro code  0x0802b240      0x4  startup_stm32f746xx.o [1]
  .text               ro code  0x0802b244      0x4  startup_stm32f746xx.o [1]
  .text               ro code  0x0802b248      0x4  startup_stm32f746xx.o [1]
  .text               ro code  0x0802b24c      0x4  startup_stm32f746xx.o [1]
  .text               ro code  0x0802b250      0x4  startup_stm32f746xx.o [1]
  .text               ro code  0x0802b254      0x4  startup_stm32f746xx.o [1]
  .text               ro code  0x0802b258      0x4  startup_stm32f746xx.o [1]
  .text               ro code  0x0802b25c      0x4  startup_stm32f746xx.o [1]
  .text               ro code  0x0802b260      0x4  startup_stm32f746xx.o [1]
  .text               ro code  0x0802b264      0x4  startup_stm32f746xx.o [1]
  .text               ro code  0x0802b268      0x4  startup_stm32f746xx.o [1]
  .text               ro code  0x0802b26c      0x4  startup_stm32f746xx.o [1]
  .text               ro code  0x0802b270      0x4  startup_stm32f746xx.o [1]
  .text               ro code  0x0802b274      0x4  startup_stm32f746xx.o [1]
  .text               ro code  0x0802b278      0x4  startup_stm32f746xx.o [1]
  .text               ro code  0x0802b27c      0x4  startup_stm32f746xx.o [1]
  .text               ro code  0x0802b280      0x4  startup_stm32f746xx.o [1]
  .text               ro code  0x0802b284      0x4  startup_stm32f746xx.o [1]
  .text               ro code  0x0802b288      0x4  startup_stm32f746xx.o [1]
  .text               ro code  0x0802b28c      0x4  startup_stm32f746xx.o [1]
  .text               ro code  0x0802b290      0x4  startup_stm32f746xx.o [1]
  .text               ro code  0x0802b294      0x4  startup_stm32f746xx.o [1]
  .text               ro code  0x0802b298      0x4  startup_stm32f746xx.o [1]
  .text               ro code  0x0802b29c      0x4  startup_stm32f746xx.o [1]
  .text               ro code  0x0802b2a0      0x4  startup_stm32f746xx.o [1]
  .text               ro code  0x0802b2a4      0x4  startup_stm32f746xx.o [1]
  .text               ro code  0x0802b2a8      0x4  startup_stm32f746xx.o [1]
  .text               ro code  0x0802b2ac      0x4  startup_stm32f746xx.o [1]
  .text               ro code  0x0802b2b0      0x4  startup_stm32f746xx.o [1]
  .text               ro code  0x0802b2b4      0x4  startup_stm32f746xx.o [1]
  .text               ro code  0x0802b2b8      0x4  startup_stm32f746xx.o [1]
  .text               ro code  0x0802b2bc      0x4  startup_stm32f746xx.o [1]
  .text               ro code  0x0802b2c0      0x4  startup_stm32f746xx.o [1]
  .text               ro code  0x0802b2c4      0x4  startup_stm32f746xx.o [1]
  .text               ro code  0x0802b2c8      0x4  startup_stm32f746xx.o [1]
  .text               ro code  0x0802b2cc      0x4  startup_stm32f746xx.o [1]
  .text               ro code  0x0802b2d0      0x4  startup_stm32f746xx.o [1]
  .text               ro code  0x0802b2d4      0x4  startup_stm32f746xx.o [1]
  .text               ro code  0x0802b2d8      0x4  startup_stm32f746xx.o [1]
  .text               ro code  0x0802b2dc      0x4  startup_stm32f746xx.o [1]
  .rodata             const    0x0802b2e0      0x0  zero_init3.o [7]
  .rodata             const    0x0802b2e0      0x0  lz77_init.o [7]
  Initializer bytes   const    0x0802b2e0    0x303  <for P3 s0>
                             - 0x0802b5e3  0x2b41b

"P3", part 1 of 3:                           0x49d
  P3 s0                        0x20010000    0x49d  <Init block>
    .data             inited   0x20010000    0x304  pdm_filter.o [5]
    __DLIB_PERTHREAD  inited   0x20010304     0x74  setlocale.o [3]
    .data             inited   0x20010378     0x50  sta321mp.o [1]
    .data             inited   0x200103c8     0x38  usbd_audio_in.o [1]
    .data             inited   0x20010400     0x24  sta321mp.o [1]
    .data             inited   0x20010424     0x24  usbd_audio_if.o [1]
    .data             inited   0x20010448     0x1c  usbd_desc.o [1]
    .data             inited   0x20010464     0x14  usbd_desc.o [1]
    .data             inited   0x20010478      0xc  usbd_audio_in.o [1]
    .data             inited   0x20010484      0x8  XShttio.o [3]
    .data             inited   0x2001048c      0x4  system_stm32f7xx.o [1]
    .data             inited   0x20010490      0x4  usbd_desc.o [1]
    __DLIB_PERTHREAD  inited   0x20010494      0x4  errno.o [3]
    .data             inited   0x20010498      0x1  audio_codec.o [1]
    .data             inited   0x20010499      0x1  main.o [1]
    .data             inited   0x2001049a      0x1  main.o [1]
    .data             inited   0x2001049b      0x1  stm32746g_discovery_sdram.o [1]
    .data             inited   0x2001049c      0x1  waveplayer _CS43L22.o [1]
                             - 0x2001049d    0x49d

"P3", part 2 of 3:                          0xfaf0
  .bss                zero     0x200104a0   0x2000  waverecorder.o [1]
  .bss                zero     0x200124a0   0x2000  waverecorder.o [1]
  .bss                zero     0x200144a0   0x2000  waverecorder.o [1]
  .bss                zero     0x200164a0   0x2000  waverecorder.o [1]
  .bss                zero     0x200184a0   0x2000  waverecorder.o [1]
  .bss                zero     0x2001a4a0   0x2000  waverecorder.o [1]
  .bss                zero     0x2001c4a0   0x2000  waverecorder.o [1]
  .bss                zero     0x2001e4a0    0x800  main.o [1]
  .bss                zero     0x2001eca0    0x3c0  usbd_conf_f4.o [1]
  .bss                zero     0x2001f060    0x224  main.o [1]
  .bss                zero     0x2001f284    0x1d8  dlmalloc.o [3]
  .bss                zero     0x2001f45c    0x180  usbd_audio_in.o [1]
  .bss                zero     0x2001f5dc     0xc8  usbd_desc.o [1]
  .bss                zero     0x2001f6a4     0x80  main.o [1]
  .bss                zero     0x2001f724     0x80  waverecorder.o [1]
  .bss                zero     0x2001f7a4     0x80  waverecorder.o [1]
  .bss                zero     0x2001f824     0x78  usbd_audio_in.o [1]
  .bss                zero     0x2001f89c     0x70  main.o [1]
  .bss                zero     0x2001f90c     0x68  waverecorder.o [1]
  .bss                zero     0x2001f974     0x64  main.o [1]
  .bss                zero     0x2001f9d8     0x64  usbd_audio_in.o [1]
  .bss                zero     0x2001fa3c     0x64  waverecorder.o [1]
  .bss                zero     0x2001faa0     0x64  waverecorder.o [1]
  .bss                zero     0x2001fb04     0x50  audio_codec.o [1]
  .bss                zero     0x2001fb54     0x50  stm32746g_discovery_sdram.o [1]
  .bss                zero     0x2001fba4     0x50  waverecorder.o [1]
  .bss                zero     0x2001fbf4     0x50  waverecorder.o [1]
  .bss                zero     0x2001fc44     0x40  waveplayer _CS43L22.o [1]
  .bss                zero     0x2001fc84     0x40  waverecorder.o [1]
  .bss                zero     0x2001fcc4     0x40  waverecorder.o [1]
  .bss                zero     0x2001fd04     0x3c  audio_codec.o [1]
  .bss                zero     0x2001fd40     0x3c  audio_codec.o [1]
  .bss                zero     0x2001fd7c     0x34  stm32746g_discovery_sdram.o [1]
  .bss                zero     0x2001fdb0     0x1c  stm32746g_discovery_sdram.o [1]
  .bss                zero     0x2001fdcc     0x18  main.o [1]
  .bss                zero     0x2001fde4     0x18  main.o [1]
  .bss                zero     0x2001fdfc     0x18  main.o [1]
  .bss                zero     0x2001fe14     0x18  main.o [1]
  .bss                zero     0x2001fe2c     0x18  main.o [1]
  .bss                zero     0x2001fe44     0x18  main.o [1]
  .bss                zero     0x2001fe5c     0x18  dlmalloc.o [3]
  .bss                zero     0x2001fe74     0x14  main.o [1]
  .bss                zero     0x2001fe88     0x14  main.o [1]
  .bss                zero     0x2001fe9c     0x14  main.o [1]
  .bss                zero     0x2001feb0     0x14  main.o [1]
  .bss                zero     0x2001fec4     0x14  main.o [1]
  .bss                zero     0x2001fed8     0x14  main.o [1]
  .bss                zero     0x2001feec     0x10  sta321mp.o [1]
  .bss                zero     0x2001fefc     0x10  stm32746g_discovery_sdram.o [1]
  .bss                zero     0x2001ff0c      0x4  DSP.o [1]
  .bss                zero     0x2001ff10      0x4  stm32f7xx_hal.o [1]
  .bss                zero     0x2001ff14      0x4  stm32f7xx_it.o [1]
  .bss                zero     0x2001ff18      0x4  waveplayer _CS43L22.o [1]
  .bss                zero     0x2001ff1c      0x4  waverecorder.o [1]
  .bss                zero     0x2001ff20      0x4  waverecorder.o [1]
  .bss                zero     0x2001ff24      0x4  xgetmemchunk.o [3]
  .bss                zero     0x2001ff28      0x2  main.o [1]
  .bss                zero     0x2001ff2a      0x2  main.o [1]
  .bss                zero     0x2001ff2c      0x2  main.o [1]
  .bss                zero     0x2001ff2e      0x2  main.o [1]
  .bss                zero     0x2001ff30      0x2  main.o [1]
  .bss                zero     0x2001ff32      0x2  main.o [1]
  .bss                zero     0x2001ff34      0x2  main.o [1]
  .bss                zero     0x2001ff36      0x2  main.o [1]
  .bss                zero     0x2001ff38      0x2  main.o [1]
  .bss                zero     0x2001ff3a      0x2  main.o [1]
  .bss                zero     0x2001ff3c      0x2  main.o [1]
  .bss                zero     0x2001ff3e      0x2  main.o [1]
  .bss                zero     0x2001ff40      0x2  main.o [1]
  .bss                zero     0x2001ff42      0x2  main.o [1]
  .bss                zero     0x2001ff44      0x2  main.o [1]
  .bss                zero     0x2001ff46      0x2  main.o [1]
  .bss                zero     0x2001ff48      0x2  sta321mp.o [1]
  .bss                zero     0x2001ff4a      0x2  usbd_audio_in.o [1]
  .bss                zero     0x2001ff4c      0x2  waverecorder.o [1]
  .bss                zero     0x2001ff4e      0x2  waverecorder.o [1]
  .bss                zero     0x2001ff50      0x2  waverecorder.o [1]
  .bss                zero     0x2001ff52      0x2  waverecorder.o [1]
  .bss                zero     0x2001ff54      0x2  waverecorder.o [1]
  .bss                zero     0x2001ff56      0x2  waverecorder.o [1]
  .bss                zero     0x2001ff58      0x2  waverecorder.o [1]
  .bss                zero     0x2001ff5a      0x2  waverecorder.o [1]
  .bss                zero     0x2001ff5c      0x2  waverecorder.o [1]
  .bss                zero     0x2001ff5e      0x2  waverecorder.o [1]
  .bss                zero     0x2001ff60      0x2  waverecorder.o [1]
  .bss                zero     0x2001ff62      0x2  waverecorder.o [1]
  .bss                zero     0x2001ff64      0x2  waverecorder.o [1]
  .bss                zero     0x2001ff66      0x2  waverecorder.o [1]
  .bss                zero     0x2001ff68      0x2  waverecorder.o [1]
  .bss                zero     0x2001ff6a      0x2  waverecorder.o [1]
  .bss                zero     0x2001ff6c      0x2  waverecorder.o [1]
  .bss                zero     0x2001ff6e      0x1  audio_codec.o [1]
  .bss                zero     0x2001ff6f      0x1  main.o [1]
  .bss                zero     0x2001ff70      0x1  main.o [1]
  .bss                zero     0x2001ff71      0x1  main.o [1]
  .bss                zero     0x2001ff72      0x1  main.o [1]
  .bss                zero     0x2001ff73      0x1  main.o [1]
  .bss                zero     0x2001ff74      0x1  main.o [1]
  .bss                zero     0x2001ff75      0x1  main.o [1]
  .bss                zero     0x2001ff76      0x1  main.o [1]
  .bss                zero     0x2001ff77      0x1  main.o [1]
  .bss                zero     0x2001ff78      0x1  main.o [1]
  .bss                zero     0x2001ff79      0x1  main.o [1]
  .bss                zero     0x2001ff7a      0x1  main.o [1]
  .bss                zero     0x2001ff7b      0x1  main.o [1]
  .bss                zero     0x2001ff7c      0x1  main.o [1]
  .bss                zero     0x2001ff7d      0x1  main.o [1]
  .bss                zero     0x2001ff7e      0x1  main.o [1]
  .bss                zero     0x2001ff7f      0x1  usbd_ctlreq.o [1]
  .bss                zero     0x2001ff80      0x1  waverecorder.o [1]
  .bss                zero     0x2001ff81      0x1  waverecorder.o [1]
  .bss                zero     0x2001ff82      0x1  waverecorder.o [1]
  .bss                zero     0x2001ff83      0x1  waverecorder.o [1]
  .bss                zero     0x2001ff84      0x1  waverecorder.o [1]
  .bss                zero     0x2001ff85      0x1  waverecorder.o [1]
  .bss                zero     0x2001ff86      0x1  waverecorder.o [1]
  .bss                zero     0x2001ff87      0x1  waverecorder.o [1]
  .bss                zero     0x2001ff88      0x1  waverecorder.o [1]
  .bss                zero     0x2001ff89      0x1  waverecorder.o [1]
  .bss                zero     0x2001ff8a      0x1  waverecorder.o [1]
  .bss                zero     0x2001ff8b      0x1  waverecorder.o [1]
  .bss                zero     0x2001ff8c      0x1  waverecorder.o [1]
  .bss                zero     0x2001ff8d      0x1  waverecorder.o [1]
                             - 0x2001ff8e   0xfaee

"P3", part 3 of 3:                          0x4000
  CSTACK                       0x2001ff90   0x2000  <Block>
    CSTACK            uninit   0x2001ff90   0x2000  <Block tail>
  HEAP                         0x20021f90   0x2000  <Block>
    HEAP              uninit   0x20021f90   0x2000  <Block tail>
                             - 0x20023f90   0x4000

Absolute sections:                         0x1b1e0
  .bss                zero     0xc0000000   0x80a0  waverecorder.o [1]
  .bss                zero     0xc00080a0   0x80a0  waverecorder.o [1]
  .bss                zero     0xc0010140   0x80a0  waverecorder.o [1]
  .bss                zero     0xc00181e0   0x1000  audio_application.o [1]
  .bss                zero     0xc00191e0   0x1000  audio_application.o [1]
  .bss                zero     0xc001a1e0   0x1000  audio_application.o [1]
                             - 0xc001b1e0  0x1b1e0


*******************************************************************************
*** INIT TABLE
***

          Address     Size
          -------     ----
Zero (__iar_zero_init3)
    2 destination ranges, total size 0x2acce:
          0x200104a0   0xfaee
          0xc0000000  0x1b1e0

Copy/lz77 (__iar_lz77_init3)
    1 source range, total size 0x303 (65% of destination):
          0x0802b2e0    0x303
    1 destination range, total size 0x49d:
          0x20010000    0x49d



*******************************************************************************
*** MODULE SUMMARY
***

    Module                       ro code  ro data  rw data  rw data
                                                             (abs)
    ------                       -------  -------  -------  -------
H:\PhanLeSon\ActivNoise\Microphone\F7\Mic_Array_Project\Mic_Array\Projects\STM32746G\Applications\Audio\Mic_Array\EWARM\STM32F7\Obj: [1]
    DSP.o                            278                 4
    audio_application.o              352                     12 288
    audio_codec.o                  4 204        1      202
    main.o                         3 962      161    3 250
    sta321mp.o                     2 320       76      134
    startup_stm32f746xx.o            780
    stm32746g_discovery.o            280        8
    stm32746g_discovery_sdram.o      876        1      177
    stm32f7xx_hal.o                  124                 4
    stm32f7xx_hal_cortex.o           356
    stm32f7xx_hal_dma.o           14 684
    stm32f7xx_hal_gpio.o             620
    stm32f7xx_hal_i2c.o            2 776
    stm32f7xx_hal_i2c_ex.o           132
    stm32f7xx_hal_i2s.o              420
    stm32f7xx_hal_pcd.o            2 682
    stm32f7xx_hal_pcd_ex.o           152
    stm32f7xx_hal_pwr_ex.o           132
    stm32f7xx_hal_rcc.o            2 224       16
    stm32f7xx_hal_rcc_ex.o         2 208
    stm32f7xx_hal_sdram.o            172
    stm32f7xx_hal_spi.o            2 130
    stm32f7xx_hal_uart.o           2 342
    stm32f7xx_it.o                   124                 4
    stm32f7xx_ll_fmc.o               380
    stm32f7xx_ll_usb.o             3 408
    system_stm32f7xx.o               108        3        4
    usbd_audio_if.o                  128      155       36
    usbd_audio_in.o                2 752       45      674
    usbd_conf_f4.o                   848               960
    usbd_core.o                      838
    usbd_ctlreq.o                  1 630                 1
    usbd_desc.o                      232      190      252
    usbd_ioreq.o                     188
    waveplayer _CS43L22.o            152        1       69
    waverecorder.o                 6 064            58 248   98 784
    ---------------------------------------------------------------
    Total:                        61 058      657   64 019  111 072

command line: [2]
    ---------------------------------------------------------------
    Total:

dl7M_tlf.a: [3]
    XShttio.o                          8        5        8
    abort.o                            6
    abs.o                              8
    dlmalloc.o                     5 360               496
    errno.o                           12        2        4
    exit.o                             4
    low_level_init.o                   4
    setlocale.o                       20       76      116
    sprintf.o                         52
    xencoding_sb.o                    96
    xgetmemchunk.o                    44                 4
    xmbcurmax.o                       10
    xmbtowc.o                         32
    xprintfsmall.o                 1 988
    xsprout.o                         10
    xtls.o                             2
    xwctomb.o                         26
    ---------------------------------------------------------------
    Total:                         7 682       83      628

iar_cortexM7ls_math.a: [4]
    arm_cfft_radix4_init_f32.o       176
    arm_common_tables.o                    34 816
    arm_rfft_init_f32.o           32 888   32 768
    ---------------------------------------------------------------
    Total:                        33 064   67 584

libPDMFilter_CM7_IAR.a: [5]
    pdm_filter.o                   1 360      503      772
    ---------------------------------------------------------------
    Total:                         1 360      503      772

m7M_tls.a: [6]
    DblAdd.o                         232
    DblCmpEq.o                        32
    DblCmpGe.o                        46
    DblCmpLe.o                        46
    DblDiv.o                         598
    DblMul.o                         418
    DblSub.o                         384
    DblToFlt.o                       144
    DblToI32.o                        76
    FltCmpEq.o                        28
    FltCmpLe.o                        36
    FltMul.o                          18
    FltToDbl.o                        78
    I32ToDbl.o                        48
    U32ToFlt.o                        14
    fmod.o                           424
    fpinit_M.o                        34
    sqrt.o                           240
    xdint.o                          122
    xquad.o                          360
    xsin.o                         1 104
    ---------------------------------------------------------------
    Total:                         4 482

rt7M_tl.a: [7]
    ABImemcpy_unaligned.o            118
    ABImemset.o                      102
    cexit.o                           10
    cmain.o                           26
    cstartup_M.o                      12
    data_init.o                       40
    iarEdom.o                         12
    lz77_init.o                      452
    memchr.o                          88
    strchr.o                          22
    strlen.o                          54
    zero_init3.o                      64
    ---------------------------------------------------------------
    Total:                         1 000

shb_l.a: [8]
    exit.o                            20
    iarttio.o                         48
    ---------------------------------------------------------------
    Total:                            68

    Gaps                              38        4
    Linker created                             52   16 384
-------------------------------------------------------------------
    Grand Total:                 108 752   68 883   81 803  111 072


*******************************************************************************
*** ENTRY LIST
***

Entry                      Address    Size  Type      Object
-----                      -------    ----  ----      ------
.iar.init_table$$Base   0x0802b020           --   Gb  - Linker created -
.iar.init_table$$Limit  0x0802b054           --   Gb  - Linker created -
?main                   0x0802b055          Code  Gb  cmain.o [7]
ADD_U8                  0x08028f55    0x18  Code  Gb  main.o [1]
APBAHBPrescTable        0x0802b138    0x10  Data  Gb  stm32f7xx_hal_rcc.o [1]
AUDIO_Desc              0x20010448    0x1c  Data  Gb  usbd_desc.o [1]
AUDIO_Init              0x0801fcfd    0x38  Code  Gb  audio_codec.o [1]
AUDIO_InitApplication   0x0802328d     0xc  Code  Gb  waveplayer _CS43L22.o [1]
AUDIO_REQ_GetCurrent    0x08023fe7    0x30  Code  Lc  usbd_audio_in.o [1]
AUDIO_REQ_GetMaximum    0x08023f81    0x22  Code  Lc  usbd_audio_in.o [1]
AUDIO_REQ_GetMinimum    0x08023fa3    0x22  Code  Lc  usbd_audio_in.o [1]
AUDIO_REQ_GetResolution
                        0x08023fc5    0x22  Code  Lc  usbd_audio_in.o [1]
AUDIO_REQ_SetCurrent    0x08024017    0x34  Code  Lc  usbd_audio_in.o [1]
AudioMerging            0x080236b1   0x10c  Code  Gb  audio_application.o [1]
AudioProcess            0x08023679    0x38  Code  Gb  audio_application.o [1]
Audio_CommandMgr        0x08026685     0x6  Code  Lc  usbd_audio_if.o [1]
Audio_DeInit            0x0802662f     0x6  Code  Lc  usbd_audio_if.o [1]
Audio_Init              0x08026629     0x6  Code  Lc  usbd_audio_if.o [1]
Audio_MAL_Play          0x08020919    0xbc  Code  Gb  audio_codec.o [1]
Audio_MuteCtl           0x08026673     0x6  Code  Lc  usbd_audio_if.o [1]
Audio_Pause             0x0802667d     0x4  Code  Lc  usbd_audio_if.o [1]
Audio_Play_Out          0x080219e7    0xe6  Code  Lc  main.o [1]
Audio_Record            0x08026635     0x4  Code  Lc  usbd_audio_if.o [1]
Audio_Resume            0x08026681     0x4  Code  Lc  usbd_audio_if.o [1]
Audio_Stop              0x08026679     0x4  Code  Lc  usbd_audio_if.o [1]
Audio_VolumeCtl         0x08026639    0x3a  Code  Lc  usbd_audio_if.o [1]
BSP_AUDIO_OUT_ClockConfig
                        0x0802204b    0x70  Code  Gb  main.o [1]
BSP_LED_Init            0x08023b45    0xc8  Code  Gb  stm32746g_discovery.o [1]
BSP_LED_Toggle          0x08023c0d    0x42  Code  Gb  stm32746g_discovery.o [1]
BSP_SDRAM_Init          0x080237d9    0xd6  Code  Gb  stm32746g_discovery_sdram.o [1]
BSP_SDRAM_Initialization_sequence
                        0x080238af    0xb0  Code  Gb  stm32746g_discovery_sdram.o [1]
BSP_SDRAM_MspInit       0x0802395f   0x1a8  Code  Wk  stm32746g_discovery_sdram.o [1]
Buffer1                 0xc0000000  0x80a0  Data  Gb  waverecorder.o [1]
Buffer2                 0xc00080a0  0x80a0  Data  Gb  waverecorder.o [1]
Buffer3                 0xc0010140  0x80a0  Data  Gb  waverecorder.o [1]
BusFault_Handler        0x0802ae6b     0x2  Code  Gb  stm32f7xx_it.o [1]
ButtonInit              0x0802253d    0x4e  Code  Gb  main.o [1]
CPU_CACHE_Enable        0x080220bb     0xc  Code  Lc  main.o [1]
CSTACK$$Base            0x2001ff90           --   Gb  - Linker created -
CSTACK$$Limit           0x20021f90           --   Gb  - Linker created -
Codec_AudioInterface_Init
                        0x08020885     0xc  Code  Lc  audio_codec.o [1]
Codec_CtrlInterface_Init
                        0x0802087d     0x8  Code  Lc  audio_codec.o [1]
Codec_GPIO_Init         0x08020891    0x40  Code  Lc  audio_codec.o [1]
Codec_Init              0x08020653    0xf6  Code  Lc  audio_codec.o [1]
Codec_ReadRegister      0x08020819    0x64  Code  Lc  audio_codec.o [1]
Codec_Reset             0x080207ad    0x24  Code  Lc  audio_codec.o [1]
Codec_TIMEOUT_UserCallback
                        0x08023213     0x4  Code  Gb  waveplayer _CS43L22.o [1]
Codec_VolumeCtrl        0x08020749    0x64  Code  Lc  audio_codec.o [1]
Codec_WriteRegister     0x080207d3    0x3e  Code  Lc  audio_codec.o [1]
Command                 0x2001fefc    0x10  Data  Lc  stm32746g_discovery_sdram.o [1]
Command_index           0x2001049a     0x1  Data  Gb  main.o [1]
CrssCor                 0x08023561    0xf6  Code  Gb  DSP.o [1]
DFT_Init                0x0802235d    0x62  Code  Gb  main.o [1]
DMA1_Stream0_IRQHandler
                        0x08020647     0x2  Code  Gb  audio_codec.o [1]
DMA1_Stream7_IRQHandler
                        0x0801fd35   0x912  Code  Gb  audio_codec.o [1]
DMA2_Stream4_IRQHandler
                        0x0802aedd     0x2  Code  Gb  stm32f7xx_it.o [1]
DMA2_Stream5_IRQHandler
                        0x0801d6c3     0xc  Code  Gb  waverecorder.o [1]
DMA2_Stream6_IRQHandler
                        0x0801d6cf     0xc  Code  Gb  waverecorder.o [1]
DMA2_Stream7_IRQHandler
                        0x0802aedf     0x2  Code  Gb  stm32f7xx_it.o [1]
DMA_SetConfig           0x08018af1    0x2e  Code  Gb  stm32f7xx_hal_dma.o [1]
DebugMon_Handler        0x0802ae71     0x2  Code  Gb  stm32f7xx_it.o [1]
Delay                   0x08020905    0x14  Code  Lc  audio_codec.o [1]
DmaHandle               0x2001fb04    0x50  Data  Gb  audio_codec.o [1]
EXTI15_10_IRQHandler    0x080222dd     0x2  Code  Gb  main.o [1]
EXTI4_IRQHandler        0x08022291    0x3e  Code  Gb  main.o [1]
EXTI9_5_IRQHandler      0x080222df    0x54  Code  Gb  main.o [1]
EnergySound             0x2001ff0c     0x4  Data  Gb  DSP.o [1]
FFT_Update              0x08021887   0x160  Code  Lc  main.o [1]
FMC_SDRAM_Init          0x08028f75    0x7c  Code  Gb  stm32f7xx_ll_fmc.o [1]
FMC_SDRAM_ProgramRefreshRate
                        0x080290e3     0xe  Code  Gb  stm32f7xx_ll_fmc.o [1]
FMC_SDRAM_SendCommand   0x0802908f    0x54  Code  Gb  stm32f7xx_ll_fmc.o [1]
FMC_SDRAM_Timing_Init   0x08028ff1    0x9e  Code  Gb  stm32f7xx_ll_fmc.o [1]
FacMic                  0x2001fdcc    0x18  Data  Gb  main.o [1]
FactorUpd               0x0802365d    0x1a  Code  Gb  DSP.o [1]
Filter                  0x2001f90c    0x68  Data  Gb  waverecorder.o [1]
GPIO_INS                0x2001fe74    0x14  Data  Gb  main.o [1]
GPIO_PIN                0x0802b1a4     0x8  Data  Gb  stm32746g_discovery.o [1]
HAL_DMA_DeInit          0x08018ba1   0xfe8  Code  Gb  stm32f7xx_hal_dma.o [1]
HAL_DMA_IRQHandler      0x08019c61  0x2798  Code  Gb  stm32f7xx_hal_dma.o [1]
HAL_DMA_Init            0x08018b1f    0x7c  Code  Gb  stm32f7xx_hal_dma.o [1]
HAL_DMA_Start_IT        0x08019bd9    0x86  Code  Gb  stm32f7xx_hal_dma.o [1]
HAL_Delay               0x0801fcdb    0x1a  Code  Wk  stm32f7xx_hal.o [1]
HAL_GPIO_Init           0x0801dbfd   0x1f6  Code  Gb  stm32f7xx_hal_gpio.o [1]
HAL_GPIO_ReadPin        0x0801ddf3    0x18  Code  Gb  stm32f7xx_hal_gpio.o [1]
HAL_GPIO_TogglePin      0x0801de1f     0xa  Code  Gb  stm32f7xx_hal_gpio.o [1]
HAL_GPIO_WritePin       0x0801de0b    0x14  Code  Gb  stm32f7xx_hal_gpio.o [1]
HAL_GetTick             0x0801fcd5     0x6  Code  Wk  stm32f7xx_hal.o [1]
HAL_I2CEx_ConfigAnalogFilter
                        0x08023299    0x84  Code  Gb  stm32f7xx_hal_i2c_ex.o [1]
HAL_I2C_EV_IRQHandler   0x08022aa1   0x12e  Code  Gb  stm32f7xx_hal_i2c.o [1]
HAL_I2C_ErrorCallback   0x08022bdb     0x2  Code  Wk  stm32f7xx_hal_i2c.o [1]
HAL_I2C_GetError        0x08022bdd     0x4  Code  Gb  stm32f7xx_hal_i2c.o [1]
HAL_I2C_Init            0x08022729    0xbc  Code  Gb  stm32f7xx_hal_i2c.o [1]
HAL_I2C_MasterRxCpltCallback
                        0x08022bd1     0x2  Code  Wk  stm32f7xx_hal_i2c.o [1]
HAL_I2C_MasterTxCpltCallback
                        0x08022bcf     0x2  Code  Wk  stm32f7xx_hal_i2c.o [1]
HAL_I2C_Master_Receive  0x08022943   0x158  Code  Gb  stm32f7xx_hal_i2c.o [1]
HAL_I2C_Master_Transmit
                        0x080227e5   0x15e  Code  Gb  stm32f7xx_hal_i2c.o [1]
HAL_I2C_MemRxCpltCallback
                        0x08022bd9     0x2  Code  Wk  stm32f7xx_hal_i2c.o [1]
HAL_I2C_MemTxCpltCallback
                        0x08022bd7     0x2  Code  Wk  stm32f7xx_hal_i2c.o [1]
HAL_I2C_MspInit         0x080220c7    0xe6  Code  Gb  main.o [1]
HAL_I2C_SlaveRxCpltCallback
                        0x08022bd5     0x2  Code  Wk  stm32f7xx_hal_i2c.o [1]
HAL_I2C_SlaveTxCpltCallback
                        0x08022bd3     0x2  Code  Wk  stm32f7xx_hal_i2c.o [1]
HAL_I2S_Init            0x0801ec15   0x126  Code  Gb  stm32f7xx_hal_i2s.o [1]
HAL_I2S_MspInit         0x080209f9   0x2d2  Code  Gb  audio_codec.o [1]
HAL_I2S_TxCpltCallback  0x080225ed    0x22  Code  Gb  main.o [1]
HAL_IncTick             0x0801fcc9     0xc  Code  Wk  stm32f7xx_hal.o [1]
HAL_Init                0x0801fc81    0x22  Code  Gb  stm32f7xx_hal.o [1]
HAL_InitTick            0x0801fca5    0x24  Code  Wk  stm32f7xx_hal.o [1]
HAL_MspInit             0x0801fca3     0x2  Code  Wk  stm32f7xx_hal.o [1]
HAL_NVIC_DisableIRQ     0x0801eedd     0xe  Code  Gb  stm32f7xx_hal_cortex.o [1]
HAL_NVIC_EnableIRQ      0x0801eecf     0xe  Code  Gb  stm32f7xx_hal_cortex.o [1]
HAL_NVIC_SetPriority    0x0801eea9    0x26  Code  Gb  stm32f7xx_hal_cortex.o [1]
HAL_NVIC_SetPriorityGrouping
                        0x0801ee9d     0xc  Code  Gb  stm32f7xx_hal_cortex.o [1]
HAL_PCDEx_ActivateLPM   0x08029bdb    0x28  Code  Gb  stm32f7xx_hal_pcd_ex.o [1]
HAL_PCDEx_LPM_Callback  0x08029c03     0x2  Code  Wk  stm32f7xx_hal_pcd_ex.o [1]
HAL_PCDEx_SetRxFiFo     0x08029bcf     0xc  Code  Gb  stm32f7xx_hal_pcd_ex.o [1]
HAL_PCDEx_SetTxFiFo     0x08029b6d    0x62  Code  Gb  stm32f7xx_hal_pcd_ex.o [1]
HAL_PCD_ConnectCallback
                        0x080268dd     0xe  Code  Gb  usbd_conf_f4.o [1]
HAL_PCD_DataInStageCallback
                        0x08026835    0x1e  Code  Gb  usbd_conf_f4.o [1]
HAL_PCD_DataOutStageCallback
                        0x08026815    0x20  Code  Gb  usbd_conf_f4.o [1]
HAL_PCD_DisconnectCallback
                        0x080268eb     0xe  Code  Gb  usbd_conf_f4.o [1]
HAL_PCD_EP_Close        0x0802982f    0x62  Code  Gb  stm32f7xx_hal_pcd.o [1]
HAL_PCD_EP_ClrStall     0x08029a09    0x62  Code  Gb  stm32f7xx_hal_pcd.o [1]
HAL_PCD_EP_Flush        0x08029a6b    0x3c  Code  Gb  stm32f7xx_hal_pcd.o [1]
HAL_PCD_EP_Open         0x08029795    0x9a  Code  Gb  stm32f7xx_hal_pcd.o [1]
HAL_PCD_EP_Receive      0x08029891    0x82  Code  Gb  stm32f7xx_hal_pcd.o [1]
HAL_PCD_EP_SetStall     0x08029993    0x76  Code  Gb  stm32f7xx_hal_pcd.o [1]
HAL_PCD_EP_Transmit     0x08029913    0x80  Code  Gb  stm32f7xx_hal_pcd.o [1]
HAL_PCD_IRQHandler      0x08029247   0x522  Code  Gb  stm32f7xx_hal_pcd.o [1]
HAL_PCD_ISOINIncompleteCallback
                        0x080268c9    0x14  Code  Gb  usbd_conf_f4.o [1]
HAL_PCD_ISOOUTIncompleteCallback
                        0x080268b5    0x14  Code  Gb  usbd_conf_f4.o [1]
HAL_PCD_Init            0x080290f1   0x12a  Code  Gb  stm32f7xx_hal_pcd.o [1]
HAL_PCD_MspInit         0x0802677b    0x88  Code  Gb  usbd_conf_f4.o [1]
HAL_PCD_ResetCallback   0x08026861    0x38  Code  Gb  usbd_conf_f4.o [1]
HAL_PCD_ResumeCallback  0x080268a7     0xe  Code  Gb  usbd_conf_f4.o [1]
HAL_PCD_SOFCallback     0x08026853     0xe  Code  Gb  usbd_conf_f4.o [1]
HAL_PCD_SetAddress      0x08029769    0x2c  Code  Gb  stm32f7xx_hal_pcd.o [1]
HAL_PCD_SetupStageCallback
                        0x08026803    0x12  Code  Gb  usbd_conf_f4.o [1]
HAL_PCD_Start           0x0802921b    0x2c  Code  Gb  stm32f7xx_hal_pcd.o [1]
HAL_PCD_SuspendCallback
                        0x08026899     0xe  Code  Gb  usbd_conf_f4.o [1]
HAL_PWREx_EnableOverDrive
                        0x08025d05    0x76  Code  Gb  stm32f7xx_hal_pwr_ex.o [1]
HAL_RCCEx_GetPeriphCLKConfig
                        0x08026431   0x1c6  Code  Gb  stm32f7xx_hal_rcc_ex.o [1]
HAL_RCCEx_PeriphCLKConfig
                        0x08025d89   0x6a8  Code  Gb  stm32f7xx_hal_rcc_ex.o [1]
HAL_RCC_ClockConfig     0x08021461   0x256  Code  Gb  stm32f7xx_hal_rcc.o [1]
HAL_RCC_GetHCLKFreq     0x0802175b    0x28  Code  Gb  stm32f7xx_hal_rcc.o [1]
HAL_RCC_GetPCLK1Freq    0x08021783    0x20  Code  Gb  stm32f7xx_hal_rcc.o [1]
HAL_RCC_GetPCLK2Freq    0x080217a3    0x20  Code  Gb  stm32f7xx_hal_rcc.o [1]
HAL_RCC_GetSysClockFreq
                        0x080216b7    0xa4  Code  Gb  stm32f7xx_hal_rcc.o [1]
HAL_RCC_OscConfig       0x08020f49   0x518  Code  Gb  stm32f7xx_hal_rcc.o [1]
HAL_SDRAM_Init          0x080266a9    0x44  Code  Gb  stm32f7xx_hal_sdram.o [1]
HAL_SDRAM_MspInit       0x080266ed     0x2  Code  Wk  stm32f7xx_hal_sdram.o [1]
HAL_SDRAM_ProgramRefreshRate
                        0x0802672b    0x2a  Code  Gb  stm32f7xx_hal_sdram.o [1]
HAL_SDRAM_SendCommand   0x080266ef    0x3c  Code  Gb  stm32f7xx_hal_sdram.o [1]
HAL_SPI_ErrorCallback   0x0801e7f5     0x2  Code  Wk  stm32f7xx_hal_spi.o [1]
HAL_SPI_Init            0x0801e3b9    0xd8  Code  Gb  stm32f7xx_hal_spi.o [1]
HAL_SPI_MspInit         0x0801d0b1   0x5ca  Code  Gb  waverecorder.o [1]
HAL_SPI_Receive_DMA     0x0801e491   0x14c  Code  Gb  stm32f7xx_hal_spi.o [1]
HAL_SPI_RxCpltCallback  0x0801d6ed    0xb8  Code  Gb  waverecorder.o [1]
HAL_SPI_RxHalfCpltCallback
                        0x0801e7f1     0x2  Code  Wk  stm32f7xx_hal_spi.o [1]
HAL_SPI_TransmitReceive_DMA
                        0x0801e5dd   0x212  Code  Gb  stm32f7xx_hal_spi.o [1]
HAL_SPI_TxRxCpltCallback
                        0x0801e7ef     0x2  Code  Wk  stm32f7xx_hal_spi.o [1]
HAL_SPI_TxRxHalfCpltCallback
                        0x0801e7f3     0x2  Code  Wk  stm32f7xx_hal_spi.o [1]
HAL_SYSTICK_Config      0x0801eeeb     0xc  Code  Gb  stm32f7xx_hal_cortex.o [1]
HAL_UART_ErrorCallback  0x080256b5     0x2  Code  Wk  stm32f7xx_hal_uart.o [1]
HAL_UART_IRQHandler     0x080254db    0xf8  Code  Gb  stm32f7xx_hal_uart.o [1]
HAL_UART_Init           0x080253dd    0x7e  Code  Gb  stm32f7xx_hal_uart.o [1]
HAL_UART_MspInit        0x0802220d    0x80  Code  Gb  main.o [1]
HAL_UART_RxCpltCallback
                        0x080256b3     0x2  Code  Wk  stm32f7xx_hal_uart.o [1]
HAL_UART_Transmit_IT    0x0802545b    0x80  Code  Gb  stm32f7xx_hal_uart.o [1]
HAL_UART_TxCpltCallback
                        0x080256b1     0x2  Code  Wk  stm32f7xx_hal_uart.o [1]
HEAP$$Base              0x20021f90           --   Gb  - Linker created -
HEAP$$Limit             0x20023f90           --   Gb  - Linker created -
HardFault_Handler       0x0802ae67     0x2  Code  Gb  stm32f7xx_it.o [1]
I2C1_EV_IRQHandler      0x0802aea7     0xa  Code  Gb  stm32f7xx_it.o [1]
I2C2_EV_IRQHandler      0x0802aeb1     0xa  Code  Gb  stm32f7xx_it.o [1]
I2C_IsAcknowledgeFailed
                        0x0802312f    0x9e  Code  Lc  stm32f7xx_hal_i2c.o [1]
I2C_MasterReceive_ISR   0x08022d35   0x152  Code  Lc  stm32f7xx_hal_i2c.o [1]
I2C_MasterTransmit_ISR  0x08022be1   0x152  Code  Lc  stm32f7xx_hal_i2c.o [1]
I2C_SlaveReceive_ISR    0x08022f49    0xae  Code  Lc  stm32f7xx_hal_i2c.o [1]
I2C_SlaveTransmit_ISR   0x08022e87    0xc2  Code  Lc  stm32f7xx_hal_i2c.o [1]
I2C_TransferConfig      0x080231cd    0x2a  Code  Lc  stm32f7xx_hal_i2c.o [1]
I2C_WaitOnFlagUntilTimeout
                        0x08022ffd    0x8e  Code  Lc  stm32f7xx_hal_i2c.o [1]
I2C_WaitOnSTOPFlagUntilTimeout
                        0x080230df    0x50  Code  Lc  stm32f7xx_hal_i2c.o [1]
I2C_WaitOnTXISFlagUntilTimeout
                        0x0802308b    0x54  Code  Lc  stm32f7xx_hal_i2c.o [1]
I2S1_Init               0x0801cd5f    0x5e  Code  Lc  waverecorder.o [1]
I2S1_stNipple           0x2001ff64     0x2  Data  Gb  waverecorder.o [1]
I2S1_stPosShft          0x2001ff85     0x1  Data  Gb  waverecorder.o [1]
I2S2_Init               0x0801cdbd    0x5e  Code  Lc  waverecorder.o [1]
I2S2_idxTmp             0x2001ff2c     0x2  Data  Gb  main.o [1]
I2S2_stNipple           0x2001ff66     0x2  Data  Gb  waverecorder.o [1]
I2S2_stPosShft          0x2001ff86     0x1  Data  Gb  waverecorder.o [1]
I2S3_Init               0x08023217    0x68  Code  Gb  waveplayer _CS43L22.o [1]
I2S_GetClockFreq        0x0801ed3b    0x66  Code  Lc  stm32f7xx_hal_i2s.o [1]
IS                      0x2001fe44    0x18  Data  Gb  main.o [1]
ISS                     0x2001fed8    0x14  Data  Gb  main.o [1]
InStream_Read           0x0802ab35    0x22  Code  Lc  lz77_init.o [7]
IsocInBuffDummy         0x2001f45c   0x180  Data  Lc  usbd_audio_in.o [1]
LoadInt                 0x08028bc1    0x4c  Code  Lc  xprintfsmall.o [3]
MIC1TO6_Init            0x0801cccf    0x90  Code  Gb  waverecorder.o [1]
MX_I2C1_Init            0x08020cd1    0x48  Code  Gb  audio_codec.o [1]
MX_I2C2_Init            0x08022591    0x50  Code  Gb  main.o [1]
MemManage_Handler       0x0802ae69     0x2  Code  Gb  stm32f7xx_it.o [1]
NMI_Handler             0x0802ae65     0x2  Code  Gb  stm32f7xx_it.o [1]
NVIC_DisableIRQ         0x0801edf5    0x14  Code  Lc  stm32f7xx_hal_cortex.o [1]
NVIC_EnableIRQ          0x0801ede1    0x14  Code  Lc  stm32f7xx_hal_cortex.o [1]
NVIC_EncodePriority     0x0801ee2f    0x3e  Code  Lc  stm32f7xx_hal_cortex.o [1]
NVIC_GetPriorityGrouping
                        0x0801edd7     0xa  Code  Lc  stm32f7xx_hal_cortex.o [1]
NVIC_SetPriority        0x0801ee09    0x26  Code  Lc  stm32f7xx_hal_cortex.o [1]
NVIC_SetPriority        0x08026755    0x26  Code  Lc  usbd_conf_f4.o [1]
NVIC_SetPriorityGrouping
                        0x0801edb9    0x1e  Code  Lc  stm32f7xx_hal_cortex.o [1]
OTG_FS_IRQHandler       0x0802aebb     0xa  Code  Gb  stm32f7xx_it.o [1]
OutStream_Write         0x0802ab57    0x40  Code  Lc  lz77_init.o [7]
OutputDev               0x2001ff6e     0x1  Data  Gb  audio_codec.o [1]
PCD_WriteEmptyTxFifo    0x08029aa7    0xc4  Code  Lc  stm32f7xx_hal_pcd.o [1]
PCM_Buffer1             0xc00181e0  0x1000  Data  Gb  audio_application.o [1]
PCM_Buffer2             0xc00191e0  0x1000  Data  Gb  audio_application.o [1]
PCM_Buffer3             0xc001a1e0  0x1000  Data  Gb  audio_application.o [1]
PDM2PCMSDO78            0x0801d7cd   0x3b0  Code  Gb  waverecorder.o [1]
PDM_Filter_64_LSB       0x0801e069   0x31e  Code  Gb  pdm_filter.o [5]
PDM_Filter_Init         0x0801de69   0x1fe  Code  Gb  pdm_filter.o [5]
PendSV_Handler          0x0802ae73     0x2  Code  Gb  stm32f7xx_it.o [1]
Region$$Table$$Base     0x0802b020           --   Gb  - Linker created -
Region$$Table$$Limit    0x0802b054           --   Gb  - Linker created -
S1                      0x2001fde4    0x18  Data  Gb  main.o [1]
S2                      0x2001fdfc    0x18  Data  Gb  main.o [1]
S3                      0x2001fe14    0x18  Data  Gb  main.o [1]
S4                      0x2001fe2c    0x18  Data  Gb  main.o [1]
SCB_EnableDCache        0x08021823    0x64  Code  Lc  main.o [1]
SCB_EnableICache        0x080217f9    0x2a  Code  Lc  main.o [1]
SPI1_IRQHandler         0x0801c44d   0x232  Code  Gb  waverecorder.o [1]
SPI1_stNipple           0x2001ff62     0x2  Data  Gb  waverecorder.o [1]
SPI2_IRQHandler         0x0801c67f   0x242  Code  Gb  waverecorder.o [1]
SPI3_IRQHandler         0x08020649     0xa  Code  Gb  audio_codec.o [1]
SPI4_IRQHandler         0x0801c8c1   0x242  Code  Gb  waverecorder.o [1]
SPI4_Init               0x0801ce1b    0x7c  Code  Gb  waverecorder.o [1]
SPI4_stPosShft          0x2001ff87     0x1  Data  Gb  waverecorder.o [1]
SPI5_IRQHandler         0x0801cb03    0xec  Code  Gb  waverecorder.o [1]
SPI5_Init               0x0801ce9d    0xfe  Code  Gb  waverecorder.o [1]
SPI6_IRQHandler         0x0801cbef    0xe0  Code  Gb  waverecorder.o [1]
SPI6_Init               0x0801cfb1    0x7c  Code  Gb  waverecorder.o [1]
SPI_DMAError            0x0801e9cd    0x28  Code  Lc  stm32f7xx_hal_spi.o [1]
SPI_DMAHalfReceiveCplt  0x0801e9ad     0xe  Code  Lc  stm32f7xx_hal_spi.o [1]
SPI_DMAHalfTransmitReceiveCplt
                        0x0801e9bd     0xe  Code  Lc  stm32f7xx_hal_spi.o [1]
SPI_DMAReceiveCplt      0x0801e7f9    0xe4  Code  Lc  stm32f7xx_hal_spi.o [1]
SPI_DMATransmitReceiveCplt
                        0x0801e8dd    0xd0  Code  Lc  stm32f7xx_hal_spi.o [1]
SPI_EndRxTransaction    0x0801eb41    0x68  Code  Lc  stm32f7xx_hal_spi.o [1]
SPI_EndRxTxTransaction  0x0801eba9    0x62  Code  Lc  stm32f7xx_hal_spi.o [1]
SPI_I2S_ReceiveData     0x0801d6bd     0x6  Code  Lc  waverecorder.o [1]
SPI_WaitFifoStateUntilTimeout
                        0x0801ea8f    0xb2  Code  Lc  stm32f7xx_hal_spi.o [1]
SPI_WaitFlagStateUntilTimeout
                        0x0801e9f5    0x9a  Code  Lc  stm32f7xx_hal_spi.o [1]
SS1                     0x2001fe88    0x14  Data  Gb  main.o [1]
SS2                     0x2001fe9c    0x14  Data  Gb  main.o [1]
SS3                     0x2001feb0    0x14  Data  Gb  main.o [1]
SS4                     0x2001fec4    0x14  Data  Gb  main.o [1]
STA321MP_DefautLoad     0x08025317    0x2c  Code  Lc  sta321mp.o [1]
STA321MP_Ini            0x08024a65   0x254  Code  Gb  sta321mp.o [1]
STACoefSet              0x08024d15   0x332  Code  Gb  sta321mp.o [1]
SVC_Handler             0x0802ae6f     0x2  Code  Gb  stm32f7xx_it.o [1]
Send_Audio_to_USB       0x0802668b    0x14  Code  Gb  usbd_audio_if.o [1]
SetCoefValue            0x080250f5    0x6a  Code  Gb  sta321mp.o [1]
SrvB_Debound            0x080253a9    0x32  Code  Gb  main.o [1]
SumDelay                0x08022415   0x10a  Code  Gb  main.o [1]
SysTick_Config          0x0801ee6d    0x30  Code  Lc  stm32f7xx_hal_cortex.o [1]
SysTick_Handler         0x0802ae75    0x26  Code  Gb  stm32f7xx_it.o [1]
SystemClock_Config      0x08021f9b    0xb0  Code  Lc  main.o [1]
SystemCoreClock         0x2001048c     0x4  Data  Gb  system_stm32f7xx.o [1]
SystemInit              0x0802aee1    0x4c  Code  Gb  system_stm32f7xx.o [1]
T0                      0x20010004   0x100  Data  Gb  pdm_filter.o [5]
T1                      0x20010104   0x100  Data  Gb  pdm_filter.o [5]
T2                      0x20010204   0x100  Data  Gb  pdm_filter.o [5]
TestSDO12               0x200104a0  0x2000  Data  Gb  waverecorder.o [1]
TestSDO34               0x200124a0  0x2000  Data  Gb  waverecorder.o [1]
TestSDO56               0x200144a0  0x2000  Data  Gb  waverecorder.o [1]
TestSDO7                0x200164a0  0x2000  Data  Gb  waverecorder.o [1]
TestSDO7_1              0x2001a4a0  0x2000  Data  Gb  waverecorder.o [1]
TestSDO8                0x200184a0  0x2000  Data  Gb  waverecorder.o [1]
TestSDO8_1              0x2001c4a0  0x2000  Data  Gb  waverecorder.o [1]
Timing                  0x2001fdb0    0x1c  Data  Lc  stm32746g_discovery_sdram.o [1]
UART_AdvFeatureConfig   0x08025bd1    0xda  Code  Gb  stm32f7xx_hal_uart.o [1]
UART_CheckIdleState     0x08025cab    0x58  Code  Gb  stm32f7xx_hal_uart.o [1]
UART_EndTransmit_IT     0x08025763    0x3c  Code  Lc  stm32f7xx_hal_uart.o [1]
UART_Receive_IT         0x0802579f    0xa6  Code  Lc  stm32f7xx_hal_uart.o [1]
UART_SetConfig          0x08025845   0x35c  Code  Gb  stm32f7xx_hal_uart.o [1]
UART_Transmit_IT        0x080256b7    0xac  Code  Lc  stm32f7xx_hal_uart.o [1]
UART_WaitOnFlagUntilTimeout
                        0x080255d3    0xde  Code  Gb  stm32f7xx_hal_uart.o [1]
USART3_IRQHandler       0x0802ae9d     0xa  Code  Gb  stm32f7xx_it.o [1]
USART3_Init             0x080221ad    0x60  Code  Gb  main.o [1]
USART6_IRQHandler       0x0802ae9b     0x2  Code  Gb  stm32f7xx_it.o [1]
USBD_AUDIO              0x200103c8    0x38  Data  Gb  usbd_audio_in.o [1]
USBD_AUDIO_CfgDesc      0x2001f824    0x78  Data  Lc  usbd_audio_in.o [1]
USBD_AUDIO_ConfigStrDescriptor
                        0x0802ad6d    0x26  Code  Gb  usbd_desc.o [1]
USBD_AUDIO_DataIn       0x08023df1   0x122  Code  Lc  usbd_audio_in.o [1]
USBD_AUDIO_DataOut      0x08023f6f     0x6  Code  Lc  usbd_audio_in.o [1]
USBD_AUDIO_Data_Transfer
                        0x0802404b   0x186  Code  Gb  usbd_audio_in.o [1]
USBD_AUDIO_DeInit       0x08023cdb    0x2c  Code  Lc  usbd_audio_in.o [1]
USBD_AUDIO_DeviceDescriptor
                        0x0802acf9     0xa  Code  Gb  usbd_desc.o [1]
USBD_AUDIO_DeviceQualifierDesc
                        0x20010478     0xc  Data  Lc  usbd_audio_in.o [1]
USBD_AUDIO_EP0_RxReady  0x08023f13    0x44  Code  Lc  usbd_audio_in.o [1]
USBD_AUDIO_EP0_TxReady  0x08023f57     0x6  Code  Lc  usbd_audio_in.o [1]
USBD_AUDIO_GetCfgDesc   0x08023de5     0xc  Code  Lc  usbd_audio_in.o [1]
USBD_AUDIO_GetDeviceQualifierDesc
                        0x08023f75     0xc  Code  Lc  usbd_audio_in.o [1]
USBD_AUDIO_Init         0x08023c5d    0x7e  Code  Lc  usbd_audio_in.o [1]
USBD_AUDIO_Init_Microphone_Descriptor
                        0x080241df   0x524  Code  Gb  usbd_audio_in.o [1]
USBD_AUDIO_InterfaceStrDescriptor
                        0x0802ad93    0x26  Code  Gb  usbd_desc.o [1]
USBD_AUDIO_IsoINIncomplete
                        0x08023f63     0x6  Code  Lc  usbd_audio_in.o [1]
USBD_AUDIO_IsoOutIncomplete
                        0x08023f69     0x6  Code  Lc  usbd_audio_in.o [1]
USBD_AUDIO_LangIDStrDescriptor
                        0x0802ad03     0xa  Code  Gb  usbd_desc.o [1]
USBD_AUDIO_ManufacturerStrDescriptor
                        0x0802ad33    0x14  Code  Gb  usbd_desc.o [1]
USBD_AUDIO_ProductStrDescriptor
                        0x0802ad0d    0x26  Code  Gb  usbd_desc.o [1]
USBD_AUDIO_RegisterInterface
                        0x080241d1     0xe  Code  Gb  usbd_audio_in.o [1]
USBD_AUDIO_SOF          0x08023f5d     0x6  Code  Lc  usbd_audio_in.o [1]
USBD_AUDIO_SerialStrDescriptor
                        0x0802ad47    0x26  Code  Gb  usbd_desc.o [1]
USBD_AUDIO_Setup        0x08023d07    0xde  Code  Lc  usbd_audio_in.o [1]
USBD_AUDIO_fops         0x20010424    0x24  Data  Gb  usbd_audio_if.o [1]
USBD_ClrClassConfig     0x080247af    0x18  Code  Gb  usbd_core.o [1]
USBD_ClrFeature         0x0802702f    0x3a  Code  Lc  usbd_ctlreq.o [1]
USBD_CtlContinueRx      0x08027171    0x1a  Code  Gb  usbd_ioreq.o [1]
USBD_CtlContinueSendData
                        0x0802712b    0x1a  Code  Gb  usbd_ioreq.o [1]
USBD_CtlError           0x08027091    0x18  Code  Gb  usbd_ctlreq.o [1]
USBD_CtlPrepareRx       0x08027145    0x2c  Code  Gb  usbd_ioreq.o [1]
USBD_CtlReceiveStatus   0x080271a5    0x1a  Code  Gb  usbd_ioreq.o [1]
USBD_CtlSendData        0x08027103    0x28  Code  Gb  usbd_ioreq.o [1]
USBD_CtlSendStatus      0x0802718b    0x1a  Code  Gb  usbd_ioreq.o [1]
USBD_GetConfig          0x08026f81    0x4c  Code  Lc  usbd_ctlreq.o [1]
USBD_GetDescriptor      0x08026cdd   0x164  Code  Lc  usbd_ctlreq.o [1]
USBD_GetLen             0x080270ef    0x14  Code  Lc  usbd_ctlreq.o [1]
USBD_GetStatus          0x08026fcd    0x3c  Code  Lc  usbd_ctlreq.o [1]
USBD_GetString          0x080270a9    0x46  Code  Gb  usbd_ctlreq.o [1]
USBD_Init               0x0802471d    0x38  Code  Gb  usbd_core.o [1]
USBD_LL_ClearStallEP    0x08026a09    0x16  Code  Gb  usbd_conf_f4.o [1]
USBD_LL_CloseEP         0x080269c7    0x16  Code  Gb  usbd_conf_f4.o [1]
USBD_LL_DataInStage     0x080248bf    0xe2  Code  Gb  usbd_core.o [1]
USBD_LL_DataOutStage    0x08024831    0x8e  Code  Gb  usbd_core.o [1]
USBD_LL_DevConnected    0x08024a41     0x6  Code  Gb  usbd_core.o [1]
USBD_LL_DevDisconnected
                        0x08024a47    0x1c  Code  Gb  usbd_core.o [1]
USBD_LL_FlushEP         0x080269dd    0x16  Code  Gb  usbd_conf_f4.o [1]
USBD_LL_Init            0x080268f9    0x7e  Code  Gb  usbd_conf_f4.o [1]
USBD_LL_IsStallEP       0x08026a1f    0x30  Code  Gb  usbd_conf_f4.o [1]
USBD_LL_IsoINIncomplete
                        0x08024a35     0x6  Code  Gb  usbd_core.o [1]
USBD_LL_IsoOUTIncomplete
                        0x08024a3b     0x6  Code  Gb  usbd_core.o [1]
USBD_LL_OpenEP          0x080269a5    0x22  Code  Gb  usbd_conf_f4.o [1]
USBD_LL_PrepareReceive  0x08026a85    0x20  Code  Gb  usbd_conf_f4.o [1]
USBD_LL_Reset           0x080249a1    0x46  Code  Gb  usbd_core.o [1]
USBD_LL_Resume          0x08024a03     0xe  Code  Gb  usbd_core.o [1]
USBD_LL_SOF             0x08024a11    0x24  Code  Gb  usbd_core.o [1]
USBD_LL_SetSpeed        0x080249e7     0x8  Code  Gb  usbd_core.o [1]
USBD_LL_SetUSBAddress   0x08026a4f    0x16  Code  Gb  usbd_conf_f4.o [1]
USBD_LL_SetupStage      0x080247c7    0x6a  Code  Gb  usbd_core.o [1]
USBD_LL_StallEP         0x080269f3    0x16  Code  Gb  usbd_conf_f4.o [1]
USBD_LL_Start           0x08026995    0x10  Code  Gb  usbd_conf_f4.o [1]
USBD_LL_Suspend         0x080249ef    0x14  Code  Gb  usbd_core.o [1]
USBD_LL_Transmit        0x08026a65    0x20  Code  Gb  usbd_conf_f4.o [1]
USBD_LangIDDesc         0x20010490     0x4  Data  Gb  usbd_desc.o [1]
USBD_ParseSetupRequest  0x08027069    0x28  Code  Gb  usbd_ctlreq.o [1]
USBD_RegisterClass      0x08024755    0x1a  Code  Gb  usbd_core.o [1]
USBD_RunTestMode        0x0802477d     0x6  Code  Gb  usbd_core.o [1]
USBD_SetAddress         0x08026e41    0x60  Code  Lc  usbd_ctlreq.o [1]
USBD_SetClassConfig     0x08024783    0x2c  Code  Gb  usbd_core.o [1]
USBD_SetConfig          0x08026ea1    0xda  Code  Lc  usbd_ctlreq.o [1]
USBD_SetFeature         0x08027009    0x26  Code  Lc  usbd_ctlreq.o [1]
USBD_Start              0x0802476f     0xe  Code  Gb  usbd_core.o [1]
USBD_StdDevReq          0x08026aa5    0x7c  Code  Gb  usbd_ctlreq.o [1]
USBD_StdEPReq           0x08026b6d   0x170  Code  Gb  usbd_ctlreq.o [1]
USBD_StdItfReq          0x08026b21    0x4c  Code  Gb  usbd_ctlreq.o [1]
USBD_StrDesc            0x2001f5dc    0xc8  Data  Gb  usbd_desc.o [1]
USB_ActivateEndpoint    0x0802a04d    0xc4  Code  Gb  stm32f7xx_ll_usb.o [1]
USB_ActivateSetup       0x0802a98f    0x44  Code  Gb  stm32f7xx_ll_usb.o [1]
USB_CoreInit            0x08029d25    0x6e  Code  Gb  stm32f7xx_ll_usb.o [1]
USB_CoreReset           0x0802aa2b    0x38  Code  Lc  stm32f7xx_ll_usb.o [1]
USB_DeactivateEndpoint  0x0802a111    0xaa  Code  Gb  stm32f7xx_ll_usb.o [1]
USB_DevConnect          0x0802a8c3    0x1e  Code  Gb  stm32f7xx_ll_usb.o [1]
USB_DevDisconnect       0x0802a8e1    0x1e  Code  Gb  stm32f7xx_ll_usb.o [1]
USB_DevInit             0x08029de5   0x1c0  Code  Gb  stm32f7xx_ll_usb.o [1]
USB_DisableGlobalInt    0x08029da1     0xe  Code  Gb  stm32f7xx_ll_usb.o [1]
USB_EP0StartXfer        0x0802a505   0x1ec  Code  Gb  stm32f7xx_ll_usb.o [1]
USB_EP0_OutStart        0x0802a9d3    0x58  Code  Gb  stm32f7xx_ll_usb.o [1]
USB_EPClearStall        0x0802a801    0x96  Code  Gb  stm32f7xx_ll_usb.o [1]
USB_EPSetStall          0x0802a763    0x9e  Code  Gb  stm32f7xx_ll_usb.o [1]
USB_EPStartXfer         0x0802a1bb   0x342  Code  Gb  stm32f7xx_ll_usb.o [1]
USB_EnableGlobalInt     0x08029d93     0xe  Code  Gb  stm32f7xx_ll_usb.o [1]
USB_FlushRxFifo         0x08029fc9    0x20  Code  Gb  stm32f7xx_ll_usb.o [1]
USB_FlushTxFifo         0x08029fa5    0x24  Code  Gb  stm32f7xx_ll_usb.o [1]
USB_GetDevSpeed         0x08029fff    0x4e  Code  Gb  stm32f7xx_ll_usb.o [1]
USB_GetMode             0x0802a987     0x8  Code  Gb  stm32f7xx_ll_usb.o [1]
USB_ReadDevAllInEpInterrupt
                        0x0802a923    0x16  Code  Gb  stm32f7xx_ll_usb.o [1]
USB_ReadDevAllOutEpInterrupt
                        0x0802a90d    0x16  Code  Gb  stm32f7xx_ll_usb.o [1]
USB_ReadDevInEPInterrupt
                        0x0802a953    0x34  Code  Gb  stm32f7xx_ll_usb.o [1]
USB_ReadDevOutEPInterrupt
                        0x0802a939    0x1a  Code  Gb  stm32f7xx_ll_usb.o [1]
USB_ReadInterrupts      0x0802a8ff     0xe  Code  Gb  stm32f7xx_ll_usb.o [1]
USB_ReadPacket          0x0802a737    0x2c  Code  Gb  stm32f7xx_ll_usb.o [1]
USB_SetCurrentMode      0x08029daf    0x36  Code  Gb  stm32f7xx_ll_usb.o [1]
USB_SetDevAddress       0x0802a897    0x2c  Code  Gb  stm32f7xx_ll_usb.o [1]
USB_SetDevSpeed         0x08029fe9    0x16  Code  Gb  stm32f7xx_ll_usb.o [1]
USB_WritePacket         0x0802a6f1    0x46  Code  Gb  stm32f7xx_ll_usb.o [1]
UsageFault_Handler      0x0802ae6d     0x2  Code  Gb  stm32f7xx_it.o [1]
VOL_CUR                 0x2001ff4a     0x2  Data  Lc  usbd_audio_in.o [1]
Volume                  0x20010498     0x1  Data  Gb  audio_codec.o [1]
WavePlayerInit          0x08023201    0x12  Code  Gb  waveplayer _CS43L22.o [1]
WaveRec_idxSens1        0x2001ff2e     0x2  Data  Gb  main.o [1]
WaveRec_idxSens2        0x2001ff30     0x2  Data  Gb  main.o [1]
WaveRec_idxSens3        0x2001ff2a     0x2  Data  Gb  main.o [1]
WaveRec_idxSens4        0x2001ff28     0x2  Data  Gb  main.o [1]
WaveRec_idxSens5        0x2001ff32     0x2  Data  Gb  main.o [1]
WaveRec_idxSens6        0x2001ff34     0x2  Data  Gb  main.o [1]
WaveRecord_flgIni       0x2001ff80     0x1  Data  Gb  waverecorder.o [1]
WaveRecord_flgSDO7Finish
                        0x2001ff83     0x1  Data  Gb  waverecorder.o [1]
WaveRecord_flgSDO8Finish
                        0x2001ff84     0x1  Data  Gb  waverecorder.o [1]
WriteCoef               0x08025047    0xae  Code  Gb  sta321mp.o [1]
WriteSTAByte            0x08024cb9    0x5c  Code  Gb  sta321mp.o [1]
XferCplt                0x2001ff18     0x4  Data  Gb  waveplayer _CS43L22.o [1]
_EncodingSb_Mbtowc      0x0802aab7    0x30  Code  Gb  xencoding_sb.o [3]
_EncodingSb_Wctomb      0x0802aa9d    0x1a  Code  Gb  xencoding_sb.o [3]
_IsdstStr               0x20010308     0x4  Data  Gb  setlocale.o [3]
_LitobSmall             0x08028e3f    0xce  Code  Lc  xprintfsmall.o [3]
_LocaleEncoding         0x0802aa89     0xe  Code  Gb  setlocale.o [3]
_LocaleReturnString     0x20010328    0x50  Data  Lc  setlocale.o [3]
_Locale_Profile         0x2001030c    0x1c  Data  Gb  setlocale.o [3]
_Mbtowc                 0x08029c39    0x20  Code  Gb  xmbtowc.o [3]
_PrintfSmall            0x08028791   0x430  Code  Gb  xprintfsmall.o [3]
_PutcharsSmall          0x08028f0d    0x2e  Code  Lc  xprintfsmall.o [3]
_PutstrSmall            0x08028c0d   0x228  Code  Lc  xprintfsmall.o [3]
_SProut                 0x0801ec0b     0xa  Code  Gb  xsprout.o [3]
_TzoneStr               0x20010304     0x4  Data  Gb  setlocale.o [3]
_Wctomb                 0x08029d0b    0x1a  Code  Gb  xwctomb.o [3]
__aeabi_cdcmpeq         0x08023399          Code  Gb  DblCmpEq.o [6]
__aeabi_cdcmple         0x08020d69          Code  Gb  DblCmpLe.o [6]
__aeabi_cdrcmple        0x08020d99          Code  Gb  DblCmpGe.o [6]
__aeabi_cfcmpeq         0x0801ef1d          Code  Gb  FltCmpEq.o [6]
__aeabi_cfcmple         0x0801ef49          Code  Gb  FltCmpLe.o [6]
__aeabi_d2f             0x0801f531          Code  Gb  DblToFlt.o [6]
__aeabi_d2iz            0x0801f341          Code  Gb  DblToI32.o [6]
__aeabi_dadd            0x0801f259          Code  Gb  DblAdd.o [6]
__aeabi_ddiv            0x0801f001          Code  Gb  DblDiv.o [6]
__aeabi_dmul            0x0801f38d          Code  Gb  DblMul.o [6]
__aeabi_dsub            0x0801fa11          Code  Gb  DblSub.o [6]
__aeabi_errno_addr      0x08020dc9     0x6  Code  Gb  errno.o [3]
__aeabi_f2d             0x0801ef81          Code  Gb  FltToDbl.o [6]
__aeabi_fmul            0x0801ef6d    0x12  Code  Gb  FltMul.o [6]
__aeabi_i2d             0x0801efd1          Code  Gb  I32ToDbl.o [6]
__aeabi_memset          0x080271c1          Code  Gb  ABImemset.o [7]
__aeabi_ui2d            0x0801efe5          Code  Gb  I32ToDbl.o [6]
__aeabi_ui2f            0x0801ef39     0xe  Code  Gb  U32ToFlt.o [6]
__cmain                 0x0802b055          Code  Gb  cmain.o [7]
__data_GetMemChunk      0x08029c0d    0x2c  Code  Gb  xgetmemchunk.o [3]
__exit                  0x0802aa75    0x14  Code  Gb  exit.o [8]
__iar_Dint              0x0802331f    0x7a  Code  Gb  xdint.o [6]
__iar_Errno             0x20010494     0x4  Data  Gb  errno.o [3]
__iar_Mbcurmax          0x08029d01     0xa  Code  Gb  xmbcurmax.o [3]
__iar_Memchr            0x08029ca9          Code  Gb  memchr.o [7]
__iar_Memset            0x080271c1          Code  Gb  ABImemset.o [7]
__iar_Memset_word       0x080271c9          Code  Gb  ABImemset.o [7]
__iar_Quad              0x08020dd5   0x12c  Code  Gb  xquad.o [6]
__iar_Sin               0x0801f5c1   0x3b2  Code  Gb  xsin.o [6]
__iar_Strchr            0x08029c59          Code  Gb  strchr.o [7]
__iar_close_ttio        0x0802aafd    0x2e  Code  Gb  iarttio.o [8]
__iar_d2uiz             0x0801f36d          Code  Gb  DblToI32.o [6]
__iar_dadd              0x0801f26d          Code  Gb  DblAdd.o [6]
__iar_data_init3        0x0802af8d    0x28  Code  Gb  data_init.o [7]
__iar_dlfree            0x080281ff   0x510  Code  Gb  dlmalloc.o [3]
__iar_dlib_perthread_access
                        0x0802331d     0x2  Code  Gb  xtls.o [3]
__iar_dlmalloc          0x08027f49   0x2aa  Code  Gb  dlmalloc.o [3]
__iar_dsub              0x0801fa25          Code  Gb  DblSub.o [6]
__iar_dsubStart         0x0801fa37          Code  Gb  DblSub.o [6]
__iar_edom              0x08020f3d          Code  Gb  iarEdom.o [7]
__iar_fmod              0x080233b9          Code  Gb  fmod.o [6]
__iar_fmodl             0x080233b9          Code  Gb  fmod.o [6]
__iar_init_vfp          0x0802affd          Code  Gb  fpinit_M.o [6]
__iar_lookup_ttioh      0x0802ab2d     0x8  Code  Gb  XShttio.o [3]
__iar_lz77_init3        0x0802ab97   0x162  Code  Gb  lz77_init.o [7]
__iar_program_start     0x0802b199          Code  Gb  cstartup_M.o [7]
__iar_sqrt              0x0801fb91          Code  Gb  sqrt.o [6]
__iar_ttio_handles      0x20010484     0x8  Data  Lc  XShttio.o [3]
__iar_ui2d              0x0801efe9          Code  Gb  I32ToDbl.o [6]
__iar_unaligned___aeabi_memcpy
                        0x08028719          Code  Gb  ABImemcpy_unaligned.o [7]
__iar_unaligned___aeabi_memcpy4
                        0x08028739          Code  Gb  ABImemcpy_unaligned.o [7]
__iar_unaligned___aeabi_memcpy8
                        0x08028739          Code  Gb  ABImemcpy_unaligned.o [7]
__iar_zero_init3        0x0802af4d    0x40  Code  Gb  zero_init3.o [7]
__low_level_init        0x0802b06f     0x4  Code  Gb  low_level_init.o [3]
__vector_table          0x08000000          Data  Gb  startup_stm32f746xx.o [1]
_call_main              0x0802b061          Code  Gb  cmain.o [7]
_exit                   0x0802b079          Code  Gb  cexit.o [7]
_gm_                    0x2001f284   0x1d8  Data  Lc  dlmalloc.o [3]
_main                   0x0802b06b          Code  Gb  cmain.o [7]
abort                   0x08029c05     0x6  Code  Gb  abort.o [3]
abs                     0x08028f6d     0x8  Code  Gb  abs.o [3]
armBitRevTable          0x080001c8   0x800  Data  Gb  arm_common_tables.o [4]
arm_cfft_radix4_init_f32
                        0x08010a41    0xb0  Code  Gb  arm_cfft_radix4_init_f32.o [4]
arm_rfft_init_f32       0x080089c9    0x72  Code  Gb  arm_rfft_init_f32.o [4]
btnSW1                  0x2001ff6f     0x1  Data  Gb  main.o [1]
btnSW2                  0x2001ff70     0x1  Data  Gb  main.o [1]
bufCoefBiquad           0x2001feec    0x10  Data  Gb  sta321mp.o [1]
bufPCMSens7             0x2001ff1c     0x4  Data  Gb  waverecorder.o [1]
bufPCMSens8             0x2001ff20     0x4  Data  Gb  waverecorder.o [1]
bufferSum               0x2001e4a0   0x800  Data  Gb  main.o [1]
buffer_switch           0x20010499     0x1  Data  Gb  main.o [1]
cntOS                   0x2001ff14     0x4  Data  Gb  stm32f7xx_it.o [1]
cntPos                  0x2001ff50     0x2  Data  Gb  waverecorder.o [1]
cntPos7                 0x2001ff52     0x2  Data  Gb  waverecorder.o [1]
cntRisingEXTI           0x2001ff38     0x2  Data  Gb  main.o [1]
cntStrt                 0x2001ff54     0x2  Data  Gb  waverecorder.o [1]
cntTime200              0x2001ff46     0x2  Data  Gb  main.o [1]
exit                    0x0802b073     0x4  Code  Gb  exit.o [3]
flg10ms                 0x2001ff73     0x1  Data  Gb  main.o [1]
flgDlyUpd               0x2001ff71     0x1  Data  Gb  main.o [1]
flgS2                   0x2001ff75     0x1  Data  Gb  main.o [1]
flgS2Flt                0x2001ff78     0x1  Data  Gb  main.o [1]
flgS2Ins                0x2001ff7b     0x1  Data  Gb  main.o [1]
flgS3                   0x2001ff76     0x1  Data  Gb  main.o [1]
flgS3Flt                0x2001ff79     0x1  Data  Gb  main.o [1]
flgS3Ins                0x2001ff7c     0x1  Data  Gb  main.o [1]
flgS4                   0x2001ff77     0x1  Data  Gb  main.o [1]
flgS4Flt                0x2001ff7a     0x1  Data  Gb  main.o [1]
flgS4Ins                0x2001ff7d     0x1  Data  Gb  main.o [1]
fmod                    0x080233b9          Code  Gb  fmod.o [6]
fmodl                   0x080233b9          Code  Gb  fmod.o [6]
hUSBDDevice             0x2001f060   0x224  Data  Gb  main.o [1]
hUSBDDeviceDesc         0x20010464    0x14  Data  Gb  usbd_desc.o [1]
haudioInstance          0x2001f9d8    0x64  Data  Lc  usbd_audio_in.o [1]
hdma_spi5_rx            0x2001fba4    0x50  Data  Gb  waverecorder.o [1]
hdma_spi6_rx            0x2001fbf4    0x50  Data  Gb  waverecorder.o [1]
hi2c1                   0x2001fd04    0x3c  Data  Gb  audio_codec.o [1]
hi2c2                   0x2001fd40    0x3c  Data  Gb  audio_codec.o [1]
hi2s1                   0x2001fc84    0x40  Data  Gb  waverecorder.o [1]
hi2s2                   0x2001fcc4    0x40  Data  Gb  waverecorder.o [1]
hi2s3                   0x2001fc44    0x40  Data  Gb  waveplayer _CS43L22.o [1]
hpcd                    0x2001eca0   0x3c0  Data  Gb  usbd_conf_f4.o [1]
hspi4                   0x2001f974    0x64  Data  Gb  main.o [1]
hspi5                   0x2001fa3c    0x64  Data  Gb  waverecorder.o [1]
hspi6                   0x2001faa0    0x64  Data  Gb  waverecorder.o [1]
huart3                  0x2001f89c    0x70  Data  Gb  main.o [1]
iSDO12                  0x2001ff68     0x2  Data  Gb  waverecorder.o [1]
iSDO34                  0x2001ff6a     0x2  Data  Gb  waverecorder.o [1]
iSDO56                  0x2001ff6c     0x2  Data  Gb  waverecorder.o [1]
idxLatency12            0x2001ff3c     0x2  Data  Gb  main.o [1]
idxLatency13            0x2001ff3a     0x2  Data  Gb  main.o [1]
idxLatency14            0x2001ff3e     0x2  Data  Gb  main.o [1]
idxLatency25            0x2001ff40     0x2  Data  Gb  main.o [1]
idxLatency63            0x2001ff42     0x2  Data  Gb  main.o [1]
idxLatency78            0x2001ff44     0x2  Data  Gb  main.o [1]
idxMic7                 0x2001ff4e     0x2  Data  Gb  waverecorder.o [1]
idxMic8                 0x2001ff4c     0x2  Data  Gb  waverecorder.o [1]
idxSPI5DataBuf3         0x2001ff36     0x2  Data  Gb  main.o [1]
init_mparams            0x08027243    0x32  Code  Lc  dlmalloc.o [3]
init_top                0x08027275    0x34  Code  Lc  dlmalloc.o [3]
main                    0x08021acd   0x4ce  Code  Gb  main.o [1]
memchr                  0x08029ca9          Code  Gb  memchr.o [7]
mparams                 0x2001fe5c    0x18  Data  Lc  dlmalloc.o [3]
pDataMic7               0x2001f7a4    0x80  Data  Gb  waverecorder.o [1]
pDataMic8               0x2001f724    0x80  Data  Gb  waverecorder.o [1]
pUARTBuf                0x2001f6a4    0x80  Data  Gb  main.o [1]
pcSTAComnd              0x20010378    0x50  Data  Gb  sta321mp.o [1]
pcSTAComnd1             0x2001ff48     0x2  Data  Gb  sta321mp.o [1]
pcSTAComnd2             0x20010400    0x24  Data  Gb  sta321mp.o [1]
prepend_alloc           0x080272a9   0x36c  Code  Lc  dlmalloc.o [3]
realCoefA               0x08008a40  0x8000  Data  Lc  arm_rfft_init_f32.o [4]
realCoefB               0x08010af0  0x8000  Data  Lc  arm_rfft_init_f32.o [4]
sdramHandle             0x2001fd7c    0x34  Data  Lc  stm32746g_discovery_sdram.o [1]
segment_holding         0x08027229    0x1a  Code  Lc  dlmalloc.o [3]
sprintf                 0x08025375    0x34  Code  Gb  sprintf.o [3]
sqrt                    0x0801fb91          Code  Gb  sqrt.o [6]
sqrtl                   0x0801fb91          Code  Gb  sqrt.o [6]
stDir                   0x2001ff74     0x1  Data  Gb  main.o [1]
stFrstFrmStore          0x2001ff72     0x1  Data  Gb  main.o [1]
sta321mp_biquad         0x080251b7   0x160  Code  Lc  sta321mp.o [1]
sta321mp_mixer          0x0802515f    0x2a  Code  Lc  sta321mp.o [1]
sta321mp_postscale      0x080251a1    0x16  Code  Lc  sta321mp.o [1]
sta321mp_prescale       0x08025189    0x18  Code  Lc  sta321mp.o [1]
stm32_crc               0x20010000     0x4  Data  Gb  pdm_filter.o [5]
strchr                  0x08029c59          Code  Gb  strchr.o [7]
strlen                  0x08029c71          Code  Gb  strlen.o [7]
swtSDO7                 0x2001ff81     0x1  Data  Gb  waverecorder.o [1]
swtSDO8                 0x2001ff82     0x1  Data  Gb  waverecorder.o [1]
sys_alloc               0x08027615   0x386  Code  Lc  dlmalloc.o [3]
tmalloc_large           0x080279a9   0x390  Code  Lc  dlmalloc.o [3]
tmalloc_small           0x08027d39   0x210  Code  Lc  dlmalloc.o [3]
twiddleCoef_4096        0x080009c8  0x8000  Data  Gb  arm_common_tables.o [4]
uwTick                  0x2001ff10     0x4  Data  Lc  stm32f7xx_hal.o [1]
vRawSens1               0x2001ff56     0x2  Data  Gb  waverecorder.o [1]
vRawSens2               0x2001ff58     0x2  Data  Gb  waverecorder.o [1]
vRawSens3               0x2001ff5c     0x2  Data  Gb  waverecorder.o [1]
vRawSens4               0x2001ff5a     0x2  Data  Gb  waverecorder.o [1]
vRawSens5               0x2001ff5e     0x2  Data  Gb  waverecorder.o [1]
vRawSens6               0x2001ff60     0x2  Data  Gb  waverecorder.o [1]
vol_table               0x0802ade0    0x84  Data  Gb  usbd_audio_if.o [1]
volume                  0x2001049c     0x1  Data  Gb  waveplayer _CS43L22.o [1]


[1] = H:\PhanLeSon\ActivNoise\Microphone\F7\Mic_Array_Project\Mic_Array\Projects\STM32746G\Applications\Audio\Mic_Array\EWARM\STM32F7\Obj
[2] = command line
[3] = dl7M_tlf.a
[4] = iar_cortexM7ls_math.a
[5] = libPDMFilter_CM7_IAR.a
[6] = m7M_tls.a
[7] = rt7M_tl.a
[8] = shb_l.a

  108 752 bytes of readonly  code memory
   68 883 bytes of readonly  data memory
   81 803 bytes of readwrite data memory (+ 111 072 absolute)

Errors: none
Warnings: none
