###############################################################################
#
# IAR ELF Linker V7.50.2.10312/W32 for ARM                16/Apr/2016  18:31:05
# Copyright 2007-2015 IAR Systems AB.
#
#    Output file  =  
#        D:\sop1hc\Github\data\Mic_Array_V00\USB_STREAMING\Mic_Array\Projects\STM32746G\Applications\Audio\Mic_Array\EWARM\STM32F7\Exe\Project.out
#    Map file     =  
#        D:\sop1hc\Github\data\Mic_Array_V00\USB_STREAMING\Mic_Array\Projects\STM32746G\Applications\Audio\Mic_Array\EWARM\STM32F7\List\Project.map
#    Command line =  
#        D:\sop1hc\Github\data\Mic_Array_V00\USB_STREAMING\Mic_Array\Projects\STM32746G\Applications\Audio\Mic_Array\EWARM\STM32F7\Obj\audio_application.o
#        D:\sop1hc\Github\data\Mic_Array_V00\USB_STREAMING\Mic_Array\Projects\STM32746G\Applications\Audio\Mic_Array\EWARM\STM32F7\Obj\audio_codec.o
#        D:\sop1hc\Github\data\Mic_Array_V00\USB_STREAMING\Mic_Array\Projects\STM32746G\Applications\Audio\Mic_Array\EWARM\STM32F7\Obj\DSP.o
#        D:\sop1hc\Github\data\Mic_Array_V00\USB_STREAMING\Mic_Array\Projects\STM32746G\Applications\Audio\Mic_Array\EWARM\STM32F7\Obj\ff.o
#        D:\sop1hc\Github\data\Mic_Array_V00\USB_STREAMING\Mic_Array\Projects\STM32746G\Applications\Audio\Mic_Array\EWARM\STM32F7\Obj\ft5336.o
#        D:\sop1hc\Github\data\Mic_Array_V00\USB_STREAMING\Mic_Array\Middlewares\ST\STM32_Audio\Addons\PDM\libPDMFilter_CM7_IAR.a
#        D:\sop1hc\Github\data\Mic_Array_V00\USB_STREAMING\Mic_Array\Projects\STM32746G\Applications\Audio\Mic_Array\EWARM\STM32F7\Obj\main.o
#        D:\sop1hc\Github\data\Mic_Array_V00\USB_STREAMING\Mic_Array\Projects\STM32746G\Applications\Audio\Mic_Array\EWARM\STM32F7\Obj\sta321mp.o
#        D:\sop1hc\Github\data\Mic_Array_V00\USB_STREAMING\Mic_Array\Projects\STM32746G\Applications\Audio\Mic_Array\EWARM\STM32F7\Obj\startup_stm32f746xx.o
#        D:\sop1hc\Github\data\Mic_Array_V00\USB_STREAMING\Mic_Array\Projects\STM32746G\Applications\Audio\Mic_Array\EWARM\STM32F7\Obj\stm32746g_discovery.o
#        D:\sop1hc\Github\data\Mic_Array_V00\USB_STREAMING\Mic_Array\Projects\STM32746G\Applications\Audio\Mic_Array\EWARM\STM32F7\Obj\stm32746g_discovery_lcd.o
#        D:\sop1hc\Github\data\Mic_Array_V00\USB_STREAMING\Mic_Array\Projects\STM32746G\Applications\Audio\Mic_Array\EWARM\STM32F7\Obj\stm32746g_discovery_sdram.o
#        D:\sop1hc\Github\data\Mic_Array_V00\USB_STREAMING\Mic_Array\Projects\STM32746G\Applications\Audio\Mic_Array\EWARM\STM32F7\Obj\stm32746g_discovery_ts.o
#        D:\sop1hc\Github\data\Mic_Array_V00\USB_STREAMING\Mic_Array\Projects\STM32746G\Applications\Audio\Mic_Array\EWARM\STM32F7\Obj\stm32f7xx_hal.o
#        D:\sop1hc\Github\data\Mic_Array_V00\USB_STREAMING\Mic_Array\Projects\STM32746G\Applications\Audio\Mic_Array\EWARM\STM32F7\Obj\stm32f7xx_hal_cortex.o
#        D:\sop1hc\Github\data\Mic_Array_V00\USB_STREAMING\Mic_Array\Projects\STM32746G\Applications\Audio\Mic_Array\EWARM\STM32F7\Obj\stm32f7xx_hal_dma.o
#        D:\sop1hc\Github\data\Mic_Array_V00\USB_STREAMING\Mic_Array\Projects\STM32746G\Applications\Audio\Mic_Array\EWARM\STM32F7\Obj\stm32f7xx_hal_dma2d.o
#        D:\sop1hc\Github\data\Mic_Array_V00\USB_STREAMING\Mic_Array\Projects\STM32746G\Applications\Audio\Mic_Array\EWARM\STM32F7\Obj\stm32f7xx_hal_dma_ex.o
#        D:\sop1hc\Github\data\Mic_Array_V00\USB_STREAMING\Mic_Array\Projects\STM32746G\Applications\Audio\Mic_Array\EWARM\STM32F7\Obj\stm32f7xx_hal_flash.o
#        D:\sop1hc\Github\data\Mic_Array_V00\USB_STREAMING\Mic_Array\Projects\STM32746G\Applications\Audio\Mic_Array\EWARM\STM32F7\Obj\stm32f7xx_hal_flash_ex.o
#        D:\sop1hc\Github\data\Mic_Array_V00\USB_STREAMING\Mic_Array\Projects\STM32746G\Applications\Audio\Mic_Array\EWARM\STM32F7\Obj\stm32f7xx_hal_gpio.o
#        D:\sop1hc\Github\data\Mic_Array_V00\USB_STREAMING\Mic_Array\Projects\STM32746G\Applications\Audio\Mic_Array\EWARM\STM32F7\Obj\stm32f7xx_hal_hcd.o
#        D:\sop1hc\Github\data\Mic_Array_V00\USB_STREAMING\Mic_Array\Projects\STM32746G\Applications\Audio\Mic_Array\EWARM\STM32F7\Obj\stm32f7xx_hal_i2c.o
#        D:\sop1hc\Github\data\Mic_Array_V00\USB_STREAMING\Mic_Array\Projects\STM32746G\Applications\Audio\Mic_Array\EWARM\STM32F7\Obj\stm32f7xx_hal_i2c_ex.o
#        D:\sop1hc\Github\data\Mic_Array_V00\USB_STREAMING\Mic_Array\Projects\STM32746G\Applications\Audio\Mic_Array\EWARM\STM32F7\Obj\stm32f7xx_hal_i2s.o
#        D:\sop1hc\Github\data\Mic_Array_V00\USB_STREAMING\Mic_Array\Projects\STM32746G\Applications\Audio\Mic_Array\EWARM\STM32F7\Obj\stm32f7xx_hal_ltdc.o
#        D:\sop1hc\Github\data\Mic_Array_V00\USB_STREAMING\Mic_Array\Projects\STM32746G\Applications\Audio\Mic_Array\EWARM\STM32F7\Obj\stm32f7xx_hal_pcd.o
#        D:\sop1hc\Github\data\Mic_Array_V00\USB_STREAMING\Mic_Array\Projects\STM32746G\Applications\Audio\Mic_Array\EWARM\STM32F7\Obj\stm32f7xx_hal_pcd_ex.o
#        D:\sop1hc\Github\data\Mic_Array_V00\USB_STREAMING\Mic_Array\Projects\STM32746G\Applications\Audio\Mic_Array\EWARM\STM32F7\Obj\stm32f7xx_hal_pwr.o
#        D:\sop1hc\Github\data\Mic_Array_V00\USB_STREAMING\Mic_Array\Projects\STM32746G\Applications\Audio\Mic_Array\EWARM\STM32F7\Obj\stm32f7xx_hal_pwr_ex.o
#        D:\sop1hc\Github\data\Mic_Array_V00\USB_STREAMING\Mic_Array\Projects\STM32746G\Applications\Audio\Mic_Array\EWARM\STM32F7\Obj\stm32f7xx_hal_rcc.o
#        D:\sop1hc\Github\data\Mic_Array_V00\USB_STREAMING\Mic_Array\Projects\STM32746G\Applications\Audio\Mic_Array\EWARM\STM32F7\Obj\stm32f7xx_hal_rcc_ex.o
#        D:\sop1hc\Github\data\Mic_Array_V00\USB_STREAMING\Mic_Array\Projects\STM32746G\Applications\Audio\Mic_Array\EWARM\STM32F7\Obj\stm32f7xx_hal_sai.o
#        D:\sop1hc\Github\data\Mic_Array_V00\USB_STREAMING\Mic_Array\Projects\STM32746G\Applications\Audio\Mic_Array\EWARM\STM32F7\Obj\stm32f7xx_hal_sai_ex.o
#        D:\sop1hc\Github\data\Mic_Array_V00\USB_STREAMING\Mic_Array\Projects\STM32746G\Applications\Audio\Mic_Array\EWARM\STM32F7\Obj\stm32f7xx_hal_sdram.o
#        D:\sop1hc\Github\data\Mic_Array_V00\USB_STREAMING\Mic_Array\Projects\STM32746G\Applications\Audio\Mic_Array\EWARM\STM32F7\Obj\stm32f7xx_hal_spi.o
#        D:\sop1hc\Github\data\Mic_Array_V00\USB_STREAMING\Mic_Array\Projects\STM32746G\Applications\Audio\Mic_Array\EWARM\STM32F7\Obj\stm32f7xx_hal_sram.o
#        D:\sop1hc\Github\data\Mic_Array_V00\USB_STREAMING\Mic_Array\Projects\STM32746G\Applications\Audio\Mic_Array\EWARM\STM32F7\Obj\stm32f7xx_hal_tim.o
#        D:\sop1hc\Github\data\Mic_Array_V00\USB_STREAMING\Mic_Array\Projects\STM32746G\Applications\Audio\Mic_Array\EWARM\STM32F7\Obj\stm32f7xx_hal_tim_ex.o
#        D:\sop1hc\Github\data\Mic_Array_V00\USB_STREAMING\Mic_Array\Projects\STM32746G\Applications\Audio\Mic_Array\EWARM\STM32F7\Obj\stm32f7xx_hal_uart.o
#        D:\sop1hc\Github\data\Mic_Array_V00\USB_STREAMING\Mic_Array\Projects\STM32746G\Applications\Audio\Mic_Array\EWARM\STM32F7\Obj\stm32f7xx_it.o
#        D:\sop1hc\Github\data\Mic_Array_V00\USB_STREAMING\Mic_Array\Projects\STM32746G\Applications\Audio\Mic_Array\EWARM\STM32F7\Obj\stm32f7xx_ll_fmc.o
#        D:\sop1hc\Github\data\Mic_Array_V00\USB_STREAMING\Mic_Array\Projects\STM32746G\Applications\Audio\Mic_Array\EWARM\STM32F7\Obj\stm32f7xx_ll_usb.o
#        D:\sop1hc\Github\data\Mic_Array_V00\USB_STREAMING\Mic_Array\Projects\STM32746G\Applications\Audio\Mic_Array\EWARM\STM32F7\Obj\system_stm32f7xx.o
#        D:\sop1hc\Github\data\Mic_Array_V00\USB_STREAMING\Mic_Array\Projects\STM32746G\Applications\Audio\Mic_Array\EWARM\STM32F7\Obj\usbd_audio_if.o
#        D:\sop1hc\Github\data\Mic_Array_V00\USB_STREAMING\Mic_Array\Projects\STM32746G\Applications\Audio\Mic_Array\EWARM\STM32F7\Obj\usbd_audio_in.o
#        D:\sop1hc\Github\data\Mic_Array_V00\USB_STREAMING\Mic_Array\Projects\STM32746G\Applications\Audio\Mic_Array\EWARM\STM32F7\Obj\usbd_conf_f4.o
#        D:\sop1hc\Github\data\Mic_Array_V00\USB_STREAMING\Mic_Array\Projects\STM32746G\Applications\Audio\Mic_Array\EWARM\STM32F7\Obj\usbd_core.o
#        D:\sop1hc\Github\data\Mic_Array_V00\USB_STREAMING\Mic_Array\Projects\STM32746G\Applications\Audio\Mic_Array\EWARM\STM32F7\Obj\usbd_ctlreq.o
#        D:\sop1hc\Github\data\Mic_Array_V00\USB_STREAMING\Mic_Array\Projects\STM32746G\Applications\Audio\Mic_Array\EWARM\STM32F7\Obj\usbd_desc.o
#        D:\sop1hc\Github\data\Mic_Array_V00\USB_STREAMING\Mic_Array\Projects\STM32746G\Applications\Audio\Mic_Array\EWARM\STM32F7\Obj\usbd_ioreq.o
#        D:\sop1hc\Github\data\Mic_Array_V00\USB_STREAMING\Mic_Array\Projects\STM32746G\Applications\Audio\Mic_Array\EWARM\STM32F7\Obj\usbh_conf.o
#        D:\sop1hc\Github\data\Mic_Array_V00\USB_STREAMING\Mic_Array\Projects\STM32746G\Applications\Audio\Mic_Array\EWARM\STM32F7\Obj\usbh_core.o
#        D:\sop1hc\Github\data\Mic_Array_V00\USB_STREAMING\Mic_Array\Projects\STM32746G\Applications\Audio\Mic_Array\EWARM\STM32F7\Obj\usbh_ctlreq.o
#        D:\sop1hc\Github\data\Mic_Array_V00\USB_STREAMING\Mic_Array\Projects\STM32746G\Applications\Audio\Mic_Array\EWARM\STM32F7\Obj\usbh_diskio.o
#        D:\sop1hc\Github\data\Mic_Array_V00\USB_STREAMING\Mic_Array\Projects\STM32746G\Applications\Audio\Mic_Array\EWARM\STM32F7\Obj\usbh_ioreq.o
#        D:\sop1hc\Github\data\Mic_Array_V00\USB_STREAMING\Mic_Array\Projects\STM32746G\Applications\Audio\Mic_Array\EWARM\STM32F7\Obj\usbh_msc.o
#        D:\sop1hc\Github\data\Mic_Array_V00\USB_STREAMING\Mic_Array\Projects\STM32746G\Applications\Audio\Mic_Array\EWARM\STM32F7\Obj\usbh_msc_bot.o
#        D:\sop1hc\Github\data\Mic_Array_V00\USB_STREAMING\Mic_Array\Projects\STM32746G\Applications\Audio\Mic_Array\EWARM\STM32F7\Obj\usbh_msc_scsi.o
#        D:\sop1hc\Github\data\Mic_Array_V00\USB_STREAMING\Mic_Array\Projects\STM32746G\Applications\Audio\Mic_Array\EWARM\STM32F7\Obj\usbh_pipes.o
#        "D:\sop1hc\Github\data\Mic_Array_V00\USB_STREAMING\Mic_Array\Projects\STM32746G\Applications\Audio\Mic_Array\EWARM\STM32F7\Obj\waveplayer
#        _CS43L22.o"
#        D:\sop1hc\Github\data\Mic_Array_V00\USB_STREAMING\Mic_Array\Projects\STM32746G\Applications\Audio\Mic_Array\EWARM\STM32F7\Obj\waverecorder.o
#        --redirect _Printf=_PrintfSmall --redirect _Scanf=_ScanfSmall -o
#        D:\sop1hc\Github\data\Mic_Array_V00\USB_STREAMING\Mic_Array\Projects\STM32746G\Applications\Audio\Mic_Array\EWARM\STM32F7\Exe\Project.out
#        --map
#        D:\sop1hc\Github\data\Mic_Array_V00\USB_STREAMING\Mic_Array\Projects\STM32746G\Applications\Audio\Mic_Array\EWARM\STM32F7\List\Project.map
#        --config
#        D:\sop1hc\Github\data\Mic_Array_V00\USB_STREAMING\Mic_Array\Projects\STM32746G\Applications\Audio\Mic_Array\EWARM\Project.icf
#        --semihosting --entry __iar_program_start --no_exceptions "D:\Program
#        Files (x86)\IAR Systems\Embedded Workbench
#        7.3\arm\CMSIS\Lib\IAR\iar_cortexM7ls_math.a" --vfe
#
###############################################################################

*******************************************************************************
*** RUNTIME MODEL ATTRIBUTES
***

CppFlavor                     = *
__Heap_Handler                = DLMalloc
__SystemLibrary               = DLib
__dlib_dynamic_initialization = normal


*******************************************************************************
*** PLACEMENT SUMMARY
***

"A1":  place at 0x08000000 { ro section .intvec };
"P1":  place in [from 0x00000000 to 0x00000000] |
                [from 0x08000000 to 0x080fffff] { ro };
"P3":  place in [from 0x20000000 to 0x2000ffff] |
                [from 0x20010000 to 0x2004ffff] { rw, block CSTACK, block HEAP };

  Section             Kind        Address     Size  Object
  -------             ----        -------     ----  ------
"A1":                                        0x1c8
  .intvec             ro code  0x08000000    0x1c8  startup_stm32f746xx.o [1]
                             - 0x080001c8    0x1c8

"P1":                                      0x1e6a4
  .rodata             const    0x080001c8  0x13458  arm_common_tables.o [4]
  .text               ro code  0x08013620   0x14f0  dlmalloc.o [3]
  .text               ro code  0x08014b10      0x6  abort.o [3]
  .text               ro code  0x08014b18     0x2c  xgetmemchunk.o [3]
  .text               ro code  0x08014b44     0x14  exit.o [8]
  .text               ro code  0x08014b58     0x30  iarttio.o [8]
  .text               ro code  0x08014b88      0x8  XShttio.o [3]
  .text               ro code  0x08014b90    0xe68  waverecorder.o [1]
  .text               ro code  0x080159f8    0x6c0  main.o [1]
  .text               ro code  0x080160b8    0x228  stm32f7xx_hal_gpio.o [1]
  .text               ro code  0x080162e0    0x550  pdm_filter.o [5]
  .text               ro code  0x08016830    0x10c  stm32f7xx_hal_i2s.o [1]
  .text               ro code  0x0801693c    0x7f4  stm32f7xx_hal_spi.o [1]
  .text               ro code  0x08017130     0xcc  stm32f7xx_hal_cortex.o [1]
  .text               ro code  0x080171fc    0x300  stm32f7xx_hal_dma.o [1]
  .text               ro code  0x080174fc     0x78  stm32f7xx_hal.o [1]
  .text               ro code  0x08017574    0x5a4  stm32f7xx_hal_rcc_ex.o [1]
  .text               ro code  0x08017b18     0xcc  stm32746g_discovery.o [1]
  .text               ro code  0x08017be4    0x144  arm_rfft_fast_init_f32.o [4]
  .text               ro code  0x08017d28    0x6c4  usbd_audio_in.o [1]
  .text               ro code  0x080183ec    0x258  usbd_core.o [1]
  .text               ro code  0x08018644     0x64  waveplayer _CS43L22.o [1]
  .text               ro code  0x080186a8    0x794  sta321mp.o [1]
  .text               ro code  0x08018e3c    0x8e0  DSP.o [1]
  .text               ro code  0x0801971c    0x10c  audio_application.o [1]
  .text               ro code  0x08019828    0x580  stm32f7xx_hal_rcc.o [1]
  .text               ro code  0x08019da8     0x70  stm32f7xx_hal_pwr_ex.o [1]
  .text               ro code  0x08019e18    0x918  stm32f7xx_hal_i2c.o [1]
  .text               ro code  0x0801a730    0x8a8  audio_codec.o [1]
  .text               ro code  0x0801afd8     0x1c  FltCmpEq.o [6]
  .text               ro code  0x0801aff4      0xe  U32ToFlt.o [6]
  .text               ro code  0x0801b004     0x24  FltCmpLe.o [6]
  .text               ro code  0x0801b028     0x12  FltMul.o [6]
  .text               ro code  0x0801b03c     0x4e  FltToDbl.o [6]
  .text               ro code  0x0801b08c     0x30  I32ToDbl.o [6]
  .text               ro code  0x0801b0bc    0x256  DblDiv.o [6]
  .text               ro code  0x0801b314     0xe8  DblAdd.o [6]
  .text               ro code  0x0801b3fc     0x4c  DblToI32.o [6]
  .text               ro code  0x0801b448    0x1a2  DblMul.o [6]
  .text               ro code  0x0801b5ec     0x90  DblToFlt.o [6]
  .text               ro code  0x0801b67c    0x462  xsin.o [6]
  .text               ro code  0x0801bae0    0x180  DblSub.o [6]
  .text               ro code  0x0801bc60     0xf0  sqrt.o [6]
  .text               ro code  0x0801bd50    0x222  usbd_conf_f4.o [1]
  .text               ro code  0x0801bf72     0x68  usbd_ioreq.o [1]
  .text               ro code  0x0801bfdc    0x422  usbd_ctlreq.o [1]
  .text               ro code  0x0801c400      0x6  ABImemclr.o [7]
  .text               ro code  0x0801c408     0x76  ABImemcpy_unaligned.o [7]
  .text               ro code  0x0801c480    0x132  I64DivMod.o [7]
  .text               ro code  0x0801c5b4     0xe0  usbd_audio_if.o [1]
  .text               ro code  0x0801c694     0x6e  stm32f7xx_hal_i2c_ex.o [1]
  .text               ro code  0x0801c704     0x2e  DblCmpLe.o [6]
  .text               ro code  0x0801c734     0x2e  DblCmpGe.o [6]
  .text               ro code  0x0801c764      0xc  errno.o [3]
  .text               ro code  0x0801c770    0x168  xquad.o [6]
  .text               ro code  0x0801c8d8      0xc  iarEdom.o [7]
  .text               ro code  0x0801c8e4    0x7ea  stm32f7xx_hal_pcd.o [1]
  .text               ro code  0x0801d0d0     0x70  stm32f7xx_hal_pcd_ex.o [1]
  .text               ro code  0x0801d140     0x5e  ABImemset.o [7]
  .text               ro code  0x0801d1a0      0x2  I64DivZer.o [7]
  .text               ro code  0x0801d1a2      0x2  xtls.o [3]
  .text               ro code  0x0801d1a4     0x7a  xdint.o [6]
  .text               ro code  0x0801d220     0x20  DblCmpEq.o [6]
  .text               ro code  0x0801d240    0x1a8  fmod.o [6]
  .text               ro code  0x0801d3e8    0x8e4  stm32f7xx_ll_usb.o [1]
  .text               ro code  0x0801dccc    0x212  stm32f7xx_hal_uart.o [1]
  .text               ro code  0x0801dede    0x1c4  lz77_init.o [7]
  .text               ro code  0x0801e0a4     0xd4  usbd_desc.o [1]
  .text               ro code  0x0801e178     0xc0  arm_bitreversal2.o [4]
  .text               ro code  0x0801e238     0x64  stm32f7xx_it.o [1]
  .text               ro code  0x0801e29c     0x50  system_stm32f7xx.o [1]
  .text               ro code  0x0801e2ec     0x40  zero_init3.o [7]
  .text               ro code  0x0801e32c     0x28  data_init.o [7]
  .text               ro code  0x0801e354     0x22  fpinit_M.o [6]
  .iar.init_table     const    0x0801e378     0x2c  - Linker created -
  .text               ro code  0x0801e3a4     0x1a  cmain.o [7]
  .text               ro code  0x0801e3be      0x4  low_level_init.o [3]
  .text               ro code  0x0801e3c2      0x4  exit.o [3]
  .text               ro code  0x0801e3c8      0xa  cexit.o [7]
  .text               ro code  0x0801e3d4     0x10  startup_stm32f746xx.o [1]
  .text               ro code  0x0801e3e4      0xc  cstartup_M.o [7]
  .text               ro code  0x0801e3f0      0x4  startup_stm32f746xx.o [1]
  .text               ro code  0x0801e3f4      0x4  startup_stm32f746xx.o [1]
  .text               ro code  0x0801e3f8      0x4  startup_stm32f746xx.o [1]
  .text               ro code  0x0801e3fc      0x4  startup_stm32f746xx.o [1]
  .text               ro code  0x0801e400      0x4  startup_stm32f746xx.o [1]
  .text               ro code  0x0801e404      0x4  startup_stm32f746xx.o [1]
  .text               ro code  0x0801e408      0x4  startup_stm32f746xx.o [1]
  .text               ro code  0x0801e40c      0x4  startup_stm32f746xx.o [1]
  .text               ro code  0x0801e410      0x4  startup_stm32f746xx.o [1]
  .text               ro code  0x0801e414      0x4  startup_stm32f746xx.o [1]
  .text               ro code  0x0801e418      0x4  startup_stm32f746xx.o [1]
  .text               ro code  0x0801e41c      0x4  startup_stm32f746xx.o [1]
  .text               ro code  0x0801e420      0x4  startup_stm32f746xx.o [1]
  .text               ro code  0x0801e424      0x4  startup_stm32f746xx.o [1]
  .text               ro code  0x0801e428      0x4  startup_stm32f746xx.o [1]
  .text               ro code  0x0801e42c      0x4  startup_stm32f746xx.o [1]
  .text               ro code  0x0801e430      0x4  startup_stm32f746xx.o [1]
  .text               ro code  0x0801e434      0x4  startup_stm32f746xx.o [1]
  .text               ro code  0x0801e438      0x4  startup_stm32f746xx.o [1]
  .text               ro code  0x0801e43c      0x4  startup_stm32f746xx.o [1]
  .text               ro code  0x0801e440      0x4  startup_stm32f746xx.o [1]
  .text               ro code  0x0801e444      0x4  startup_stm32f746xx.o [1]
  .text               ro code  0x0801e448      0x4  startup_stm32f746xx.o [1]
  .text               ro code  0x0801e44c      0x4  startup_stm32f746xx.o [1]
  .text               ro code  0x0801e450      0x4  startup_stm32f746xx.o [1]
  .text               ro code  0x0801e454      0x4  startup_stm32f746xx.o [1]
  .text               ro code  0x0801e458      0x4  startup_stm32f746xx.o [1]
  .text               ro code  0x0801e45c      0x4  startup_stm32f746xx.o [1]
  .text               ro code  0x0801e460      0x4  startup_stm32f746xx.o [1]
  .text               ro code  0x0801e464      0x4  startup_stm32f746xx.o [1]
  .text               ro code  0x0801e468      0x4  startup_stm32f746xx.o [1]
  .text               ro code  0x0801e46c      0x4  startup_stm32f746xx.o [1]
  .text               ro code  0x0801e470      0x4  startup_stm32f746xx.o [1]
  .text               ro code  0x0801e474      0x4  startup_stm32f746xx.o [1]
  .text               ro code  0x0801e478      0x4  startup_stm32f746xx.o [1]
  .text               ro code  0x0801e47c      0x4  startup_stm32f746xx.o [1]
  .text               ro code  0x0801e480      0x4  startup_stm32f746xx.o [1]
  .text               ro code  0x0801e484      0x4  startup_stm32f746xx.o [1]
  .text               ro code  0x0801e488      0x4  startup_stm32f746xx.o [1]
  .text               ro code  0x0801e48c      0x4  startup_stm32f746xx.o [1]
  .text               ro code  0x0801e490      0x4  startup_stm32f746xx.o [1]
  .text               ro code  0x0801e494      0x4  startup_stm32f746xx.o [1]
  .text               ro code  0x0801e498      0x4  startup_stm32f746xx.o [1]
  .text               ro code  0x0801e49c      0x4  startup_stm32f746xx.o [1]
  .text               ro code  0x0801e4a0      0x4  startup_stm32f746xx.o [1]
  .text               ro code  0x0801e4a4      0x4  startup_stm32f746xx.o [1]
  .text               ro code  0x0801e4a8      0x4  startup_stm32f746xx.o [1]
  .text               ro code  0x0801e4ac      0x4  startup_stm32f746xx.o [1]
  .text               ro code  0x0801e4b0      0x4  startup_stm32f746xx.o [1]
  .text               ro code  0x0801e4b4      0x4  startup_stm32f746xx.o [1]
  .text               ro code  0x0801e4b8      0x4  startup_stm32f746xx.o [1]
  .text               ro code  0x0801e4bc      0x4  startup_stm32f746xx.o [1]
  .text               ro code  0x0801e4c0      0x4  startup_stm32f746xx.o [1]
  .text               ro code  0x0801e4c4      0x4  startup_stm32f746xx.o [1]
  .text               ro code  0x0801e4c8      0x4  startup_stm32f746xx.o [1]
  .text               ro code  0x0801e4cc      0x4  startup_stm32f746xx.o [1]
  .text               ro code  0x0801e4d0      0x4  startup_stm32f746xx.o [1]
  .text               ro code  0x0801e4d4      0x4  startup_stm32f746xx.o [1]
  .text               ro code  0x0801e4d8      0x4  startup_stm32f746xx.o [1]
  .text               ro code  0x0801e4dc      0x4  startup_stm32f746xx.o [1]
  .text               ro code  0x0801e4e0      0x4  startup_stm32f746xx.o [1]
  .text               ro code  0x0801e4e4      0x4  startup_stm32f746xx.o [1]
  .text               ro code  0x0801e4e8      0x4  startup_stm32f746xx.o [1]
  .text               ro code  0x0801e4ec      0x4  startup_stm32f746xx.o [1]
  .text               ro code  0x0801e4f0      0x4  startup_stm32f746xx.o [1]
  .text               ro code  0x0801e4f4      0x4  startup_stm32f746xx.o [1]
  .text               ro code  0x0801e4f8      0x4  startup_stm32f746xx.o [1]
  .text               ro code  0x0801e4fc      0x4  startup_stm32f746xx.o [1]
  .text               ro code  0x0801e500      0x4  startup_stm32f746xx.o [1]
  .text               ro code  0x0801e504      0x4  startup_stm32f746xx.o [1]
  .text               ro code  0x0801e508      0x4  startup_stm32f746xx.o [1]
  .text               ro code  0x0801e50c      0x4  startup_stm32f746xx.o [1]
  .text               ro code  0x0801e510      0x4  startup_stm32f746xx.o [1]
  .text               ro code  0x0801e514      0x4  startup_stm32f746xx.o [1]
  .text               ro code  0x0801e518      0x4  startup_stm32f746xx.o [1]
  .text               ro code  0x0801e51c      0x4  startup_stm32f746xx.o [1]
  .text               ro code  0x0801e520      0x4  startup_stm32f746xx.o [1]
  .rodata             const    0x0801e524      0x0  zero_init3.o [7]
  .rodata             const    0x0801e524      0x0  lz77_init.o [7]
  Initializer bytes   const    0x0801e524    0x348  <for P3 s0>
                             - 0x0801e86c  0x1e6a4

"P3", part 1 of 3:                          0x171d
  P3 s0                        0x20010000   0x171d  <Init block>
    .data             inited   0x20010000   0x1280  main.o [1]
    .data             inited   0x20011280    0x304  pdm_filter.o [5]
    .data             inited   0x20011584     0x8c  sta321mp.o [1]
    .data             inited   0x20011610     0x4c  audio_codec.o [1]
    .data             inited   0x2001165c     0x38  usbd_audio_in.o [1]
    .data             inited   0x20011694     0x24  usbd_audio_if.o [1]
    .data             inited   0x200116b8     0x1c  usbd_desc.o [1]
    .data             inited   0x200116d4     0x14  system_stm32f7xx.o [1]
    .data             inited   0x200116e8     0x14  usbd_desc.o [1]
    .data             inited   0x200116fc      0xc  usbd_audio_in.o [1]
    .data             inited   0x20011708      0x8  XShttio.o [3]
    .data             inited   0x20011710      0x4  main.o [1]
    .data             inited   0x20011714      0x4  usbd_desc.o [1]
    __DLIB_PERTHREAD  inited   0x20011718      0x4  errno.o [3]
    .data             inited   0x2001171c      0x1  waveplayer _CS43L22.o [1]
                             - 0x2001171d   0x171d

"P3", part 2 of 3:                         0x1fe48
  .bss                zero     0x20011720  0x14000  waverecorder.o [1]
  .bss                zero     0x20025720   0x4000  audio_application.o [1]
  .bss                zero     0x20029720   0x4000  audio_application.o [1]
  .bss                zero     0x2002d720   0x3014  main.o [1]
  .bss                zero     0x20030734    0x3c0  usbd_conf_f4.o [1]
  .bss                zero     0x20030af4    0x1e4  usbd_audio_in.o [1]
  .bss                zero     0x20030cd8    0x1d8  dlmalloc.o [3]
  .bss                zero     0x20030eb0     0xc8  usbd_desc.o [1]
  .bss                zero     0x20030f78     0x80  waverecorder.o [1]
  .bss                zero     0x20030ff8     0x80  waverecorder.o [1]
  .bss                zero     0x20031078     0x7a  usbd_audio_in.o [1]
  .bss                zero     0x200310f2      0x2  main.o [1]
  .bss                zero     0x200310f4     0x70  main.o [1]
  .bss                zero     0x20031164     0x6c  waverecorder.o [1]
  .bss                zero     0x200311d0     0x6c  waverecorder.o [1]
  .bss                zero     0x2003123c     0x68  waverecorder.o [1]
  .bss                zero     0x200312a4     0x64  main.o [1]
  .bss                zero     0x20031308     0x58  audio_codec.o [1]
  .bss                zero     0x20031360     0x58  waverecorder.o [1]
  .bss                zero     0x200313b8     0x58  waverecorder.o [1]
  .bss                zero     0x20031410     0x58  waverecorder.o [1]
  .bss                zero     0x20031468     0x40  waveplayer _CS43L22.o [1]
  .bss                zero     0x200314a8     0x40  waverecorder.o [1]
  .bss                zero     0x200314e8     0x3c  audio_codec.o [1]
  .bss                zero     0x20031524     0x18  dlmalloc.o [3]
  .bss                zero     0x2003153c     0x10  sta321mp.o [1]
  .bss                zero     0x2003154c      0x4  DSP.o [1]
  .bss                zero     0x20031550      0x4  stm32f7xx_hal.o [1]
  .bss                zero     0x20031554      0x4  stm32f7xx_it.o [1]
  .bss                zero     0x20031558      0x4  waverecorder.o [1]
  .bss                zero     0x2003155c      0x4  xgetmemchunk.o [3]
  .bss                zero     0x20031560      0x2  waverecorder.o [1]
  .bss                zero     0x20031562      0x2  waverecorder.o [1]
  .bss                zero     0x20031564      0x1  audio_application.o [1]
  .bss                zero     0x20031565      0x1  usbd_ctlreq.o [1]
  .bss                zero     0x20031566      0x1  waverecorder.o [1]
                             - 0x20031567  0x1fe47

"P3", part 3 of 3:                          0x4000
  CSTACK                       0x20031568   0x2000  <Block>
    CSTACK            uninit   0x20031568   0x2000  <Block tail>
  HEAP                         0x20033568   0x2000  <Block>
    HEAP              uninit   0x20033568   0x2000  <Block tail>
                             - 0x20035568   0x4000


*******************************************************************************
*** INIT TABLE
***

          Address     Size
          -------     ----
Zero (__iar_zero_init3)
    1 destination range, total size 0x1fe47:
          0x20011720  0x1fe47

Copy/lz77 (__iar_lz77_init3)
    1 source range, total size 0x348 (14% of destination):
          0x0801e524    0x348
    1 destination range, total size 0x171d:
          0x20010000   0x171d



*******************************************************************************
*** MODULE SUMMARY
***

    Module                    ro code  ro data  rw data
    ------                    -------  -------  -------
D:\sop1hc\Github\data\Mic_Array_V00\USB_STREAMING\Mic_Array\Projects\STM32746G\Applications\Audio\Mic_Array\EWARM\STM32F7\Obj: [1]
    DSP.o                       2 272                 4
    audio_application.o           268            32 769
    audio_codec.o               2 216       11      224
    main.o                      1 728      672   17 262
    sta321mp.o                  1 940       20      156
    startup_stm32f746xx.o         780
    stm32746g_discovery.o         204
    stm32f7xx_hal.o               120                 4
    stm32f7xx_hal_cortex.o        204
    stm32f7xx_hal_dma.o           768
    stm32f7xx_hal_gpio.o          552
    stm32f7xx_hal_i2c.o         2 328
    stm32f7xx_hal_i2c_ex.o        110
    stm32f7xx_hal_i2s.o           268
    stm32f7xx_hal_pcd.o         2 026
    stm32f7xx_hal_pcd_ex.o        112
    stm32f7xx_hal_pwr_ex.o        112
    stm32f7xx_hal_rcc.o         1 408
    stm32f7xx_hal_rcc_ex.o      1 444
    stm32f7xx_hal_spi.o         2 036
    stm32f7xx_hal_uart.o          530
    stm32f7xx_it.o                100                 4
    stm32f7xx_ll_usb.o          2 276
    system_stm32f7xx.o             80        3       20
    usbd_audio_if.o               224        5       36
    usbd_audio_in.o             1 732       10      674
    usbd_conf_f4.o                546               960
    usbd_core.o                   600
    usbd_ctlreq.o               1 058                 1
    usbd_desc.o                   212        8      252
    usbd_ioreq.o                  104
    waveplayer _CS43L22.o         100        1       65
    waverecorder.o              3 688            82 833
    ---------------------------------------------------
    Total:                     32 146      730  135 264

command line: [2]
    ---------------------------------------------------
    Total:

dl7M_tlf.a: [3]
    XShttio.o                       8        1        8
    abort.o                         6
    dlmalloc.o                  5 360               496
    errno.o                        12                 4
    exit.o                          4
    low_level_init.o                4
    xgetmemchunk.o                 44                 4
    xtls.o                          2
    ---------------------------------------------------
    Total:                      5 440        1      512

iar_cortexM7ls_math.a: [4]
    arm_bitreversal2.o            192
    arm_common_tables.o                 78 936
    arm_rfft_fast_init_f32.o      324
    ---------------------------------------------------
    Total:                        516   78 936

libPDMFilter_CM7_IAR.a: [5]
    pdm_filter.o                1 360      109      772
    ---------------------------------------------------
    Total:                      1 360      109      772

m7M_tls.a: [6]
    DblAdd.o                      232
    DblCmpEq.o                     32
    DblCmpGe.o                     46
    DblCmpLe.o                     46
    DblDiv.o                      598
    DblMul.o                      418
    DblSub.o                      384
    DblToFlt.o                    144
    DblToI32.o                     76
    FltCmpEq.o                     28
    FltCmpLe.o                     36
    FltMul.o                       18
    FltToDbl.o                     78
    I32ToDbl.o                     48
    U32ToFlt.o                     14
    fmod.o                        424
    fpinit_M.o                     34
    sqrt.o                        240
    xdint.o                       122
    xquad.o                       360
    xsin.o                      1 122
    ---------------------------------------------------
    Total:                      4 500

rt7M_tl.a: [7]
    ABImemclr.o                     6
    ABImemcpy_unaligned.o         118
    ABImemset.o                    94
    I64DivMod.o                   306
    I64DivZer.o                     2
    cexit.o                        10
    cmain.o                        26
    cstartup_M.o                   12
    data_init.o                    40
    iarEdom.o                      12
    lz77_init.o                   452
    zero_init3.o                   64
    ---------------------------------------------------
    Total:                      1 142

shb_l.a: [8]
    exit.o                         20
    iarttio.o                      48
    ---------------------------------------------------
    Total:                         68

    Gaps                           42        2
    Linker created                          44   16 384
-------------------------------------------------------
    Grand Total:               45 214   79 822  152 932


*******************************************************************************
*** ENTRY LIST
***

Entry                      Address    Size  Type      Object
-----                      -------    ----  ----      ------
.iar.init_table$$Base   0x0801e378           --   Gb  - Linker created -
.iar.init_table$$Limit  0x0801e3a4           --   Gb  - Linker created -
?main                   0x0801e3a5          Code  Gb  cmain.o [7]
AHBPrescTable           0x200116d4    0x10  Data  Gb  system_stm32f7xx.o [1]
APBAHBPrescTable        0x08019d98    0x10  Data  Gb  stm32f7xx_hal_rcc.o [1]
AUDIO_Desc              0x200116b8    0x1c  Data  Gb  usbd_desc.o [1]
AUDIO_Init              0x0801a731    0x26  Code  Gb  audio_codec.o [1]
AUDIO_InitApplication   0x0801869d     0xc  Code  Gb  waveplayer _CS43L22.o [1]
AudioPlayerUpd          0x08019747    0x1e  Code  Gb  audio_application.o [1]
AudioRemSize            0x20011654     0x4  Data  Gb  audio_codec.o [1]
AudioTotalSize          0x20011650     0x4  Data  Gb  audio_codec.o [1]
AudioUSBSend            0x0801971d    0x2a  Code  Gb  audio_application.o [1]
Audio_CommandMgr        0x0801c5fd     0x4  Code  Lc  usbd_audio_if.o [1]
Audio_DeInit            0x0801c5b9     0x4  Code  Lc  usbd_audio_if.o [1]
Audio_Init              0x0801c5b5     0x4  Code  Lc  usbd_audio_if.o [1]
Audio_MAL_Play          0x0801ac35    0x58  Code  Gb  audio_codec.o [1]
Audio_MuteCtl           0x0801c5ed     0x4  Code  Lc  usbd_audio_if.o [1]
Audio_Pause             0x0801c5f5     0x4  Code  Lc  usbd_audio_if.o [1]
Audio_Record            0x0801c5bd     0x4  Code  Lc  usbd_audio_if.o [1]
Audio_Resume            0x0801c5f9     0x4  Code  Lc  usbd_audio_if.o [1]
Audio_Stop              0x0801c5f1     0x4  Code  Lc  usbd_audio_if.o [1]
Audio_VolumeCtl         0x0801c5c1    0x2c  Code  Lc  usbd_audio_if.o [1]
BSP_LED_Init            0x08017b19    0x8c  Code  Gb  stm32746g_discovery.o [1]
BSP_LED_Toggle          0x08017ba5    0x2e  Code  Gb  stm32746g_discovery.o [1]
Buffer1                 0x20011720  0x4000  Data  Gb  waverecorder.o [1]
Buffer2                 0x20015720  0x4000  Data  Gb  waverecorder.o [1]
Buffer3                 0x20019720  0x4000  Data  Gb  waverecorder.o [1]
BusFault_Handler        0x0801e23f     0x2  Code  Gb  stm32f7xx_it.o [1]
ButtonInit              0x08015f13    0x4c  Code  Gb  main.o [1]
CSTACK$$Base            0x20031568           --   Gb  - Linker created -
CSTACK$$Limit           0x20033568           --   Gb  - Linker created -
Codec_Init              0x0801a93f   0x21c  Code  Lc  audio_codec.o [1]
Codec_Reset             0x0801abd1    0x34  Code  Lc  audio_codec.o [1]
Codec_TIMEOUT_UserCallback
                        0x08018645     0x4  Code  Gb  waveplayer _CS43L22.o [1]
Codec_VolumeCtrl        0x0801ab5b    0x76  Code  Lc  audio_codec.o [1]
Codec_WriteRegister     0x0801ac05     0xc  Code  Lc  audio_codec.o [1]
Command_index           0x20011713     0x1  Data  Gb  main.o [1]
CurrentPos              0x20011658     0x4  Data  Gb  audio_codec.o [1]
DMA1_Stream0_IRQHandler
                        0x0801a933     0x2  Code  Gb  audio_codec.o [1]
DMA1_Stream7_IRQHandler
                        0x0801a757   0x1dc  Code  Gb  audio_codec.o [1]
DMA2_Stream4_IRQHandler
                        0x0801e299     0x2  Code  Gb  stm32f7xx_it.o [1]
DMA2_Stream5_IRQHandler
                        0x08015805     0x6  Code  Gb  waverecorder.o [1]
DMA2_Stream6_IRQHandler
                        0x0801580b     0x6  Code  Gb  waverecorder.o [1]
DMA2_Stream7_IRQHandler
                        0x0801e29b     0x2  Code  Gb  stm32f7xx_it.o [1]
DebugMon_Handler        0x0801e245     0x2  Code  Gb  stm32f7xx_it.o [1]
DmaHandle               0x20031308    0x58  Data  Gb  audio_codec.o [1]
EXTI15_10_IRQHandler    0x08015e45     0x2  Code  Gb  main.o [1]
EXTI4_IRQHandler        0x08015e1b    0x2a  Code  Gb  main.o [1]
EXTI9_5_IRQHandler      0x08015e47    0x4e  Code  Gb  main.o [1]
EnergyError             0x2003154c     0x4  Data  Gb  DSP.o [1]
EnergyNoiseCalc         0x08018ee3    0x2e  Code  Gb  DSP.o [1]
FacMic                  0x2001002c    0x18  Data  Gb  main.o [1]
FactorUpd               0x08018ecd    0x16  Code  Gb  DSP.o [1]
Filter                  0x2003123c    0x68  Data  Gb  waverecorder.o [1]
GPIO_INS                0x20010018    0x14  Data  Gb  main.o [1]
GPIO_PIN                0x08017bdc     0x8  Data  Gb  stm32746g_discovery.o [1]
GPIO_STA                0x200115d4    0x14  Data  Gb  sta321mp.o [1]
HAL_DMA_DeInit          0x08017291    0x6a  Code  Gb  stm32f7xx_hal_dma.o [1]
HAL_DMA_IRQHandler      0x08017365   0x182  Code  Gb  stm32f7xx_hal_dma.o [1]
HAL_DMA_Init            0x080171fd    0x94  Code  Gb  stm32f7xx_hal_dma.o [1]
HAL_DMA_Start_IT        0x080172fb    0x6a  Code  Gb  stm32f7xx_hal_dma.o [1]
HAL_Delay               0x08017553    0x18  Code  Wk  stm32f7xx_hal.o [1]
HAL_GPIO_Init           0x080160b9   0x1d4  Code  Gb  stm32f7xx_hal_gpio.o [1]
HAL_GPIO_ReadPin        0x0801628d     0xe  Code  Gb  stm32f7xx_hal_gpio.o [1]
HAL_GPIO_TogglePin      0x080162a3     0x8  Code  Gb  stm32f7xx_hal_gpio.o [1]
HAL_GPIO_WritePin       0x0801629b     0x8  Code  Gb  stm32f7xx_hal_gpio.o [1]
HAL_GetTick             0x0801754d     0x6  Code  Wk  stm32f7xx_hal.o [1]
HAL_I2CEx_ConfigAnalogFilter
                        0x0801c695    0x50  Code  Gb  stm32f7xx_hal_i2c_ex.o [1]
HAL_I2C_EV_IRQHandler   0x0801a1b1    0xfe  Code  Gb  stm32f7xx_hal_i2c.o [1]
HAL_I2C_ErrorCallback   0x0801a2bb     0x2  Code  Wk  stm32f7xx_hal_i2c.o [1]
HAL_I2C_GetError        0x0801a2bd     0x4  Code  Gb  stm32f7xx_hal_i2c.o [1]
HAL_I2C_Init            0x08019e19    0x9e  Code  Gb  stm32f7xx_hal_i2c.o [1]
HAL_I2C_MasterRxCpltCallback
                        0x0801a2b1     0x2  Code  Wk  stm32f7xx_hal_i2c.o [1]
HAL_I2C_MasterTxCpltCallback
                        0x0801a2af     0x2  Code  Wk  stm32f7xx_hal_i2c.o [1]
HAL_I2C_Master_Receive  0x0801a01f   0x178  Code  Gb  stm32f7xx_hal_i2c.o [1]
HAL_I2C_Master_Transmit
                        0x08019eb7   0x168  Code  Gb  stm32f7xx_hal_i2c.o [1]
HAL_I2C_MemRxCpltCallback
                        0x0801a2b9     0x2  Code  Wk  stm32f7xx_hal_i2c.o [1]
HAL_I2C_MemTxCpltCallback
                        0x0801a2b7     0x2  Code  Wk  stm32f7xx_hal_i2c.o [1]
HAL_I2C_MspInit         0x08015d57    0xc4  Code  Gb  main.o [1]
HAL_I2C_SlaveRxCpltCallback
                        0x0801a2b5     0x2  Code  Wk  stm32f7xx_hal_i2c.o [1]
HAL_I2C_SlaveTxCpltCallback
                        0x0801a2b3     0x2  Code  Wk  stm32f7xx_hal_i2c.o [1]
HAL_I2S_Init            0x08016831    0xf2  Code  Gb  stm32f7xx_hal_i2s.o [1]
HAL_I2S_MspInit         0x0801ac8d   0x28e  Code  Gb  audio_codec.o [1]
HAL_I2S_TxCpltCallback  0x08015f8b     0x2  Code  Gb  main.o [1]
HAL_IncTick             0x08017543     0xa  Code  Wk  stm32f7xx_hal.o [1]
HAL_Init                0x080174fd    0x20  Code  Gb  stm32f7xx_hal.o [1]
HAL_InitTick            0x0801751f    0x24  Code  Wk  stm32f7xx_hal.o [1]
HAL_MspInit             0x0801751d     0x2  Code  Wk  stm32f7xx_hal.o [1]
HAL_NVIC_DisableIRQ     0x080171a9     0xa  Code  Gb  stm32f7xx_hal_cortex.o [1]
HAL_NVIC_EnableIRQ      0x0801719d     0xc  Code  Gb  stm32f7xx_hal_cortex.o [1]
HAL_NVIC_SetPriority    0x0801714b    0x52  Code  Gb  stm32f7xx_hal_cortex.o [1]
HAL_NVIC_SetPriorityGrouping
                        0x08017131    0x1a  Code  Gb  stm32f7xx_hal_cortex.o [1]
HAL_PCDEx_ActivateLPM   0x0801d117    0x22  Code  Gb  stm32f7xx_hal_pcd_ex.o [1]
HAL_PCDEx_LPM_Callback  0x0801d13f     0x2  Code  Wk  stm32f7xx_hal_pcd_ex.o [1]
HAL_PCDEx_SetRxFiFo     0x0801d10f     0x8  Code  Gb  stm32f7xx_hal_pcd_ex.o [1]
HAL_PCDEx_SetTxFiFo     0x0801d0d1    0x3e  Code  Gb  stm32f7xx_hal_pcd_ex.o [1]
HAL_PCD_ConnectCallback
                        0x0801be4f     0x8  Code  Gb  usbd_conf_f4.o [1]
HAL_PCD_DataInStageCallback
                        0x0801bdf5    0x12  Code  Gb  usbd_conf_f4.o [1]
HAL_PCD_DataOutStageCallback
                        0x0801bde1    0x14  Code  Gb  usbd_conf_f4.o [1]
HAL_PCD_DisconnectCallback
                        0x0801be57     0x8  Code  Gb  usbd_conf_f4.o [1]
HAL_PCD_EP_Close        0x0801ce83    0x40  Code  Gb  stm32f7xx_hal_pcd.o [1]
HAL_PCD_EP_ClrStall     0x0801cfb7    0x4e  Code  Gb  stm32f7xx_hal_pcd.o [1]
HAL_PCD_EP_Flush        0x0801d005    0x2c  Code  Gb  stm32f7xx_hal_pcd.o [1]
HAL_PCD_EP_Open         0x0801ce2f    0x54  Code  Gb  stm32f7xx_hal_pcd.o [1]
HAL_PCD_EP_Receive      0x0801cec3    0x3c  Code  Gb  stm32f7xx_hal_pcd.o [1]
HAL_PCD_EP_SetStall     0x0801cf5b    0x5c  Code  Gb  stm32f7xx_hal_pcd.o [1]
HAL_PCD_EP_Transmit     0x0801ceff    0x3a  Code  Gb  stm32f7xx_hal_pcd.o [1]
HAL_PCD_IRQHandler      0x0801c9c7   0x442  Code  Gb  stm32f7xx_hal_pcd.o [1]
HAL_PCD_ISOINIncompleteCallback
                        0x0801be47     0x8  Code  Gb  usbd_conf_f4.o [1]
HAL_PCD_ISOOUTIncompleteCallback
                        0x0801be3f     0x8  Code  Gb  usbd_conf_f4.o [1]
HAL_PCD_Init            0x0801c8e5    0xbe  Code  Gb  stm32f7xx_hal_pcd.o [1]
HAL_PCD_MspInit         0x0801bd51    0x84  Code  Gb  usbd_conf_f4.o [1]
HAL_PCD_ResetCallback   0x0801be0f    0x20  Code  Gb  usbd_conf_f4.o [1]
HAL_PCD_ResumeCallback  0x0801be37     0x8  Code  Gb  usbd_conf_f4.o [1]
HAL_PCD_SOFCallback     0x0801be07     0x8  Code  Gb  usbd_conf_f4.o [1]
HAL_PCD_SetAddress      0x0801ce11    0x1e  Code  Gb  stm32f7xx_hal_pcd.o [1]
HAL_PCD_SetupStageCallback
                        0x0801bdd5     0xc  Code  Gb  usbd_conf_f4.o [1]
HAL_PCD_Start           0x0801c9a3    0x24  Code  Gb  stm32f7xx_hal_pcd.o [1]
HAL_PCD_SuspendCallback
                        0x0801be2f     0x8  Code  Gb  usbd_conf_f4.o [1]
HAL_PWREx_EnableOverDrive
                        0x08019da9    0x68  Code  Gb  stm32f7xx_hal_pwr_ex.o [1]
HAL_RCCEx_GetPeriphCLKConfig
                        0x080179e3   0x11a  Code  Gb  stm32f7xx_hal_rcc_ex.o [1]
HAL_RCCEx_PeriphCLKConfig
                        0x08017575   0x46e  Code  Gb  stm32f7xx_hal_rcc_ex.o [1]
HAL_RCC_ClockConfig     0x08019b53   0x1c2  Code  Gb  stm32f7xx_hal_rcc.o [1]
HAL_RCC_GetHCLKFreq     0x08019d5b    0x1e  Code  Gb  stm32f7xx_hal_rcc.o [1]
HAL_RCC_GetSysClockFreq
                        0x08019d15    0x46  Code  Gb  stm32f7xx_hal_rcc.o [1]
HAL_RCC_OscConfig       0x08019829   0x32a  Code  Gb  stm32f7xx_hal_rcc.o [1]
HAL_SPI_ErrorCallback   0x08016c65     0x2  Code  Wk  stm32f7xx_hal_spi.o [1]
HAL_SPI_Init            0x0801693d    0xb2  Code  Gb  stm32f7xx_hal_spi.o [1]
HAL_SPI_MspInit         0x0801536d   0x480  Code  Gb  waverecorder.o [1]
HAL_SPI_Receive_DMA     0x080169f5    0xfa  Code  Gb  stm32f7xx_hal_spi.o [1]
HAL_SPI_RxCpltCallback  0x08015835    0x22  Code  Gb  waverecorder.o [1]
HAL_SPI_RxHalfCpltCallback
                        0x08015811    0x24  Code  Gb  waverecorder.o [1]
HAL_SPI_TransmitReceive_DMA
                        0x08016aef   0x172  Code  Gb  stm32f7xx_hal_spi.o [1]
HAL_SPI_TxRxCpltCallback
                        0x08016c61     0x2  Code  Wk  stm32f7xx_hal_spi.o [1]
HAL_SPI_TxRxHalfCpltCallback
                        0x08016c63     0x2  Code  Wk  stm32f7xx_hal_spi.o [1]
HAL_SYSTICK_Config      0x080171bb    0x22  Code  Gb  stm32f7xx_hal_cortex.o [1]
HAL_UART_ErrorCallback  0x0801de59     0x2  Code  Wk  stm32f7xx_hal_uart.o [1]
HAL_UART_IRQHandler     0x0801dccd   0x188  Code  Gb  stm32f7xx_hal_uart.o [1]
HAL_UART_RxCpltCallback
                        0x0801de57     0x2  Code  Wk  stm32f7xx_hal_uart.o [1]
HAL_UART_TxCpltCallback
                        0x0801de55     0x2  Code  Wk  stm32f7xx_hal_uart.o [1]
HEAP$$Base              0x20033568           --   Gb  - Linker created -
HEAP$$Limit             0x20035568           --   Gb  - Linker created -
HardFault_Handler       0x0801e23b     0x2  Code  Gb  stm32f7xx_it.o [1]
I2C1_EV_IRQHandler      0x0801e26d     0x6  Code  Gb  stm32f7xx_it.o [1]
I2C2_EV_IRQHandler      0x0801e273     0x6  Code  Gb  stm32f7xx_it.o [1]
I2C_IsAcknowledgeFailed
                        0x0801a693    0x6c  Code  Lc  stm32f7xx_hal_i2c.o [1]
I2C_MasterReceive_ISR   0x0801a3f9   0x128  Code  Lc  stm32f7xx_hal_i2c.o [1]
I2C_MasterTransmit_ISR  0x0801a2c1   0x136  Code  Lc  stm32f7xx_hal_i2c.o [1]
I2C_SlaveReceive_ISR    0x0801a5bb    0x86  Code  Lc  stm32f7xx_hal_i2c.o [1]
I2C_SlaveTransmit_ISR   0x0801a527    0x94  Code  Lc  stm32f7xx_hal_i2c.o [1]
I2C_TransferConfig      0x0801a705    0x20  Code  Lc  stm32f7xx_hal_i2c.o [1]
I2C_WaitOnSTOPFlagUntilTimeout
                        0x0801a647    0x34  Code  Lc  stm32f7xx_hal_i2c.o [1]
I2S2_idxTmp             0x20010008     0x2  Data  Gb  main.o [1]
I2S2_stLR               0x20031363     0x1  Data  Gb  waverecorder.o [1]
I2S2_stLROld            0x20031364     0x1  Data  Gb  waverecorder.o [1]
I2S3_Init               0x08018649    0x46  Code  Gb  waveplayer _CS43L22.o [1]
InStream_Read           0x0801dedf    0x22  Code  Lc  lz77_init.o [7]
IsocInBuffDummy         0x20030b58   0x180  Data  Lc  usbd_audio_in.o [1]
MIC1TO8_Init            0x0801517d    0x84  Code  Gb  waverecorder.o [1]
MX_I2C1_Init            0x0801af25    0x32  Code  Gb  audio_codec.o [1]
MX_I2C2_Init            0x08015f5f    0x2c  Code  Gb  main.o [1]
MemManage_Handler       0x0801e23d     0x2  Code  Gb  stm32f7xx_it.o [1]
NMI_Handler             0x0801e239     0x2  Code  Gb  stm32f7xx_it.o [1]
NoiseBG                 0x08018f1c   0x800  Data  Gb  DSP.o [1]
OTG_FS_IRQHandler       0x0801e279     0x6  Code  Gb  stm32f7xx_it.o [1]
OutStream_Write         0x0801df01    0x40  Code  Lc  lz77_init.o [7]
OutputDev               0x20011610     0x1  Data  Gb  audio_codec.o [1]
PCD_WriteEmptyTxFifo    0x0801d031    0x9e  Code  Lc  stm32f7xx_hal_pcd.o [1]
PCM_Buffer1             0x20025720  0x4000  Data  Gb  audio_application.o [1]
PCM_Buffer2             0x20029720  0x4000  Data  Gb  audio_application.o [1]
PDM2PCMSDO78            0x08015865   0x114  Code  Gb  waverecorder.o [1]
PDM_Filter_64_LSB       0x080164e1   0x31e  Code  Gb  pdm_filter.o [5]
PDM_Filter_Init         0x080162e1   0x1fe  Code  Gb  pdm_filter.o [5]
PendSV_Handler          0x0801e247     0x2  Code  Gb  stm32f7xx_it.o [1]
Region$$Table$$Base     0x0801e378           --   Gb  - Linker created -
Region$$Table$$Limit    0x0801e3a4           --   Gb  - Linker created -
S                       0x20011268    0x18  Data  Gb  main.o [1]
SPI1_IRQHandler         0x08014b91   0x1bc  Code  Gb  waverecorder.o [1]
SPI2_IRQHandler         0x08014d4d   0x1a4  Code  Gb  waverecorder.o [1]
SPI3_IRQHandler         0x0801a935     0xa  Code  Gb  audio_codec.o [1]
SPI4_IRQHandler         0x08014ef1   0x1b8  Code  Gb  waverecorder.o [1]
SPI4_Init               0x08015233    0x56  Code  Gb  waverecorder.o [1]
SPI4_stNipple           0x20031376     0x2  Data  Gb  waverecorder.o [1]
SPI4_stPosShft          0x20031362     0x1  Data  Gb  waverecorder.o [1]
SPI5_IRQHandler         0x080150a9    0x6c  Code  Gb  waverecorder.o [1]
SPI5_Init               0x08015289    0x86  Code  Gb  waverecorder.o [1]
SPI6_IRQHandler         0x08015115    0x68  Code  Gb  waverecorder.o [1]
SPI6_Init               0x0801530f     0x2  Code  Gb  waverecorder.o [1]
SPI_DMAError            0x08016f59    0x1c  Code  Lc  stm32f7xx_hal_spi.o [1]
SPI_DMAHalfReceiveCplt  0x08016f41     0xa  Code  Lc  stm32f7xx_hal_spi.o [1]
SPI_DMAHalfTransmitReceiveCplt
                        0x08016f4d     0xa  Code  Lc  stm32f7xx_hal_spi.o [1]
SPI_DMAReceiveCplt      0x08016c69   0x16c  Code  Lc  stm32f7xx_hal_spi.o [1]
SPI_DMATransmitReceiveCplt
                        0x08016dd5   0x164  Code  Lc  stm32f7xx_hal_spi.o [1]
SPI_EndRxTransaction    0x080170a3    0x50  Code  Lc  stm32f7xx_hal_spi.o [1]
SPI_EndRxTxTransaction  0x080170f3    0x3e  Code  Lc  stm32f7xx_hal_spi.o [1]
SPI_WaitFifoStateUntilTimeout
                        0x08017005    0x9e  Code  Lc  stm32f7xx_hal_spi.o [1]
SPI_WaitFlagStateUntilTimeout
                        0x08016f7d    0x88  Code  Lc  stm32f7xx_hal_spi.o [1]
STA321MP_Ini            0x080186a9   0x2b2  Code  Gb  sta321mp.o [1]
STACoefSet              0x080189b1   0x1c4  Code  Gb  sta321mp.o [1]
SVC_Handler             0x0801e243     0x2  Code  Gb  stm32f7xx_it.o [1]
Send_Audio_to_USB       0x0801c601     0xa  Code  Gb  usbd_audio_if.o [1]
SetCoefValue            0x08018c9b    0x5e  Code  Gb  sta321mp.o [1]
StartPlay               0x08015f8d    0x28  Code  Gb  main.o [1]
StartRecMic7_8          0x08015201    0x32  Code  Gb  waverecorder.o [1]
SubFrameFinished        0x08015fb5    0x88  Code  Gb  main.o [1]
SumDelay                0x08015e95    0x7e  Code  Gb  main.o [1]
SysTick_Handler         0x0801e249    0x1c  Code  Gb  stm32f7xx_it.o [1]
SystemClock_Config      0x08015cb7    0xa0  Code  Lc  main.o [1]
SystemCoreClock         0x200116e4     0x4  Data  Gb  system_stm32f7xx.o [1]
SystemInit              0x0801e29d    0x3a  Code  Gb  system_stm32f7xx.o [1]
T0                      0x20011284   0x100  Data  Gb  pdm_filter.o [5]
T1                      0x20011384   0x100  Data  Gb  pdm_filter.o [5]
T2                      0x20011484   0x100  Data  Gb  pdm_filter.o [5]
TestSDO7                0x2001d720  0x4000  Data  Gb  waverecorder.o [1]
TestSDO8                0x20021720  0x4000  Data  Gb  waverecorder.o [1]
UART_Receive_IT         0x0801de5b    0x84  Code  Lc  stm32f7xx_hal_uart.o [1]
USART3_IRQHandler       0x0801e267     0x6  Code  Gb  stm32f7xx_it.o [1]
USART6_IRQHandler       0x0801e265     0x2  Code  Gb  stm32f7xx_it.o [1]
USBD_AUDIO              0x2001165c    0x38  Data  Gb  usbd_audio_in.o [1]
USBD_AUDIO_CfgDesc      0x20031078    0x78  Data  Lc  usbd_audio_in.o [1]
USBD_AUDIO_ConfigStrDescriptor
                        0x0801e0e5     0xa  Code  Gb  usbd_desc.o [1]
USBD_AUDIO_DataIn       0x08017ea9    0xc4  Code  Lc  usbd_audio_in.o [1]
USBD_AUDIO_DataOut      0x08017fb5     0x4  Code  Lc  usbd_audio_in.o [1]
USBD_AUDIO_Data_Transfer
                        0x08017fc3    0xd8  Code  Gb  usbd_audio_in.o [1]
USBD_AUDIO_DeInit       0x08017d91    0x26  Code  Lc  usbd_audio_in.o [1]
USBD_AUDIO_DeviceDescriptor
                        0x0801e0a5     0x8  Code  Gb  usbd_desc.o [1]
USBD_AUDIO_DeviceQualifierDesc
                        0x200116fc     0xc  Data  Lc  usbd_audio_in.o [1]
USBD_AUDIO_EP0_RxReady  0x08017f6d    0x38  Code  Lc  usbd_audio_in.o [1]
USBD_AUDIO_EP0_TxReady  0x08017fa5     0x4  Code  Lc  usbd_audio_in.o [1]
USBD_AUDIO_GetCfgDesc   0x08017e9f     0xa  Code  Lc  usbd_audio_in.o [1]
USBD_AUDIO_GetDeviceQualifierDesc
                        0x08017fb9     0xa  Code  Lc  usbd_audio_in.o [1]
USBD_AUDIO_Init         0x08017d29    0x68  Code  Lc  usbd_audio_in.o [1]
USBD_AUDIO_Init_Microphone_Descriptor
                        0x080180a5   0x330  Code  Gb  usbd_audio_in.o [1]
USBD_AUDIO_InterfaceStrDescriptor
                        0x0801e0f9     0xc  Code  Gb  usbd_desc.o [1]
USBD_AUDIO_IsoINIncomplete
                        0x08017fad     0x4  Code  Lc  usbd_audio_in.o [1]
USBD_AUDIO_IsoOutIncomplete
                        0x08017fb1     0x4  Code  Lc  usbd_audio_in.o [1]
USBD_AUDIO_LangIDStrDescriptor
                        0x0801e0ad     0x8  Code  Gb  usbd_desc.o [1]
USBD_AUDIO_ManufacturerStrDescriptor
                        0x0801e0c1     0xe  Code  Gb  usbd_desc.o [1]
USBD_AUDIO_ProductStrDescriptor
                        0x0801e0b5     0xc  Code  Gb  usbd_desc.o [1]
USBD_AUDIO_RegisterInterface
                        0x0801809b     0xa  Code  Gb  usbd_audio_in.o [1]
USBD_AUDIO_SOF          0x08017fa9     0x4  Code  Lc  usbd_audio_in.o [1]
USBD_AUDIO_SerialStrDescriptor
                        0x0801e0cf    0x16  Code  Gb  usbd_desc.o [1]
USBD_AUDIO_Setup        0x08017db7    0xe8  Code  Lc  usbd_audio_in.o [1]
USBD_AUDIO_fops         0x20011694    0x24  Data  Gb  usbd_audio_if.o [1]
USBD_ClrClassConfig     0x08018443     0x8  Code  Gb  usbd_core.o [1]
USBD_CtlContinueRx      0x0801bfaf     0x6  Code  Gb  usbd_ioreq.o [1]
USBD_CtlContinueSendData
                        0x0801bf89     0x6  Code  Gb  usbd_ioreq.o [1]
USBD_CtlError           0x0801c3a3    0x16  Code  Gb  usbd_ctlreq.o [1]
USBD_CtlPrepareRx       0x0801bf99    0x16  Code  Gb  usbd_ioreq.o [1]
USBD_CtlReceiveStatus   0x0801bfcd     0xe  Code  Gb  usbd_ioreq.o [1]
USBD_CtlSendData        0x0801bf73    0x16  Code  Gb  usbd_ioreq.o [1]
USBD_CtlSendStatus      0x0801bfbf     0xe  Code  Gb  usbd_ioreq.o [1]
USBD_GetDescriptor      0x0801c26d   0x10e  Code  Lc  usbd_ctlreq.o [1]
USBD_GetString          0x0801c3b9    0x46  Code  Gb  usbd_ctlreq.o [1]
USBD_Init               0x080183ed    0x26  Code  Gb  usbd_core.o [1]
USBD_LL_ClearStallEP    0x0801bf1d     0xe  Code  Gb  usbd_conf_f4.o [1]
USBD_LL_CloseEP         0x0801bef3     0xe  Code  Gb  usbd_conf_f4.o [1]
USBD_LL_DataInStage     0x08018505    0xa2  Code  Gb  usbd_core.o [1]
USBD_LL_DataOutStage    0x080184a1    0x64  Code  Gb  usbd_core.o [1]
USBD_LL_DevConnected    0x08018629     0x4  Code  Gb  usbd_core.o [1]
USBD_LL_DevDisconnected
                        0x0801862d    0x10  Code  Gb  usbd_core.o [1]
USBD_LL_FlushEP         0x0801bf01     0xe  Code  Gb  usbd_conf_f4.o [1]
USBD_LL_Init            0x0801be5f    0x60  Code  Gb  usbd_conf_f4.o [1]
USBD_LL_IsStallEP       0x0801bf2b    0x1e  Code  Gb  usbd_conf_f4.o [1]
USBD_LL_IsoINIncomplete
                        0x08018621     0x4  Code  Gb  usbd_core.o [1]
USBD_LL_IsoOUTIncomplete
                        0x08018625     0x4  Code  Gb  usbd_core.o [1]
USBD_LL_OpenEP          0x0801bedf    0x14  Code  Gb  usbd_conf_f4.o [1]
USBD_LL_PrepareReceive  0x0801bf65     0xe  Code  Gb  usbd_conf_f4.o [1]
USBD_LL_Reset           0x080185a7    0x42  Code  Gb  usbd_core.o [1]
USBD_LL_Resume          0x080185fb     0x6  Code  Gb  usbd_core.o [1]
USBD_LL_SOF             0x08018607    0x1a  Code  Gb  usbd_core.o [1]
USBD_LL_SetSpeed        0x080185e9     0x6  Code  Gb  usbd_core.o [1]
USBD_LL_SetUSBAddress   0x0801bf49     0xe  Code  Gb  usbd_conf_f4.o [1]
USBD_LL_SetupStage      0x0801844b    0x56  Code  Gb  usbd_core.o [1]
USBD_LL_StallEP         0x0801bf0f     0xe  Code  Gb  usbd_conf_f4.o [1]
USBD_LL_Start           0x0801bed1     0xe  Code  Gb  usbd_conf_f4.o [1]
USBD_LL_Suspend         0x080185ef     0xc  Code  Gb  usbd_core.o [1]
USBD_LL_Transmit        0x0801bf57     0xe  Code  Gb  usbd_conf_f4.o [1]
USBD_LangIDDesc         0x20011714     0x4  Data  Gb  usbd_desc.o [1]
USBD_ParseSetupRequest  0x0801c37b    0x28  Code  Gb  usbd_ctlreq.o [1]
USBD_RegisterClass      0x08018413    0x10  Code  Gb  usbd_core.o [1]
USBD_SetClassConfig     0x0801842d    0x16  Code  Gb  usbd_core.o [1]
USBD_Start              0x08018423     0xa  Code  Gb  usbd_core.o [1]
USBD_StdDevReq          0x0801bfdd   0x14e  Code  Gb  usbd_ctlreq.o [1]
USBD_StdEPReq           0x0801c16f    0xfe  Code  Gb  usbd_ctlreq.o [1]
USBD_StdItfReq          0x0801c131    0x3e  Code  Gb  usbd_ctlreq.o [1]
USBD_StrDesc            0x20030eb0    0xc8  Data  Gb  usbd_desc.o [1]
USB_ActivateEndpoint    0x0801d671    0x7c  Code  Gb  stm32f7xx_ll_usb.o [1]
USB_ActivateSetup       0x0801dc49    0x2e  Code  Gb  stm32f7xx_ll_usb.o [1]
USB_CoreInit            0x0801d3e9    0xa0  Code  Gb  stm32f7xx_ll_usb.o [1]
USB_DeactivateEndpoint  0x0801d6ed    0x62  Code  Gb  stm32f7xx_ll_usb.o [1]
USB_DevConnect          0x0801dbc3     0xe  Code  Gb  stm32f7xx_ll_usb.o [1]
USB_DevDisconnect       0x0801dbd1     0xc  Code  Gb  stm32f7xx_ll_usb.o [1]
USB_DevInit             0x0801d4c3   0x142  Code  Gb  stm32f7xx_ll_usb.o [1]
USB_DisableGlobalInt    0x0801d491     0x6  Code  Gb  stm32f7xx_ll_usb.o [1]
USB_EP0StartXfer        0x0801d977   0x134  Code  Gb  stm32f7xx_ll_usb.o [1]
USB_EP0_OutStart        0x0801dc77    0x30  Code  Gb  stm32f7xx_ll_usb.o [1]
USB_EPClearStall        0x0801db4d    0x5a  Code  Gb  stm32f7xx_ll_usb.o [1]
USB_EPSetStall          0x0801daff    0x4e  Code  Gb  stm32f7xx_ll_usb.o [1]
USB_EPStartXfer         0x0801d755   0x222  Code  Gb  stm32f7xx_ll_usb.o [1]
USB_EnableGlobalInt     0x0801d489     0x8  Code  Gb  stm32f7xx_ll_usb.o [1]
USB_FlushRxFifo         0x0801d623    0x1a  Code  Gb  stm32f7xx_ll_usb.o [1]
USB_FlushTxFifo         0x0801d605    0x1e  Code  Gb  stm32f7xx_ll_usb.o [1]
USB_GetDevSpeed         0x0801d63d    0x34  Code  Gb  stm32f7xx_ll_usb.o [1]
USB_GetMode             0x0801dc41     0x8  Code  Gb  stm32f7xx_ll_usb.o [1]
USB_ReadDevAllInEpInterrupt
                        0x0801dbff     0xe  Code  Gb  stm32f7xx_ll_usb.o [1]
USB_ReadDevAllOutEpInterrupt
                        0x0801dbf1     0xe  Code  Gb  stm32f7xx_ll_usb.o [1]
USB_ReadDevInEPInterrupt
                        0x0801dc21    0x20  Code  Gb  stm32f7xx_ll_usb.o [1]
USB_ReadDevOutEPInterrupt
                        0x0801dc0d    0x14  Code  Gb  stm32f7xx_ll_usb.o [1]
USB_ReadInterrupts      0x0801dbe9     0x8  Code  Gb  stm32f7xx_ll_usb.o [1]
USB_ReadPacket          0x0801dae1    0x1e  Code  Gb  stm32f7xx_ll_usb.o [1]
USB_SetCurrentMode      0x0801d49d    0x26  Code  Gb  stm32f7xx_ll_usb.o [1]
USB_SetDevAddress       0x0801dba7    0x12  Code  Gb  stm32f7xx_ll_usb.o [1]
USB_WritePacket         0x0801dab3    0x2e  Code  Gb  stm32f7xx_ll_usb.o [1]
UsageFault_Handler      0x0801e241     0x2  Code  Gb  stm32f7xx_it.o [1]
VOL_CUR                 0x200310f0     0x2  Data  Lc  usbd_audio_in.o [1]
Volume                  0x20011611     0x1  Data  Gb  audio_codec.o [1]
WaveRec_idxSens1        0x2001000a     0x2  Data  Gb  main.o [1]
WaveRec_idxSens2        0x2001000c     0x2  Data  Gb  main.o [1]
WaveRec_idxSens3        0x20010006     0x2  Data  Gb  main.o [1]
WaveRec_idxSens4        0x20010004     0x2  Data  Gb  main.o [1]
WaveRec_idxSens5        0x2001000e     0x2  Data  Gb  main.o [1]
WaveRec_idxSens6        0x20010010     0x2  Data  Gb  main.o [1]
WaveRec_idxTest         0x20031368     0x2  Data  Gb  waverecorder.o [1]
WaveRecord_flgIni       0x20031566     0x1  Data  Gb  waverecorder.o [1]
WaveRecord_flgInt       0x20031361     0x1  Data  Gb  waverecorder.o [1]
WaveRecord_flgSDO7Finish
                        0x2003155a     0x1  Data  Gb  waverecorder.o [1]
WaveRecord_flgSDO8Finish
                        0x2003155b     0x1  Data  Gb  waverecorder.o [1]
Window                  0x08018e3d    0x6e  Code  Gb  DSP.o [1]
WriteCoef               0x08018b75   0x126  Code  Gb  sta321mp.o [1]
WriteSTAByte            0x0801895b    0x56  Code  Gb  sta321mp.o [1]
__aeabi_cdcmpeq         0x0801d221          Code  Gb  DblCmpEq.o [6]
__aeabi_cdcmple         0x0801c705          Code  Gb  DblCmpLe.o [6]
__aeabi_cdrcmple        0x0801c735          Code  Gb  DblCmpGe.o [6]
__aeabi_cfcmpeq         0x0801afd9          Code  Gb  FltCmpEq.o [6]
__aeabi_cfcmple         0x0801b005          Code  Gb  FltCmpLe.o [6]
__aeabi_d2f             0x0801b5ed          Code  Gb  DblToFlt.o [6]
__aeabi_d2iz            0x0801b3fd          Code  Gb  DblToI32.o [6]
__aeabi_dadd            0x0801b315          Code  Gb  DblAdd.o [6]
__aeabi_ddiv            0x0801b0bd          Code  Gb  DblDiv.o [6]
__aeabi_dmul            0x0801b449          Code  Gb  DblMul.o [6]
__aeabi_dsub            0x0801bae1          Code  Gb  DblSub.o [6]
__aeabi_errno_addr      0x0801c765     0x6  Code  Gb  errno.o [3]
__aeabi_f2d             0x0801b03d          Code  Gb  FltToDbl.o [6]
__aeabi_fmul            0x0801b029    0x12  Code  Gb  FltMul.o [6]
__aeabi_i2d             0x0801b08d          Code  Gb  I32ToDbl.o [6]
__aeabi_ldiv0           0x0801d1a1          Code  Gb  I64DivZer.o [7]
__aeabi_ldivmod         0x0801c481          Code  Gb  I64DivMod.o [7]
__aeabi_memclr          0x0801c401          Code  Gb  ABImemclr.o [7]
__aeabi_ui2d            0x0801b0a1          Code  Gb  I32ToDbl.o [6]
__aeabi_ui2f            0x0801aff5     0xe  Code  Gb  U32ToFlt.o [6]
__aeabi_uldivmod        0x0801c4c5          Code  Gb  I64DivMod.o [7]
__cmain                 0x0801e3a5          Code  Gb  cmain.o [7]
__data_GetMemChunk      0x08014b19    0x2c  Code  Gb  xgetmemchunk.o [3]
__exit                  0x08014b45    0x14  Code  Gb  exit.o [8]
__iar_Dint              0x0801d1a5    0x7a  Code  Gb  xdint.o [6]
__iar_Errno             0x20011718     0x4  Data  Gb  errno.o [3]
__iar_Memset_word       0x0801d141          Code  Gb  ABImemset.o [7]
__iar_Quad              0x0801c771   0x12c  Code  Gb  xquad.o [6]
__iar_Sin               0x0801b67d   0x3b2  Code  Gb  xsin.o [6]
__iar_close_ttio        0x08014b59    0x2e  Code  Gb  iarttio.o [8]
__iar_d2uiz             0x0801b429          Code  Gb  DblToI32.o [6]
__iar_dadd              0x0801b329          Code  Gb  DblAdd.o [6]
__iar_data_init3        0x0801e32d    0x28  Code  Gb  data_init.o [7]
__iar_dlfree            0x080145f7   0x510  Code  Gb  dlmalloc.o [3]
__iar_dlib_perthread_access
                        0x0801d1a3     0x2  Code  Gb  xtls.o [3]
__iar_dlmalloc          0x08014341   0x2aa  Code  Gb  dlmalloc.o [3]
__iar_dsub              0x0801baf5          Code  Gb  DblSub.o [6]
__iar_dsubStart         0x0801bb07          Code  Gb  DblSub.o [6]
__iar_edom              0x0801c8d9          Code  Gb  iarEdom.o [7]
__iar_fmod              0x0801d241          Code  Gb  fmod.o [6]
__iar_fmodl             0x0801d241          Code  Gb  fmod.o [6]
__iar_init_vfp          0x0801e355          Code  Gb  fpinit_M.o [6]
__iar_lookup_ttioh      0x08014b89     0x8  Code  Gb  XShttio.o [3]
__iar_lz77_init3        0x0801df41   0x162  Code  Gb  lz77_init.o [7]
__iar_program_start     0x0801e3e5          Code  Gb  cstartup_M.o [7]
__iar_sqrt              0x0801bc61          Code  Gb  sqrt.o [6]
__iar_ttio_handles      0x20011708     0x8  Data  Lc  XShttio.o [3]
__iar_ui2d              0x0801b0a5          Code  Gb  I32ToDbl.o [6]
__iar_unaligned___aeabi_memcpy
                        0x0801c409          Code  Gb  ABImemcpy_unaligned.o [7]
__iar_unaligned___aeabi_memcpy4
                        0x0801c429          Code  Gb  ABImemcpy_unaligned.o [7]
__iar_unaligned___aeabi_memcpy8
                        0x0801c429          Code  Gb  ABImemcpy_unaligned.o [7]
__iar_vfp___iar_Sin     0x0801bacd    0x12  Code  Gb  xsin.o [6]
__iar_zero_init3        0x0801e2ed    0x40  Code  Gb  zero_init3.o [7]
__low_level_init        0x0801e3bf     0x4  Code  Gb  low_level_init.o [3]
__vector_table          0x08000000          Data  Gb  startup_stm32f746xx.o [1]
_call_main              0x0801e3b1          Code  Gb  cmain.o [7]
_exit                   0x0801e3c9          Code  Gb  cexit.o [7]
_gm_                    0x20030cd8   0x1d8  Data  Lc  dlmalloc.o [3]
_main                   0x0801e3bb          Code  Gb  cmain.o [7]
abort                   0x08014b11     0x6  Code  Gb  abort.o [3]
armBitRevIndexTable1024
                        0x08008ad0   0xe10  Data  Gb  arm_common_tables.o [4]
armBitRevIndexTable128  0x08008240   0x1a0  Data  Gb  arm_common_tables.o [4]
armBitRevIndexTable16   0x08008148    0x28  Data  Gb  arm_common_tables.o [4]
armBitRevIndexTable2048
                        0x080098e0  0x1dc0  Data  Gb  arm_common_tables.o [4]
armBitRevIndexTable256  0x080083e0   0x370  Data  Gb  arm_common_tables.o [4]
armBitRevIndexTable32   0x08008170    0x60  Data  Gb  arm_common_tables.o [4]
armBitRevIndexTable512  0x08008750   0x380  Data  Gb  arm_common_tables.o [4]
armBitRevIndexTable64   0x080081d0    0x70  Data  Gb  arm_common_tables.o [4]
arm_bitreversal_16      0x0801e1e3          Code  Gb  arm_bitreversal2.o [4]
arm_bitreversal_32      0x0801e179          Code  Gb  arm_bitreversal2.o [4]
arm_rfft_fast_init_f32  0x08017be5   0x144  Code  Gb  arm_rfft_fast_init_f32.o [4]
btnSW1                  0x20011710     0x1  Data  Gb  main.o [1]
btnSW2                  0x20011711     0x1  Data  Gb  main.o [1]
bufCoefBiquad           0x2003153c    0x10  Data  Gb  sta321mp.o [1]
bufPCMSens7             0x20031238     0x4  Data  Gb  waverecorder.o [1]
bufPCMSens8             0x200311cc     0x4  Data  Gb  waverecorder.o [1]
bufferSum               0x2002d720  0x3014  Data  Gb  main.o [1]
buffer_switch           0x20010002     0x1  Data  Gb  main.o [1]
cntBtnPress             0x20011712     0x1  Data  Gb  main.o [1]
cntOS                   0x20031554     0x4  Data  Gb  stm32f7xx_it.o [1]
cntPos                  0x20031166     0x2  Data  Gb  waverecorder.o [1]
cntPos7                 0x200311d2     0x2  Data  Gb  waverecorder.o [1]
cntRisingEXTI           0x200310f2     0x2  Data  Gb  main.o [1]
cntStrt                 0x20031562     0x2  Data  Gb  waverecorder.o [1]
cntTime200              0x20010014     0x2  Data  Gb  main.o [1]
exit                    0x0801e3c3     0x4  Code  Gb  exit.o [3]
fir256Coff              0x20010268  0x1000  Data  Gb  main.o [1]
flg10ms                 0x20010001     0x1  Data  Gb  main.o [1]
flgDlyUpd               0x20010000     0x1  Data  Gb  main.o [1]
flgRacing               0x20031360     0x1  Data  Gb  waverecorder.o [1]
fmod                    0x0801d241          Code  Gb  fmod.o [6]
fmodl                   0x0801d241          Code  Gb  fmod.o [6]
hUSBDDevice             0x20010044   0x224  Data  Gb  main.o [1]
hUSBDDeviceDesc         0x200116e8    0x14  Data  Gb  usbd_desc.o [1]
haudioInstance          0x20030af4    0x64  Data  Lc  usbd_audio_in.o [1]
hdma_spi5_rx            0x200313b8    0x58  Data  Gb  waverecorder.o [1]
hdma_spi6_rx            0x20031410    0x58  Data  Gb  waverecorder.o [1]
hi2c1                   0x20011614    0x3c  Data  Gb  audio_codec.o [1]
hi2c2                   0x200314e8    0x3c  Data  Gb  audio_codec.o [1]
hi2s1                   0x20031378    0x40  Data  Gb  waverecorder.o [1]
hi2s2                   0x200314a8    0x40  Data  Gb  waverecorder.o [1]
hi2s3                   0x20031468    0x40  Data  Gb  waveplayer _CS43L22.o [1]
hpcd                    0x20030734   0x3c0  Data  Gb  usbd_conf_f4.o [1]
hspi4                   0x200312a4    0x64  Data  Gb  main.o [1]
hspi5                   0x20031168    0x64  Data  Gb  waverecorder.o [1]
hspi6                   0x200311d4    0x64  Data  Gb  waverecorder.o [1]
huart3                  0x200310f4    0x70  Data  Gb  main.o [1]
idxFrmPDMMic8           0x20031560     0x2  Data  Gb  waverecorder.o [1]
idxMic7                 0x200311d0     0x2  Data  Gb  waverecorder.o [1]
idxMic8                 0x20031164     0x2  Data  Gb  waverecorder.o [1]
idxSPI5DataBuf3         0x20010012     0x2  Data  Gb  main.o [1]
init_mparams            0x0801363b    0x32  Code  Lc  dlmalloc.o [3]
init_top                0x0801366d    0x34  Code  Lc  dlmalloc.o [3]
main                    0x080159f9   0x2be  Code  Gb  main.o [1]
mparams                 0x20031524    0x18  Data  Lc  dlmalloc.o [3]
pDataMic7               0x20030ff8    0x80  Data  Gb  waverecorder.o [1]
pDataMic8               0x20030f78    0x80  Data  Gb  waverecorder.o [1]
pcSTAComnd              0x20011584    0x50  Data  Gb  sta321mp.o [1]
pcSTAComnd1             0x200115e8     0x2  Data  Gb  sta321mp.o [1]
pcSTAComnd2             0x200115ec    0x24  Data  Gb  sta321mp.o [1]
prepend_alloc           0x080136a1   0x36c  Code  Lc  dlmalloc.o [3]
segment_holding         0x08013621    0x1a  Code  Lc  dlmalloc.o [3]
sqrt                    0x0801bc61          Code  Gb  sqrt.o [6]
sqrtl                   0x0801bc61          Code  Gb  sqrt.o [6]
sta321mp_biquad         0x08018cf9   0x114  Code  Lc  sta321mp.o [1]
stm32_crc               0x20011280     0x4  Data  Gb  pdm_filter.o [5]
swtBufUSBOut            0x20031564     0x1  Data  Gb  audio_application.o [1]
swtSDO7                 0x20031558     0x1  Data  Gb  waverecorder.o [1]
swtSDO8                 0x20031559     0x1  Data  Gb  waverecorder.o [1]
sys_alloc               0x08013a0d   0x386  Code  Lc  dlmalloc.o [3]
tmalloc_large           0x08013da1   0x390  Code  Lc  dlmalloc.o [3]
tmalloc_small           0x08014131   0x210  Code  Lc  dlmalloc.o [3]
twiddleCoef_1024        0x08002148  0x2000  Data  Gb  arm_common_tables.o [4]
twiddleCoef_128         0x08000548   0x400  Data  Gb  arm_common_tables.o [4]
twiddleCoef_16          0x080001c8    0x80  Data  Gb  arm_common_tables.o [4]
twiddleCoef_2048        0x08004148  0x4000  Data  Gb  arm_common_tables.o [4]
twiddleCoef_256         0x08000948   0x800  Data  Gb  arm_common_tables.o [4]
twiddleCoef_32          0x08000248   0x100  Data  Gb  arm_common_tables.o [4]
twiddleCoef_512         0x08001148  0x1000  Data  Gb  arm_common_tables.o [4]
twiddleCoef_64          0x08000348   0x200  Data  Gb  arm_common_tables.o [4]
twiddleCoef_rfft_1024   0x0800c620  0x1000  Data  Gb  arm_common_tables.o [4]
twiddleCoef_rfft_128    0x0800b820   0x200  Data  Gb  arm_common_tables.o [4]
twiddleCoef_rfft_2048   0x0800d620  0x2000  Data  Gb  arm_common_tables.o [4]
twiddleCoef_rfft_256    0x0800ba20   0x400  Data  Gb  arm_common_tables.o [4]
twiddleCoef_rfft_32     0x0800b6a0    0x80  Data  Gb  arm_common_tables.o [4]
twiddleCoef_rfft_4096   0x0800f620  0x4000  Data  Gb  arm_common_tables.o [4]
twiddleCoef_rfft_512    0x0800be20   0x800  Data  Gb  arm_common_tables.o [4]
twiddleCoef_rfft_64     0x0800b720   0x100  Data  Gb  arm_common_tables.o [4]
uwTick                  0x20031550     0x4  Data  Lc  stm32f7xx_hal.o [1]
vRawSens1               0x2003136a     0x2  Data  Gb  waverecorder.o [1]
vRawSens2               0x2003136c     0x2  Data  Gb  waverecorder.o [1]
vRawSens3               0x20031370     0x2  Data  Gb  waverecorder.o [1]
vRawSens4               0x2003136e     0x2  Data  Gb  waverecorder.o [1]
vRawSens5               0x20031372     0x2  Data  Gb  waverecorder.o [1]
vRawSens6               0x20031374     0x2  Data  Gb  waverecorder.o [1]
vol_table               0x0801c610    0x84  Data  Gb  usbd_audio_if.o [1]
volume                  0x2001171c     0x1  Data  Gb  waveplayer _CS43L22.o [1]


[1] = D:\sop1hc\Github\data\Mic_Array_V00\USB_STREAMING\Mic_Array\Projects\STM32746G\Applications\Audio\Mic_Array\EWARM\STM32F7\Obj
[2] = command line
[3] = dl7M_tlf.a
[4] = iar_cortexM7ls_math.a
[5] = libPDMFilter_CM7_IAR.a
[6] = m7M_tls.a
[7] = rt7M_tl.a
[8] = shb_l.a

   45 214 bytes of readonly  code memory
   79 822 bytes of readonly  data memory
  152 932 bytes of readwrite data memory

Errors: none
Warnings: none
