###############################################################################
#
# IAR ELF Linker V7.50.2.10312/W32 for ARM                22/Feb/2016  14:14:25
# Copyright 2007-2015 IAR Systems AB.
#
#    Output file  =  
#        D:\sop1hc\Github\data\Mic_Array_V00\USB_STREAMING\Mic_Array\Projects\STM32746G\Applications\Audio\Mic_Array\EWARM\STM32F7\Exe\Project.out
#    Map file     =  
#        D:\sop1hc\Github\data\Mic_Array_V00\USB_STREAMING\Mic_Array\Projects\STM32746G\Applications\Audio\Mic_Array\EWARM\STM32F7\List\Project.map
#    Command line =  
#        D:\sop1hc\Github\data\Mic_Array_V00\USB_STREAMING\Mic_Array\Projects\STM32746G\Applications\Audio\Mic_Array\EWARM\STM32F7\Obj\audio_application.o
#        D:\sop1hc\Github\data\Mic_Array_V00\USB_STREAMING\Mic_Array\Projects\STM32746G\Applications\Audio\Mic_Array\EWARM\STM32F7\Obj\audio_codec.o
#        D:\sop1hc\Github\data\Mic_Array_V00\USB_STREAMING\Mic_Array\Projects\STM32746G\Applications\Audio\Mic_Array\EWARM\STM32F7\Obj\DSP.o
#        D:\sop1hc\Github\data\Mic_Array_V00\USB_STREAMING\Mic_Array\Projects\STM32746G\Applications\Audio\Mic_Array\EWARM\STM32F7\Obj\ff.o
#        D:\sop1hc\Github\data\Mic_Array_V00\USB_STREAMING\Mic_Array\Projects\STM32746G\Applications\Audio\Mic_Array\EWARM\STM32F7\Obj\ft5336.o
#        D:\sop1hc\Github\data\Mic_Array_V00\USB_STREAMING\Mic_Array\Middlewares\ST\STM32_Audio\Addons\PDM\libPDMFilter_CM7_IAR.a
#        D:\sop1hc\Github\data\Mic_Array_V00\USB_STREAMING\Mic_Array\Projects\STM32746G\Applications\Audio\Mic_Array\EWARM\STM32F7\Obj\main.o
#        D:\sop1hc\Github\data\Mic_Array_V00\USB_STREAMING\Mic_Array\Projects\STM32746G\Applications\Audio\Mic_Array\EWARM\STM32F7\Obj\sta321mp.o
#        D:\sop1hc\Github\data\Mic_Array_V00\USB_STREAMING\Mic_Array\Projects\STM32746G\Applications\Audio\Mic_Array\EWARM\STM32F7\Obj\startup_stm32f746xx.o
#        D:\sop1hc\Github\data\Mic_Array_V00\USB_STREAMING\Mic_Array\Projects\STM32746G\Applications\Audio\Mic_Array\EWARM\STM32F7\Obj\stm32746g_discovery.o
#        D:\sop1hc\Github\data\Mic_Array_V00\USB_STREAMING\Mic_Array\Projects\STM32746G\Applications\Audio\Mic_Array\EWARM\STM32F7\Obj\stm32746g_discovery_lcd.o
#        D:\sop1hc\Github\data\Mic_Array_V00\USB_STREAMING\Mic_Array\Projects\STM32746G\Applications\Audio\Mic_Array\EWARM\STM32F7\Obj\stm32746g_discovery_sdram.o
#        D:\sop1hc\Github\data\Mic_Array_V00\USB_STREAMING\Mic_Array\Projects\STM32746G\Applications\Audio\Mic_Array\EWARM\STM32F7\Obj\stm32746g_discovery_ts.o
#        D:\sop1hc\Github\data\Mic_Array_V00\USB_STREAMING\Mic_Array\Projects\STM32746G\Applications\Audio\Mic_Array\EWARM\STM32F7\Obj\stm32f7xx_hal.o
#        D:\sop1hc\Github\data\Mic_Array_V00\USB_STREAMING\Mic_Array\Projects\STM32746G\Applications\Audio\Mic_Array\EWARM\STM32F7\Obj\stm32f7xx_hal_cortex.o
#        D:\sop1hc\Github\data\Mic_Array_V00\USB_STREAMING\Mic_Array\Projects\STM32746G\Applications\Audio\Mic_Array\EWARM\STM32F7\Obj\stm32f7xx_hal_dma.o
#        D:\sop1hc\Github\data\Mic_Array_V00\USB_STREAMING\Mic_Array\Projects\STM32746G\Applications\Audio\Mic_Array\EWARM\STM32F7\Obj\stm32f7xx_hal_dma2d.o
#        D:\sop1hc\Github\data\Mic_Array_V00\USB_STREAMING\Mic_Array\Projects\STM32746G\Applications\Audio\Mic_Array\EWARM\STM32F7\Obj\stm32f7xx_hal_dma_ex.o
#        D:\sop1hc\Github\data\Mic_Array_V00\USB_STREAMING\Mic_Array\Projects\STM32746G\Applications\Audio\Mic_Array\EWARM\STM32F7\Obj\stm32f7xx_hal_flash.o
#        D:\sop1hc\Github\data\Mic_Array_V00\USB_STREAMING\Mic_Array\Projects\STM32746G\Applications\Audio\Mic_Array\EWARM\STM32F7\Obj\stm32f7xx_hal_flash_ex.o
#        D:\sop1hc\Github\data\Mic_Array_V00\USB_STREAMING\Mic_Array\Projects\STM32746G\Applications\Audio\Mic_Array\EWARM\STM32F7\Obj\stm32f7xx_hal_gpio.o
#        D:\sop1hc\Github\data\Mic_Array_V00\USB_STREAMING\Mic_Array\Projects\STM32746G\Applications\Audio\Mic_Array\EWARM\STM32F7\Obj\stm32f7xx_hal_hcd.o
#        D:\sop1hc\Github\data\Mic_Array_V00\USB_STREAMING\Mic_Array\Projects\STM32746G\Applications\Audio\Mic_Array\EWARM\STM32F7\Obj\stm32f7xx_hal_i2c.o
#        D:\sop1hc\Github\data\Mic_Array_V00\USB_STREAMING\Mic_Array\Projects\STM32746G\Applications\Audio\Mic_Array\EWARM\STM32F7\Obj\stm32f7xx_hal_i2c_ex.o
#        D:\sop1hc\Github\data\Mic_Array_V00\USB_STREAMING\Mic_Array\Projects\STM32746G\Applications\Audio\Mic_Array\EWARM\STM32F7\Obj\stm32f7xx_hal_i2s.o
#        D:\sop1hc\Github\data\Mic_Array_V00\USB_STREAMING\Mic_Array\Projects\STM32746G\Applications\Audio\Mic_Array\EWARM\STM32F7\Obj\stm32f7xx_hal_ltdc.o
#        D:\sop1hc\Github\data\Mic_Array_V00\USB_STREAMING\Mic_Array\Projects\STM32746G\Applications\Audio\Mic_Array\EWARM\STM32F7\Obj\stm32f7xx_hal_pcd.o
#        D:\sop1hc\Github\data\Mic_Array_V00\USB_STREAMING\Mic_Array\Projects\STM32746G\Applications\Audio\Mic_Array\EWARM\STM32F7\Obj\stm32f7xx_hal_pcd_ex.o
#        D:\sop1hc\Github\data\Mic_Array_V00\USB_STREAMING\Mic_Array\Projects\STM32746G\Applications\Audio\Mic_Array\EWARM\STM32F7\Obj\stm32f7xx_hal_pwr.o
#        D:\sop1hc\Github\data\Mic_Array_V00\USB_STREAMING\Mic_Array\Projects\STM32746G\Applications\Audio\Mic_Array\EWARM\STM32F7\Obj\stm32f7xx_hal_pwr_ex.o
#        D:\sop1hc\Github\data\Mic_Array_V00\USB_STREAMING\Mic_Array\Projects\STM32746G\Applications\Audio\Mic_Array\EWARM\STM32F7\Obj\stm32f7xx_hal_rcc.o
#        D:\sop1hc\Github\data\Mic_Array_V00\USB_STREAMING\Mic_Array\Projects\STM32746G\Applications\Audio\Mic_Array\EWARM\STM32F7\Obj\stm32f7xx_hal_rcc_ex.o
#        D:\sop1hc\Github\data\Mic_Array_V00\USB_STREAMING\Mic_Array\Projects\STM32746G\Applications\Audio\Mic_Array\EWARM\STM32F7\Obj\stm32f7xx_hal_sai.o
#        D:\sop1hc\Github\data\Mic_Array_V00\USB_STREAMING\Mic_Array\Projects\STM32746G\Applications\Audio\Mic_Array\EWARM\STM32F7\Obj\stm32f7xx_hal_sai_ex.o
#        D:\sop1hc\Github\data\Mic_Array_V00\USB_STREAMING\Mic_Array\Projects\STM32746G\Applications\Audio\Mic_Array\EWARM\STM32F7\Obj\stm32f7xx_hal_sdram.o
#        D:\sop1hc\Github\data\Mic_Array_V00\USB_STREAMING\Mic_Array\Projects\STM32746G\Applications\Audio\Mic_Array\EWARM\STM32F7\Obj\stm32f7xx_hal_spi.o
#        D:\sop1hc\Github\data\Mic_Array_V00\USB_STREAMING\Mic_Array\Projects\STM32746G\Applications\Audio\Mic_Array\EWARM\STM32F7\Obj\stm32f7xx_hal_sram.o
#        D:\sop1hc\Github\data\Mic_Array_V00\USB_STREAMING\Mic_Array\Projects\STM32746G\Applications\Audio\Mic_Array\EWARM\STM32F7\Obj\stm32f7xx_hal_tim.o
#        D:\sop1hc\Github\data\Mic_Array_V00\USB_STREAMING\Mic_Array\Projects\STM32746G\Applications\Audio\Mic_Array\EWARM\STM32F7\Obj\stm32f7xx_hal_tim_ex.o
#        D:\sop1hc\Github\data\Mic_Array_V00\USB_STREAMING\Mic_Array\Projects\STM32746G\Applications\Audio\Mic_Array\EWARM\STM32F7\Obj\stm32f7xx_hal_uart.o
#        D:\sop1hc\Github\data\Mic_Array_V00\USB_STREAMING\Mic_Array\Projects\STM32746G\Applications\Audio\Mic_Array\EWARM\STM32F7\Obj\stm32f7xx_it.o
#        D:\sop1hc\Github\data\Mic_Array_V00\USB_STREAMING\Mic_Array\Projects\STM32746G\Applications\Audio\Mic_Array\EWARM\STM32F7\Obj\stm32f7xx_ll_fmc.o
#        D:\sop1hc\Github\data\Mic_Array_V00\USB_STREAMING\Mic_Array\Projects\STM32746G\Applications\Audio\Mic_Array\EWARM\STM32F7\Obj\stm32f7xx_ll_usb.o
#        D:\sop1hc\Github\data\Mic_Array_V00\USB_STREAMING\Mic_Array\Projects\STM32746G\Applications\Audio\Mic_Array\EWARM\STM32F7\Obj\system_stm32f7xx.o
#        D:\sop1hc\Github\data\Mic_Array_V00\USB_STREAMING\Mic_Array\Projects\STM32746G\Applications\Audio\Mic_Array\EWARM\STM32F7\Obj\usbd_audio_if.o
#        D:\sop1hc\Github\data\Mic_Array_V00\USB_STREAMING\Mic_Array\Projects\STM32746G\Applications\Audio\Mic_Array\EWARM\STM32F7\Obj\usbd_audio_in.o
#        D:\sop1hc\Github\data\Mic_Array_V00\USB_STREAMING\Mic_Array\Projects\STM32746G\Applications\Audio\Mic_Array\EWARM\STM32F7\Obj\usbd_conf.o
#        D:\sop1hc\Github\data\Mic_Array_V00\USB_STREAMING\Mic_Array\Projects\STM32746G\Applications\Audio\Mic_Array\EWARM\STM32F7\Obj\usbd_core.o
#        D:\sop1hc\Github\data\Mic_Array_V00\USB_STREAMING\Mic_Array\Projects\STM32746G\Applications\Audio\Mic_Array\EWARM\STM32F7\Obj\usbd_ctlreq.o
#        D:\sop1hc\Github\data\Mic_Array_V00\USB_STREAMING\Mic_Array\Projects\STM32746G\Applications\Audio\Mic_Array\EWARM\STM32F7\Obj\usbd_desc.o
#        D:\sop1hc\Github\data\Mic_Array_V00\USB_STREAMING\Mic_Array\Projects\STM32746G\Applications\Audio\Mic_Array\EWARM\STM32F7\Obj\usbd_ioreq.o
#        D:\sop1hc\Github\data\Mic_Array_V00\USB_STREAMING\Mic_Array\Projects\STM32746G\Applications\Audio\Mic_Array\EWARM\STM32F7\Obj\usbh_conf.o
#        D:\sop1hc\Github\data\Mic_Array_V00\USB_STREAMING\Mic_Array\Projects\STM32746G\Applications\Audio\Mic_Array\EWARM\STM32F7\Obj\usbh_core.o
#        D:\sop1hc\Github\data\Mic_Array_V00\USB_STREAMING\Mic_Array\Projects\STM32746G\Applications\Audio\Mic_Array\EWARM\STM32F7\Obj\usbh_ctlreq.o
#        D:\sop1hc\Github\data\Mic_Array_V00\USB_STREAMING\Mic_Array\Projects\STM32746G\Applications\Audio\Mic_Array\EWARM\STM32F7\Obj\usbh_diskio.o
#        D:\sop1hc\Github\data\Mic_Array_V00\USB_STREAMING\Mic_Array\Projects\STM32746G\Applications\Audio\Mic_Array\EWARM\STM32F7\Obj\usbh_ioreq.o
#        D:\sop1hc\Github\data\Mic_Array_V00\USB_STREAMING\Mic_Array\Projects\STM32746G\Applications\Audio\Mic_Array\EWARM\STM32F7\Obj\usbh_msc.o
#        D:\sop1hc\Github\data\Mic_Array_V00\USB_STREAMING\Mic_Array\Projects\STM32746G\Applications\Audio\Mic_Array\EWARM\STM32F7\Obj\usbh_msc_bot.o
#        D:\sop1hc\Github\data\Mic_Array_V00\USB_STREAMING\Mic_Array\Projects\STM32746G\Applications\Audio\Mic_Array\EWARM\STM32F7\Obj\usbh_msc_scsi.o
#        D:\sop1hc\Github\data\Mic_Array_V00\USB_STREAMING\Mic_Array\Projects\STM32746G\Applications\Audio\Mic_Array\EWARM\STM32F7\Obj\usbh_pipes.o
#        "D:\sop1hc\Github\data\Mic_Array_V00\USB_STREAMING\Mic_Array\Projects\STM32746G\Applications\Audio\Mic_Array\EWARM\STM32F7\Obj\waveplayer
#        _CS43L22.o"
#        D:\sop1hc\Github\data\Mic_Array_V00\USB_STREAMING\Mic_Array\Projects\STM32746G\Applications\Audio\Mic_Array\EWARM\STM32F7\Obj\waverecorder.o
#        --redirect _Printf=_PrintfSmall --redirect _Scanf=_ScanfSmall -o
#        D:\sop1hc\Github\data\Mic_Array_V00\USB_STREAMING\Mic_Array\Projects\STM32746G\Applications\Audio\Mic_Array\EWARM\STM32F7\Exe\Project.out
#        --map
#        D:\sop1hc\Github\data\Mic_Array_V00\USB_STREAMING\Mic_Array\Projects\STM32746G\Applications\Audio\Mic_Array\EWARM\STM32F7\List\Project.map
#        --config
#        D:\sop1hc\Github\data\Mic_Array_V00\USB_STREAMING\Mic_Array\Projects\STM32746G\Applications\Audio\Mic_Array\EWARM\Project.icf
#        --semihosting --entry __iar_program_start --no_exceptions "D:\Program
#        Files (x86)\IAR Systems\Embedded Workbench
#        7.3\arm\CMSIS\Lib\IAR\iar_cortexM7ls_math.a" --vfe
#
###############################################################################

*******************************************************************************
*** RUNTIME MODEL ATTRIBUTES
***

CppFlavor                     = *
__Heap_Handler                = DLMalloc
__SystemLibrary               = DLib
__dlib_dynamic_initialization = normal


*******************************************************************************
*** PLACEMENT SUMMARY
***

"A1":  place at 0x08000000 { ro section .intvec };
"P1":  place in [from 0x00000000 to 0x00000000] |
                [from 0x08000000 to 0x080fffff] { ro };
"P3":  place in [from 0x20000000 to 0x2000ffff] |
                [from 0x20010000 to 0x2004ffff] { rw, block CSTACK, block HEAP };

  Section             Kind        Address     Size  Object
  -------             ----        -------     ----  ------
"A1":                                        0x1c8
  .intvec             ro code  0x08000000    0x1c8  startup_stm32f746xx.o [1]
                             - 0x080001c8    0x1c8

"P1":                                      0x2a2a8
  .rodata             const    0x080001c8   0x8800  arm_common_tables.o [4]
  .text               ro code  0x080089c8   0x8078  arm_rfft_init_f32.o [4]
  .text               ro code  0x08010a40     0xb0  arm_cfft_radix4_init_f32.o [4]
  .rodata             const    0x08010af0   0x8000  arm_rfft_init_f32.o [4]
  .text               ro code  0x08018af0   0x395c  stm32f7xx_hal_dma.o [1]
  .text               ro code  0x0801c44c   0x1a7c  waverecorder.o [1]
  .text               ro code  0x0801dec8    0x26c  stm32f7xx_hal_gpio.o [1]
  .text               ro code  0x0801e134    0x550  pdm_filter.o [5]
  .text               ro code  0x0801e684    0x852  stm32f7xx_hal_spi.o [1]
  .text               ro code  0x0801eed8    0x1a4  stm32f7xx_hal_i2s.o [1]
  .text               ro code  0x0801f07c    0x164  stm32f7xx_hal_cortex.o [1]
  .text               ro code  0x0801f1e0     0xb0  audio_application.o [1]
  .text               ro code  0x0801f290     0x1c  FltCmpEq.o [6]
  .text               ro code  0x0801f2ac      0xe  U32ToFlt.o [6]
  .text               ro code  0x0801f2bc     0x24  FltCmpLe.o [6]
  .text               ro code  0x0801f2e0     0x12  FltMul.o [6]
  .text               ro code  0x0801f2f4     0x4e  FltToDbl.o [6]
  .text               ro code  0x0801f344     0x30  I32ToDbl.o [6]
  .text               ro code  0x0801f374    0x256  DblDiv.o [6]
  .text               ro code  0x0801f5cc     0xe8  DblAdd.o [6]
  .text               ro code  0x0801f6b4     0x4c  DblToI32.o [6]
  .text               ro code  0x0801f700    0x1a2  DblMul.o [6]
  .text               ro code  0x0801f8a4     0x90  DblToFlt.o [6]
  .text               ro code  0x0801f934    0x450  xsin.o [6]
  .text               ro code  0x0801fd84    0x180  DblSub.o [6]
  .text               ro code  0x0801ff04     0xf0  sqrt.o [6]
  .text               ro code  0x0801fff4     0x7c  stm32f7xx_hal.o [1]
  .text               ro code  0x08020070   0x106c  audio_codec.o [1]
  .text               ro code  0x080210dc     0x80  usbd_audio_if.o [1]
  .text               ro code  0x0802115c     0x2e  DblCmpLe.o [6]
  .text               ro code  0x0802118c     0x2e  DblCmpGe.o [6]
  .text               ro code  0x080211bc      0xc  errno.o [3]
  .text               ro code  0x080211c8    0x168  xquad.o [6]
  .text               ro code  0x08021330      0xc  iarEdom.o [7]
  .text               ro code  0x0802133c    0x870  stm32f7xx_hal_rcc.o [1]
  .text               ro code  0x08021bac    0xb38  main.o [1]
  .text               ro code  0x080226e4    0xad8  stm32f7xx_hal_i2c.o [1]
  .text               ro code  0x080231bc     0x98  waveplayer _CS43L22.o [1]
  .text               ro code  0x08023254     0x84  stm32f7xx_hal_i2c_ex.o [1]
  .text               ro code  0x080232d8      0x8  abs.o [3]
  .text               ro code  0x080232e0    0xac8  usbd_audio_in.o [1]
  .text               ro code  0x08023da8      0x2  xtls.o [3]
  .text               ro code  0x08023daa     0x7a  xdint.o [6]
  .text               ro code  0x08023e24     0x20  DblCmpEq.o [6]
  .text               ro code  0x08023e44    0x1a8  fmod.o [6]
  .text               ro code  0x08023fec    0x116  DSP.o [1]
  .text               ro code  0x08024104    0x36c  stm32746g_discovery_sdram.o [1]
  .text               ro code  0x08024470    0x118  stm32746g_discovery.o [1]
  .text               ro code  0x08024588    0x346  usbd_core.o [1]
  .text               ro code  0x080248d0    0x910  sta321mp.o [1]
  .text               ro code  0x080251e0     0x84  stm32f7xx_hal_pwr_ex.o [1]
  .text               ro code  0x08025264    0x8a0  stm32f7xx_hal_rcc_ex.o [1]
  .text               ro code  0x08025b04    0x470  usbd_conf.o [1]
  .text               ro code  0x08025f74    0x65e  usbd_ctlreq.o [1]
  .text               ro code  0x080265d2     0xbc  usbd_ioreq.o [1]
  .text               ro code  0x08026690     0x66  ABImemset.o [7]
  .text               ro code  0x080266f8   0x14f0  dlmalloc.o [3]
  .text               ro code  0x08027be8     0x76  ABImemcpy_unaligned.o [7]
  .text               ro code  0x08027c60     0xac  stm32f7xx_hal_sdram.o [1]
  .text               ro code  0x08027d0c    0xa7a  stm32f7xx_hal_pcd.o [1]
  .text               ro code  0x08028788     0x98  stm32f7xx_hal_pcd_ex.o [1]
  .text               ro code  0x08028820      0x6  abort.o [3]
  .text               ro code  0x08028828     0x2c  xgetmemchunk.o [3]
  .text               ro code  0x08028854    0x17c  stm32f7xx_ll_fmc.o [1]
  .text               ro code  0x080289d0    0xd50  stm32f7xx_ll_usb.o [1]
  .text               ro code  0x08029720     0x14  exit.o [8]
  .text               ro code  0x08029734     0x30  iarttio.o [8]
  .text               ro code  0x08029764      0x8  XShttio.o [3]
  .text               ro code  0x0802976c    0x36a  stm32f7xx_hal_uart.o [1]
  .text               ro code  0x08029ad8     0xe8  usbd_desc.o [1]
  .rodata             const    0x08029bc0     0x84  usbd_audio_if.o [1]
  .text               ro code  0x08029c44     0x7c  stm32f7xx_it.o [1]
  .text               ro code  0x08029cc0     0x6c  system_stm32f7xx.o [1]
  .text               ro code  0x08029d2c     0x40  zero_init3.o [7]
  .text               ro code  0x08029d6c     0x2c  copy_init3.o [7]
  .text               ro code  0x08029d98     0x28  data_init.o [7]
  .rodata             const    0x08029dc0     0x24  usbd_desc.o [1]
  .rodata             const    0x08029de4     0x24  usbd_desc.o [1]
  .text               ro code  0x08029e08     0x22  fpinit_M.o [6]
  .iar.init_table     const    0x08029e2c     0x2c  - Linker created -
  .text               ro code  0x08029e58     0x1a  cmain.o [7]
  .text               ro code  0x08029e72      0x4  low_level_init.o [3]
  .text               ro code  0x08029e76      0x4  exit.o [3]
  .text               ro code  0x08029e7c      0xa  cexit.o [7]
  .rodata             const    0x08029e88     0x14  usbd_desc.o [1]
  .rodata             const    0x08029e9c     0x10  stm32f7xx_hal_rcc.o [1]
  .rodata             const    0x08029eac     0x10  usbd_desc.o [1]
  .rodata             const    0x08029ebc     0x10  usbd_desc.o [1]
  .rodata             const    0x08029ecc     0x10  usbd_desc.o [1]
  .rodata             const    0x08029edc     0x10  usbd_desc.o [1]
  .text               ro code  0x08029eec     0x10  startup_stm32f746xx.o [1]
  .text               ro code  0x08029efc      0xc  cstartup_M.o [7]
  .rodata             const    0x08029f08      0x8  stm32746g_discovery.o [1]
  .text               ro code  0x08029f10      0x4  startup_stm32f746xx.o [1]
  .text               ro code  0x08029f14      0x4  startup_stm32f746xx.o [1]
  .text               ro code  0x08029f18      0x4  startup_stm32f746xx.o [1]
  .text               ro code  0x08029f1c      0x4  startup_stm32f746xx.o [1]
  .text               ro code  0x08029f20      0x4  startup_stm32f746xx.o [1]
  .text               ro code  0x08029f24      0x4  startup_stm32f746xx.o [1]
  .text               ro code  0x08029f28      0x4  startup_stm32f746xx.o [1]
  .text               ro code  0x08029f2c      0x4  startup_stm32f746xx.o [1]
  .text               ro code  0x08029f30      0x4  startup_stm32f746xx.o [1]
  .text               ro code  0x08029f34      0x4  startup_stm32f746xx.o [1]
  .text               ro code  0x08029f38      0x4  startup_stm32f746xx.o [1]
  .text               ro code  0x08029f3c      0x4  startup_stm32f746xx.o [1]
  .text               ro code  0x08029f40      0x4  startup_stm32f746xx.o [1]
  .text               ro code  0x08029f44      0x4  startup_stm32f746xx.o [1]
  .text               ro code  0x08029f48      0x4  startup_stm32f746xx.o [1]
  .text               ro code  0x08029f4c      0x4  startup_stm32f746xx.o [1]
  .text               ro code  0x08029f50      0x4  startup_stm32f746xx.o [1]
  .text               ro code  0x08029f54      0x4  startup_stm32f746xx.o [1]
  .text               ro code  0x08029f58      0x4  startup_stm32f746xx.o [1]
  .text               ro code  0x08029f5c      0x4  startup_stm32f746xx.o [1]
  .text               ro code  0x08029f60      0x4  startup_stm32f746xx.o [1]
  .text               ro code  0x08029f64      0x4  startup_stm32f746xx.o [1]
  .text               ro code  0x08029f68      0x4  startup_stm32f746xx.o [1]
  .text               ro code  0x08029f6c      0x4  startup_stm32f746xx.o [1]
  .text               ro code  0x08029f70      0x4  startup_stm32f746xx.o [1]
  .text               ro code  0x08029f74      0x4  startup_stm32f746xx.o [1]
  .text               ro code  0x08029f78      0x4  startup_stm32f746xx.o [1]
  .text               ro code  0x08029f7c      0x4  startup_stm32f746xx.o [1]
  .text               ro code  0x08029f80      0x4  startup_stm32f746xx.o [1]
  .text               ro code  0x08029f84      0x4  startup_stm32f746xx.o [1]
  .text               ro code  0x08029f88      0x4  startup_stm32f746xx.o [1]
  .text               ro code  0x08029f8c      0x4  startup_stm32f746xx.o [1]
  .text               ro code  0x08029f90      0x4  startup_stm32f746xx.o [1]
  .text               ro code  0x08029f94      0x4  startup_stm32f746xx.o [1]
  .text               ro code  0x08029f98      0x4  startup_stm32f746xx.o [1]
  .text               ro code  0x08029f9c      0x4  startup_stm32f746xx.o [1]
  .text               ro code  0x08029fa0      0x4  startup_stm32f746xx.o [1]
  .text               ro code  0x08029fa4      0x4  startup_stm32f746xx.o [1]
  .text               ro code  0x08029fa8      0x4  startup_stm32f746xx.o [1]
  .text               ro code  0x08029fac      0x4  startup_stm32f746xx.o [1]
  .text               ro code  0x08029fb0      0x4  startup_stm32f746xx.o [1]
  .text               ro code  0x08029fb4      0x4  startup_stm32f746xx.o [1]
  .text               ro code  0x08029fb8      0x4  startup_stm32f746xx.o [1]
  .text               ro code  0x08029fbc      0x4  startup_stm32f746xx.o [1]
  .text               ro code  0x08029fc0      0x4  startup_stm32f746xx.o [1]
  .text               ro code  0x08029fc4      0x4  startup_stm32f746xx.o [1]
  .text               ro code  0x08029fc8      0x4  startup_stm32f746xx.o [1]
  .text               ro code  0x08029fcc      0x4  startup_stm32f746xx.o [1]
  .text               ro code  0x08029fd0      0x4  startup_stm32f746xx.o [1]
  .text               ro code  0x08029fd4      0x4  startup_stm32f746xx.o [1]
  .text               ro code  0x08029fd8      0x4  startup_stm32f746xx.o [1]
  .text               ro code  0x08029fdc      0x4  startup_stm32f746xx.o [1]
  .text               ro code  0x08029fe0      0x4  startup_stm32f746xx.o [1]
  .text               ro code  0x08029fe4      0x4  startup_stm32f746xx.o [1]
  .text               ro code  0x08029fe8      0x4  startup_stm32f746xx.o [1]
  .text               ro code  0x08029fec      0x4  startup_stm32f746xx.o [1]
  .text               ro code  0x08029ff0      0x4  startup_stm32f746xx.o [1]
  .text               ro code  0x08029ff4      0x4  startup_stm32f746xx.o [1]
  .text               ro code  0x08029ff8      0x4  startup_stm32f746xx.o [1]
  .text               ro code  0x08029ffc      0x4  startup_stm32f746xx.o [1]
  .text               ro code  0x0802a000      0x4  startup_stm32f746xx.o [1]
  .text               ro code  0x0802a004      0x4  startup_stm32f746xx.o [1]
  .text               ro code  0x0802a008      0x4  startup_stm32f746xx.o [1]
  .text               ro code  0x0802a00c      0x4  startup_stm32f746xx.o [1]
  .text               ro code  0x0802a010      0x4  startup_stm32f746xx.o [1]
  .text               ro code  0x0802a014      0x4  startup_stm32f746xx.o [1]
  .text               ro code  0x0802a018      0x4  startup_stm32f746xx.o [1]
  .text               ro code  0x0802a01c      0x4  startup_stm32f746xx.o [1]
  .text               ro code  0x0802a020      0x4  startup_stm32f746xx.o [1]
  .text               ro code  0x0802a024      0x4  startup_stm32f746xx.o [1]
  .text               ro code  0x0802a028      0x4  startup_stm32f746xx.o [1]
  .text               ro code  0x0802a02c      0x4  startup_stm32f746xx.o [1]
  .text               ro code  0x0802a030      0x4  startup_stm32f746xx.o [1]
  .text               ro code  0x0802a034      0x4  startup_stm32f746xx.o [1]
  .text               ro code  0x0802a038      0x4  startup_stm32f746xx.o [1]
  .text               ro code  0x0802a03c      0x4  startup_stm32f746xx.o [1]
  .text               ro code  0x0802a040      0x4  startup_stm32f746xx.o [1]
  .rodata             const    0x0802a044      0x0  zero_init3.o [7]
  .rodata             const    0x0802a044      0x0  copy_init3.o [7]
  Initializer bytes   const    0x0802a044    0x42c  <for P3 s0>
                             - 0x0802a470  0x2a2a8

"P3", part 1 of 3:                           0x42c
  P3 s0                        0x20010000    0x42c  <Init block>
    .data             inited   0x20010000    0x304  pdm_filter.o [5]
    .data             inited   0x20010304     0x50  sta321mp.o [1]
    .data             inited   0x20010354     0x38  usbd_audio_in.o [1]
    .data             inited   0x2001038c     0x24  sta321mp.o [1]
    .data             inited   0x200103b0     0x24  usbd_audio_if.o [1]
    .data             inited   0x200103d4     0x1c  usbd_desc.o [1]
    .data             inited   0x200103f0     0x14  usbd_desc.o [1]
    .data             inited   0x20010404      0xc  usbd_audio_in.o [1]
    .data             inited   0x20010410      0x8  XShttio.o [3]
    .data             inited   0x20010418      0x4  system_stm32f7xx.o [1]
    .data             inited   0x2001041c      0x4  usbd_desc.o [1]
    __DLIB_PERTHREAD  inited   0x20010420      0x4  errno.o [3]
    .data             inited   0x20010424      0x1  audio_codec.o [1]
    .data             inited   0x20010425      0x1  main.o [1]
    .data             inited   0x20010426      0x1  main.o [1]
    .data             inited   0x20010427      0x1  stm32746g_discovery_sdram.o [1]
    .data             inited   0x20010428      0x1  waveplayer _CS43L22.o [1]
                             - 0x2001042c    0x42c

"P3", part 2 of 3:                          0xda64
  .bss                zero     0x2001042c   0x2000  waverecorder.o [1]
  .bss                zero     0x2001242c   0x2000  waverecorder.o [1]
  .bss                zero     0x2001442c   0x2000  waverecorder.o [1]
  .bss                zero     0x2001642c   0x2000  waverecorder.o [1]
  .bss                zero     0x2001842c   0x2000  waverecorder.o [1]
  .bss                zero     0x2001a42c   0x2000  waverecorder.o [1]
  .bss                zero     0x2001c42c    0x800  main.o [1]
  .bss                zero     0x2001cc2c    0x3c0  usbd_conf.o [1]
  .bss                zero     0x2001cfec    0x224  main.o [1]
  .bss                zero     0x2001d210    0x1d8  dlmalloc.o [3]
  .bss                zero     0x2001d3e8    0x180  usbd_audio_in.o [1]
  .bss                zero     0x2001d568     0xc8  usbd_desc.o [1]
  .bss                zero     0x2001d630     0x80  waverecorder.o [1]
  .bss                zero     0x2001d6b0     0x80  waverecorder.o [1]
  .bss                zero     0x2001d730     0x78  usbd_audio_in.o [1]
  .bss                zero     0x2001d7a8     0x70  main.o [1]
  .bss                zero     0x2001d818     0x68  waverecorder.o [1]
  .bss                zero     0x2001d880     0x64  main.o [1]
  .bss                zero     0x2001d8e4     0x64  usbd_audio_in.o [1]
  .bss                zero     0x2001d948     0x64  waverecorder.o [1]
  .bss                zero     0x2001d9ac     0x64  waverecorder.o [1]
  .bss                zero     0x2001da10     0x50  audio_codec.o [1]
  .bss                zero     0x2001da60     0x50  stm32746g_discovery_sdram.o [1]
  .bss                zero     0x2001dab0     0x50  waverecorder.o [1]
  .bss                zero     0x2001db00     0x50  waverecorder.o [1]
  .bss                zero     0x2001db50     0x40  waveplayer _CS43L22.o [1]
  .bss                zero     0x2001db90     0x40  waverecorder.o [1]
  .bss                zero     0x2001dbd0     0x40  waverecorder.o [1]
  .bss                zero     0x2001dc10     0x3c  audio_codec.o [1]
  .bss                zero     0x2001dc4c     0x3c  audio_codec.o [1]
  .bss                zero     0x2001dc88     0x34  stm32746g_discovery_sdram.o [1]
  .bss                zero     0x2001dcbc     0x1c  stm32746g_discovery_sdram.o [1]
  .bss                zero     0x2001dcd8     0x18  main.o [1]
  .bss                zero     0x2001dcf0     0x18  main.o [1]
  .bss                zero     0x2001dd08     0x18  main.o [1]
  .bss                zero     0x2001dd20     0x18  main.o [1]
  .bss                zero     0x2001dd38     0x18  main.o [1]
  .bss                zero     0x2001dd50     0x18  main.o [1]
  .bss                zero     0x2001dd68     0x18  dlmalloc.o [3]
  .bss                zero     0x2001dd80     0x14  main.o [1]
  .bss                zero     0x2001dd94     0x14  main.o [1]
  .bss                zero     0x2001dda8     0x14  main.o [1]
  .bss                zero     0x2001ddbc     0x14  main.o [1]
  .bss                zero     0x2001ddd0     0x14  main.o [1]
  .bss                zero     0x2001dde4     0x14  main.o [1]
  .bss                zero     0x2001ddf8     0x10  sta321mp.o [1]
  .bss                zero     0x2001de08     0x10  stm32746g_discovery_sdram.o [1]
  .bss                zero     0x2001de18      0x4  DSP.o [1]
  .bss                zero     0x2001de1c      0x4  stm32f7xx_hal.o [1]
  .bss                zero     0x2001de20      0x4  stm32f7xx_it.o [1]
  .bss                zero     0x2001de24      0x4  waveplayer _CS43L22.o [1]
  .bss                zero     0x2001de28      0x4  waverecorder.o [1]
  .bss                zero     0x2001de2c      0x4  waverecorder.o [1]
  .bss                zero     0x2001de30      0x4  xgetmemchunk.o [3]
  .bss                zero     0x2001de34      0x2  main.o [1]
  .bss                zero     0x2001de36      0x2  main.o [1]
  .bss                zero     0x2001de38      0x2  main.o [1]
  .bss                zero     0x2001de3a      0x2  main.o [1]
  .bss                zero     0x2001de3c      0x2  main.o [1]
  .bss                zero     0x2001de3e      0x2  main.o [1]
  .bss                zero     0x2001de40      0x2  main.o [1]
  .bss                zero     0x2001de42      0x2  main.o [1]
  .bss                zero     0x2001de44      0x2  main.o [1]
  .bss                zero     0x2001de46      0x2  main.o [1]
  .bss                zero     0x2001de48      0x2  main.o [1]
  .bss                zero     0x2001de4a      0x2  main.o [1]
  .bss                zero     0x2001de4c      0x2  main.o [1]
  .bss                zero     0x2001de4e      0x2  main.o [1]
  .bss                zero     0x2001de50      0x2  main.o [1]
  .bss                zero     0x2001de52      0x2  main.o [1]
  .bss                zero     0x2001de54      0x2  sta321mp.o [1]
  .bss                zero     0x2001de56      0x2  usbd_audio_in.o [1]
  .bss                zero     0x2001de58      0x2  waverecorder.o [1]
  .bss                zero     0x2001de5a      0x2  waverecorder.o [1]
  .bss                zero     0x2001de5c      0x2  waverecorder.o [1]
  .bss                zero     0x2001de5e      0x2  waverecorder.o [1]
  .bss                zero     0x2001de60      0x2  waverecorder.o [1]
  .bss                zero     0x2001de62      0x2  waverecorder.o [1]
  .bss                zero     0x2001de64      0x2  waverecorder.o [1]
  .bss                zero     0x2001de66      0x2  waverecorder.o [1]
  .bss                zero     0x2001de68      0x2  waverecorder.o [1]
  .bss                zero     0x2001de6a      0x2  waverecorder.o [1]
  .bss                zero     0x2001de6c      0x2  waverecorder.o [1]
  .bss                zero     0x2001de6e      0x2  waverecorder.o [1]
  .bss                zero     0x2001de70      0x2  waverecorder.o [1]
  .bss                zero     0x2001de72      0x2  waverecorder.o [1]
  .bss                zero     0x2001de74      0x2  waverecorder.o [1]
  .bss                zero     0x2001de76      0x2  waverecorder.o [1]
  .bss                zero     0x2001de78      0x2  waverecorder.o [1]
  .bss                zero     0x2001de7a      0x1  audio_codec.o [1]
  .bss                zero     0x2001de7b      0x1  main.o [1]
  .bss                zero     0x2001de7c      0x1  main.o [1]
  .bss                zero     0x2001de7d      0x1  main.o [1]
  .bss                zero     0x2001de7e      0x1  main.o [1]
  .bss                zero     0x2001de7f      0x1  main.o [1]
  .bss                zero     0x2001de80      0x1  usbd_ctlreq.o [1]
  .bss                zero     0x2001de81      0x1  waverecorder.o [1]
  .bss                zero     0x2001de82      0x1  waverecorder.o [1]
  .bss                zero     0x2001de83      0x1  waverecorder.o [1]
  .bss                zero     0x2001de84      0x1  waverecorder.o [1]
  .bss                zero     0x2001de85      0x1  waverecorder.o [1]
  .bss                zero     0x2001de86      0x1  waverecorder.o [1]
  .bss                zero     0x2001de87      0x1  waverecorder.o [1]
  .bss                zero     0x2001de88      0x1  waverecorder.o [1]
  .bss                zero     0x2001de89      0x1  waverecorder.o [1]
  .bss                zero     0x2001de8a      0x1  waverecorder.o [1]
  .bss                zero     0x2001de8b      0x1  waverecorder.o [1]
  .bss                zero     0x2001de8c      0x1  waverecorder.o [1]
  .bss                zero     0x2001de8d      0x1  waverecorder.o [1]
  .bss                zero     0x2001de8e      0x1  waverecorder.o [1]
                             - 0x2001de8f   0xda63

"P3", part 3 of 3:                          0x4000
  CSTACK                       0x2001de90   0x2000  <Block>
    CSTACK            uninit   0x2001de90   0x2000  <Block tail>
  HEAP                         0x2001fe90   0x2000  <Block>
    HEAP              uninit   0x2001fe90   0x2000  <Block tail>
                             - 0x20021e90   0x4000

Absolute sections:                         0x191e0
  .bss                zero     0xc0000000   0x80a0  waverecorder.o [1]
  .bss                zero     0xc00080a0   0x80a0  waverecorder.o [1]
  .bss                zero     0xc0010140   0x80a0  waverecorder.o [1]
  .bss                zero     0xc00181e0   0x1000  audio_application.o [1]
                             - 0xc00191e0  0x191e0


*******************************************************************************
*** INIT TABLE
***

          Address     Size
          -------     ----
Zero (__iar_zero_init3)
    2 destination ranges, total size 0x26c43:
          0x2001042c   0xda63
          0xc0000000  0x191e0

Copy (__iar_copy_init3)
    1 source range, total size 0x42c (100% of destination):
          0x0802a044    0x42c
    1 destination range, total size 0x429:
          0x20010000    0x429



*******************************************************************************
*** MODULE SUMMARY
***

    Module                       ro code  ro data  rw data  rw data
                                                             (abs)
    ------                       -------  -------  -------  -------
D:\sop1hc\Github\data\Mic_Array_V00\USB_STREAMING\Mic_Array\Projects\STM32746G\Applications\Audio\Mic_Array\EWARM\STM32F7\Obj: [1]
    DSP.o                            278                 4
    audio_application.o              176                      4 096
    audio_codec.o                  4 204        1      202
    main.o                         2 872        2    3 111
    sta321mp.o                     2 320      116      134
    startup_stm32f746xx.o            780
    stm32746g_discovery.o            280        8
    stm32746g_discovery_sdram.o      876        1      177
    stm32f7xx_hal.o                  124                 4
    stm32f7xx_hal_cortex.o           356
    stm32f7xx_hal_dma.o           14 684
    stm32f7xx_hal_gpio.o             620
    stm32f7xx_hal_i2c.o            2 776
    stm32f7xx_hal_i2c_ex.o           132
    stm32f7xx_hal_i2s.o              420
    stm32f7xx_hal_pcd.o            2 682
    stm32f7xx_hal_pcd_ex.o           152
    stm32f7xx_hal_pwr_ex.o           132
    stm32f7xx_hal_rcc.o            2 160       16
    stm32f7xx_hal_rcc_ex.o         2 208
    stm32f7xx_hal_sdram.o            172
    stm32f7xx_hal_spi.o            2 130
    stm32f7xx_hal_uart.o             874
    stm32f7xx_it.o                   124                 4
    stm32f7xx_ll_fmc.o               380
    stm32f7xx_ll_usb.o             3 408
    system_stm32f7xx.o               108        4        4
    usbd_audio_if.o                  128      168       36
    usbd_audio_in.o                2 760       68      674
    usbd_conf.o                    1 136               960
    usbd_core.o                      838
    usbd_ctlreq.o                  1 630                 1
    usbd_desc.o                      232      208      252
    usbd_ioreq.o                     188
    waveplayer _CS43L22.o            152        1       69
    waverecorder.o                 6 780            50 056   98 784
    ---------------------------------------------------------------
    Total:                        59 272      593   55 688  102 880

command line: [2]
    ---------------------------------------------------------------
    Total:

dl7M_tlf.a: [3]
    XShttio.o                          8        8        8
    abort.o                            6
    abs.o                              8
    dlmalloc.o                     5 360               496
    errno.o                           12        4        4
    exit.o                             4
    low_level_init.o                   4
    xgetmemchunk.o                    44                 4
    xtls.o                             2
    ---------------------------------------------------------------
    Total:                         5 448       12      512

iar_cortexM7ls_math.a: [4]
    arm_cfft_radix4_init_f32.o       176
    arm_common_tables.o                    34 816
    arm_rfft_init_f32.o           32 888   32 768
    ---------------------------------------------------------------
    Total:                        33 064   67 584

libPDMFilter_CM7_IAR.a: [5]
    pdm_filter.o                   1 360      772      772
    ---------------------------------------------------------------
    Total:                         1 360      772      772

m7M_tls.a: [6]
    DblAdd.o                         232
    DblCmpEq.o                        32
    DblCmpGe.o                        46
    DblCmpLe.o                        46
    DblDiv.o                         598
    DblMul.o                         418
    DblSub.o                         384
    DblToFlt.o                       144
    DblToI32.o                        76
    FltCmpEq.o                        28
    FltCmpLe.o                        36
    FltMul.o                          18
    FltToDbl.o                        78
    I32ToDbl.o                        48
    U32ToFlt.o                        14
    fmod.o                           424
    fpinit_M.o                        34
    sqrt.o                           240
    xdint.o                          122
    xquad.o                          360
    xsin.o                         1 104
    ---------------------------------------------------------------
    Total:                         4 482

rt7M_tl.a: [7]
    ABImemcpy_unaligned.o            118
    ABImemset.o                      102
    cexit.o                           10
    cmain.o                           26
    copy_init3.o                      44
    cstartup_M.o                      12
    data_init.o                       40
    iarEdom.o                         12
    zero_init3.o                      64
    ---------------------------------------------------------------
    Total:                           428

shb_l.a: [8]
    exit.o                            20
    iarttio.o                         48
    ---------------------------------------------------------------
    Total:                            68

    Gaps                              34        4
    Linker created                             47   16 384
-------------------------------------------------------------------
    Grand Total:                 104 156   69 012   73 356  102 880


*******************************************************************************
*** ENTRY LIST
***

Entry                      Address    Size  Type      Object
-----                      -------    ----  ----      ------
.iar.init_table$$Base   0x08029e2c           --   Gb  - Linker created -
.iar.init_table$$Limit  0x08029e58           --   Gb  - Linker created -
?main                   0x08029e59          Code  Gb  cmain.o [7]
APBAHBPrescTable        0x08029e9c    0x10  Data  Gb  stm32f7xx_hal_rcc.o [1]
AUDIO_Desc              0x200103d4    0x1c  Data  Gb  usbd_desc.o [1]
AUDIO_Init              0x08020071    0x38  Code  Gb  audio_codec.o [1]
AUDIO_InitApplication   0x08023249     0xc  Code  Gb  waveplayer _CS43L22.o [1]
AUDIO_REQ_GetCurrent    0x0802366b    0x30  Code  Lc  usbd_audio_in.o [1]
AUDIO_REQ_GetMaximum    0x08023605    0x22  Code  Lc  usbd_audio_in.o [1]
AUDIO_REQ_GetMinimum    0x08023627    0x22  Code  Lc  usbd_audio_in.o [1]
AUDIO_REQ_GetResolution
                        0x08023649    0x22  Code  Lc  usbd_audio_in.o [1]
AUDIO_REQ_SetCurrent    0x0802369b    0x34  Code  Lc  usbd_audio_in.o [1]
AudioMerging            0x0801f1f7    0x84  Code  Gb  audio_application.o [1]
AudioProcess            0x0801f1e1    0x16  Code  Gb  audio_application.o [1]
Audio_CommandMgr        0x08021139     0x6  Code  Lc  usbd_audio_if.o [1]
Audio_DeInit            0x080210e3     0x6  Code  Lc  usbd_audio_if.o [1]
Audio_Init              0x080210dd     0x6  Code  Lc  usbd_audio_if.o [1]
Audio_MAL_Play          0x08020c8d    0xbc  Code  Gb  audio_codec.o [1]
Audio_MuteCtl           0x08021127     0x6  Code  Lc  usbd_audio_if.o [1]
Audio_Pause             0x08021131     0x4  Code  Lc  usbd_audio_if.o [1]
Audio_Play_Out          0x08021d9b    0xe2  Code  Lc  main.o [1]
Audio_Record            0x080210e9     0x4  Code  Lc  usbd_audio_if.o [1]
Audio_Resume            0x08021135     0x4  Code  Lc  usbd_audio_if.o [1]
Audio_Stop              0x0802112d     0x4  Code  Lc  usbd_audio_if.o [1]
Audio_VolumeCtl         0x080210ed    0x3a  Code  Lc  usbd_audio_if.o [1]
BSP_AUDIO_OUT_ClockConfig
                        0x08022169    0x70  Code  Gb  main.o [1]
BSP_LED_Init            0x08024471    0xc8  Code  Gb  stm32746g_discovery.o [1]
BSP_LED_Toggle          0x08024539    0x42  Code  Gb  stm32746g_discovery.o [1]
BSP_SDRAM_Init          0x08024105    0xd6  Code  Gb  stm32746g_discovery_sdram.o [1]
BSP_SDRAM_Initialization_sequence
                        0x080241db    0xb0  Code  Gb  stm32746g_discovery_sdram.o [1]
BSP_SDRAM_MspInit       0x0802428b   0x1a8  Code  Wk  stm32746g_discovery_sdram.o [1]
Buffer1                 0xc0000000  0x80a0  Data  Gb  waverecorder.o [1]
Buffer2                 0xc00080a0  0x80a0  Data  Gb  waverecorder.o [1]
Buffer3                 0xc0010140  0x80a0  Data  Gb  waverecorder.o [1]
BusFault_Handler        0x08029c4b     0x2  Code  Gb  stm32f7xx_it.o [1]
ButtonInit              0x080224c5    0x4e  Code  Gb  main.o [1]
CPU_CACHE_Enable        0x080221d9     0xc  Code  Lc  main.o [1]
CSTACK$$Base            0x2001de90           --   Gb  - Linker created -
CSTACK$$Limit           0x2001fe90           --   Gb  - Linker created -
Codec_AudioInterface_Init
                        0x08020bf9     0xc  Code  Lc  audio_codec.o [1]
Codec_CtrlInterface_Init
                        0x08020bf1     0x8  Code  Lc  audio_codec.o [1]
Codec_GPIO_Init         0x08020c05    0x40  Code  Lc  audio_codec.o [1]
Codec_Init              0x080209c7    0xf6  Code  Lc  audio_codec.o [1]
Codec_ReadRegister      0x08020b8d    0x64  Code  Lc  audio_codec.o [1]
Codec_Reset             0x08020b21    0x24  Code  Lc  audio_codec.o [1]
Codec_TIMEOUT_UserCallback
                        0x080231cf     0x4  Code  Gb  waveplayer _CS43L22.o [1]
Codec_VolumeCtrl        0x08020abd    0x64  Code  Lc  audio_codec.o [1]
Codec_WriteRegister     0x08020b47    0x3e  Code  Lc  audio_codec.o [1]
Command                 0x2001de08    0x10  Data  Lc  stm32746g_discovery_sdram.o [1]
Command_index           0x20010426     0x1  Data  Gb  main.o [1]
CrssCor                 0x08023fed    0xf6  Code  Gb  DSP.o [1]
DFT_Init                0x0802235d    0x5e  Code  Gb  main.o [1]
DMA1_Stream0_IRQHandler
                        0x080209bb     0x2  Code  Gb  audio_codec.o [1]
DMA1_Stream7_IRQHandler
                        0x080200a9   0x912  Code  Gb  audio_codec.o [1]
DMA2_Stream4_IRQHandler
                        0x08029cbd     0x2  Code  Gb  stm32f7xx_it.o [1]
DMA2_Stream5_IRQHandler
                        0x0801d74b     0xc  Code  Gb  waverecorder.o [1]
DMA2_Stream6_IRQHandler
                        0x0801d757     0xc  Code  Gb  waverecorder.o [1]
DMA2_Stream7_IRQHandler
                        0x08029cbf     0x2  Code  Gb  stm32f7xx_it.o [1]
DMA_SetConfig           0x08018af1    0x2e  Code  Gb  stm32f7xx_hal_dma.o [1]
DebugMon_Handler        0x08029c51     0x2  Code  Gb  stm32f7xx_it.o [1]
Delay                   0x08020c79    0x14  Code  Lc  audio_codec.o [1]
DmaHandle               0x2001da10    0x50  Data  Gb  audio_codec.o [1]
EXTI15_10_IRQHandler    0x08022309     0x2  Code  Gb  main.o [1]
EXTI4_IRQHandler        0x080222cb    0x3e  Code  Gb  main.o [1]
EXTI9_5_IRQHandler      0x0802230b    0x52  Code  Gb  main.o [1]
EnergySound             0x2001de18     0x4  Data  Gb  DSP.o [1]
FFT_Update              0x08021c3b   0x160  Code  Lc  main.o [1]
FMC_SDRAM_Init          0x08028855    0x7c  Code  Gb  stm32f7xx_ll_fmc.o [1]
FMC_SDRAM_ProgramRefreshRate
                        0x080289c3     0xe  Code  Gb  stm32f7xx_ll_fmc.o [1]
FMC_SDRAM_SendCommand   0x0802896f    0x54  Code  Gb  stm32f7xx_ll_fmc.o [1]
FMC_SDRAM_Timing_Init   0x080288d1    0x9e  Code  Gb  stm32f7xx_ll_fmc.o [1]
FacMic                  0x2001dcd8    0x18  Data  Gb  main.o [1]
FactorUpd               0x080240e9    0x1a  Code  Gb  DSP.o [1]
Filter                  0x2001d818    0x68  Data  Gb  waverecorder.o [1]
GPIO_INS                0x2001dd80    0x14  Data  Gb  main.o [1]
GPIO_PIN                0x08029f08     0x8  Data  Gb  stm32746g_discovery.o [1]
HAL_DMA_DeInit          0x08018ba1   0xfe8  Code  Gb  stm32f7xx_hal_dma.o [1]
HAL_DMA_IRQHandler      0x08019c61  0x2798  Code  Gb  stm32f7xx_hal_dma.o [1]
HAL_DMA_Init            0x08018b1f    0x7c  Code  Gb  stm32f7xx_hal_dma.o [1]
HAL_DMA_Start_IT        0x08019bd9    0x86  Code  Gb  stm32f7xx_hal_dma.o [1]
HAL_Delay               0x0802004f    0x1a  Code  Wk  stm32f7xx_hal.o [1]
HAL_GPIO_Init           0x0801dec9   0x1f6  Code  Gb  stm32f7xx_hal_gpio.o [1]
HAL_GPIO_ReadPin        0x0801e0bf    0x18  Code  Gb  stm32f7xx_hal_gpio.o [1]
HAL_GPIO_TogglePin      0x0801e0eb     0xa  Code  Gb  stm32f7xx_hal_gpio.o [1]
HAL_GPIO_WritePin       0x0801e0d7    0x14  Code  Gb  stm32f7xx_hal_gpio.o [1]
HAL_GetTick             0x08020049     0x6  Code  Wk  stm32f7xx_hal.o [1]
HAL_I2CEx_ConfigAnalogFilter
                        0x08023255    0x84  Code  Gb  stm32f7xx_hal_i2c_ex.o [1]
HAL_I2C_EV_IRQHandler   0x08022a5d   0x12e  Code  Gb  stm32f7xx_hal_i2c.o [1]
HAL_I2C_ErrorCallback   0x08022b97     0x2  Code  Wk  stm32f7xx_hal_i2c.o [1]
HAL_I2C_GetError        0x08022b99     0x4  Code  Gb  stm32f7xx_hal_i2c.o [1]
HAL_I2C_Init            0x080226e5    0xbc  Code  Gb  stm32f7xx_hal_i2c.o [1]
HAL_I2C_MasterRxCpltCallback
                        0x08022b8d     0x2  Code  Wk  stm32f7xx_hal_i2c.o [1]
HAL_I2C_MasterTxCpltCallback
                        0x08022b8b     0x2  Code  Wk  stm32f7xx_hal_i2c.o [1]
HAL_I2C_Master_Receive  0x080228ff   0x158  Code  Gb  stm32f7xx_hal_i2c.o [1]
HAL_I2C_Master_Transmit
                        0x080227a1   0x15e  Code  Gb  stm32f7xx_hal_i2c.o [1]
HAL_I2C_MemRxCpltCallback
                        0x08022b95     0x2  Code  Wk  stm32f7xx_hal_i2c.o [1]
HAL_I2C_MemTxCpltCallback
                        0x08022b93     0x2  Code  Wk  stm32f7xx_hal_i2c.o [1]
HAL_I2C_MspInit         0x080221e5    0xe6  Code  Gb  main.o [1]
HAL_I2C_SlaveRxCpltCallback
                        0x08022b91     0x2  Code  Wk  stm32f7xx_hal_i2c.o [1]
HAL_I2C_SlaveTxCpltCallback
                        0x08022b8f     0x2  Code  Wk  stm32f7xx_hal_i2c.o [1]
HAL_I2S_Init            0x0801eed9   0x126  Code  Gb  stm32f7xx_hal_i2s.o [1]
HAL_I2S_MspInit         0x08020d6d   0x2d2  Code  Gb  audio_codec.o [1]
HAL_I2S_TxCpltCallback  0x0802256d    0x22  Code  Gb  main.o [1]
HAL_IncTick             0x0802003d     0xc  Code  Wk  stm32f7xx_hal.o [1]
HAL_Init                0x0801fff5    0x22  Code  Gb  stm32f7xx_hal.o [1]
HAL_InitTick            0x08020019    0x24  Code  Wk  stm32f7xx_hal.o [1]
HAL_MspInit             0x08020017     0x2  Code  Wk  stm32f7xx_hal.o [1]
HAL_NVIC_DisableIRQ     0x0801f1a1     0xe  Code  Gb  stm32f7xx_hal_cortex.o [1]
HAL_NVIC_EnableIRQ      0x0801f193     0xe  Code  Gb  stm32f7xx_hal_cortex.o [1]
HAL_NVIC_SetPriority    0x0801f16d    0x26  Code  Gb  stm32f7xx_hal_cortex.o [1]
HAL_NVIC_SetPriorityGrouping
                        0x0801f161     0xc  Code  Gb  stm32f7xx_hal_cortex.o [1]
HAL_PCDEx_ActivateLPM   0x080287f7    0x28  Code  Gb  stm32f7xx_hal_pcd_ex.o [1]
HAL_PCDEx_LPM_Callback  0x0802881f     0x2  Code  Wk  stm32f7xx_hal_pcd_ex.o [1]
HAL_PCDEx_SetRxFiFo     0x080287eb     0xc  Code  Gb  stm32f7xx_hal_pcd_ex.o [1]
HAL_PCDEx_SetTxFiFo     0x08028789    0x62  Code  Gb  stm32f7xx_hal_pcd_ex.o [1]
HAL_PCD_ConnectCallback
                        0x08025db3     0xe  Code  Gb  usbd_conf.o [1]
HAL_PCD_DataInStageCallback
                        0x08025d0b    0x1e  Code  Gb  usbd_conf.o [1]
HAL_PCD_DataOutStageCallback
                        0x08025ceb    0x20  Code  Gb  usbd_conf.o [1]
HAL_PCD_DisconnectCallback
                        0x08025dc1     0xe  Code  Gb  usbd_conf.o [1]
HAL_PCD_EP_Close        0x0802844b    0x62  Code  Gb  stm32f7xx_hal_pcd.o [1]
HAL_PCD_EP_ClrStall     0x08028625    0x62  Code  Gb  stm32f7xx_hal_pcd.o [1]
HAL_PCD_EP_Flush        0x08028687    0x3c  Code  Gb  stm32f7xx_hal_pcd.o [1]
HAL_PCD_EP_Open         0x080283b1    0x9a  Code  Gb  stm32f7xx_hal_pcd.o [1]
HAL_PCD_EP_Receive      0x080284ad    0x82  Code  Gb  stm32f7xx_hal_pcd.o [1]
HAL_PCD_EP_SetStall     0x080285af    0x76  Code  Gb  stm32f7xx_hal_pcd.o [1]
HAL_PCD_EP_Transmit     0x0802852f    0x80  Code  Gb  stm32f7xx_hal_pcd.o [1]
HAL_PCD_IRQHandler      0x08027e63   0x522  Code  Gb  stm32f7xx_hal_pcd.o [1]
HAL_PCD_ISOINIncompleteCallback
                        0x08025d9f    0x14  Code  Gb  usbd_conf.o [1]
HAL_PCD_ISOOUTIncompleteCallback
                        0x08025d8b    0x14  Code  Gb  usbd_conf.o [1]
HAL_PCD_Init            0x08027d0d   0x12a  Code  Gb  stm32f7xx_hal_pcd.o [1]
HAL_PCD_MspInit         0x08025b05   0x1d4  Code  Gb  usbd_conf.o [1]
HAL_PCD_ResetCallback   0x08025d37    0x38  Code  Gb  usbd_conf.o [1]
HAL_PCD_ResumeCallback  0x08025d7d     0xe  Code  Gb  usbd_conf.o [1]
HAL_PCD_SOFCallback     0x08025d29     0xe  Code  Gb  usbd_conf.o [1]
HAL_PCD_SetAddress      0x08028385    0x2c  Code  Gb  stm32f7xx_hal_pcd.o [1]
HAL_PCD_SetupStageCallback
                        0x08025cd9    0x12  Code  Gb  usbd_conf.o [1]
HAL_PCD_Start           0x08027e37    0x2c  Code  Gb  stm32f7xx_hal_pcd.o [1]
HAL_PCD_SuspendCallback
                        0x08025d6f     0xe  Code  Gb  usbd_conf.o [1]
HAL_PWREx_EnableOverDrive
                        0x080251e1    0x76  Code  Gb  stm32f7xx_hal_pwr_ex.o [1]
HAL_RCCEx_GetPeriphCLKConfig
                        0x0802590d   0x1c6  Code  Gb  stm32f7xx_hal_rcc_ex.o [1]
HAL_RCCEx_PeriphCLKConfig
                        0x08025265   0x6a8  Code  Gb  stm32f7xx_hal_rcc_ex.o [1]
HAL_RCC_ClockConfig     0x08021855   0x256  Code  Gb  stm32f7xx_hal_rcc.o [1]
HAL_RCC_GetHCLKFreq     0x08021b4f    0x28  Code  Gb  stm32f7xx_hal_rcc.o [1]
HAL_RCC_GetSysClockFreq
                        0x08021aab    0xa4  Code  Gb  stm32f7xx_hal_rcc.o [1]
HAL_RCC_OscConfig       0x0802133d   0x518  Code  Gb  stm32f7xx_hal_rcc.o [1]
HAL_SDRAM_Init          0x08027c61    0x44  Code  Gb  stm32f7xx_hal_sdram.o [1]
HAL_SDRAM_MspInit       0x08027ca5     0x2  Code  Wk  stm32f7xx_hal_sdram.o [1]
HAL_SDRAM_ProgramRefreshRate
                        0x08027ce3    0x2a  Code  Gb  stm32f7xx_hal_sdram.o [1]
HAL_SDRAM_SendCommand   0x08027ca7    0x3c  Code  Gb  stm32f7xx_hal_sdram.o [1]
HAL_SPI_ErrorCallback   0x0801eac1     0x2  Code  Wk  stm32f7xx_hal_spi.o [1]
HAL_SPI_Init            0x0801e685    0xd8  Code  Gb  stm32f7xx_hal_spi.o [1]
HAL_SPI_MspInit         0x0801d139   0x5ca  Code  Gb  waverecorder.o [1]
HAL_SPI_Receive_DMA     0x0801e75d   0x14c  Code  Gb  stm32f7xx_hal_spi.o [1]
HAL_SPI_RxCpltCallback  0x0801d789   0x2fc  Code  Gb  waverecorder.o [1]
HAL_SPI_RxHalfCpltCallback
                        0x0801eabd     0x2  Code  Wk  stm32f7xx_hal_spi.o [1]
HAL_SPI_TransmitReceive_DMA
                        0x0801e8a9   0x212  Code  Gb  stm32f7xx_hal_spi.o [1]
HAL_SPI_TxRxCpltCallback
                        0x0801eabb     0x2  Code  Wk  stm32f7xx_hal_spi.o [1]
HAL_SPI_TxRxHalfCpltCallback
                        0x0801eabf     0x2  Code  Wk  stm32f7xx_hal_spi.o [1]
HAL_SYSTICK_Config      0x0801f1af     0xc  Code  Gb  stm32f7xx_hal_cortex.o [1]
HAL_UART_ErrorCallback  0x08029947     0x2  Code  Wk  stm32f7xx_hal_uart.o [1]
HAL_UART_IRQHandler     0x0802976d    0xf8  Code  Gb  stm32f7xx_hal_uart.o [1]
HAL_UART_RxCpltCallback
                        0x08029945     0x2  Code  Wk  stm32f7xx_hal_uart.o [1]
HAL_UART_TxCpltCallback
                        0x08029943     0x2  Code  Wk  stm32f7xx_hal_uart.o [1]
HEAP$$Base              0x2001fe90           --   Gb  - Linker created -
HEAP$$Limit             0x20021e90           --   Gb  - Linker created -
HardFault_Handler       0x08029c47     0x2  Code  Gb  stm32f7xx_it.o [1]
I2C1_EV_IRQHandler      0x08029c87     0xa  Code  Gb  stm32f7xx_it.o [1]
I2C2_EV_IRQHandler      0x08029c91     0xa  Code  Gb  stm32f7xx_it.o [1]
I2C_IsAcknowledgeFailed
                        0x080230eb    0x9e  Code  Lc  stm32f7xx_hal_i2c.o [1]
I2C_MasterReceive_ISR   0x08022cf1   0x152  Code  Lc  stm32f7xx_hal_i2c.o [1]
I2C_MasterTransmit_ISR  0x08022b9d   0x152  Code  Lc  stm32f7xx_hal_i2c.o [1]
I2C_SlaveReceive_ISR    0x08022f05    0xae  Code  Lc  stm32f7xx_hal_i2c.o [1]
I2C_SlaveTransmit_ISR   0x08022e43    0xc2  Code  Lc  stm32f7xx_hal_i2c.o [1]
I2C_TransferConfig      0x08023189    0x2a  Code  Lc  stm32f7xx_hal_i2c.o [1]
I2C_WaitOnFlagUntilTimeout
                        0x08022fb9    0x8e  Code  Lc  stm32f7xx_hal_i2c.o [1]
I2C_WaitOnSTOPFlagUntilTimeout
                        0x0802309b    0x50  Code  Lc  stm32f7xx_hal_i2c.o [1]
I2C_WaitOnTXISFlagUntilTimeout
                        0x08023047    0x54  Code  Lc  stm32f7xx_hal_i2c.o [1]
I2S1_Init               0x0801cdeb    0x5e  Code  Lc  waverecorder.o [1]
I2S1_stNipple           0x2001de72     0x2  Data  Gb  waverecorder.o [1]
I2S1_stPosShft          0x2001de86     0x1  Data  Gb  waverecorder.o [1]
I2S2_Init               0x0801ce4b    0x5e  Code  Lc  waverecorder.o [1]
I2S2_idxTmp             0x2001de38     0x2  Data  Gb  main.o [1]
I2S2_stNipple           0x2001de74     0x2  Data  Gb  waverecorder.o [1]
I2S2_stPosShft          0x2001de87     0x1  Data  Gb  waverecorder.o [1]
I2S3_Init               0x080231d3    0x68  Code  Gb  waveplayer _CS43L22.o [1]
I2S_GetClockFreq        0x0801efff    0x66  Code  Lc  stm32f7xx_hal_i2s.o [1]
IS                      0x2001dd50    0x18  Data  Gb  main.o [1]
ISS                     0x2001dde4    0x14  Data  Gb  main.o [1]
IsocInBuffDummy         0x2001d3e8   0x180  Data  Lc  usbd_audio_in.o [1]
MIC1TO6_Init            0x0801cd5d    0x8e  Code  Gb  waverecorder.o [1]
MX_I2C1_Init            0x08021045    0x48  Code  Gb  audio_codec.o [1]
MX_I2C2_Init            0x08022513    0x50  Code  Gb  main.o [1]
MemManage_Handler       0x08029c49     0x2  Code  Gb  stm32f7xx_it.o [1]
NMI_Handler             0x08029c45     0x2  Code  Gb  stm32f7xx_it.o [1]
NVIC_DisableIRQ         0x0801f0b9    0x14  Code  Lc  stm32f7xx_hal_cortex.o [1]
NVIC_EnableIRQ          0x0801f0a5    0x14  Code  Lc  stm32f7xx_hal_cortex.o [1]
NVIC_EncodePriority     0x0801f0f3    0x3e  Code  Lc  stm32f7xx_hal_cortex.o [1]
NVIC_GetPriorityGrouping
                        0x0801f09b     0xa  Code  Lc  stm32f7xx_hal_cortex.o [1]
NVIC_SetPriority        0x0801f0cd    0x26  Code  Lc  stm32f7xx_hal_cortex.o [1]
NVIC_SetPriorityGrouping
                        0x0801f07d    0x1e  Code  Lc  stm32f7xx_hal_cortex.o [1]
OTG_FS_IRQHandler       0x08029c9b     0xa  Code  Gb  stm32f7xx_it.o [1]
OutputDev               0x2001de7a     0x1  Data  Gb  audio_codec.o [1]
PCD_WriteEmptyTxFifo    0x080286c3    0xc4  Code  Lc  stm32f7xx_hal_pcd.o [1]
PCM_Buffer1             0xc00181e0  0x1000  Data  Gb  audio_application.o [1]
PDM2PCMSDO78            0x0801dab5   0x3ac  Code  Gb  waverecorder.o [1]
PDM_Filter_64_LSB       0x0801e335   0x31e  Code  Gb  pdm_filter.o [5]
PDM_Filter_Init         0x0801e135   0x1fe  Code  Gb  pdm_filter.o [5]
PendSV_Handler          0x08029c53     0x2  Code  Gb  stm32f7xx_it.o [1]
Region$$Table$$Base     0x08029e2c           --   Gb  - Linker created -
Region$$Table$$Limit    0x08029e58           --   Gb  - Linker created -
S1                      0x2001dcf0    0x18  Data  Gb  main.o [1]
S2                      0x2001dd08    0x18  Data  Gb  main.o [1]
S3                      0x2001dd20    0x18  Data  Gb  main.o [1]
S4                      0x2001dd38    0x18  Data  Gb  main.o [1]
SCB_EnableDCache        0x08021bd7    0x64  Code  Lc  main.o [1]
SCB_EnableICache        0x08021bad    0x2a  Code  Lc  main.o [1]
SPI1_IRQHandler         0x0801c44d   0x232  Code  Gb  waverecorder.o [1]
SPI1_stNipple           0x2001de70     0x2  Data  Gb  waverecorder.o [1]
SPI2_IRQHandler         0x0801c67f   0x242  Code  Gb  waverecorder.o [1]
SPI3_IRQHandler         0x080209bd     0xa  Code  Gb  audio_codec.o [1]
SPI4_IRQHandler         0x0801c8c1   0x2d0  Code  Gb  waverecorder.o [1]
SPI4_Init               0x0801ceb1    0x7c  Code  Gb  waverecorder.o [1]
SPI4_stPosShft          0x2001de88     0x1  Data  Gb  waverecorder.o [1]
SPI5_IRQHandler         0x0801cb91    0xec  Code  Gb  waverecorder.o [1]
SPI5_Init               0x0801cf39    0xfe  Code  Gb  waverecorder.o [1]
SPI6_IRQHandler         0x0801cc7d    0xe0  Code  Gb  waverecorder.o [1]
SPI6_Init               0x0801d049    0x7c  Code  Gb  waverecorder.o [1]
SPI_DMAError            0x0801ec99    0x28  Code  Lc  stm32f7xx_hal_spi.o [1]
SPI_DMAHalfReceiveCplt  0x0801ec79     0xe  Code  Lc  stm32f7xx_hal_spi.o [1]
SPI_DMAHalfTransmitReceiveCplt
                        0x0801ec89     0xe  Code  Lc  stm32f7xx_hal_spi.o [1]
SPI_DMAReceiveCplt      0x0801eac5    0xe4  Code  Lc  stm32f7xx_hal_spi.o [1]
SPI_DMATransmitReceiveCplt
                        0x0801eba9    0xd0  Code  Lc  stm32f7xx_hal_spi.o [1]
SPI_EndRxTransaction    0x0801ee0d    0x68  Code  Lc  stm32f7xx_hal_spi.o [1]
SPI_EndRxTxTransaction  0x0801ee75    0x62  Code  Lc  stm32f7xx_hal_spi.o [1]
SPI_I2S_ReceiveData     0x0801d745     0x6  Code  Lc  waverecorder.o [1]
SPI_WaitFifoStateUntilTimeout
                        0x0801ed5b    0xb2  Code  Lc  stm32f7xx_hal_spi.o [1]
SPI_WaitFlagStateUntilTimeout
                        0x0801ecc1    0x9a  Code  Lc  stm32f7xx_hal_spi.o [1]
SS1                     0x2001dd94    0x14  Data  Gb  main.o [1]
SS2                     0x2001dda8    0x14  Data  Gb  main.o [1]
SS3                     0x2001ddbc    0x14  Data  Gb  main.o [1]
SS4                     0x2001ddd0    0x14  Data  Gb  main.o [1]
STA321MP_DefautLoad     0x08025183    0x2c  Code  Lc  sta321mp.o [1]
STA321MP_Ini            0x080248d1   0x254  Code  Gb  sta321mp.o [1]
STACoefSet              0x08024b81   0x332  Code  Gb  sta321mp.o [1]
SVC_Handler             0x08029c4f     0x2  Code  Gb  stm32f7xx_it.o [1]
Send_Audio_to_USB       0x0802113f    0x14  Code  Gb  usbd_audio_if.o [1]
SetCoefValue            0x08024f61    0x6a  Code  Gb  sta321mp.o [1]
SumDelay                0x080223bb   0x10a  Code  Gb  main.o [1]
SysTick_Config          0x0801f131    0x30  Code  Lc  stm32f7xx_hal_cortex.o [1]
SysTick_Handler         0x08029c55    0x26  Code  Gb  stm32f7xx_it.o [1]
SystemClock_Config      0x080220b9    0xb0  Code  Lc  main.o [1]
SystemCoreClock         0x20010418     0x4  Data  Gb  system_stm32f7xx.o [1]
SystemInit              0x08029cc1    0x4c  Code  Gb  system_stm32f7xx.o [1]
T0                      0x20010004   0x100  Data  Gb  pdm_filter.o [5]
T1                      0x20010104   0x100  Data  Gb  pdm_filter.o [5]
T2                      0x20010204   0x100  Data  Gb  pdm_filter.o [5]
TestSDO12               0x2001042c  0x2000  Data  Gb  waverecorder.o [1]
TestSDO34               0x2001242c  0x2000  Data  Gb  waverecorder.o [1]
TestSDO7                0x2001442c  0x2000  Data  Gb  waverecorder.o [1]
TestSDO7_1              0x2001842c  0x2000  Data  Gb  waverecorder.o [1]
TestSDO8                0x2001642c  0x2000  Data  Gb  waverecorder.o [1]
TestSDO8_1              0x2001a42c  0x2000  Data  Gb  waverecorder.o [1]
Timing                  0x2001dcbc    0x1c  Data  Lc  stm32746g_discovery_sdram.o [1]
UART_EndTransmit_IT     0x080299f5    0x3c  Code  Lc  stm32f7xx_hal_uart.o [1]
UART_Receive_IT         0x08029a31    0xa6  Code  Lc  stm32f7xx_hal_uart.o [1]
UART_Transmit_IT        0x08029949    0xac  Code  Lc  stm32f7xx_hal_uart.o [1]
UART_WaitOnFlagUntilTimeout
                        0x08029865    0xde  Code  Gb  stm32f7xx_hal_uart.o [1]
USART3_IRQHandler       0x08029c7d     0xa  Code  Gb  stm32f7xx_it.o [1]
USART6_IRQHandler       0x08029c7b     0x2  Code  Gb  stm32f7xx_it.o [1]
USBD_AUDIO              0x20010354    0x38  Data  Gb  usbd_audio_in.o [1]
USBD_AUDIO_CfgDesc      0x2001d730    0x78  Data  Lc  usbd_audio_in.o [1]
USBD_AUDIO_ConfigStrDescriptor
                        0x08029b4d    0x26  Code  Gb  usbd_desc.o [1]
USBD_AUDIO_DataIn       0x08023475   0x122  Code  Lc  usbd_audio_in.o [1]
USBD_AUDIO_DataOut      0x080235f3     0x6  Code  Lc  usbd_audio_in.o [1]
USBD_AUDIO_Data_Transfer
                        0x080236cf   0x186  Code  Gb  usbd_audio_in.o [1]
USBD_AUDIO_DeInit       0x0802335f    0x2c  Code  Lc  usbd_audio_in.o [1]
USBD_AUDIO_DeviceDescriptor
                        0x08029ad9     0xa  Code  Gb  usbd_desc.o [1]
USBD_AUDIO_DeviceQualifierDesc
                        0x20010404     0xc  Data  Lc  usbd_audio_in.o [1]
USBD_AUDIO_EP0_RxReady  0x08023597    0x44  Code  Lc  usbd_audio_in.o [1]
USBD_AUDIO_EP0_TxReady  0x080235db     0x6  Code  Lc  usbd_audio_in.o [1]
USBD_AUDIO_GetCfgDesc   0x08023469     0xc  Code  Lc  usbd_audio_in.o [1]
USBD_AUDIO_GetDeviceQualifierDesc
                        0x080235f9     0xc  Code  Lc  usbd_audio_in.o [1]
USBD_AUDIO_Init         0x080232e1    0x7e  Code  Lc  usbd_audio_in.o [1]
USBD_AUDIO_Init_Microphone_Descriptor
                        0x08023863   0x52e  Code  Gb  usbd_audio_in.o [1]
USBD_AUDIO_InterfaceStrDescriptor
                        0x08029b73    0x26  Code  Gb  usbd_desc.o [1]
USBD_AUDIO_IsoINIncomplete
                        0x080235e7     0x6  Code  Lc  usbd_audio_in.o [1]
USBD_AUDIO_IsoOutIncomplete
                        0x080235ed     0x6  Code  Lc  usbd_audio_in.o [1]
USBD_AUDIO_LangIDStrDescriptor
                        0x08029ae3     0xa  Code  Gb  usbd_desc.o [1]
USBD_AUDIO_ManufacturerStrDescriptor
                        0x08029b13    0x14  Code  Gb  usbd_desc.o [1]
USBD_AUDIO_ProductStrDescriptor
                        0x08029aed    0x26  Code  Gb  usbd_desc.o [1]
USBD_AUDIO_RegisterInterface
                        0x08023855     0xe  Code  Gb  usbd_audio_in.o [1]
USBD_AUDIO_SOF          0x080235e1     0x6  Code  Lc  usbd_audio_in.o [1]
USBD_AUDIO_SerialStrDescriptor
                        0x08029b27    0x26  Code  Gb  usbd_desc.o [1]
USBD_AUDIO_Setup        0x0802338b    0xde  Code  Lc  usbd_audio_in.o [1]
USBD_AUDIO_fops         0x200103b0    0x24  Data  Gb  usbd_audio_if.o [1]
USBD_ClrClassConfig     0x0802461b    0x18  Code  Gb  usbd_core.o [1]
USBD_ClrFeature         0x080264ff    0x3a  Code  Lc  usbd_ctlreq.o [1]
USBD_CtlContinueRx      0x08026641    0x1a  Code  Gb  usbd_ioreq.o [1]
USBD_CtlContinueSendData
                        0x080265fb    0x1a  Code  Gb  usbd_ioreq.o [1]
USBD_CtlError           0x08026561    0x18  Code  Gb  usbd_ctlreq.o [1]
USBD_CtlPrepareRx       0x08026615    0x2c  Code  Gb  usbd_ioreq.o [1]
USBD_CtlReceiveStatus   0x08026675    0x1a  Code  Gb  usbd_ioreq.o [1]
USBD_CtlSendData        0x080265d3    0x28  Code  Gb  usbd_ioreq.o [1]
USBD_CtlSendStatus      0x0802665b    0x1a  Code  Gb  usbd_ioreq.o [1]
USBD_GetConfig          0x08026451    0x4c  Code  Lc  usbd_ctlreq.o [1]
USBD_GetDescriptor      0x080261ad   0x164  Code  Lc  usbd_ctlreq.o [1]
USBD_GetLen             0x080265bf    0x14  Code  Lc  usbd_ctlreq.o [1]
USBD_GetStatus          0x0802649d    0x3c  Code  Lc  usbd_ctlreq.o [1]
USBD_GetString          0x08026579    0x46  Code  Gb  usbd_ctlreq.o [1]
USBD_Init               0x08024589    0x38  Code  Gb  usbd_core.o [1]
USBD_LL_ClearStallEP    0x08025ed9    0x16  Code  Gb  usbd_conf.o [1]
USBD_LL_CloseEP         0x08025e97    0x16  Code  Gb  usbd_conf.o [1]
USBD_LL_DataInStage     0x0802472b    0xe2  Code  Gb  usbd_core.o [1]
USBD_LL_DataOutStage    0x0802469d    0x8e  Code  Gb  usbd_core.o [1]
USBD_LL_DevConnected    0x080248ad     0x6  Code  Gb  usbd_core.o [1]
USBD_LL_DevDisconnected
                        0x080248b3    0x1c  Code  Gb  usbd_core.o [1]
USBD_LL_FlushEP         0x08025ead    0x16  Code  Gb  usbd_conf.o [1]
USBD_LL_Init            0x08025dcf    0x70  Code  Gb  usbd_conf.o [1]
USBD_LL_IsStallEP       0x08025eef    0x30  Code  Gb  usbd_conf.o [1]
USBD_LL_IsoINIncomplete
                        0x080248a1     0x6  Code  Gb  usbd_core.o [1]
USBD_LL_IsoOUTIncomplete
                        0x080248a7     0x6  Code  Gb  usbd_core.o [1]
USBD_LL_OpenEP          0x08025e75    0x22  Code  Gb  usbd_conf.o [1]
USBD_LL_PrepareReceive  0x08025f55    0x20  Code  Gb  usbd_conf.o [1]
USBD_LL_Reset           0x0802480d    0x46  Code  Gb  usbd_core.o [1]
USBD_LL_Resume          0x0802486f     0xe  Code  Gb  usbd_core.o [1]
USBD_LL_SOF             0x0802487d    0x24  Code  Gb  usbd_core.o [1]
USBD_LL_SetSpeed        0x08024853     0x8  Code  Gb  usbd_core.o [1]
USBD_LL_SetUSBAddress   0x08025f1f    0x16  Code  Gb  usbd_conf.o [1]
USBD_LL_SetupStage      0x08024633    0x6a  Code  Gb  usbd_core.o [1]
USBD_LL_StallEP         0x08025ec3    0x16  Code  Gb  usbd_conf.o [1]
USBD_LL_Start           0x08025e65    0x10  Code  Gb  usbd_conf.o [1]
USBD_LL_Suspend         0x0802485b    0x14  Code  Gb  usbd_core.o [1]
USBD_LL_Transmit        0x08025f35    0x20  Code  Gb  usbd_conf.o [1]
USBD_LangIDDesc         0x2001041c     0x4  Data  Gb  usbd_desc.o [1]
USBD_ParseSetupRequest  0x08026539    0x28  Code  Gb  usbd_ctlreq.o [1]
USBD_RegisterClass      0x080245c1    0x1a  Code  Gb  usbd_core.o [1]
USBD_RunTestMode        0x080245e9     0x6  Code  Gb  usbd_core.o [1]
USBD_SetAddress         0x08026311    0x60  Code  Lc  usbd_ctlreq.o [1]
USBD_SetClassConfig     0x080245ef    0x2c  Code  Gb  usbd_core.o [1]
USBD_SetConfig          0x08026371    0xda  Code  Lc  usbd_ctlreq.o [1]
USBD_SetFeature         0x080264d9    0x26  Code  Lc  usbd_ctlreq.o [1]
USBD_Start              0x080245db     0xe  Code  Gb  usbd_core.o [1]
USBD_StdDevReq          0x08025f75    0x7c  Code  Gb  usbd_ctlreq.o [1]
USBD_StdEPReq           0x0802603d   0x170  Code  Gb  usbd_ctlreq.o [1]
USBD_StdItfReq          0x08025ff1    0x4c  Code  Gb  usbd_ctlreq.o [1]
USBD_StrDesc            0x2001d568    0xc8  Data  Gb  usbd_desc.o [1]
USB_ActivateEndpoint    0x08028cf9    0xc4  Code  Gb  stm32f7xx_ll_usb.o [1]
USB_ActivateSetup       0x0802963b    0x44  Code  Gb  stm32f7xx_ll_usb.o [1]
USB_CoreInit            0x080289d1    0x6e  Code  Gb  stm32f7xx_ll_usb.o [1]
USB_CoreReset           0x080296d7    0x38  Code  Lc  stm32f7xx_ll_usb.o [1]
USB_DeactivateEndpoint  0x08028dbd    0xaa  Code  Gb  stm32f7xx_ll_usb.o [1]
USB_DevConnect          0x0802956f    0x1e  Code  Gb  stm32f7xx_ll_usb.o [1]
USB_DevDisconnect       0x0802958d    0x1e  Code  Gb  stm32f7xx_ll_usb.o [1]
USB_DevInit             0x08028a91   0x1c0  Code  Gb  stm32f7xx_ll_usb.o [1]
USB_DisableGlobalInt    0x08028a4d     0xe  Code  Gb  stm32f7xx_ll_usb.o [1]
USB_EP0StartXfer        0x080291b1   0x1ec  Code  Gb  stm32f7xx_ll_usb.o [1]
USB_EP0_OutStart        0x0802967f    0x58  Code  Gb  stm32f7xx_ll_usb.o [1]
USB_EPClearStall        0x080294ad    0x96  Code  Gb  stm32f7xx_ll_usb.o [1]
USB_EPSetStall          0x0802940f    0x9e  Code  Gb  stm32f7xx_ll_usb.o [1]
USB_EPStartXfer         0x08028e67   0x342  Code  Gb  stm32f7xx_ll_usb.o [1]
USB_EnableGlobalInt     0x08028a3f     0xe  Code  Gb  stm32f7xx_ll_usb.o [1]
USB_FlushRxFifo         0x08028c75    0x20  Code  Gb  stm32f7xx_ll_usb.o [1]
USB_FlushTxFifo         0x08028c51    0x24  Code  Gb  stm32f7xx_ll_usb.o [1]
USB_GetDevSpeed         0x08028cab    0x4e  Code  Gb  stm32f7xx_ll_usb.o [1]
USB_GetMode             0x08029633     0x8  Code  Gb  stm32f7xx_ll_usb.o [1]
USB_ReadDevAllInEpInterrupt
                        0x080295cf    0x16  Code  Gb  stm32f7xx_ll_usb.o [1]
USB_ReadDevAllOutEpInterrupt
                        0x080295b9    0x16  Code  Gb  stm32f7xx_ll_usb.o [1]
USB_ReadDevInEPInterrupt
                        0x080295ff    0x34  Code  Gb  stm32f7xx_ll_usb.o [1]
USB_ReadDevOutEPInterrupt
                        0x080295e5    0x1a  Code  Gb  stm32f7xx_ll_usb.o [1]
USB_ReadInterrupts      0x080295ab     0xe  Code  Gb  stm32f7xx_ll_usb.o [1]
USB_ReadPacket          0x080293e3    0x2c  Code  Gb  stm32f7xx_ll_usb.o [1]
USB_SetCurrentMode      0x08028a5b    0x36  Code  Gb  stm32f7xx_ll_usb.o [1]
USB_SetDevAddress       0x08029543    0x2c  Code  Gb  stm32f7xx_ll_usb.o [1]
USB_SetDevSpeed         0x08028c95    0x16  Code  Gb  stm32f7xx_ll_usb.o [1]
USB_WritePacket         0x0802939d    0x46  Code  Gb  stm32f7xx_ll_usb.o [1]
UsageFault_Handler      0x08029c4d     0x2  Code  Gb  stm32f7xx_it.o [1]
VOL_CUR                 0x2001de56     0x2  Data  Lc  usbd_audio_in.o [1]
Volume                  0x20010424     0x1  Data  Gb  audio_codec.o [1]
WavePlayerInit          0x080231bd    0x12  Code  Gb  waveplayer _CS43L22.o [1]
WaveRec_idxSens1        0x2001de3a     0x2  Data  Gb  main.o [1]
WaveRec_idxSens2        0x2001de3c     0x2  Data  Gb  main.o [1]
WaveRec_idxSens3        0x2001de36     0x2  Data  Gb  main.o [1]
WaveRec_idxSens4        0x2001de34     0x2  Data  Gb  main.o [1]
WaveRec_idxSens5        0x2001de3e     0x2  Data  Gb  main.o [1]
WaveRec_idxSens6        0x2001de40     0x2  Data  Gb  main.o [1]
WaveRecord_flgIni       0x2001de81     0x1  Data  Gb  waverecorder.o [1]
WaveRecord_flgSDO7Finish
                        0x2001de84     0x1  Data  Gb  waverecorder.o [1]
WaveRecord_flgSDO8Finish
                        0x2001de85     0x1  Data  Gb  waverecorder.o [1]
WriteCoef               0x08024eb3    0xae  Code  Gb  sta321mp.o [1]
WriteSTAByte            0x08024b25    0x5c  Code  Gb  sta321mp.o [1]
XferCplt                0x2001de24     0x4  Data  Gb  waveplayer _CS43L22.o [1]
__aeabi_cdcmpeq         0x08023e25          Code  Gb  DblCmpEq.o [6]
__aeabi_cdcmple         0x0802115d          Code  Gb  DblCmpLe.o [6]
__aeabi_cdrcmple        0x0802118d          Code  Gb  DblCmpGe.o [6]
__aeabi_cfcmpeq         0x0801f291          Code  Gb  FltCmpEq.o [6]
__aeabi_cfcmple         0x0801f2bd          Code  Gb  FltCmpLe.o [6]
__aeabi_d2f             0x0801f8a5          Code  Gb  DblToFlt.o [6]
__aeabi_d2iz            0x0801f6b5          Code  Gb  DblToI32.o [6]
__aeabi_dadd            0x0801f5cd          Code  Gb  DblAdd.o [6]
__aeabi_ddiv            0x0801f375          Code  Gb  DblDiv.o [6]
__aeabi_dmul            0x0801f701          Code  Gb  DblMul.o [6]
__aeabi_dsub            0x0801fd85          Code  Gb  DblSub.o [6]
__aeabi_errno_addr      0x080211bd     0x6  Code  Gb  errno.o [3]
__aeabi_f2d             0x0801f2f5          Code  Gb  FltToDbl.o [6]
__aeabi_fmul            0x0801f2e1    0x12  Code  Gb  FltMul.o [6]
__aeabi_i2d             0x0801f345          Code  Gb  I32ToDbl.o [6]
__aeabi_memset          0x08026691          Code  Gb  ABImemset.o [7]
__aeabi_ui2d            0x0801f359          Code  Gb  I32ToDbl.o [6]
__aeabi_ui2f            0x0801f2ad     0xe  Code  Gb  U32ToFlt.o [6]
__cmain                 0x08029e59          Code  Gb  cmain.o [7]
__data_GetMemChunk      0x08028829    0x2c  Code  Gb  xgetmemchunk.o [3]
__exit                  0x08029721    0x14  Code  Gb  exit.o [8]
__iar_Dint              0x08023dab    0x7a  Code  Gb  xdint.o [6]
__iar_Errno             0x20010420     0x4  Data  Gb  errno.o [3]
__iar_Memset            0x08026691          Code  Gb  ABImemset.o [7]
__iar_Memset_word       0x08026699          Code  Gb  ABImemset.o [7]
__iar_Quad              0x080211c9   0x12c  Code  Gb  xquad.o [6]
__iar_Sin               0x0801f935   0x3b2  Code  Gb  xsin.o [6]
__iar_close_ttio        0x08029735    0x2e  Code  Gb  iarttio.o [8]
__iar_copy_init3        0x08029d6d    0x2c  Code  Gb  copy_init3.o [7]
__iar_d2uiz             0x0801f6e1          Code  Gb  DblToI32.o [6]
__iar_dadd              0x0801f5e1          Code  Gb  DblAdd.o [6]
__iar_data_init3        0x08029d99    0x28  Code  Gb  data_init.o [7]
__iar_dlfree            0x080276cf   0x510  Code  Gb  dlmalloc.o [3]
__iar_dlib_perthread_access
                        0x08023da9     0x2  Code  Gb  xtls.o [3]
__iar_dlmalloc          0x08027419   0x2aa  Code  Gb  dlmalloc.o [3]
__iar_dsub              0x0801fd99          Code  Gb  DblSub.o [6]
__iar_dsubStart         0x0801fdab          Code  Gb  DblSub.o [6]
__iar_edom              0x08021331          Code  Gb  iarEdom.o [7]
__iar_fmod              0x08023e45          Code  Gb  fmod.o [6]
__iar_fmodl             0x08023e45          Code  Gb  fmod.o [6]
__iar_init_vfp          0x08029e09          Code  Gb  fpinit_M.o [6]
__iar_lookup_ttioh      0x08029765     0x8  Code  Gb  XShttio.o [3]
__iar_program_start     0x08029efd          Code  Gb  cstartup_M.o [7]
__iar_sqrt              0x0801ff05          Code  Gb  sqrt.o [6]
__iar_ttio_handles      0x20010410     0x8  Data  Lc  XShttio.o [3]
__iar_ui2d              0x0801f35d          Code  Gb  I32ToDbl.o [6]
__iar_unaligned___aeabi_memcpy
                        0x08027be9          Code  Gb  ABImemcpy_unaligned.o [7]
__iar_unaligned___aeabi_memcpy4
                        0x08027c09          Code  Gb  ABImemcpy_unaligned.o [7]
__iar_unaligned___aeabi_memcpy8
                        0x08027c09          Code  Gb  ABImemcpy_unaligned.o [7]
__iar_zero_init3        0x08029d2d    0x40  Code  Gb  zero_init3.o [7]
__low_level_init        0x08029e73     0x4  Code  Gb  low_level_init.o [3]
__vector_table          0x08000000          Data  Gb  startup_stm32f746xx.o [1]
_call_main              0x08029e65          Code  Gb  cmain.o [7]
_exit                   0x08029e7d          Code  Gb  cexit.o [7]
_gm_                    0x2001d210   0x1d8  Data  Lc  dlmalloc.o [3]
_main                   0x08029e6f          Code  Gb  cmain.o [7]
abort                   0x08028821     0x6  Code  Gb  abort.o [3]
abs                     0x080232d9     0x8  Code  Gb  abs.o [3]
armBitRevTable          0x080001c8   0x800  Data  Gb  arm_common_tables.o [4]
arm_cfft_radix4_init_f32
                        0x08010a41    0xb0  Code  Gb  arm_cfft_radix4_init_f32.o [4]
arm_rfft_init_f32       0x080089c9    0x72  Code  Gb  arm_rfft_init_f32.o [4]
btnSW1                  0x2001de7b     0x1  Data  Gb  main.o [1]
btnSW2                  0x2001de7c     0x1  Data  Gb  main.o [1]
bufCoefBiquad           0x2001ddf8    0x10  Data  Gb  sta321mp.o [1]
bufPCMSens7             0x2001de28     0x4  Data  Gb  waverecorder.o [1]
bufPCMSens8             0x2001de2c     0x4  Data  Gb  waverecorder.o [1]
bufferSum               0x2001c42c   0x800  Data  Gb  main.o [1]
buffer_switch           0x20010425     0x1  Data  Gb  main.o [1]
cntOS                   0x2001de20     0x4  Data  Gb  stm32f7xx_it.o [1]
cntPos                  0x2001de5e     0x2  Data  Gb  waverecorder.o [1]
cntPos7                 0x2001de60     0x2  Data  Gb  waverecorder.o [1]
cntRisingEXTI           0x2001de44     0x2  Data  Gb  main.o [1]
cntStrt                 0x2001de62     0x2  Data  Gb  waverecorder.o [1]
cntTime200              0x2001de52     0x2  Data  Gb  main.o [1]
exit                    0x08029e77     0x4  Code  Gb  exit.o [3]
flg10ms                 0x2001de7f     0x1  Data  Gb  main.o [1]
flgDlyUpd               0x2001de7d     0x1  Data  Gb  main.o [1]
fmod                    0x08023e45          Code  Gb  fmod.o [6]
fmodl                   0x08023e45          Code  Gb  fmod.o [6]
hUSBDDevice             0x2001cfec   0x224  Data  Gb  main.o [1]
hUSBDDeviceDesc         0x200103f0    0x14  Data  Gb  usbd_desc.o [1]
haudioInstance          0x2001d8e4    0x64  Data  Lc  usbd_audio_in.o [1]
hdma_spi5_rx            0x2001dab0    0x50  Data  Gb  waverecorder.o [1]
hdma_spi6_rx            0x2001db00    0x50  Data  Gb  waverecorder.o [1]
hi2c1                   0x2001dc10    0x3c  Data  Gb  audio_codec.o [1]
hi2c2                   0x2001dc4c    0x3c  Data  Gb  audio_codec.o [1]
hi2s1                   0x2001db90    0x40  Data  Gb  waverecorder.o [1]
hi2s2                   0x2001dbd0    0x40  Data  Gb  waverecorder.o [1]
hi2s3                   0x2001db50    0x40  Data  Gb  waveplayer _CS43L22.o [1]
hpcd                    0x2001cc2c   0x3c0  Data  Gb  usbd_conf.o [1]
hspi4                   0x2001d880    0x64  Data  Gb  main.o [1]
hspi5                   0x2001d948    0x64  Data  Gb  waverecorder.o [1]
hspi6                   0x2001d9ac    0x64  Data  Gb  waverecorder.o [1]
huart3                  0x2001d7a8    0x70  Data  Gb  main.o [1]
iSDO12                  0x2001de76     0x2  Data  Gb  waverecorder.o [1]
iSDO34                  0x2001de78     0x2  Data  Gb  waverecorder.o [1]
idxFrmPDMMic8           0x2001de5c     0x2  Data  Gb  waverecorder.o [1]
idxLatency12            0x2001de48     0x2  Data  Gb  main.o [1]
idxLatency13            0x2001de46     0x2  Data  Gb  main.o [1]
idxLatency14            0x2001de4a     0x2  Data  Gb  main.o [1]
idxLatency25            0x2001de4c     0x2  Data  Gb  main.o [1]
idxLatency63            0x2001de4e     0x2  Data  Gb  main.o [1]
idxLatency78            0x2001de50     0x2  Data  Gb  main.o [1]
idxMic7                 0x2001de5a     0x2  Data  Gb  waverecorder.o [1]
idxMic8                 0x2001de58     0x2  Data  Gb  waverecorder.o [1]
idxSPI5DataBuf3         0x2001de42     0x2  Data  Gb  main.o [1]
init_mparams            0x08026713    0x32  Code  Lc  dlmalloc.o [3]
init_top                0x08026745    0x34  Code  Lc  dlmalloc.o [3]
main                    0x08021e7d   0x23c  Code  Gb  main.o [1]
mparams                 0x2001dd68    0x18  Data  Lc  dlmalloc.o [3]
pDataMic7               0x2001d6b0    0x80  Data  Gb  waverecorder.o [1]
pDataMic8               0x2001d630    0x80  Data  Gb  waverecorder.o [1]
pcSTAComnd              0x20010304    0x50  Data  Gb  sta321mp.o [1]
pcSTAComnd1             0x2001de54     0x2  Data  Gb  sta321mp.o [1]
pcSTAComnd2             0x2001038c    0x24  Data  Gb  sta321mp.o [1]
prepend_alloc           0x08026779   0x36c  Code  Lc  dlmalloc.o [3]
realCoefA               0x08008a40  0x8000  Data  Lc  arm_rfft_init_f32.o [4]
realCoefB               0x08010af0  0x8000  Data  Lc  arm_rfft_init_f32.o [4]
sdramHandle             0x2001dc88    0x34  Data  Lc  stm32746g_discovery_sdram.o [1]
segment_holding         0x080266f9    0x1a  Code  Lc  dlmalloc.o [3]
sqrt                    0x0801ff05          Code  Gb  sqrt.o [6]
sqrtl                   0x0801ff05          Code  Gb  sqrt.o [6]
stFrstFrmStore          0x2001de7e     0x1  Data  Gb  main.o [1]
sta321mp_biquad         0x08025023   0x160  Code  Lc  sta321mp.o [1]
sta321mp_mixer          0x08024fcb    0x2a  Code  Lc  sta321mp.o [1]
sta321mp_postscale      0x0802500d    0x16  Code  Lc  sta321mp.o [1]
sta321mp_prescale       0x08024ff5    0x18  Code  Lc  sta321mp.o [1]
stm32_crc               0x20010000     0x4  Data  Gb  pdm_filter.o [5]
swtSDO7                 0x2001de82     0x1  Data  Gb  waverecorder.o [1]
swtSDO8                 0x2001de83     0x1  Data  Gb  waverecorder.o [1]
sys_alloc               0x08026ae5   0x386  Code  Lc  dlmalloc.o [3]
tmalloc_large           0x08026e79   0x390  Code  Lc  dlmalloc.o [3]
tmalloc_small           0x08027209   0x210  Code  Lc  dlmalloc.o [3]
twiddleCoef_4096        0x080009c8  0x8000  Data  Gb  arm_common_tables.o [4]
uwTick                  0x2001de1c     0x4  Data  Lc  stm32f7xx_hal.o [1]
vRawSens1               0x2001de64     0x2  Data  Gb  waverecorder.o [1]
vRawSens2               0x2001de66     0x2  Data  Gb  waverecorder.o [1]
vRawSens3               0x2001de6a     0x2  Data  Gb  waverecorder.o [1]
vRawSens4               0x2001de68     0x2  Data  Gb  waverecorder.o [1]
vRawSens5               0x2001de6c     0x2  Data  Gb  waverecorder.o [1]
vRawSens6               0x2001de6e     0x2  Data  Gb  waverecorder.o [1]
vol_table               0x08029bc0    0x84  Data  Gb  usbd_audio_if.o [1]
volume                  0x20010428     0x1  Data  Gb  waveplayer _CS43L22.o [1]


[1] = D:\sop1hc\Github\data\Mic_Array_V00\USB_STREAMING\Mic_Array\Projects\STM32746G\Applications\Audio\Mic_Array\EWARM\STM32F7\Obj
[2] = command line
[3] = dl7M_tlf.a
[4] = iar_cortexM7ls_math.a
[5] = libPDMFilter_CM7_IAR.a
[6] = m7M_tls.a
[7] = rt7M_tl.a
[8] = shb_l.a

  104 156 bytes of readonly  code memory
   69 012 bytes of readonly  data memory
   73 356 bytes of readwrite data memory (+ 102 880 absolute)

Errors: none
Warnings: none
