###############################################################################
#
# IAR ELF Linker V7.50.2.10312/W32 for ARM                28/Feb/2016  17:31:25
# Copyright 2007-2015 IAR Systems AB.
#
#    Output file  =  
#        H:\PhanLeSon\ActivNoise\Microphone\F7\Mic_Array_Project\Mic_Array\Projects\STM32746G\Applications\Audio\Mic_Array\EWARM\STM32F7\Exe\Project.out
#    Map file     =  
#        H:\PhanLeSon\ActivNoise\Microphone\F7\Mic_Array_Project\Mic_Array\Projects\STM32746G\Applications\Audio\Mic_Array\EWARM\STM32F7\List\Project.map
#    Command line =  
#        H:\PhanLeSon\ActivNoise\Microphone\F7\Mic_Array_Project\Mic_Array\Projects\STM32746G\Applications\Audio\Mic_Array\EWARM\STM32F7\Obj\audio_application.o
#        H:\PhanLeSon\ActivNoise\Microphone\F7\Mic_Array_Project\Mic_Array\Projects\STM32746G\Applications\Audio\Mic_Array\EWARM\STM32F7\Obj\audio_codec.o
#        H:\PhanLeSon\ActivNoise\Microphone\F7\Mic_Array_Project\Mic_Array\Projects\STM32746G\Applications\Audio\Mic_Array\EWARM\STM32F7\Obj\DSP.o
#        H:\PhanLeSon\ActivNoise\Microphone\F7\Mic_Array_Project\Mic_Array\Projects\STM32746G\Applications\Audio\Mic_Array\EWARM\STM32F7\Obj\ff.o
#        H:\PhanLeSon\ActivNoise\Microphone\F7\Mic_Array_Project\Mic_Array\Projects\STM32746G\Applications\Audio\Mic_Array\EWARM\STM32F7\Obj\ft5336.o
#        H:\PhanLeSon\ActivNoise\Microphone\F7\Mic_Array_Project\Mic_Array\Middlewares\ST\STM32_Audio\Addons\PDM\libPDMFilter_CM7_IAR.a
#        H:\PhanLeSon\ActivNoise\Microphone\F7\Mic_Array_Project\Mic_Array\Projects\STM32746G\Applications\Audio\Mic_Array\EWARM\STM32F7\Obj\main.o
#        H:\PhanLeSon\ActivNoise\Microphone\F7\Mic_Array_Project\Mic_Array\Projects\STM32746G\Applications\Audio\Mic_Array\EWARM\STM32F7\Obj\sta321mp.o
#        H:\PhanLeSon\ActivNoise\Microphone\F7\Mic_Array_Project\Mic_Array\Projects\STM32746G\Applications\Audio\Mic_Array\EWARM\STM32F7\Obj\startup_stm32f746xx.o
#        H:\PhanLeSon\ActivNoise\Microphone\F7\Mic_Array_Project\Mic_Array\Projects\STM32746G\Applications\Audio\Mic_Array\EWARM\STM32F7\Obj\stm32746g_discovery.o
#        H:\PhanLeSon\ActivNoise\Microphone\F7\Mic_Array_Project\Mic_Array\Projects\STM32746G\Applications\Audio\Mic_Array\EWARM\STM32F7\Obj\stm32746g_discovery_lcd.o
#        H:\PhanLeSon\ActivNoise\Microphone\F7\Mic_Array_Project\Mic_Array\Projects\STM32746G\Applications\Audio\Mic_Array\EWARM\STM32F7\Obj\stm32746g_discovery_sdram.o
#        H:\PhanLeSon\ActivNoise\Microphone\F7\Mic_Array_Project\Mic_Array\Projects\STM32746G\Applications\Audio\Mic_Array\EWARM\STM32F7\Obj\stm32746g_discovery_ts.o
#        H:\PhanLeSon\ActivNoise\Microphone\F7\Mic_Array_Project\Mic_Array\Projects\STM32746G\Applications\Audio\Mic_Array\EWARM\STM32F7\Obj\stm32f7xx_hal.o
#        H:\PhanLeSon\ActivNoise\Microphone\F7\Mic_Array_Project\Mic_Array\Projects\STM32746G\Applications\Audio\Mic_Array\EWARM\STM32F7\Obj\stm32f7xx_hal_cortex.o
#        H:\PhanLeSon\ActivNoise\Microphone\F7\Mic_Array_Project\Mic_Array\Projects\STM32746G\Applications\Audio\Mic_Array\EWARM\STM32F7\Obj\stm32f7xx_hal_dma.o
#        H:\PhanLeSon\ActivNoise\Microphone\F7\Mic_Array_Project\Mic_Array\Projects\STM32746G\Applications\Audio\Mic_Array\EWARM\STM32F7\Obj\stm32f7xx_hal_dma2d.o
#        H:\PhanLeSon\ActivNoise\Microphone\F7\Mic_Array_Project\Mic_Array\Projects\STM32746G\Applications\Audio\Mic_Array\EWARM\STM32F7\Obj\stm32f7xx_hal_dma_ex.o
#        H:\PhanLeSon\ActivNoise\Microphone\F7\Mic_Array_Project\Mic_Array\Projects\STM32746G\Applications\Audio\Mic_Array\EWARM\STM32F7\Obj\stm32f7xx_hal_flash.o
#        H:\PhanLeSon\ActivNoise\Microphone\F7\Mic_Array_Project\Mic_Array\Projects\STM32746G\Applications\Audio\Mic_Array\EWARM\STM32F7\Obj\stm32f7xx_hal_flash_ex.o
#        H:\PhanLeSon\ActivNoise\Microphone\F7\Mic_Array_Project\Mic_Array\Projects\STM32746G\Applications\Audio\Mic_Array\EWARM\STM32F7\Obj\stm32f7xx_hal_gpio.o
#        H:\PhanLeSon\ActivNoise\Microphone\F7\Mic_Array_Project\Mic_Array\Projects\STM32746G\Applications\Audio\Mic_Array\EWARM\STM32F7\Obj\stm32f7xx_hal_hcd.o
#        H:\PhanLeSon\ActivNoise\Microphone\F7\Mic_Array_Project\Mic_Array\Projects\STM32746G\Applications\Audio\Mic_Array\EWARM\STM32F7\Obj\stm32f7xx_hal_i2c.o
#        H:\PhanLeSon\ActivNoise\Microphone\F7\Mic_Array_Project\Mic_Array\Projects\STM32746G\Applications\Audio\Mic_Array\EWARM\STM32F7\Obj\stm32f7xx_hal_i2c_ex.o
#        H:\PhanLeSon\ActivNoise\Microphone\F7\Mic_Array_Project\Mic_Array\Projects\STM32746G\Applications\Audio\Mic_Array\EWARM\STM32F7\Obj\stm32f7xx_hal_i2s.o
#        H:\PhanLeSon\ActivNoise\Microphone\F7\Mic_Array_Project\Mic_Array\Projects\STM32746G\Applications\Audio\Mic_Array\EWARM\STM32F7\Obj\stm32f7xx_hal_ltdc.o
#        H:\PhanLeSon\ActivNoise\Microphone\F7\Mic_Array_Project\Mic_Array\Projects\STM32746G\Applications\Audio\Mic_Array\EWARM\STM32F7\Obj\stm32f7xx_hal_pcd.o
#        H:\PhanLeSon\ActivNoise\Microphone\F7\Mic_Array_Project\Mic_Array\Projects\STM32746G\Applications\Audio\Mic_Array\EWARM\STM32F7\Obj\stm32f7xx_hal_pcd_ex.o
#        H:\PhanLeSon\ActivNoise\Microphone\F7\Mic_Array_Project\Mic_Array\Projects\STM32746G\Applications\Audio\Mic_Array\EWARM\STM32F7\Obj\stm32f7xx_hal_pwr.o
#        H:\PhanLeSon\ActivNoise\Microphone\F7\Mic_Array_Project\Mic_Array\Projects\STM32746G\Applications\Audio\Mic_Array\EWARM\STM32F7\Obj\stm32f7xx_hal_pwr_ex.o
#        H:\PhanLeSon\ActivNoise\Microphone\F7\Mic_Array_Project\Mic_Array\Projects\STM32746G\Applications\Audio\Mic_Array\EWARM\STM32F7\Obj\stm32f7xx_hal_rcc.o
#        H:\PhanLeSon\ActivNoise\Microphone\F7\Mic_Array_Project\Mic_Array\Projects\STM32746G\Applications\Audio\Mic_Array\EWARM\STM32F7\Obj\stm32f7xx_hal_rcc_ex.o
#        H:\PhanLeSon\ActivNoise\Microphone\F7\Mic_Array_Project\Mic_Array\Projects\STM32746G\Applications\Audio\Mic_Array\EWARM\STM32F7\Obj\stm32f7xx_hal_sai.o
#        H:\PhanLeSon\ActivNoise\Microphone\F7\Mic_Array_Project\Mic_Array\Projects\STM32746G\Applications\Audio\Mic_Array\EWARM\STM32F7\Obj\stm32f7xx_hal_sai_ex.o
#        H:\PhanLeSon\ActivNoise\Microphone\F7\Mic_Array_Project\Mic_Array\Projects\STM32746G\Applications\Audio\Mic_Array\EWARM\STM32F7\Obj\stm32f7xx_hal_sdram.o
#        H:\PhanLeSon\ActivNoise\Microphone\F7\Mic_Array_Project\Mic_Array\Projects\STM32746G\Applications\Audio\Mic_Array\EWARM\STM32F7\Obj\stm32f7xx_hal_spi.o
#        H:\PhanLeSon\ActivNoise\Microphone\F7\Mic_Array_Project\Mic_Array\Projects\STM32746G\Applications\Audio\Mic_Array\EWARM\STM32F7\Obj\stm32f7xx_hal_sram.o
#        H:\PhanLeSon\ActivNoise\Microphone\F7\Mic_Array_Project\Mic_Array\Projects\STM32746G\Applications\Audio\Mic_Array\EWARM\STM32F7\Obj\stm32f7xx_hal_tim.o
#        H:\PhanLeSon\ActivNoise\Microphone\F7\Mic_Array_Project\Mic_Array\Projects\STM32746G\Applications\Audio\Mic_Array\EWARM\STM32F7\Obj\stm32f7xx_hal_tim_ex.o
#        H:\PhanLeSon\ActivNoise\Microphone\F7\Mic_Array_Project\Mic_Array\Projects\STM32746G\Applications\Audio\Mic_Array\EWARM\STM32F7\Obj\stm32f7xx_hal_uart.o
#        H:\PhanLeSon\ActivNoise\Microphone\F7\Mic_Array_Project\Mic_Array\Projects\STM32746G\Applications\Audio\Mic_Array\EWARM\STM32F7\Obj\stm32f7xx_it.o
#        H:\PhanLeSon\ActivNoise\Microphone\F7\Mic_Array_Project\Mic_Array\Projects\STM32746G\Applications\Audio\Mic_Array\EWARM\STM32F7\Obj\stm32f7xx_ll_fmc.o
#        H:\PhanLeSon\ActivNoise\Microphone\F7\Mic_Array_Project\Mic_Array\Projects\STM32746G\Applications\Audio\Mic_Array\EWARM\STM32F7\Obj\stm32f7xx_ll_usb.o
#        H:\PhanLeSon\ActivNoise\Microphone\F7\Mic_Array_Project\Mic_Array\Projects\STM32746G\Applications\Audio\Mic_Array\EWARM\STM32F7\Obj\system_stm32f7xx.o
#        H:\PhanLeSon\ActivNoise\Microphone\F7\Mic_Array_Project\Mic_Array\Projects\STM32746G\Applications\Audio\Mic_Array\EWARM\STM32F7\Obj\usbd_audio_if.o
#        H:\PhanLeSon\ActivNoise\Microphone\F7\Mic_Array_Project\Mic_Array\Projects\STM32746G\Applications\Audio\Mic_Array\EWARM\STM32F7\Obj\usbd_audio_in.o
#        H:\PhanLeSon\ActivNoise\Microphone\F7\Mic_Array_Project\Mic_Array\Projects\STM32746G\Applications\Audio\Mic_Array\EWARM\STM32F7\Obj\usbd_conf_f4.o
#        H:\PhanLeSon\ActivNoise\Microphone\F7\Mic_Array_Project\Mic_Array\Projects\STM32746G\Applications\Audio\Mic_Array\EWARM\STM32F7\Obj\usbd_core.o
#        H:\PhanLeSon\ActivNoise\Microphone\F7\Mic_Array_Project\Mic_Array\Projects\STM32746G\Applications\Audio\Mic_Array\EWARM\STM32F7\Obj\usbd_ctlreq.o
#        H:\PhanLeSon\ActivNoise\Microphone\F7\Mic_Array_Project\Mic_Array\Projects\STM32746G\Applications\Audio\Mic_Array\EWARM\STM32F7\Obj\usbd_desc.o
#        H:\PhanLeSon\ActivNoise\Microphone\F7\Mic_Array_Project\Mic_Array\Projects\STM32746G\Applications\Audio\Mic_Array\EWARM\STM32F7\Obj\usbd_ioreq.o
#        H:\PhanLeSon\ActivNoise\Microphone\F7\Mic_Array_Project\Mic_Array\Projects\STM32746G\Applications\Audio\Mic_Array\EWARM\STM32F7\Obj\usbh_conf.o
#        H:\PhanLeSon\ActivNoise\Microphone\F7\Mic_Array_Project\Mic_Array\Projects\STM32746G\Applications\Audio\Mic_Array\EWARM\STM32F7\Obj\usbh_core.o
#        H:\PhanLeSon\ActivNoise\Microphone\F7\Mic_Array_Project\Mic_Array\Projects\STM32746G\Applications\Audio\Mic_Array\EWARM\STM32F7\Obj\usbh_ctlreq.o
#        H:\PhanLeSon\ActivNoise\Microphone\F7\Mic_Array_Project\Mic_Array\Projects\STM32746G\Applications\Audio\Mic_Array\EWARM\STM32F7\Obj\usbh_diskio.o
#        H:\PhanLeSon\ActivNoise\Microphone\F7\Mic_Array_Project\Mic_Array\Projects\STM32746G\Applications\Audio\Mic_Array\EWARM\STM32F7\Obj\usbh_ioreq.o
#        H:\PhanLeSon\ActivNoise\Microphone\F7\Mic_Array_Project\Mic_Array\Projects\STM32746G\Applications\Audio\Mic_Array\EWARM\STM32F7\Obj\usbh_msc.o
#        H:\PhanLeSon\ActivNoise\Microphone\F7\Mic_Array_Project\Mic_Array\Projects\STM32746G\Applications\Audio\Mic_Array\EWARM\STM32F7\Obj\usbh_msc_bot.o
#        H:\PhanLeSon\ActivNoise\Microphone\F7\Mic_Array_Project\Mic_Array\Projects\STM32746G\Applications\Audio\Mic_Array\EWARM\STM32F7\Obj\usbh_msc_scsi.o
#        H:\PhanLeSon\ActivNoise\Microphone\F7\Mic_Array_Project\Mic_Array\Projects\STM32746G\Applications\Audio\Mic_Array\EWARM\STM32F7\Obj\usbh_pipes.o
#        "H:\PhanLeSon\ActivNoise\Microphone\F7\Mic_Array_Project\Mic_Array\Projects\STM32746G\Applications\Audio\Mic_Array\EWARM\STM32F7\Obj\waveplayer
#        _CS43L22.o"
#        H:\PhanLeSon\ActivNoise\Microphone\F7\Mic_Array_Project\Mic_Array\Projects\STM32746G\Applications\Audio\Mic_Array\EWARM\STM32F7\Obj\waverecorder.o
#        --redirect _Printf=_PrintfSmall --redirect _Scanf=_ScanfSmall -o
#        H:\PhanLeSon\ActivNoise\Microphone\F7\Mic_Array_Project\Mic_Array\Projects\STM32746G\Applications\Audio\Mic_Array\EWARM\STM32F7\Exe\Project.out
#        --map
#        H:\PhanLeSon\ActivNoise\Microphone\F7\Mic_Array_Project\Mic_Array\Projects\STM32746G\Applications\Audio\Mic_Array\EWARM\STM32F7\List\Project.map
#        --config
#        H:\PhanLeSon\ActivNoise\Microphone\F7\Mic_Array_Project\Mic_Array\Projects\STM32746G\Applications\Audio\Mic_Array\EWARM\Project.icf
#        --semihosting --entry __iar_program_start --no_exceptions "D:\Program
#        Files (x86)\IAR Systems\Embedded Workbench
#        7.3\arm\CMSIS\Lib\IAR\iar_cortexM7ls_math.a" --vfe
#
###############################################################################

*******************************************************************************
*** RUNTIME MODEL ATTRIBUTES
***

CppFlavor                     = *
__Heap_Handler                = DLMalloc
__SystemLibrary               = DLib
__dlib_dynamic_initialization = normal


*******************************************************************************
*** PLACEMENT SUMMARY
***

"A1":  place at 0x08000000 { ro section .intvec };
"P1":  place in [from 0x00000000 to 0x00000000] |
                [from 0x08000000 to 0x080fffff] { ro };
"P3":  place in [from 0x20000000 to 0x2000ffff] |
                [from 0x20010000 to 0x2004ffff] { rw, block CSTACK, block HEAP };

  Section             Kind        Address     Size  Object
  -------             ----        -------     ----  ------
"A1":                                        0x1c8
  .intvec             ro code  0x08000000    0x1c8  startup_stm32f746xx.o [1]
                             - 0x080001c8    0x1c8

"P1":                                      0x2b474
  .rodata             const    0x080001c8   0x8800  arm_common_tables.o [4]
  .text               ro code  0x080089c8   0x8078  arm_rfft_init_f32.o [4]
  .text               ro code  0x08010a40     0xb0  arm_cfft_radix4_init_f32.o [4]
  .rodata             const    0x08010af0   0x8000  arm_rfft_init_f32.o [4]
  .text               ro code  0x08018af0   0x395c  stm32f7xx_hal_dma.o [1]
  .text               ro code  0x0801c44c   0x1640  waverecorder.o [1]
  .text               ro code  0x0801da8c    0x26c  stm32f7xx_hal_gpio.o [1]
  .text               ro code  0x0801dcf8    0x550  pdm_filter.o [5]
  .text               ro code  0x0801e248     0x7c  stm32f7xx_hal.o [1]
  .text               ro code  0x0801e2c4    0x852  stm32f7xx_hal_spi.o [1]
  .text               ro code  0x0801eb16      0xa  xsprout.o [3]
  .text               ro code  0x0801eb20    0x1a4  stm32f7xx_hal_i2s.o [1]
  .text               ro code  0x0801ecc4    0x164  stm32f7xx_hal_cortex.o [1]
  .text               ro code  0x0801ee28     0x1c  FltCmpEq.o [6]
  .text               ro code  0x0801ee44      0xe  U32ToFlt.o [6]
  .text               ro code  0x0801ee54     0x24  FltCmpLe.o [6]
  .text               ro code  0x0801ee78     0x12  FltMul.o [6]
  .text               ro code  0x0801ee8c     0x4e  FltToDbl.o [6]
  .text               ro code  0x0801eedc     0x30  I32ToDbl.o [6]
  .text               ro code  0x0801ef0c    0x256  DblDiv.o [6]
  .text               ro code  0x0801f164     0xe8  DblAdd.o [6]
  .text               ro code  0x0801f24c     0x4c  DblToI32.o [6]
  .text               ro code  0x0801f298    0x1a2  DblMul.o [6]
  .text               ro code  0x0801f43c     0x90  DblToFlt.o [6]
  .text               ro code  0x0801f4cc    0x450  xsin.o [6]
  .text               ro code  0x0801f91c    0x180  DblSub.o [6]
  .text               ro code  0x0801fa9c     0xf0  sqrt.o [6]
  .text               ro code  0x0801fb8c    0x8b0  stm32f7xx_hal_rcc.o [1]
  .text               ro code  0x0802043c   0x108c  audio_codec.o [1]
  .text               ro code  0x080214c8     0x2e  DblCmpLe.o [6]
  .text               ro code  0x080214f8     0x2e  DblCmpGe.o [6]
  .text               ro code  0x08021528      0xc  errno.o [3]
  .text               ro code  0x08021534    0x168  xquad.o [6]
  .text               ro code  0x0802169c      0xc  iarEdom.o [7]
  .text               ro code  0x080216a8    0xfc0  main.o [1]
  .text               ro code  0x08022668    0xad8  stm32f7xx_hal_i2c.o [1]
  .text               ro code  0x08023140     0x98  waveplayer _CS43L22.o [1]
  .text               ro code  0x080231d8     0x84  stm32f7xx_hal_i2c_ex.o [1]
  .text               ro code  0x0802325c      0x2  xtls.o [3]
  .text               ro code  0x0802325e     0x7a  xdint.o [6]
  .text               ro code  0x080232d8     0x20  DblCmpEq.o [6]
  .text               ro code  0x080232f8    0x1a8  fmod.o [6]
  .text               ro code  0x080234a0    0x116  DSP.o [1]
  .text               ro code  0x080235b8    0x270  audio_application.o [1]
  .text               ro code  0x08023828    0x36c  stm32746g_discovery_sdram.o [1]
  .text               ro code  0x08023b94    0x118  stm32746g_discovery.o [1]
  .text               ro code  0x08023cac    0x910  sta321mp.o [1]
  .text               ro code  0x080245bc    0xac8  usbd_audio_in.o [1]
  .text               ro code  0x08025084    0x346  usbd_core.o [1]
  .text               ro code  0x080253cc     0x34  sprintf.o [3]
  .text               ro code  0x08025400     0x32  main.o [1]
  .text               ro code  0x08025434    0x926  stm32f7xx_hal_uart.o [1]
  .text               ro code  0x08025d5c     0x84  stm32f7xx_hal_pwr_ex.o [1]
  .text               ro code  0x08025de0    0x8a0  stm32f7xx_hal_rcc_ex.o [1]
  .text               ro code  0x08026680     0x80  usbd_audio_if.o [1]
  .text               ro code  0x08026700     0xac  stm32f7xx_hal_sdram.o [1]
  .text               ro code  0x080267ac   0x14f0  dlmalloc.o [3]
  .text               ro code  0x08027c9c    0x350  usbd_conf_f4.o [1]
  .text               ro code  0x08027fec    0x65e  usbd_ctlreq.o [1]
  .text               ro code  0x0802864a     0xbc  usbd_ioreq.o [1]
  .text               ro code  0x08028708     0x66  ABImemset.o [7]
  .text               ro code  0x08028770     0x76  ABImemcpy_unaligned.o [7]
  .text               ro code  0x080287e8    0x7c4  xprintfsmall.o [3]
  .text               ro code  0x08028fac     0x18  main.o [1]
  .text               ro code  0x08028fc4      0x8  abs.o [3]
  .text               ro code  0x08028fcc    0x17c  stm32f7xx_ll_fmc.o [1]
  .text               ro code  0x08029148      0x6  abort.o [3]
  .text               ro code  0x08029150     0x2c  xgetmemchunk.o [3]
  .text               ro code  0x0802917c    0xa7a  stm32f7xx_hal_pcd.o [1]
  .text               ro code  0x08029bf8     0x98  stm32f7xx_hal_pcd_ex.o [1]
  .text               ro code  0x08029c90     0x20  xmbtowc.o [3]
  .text               ro code  0x08029cb0     0x16  strchr.o [7]
  .text               ro code  0x08029cc8     0x36  strlen.o [7]
  .text               ro code  0x08029d00     0x58  memchr.o [7]
  .text               ro code  0x08029d58      0xa  xmbcurmax.o [3]
  .text               ro code  0x08029d62     0x1a  xwctomb.o [3]
  .text               ro code  0x08029d7c     0x14  exit.o [8]
  .text               ro code  0x08029d90    0xd50  stm32f7xx_ll_usb.o [1]
  .text               ro code  0x0802aae0     0x14  setlocale.o [3]
  .text               ro code  0x0802aaf4     0x60  xencoding_sb.o [3]
  .text               ro code  0x0802ab54     0x30  iarttio.o [8]
  .text               ro code  0x0802ab84      0x8  XShttio.o [3]
  .text               ro code  0x0802ab8c    0x1c4  lz77_init.o [7]
  .text               ro code  0x0802ad50     0xe8  usbd_desc.o [1]
  .rodata             const    0x0802ae38     0x84  usbd_audio_if.o [1]
  .text               ro code  0x0802aebc     0x7c  stm32f7xx_it.o [1]
  .text               ro code  0x0802af38     0x6c  system_stm32f7xx.o [1]
  .text               ro code  0x0802afa4     0x40  zero_init3.o [7]
  .text               ro code  0x0802afe4     0x28  data_init.o [7]
  .rodata             const    0x0802b00c     0x24  usbd_desc.o [1]
  .rodata             const    0x0802b030     0x24  usbd_desc.o [1]
  .text               ro code  0x0802b054     0x22  fpinit_M.o [6]
  .iar.init_table     const    0x0802b078     0x34  - Linker created -
  .text               ro code  0x0802b0ac     0x1a  cmain.o [7]
  .text               ro code  0x0802b0c6      0x4  low_level_init.o [3]
  .text               ro code  0x0802b0ca      0x4  exit.o [3]
  .text               ro code  0x0802b0d0      0xa  cexit.o [7]
  .rodata             const    0x0802b0dc     0x14  usbd_desc.o [1]
  .rodata             const    0x0802b0f0     0x10  main.o [1]
  .rodata             const    0x0802b100     0x10  main.o [1]
  .rodata             const    0x0802b110     0x10  main.o [1]
  .rodata             const    0x0802b120     0x10  main.o [1]
  .rodata             const    0x0802b130     0x10  main.o [1]
  .rodata             const    0x0802b140     0x10  main.o [1]
  .rodata             const    0x0802b150     0x10  main.o [1]
  .rodata             const    0x0802b160     0x10  main.o [1]
  .rodata             const    0x0802b170     0x10  main.o [1]
  .rodata             const    0x0802b180     0x10  main.o [1]
  .rodata             const    0x0802b190     0x10  stm32f7xx_hal_rcc.o [1]
  .rodata             const    0x0802b1a0     0x10  usbd_desc.o [1]
  .rodata             const    0x0802b1b0     0x10  usbd_desc.o [1]
  .rodata             const    0x0802b1c0     0x10  usbd_desc.o [1]
  .rodata             const    0x0802b1d0     0x10  usbd_desc.o [1]
  .text               ro code  0x0802b1e0     0x10  startup_stm32f746xx.o [1]
  .text               ro code  0x0802b1f0      0xc  cstartup_M.o [7]
  .rodata             const    0x0802b1fc      0x8  stm32746g_discovery.o [1]
  .text               ro code  0x0802b204      0x4  startup_stm32f746xx.o [1]
  .text               ro code  0x0802b208      0x4  startup_stm32f746xx.o [1]
  .text               ro code  0x0802b20c      0x4  startup_stm32f746xx.o [1]
  .text               ro code  0x0802b210      0x4  startup_stm32f746xx.o [1]
  .text               ro code  0x0802b214      0x4  startup_stm32f746xx.o [1]
  .text               ro code  0x0802b218      0x4  startup_stm32f746xx.o [1]
  .text               ro code  0x0802b21c      0x4  startup_stm32f746xx.o [1]
  .text               ro code  0x0802b220      0x4  startup_stm32f746xx.o [1]
  .text               ro code  0x0802b224      0x4  startup_stm32f746xx.o [1]
  .text               ro code  0x0802b228      0x4  startup_stm32f746xx.o [1]
  .text               ro code  0x0802b22c      0x4  startup_stm32f746xx.o [1]
  .text               ro code  0x0802b230      0x4  startup_stm32f746xx.o [1]
  .text               ro code  0x0802b234      0x4  startup_stm32f746xx.o [1]
  .text               ro code  0x0802b238      0x4  startup_stm32f746xx.o [1]
  .text               ro code  0x0802b23c      0x4  startup_stm32f746xx.o [1]
  .text               ro code  0x0802b240      0x4  startup_stm32f746xx.o [1]
  .text               ro code  0x0802b244      0x4  startup_stm32f746xx.o [1]
  .text               ro code  0x0802b248      0x4  startup_stm32f746xx.o [1]
  .text               ro code  0x0802b24c      0x4  startup_stm32f746xx.o [1]
  .text               ro code  0x0802b250      0x4  startup_stm32f746xx.o [1]
  .text               ro code  0x0802b254      0x4  startup_stm32f746xx.o [1]
  .text               ro code  0x0802b258      0x4  startup_stm32f746xx.o [1]
  .text               ro code  0x0802b25c      0x4  startup_stm32f746xx.o [1]
  .text               ro code  0x0802b260      0x4  startup_stm32f746xx.o [1]
  .text               ro code  0x0802b264      0x4  startup_stm32f746xx.o [1]
  .text               ro code  0x0802b268      0x4  startup_stm32f746xx.o [1]
  .text               ro code  0x0802b26c      0x4  startup_stm32f746xx.o [1]
  .text               ro code  0x0802b270      0x4  startup_stm32f746xx.o [1]
  .text               ro code  0x0802b274      0x4  startup_stm32f746xx.o [1]
  .text               ro code  0x0802b278      0x4  startup_stm32f746xx.o [1]
  .text               ro code  0x0802b27c      0x4  startup_stm32f746xx.o [1]
  .text               ro code  0x0802b280      0x4  startup_stm32f746xx.o [1]
  .text               ro code  0x0802b284      0x4  startup_stm32f746xx.o [1]
  .text               ro code  0x0802b288      0x4  startup_stm32f746xx.o [1]
  .text               ro code  0x0802b28c      0x4  startup_stm32f746xx.o [1]
  .text               ro code  0x0802b290      0x4  startup_stm32f746xx.o [1]
  .text               ro code  0x0802b294      0x4  startup_stm32f746xx.o [1]
  .text               ro code  0x0802b298      0x4  startup_stm32f746xx.o [1]
  .text               ro code  0x0802b29c      0x4  startup_stm32f746xx.o [1]
  .text               ro code  0x0802b2a0      0x4  startup_stm32f746xx.o [1]
  .text               ro code  0x0802b2a4      0x4  startup_stm32f746xx.o [1]
  .text               ro code  0x0802b2a8      0x4  startup_stm32f746xx.o [1]
  .text               ro code  0x0802b2ac      0x4  startup_stm32f746xx.o [1]
  .text               ro code  0x0802b2b0      0x4  startup_stm32f746xx.o [1]
  .text               ro code  0x0802b2b4      0x4  startup_stm32f746xx.o [1]
  .text               ro code  0x0802b2b8      0x4  startup_stm32f746xx.o [1]
  .text               ro code  0x0802b2bc      0x4  startup_stm32f746xx.o [1]
  .text               ro code  0x0802b2c0      0x4  startup_stm32f746xx.o [1]
  .text               ro code  0x0802b2c4      0x4  startup_stm32f746xx.o [1]
  .text               ro code  0x0802b2c8      0x4  startup_stm32f746xx.o [1]
  .text               ro code  0x0802b2cc      0x4  startup_stm32f746xx.o [1]
  .text               ro code  0x0802b2d0      0x4  startup_stm32f746xx.o [1]
  .text               ro code  0x0802b2d4      0x4  startup_stm32f746xx.o [1]
  .text               ro code  0x0802b2d8      0x4  startup_stm32f746xx.o [1]
  .text               ro code  0x0802b2dc      0x4  startup_stm32f746xx.o [1]
  .text               ro code  0x0802b2e0      0x4  startup_stm32f746xx.o [1]
  .text               ro code  0x0802b2e4      0x4  startup_stm32f746xx.o [1]
  .text               ro code  0x0802b2e8      0x4  startup_stm32f746xx.o [1]
  .text               ro code  0x0802b2ec      0x4  startup_stm32f746xx.o [1]
  .text               ro code  0x0802b2f0      0x4  startup_stm32f746xx.o [1]
  .text               ro code  0x0802b2f4      0x4  startup_stm32f746xx.o [1]
  .text               ro code  0x0802b2f8      0x4  startup_stm32f746xx.o [1]
  .text               ro code  0x0802b2fc      0x4  startup_stm32f746xx.o [1]
  .text               ro code  0x0802b300      0x4  startup_stm32f746xx.o [1]
  .text               ro code  0x0802b304      0x4  startup_stm32f746xx.o [1]
  .text               ro code  0x0802b308      0x4  startup_stm32f746xx.o [1]
  .text               ro code  0x0802b30c      0x4  startup_stm32f746xx.o [1]
  .text               ro code  0x0802b310      0x4  startup_stm32f746xx.o [1]
  .text               ro code  0x0802b314      0x4  startup_stm32f746xx.o [1]
  .text               ro code  0x0802b318      0x4  startup_stm32f746xx.o [1]
  .text               ro code  0x0802b31c      0x4  startup_stm32f746xx.o [1]
  .text               ro code  0x0802b320      0x4  startup_stm32f746xx.o [1]
  .text               ro code  0x0802b324      0x4  startup_stm32f746xx.o [1]
  .text               ro code  0x0802b328      0x4  startup_stm32f746xx.o [1]
  .text               ro code  0x0802b32c      0x4  startup_stm32f746xx.o [1]
  .text               ro code  0x0802b330      0x4  startup_stm32f746xx.o [1]
  .text               ro code  0x0802b334      0x4  startup_stm32f746xx.o [1]
  .rodata             const    0x0802b338      0x0  zero_init3.o [7]
  .rodata             const    0x0802b338      0x0  lz77_init.o [7]
  Initializer bytes   const    0x0802b338    0x304  <for P3 s0>
                             - 0x0802b63c  0x2b474

"P3", part 1 of 3:                           0x49d
  P3 s0                        0x20000000    0x49d  <Init block>
    .data             inited   0x20000000    0x304  pdm_filter.o [5]
    __DLIB_PERTHREAD  inited   0x20000304     0x74  setlocale.o [3]
    .data             inited   0x20000378     0x50  sta321mp.o [1]
    .data             inited   0x200003c8     0x38  usbd_audio_in.o [1]
    .data             inited   0x20000400     0x24  sta321mp.o [1]
    .data             inited   0x20000424     0x24  usbd_audio_if.o [1]
    .data             inited   0x20000448     0x1c  usbd_desc.o [1]
    .data             inited   0x20000464     0x14  usbd_desc.o [1]
    .data             inited   0x20000478      0xc  usbd_audio_in.o [1]
    .data             inited   0x20000484      0x8  XShttio.o [3]
    .data             inited   0x2000048c      0x4  system_stm32f7xx.o [1]
    .data             inited   0x20000490      0x4  usbd_desc.o [1]
    __DLIB_PERTHREAD  inited   0x20000494      0x4  errno.o [3]
    .data             inited   0x20000498      0x1  audio_codec.o [1]
    .data             inited   0x20000499      0x1  main.o [1]
    .data             inited   0x2000049a      0x1  main.o [1]
    .data             inited   0x2000049b      0x1  stm32746g_discovery_sdram.o [1]
    .data             inited   0x2000049c      0x1  waveplayer _CS43L22.o [1]
                             - 0x2000049d    0x49d

"P3", part 2 of 3:                          0x9ae8
  .bss                zero     0x200004a0   0x2000  waverecorder.o [1]
  .bss                zero     0x200024a0   0x2000  waverecorder.o [1]
  .bss                zero     0x200044a0   0x2000  waverecorder.o [1]
  .bss                zero     0x200064a0   0x2000  waverecorder.o [1]
  .bss                zero     0x200084a0    0x800  main.o [1]
  .bss                zero     0x20008ca0    0x3c0  usbd_conf_f4.o [1]
  .bss                zero     0x20009060    0x224  main.o [1]
  .bss                zero     0x20009284    0x1d8  dlmalloc.o [3]
  .bss                zero     0x2000945c    0x180  usbd_audio_in.o [1]
  .bss                zero     0x200095dc     0xc8  usbd_desc.o [1]
  .bss                zero     0x200096a4     0x80  main.o [1]
  .bss                zero     0x20009724     0x80  waverecorder.o [1]
  .bss                zero     0x200097a4     0x80  waverecorder.o [1]
  .bss                zero     0x20009824     0x78  usbd_audio_in.o [1]
  .bss                zero     0x2000989c     0x70  main.o [1]
  .bss                zero     0x2000990c     0x68  waverecorder.o [1]
  .bss                zero     0x20009974     0x64  main.o [1]
  .bss                zero     0x200099d8     0x64  usbd_audio_in.o [1]
  .bss                zero     0x20009a3c     0x64  waverecorder.o [1]
  .bss                zero     0x20009aa0     0x64  waverecorder.o [1]
  .bss                zero     0x20009b04     0x50  audio_codec.o [1]
  .bss                zero     0x20009b54     0x50  stm32746g_discovery_sdram.o [1]
  .bss                zero     0x20009ba4     0x50  waverecorder.o [1]
  .bss                zero     0x20009bf4     0x50  waverecorder.o [1]
  .bss                zero     0x20009c44     0x40  waveplayer _CS43L22.o [1]
  .bss                zero     0x20009c84     0x40  waverecorder.o [1]
  .bss                zero     0x20009cc4     0x40  waverecorder.o [1]
  .bss                zero     0x20009d04     0x3c  audio_codec.o [1]
  .bss                zero     0x20009d40     0x3c  audio_codec.o [1]
  .bss                zero     0x20009d7c     0x34  stm32746g_discovery_sdram.o [1]
  .bss                zero     0x20009db0     0x1c  stm32746g_discovery_sdram.o [1]
  .bss                zero     0x20009dcc     0x18  main.o [1]
  .bss                zero     0x20009de4     0x18  main.o [1]
  .bss                zero     0x20009dfc     0x18  main.o [1]
  .bss                zero     0x20009e14     0x18  main.o [1]
  .bss                zero     0x20009e2c     0x18  main.o [1]
  .bss                zero     0x20009e44     0x18  main.o [1]
  .bss                zero     0x20009e5c     0x18  dlmalloc.o [3]
  .bss                zero     0x20009e74     0x14  main.o [1]
  .bss                zero     0x20009e88     0x14  main.o [1]
  .bss                zero     0x20009e9c     0x14  main.o [1]
  .bss                zero     0x20009eb0     0x14  main.o [1]
  .bss                zero     0x20009ec4     0x14  main.o [1]
  .bss                zero     0x20009ed8     0x14  main.o [1]
  .bss                zero     0x20009eec     0x10  sta321mp.o [1]
  .bss                zero     0x20009efc     0x10  stm32746g_discovery_sdram.o [1]
  .bss                zero     0x20009f0c      0x4  DSP.o [1]
  .bss                zero     0x20009f10      0x4  stm32f7xx_hal.o [1]
  .bss                zero     0x20009f14      0x4  stm32f7xx_it.o [1]
  .bss                zero     0x20009f18      0x4  waverecorder.o [1]
  .bss                zero     0x20009f1c      0x4  waverecorder.o [1]
  .bss                zero     0x20009f20      0x4  xgetmemchunk.o [3]
  .bss                zero     0x20009f24      0x2  main.o [1]
  .bss                zero     0x20009f26      0x2  main.o [1]
  .bss                zero     0x20009f28      0x2  main.o [1]
  .bss                zero     0x20009f2a      0x2  main.o [1]
  .bss                zero     0x20009f2c      0x2  main.o [1]
  .bss                zero     0x20009f2e      0x2  main.o [1]
  .bss                zero     0x20009f30      0x2  main.o [1]
  .bss                zero     0x20009f32      0x2  main.o [1]
  .bss                zero     0x20009f34      0x2  main.o [1]
  .bss                zero     0x20009f36      0x2  main.o [1]
  .bss                zero     0x20009f38      0x2  main.o [1]
  .bss                zero     0x20009f3a      0x2  main.o [1]
  .bss                zero     0x20009f3c      0x2  main.o [1]
  .bss                zero     0x20009f3e      0x2  main.o [1]
  .bss                zero     0x20009f40      0x2  main.o [1]
  .bss                zero     0x20009f42      0x2  main.o [1]
  .bss                zero     0x20009f44      0x2  sta321mp.o [1]
  .bss                zero     0x20009f46      0x2  usbd_audio_in.o [1]
  .bss                zero     0x20009f48      0x2  waverecorder.o [1]
  .bss                zero     0x20009f4a      0x2  waverecorder.o [1]
  .bss                zero     0x20009f4c      0x2  waverecorder.o [1]
  .bss                zero     0x20009f4e      0x2  waverecorder.o [1]
  .bss                zero     0x20009f50      0x2  waverecorder.o [1]
  .bss                zero     0x20009f52      0x2  waverecorder.o [1]
  .bss                zero     0x20009f54      0x2  waverecorder.o [1]
  .bss                zero     0x20009f56      0x2  waverecorder.o [1]
  .bss                zero     0x20009f58      0x2  waverecorder.o [1]
  .bss                zero     0x20009f5a      0x2  waverecorder.o [1]
  .bss                zero     0x20009f5c      0x2  waverecorder.o [1]
  .bss                zero     0x20009f5e      0x2  waverecorder.o [1]
  .bss                zero     0x20009f60      0x2  waverecorder.o [1]
  .bss                zero     0x20009f62      0x2  waverecorder.o [1]
  .bss                zero     0x20009f64      0x2  waverecorder.o [1]
  .bss                zero     0x20009f66      0x2  waverecorder.o [1]
  .bss                zero     0x20009f68      0x1  audio_application.o [1]
  .bss                zero     0x20009f69      0x1  audio_codec.o [1]
  .bss                zero     0x20009f6a      0x1  main.o [1]
  .bss                zero     0x20009f6b      0x1  main.o [1]
  .bss                zero     0x20009f6c      0x1  main.o [1]
  .bss                zero     0x20009f6d      0x1  main.o [1]
  .bss                zero     0x20009f6e      0x1  main.o [1]
  .bss                zero     0x20009f6f      0x1  main.o [1]
  .bss                zero     0x20009f70      0x1  main.o [1]
  .bss                zero     0x20009f71      0x1  main.o [1]
  .bss                zero     0x20009f72      0x1  main.o [1]
  .bss                zero     0x20009f73      0x1  main.o [1]
  .bss                zero     0x20009f74      0x1  main.o [1]
  .bss                zero     0x20009f75      0x1  main.o [1]
  .bss                zero     0x20009f76      0x1  main.o [1]
  .bss                zero     0x20009f77      0x1  main.o [1]
  .bss                zero     0x20009f78      0x1  main.o [1]
  .bss                zero     0x20009f79      0x1  main.o [1]
  .bss                zero     0x20009f7a      0x1  main.o [1]
  .bss                zero     0x20009f7b      0x1  usbd_ctlreq.o [1]
  .bss                zero     0x20009f7c      0x1  waverecorder.o [1]
  .bss                zero     0x20009f7d      0x1  waverecorder.o [1]
  .bss                zero     0x20009f7e      0x1  waverecorder.o [1]
  .bss                zero     0x20009f7f      0x1  waverecorder.o [1]
  .bss                zero     0x20009f80      0x1  waverecorder.o [1]
  .bss                zero     0x20009f81      0x1  waverecorder.o [1]
  .bss                zero     0x20009f82      0x1  waverecorder.o [1]
  .bss                zero     0x20009f83      0x1  waverecorder.o [1]
  .bss                zero     0x20009f84      0x1  waverecorder.o [1]
  .bss                zero     0x20009f85      0x1  waverecorder.o [1]
                             - 0x20009f86   0x9ae6

"P3", part 3 of 3:                          0x4000
  CSTACK                       0x20009f88   0x2000  <Block>
    CSTACK            uninit   0x20009f88   0x2000  <Block tail>
  HEAP                         0x2000bf88   0x2000  <Block>
    HEAP              uninit   0x2000bf88   0x2000  <Block tail>
                             - 0x2000df88   0x4000

Absolute sections:                         0x201e0
  .bss                zero     0xc0000000   0x80a0  waverecorder.o [1]
  .bss                zero     0xc00080a0   0x80a0  waverecorder.o [1]
  .bss                zero     0xc0010140   0x80a0  waverecorder.o [1]
  .bss                zero     0xc00181e0   0x4000  audio_application.o [1]
  .bss                zero     0xc001c1e0   0x4000  audio_application.o [1]
                             - 0xc00201e0  0x201e0


*******************************************************************************
*** INIT TABLE
***

          Address     Size
          -------     ----
Zero (__iar_zero_init3)
    2 destination ranges, total size 0x29cc6:
          0x200004a0   0x9ae6
          0xc0000000  0x201e0

Copy/lz77 (__iar_lz77_init3)
    1 source range, total size 0x304 (65% of destination):
          0x0802b338    0x304
    1 destination range, total size 0x49d:
          0x20000000    0x49d



*******************************************************************************
*** MODULE SUMMARY
***

    Module                       ro code  ro data  rw data  rw data
                                                             (abs)
    ------                       -------  -------  -------  -------
H:\PhanLeSon\ActivNoise\Microphone\F7\Mic_Array_Project\Mic_Array\Projects\STM32746G\Applications\Audio\Mic_Array\EWARM\STM32F7\Obj: [1]
    DSP.o                            278                 4
    audio_application.o              624                 1   32 768
    audio_codec.o                  4 236        1      202
    main.o                         4 106      161    3 251
    sta321mp.o                     2 320       75      134
    startup_stm32f746xx.o            780
    stm32746g_discovery.o            280        8
    stm32746g_discovery_sdram.o      876        1      177
    stm32f7xx_hal.o                  124                 4
    stm32f7xx_hal_cortex.o           356
    stm32f7xx_hal_dma.o           14 684
    stm32f7xx_hal_gpio.o             620
    stm32f7xx_hal_i2c.o            2 776
    stm32f7xx_hal_i2c_ex.o           132
    stm32f7xx_hal_i2s.o              420
    stm32f7xx_hal_pcd.o            2 682
    stm32f7xx_hal_pcd_ex.o           152
    stm32f7xx_hal_pwr_ex.o           132
    stm32f7xx_hal_rcc.o            2 224       16
    stm32f7xx_hal_rcc_ex.o         2 208
    stm32f7xx_hal_sdram.o            172
    stm32f7xx_hal_spi.o            2 130
    stm32f7xx_hal_uart.o           2 342
    stm32f7xx_it.o                   124                 4
    stm32f7xx_ll_fmc.o               380
    stm32f7xx_ll_usb.o             3 408
    system_stm32f7xx.o               108        3        4
    usbd_audio_if.o                  128      156       36
    usbd_audio_in.o                2 760       45      674
    usbd_conf_f4.o                   848               960
    usbd_core.o                      838
    usbd_ctlreq.o                  1 630                 1
    usbd_desc.o                      232      190      252
    usbd_ioreq.o                     188
    waveplayer _CS43L22.o            152        1       65
    waverecorder.o                 5 696            33 666   98 784
    ---------------------------------------------------------------
    Total:                        61 146      657   39 435  131 552

command line: [2]
    ---------------------------------------------------------------
    Total:

dl7M_tlf.a: [3]
    XShttio.o                          8        5        8
    abort.o                            6
    abs.o                              8
    dlmalloc.o                     5 360               496
    errno.o                           12        2        4
    exit.o                             4
    low_level_init.o                   4
    setlocale.o                       20       76      116
    sprintf.o                         52
    xencoding_sb.o                    96
    xgetmemchunk.o                    44                 4
    xmbcurmax.o                       10
    xmbtowc.o                         32
    xprintfsmall.o                 1 988
    xsprout.o                         10
    xtls.o                             2
    xwctomb.o                         26
    ---------------------------------------------------------------
    Total:                         7 682       83      628

iar_cortexM7ls_math.a: [4]
    arm_cfft_radix4_init_f32.o       176
    arm_common_tables.o                    34 816
    arm_rfft_init_f32.o           32 888   32 768
    ---------------------------------------------------------------
    Total:                        33 064   67 584

libPDMFilter_CM7_IAR.a: [5]
    pdm_filter.o                   1 360      504      772
    ---------------------------------------------------------------
    Total:                         1 360      504      772

m7M_tls.a: [6]
    DblAdd.o                         232
    DblCmpEq.o                        32
    DblCmpGe.o                        46
    DblCmpLe.o                        46
    DblDiv.o                         598
    DblMul.o                         418
    DblSub.o                         384
    DblToFlt.o                       144
    DblToI32.o                        76
    FltCmpEq.o                        28
    FltCmpLe.o                        36
    FltMul.o                          18
    FltToDbl.o                        78
    I32ToDbl.o                        48
    U32ToFlt.o                        14
    fmod.o                           424
    fpinit_M.o                        34
    sqrt.o                           240
    xdint.o                          122
    xquad.o                          360
    xsin.o                         1 104
    ---------------------------------------------------------------
    Total:                         4 482

rt7M_tl.a: [7]
    ABImemcpy_unaligned.o            118
    ABImemset.o                      102
    cexit.o                           10
    cmain.o                           26
    cstartup_M.o                      12
    data_init.o                       40
    iarEdom.o                         12
    lz77_init.o                      452
    memchr.o                          88
    strchr.o                          22
    strlen.o                          54
    zero_init3.o                      64
    ---------------------------------------------------------------
    Total:                         1 000

shb_l.a: [8]
    exit.o                            20
    iarttio.o                         48
    ---------------------------------------------------------------
    Total:                            68

    Gaps                              38        4
    Linker created                             52   16 384
-------------------------------------------------------------------
    Grand Total:                 108 840   68 884   57 219  131 552


*******************************************************************************
*** ENTRY LIST
***

Entry                      Address    Size  Type      Object
-----                      -------    ----  ----      ------
.iar.init_table$$Base   0x0802b078           --   Gb  - Linker created -
.iar.init_table$$Limit  0x0802b0ac           --   Gb  - Linker created -
?main                   0x0802b0ad          Code  Gb  cmain.o [7]
ADD_U8                  0x08028fad    0x18  Code  Gb  main.o [1]
APBAHBPrescTable        0x0802b190    0x10  Data  Gb  stm32f7xx_hal_rcc.o [1]
AUDIO_Desc              0x20000448    0x1c  Data  Gb  usbd_desc.o [1]
AUDIO_Init              0x0802043d    0x38  Code  Gb  audio_codec.o [1]
AUDIO_InitApplication   0x080231cd     0xc  Code  Gb  waveplayer _CS43L22.o [1]
AUDIO_REQ_GetCurrent    0x08024947    0x30  Code  Lc  usbd_audio_in.o [1]
AUDIO_REQ_GetMaximum    0x080248e1    0x22  Code  Lc  usbd_audio_in.o [1]
AUDIO_REQ_GetMinimum    0x08024903    0x22  Code  Lc  usbd_audio_in.o [1]
AUDIO_REQ_GetResolution
                        0x08024925    0x22  Code  Lc  usbd_audio_in.o [1]
AUDIO_REQ_SetCurrent    0x08024977    0x34  Code  Lc  usbd_audio_in.o [1]
AudioPlayerUpd          0x080235e9   0x222  Code  Gb  audio_application.o [1]
AudioUSBSend            0x080235b9    0x30  Code  Gb  audio_application.o [1]
Audio_CommandMgr        0x080266dd     0x6  Code  Lc  usbd_audio_if.o [1]
Audio_DeInit            0x08026687     0x6  Code  Lc  usbd_audio_if.o [1]
Audio_Init              0x08026681     0x6  Code  Lc  usbd_audio_if.o [1]
Audio_MAL_Play          0x08021059    0xbc  Code  Gb  audio_codec.o [1]
Audio_MuteCtl           0x080266cb     0x6  Code  Lc  usbd_audio_if.o [1]
Audio_Pause             0x080266d5     0x4  Code  Lc  usbd_audio_if.o [1]
Audio_Play_Out          0x08021897   0x12e  Code  Lc  main.o [1]
Audio_Record            0x0802668d     0x4  Code  Lc  usbd_audio_if.o [1]
Audio_Resume            0x080266d9     0x4  Code  Lc  usbd_audio_if.o [1]
Audio_Stop              0x080266d1     0x4  Code  Lc  usbd_audio_if.o [1]
Audio_VolumeCtl         0x08026691    0x3a  Code  Lc  usbd_audio_if.o [1]
BSP_AUDIO_OUT_ClockConfig
                        0x08021ebd    0x70  Code  Gb  main.o [1]
BSP_LED_Init            0x08023b95    0xc8  Code  Gb  stm32746g_discovery.o [1]
BSP_LED_Toggle          0x08023c5d    0x42  Code  Gb  stm32746g_discovery.o [1]
BSP_SDRAM_Init          0x08023829    0xd6  Code  Gb  stm32746g_discovery_sdram.o [1]
BSP_SDRAM_Initialization_sequence
                        0x080238ff    0xb0  Code  Gb  stm32746g_discovery_sdram.o [1]
BSP_SDRAM_MspInit       0x080239af   0x1a8  Code  Wk  stm32746g_discovery_sdram.o [1]
Buffer1                 0xc0000000  0x80a0  Data  Gb  waverecorder.o [1]
Buffer2                 0xc00080a0  0x80a0  Data  Gb  waverecorder.o [1]
Buffer3                 0xc0010140  0x80a0  Data  Gb  waverecorder.o [1]
BusFault_Handler        0x0802aec3     0x2  Code  Gb  stm32f7xx_it.o [1]
ButtonInit              0x080223bd    0x4e  Code  Gb  main.o [1]
CPU_CACHE_Enable        0x08021f2d     0xc  Code  Lc  main.o [1]
CSTACK$$Base            0x20009f88           --   Gb  - Linker created -
CSTACK$$Limit           0x2000bf88           --   Gb  - Linker created -
Codec_AudioInterface_Init
                        0x08020fc5     0xc  Code  Lc  audio_codec.o [1]
Codec_CtrlInterface_Init
                        0x08020fbd     0x8  Code  Lc  audio_codec.o [1]
Codec_GPIO_Init         0x08020fd1    0x40  Code  Lc  audio_codec.o [1]
Codec_Init              0x08020d93    0xf6  Code  Lc  audio_codec.o [1]
Codec_ReadRegister      0x08020f59    0x64  Code  Lc  audio_codec.o [1]
Codec_Reset             0x08020eed    0x24  Code  Lc  audio_codec.o [1]
Codec_TIMEOUT_UserCallback
                        0x08023153     0x4  Code  Gb  waveplayer _CS43L22.o [1]
Codec_VolumeCtrl        0x08020e89    0x64  Code  Lc  audio_codec.o [1]
Codec_WriteRegister     0x08020f13    0x3e  Code  Lc  audio_codec.o [1]
Command                 0x20009efc    0x10  Data  Lc  stm32746g_discovery_sdram.o [1]
Command_index           0x2000049a     0x1  Data  Gb  main.o [1]
CrssCor                 0x080234a1    0xf6  Code  Gb  DSP.o [1]
DFT_Init                0x080221e1    0x72  Code  Gb  main.o [1]
DMA1_Stream0_IRQHandler
                        0x08020d87     0x2  Code  Gb  audio_codec.o [1]
DMA1_Stream7_IRQHandler
                        0x08020475   0x912  Code  Gb  audio_codec.o [1]
DMA2_Stream4_IRQHandler
                        0x0802af35     0x2  Code  Gb  stm32f7xx_it.o [1]
DMA2_Stream5_IRQHandler
                        0x0801d51f     0xc  Code  Gb  waverecorder.o [1]
DMA2_Stream6_IRQHandler
                        0x0801d531     0xc  Code  Gb  waverecorder.o [1]
DMA2_Stream7_IRQHandler
                        0x0802af37     0x2  Code  Gb  stm32f7xx_it.o [1]
DMA_SetConfig           0x08018af1    0x2e  Code  Gb  stm32f7xx_hal_dma.o [1]
DebugMon_Handler        0x0802aec9     0x2  Code  Gb  stm32f7xx_it.o [1]
Delay                   0x08021045    0x14  Code  Lc  audio_codec.o [1]
DmaHandle               0x20009b04    0x50  Data  Gb  audio_codec.o [1]
EXTI15_10_IRQHandler    0x0802214d     0x2  Code  Gb  main.o [1]
EXTI4_IRQHandler        0x080220ff    0x3e  Code  Gb  main.o [1]
EXTI9_5_IRQHandler      0x0802214f    0x74  Code  Gb  main.o [1]
EnergySound             0x20009f0c     0x4  Data  Gb  DSP.o [1]
FFT_Update              0x08021737   0x160  Code  Lc  main.o [1]
FMC_SDRAM_Init          0x08028fcd    0x7c  Code  Gb  stm32f7xx_ll_fmc.o [1]
FMC_SDRAM_ProgramRefreshRate
                        0x0802913b     0xe  Code  Gb  stm32f7xx_ll_fmc.o [1]
FMC_SDRAM_SendCommand   0x080290e7    0x54  Code  Gb  stm32f7xx_ll_fmc.o [1]
FMC_SDRAM_Timing_Init   0x08029049    0x9e  Code  Gb  stm32f7xx_ll_fmc.o [1]
FacMic                  0x20009dcc    0x18  Data  Gb  main.o [1]
FactorUpd               0x0802359d    0x1a  Code  Gb  DSP.o [1]
Filter                  0x2000990c    0x68  Data  Gb  waverecorder.o [1]
GPIO_INS                0x20009e74    0x14  Data  Gb  main.o [1]
GPIO_PIN                0x0802b1fc     0x8  Data  Gb  stm32746g_discovery.o [1]
HAL_DMA_DeInit          0x08018ba1   0xfe8  Code  Gb  stm32f7xx_hal_dma.o [1]
HAL_DMA_IRQHandler      0x08019c61  0x2798  Code  Gb  stm32f7xx_hal_dma.o [1]
HAL_DMA_Init            0x08018b1f    0x7c  Code  Gb  stm32f7xx_hal_dma.o [1]
HAL_DMA_Start_IT        0x08019bd9    0x86  Code  Gb  stm32f7xx_hal_dma.o [1]
HAL_Delay               0x0801e2a3    0x1a  Code  Wk  stm32f7xx_hal.o [1]
HAL_GPIO_Init           0x0801da8d   0x1f6  Code  Gb  stm32f7xx_hal_gpio.o [1]
HAL_GPIO_ReadPin        0x0801dc83    0x18  Code  Gb  stm32f7xx_hal_gpio.o [1]
HAL_GPIO_TogglePin      0x0801dcaf     0xa  Code  Gb  stm32f7xx_hal_gpio.o [1]
HAL_GPIO_WritePin       0x0801dc9b    0x14  Code  Gb  stm32f7xx_hal_gpio.o [1]
HAL_GetTick             0x0801e29d     0x6  Code  Wk  stm32f7xx_hal.o [1]
HAL_I2CEx_ConfigAnalogFilter
                        0x080231d9    0x84  Code  Gb  stm32f7xx_hal_i2c_ex.o [1]
HAL_I2C_EV_IRQHandler   0x080229e1   0x12e  Code  Gb  stm32f7xx_hal_i2c.o [1]
HAL_I2C_ErrorCallback   0x08022b1b     0x2  Code  Wk  stm32f7xx_hal_i2c.o [1]
HAL_I2C_GetError        0x08022b1d     0x4  Code  Gb  stm32f7xx_hal_i2c.o [1]
HAL_I2C_Init            0x08022669    0xbc  Code  Gb  stm32f7xx_hal_i2c.o [1]
HAL_I2C_MasterRxCpltCallback
                        0x08022b11     0x2  Code  Wk  stm32f7xx_hal_i2c.o [1]
HAL_I2C_MasterTxCpltCallback
                        0x08022b0f     0x2  Code  Wk  stm32f7xx_hal_i2c.o [1]
HAL_I2C_Master_Receive  0x08022883   0x158  Code  Gb  stm32f7xx_hal_i2c.o [1]
HAL_I2C_Master_Transmit
                        0x08022725   0x15e  Code  Gb  stm32f7xx_hal_i2c.o [1]
HAL_I2C_MemRxCpltCallback
                        0x08022b19     0x2  Code  Wk  stm32f7xx_hal_i2c.o [1]
HAL_I2C_MemTxCpltCallback
                        0x08022b17     0x2  Code  Wk  stm32f7xx_hal_i2c.o [1]
HAL_I2C_MspInit         0x08021f39    0xe6  Code  Gb  main.o [1]
HAL_I2C_SlaveRxCpltCallback
                        0x08022b15     0x2  Code  Wk  stm32f7xx_hal_i2c.o [1]
HAL_I2C_SlaveTxCpltCallback
                        0x08022b13     0x2  Code  Wk  stm32f7xx_hal_i2c.o [1]
HAL_I2S_Init            0x0801eb21   0x126  Code  Gb  stm32f7xx_hal_i2s.o [1]
HAL_I2S_MspInit         0x08021139   0x2f0  Code  Gb  audio_codec.o [1]
HAL_I2S_TxCpltCallback  0x0802248d     0xa  Code  Gb  main.o [1]
HAL_IncTick             0x0801e291     0xc  Code  Wk  stm32f7xx_hal.o [1]
HAL_Init                0x0801e249    0x22  Code  Gb  stm32f7xx_hal.o [1]
HAL_InitTick            0x0801e26d    0x24  Code  Wk  stm32f7xx_hal.o [1]
HAL_MspInit             0x0801e26b     0x2  Code  Wk  stm32f7xx_hal.o [1]
HAL_NVIC_DisableIRQ     0x0801ede9     0xe  Code  Gb  stm32f7xx_hal_cortex.o [1]
HAL_NVIC_EnableIRQ      0x0801eddb     0xe  Code  Gb  stm32f7xx_hal_cortex.o [1]
HAL_NVIC_SetPriority    0x0801edb5    0x26  Code  Gb  stm32f7xx_hal_cortex.o [1]
HAL_NVIC_SetPriorityGrouping
                        0x0801eda9     0xc  Code  Gb  stm32f7xx_hal_cortex.o [1]
HAL_PCDEx_ActivateLPM   0x08029c67    0x28  Code  Gb  stm32f7xx_hal_pcd_ex.o [1]
HAL_PCDEx_LPM_Callback  0x08029c8f     0x2  Code  Wk  stm32f7xx_hal_pcd_ex.o [1]
HAL_PCDEx_SetRxFiFo     0x08029c5b     0xc  Code  Gb  stm32f7xx_hal_pcd_ex.o [1]
HAL_PCDEx_SetTxFiFo     0x08029bf9    0x62  Code  Gb  stm32f7xx_hal_pcd_ex.o [1]
HAL_PCD_ConnectCallback
                        0x08027e25     0xe  Code  Gb  usbd_conf_f4.o [1]
HAL_PCD_DataInStageCallback
                        0x08027d7d    0x1e  Code  Gb  usbd_conf_f4.o [1]
HAL_PCD_DataOutStageCallback
                        0x08027d5d    0x20  Code  Gb  usbd_conf_f4.o [1]
HAL_PCD_DisconnectCallback
                        0x08027e33     0xe  Code  Gb  usbd_conf_f4.o [1]
HAL_PCD_EP_Close        0x080298bb    0x62  Code  Gb  stm32f7xx_hal_pcd.o [1]
HAL_PCD_EP_ClrStall     0x08029a95    0x62  Code  Gb  stm32f7xx_hal_pcd.o [1]
HAL_PCD_EP_Flush        0x08029af7    0x3c  Code  Gb  stm32f7xx_hal_pcd.o [1]
HAL_PCD_EP_Open         0x08029821    0x9a  Code  Gb  stm32f7xx_hal_pcd.o [1]
HAL_PCD_EP_Receive      0x0802991d    0x82  Code  Gb  stm32f7xx_hal_pcd.o [1]
HAL_PCD_EP_SetStall     0x08029a1f    0x76  Code  Gb  stm32f7xx_hal_pcd.o [1]
HAL_PCD_EP_Transmit     0x0802999f    0x80  Code  Gb  stm32f7xx_hal_pcd.o [1]
HAL_PCD_IRQHandler      0x080292d3   0x522  Code  Gb  stm32f7xx_hal_pcd.o [1]
HAL_PCD_ISOINIncompleteCallback
                        0x08027e11    0x14  Code  Gb  usbd_conf_f4.o [1]
HAL_PCD_ISOOUTIncompleteCallback
                        0x08027dfd    0x14  Code  Gb  usbd_conf_f4.o [1]
HAL_PCD_Init            0x0802917d   0x12a  Code  Gb  stm32f7xx_hal_pcd.o [1]
HAL_PCD_MspInit         0x08027cc3    0x88  Code  Gb  usbd_conf_f4.o [1]
HAL_PCD_ResetCallback   0x08027da9    0x38  Code  Gb  usbd_conf_f4.o [1]
HAL_PCD_ResumeCallback  0x08027def     0xe  Code  Gb  usbd_conf_f4.o [1]
HAL_PCD_SOFCallback     0x08027d9b     0xe  Code  Gb  usbd_conf_f4.o [1]
HAL_PCD_SetAddress      0x080297f5    0x2c  Code  Gb  stm32f7xx_hal_pcd.o [1]
HAL_PCD_SetupStageCallback
                        0x08027d4b    0x12  Code  Gb  usbd_conf_f4.o [1]
HAL_PCD_Start           0x080292a7    0x2c  Code  Gb  stm32f7xx_hal_pcd.o [1]
HAL_PCD_SuspendCallback
                        0x08027de1     0xe  Code  Gb  usbd_conf_f4.o [1]
HAL_PWREx_EnableOverDrive
                        0x08025d5d    0x76  Code  Gb  stm32f7xx_hal_pwr_ex.o [1]
HAL_RCCEx_GetPeriphCLKConfig
                        0x08026489   0x1c6  Code  Gb  stm32f7xx_hal_rcc_ex.o [1]
HAL_RCCEx_PeriphCLKConfig
                        0x08025de1   0x6a8  Code  Gb  stm32f7xx_hal_rcc_ex.o [1]
HAL_RCC_ClockConfig     0x080200a5   0x256  Code  Gb  stm32f7xx_hal_rcc.o [1]
HAL_RCC_GetHCLKFreq     0x0802039f    0x28  Code  Gb  stm32f7xx_hal_rcc.o [1]
HAL_RCC_GetPCLK1Freq    0x080203c7    0x20  Code  Gb  stm32f7xx_hal_rcc.o [1]
HAL_RCC_GetPCLK2Freq    0x080203e7    0x20  Code  Gb  stm32f7xx_hal_rcc.o [1]
HAL_RCC_GetSysClockFreq
                        0x080202fb    0xa4  Code  Gb  stm32f7xx_hal_rcc.o [1]
HAL_RCC_OscConfig       0x0801fb8d   0x518  Code  Gb  stm32f7xx_hal_rcc.o [1]
HAL_SDRAM_Init          0x08026701    0x44  Code  Gb  stm32f7xx_hal_sdram.o [1]
HAL_SDRAM_MspInit       0x08026745     0x2  Code  Wk  stm32f7xx_hal_sdram.o [1]
HAL_SDRAM_ProgramRefreshRate
                        0x08026783    0x2a  Code  Gb  stm32f7xx_hal_sdram.o [1]
HAL_SDRAM_SendCommand   0x08026747    0x3c  Code  Gb  stm32f7xx_hal_sdram.o [1]
HAL_SPI_ErrorCallback   0x0801e701     0x2  Code  Wk  stm32f7xx_hal_spi.o [1]
HAL_SPI_Init            0x0801e2c5    0xd8  Code  Gb  stm32f7xx_hal_spi.o [1]
HAL_SPI_MspInit         0x0801cf05   0x5ca  Code  Gb  waverecorder.o [1]
HAL_SPI_Receive_DMA     0x0801e39d   0x14c  Code  Gb  stm32f7xx_hal_spi.o [1]
HAL_SPI_RxCpltCallback  0x0801d54d    0xaa  Code  Gb  waverecorder.o [1]
HAL_SPI_RxHalfCpltCallback
                        0x0801e6fd     0x2  Code  Wk  stm32f7xx_hal_spi.o [1]
HAL_SPI_TransmitReceive_DMA
                        0x0801e4e9   0x212  Code  Gb  stm32f7xx_hal_spi.o [1]
HAL_SPI_TxRxCpltCallback
                        0x0801e6fb     0x2  Code  Wk  stm32f7xx_hal_spi.o [1]
HAL_SPI_TxRxHalfCpltCallback
                        0x0801e6ff     0x2  Code  Wk  stm32f7xx_hal_spi.o [1]
HAL_SYSTICK_Config      0x0801edf7     0xc  Code  Gb  stm32f7xx_hal_cortex.o [1]
HAL_UART_ErrorCallback  0x0802570d     0x2  Code  Wk  stm32f7xx_hal_uart.o [1]
HAL_UART_IRQHandler     0x08025533    0xf8  Code  Gb  stm32f7xx_hal_uart.o [1]
HAL_UART_Init           0x08025435    0x7e  Code  Gb  stm32f7xx_hal_uart.o [1]
HAL_UART_MspInit        0x0802207f    0x80  Code  Gb  main.o [1]
HAL_UART_RxCpltCallback
                        0x0802570b     0x2  Code  Wk  stm32f7xx_hal_uart.o [1]
HAL_UART_Transmit_IT    0x080254b3    0x80  Code  Gb  stm32f7xx_hal_uart.o [1]
HAL_UART_TxCpltCallback
                        0x08025709     0x2  Code  Wk  stm32f7xx_hal_uart.o [1]
HEAP$$Base              0x2000bf88           --   Gb  - Linker created -
HEAP$$Limit             0x2000df88           --   Gb  - Linker created -
HardFault_Handler       0x0802aebf     0x2  Code  Gb  stm32f7xx_it.o [1]
I2C1_EV_IRQHandler      0x0802aeff     0xa  Code  Gb  stm32f7xx_it.o [1]
I2C2_EV_IRQHandler      0x0802af09     0xa  Code  Gb  stm32f7xx_it.o [1]
I2C_IsAcknowledgeFailed
                        0x0802306f    0x9e  Code  Lc  stm32f7xx_hal_i2c.o [1]
I2C_MasterReceive_ISR   0x08022c75   0x152  Code  Lc  stm32f7xx_hal_i2c.o [1]
I2C_MasterTransmit_ISR  0x08022b21   0x152  Code  Lc  stm32f7xx_hal_i2c.o [1]
I2C_SlaveReceive_ISR    0x08022e89    0xae  Code  Lc  stm32f7xx_hal_i2c.o [1]
I2C_SlaveTransmit_ISR   0x08022dc7    0xc2  Code  Lc  stm32f7xx_hal_i2c.o [1]
I2C_TransferConfig      0x0802310d    0x2a  Code  Lc  stm32f7xx_hal_i2c.o [1]
I2C_WaitOnFlagUntilTimeout
                        0x08022f3d    0x8e  Code  Lc  stm32f7xx_hal_i2c.o [1]
I2C_WaitOnSTOPFlagUntilTimeout
                        0x0802301f    0x50  Code  Lc  stm32f7xx_hal_i2c.o [1]
I2C_WaitOnTXISFlagUntilTimeout
                        0x08022fcb    0x54  Code  Lc  stm32f7xx_hal_i2c.o [1]
I2S1_Init               0x0801cbdd    0x5e  Code  Lc  waverecorder.o [1]
I2S2_Init               0x0801cc3b    0x5e  Code  Lc  waverecorder.o [1]
I2S2_idxTmp             0x20009f28     0x2  Data  Gb  main.o [1]
I2S2_stLR               0x20009f82     0x1  Data  Gb  waverecorder.o [1]
I2S2_stLROld            0x20009f83     0x1  Data  Gb  waverecorder.o [1]
I2S2_stNipple           0x20009f64     0x2  Data  Gb  waverecorder.o [1]
I2S3_Init               0x08023157    0x68  Code  Gb  waveplayer _CS43L22.o [1]
I2S_GetClockFreq        0x0801ec47    0x66  Code  Lc  stm32f7xx_hal_i2s.o [1]
IS                      0x20009e44    0x18  Data  Gb  main.o [1]
ISS                     0x20009ed8    0x14  Data  Gb  main.o [1]
InStream_Read           0x0802ab8d    0x22  Code  Lc  lz77_init.o [7]
IsocInBuffDummy         0x2000945c   0x180  Data  Lc  usbd_audio_in.o [1]
LoadInt                 0x08028c19    0x4c  Code  Lc  xprintfsmall.o [3]
MIC1TO6_Init            0x0801cafb    0xae  Code  Gb  waverecorder.o [1]
MX_I2C1_Init            0x0802142d    0x48  Code  Gb  audio_codec.o [1]
MX_I2C2_Init            0x08022425    0x50  Code  Gb  main.o [1]
MemManage_Handler       0x0802aec1     0x2  Code  Gb  stm32f7xx_it.o [1]
NMI_Handler             0x0802aebd     0x2  Code  Gb  stm32f7xx_it.o [1]
NVIC_DisableIRQ         0x0801ed01    0x14  Code  Lc  stm32f7xx_hal_cortex.o [1]
NVIC_EnableIRQ          0x0801eced    0x14  Code  Lc  stm32f7xx_hal_cortex.o [1]
NVIC_EncodePriority     0x0801ed3b    0x3e  Code  Lc  stm32f7xx_hal_cortex.o [1]
NVIC_GetPriorityGrouping
                        0x0801ece3     0xa  Code  Lc  stm32f7xx_hal_cortex.o [1]
NVIC_SetPriority        0x0801ed15    0x26  Code  Lc  stm32f7xx_hal_cortex.o [1]
NVIC_SetPriority        0x08027c9d    0x26  Code  Lc  usbd_conf_f4.o [1]
NVIC_SetPriorityGrouping
                        0x0801ecc5    0x1e  Code  Lc  stm32f7xx_hal_cortex.o [1]
OTG_FS_IRQHandler       0x0802af13     0xa  Code  Gb  stm32f7xx_it.o [1]
OutStream_Write         0x0802abaf    0x40  Code  Lc  lz77_init.o [7]
OutputDev               0x20009f69     0x1  Data  Gb  audio_codec.o [1]
PCD_WriteEmptyTxFifo    0x08029b33    0xc4  Code  Lc  stm32f7xx_hal_pcd.o [1]
PCM_Buffer1             0xc00181e0  0x4000  Data  Gb  audio_application.o [1]
PCM_Buffer2             0xc001c1e0  0x4000  Data  Gb  audio_application.o [1]
PDM2PCMSDO78            0x0801d629   0x3f0  Code  Gb  waverecorder.o [1]
PDM_Filter_64_LSB       0x0801def9   0x31e  Code  Gb  pdm_filter.o [5]
PDM_Filter_Init         0x0801dcf9   0x1fe  Code  Gb  pdm_filter.o [5]
PendSV_Handler          0x0802aecb     0x2  Code  Gb  stm32f7xx_it.o [1]
Region$$Table$$Base     0x0802b078           --   Gb  - Linker created -
Region$$Table$$Limit    0x0802b0ac           --   Gb  - Linker created -
S1                      0x20009de4    0x18  Data  Gb  main.o [1]
S2                      0x20009dfc    0x18  Data  Gb  main.o [1]
S3                      0x20009e14    0x18  Data  Gb  main.o [1]
S4                      0x20009e2c    0x18  Data  Gb  main.o [1]
SCB_EnableDCache        0x080216d3    0x64  Code  Lc  main.o [1]
SCB_EnableICache        0x080216a9    0x2a  Code  Lc  main.o [1]
SPI1_IRQHandler         0x0801c44d   0x180  Code  Gb  waverecorder.o [1]
SPI1_stNipple           0x20009f62     0x2  Data  Gb  waverecorder.o [1]
SPI2_IRQHandler         0x0801c5cd   0x184  Code  Gb  waverecorder.o [1]
SPI3_IRQHandler         0x08020d89     0xa  Code  Gb  audio_codec.o [1]
SPI4_IRQHandler         0x0801c751   0x1de  Code  Gb  waverecorder.o [1]
SPI4_Init               0x0801cc99    0x7e  Code  Gb  waverecorder.o [1]
SPI4_stNipple           0x20009f66     0x2  Data  Gb  waverecorder.o [1]
SPI4_stPosShft          0x20009f81     0x1  Data  Gb  waverecorder.o [1]
SPI5_IRQHandler         0x0801c92f    0xec  Code  Gb  waverecorder.o [1]
SPI5_Init               0x0801cd17    0xfa  Code  Gb  waverecorder.o [1]
SPI6_IRQHandler         0x0801ca1b    0xe0  Code  Gb  waverecorder.o [1]
SPI6_Init               0x0801ce19    0x7c  Code  Gb  waverecorder.o [1]
SPI_DMAError            0x0801e8d9    0x28  Code  Lc  stm32f7xx_hal_spi.o [1]
SPI_DMAHalfReceiveCplt  0x0801e8b9     0xe  Code  Lc  stm32f7xx_hal_spi.o [1]
SPI_DMAHalfTransmitReceiveCplt
                        0x0801e8c9     0xe  Code  Lc  stm32f7xx_hal_spi.o [1]
SPI_DMAReceiveCplt      0x0801e705    0xe4  Code  Lc  stm32f7xx_hal_spi.o [1]
SPI_DMATransmitReceiveCplt
                        0x0801e7e9    0xd0  Code  Lc  stm32f7xx_hal_spi.o [1]
SPI_EndRxTransaction    0x0801ea4d    0x68  Code  Lc  stm32f7xx_hal_spi.o [1]
SPI_EndRxTxTransaction  0x0801eab5    0x62  Code  Lc  stm32f7xx_hal_spi.o [1]
SPI_I2S_ReceiveData     0x0801d519     0x6  Code  Lc  waverecorder.o [1]
SPI_WaitFifoStateUntilTimeout
                        0x0801e99b    0xb2  Code  Lc  stm32f7xx_hal_spi.o [1]
SPI_WaitFlagStateUntilTimeout
                        0x0801e901    0x9a  Code  Lc  stm32f7xx_hal_spi.o [1]
SS1                     0x20009e88    0x14  Data  Gb  main.o [1]
SS2                     0x20009e9c    0x14  Data  Gb  main.o [1]
SS3                     0x20009eb0    0x14  Data  Gb  main.o [1]
SS4                     0x20009ec4    0x14  Data  Gb  main.o [1]
STA321MP_DefautLoad     0x0802455f    0x2c  Code  Lc  sta321mp.o [1]
STA321MP_Ini            0x08023cad   0x254  Code  Gb  sta321mp.o [1]
STACoefSet              0x08023f5d   0x332  Code  Gb  sta321mp.o [1]
SVC_Handler             0x0802aec7     0x2  Code  Gb  stm32f7xx_it.o [1]
Send_Audio_to_USB       0x080266e3    0x14  Code  Gb  usbd_audio_if.o [1]
SetCoefValue            0x0802433d    0x6a  Code  Gb  sta321mp.o [1]
SrvB_Debound            0x08025401    0x32  Code  Gb  main.o [1]
StartPlay               0x08022497    0x8a  Code  Gb  main.o [1]
StartRecMic7_8          0x0801cba9    0x34  Code  Gb  waverecorder.o [1]
SumDelay                0x080222a1   0x10a  Code  Gb  main.o [1]
SysTick_Config          0x0801ed79    0x30  Code  Lc  stm32f7xx_hal_cortex.o [1]
SysTick_Handler         0x0802aecd    0x26  Code  Gb  stm32f7xx_it.o [1]
SystemClock_Config      0x08021e0d    0xb0  Code  Lc  main.o [1]
SystemCoreClock         0x2000048c     0x4  Data  Gb  system_stm32f7xx.o [1]
SystemInit              0x0802af39    0x4c  Code  Gb  system_stm32f7xx.o [1]
T0                      0x20000004   0x100  Data  Gb  pdm_filter.o [5]
T1                      0x20000104   0x100  Data  Gb  pdm_filter.o [5]
T2                      0x20000204   0x100  Data  Gb  pdm_filter.o [5]
TestSDO7                0x200004a0  0x2000  Data  Gb  waverecorder.o [1]
TestSDO7_1              0x200044a0  0x2000  Data  Gb  waverecorder.o [1]
TestSDO8                0x200024a0  0x2000  Data  Gb  waverecorder.o [1]
TestSDO8_1              0x200064a0  0x2000  Data  Gb  waverecorder.o [1]
Timing                  0x20009db0    0x1c  Data  Lc  stm32746g_discovery_sdram.o [1]
UART_AdvFeatureConfig   0x08025c29    0xda  Code  Gb  stm32f7xx_hal_uart.o [1]
UART_CheckIdleState     0x08025d03    0x58  Code  Gb  stm32f7xx_hal_uart.o [1]
UART_EndTransmit_IT     0x080257bb    0x3c  Code  Lc  stm32f7xx_hal_uart.o [1]
UART_Receive_IT         0x080257f7    0xa6  Code  Lc  stm32f7xx_hal_uart.o [1]
UART_SetConfig          0x0802589d   0x35c  Code  Gb  stm32f7xx_hal_uart.o [1]
UART_Transmit_IT        0x0802570f    0xac  Code  Lc  stm32f7xx_hal_uart.o [1]
UART_WaitOnFlagUntilTimeout
                        0x0802562b    0xde  Code  Gb  stm32f7xx_hal_uart.o [1]
USART3_IRQHandler       0x0802aef5     0xa  Code  Gb  stm32f7xx_it.o [1]
USART3_Init             0x0802201f    0x60  Code  Gb  main.o [1]
USART6_IRQHandler       0x0802aef3     0x2  Code  Gb  stm32f7xx_it.o [1]
USBD_AUDIO              0x200003c8    0x38  Data  Gb  usbd_audio_in.o [1]
USBD_AUDIO_CfgDesc      0x20009824    0x78  Data  Lc  usbd_audio_in.o [1]
USBD_AUDIO_ConfigStrDescriptor
                        0x0802adc5    0x26  Code  Gb  usbd_desc.o [1]
USBD_AUDIO_DataIn       0x08024751   0x122  Code  Lc  usbd_audio_in.o [1]
USBD_AUDIO_DataOut      0x080248cf     0x6  Code  Lc  usbd_audio_in.o [1]
USBD_AUDIO_Data_Transfer
                        0x080249ab   0x186  Code  Gb  usbd_audio_in.o [1]
USBD_AUDIO_DeInit       0x0802463b    0x2c  Code  Lc  usbd_audio_in.o [1]
USBD_AUDIO_DeviceDescriptor
                        0x0802ad51     0xa  Code  Gb  usbd_desc.o [1]
USBD_AUDIO_DeviceQualifierDesc
                        0x20000478     0xc  Data  Lc  usbd_audio_in.o [1]
USBD_AUDIO_EP0_RxReady  0x08024873    0x44  Code  Lc  usbd_audio_in.o [1]
USBD_AUDIO_EP0_TxReady  0x080248b7     0x6  Code  Lc  usbd_audio_in.o [1]
USBD_AUDIO_GetCfgDesc   0x08024745     0xc  Code  Lc  usbd_audio_in.o [1]
USBD_AUDIO_GetDeviceQualifierDesc
                        0x080248d5     0xc  Code  Lc  usbd_audio_in.o [1]
USBD_AUDIO_Init         0x080245bd    0x7e  Code  Lc  usbd_audio_in.o [1]
USBD_AUDIO_Init_Microphone_Descriptor
                        0x08024b3f   0x52e  Code  Gb  usbd_audio_in.o [1]
USBD_AUDIO_InterfaceStrDescriptor
                        0x0802adeb    0x26  Code  Gb  usbd_desc.o [1]
USBD_AUDIO_IsoINIncomplete
                        0x080248c3     0x6  Code  Lc  usbd_audio_in.o [1]
USBD_AUDIO_IsoOutIncomplete
                        0x080248c9     0x6  Code  Lc  usbd_audio_in.o [1]
USBD_AUDIO_LangIDStrDescriptor
                        0x0802ad5b     0xa  Code  Gb  usbd_desc.o [1]
USBD_AUDIO_ManufacturerStrDescriptor
                        0x0802ad8b    0x14  Code  Gb  usbd_desc.o [1]
USBD_AUDIO_ProductStrDescriptor
                        0x0802ad65    0x26  Code  Gb  usbd_desc.o [1]
USBD_AUDIO_RegisterInterface
                        0x08024b31     0xe  Code  Gb  usbd_audio_in.o [1]
USBD_AUDIO_SOF          0x080248bd     0x6  Code  Lc  usbd_audio_in.o [1]
USBD_AUDIO_SerialStrDescriptor
                        0x0802ad9f    0x26  Code  Gb  usbd_desc.o [1]
USBD_AUDIO_Setup        0x08024667    0xde  Code  Lc  usbd_audio_in.o [1]
USBD_AUDIO_fops         0x20000424    0x24  Data  Gb  usbd_audio_if.o [1]
USBD_ClrClassConfig     0x08025117    0x18  Code  Gb  usbd_core.o [1]
USBD_ClrFeature         0x08028577    0x3a  Code  Lc  usbd_ctlreq.o [1]
USBD_CtlContinueRx      0x080286b9    0x1a  Code  Gb  usbd_ioreq.o [1]
USBD_CtlContinueSendData
                        0x08028673    0x1a  Code  Gb  usbd_ioreq.o [1]
USBD_CtlError           0x080285d9    0x18  Code  Gb  usbd_ctlreq.o [1]
USBD_CtlPrepareRx       0x0802868d    0x2c  Code  Gb  usbd_ioreq.o [1]
USBD_CtlReceiveStatus   0x080286ed    0x1a  Code  Gb  usbd_ioreq.o [1]
USBD_CtlSendData        0x0802864b    0x28  Code  Gb  usbd_ioreq.o [1]
USBD_CtlSendStatus      0x080286d3    0x1a  Code  Gb  usbd_ioreq.o [1]
USBD_GetConfig          0x080284c9    0x4c  Code  Lc  usbd_ctlreq.o [1]
USBD_GetDescriptor      0x08028225   0x164  Code  Lc  usbd_ctlreq.o [1]
USBD_GetLen             0x08028637    0x14  Code  Lc  usbd_ctlreq.o [1]
USBD_GetStatus          0x08028515    0x3c  Code  Lc  usbd_ctlreq.o [1]
USBD_GetString          0x080285f1    0x46  Code  Gb  usbd_ctlreq.o [1]
USBD_Init               0x08025085    0x38  Code  Gb  usbd_core.o [1]
USBD_LL_ClearStallEP    0x08027f51    0x16  Code  Gb  usbd_conf_f4.o [1]
USBD_LL_CloseEP         0x08027f0f    0x16  Code  Gb  usbd_conf_f4.o [1]
USBD_LL_DataInStage     0x08025227    0xe2  Code  Gb  usbd_core.o [1]
USBD_LL_DataOutStage    0x08025199    0x8e  Code  Gb  usbd_core.o [1]
USBD_LL_DevConnected    0x080253a9     0x6  Code  Gb  usbd_core.o [1]
USBD_LL_DevDisconnected
                        0x080253af    0x1c  Code  Gb  usbd_core.o [1]
USBD_LL_FlushEP         0x08027f25    0x16  Code  Gb  usbd_conf_f4.o [1]
USBD_LL_Init            0x08027e41    0x7e  Code  Gb  usbd_conf_f4.o [1]
USBD_LL_IsStallEP       0x08027f67    0x30  Code  Gb  usbd_conf_f4.o [1]
USBD_LL_IsoINIncomplete
                        0x0802539d     0x6  Code  Gb  usbd_core.o [1]
USBD_LL_IsoOUTIncomplete
                        0x080253a3     0x6  Code  Gb  usbd_core.o [1]
USBD_LL_OpenEP          0x08027eed    0x22  Code  Gb  usbd_conf_f4.o [1]
USBD_LL_PrepareReceive  0x08027fcd    0x20  Code  Gb  usbd_conf_f4.o [1]
USBD_LL_Reset           0x08025309    0x46  Code  Gb  usbd_core.o [1]
USBD_LL_Resume          0x0802536b     0xe  Code  Gb  usbd_core.o [1]
USBD_LL_SOF             0x08025379    0x24  Code  Gb  usbd_core.o [1]
USBD_LL_SetSpeed        0x0802534f     0x8  Code  Gb  usbd_core.o [1]
USBD_LL_SetUSBAddress   0x08027f97    0x16  Code  Gb  usbd_conf_f4.o [1]
USBD_LL_SetupStage      0x0802512f    0x6a  Code  Gb  usbd_core.o [1]
USBD_LL_StallEP         0x08027f3b    0x16  Code  Gb  usbd_conf_f4.o [1]
USBD_LL_Start           0x08027edd    0x10  Code  Gb  usbd_conf_f4.o [1]
USBD_LL_Suspend         0x08025357    0x14  Code  Gb  usbd_core.o [1]
USBD_LL_Transmit        0x08027fad    0x20  Code  Gb  usbd_conf_f4.o [1]
USBD_LangIDDesc         0x20000490     0x4  Data  Gb  usbd_desc.o [1]
USBD_ParseSetupRequest  0x080285b1    0x28  Code  Gb  usbd_ctlreq.o [1]
USBD_RegisterClass      0x080250bd    0x1a  Code  Gb  usbd_core.o [1]
USBD_RunTestMode        0x080250e5     0x6  Code  Gb  usbd_core.o [1]
USBD_SetAddress         0x08028389    0x60  Code  Lc  usbd_ctlreq.o [1]
USBD_SetClassConfig     0x080250eb    0x2c  Code  Gb  usbd_core.o [1]
USBD_SetConfig          0x080283e9    0xda  Code  Lc  usbd_ctlreq.o [1]
USBD_SetFeature         0x08028551    0x26  Code  Lc  usbd_ctlreq.o [1]
USBD_Start              0x080250d7     0xe  Code  Gb  usbd_core.o [1]
USBD_StdDevReq          0x08027fed    0x7c  Code  Gb  usbd_ctlreq.o [1]
USBD_StdEPReq           0x080280b5   0x170  Code  Gb  usbd_ctlreq.o [1]
USBD_StdItfReq          0x08028069    0x4c  Code  Gb  usbd_ctlreq.o [1]
USBD_StrDesc            0x200095dc    0xc8  Data  Gb  usbd_desc.o [1]
USB_ActivateEndpoint    0x0802a0b9    0xc4  Code  Gb  stm32f7xx_ll_usb.o [1]
USB_ActivateSetup       0x0802a9fb    0x44  Code  Gb  stm32f7xx_ll_usb.o [1]
USB_CoreInit            0x08029d91    0x6e  Code  Gb  stm32f7xx_ll_usb.o [1]
USB_CoreReset           0x0802aa97    0x38  Code  Lc  stm32f7xx_ll_usb.o [1]
USB_DeactivateEndpoint  0x0802a17d    0xaa  Code  Gb  stm32f7xx_ll_usb.o [1]
USB_DevConnect          0x0802a92f    0x1e  Code  Gb  stm32f7xx_ll_usb.o [1]
USB_DevDisconnect       0x0802a94d    0x1e  Code  Gb  stm32f7xx_ll_usb.o [1]
USB_DevInit             0x08029e51   0x1c0  Code  Gb  stm32f7xx_ll_usb.o [1]
USB_DisableGlobalInt    0x08029e0d     0xe  Code  Gb  stm32f7xx_ll_usb.o [1]
USB_EP0StartXfer        0x0802a571   0x1ec  Code  Gb  stm32f7xx_ll_usb.o [1]
USB_EP0_OutStart        0x0802aa3f    0x58  Code  Gb  stm32f7xx_ll_usb.o [1]
USB_EPClearStall        0x0802a86d    0x96  Code  Gb  stm32f7xx_ll_usb.o [1]
USB_EPSetStall          0x0802a7cf    0x9e  Code  Gb  stm32f7xx_ll_usb.o [1]
USB_EPStartXfer         0x0802a227   0x342  Code  Gb  stm32f7xx_ll_usb.o [1]
USB_EnableGlobalInt     0x08029dff     0xe  Code  Gb  stm32f7xx_ll_usb.o [1]
USB_FlushRxFifo         0x0802a035    0x20  Code  Gb  stm32f7xx_ll_usb.o [1]
USB_FlushTxFifo         0x0802a011    0x24  Code  Gb  stm32f7xx_ll_usb.o [1]
USB_GetDevSpeed         0x0802a06b    0x4e  Code  Gb  stm32f7xx_ll_usb.o [1]
USB_GetMode             0x0802a9f3     0x8  Code  Gb  stm32f7xx_ll_usb.o [1]
USB_ReadDevAllInEpInterrupt
                        0x0802a98f    0x16  Code  Gb  stm32f7xx_ll_usb.o [1]
USB_ReadDevAllOutEpInterrupt
                        0x0802a979    0x16  Code  Gb  stm32f7xx_ll_usb.o [1]
USB_ReadDevInEPInterrupt
                        0x0802a9bf    0x34  Code  Gb  stm32f7xx_ll_usb.o [1]
USB_ReadDevOutEPInterrupt
                        0x0802a9a5    0x1a  Code  Gb  stm32f7xx_ll_usb.o [1]
USB_ReadInterrupts      0x0802a96b     0xe  Code  Gb  stm32f7xx_ll_usb.o [1]
USB_ReadPacket          0x0802a7a3    0x2c  Code  Gb  stm32f7xx_ll_usb.o [1]
USB_SetCurrentMode      0x08029e1b    0x36  Code  Gb  stm32f7xx_ll_usb.o [1]
USB_SetDevAddress       0x0802a903    0x2c  Code  Gb  stm32f7xx_ll_usb.o [1]
USB_SetDevSpeed         0x0802a055    0x16  Code  Gb  stm32f7xx_ll_usb.o [1]
USB_WritePacket         0x0802a75d    0x46  Code  Gb  stm32f7xx_ll_usb.o [1]
UsageFault_Handler      0x0802aec5     0x2  Code  Gb  stm32f7xx_it.o [1]
VOL_CUR                 0x20009f46     0x2  Data  Lc  usbd_audio_in.o [1]
Volume                  0x20000498     0x1  Data  Gb  audio_codec.o [1]
WavePlayerInit          0x08023141    0x12  Code  Gb  waveplayer _CS43L22.o [1]
WaveRec_idxSens1        0x20009f2a     0x2  Data  Gb  main.o [1]
WaveRec_idxSens2        0x20009f2c     0x2  Data  Gb  main.o [1]
WaveRec_idxSens3        0x20009f26     0x2  Data  Gb  main.o [1]
WaveRec_idxSens4        0x20009f24     0x2  Data  Gb  main.o [1]
WaveRec_idxSens5        0x20009f2e     0x2  Data  Gb  main.o [1]
WaveRec_idxSens6        0x20009f30     0x2  Data  Gb  main.o [1]
WaveRec_idxTest         0x20009f4c     0x2  Data  Gb  waverecorder.o [1]
WaveRecord_flgIni       0x20009f7c     0x1  Data  Gb  waverecorder.o [1]
WaveRecord_flgSDO7Finish
                        0x20009f7f     0x1  Data  Gb  waverecorder.o [1]
WaveRecord_flgSDO8Finish
                        0x20009f80     0x1  Data  Gb  waverecorder.o [1]
WriteCoef               0x0802428f    0xae  Code  Gb  sta321mp.o [1]
WriteSTAByte            0x08023f01    0x5c  Code  Gb  sta321mp.o [1]
_EncodingSb_Mbtowc      0x0802ab0f    0x30  Code  Gb  xencoding_sb.o [3]
_EncodingSb_Wctomb      0x0802aaf5    0x1a  Code  Gb  xencoding_sb.o [3]
_IsdstStr               0x20000308     0x4  Data  Gb  setlocale.o [3]
_LitobSmall             0x08028e97    0xce  Code  Lc  xprintfsmall.o [3]
_LocaleEncoding         0x0802aae1     0xe  Code  Gb  setlocale.o [3]
_LocaleReturnString     0x20000328    0x50  Data  Lc  setlocale.o [3]
_Locale_Profile         0x2000030c    0x1c  Data  Gb  setlocale.o [3]
_Mbtowc                 0x08029c91    0x20  Code  Gb  xmbtowc.o [3]
_PrintfSmall            0x080287e9   0x430  Code  Gb  xprintfsmall.o [3]
_PutcharsSmall          0x08028f65    0x2e  Code  Lc  xprintfsmall.o [3]
_PutstrSmall            0x08028c65   0x228  Code  Lc  xprintfsmall.o [3]
_SProut                 0x0801eb17     0xa  Code  Gb  xsprout.o [3]
_TzoneStr               0x20000304     0x4  Data  Gb  setlocale.o [3]
_Wctomb                 0x08029d63    0x1a  Code  Gb  xwctomb.o [3]
__aeabi_cdcmpeq         0x080232d9          Code  Gb  DblCmpEq.o [6]
__aeabi_cdcmple         0x080214c9          Code  Gb  DblCmpLe.o [6]
__aeabi_cdrcmple        0x080214f9          Code  Gb  DblCmpGe.o [6]
__aeabi_cfcmpeq         0x0801ee29          Code  Gb  FltCmpEq.o [6]
__aeabi_cfcmple         0x0801ee55          Code  Gb  FltCmpLe.o [6]
__aeabi_d2f             0x0801f43d          Code  Gb  DblToFlt.o [6]
__aeabi_d2iz            0x0801f24d          Code  Gb  DblToI32.o [6]
__aeabi_dadd            0x0801f165          Code  Gb  DblAdd.o [6]
__aeabi_ddiv            0x0801ef0d          Code  Gb  DblDiv.o [6]
__aeabi_dmul            0x0801f299          Code  Gb  DblMul.o [6]
__aeabi_dsub            0x0801f91d          Code  Gb  DblSub.o [6]
__aeabi_errno_addr      0x08021529     0x6  Code  Gb  errno.o [3]
__aeabi_f2d             0x0801ee8d          Code  Gb  FltToDbl.o [6]
__aeabi_fmul            0x0801ee79    0x12  Code  Gb  FltMul.o [6]
__aeabi_i2d             0x0801eedd          Code  Gb  I32ToDbl.o [6]
__aeabi_memset          0x08028709          Code  Gb  ABImemset.o [7]
__aeabi_ui2d            0x0801eef1          Code  Gb  I32ToDbl.o [6]
__aeabi_ui2f            0x0801ee45     0xe  Code  Gb  U32ToFlt.o [6]
__cmain                 0x0802b0ad          Code  Gb  cmain.o [7]
__data_GetMemChunk      0x08029151    0x2c  Code  Gb  xgetmemchunk.o [3]
__exit                  0x08029d7d    0x14  Code  Gb  exit.o [8]
__iar_Dint              0x0802325f    0x7a  Code  Gb  xdint.o [6]
__iar_Errno             0x20000494     0x4  Data  Gb  errno.o [3]
__iar_Mbcurmax          0x08029d59     0xa  Code  Gb  xmbcurmax.o [3]
__iar_Memchr            0x08029d01          Code  Gb  memchr.o [7]
__iar_Memset            0x08028709          Code  Gb  ABImemset.o [7]
__iar_Memset_word       0x08028711          Code  Gb  ABImemset.o [7]
__iar_Quad              0x08021535   0x12c  Code  Gb  xquad.o [6]
__iar_Sin               0x0801f4cd   0x3b2  Code  Gb  xsin.o [6]
__iar_Strchr            0x08029cb1          Code  Gb  strchr.o [7]
__iar_close_ttio        0x0802ab55    0x2e  Code  Gb  iarttio.o [8]
__iar_d2uiz             0x0801f279          Code  Gb  DblToI32.o [6]
__iar_dadd              0x0801f179          Code  Gb  DblAdd.o [6]
__iar_data_init3        0x0802afe5    0x28  Code  Gb  data_init.o [7]
__iar_dlfree            0x08027783   0x510  Code  Gb  dlmalloc.o [3]
__iar_dlib_perthread_access
                        0x0802325d     0x2  Code  Gb  xtls.o [3]
__iar_dlmalloc          0x080274cd   0x2aa  Code  Gb  dlmalloc.o [3]
__iar_dsub              0x0801f931          Code  Gb  DblSub.o [6]
__iar_dsubStart         0x0801f943          Code  Gb  DblSub.o [6]
__iar_edom              0x0802169d          Code  Gb  iarEdom.o [7]
__iar_fmod              0x080232f9          Code  Gb  fmod.o [6]
__iar_fmodl             0x080232f9          Code  Gb  fmod.o [6]
__iar_init_vfp          0x0802b055          Code  Gb  fpinit_M.o [6]
__iar_lookup_ttioh      0x0802ab85     0x8  Code  Gb  XShttio.o [3]
__iar_lz77_init3        0x0802abef   0x162  Code  Gb  lz77_init.o [7]
__iar_program_start     0x0802b1f1          Code  Gb  cstartup_M.o [7]
__iar_sqrt              0x0801fa9d          Code  Gb  sqrt.o [6]
__iar_ttio_handles      0x20000484     0x8  Data  Lc  XShttio.o [3]
__iar_ui2d              0x0801eef5          Code  Gb  I32ToDbl.o [6]
__iar_unaligned___aeabi_memcpy
                        0x08028771          Code  Gb  ABImemcpy_unaligned.o [7]
__iar_unaligned___aeabi_memcpy4
                        0x08028791          Code  Gb  ABImemcpy_unaligned.o [7]
__iar_unaligned___aeabi_memcpy8
                        0x08028791          Code  Gb  ABImemcpy_unaligned.o [7]
__iar_zero_init3        0x0802afa5    0x40  Code  Gb  zero_init3.o [7]
__low_level_init        0x0802b0c7     0x4  Code  Gb  low_level_init.o [3]
__vector_table          0x08000000          Data  Gb  startup_stm32f746xx.o [1]
_call_main              0x0802b0b9          Code  Gb  cmain.o [7]
_exit                   0x0802b0d1          Code  Gb  cexit.o [7]
_gm_                    0x20009284   0x1d8  Data  Lc  dlmalloc.o [3]
_main                   0x0802b0c3          Code  Gb  cmain.o [7]
abort                   0x08029149     0x6  Code  Gb  abort.o [3]
abs                     0x08028fc5     0x8  Code  Gb  abs.o [3]
armBitRevTable          0x080001c8   0x800  Data  Gb  arm_common_tables.o [4]
arm_cfft_radix4_init_f32
                        0x08010a41    0xb0  Code  Gb  arm_cfft_radix4_init_f32.o [4]
arm_rfft_init_f32       0x080089c9    0x72  Code  Gb  arm_rfft_init_f32.o [4]
btnSW1                  0x20009f6a     0x1  Data  Gb  main.o [1]
btnSW2                  0x20009f6b     0x1  Data  Gb  main.o [1]
bufCoefBiquad           0x20009eec    0x10  Data  Gb  sta321mp.o [1]
bufPCMSens7             0x20009f18     0x4  Data  Gb  waverecorder.o [1]
bufPCMSens8             0x20009f1c     0x4  Data  Gb  waverecorder.o [1]
bufferSum               0x200084a0   0x800  Data  Gb  main.o [1]
buffer_switch           0x20000499     0x1  Data  Gb  main.o [1]
cntBtnPress             0x20009f6d     0x1  Data  Gb  main.o [1]
cntOS                   0x20009f14     0x4  Data  Gb  stm32f7xx_it.o [1]
cntPos                  0x20009f50     0x2  Data  Gb  waverecorder.o [1]
cntPos7                 0x20009f52     0x2  Data  Gb  waverecorder.o [1]
cntRisingEXTI           0x20009f34     0x2  Data  Gb  main.o [1]
cntStrt                 0x20009f54     0x2  Data  Gb  waverecorder.o [1]
cntTime200              0x20009f42     0x2  Data  Gb  main.o [1]
exit                    0x0802b0cb     0x4  Code  Gb  exit.o [3]
flg10ms                 0x20009f6f     0x1  Data  Gb  main.o [1]
flgDlyUpd               0x20009f6c     0x1  Data  Gb  main.o [1]
flgS2                   0x20009f71     0x1  Data  Gb  main.o [1]
flgS2Flt                0x20009f74     0x1  Data  Gb  main.o [1]
flgS2Ins                0x20009f77     0x1  Data  Gb  main.o [1]
flgS3                   0x20009f72     0x1  Data  Gb  main.o [1]
flgS3Flt                0x20009f75     0x1  Data  Gb  main.o [1]
flgS3Ins                0x20009f78     0x1  Data  Gb  main.o [1]
flgS4                   0x20009f73     0x1  Data  Gb  main.o [1]
flgS4Flt                0x20009f76     0x1  Data  Gb  main.o [1]
flgS4Ins                0x20009f79     0x1  Data  Gb  main.o [1]
fmod                    0x080232f9          Code  Gb  fmod.o [6]
fmodl                   0x080232f9          Code  Gb  fmod.o [6]
hUSBDDevice             0x20009060   0x224  Data  Gb  main.o [1]
hUSBDDeviceDesc         0x20000464    0x14  Data  Gb  usbd_desc.o [1]
haudioInstance          0x200099d8    0x64  Data  Lc  usbd_audio_in.o [1]
hdma_spi5_rx            0x20009ba4    0x50  Data  Gb  waverecorder.o [1]
hdma_spi6_rx            0x20009bf4    0x50  Data  Gb  waverecorder.o [1]
hi2c1                   0x20009d04    0x3c  Data  Gb  audio_codec.o [1]
hi2c2                   0x20009d40    0x3c  Data  Gb  audio_codec.o [1]
hi2s1                   0x20009c84    0x40  Data  Gb  waverecorder.o [1]
hi2s2                   0x20009cc4    0x40  Data  Gb  waverecorder.o [1]
hi2s3                   0x20009c44    0x40  Data  Gb  waveplayer _CS43L22.o [1]
hpcd                    0x20008ca0   0x3c0  Data  Gb  usbd_conf_f4.o [1]
hspi4                   0x20009974    0x64  Data  Gb  main.o [1]
hspi5                   0x20009a3c    0x64  Data  Gb  waverecorder.o [1]
hspi6                   0x20009aa0    0x64  Data  Gb  waverecorder.o [1]
huart3                  0x2000989c    0x70  Data  Gb  main.o [1]
idxFrmPDMMic8           0x20009f4e     0x2  Data  Gb  waverecorder.o [1]
idxLatency12            0x20009f38     0x2  Data  Gb  main.o [1]
idxLatency13            0x20009f36     0x2  Data  Gb  main.o [1]
idxLatency14            0x20009f3a     0x2  Data  Gb  main.o [1]
idxLatency25            0x20009f3c     0x2  Data  Gb  main.o [1]
idxLatency63            0x20009f3e     0x2  Data  Gb  main.o [1]
idxLatency78            0x20009f40     0x2  Data  Gb  main.o [1]
idxMic7                 0x20009f4a     0x2  Data  Gb  waverecorder.o [1]
idxMic8                 0x20009f48     0x2  Data  Gb  waverecorder.o [1]
idxSPI5DataBuf3         0x20009f32     0x2  Data  Gb  main.o [1]
init_mparams            0x080267c7    0x32  Code  Lc  dlmalloc.o [3]
init_top                0x080267f9    0x34  Code  Lc  dlmalloc.o [3]
main                    0x080219c5   0x448  Code  Gb  main.o [1]
memchr                  0x08029d01          Code  Gb  memchr.o [7]
mparams                 0x20009e5c    0x18  Data  Lc  dlmalloc.o [3]
pDataMic7               0x200097a4    0x80  Data  Gb  waverecorder.o [1]
pDataMic8               0x20009724    0x80  Data  Gb  waverecorder.o [1]
pUARTBuf                0x200096a4    0x80  Data  Gb  main.o [1]
pcSTAComnd              0x20000378    0x50  Data  Gb  sta321mp.o [1]
pcSTAComnd1             0x20009f44     0x2  Data  Gb  sta321mp.o [1]
pcSTAComnd2             0x20000400    0x24  Data  Gb  sta321mp.o [1]
prepend_alloc           0x0802682d   0x36c  Code  Lc  dlmalloc.o [3]
realCoefA               0x08008a40  0x8000  Data  Lc  arm_rfft_init_f32.o [4]
realCoefB               0x08010af0  0x8000  Data  Lc  arm_rfft_init_f32.o [4]
sdramHandle             0x20009d7c    0x34  Data  Lc  stm32746g_discovery_sdram.o [1]
segment_holding         0x080267ad    0x1a  Code  Lc  dlmalloc.o [3]
sprintf                 0x080253cd    0x34  Code  Gb  sprintf.o [3]
sqrt                    0x0801fa9d          Code  Gb  sqrt.o [6]
sqrtl                   0x0801fa9d          Code  Gb  sqrt.o [6]
stDir                   0x20009f70     0x1  Data  Gb  main.o [1]
stFrstFrmStore          0x20009f6e     0x1  Data  Gb  main.o [1]
sta321mp_biquad         0x080243ff   0x160  Code  Lc  sta321mp.o [1]
sta321mp_mixer          0x080243a7    0x2a  Code  Lc  sta321mp.o [1]
sta321mp_postscale      0x080243e9    0x16  Code  Lc  sta321mp.o [1]
sta321mp_prescale       0x080243d1    0x18  Code  Lc  sta321mp.o [1]
stm32_crc               0x20000000     0x4  Data  Gb  pdm_filter.o [5]
strchr                  0x08029cb1          Code  Gb  strchr.o [7]
strlen                  0x08029cc9          Code  Gb  strlen.o [7]
swtBufUSBOut            0x20009f68     0x1  Data  Gb  audio_application.o [1]
swtSDO7                 0x20009f7d     0x1  Data  Gb  waverecorder.o [1]
swtSDO8                 0x20009f7e     0x1  Data  Gb  waverecorder.o [1]
sys_alloc               0x08026b99   0x386  Code  Lc  dlmalloc.o [3]
tmalloc_large           0x08026f2d   0x390  Code  Lc  dlmalloc.o [3]
tmalloc_small           0x080272bd   0x210  Code  Lc  dlmalloc.o [3]
twiddleCoef_4096        0x080009c8  0x8000  Data  Gb  arm_common_tables.o [4]
uwTick                  0x20009f10     0x4  Data  Lc  stm32f7xx_hal.o [1]
vRawSens1               0x20009f56     0x2  Data  Gb  waverecorder.o [1]
vRawSens2               0x20009f58     0x2  Data  Gb  waverecorder.o [1]
vRawSens3               0x20009f5c     0x2  Data  Gb  waverecorder.o [1]
vRawSens4               0x20009f5a     0x2  Data  Gb  waverecorder.o [1]
vRawSens5               0x20009f5e     0x2  Data  Gb  waverecorder.o [1]
vRawSens6               0x20009f60     0x2  Data  Gb  waverecorder.o [1]
vol_table               0x0802ae38    0x84  Data  Gb  usbd_audio_if.o [1]
volume                  0x2000049c     0x1  Data  Gb  waveplayer _CS43L22.o [1]


[1] = H:\PhanLeSon\ActivNoise\Microphone\F7\Mic_Array_Project\Mic_Array\Projects\STM32746G\Applications\Audio\Mic_Array\EWARM\STM32F7\Obj
[2] = command line
[3] = dl7M_tlf.a
[4] = iar_cortexM7ls_math.a
[5] = libPDMFilter_CM7_IAR.a
[6] = m7M_tls.a
[7] = rt7M_tl.a
[8] = shb_l.a

  108 840 bytes of readonly  code memory
   68 884 bytes of readonly  data memory
   57 219 bytes of readwrite data memory (+ 131 552 absolute)

Errors: none
Warnings: none
