###############################################################################
#
# IAR ELF Linker V7.50.2.10312/W32 for ARM                12/Apr/2016  09:55:54
# Copyright 2007-2015 IAR Systems AB.
#
#    Output file  =  
#        D:\sop1hc\Github\data\Mic_Array_V00\USB_STREAMING\Mic_Array\Projects\STM32746G\Applications\Audio\Mic_Array\EWARM\STM32F7\Exe\Project.out
#    Map file     =  
#        D:\sop1hc\Github\data\Mic_Array_V00\USB_STREAMING\Mic_Array\Projects\STM32746G\Applications\Audio\Mic_Array\EWARM\STM32F7\List\Project.map
#    Command line =  
#        D:\sop1hc\Github\data\Mic_Array_V00\USB_STREAMING\Mic_Array\Projects\STM32746G\Applications\Audio\Mic_Array\EWARM\STM32F7\Obj\audio_application.o
#        D:\sop1hc\Github\data\Mic_Array_V00\USB_STREAMING\Mic_Array\Projects\STM32746G\Applications\Audio\Mic_Array\EWARM\STM32F7\Obj\audio_codec.o
#        D:\sop1hc\Github\data\Mic_Array_V00\USB_STREAMING\Mic_Array\Projects\STM32746G\Applications\Audio\Mic_Array\EWARM\STM32F7\Obj\DSP.o
#        D:\sop1hc\Github\data\Mic_Array_V00\USB_STREAMING\Mic_Array\Projects\STM32746G\Applications\Audio\Mic_Array\EWARM\STM32F7\Obj\ff.o
#        D:\sop1hc\Github\data\Mic_Array_V00\USB_STREAMING\Mic_Array\Projects\STM32746G\Applications\Audio\Mic_Array\EWARM\STM32F7\Obj\ft5336.o
#        D:\sop1hc\Github\data\Mic_Array_V00\USB_STREAMING\Mic_Array\Middlewares\ST\STM32_Audio\Addons\PDM\libPDMFilter_CM7_IAR.a
#        D:\sop1hc\Github\data\Mic_Array_V00\USB_STREAMING\Mic_Array\Projects\STM32746G\Applications\Audio\Mic_Array\EWARM\STM32F7\Obj\main.o
#        D:\sop1hc\Github\data\Mic_Array_V00\USB_STREAMING\Mic_Array\Projects\STM32746G\Applications\Audio\Mic_Array\EWARM\STM32F7\Obj\sta321mp.o
#        D:\sop1hc\Github\data\Mic_Array_V00\USB_STREAMING\Mic_Array\Projects\STM32746G\Applications\Audio\Mic_Array\EWARM\STM32F7\Obj\startup_stm32f746xx.o
#        D:\sop1hc\Github\data\Mic_Array_V00\USB_STREAMING\Mic_Array\Projects\STM32746G\Applications\Audio\Mic_Array\EWARM\STM32F7\Obj\stm32746g_discovery.o
#        D:\sop1hc\Github\data\Mic_Array_V00\USB_STREAMING\Mic_Array\Projects\STM32746G\Applications\Audio\Mic_Array\EWARM\STM32F7\Obj\stm32746g_discovery_lcd.o
#        D:\sop1hc\Github\data\Mic_Array_V00\USB_STREAMING\Mic_Array\Projects\STM32746G\Applications\Audio\Mic_Array\EWARM\STM32F7\Obj\stm32746g_discovery_sdram.o
#        D:\sop1hc\Github\data\Mic_Array_V00\USB_STREAMING\Mic_Array\Projects\STM32746G\Applications\Audio\Mic_Array\EWARM\STM32F7\Obj\stm32746g_discovery_ts.o
#        D:\sop1hc\Github\data\Mic_Array_V00\USB_STREAMING\Mic_Array\Projects\STM32746G\Applications\Audio\Mic_Array\EWARM\STM32F7\Obj\stm32f7xx_hal.o
#        D:\sop1hc\Github\data\Mic_Array_V00\USB_STREAMING\Mic_Array\Projects\STM32746G\Applications\Audio\Mic_Array\EWARM\STM32F7\Obj\stm32f7xx_hal_cortex.o
#        D:\sop1hc\Github\data\Mic_Array_V00\USB_STREAMING\Mic_Array\Projects\STM32746G\Applications\Audio\Mic_Array\EWARM\STM32F7\Obj\stm32f7xx_hal_dma.o
#        D:\sop1hc\Github\data\Mic_Array_V00\USB_STREAMING\Mic_Array\Projects\STM32746G\Applications\Audio\Mic_Array\EWARM\STM32F7\Obj\stm32f7xx_hal_dma2d.o
#        D:\sop1hc\Github\data\Mic_Array_V00\USB_STREAMING\Mic_Array\Projects\STM32746G\Applications\Audio\Mic_Array\EWARM\STM32F7\Obj\stm32f7xx_hal_dma_ex.o
#        D:\sop1hc\Github\data\Mic_Array_V00\USB_STREAMING\Mic_Array\Projects\STM32746G\Applications\Audio\Mic_Array\EWARM\STM32F7\Obj\stm32f7xx_hal_flash.o
#        D:\sop1hc\Github\data\Mic_Array_V00\USB_STREAMING\Mic_Array\Projects\STM32746G\Applications\Audio\Mic_Array\EWARM\STM32F7\Obj\stm32f7xx_hal_flash_ex.o
#        D:\sop1hc\Github\data\Mic_Array_V00\USB_STREAMING\Mic_Array\Projects\STM32746G\Applications\Audio\Mic_Array\EWARM\STM32F7\Obj\stm32f7xx_hal_gpio.o
#        D:\sop1hc\Github\data\Mic_Array_V00\USB_STREAMING\Mic_Array\Projects\STM32746G\Applications\Audio\Mic_Array\EWARM\STM32F7\Obj\stm32f7xx_hal_hcd.o
#        D:\sop1hc\Github\data\Mic_Array_V00\USB_STREAMING\Mic_Array\Projects\STM32746G\Applications\Audio\Mic_Array\EWARM\STM32F7\Obj\stm32f7xx_hal_i2c.o
#        D:\sop1hc\Github\data\Mic_Array_V00\USB_STREAMING\Mic_Array\Projects\STM32746G\Applications\Audio\Mic_Array\EWARM\STM32F7\Obj\stm32f7xx_hal_i2c_ex.o
#        D:\sop1hc\Github\data\Mic_Array_V00\USB_STREAMING\Mic_Array\Projects\STM32746G\Applications\Audio\Mic_Array\EWARM\STM32F7\Obj\stm32f7xx_hal_i2s.o
#        D:\sop1hc\Github\data\Mic_Array_V00\USB_STREAMING\Mic_Array\Projects\STM32746G\Applications\Audio\Mic_Array\EWARM\STM32F7\Obj\stm32f7xx_hal_ltdc.o
#        D:\sop1hc\Github\data\Mic_Array_V00\USB_STREAMING\Mic_Array\Projects\STM32746G\Applications\Audio\Mic_Array\EWARM\STM32F7\Obj\stm32f7xx_hal_pcd.o
#        D:\sop1hc\Github\data\Mic_Array_V00\USB_STREAMING\Mic_Array\Projects\STM32746G\Applications\Audio\Mic_Array\EWARM\STM32F7\Obj\stm32f7xx_hal_pcd_ex.o
#        D:\sop1hc\Github\data\Mic_Array_V00\USB_STREAMING\Mic_Array\Projects\STM32746G\Applications\Audio\Mic_Array\EWARM\STM32F7\Obj\stm32f7xx_hal_pwr.o
#        D:\sop1hc\Github\data\Mic_Array_V00\USB_STREAMING\Mic_Array\Projects\STM32746G\Applications\Audio\Mic_Array\EWARM\STM32F7\Obj\stm32f7xx_hal_pwr_ex.o
#        D:\sop1hc\Github\data\Mic_Array_V00\USB_STREAMING\Mic_Array\Projects\STM32746G\Applications\Audio\Mic_Array\EWARM\STM32F7\Obj\stm32f7xx_hal_rcc.o
#        D:\sop1hc\Github\data\Mic_Array_V00\USB_STREAMING\Mic_Array\Projects\STM32746G\Applications\Audio\Mic_Array\EWARM\STM32F7\Obj\stm32f7xx_hal_rcc_ex.o
#        D:\sop1hc\Github\data\Mic_Array_V00\USB_STREAMING\Mic_Array\Projects\STM32746G\Applications\Audio\Mic_Array\EWARM\STM32F7\Obj\stm32f7xx_hal_sai.o
#        D:\sop1hc\Github\data\Mic_Array_V00\USB_STREAMING\Mic_Array\Projects\STM32746G\Applications\Audio\Mic_Array\EWARM\STM32F7\Obj\stm32f7xx_hal_sai_ex.o
#        D:\sop1hc\Github\data\Mic_Array_V00\USB_STREAMING\Mic_Array\Projects\STM32746G\Applications\Audio\Mic_Array\EWARM\STM32F7\Obj\stm32f7xx_hal_sdram.o
#        D:\sop1hc\Github\data\Mic_Array_V00\USB_STREAMING\Mic_Array\Projects\STM32746G\Applications\Audio\Mic_Array\EWARM\STM32F7\Obj\stm32f7xx_hal_spi.o
#        D:\sop1hc\Github\data\Mic_Array_V00\USB_STREAMING\Mic_Array\Projects\STM32746G\Applications\Audio\Mic_Array\EWARM\STM32F7\Obj\stm32f7xx_hal_sram.o
#        D:\sop1hc\Github\data\Mic_Array_V00\USB_STREAMING\Mic_Array\Projects\STM32746G\Applications\Audio\Mic_Array\EWARM\STM32F7\Obj\stm32f7xx_hal_tim.o
#        D:\sop1hc\Github\data\Mic_Array_V00\USB_STREAMING\Mic_Array\Projects\STM32746G\Applications\Audio\Mic_Array\EWARM\STM32F7\Obj\stm32f7xx_hal_tim_ex.o
#        D:\sop1hc\Github\data\Mic_Array_V00\USB_STREAMING\Mic_Array\Projects\STM32746G\Applications\Audio\Mic_Array\EWARM\STM32F7\Obj\stm32f7xx_hal_uart.o
#        D:\sop1hc\Github\data\Mic_Array_V00\USB_STREAMING\Mic_Array\Projects\STM32746G\Applications\Audio\Mic_Array\EWARM\STM32F7\Obj\stm32f7xx_it.o
#        D:\sop1hc\Github\data\Mic_Array_V00\USB_STREAMING\Mic_Array\Projects\STM32746G\Applications\Audio\Mic_Array\EWARM\STM32F7\Obj\stm32f7xx_ll_fmc.o
#        D:\sop1hc\Github\data\Mic_Array_V00\USB_STREAMING\Mic_Array\Projects\STM32746G\Applications\Audio\Mic_Array\EWARM\STM32F7\Obj\stm32f7xx_ll_usb.o
#        D:\sop1hc\Github\data\Mic_Array_V00\USB_STREAMING\Mic_Array\Projects\STM32746G\Applications\Audio\Mic_Array\EWARM\STM32F7\Obj\system_stm32f7xx.o
#        D:\sop1hc\Github\data\Mic_Array_V00\USB_STREAMING\Mic_Array\Projects\STM32746G\Applications\Audio\Mic_Array\EWARM\STM32F7\Obj\usbd_audio_if.o
#        D:\sop1hc\Github\data\Mic_Array_V00\USB_STREAMING\Mic_Array\Projects\STM32746G\Applications\Audio\Mic_Array\EWARM\STM32F7\Obj\usbd_audio_in.o
#        D:\sop1hc\Github\data\Mic_Array_V00\USB_STREAMING\Mic_Array\Projects\STM32746G\Applications\Audio\Mic_Array\EWARM\STM32F7\Obj\usbd_conf_f4.o
#        D:\sop1hc\Github\data\Mic_Array_V00\USB_STREAMING\Mic_Array\Projects\STM32746G\Applications\Audio\Mic_Array\EWARM\STM32F7\Obj\usbd_core.o
#        D:\sop1hc\Github\data\Mic_Array_V00\USB_STREAMING\Mic_Array\Projects\STM32746G\Applications\Audio\Mic_Array\EWARM\STM32F7\Obj\usbd_ctlreq.o
#        D:\sop1hc\Github\data\Mic_Array_V00\USB_STREAMING\Mic_Array\Projects\STM32746G\Applications\Audio\Mic_Array\EWARM\STM32F7\Obj\usbd_desc.o
#        D:\sop1hc\Github\data\Mic_Array_V00\USB_STREAMING\Mic_Array\Projects\STM32746G\Applications\Audio\Mic_Array\EWARM\STM32F7\Obj\usbd_ioreq.o
#        D:\sop1hc\Github\data\Mic_Array_V00\USB_STREAMING\Mic_Array\Projects\STM32746G\Applications\Audio\Mic_Array\EWARM\STM32F7\Obj\usbh_conf.o
#        D:\sop1hc\Github\data\Mic_Array_V00\USB_STREAMING\Mic_Array\Projects\STM32746G\Applications\Audio\Mic_Array\EWARM\STM32F7\Obj\usbh_core.o
#        D:\sop1hc\Github\data\Mic_Array_V00\USB_STREAMING\Mic_Array\Projects\STM32746G\Applications\Audio\Mic_Array\EWARM\STM32F7\Obj\usbh_ctlreq.o
#        D:\sop1hc\Github\data\Mic_Array_V00\USB_STREAMING\Mic_Array\Projects\STM32746G\Applications\Audio\Mic_Array\EWARM\STM32F7\Obj\usbh_diskio.o
#        D:\sop1hc\Github\data\Mic_Array_V00\USB_STREAMING\Mic_Array\Projects\STM32746G\Applications\Audio\Mic_Array\EWARM\STM32F7\Obj\usbh_ioreq.o
#        D:\sop1hc\Github\data\Mic_Array_V00\USB_STREAMING\Mic_Array\Projects\STM32746G\Applications\Audio\Mic_Array\EWARM\STM32F7\Obj\usbh_msc.o
#        D:\sop1hc\Github\data\Mic_Array_V00\USB_STREAMING\Mic_Array\Projects\STM32746G\Applications\Audio\Mic_Array\EWARM\STM32F7\Obj\usbh_msc_bot.o
#        D:\sop1hc\Github\data\Mic_Array_V00\USB_STREAMING\Mic_Array\Projects\STM32746G\Applications\Audio\Mic_Array\EWARM\STM32F7\Obj\usbh_msc_scsi.o
#        D:\sop1hc\Github\data\Mic_Array_V00\USB_STREAMING\Mic_Array\Projects\STM32746G\Applications\Audio\Mic_Array\EWARM\STM32F7\Obj\usbh_pipes.o
#        "D:\sop1hc\Github\data\Mic_Array_V00\USB_STREAMING\Mic_Array\Projects\STM32746G\Applications\Audio\Mic_Array\EWARM\STM32F7\Obj\waveplayer
#        _CS43L22.o"
#        D:\sop1hc\Github\data\Mic_Array_V00\USB_STREAMING\Mic_Array\Projects\STM32746G\Applications\Audio\Mic_Array\EWARM\STM32F7\Obj\waverecorder.o
#        --redirect _Printf=_PrintfSmall --redirect _Scanf=_ScanfSmall -o
#        D:\sop1hc\Github\data\Mic_Array_V00\USB_STREAMING\Mic_Array\Projects\STM32746G\Applications\Audio\Mic_Array\EWARM\STM32F7\Exe\Project.out
#        --map
#        D:\sop1hc\Github\data\Mic_Array_V00\USB_STREAMING\Mic_Array\Projects\STM32746G\Applications\Audio\Mic_Array\EWARM\STM32F7\List\Project.map
#        --config
#        D:\sop1hc\Github\data\Mic_Array_V00\USB_STREAMING\Mic_Array\Projects\STM32746G\Applications\Audio\Mic_Array\EWARM\Project.icf
#        --semihosting --entry __iar_program_start --no_exceptions "D:\Program
#        Files (x86)\IAR Systems\Embedded Workbench
#        7.3\arm\CMSIS\Lib\IAR\iar_cortexM7ls_math.a" --vfe
#
###############################################################################

*******************************************************************************
*** RUNTIME MODEL ATTRIBUTES
***

CppFlavor                     = *
__Heap_Handler                = DLMalloc
__SystemLibrary               = DLib
__dlib_dynamic_initialization = normal


*******************************************************************************
*** PLACEMENT SUMMARY
***

"A1":  place at 0x08000000 { ro section .intvec };
"P1":  place in [from 0x00000000 to 0x00000000] |
                [from 0x08000000 to 0x080fffff] { ro };
"P3":  place in [from 0x20000000 to 0x2000ffff] |
                [from 0x20010000 to 0x2004ffff] { rw, block CSTACK, block HEAP };

  Section             Kind        Address     Size  Object
  -------             ----        -------     ----  ------
"A1":                                        0x1c8
  .intvec             ro code  0x08000000    0x1c8  startup_stm32f746xx.o [1]
                             - 0x080001c8    0x1c8

"P1":                                      0x1f289
  .rodata             const    0x080001c8  0x13458  arm_common_tables.o [4]
  .text               ro code  0x08013620   0x14f0  dlmalloc.o [3]
  .text               ro code  0x08014b10      0x6  abort.o [3]
  .text               ro code  0x08014b18     0x2c  xgetmemchunk.o [3]
  .text               ro code  0x08014b44     0x14  exit.o [8]
  .text               ro code  0x08014b58     0x30  iarttio.o [8]
  .text               ro code  0x08014b88      0x8  XShttio.o [3]
  .text               ro code  0x08014b90    0xf38  waverecorder.o [1]
  .text               ro code  0x08015ac8    0x6c4  main.o [1]
  .text               ro code  0x0801618c    0x22c  stm32f7xx_hal_gpio.o [1]
  .text               ro code  0x080163b8    0x550  pdm_filter.o [5]
  .text               ro code  0x08016908    0x110  stm32f7xx_hal_i2s.o [1]
  .text               ro code  0x08016a18    0x7d4  stm32f7xx_hal_spi.o [1]
  .text               ro code  0x080171ec     0xd0  stm32f7xx_hal_cortex.o [1]
  .text               ro code  0x080172bc    0x314  stm32f7xx_hal_dma.o [1]
  .text               ro code  0x080175d0     0x80  stm32f7xx_hal.o [1]
  .text               ro code  0x08017650    0x664  stm32f7xx_hal_rcc_ex.o [1]
  .text               ro code  0x08017cb4     0xcc  stm32746g_discovery.o [1]
  .text               ro code  0x08017d80    0x144  arm_rfft_fast_init_f32.o [4]
  .text               ro code  0x08017ec4    0x84c  usbd_audio_in.o [1]
  .text               ro code  0x08018710    0x2a6  usbd_core.o [1]
  .text               ro code  0x080189b8     0x64  waveplayer _CS43L22.o [1]
  .text               ro code  0x08018a1c    0xaa4  sta321mp.o [1]
  .text               ro code  0x080194c0    0x8e4  DSP.o [1]
  .text               ro code  0x08019da4    0xa10  audio_codec.o [1]
  .text               ro code  0x0801a7b4    0x228  audio_application.o [1]
  .text               ro code  0x0801a9dc    0x5d8  stm32f7xx_hal_rcc.o [1]
  .text               ro code  0x0801afb4     0x78  stm32f7xx_hal_pwr_ex.o [1]
  .text               ro code  0x0801b02c    0xa18  stm32f7xx_hal_i2c.o [1]
  .text               ro code  0x0801ba44     0x1c  FltCmpEq.o [6]
  .text               ro code  0x0801ba60      0xe  U32ToFlt.o [6]
  .text               ro code  0x0801ba70     0x24  FltCmpLe.o [6]
  .text               ro code  0x0801ba94     0x12  FltMul.o [6]
  .text               ro code  0x0801baa8     0x4e  FltToDbl.o [6]
  .text               ro code  0x0801baf8     0x30  I32ToDbl.o [6]
  .text               ro code  0x0801bb28    0x256  DblDiv.o [6]
  .text               ro code  0x0801bd80     0xe8  DblAdd.o [6]
  .text               ro code  0x0801be68     0x4c  DblToI32.o [6]
  .text               ro code  0x0801beb4    0x1a2  DblMul.o [6]
  .text               ro code  0x0801c058     0x90  DblToFlt.o [6]
  .text               ro code  0x0801c0e8    0x462  xsin.o [6]
  .text               ro code  0x0801c54c    0x180  DblSub.o [6]
  .text               ro code  0x0801c6cc     0xf0  sqrt.o [6]
  .text               ro code  0x0801c7bc    0x242  usbd_conf_f4.o [1]
  .text               ro code  0x0801c9fe     0x9c  usbd_ioreq.o [1]
  .text               ro code  0x0801ca9c    0x454  usbd_ctlreq.o [1]
  .text               ro code  0x0801cef0      0x6  ABImemclr.o [7]
  .text               ro code  0x0801cef8     0x76  ABImemcpy_unaligned.o [7]
  .text               ro code  0x0801cf70    0x132  I64DivMod.o [7]
  .text               ro code  0x0801d0a2     0x76  stm32f7xx_hal_i2c_ex.o [1]
  .text               ro code  0x0801d118     0xe0  usbd_audio_if.o [1]
  .text               ro code  0x0801d1f8     0x2e  DblCmpLe.o [6]
  .text               ro code  0x0801d228     0x2e  DblCmpGe.o [6]
  .text               ro code  0x0801d258      0xc  errno.o [3]
  .text               ro code  0x0801d264    0x168  xquad.o [6]
  .text               ro code  0x0801d3cc      0xc  iarEdom.o [7]
  .text               ro code  0x0801d3d8    0x842  stm32f7xx_hal_pcd.o [1]
  .text               ro code  0x0801dc1c     0x72  stm32f7xx_hal_pcd_ex.o [1]
  .text               ro code  0x0801dc90     0x5e  ABImemset.o [7]
  .text               ro code  0x0801dcf0      0x2  I64DivZer.o [7]
  .text               ro code  0x0801dcf2      0x2  xtls.o [3]
  .text               ro code  0x0801dcf4     0x7a  xdint.o [6]
  .text               ro code  0x0801dd70     0x20  DblCmpEq.o [6]
  .text               ro code  0x0801dd90    0x1a8  fmod.o [6]
  .text               ro code  0x0801df38    0x928  stm32f7xx_ll_usb.o [1]
  .text               ro code  0x0801e860    0x23e  stm32f7xx_hal_uart.o [1]
  .text               ro code  0x0801ea9e    0x1c4  lz77_init.o [7]
  .text               ro code  0x0801ec64     0xf0  usbd_desc.o [1]
  .text               ro code  0x0801ed54     0xc0  arm_bitreversal2.o [4]
  .text               ro code  0x0801ee14     0x68  stm32f7xx_it.o [1]
  .text               ro code  0x0801ee7c     0x4c  system_stm32f7xx.o [1]
  .text               ro code  0x0801eec8     0x40  zero_init3.o [7]
  .text               ro code  0x0801ef08     0x28  data_init.o [7]
  .text               ro code  0x0801ef30     0x22  fpinit_M.o [6]
  .iar.init_table     const    0x0801ef54     0x2c  - Linker created -
  .text               ro code  0x0801ef80     0x1a  cmain.o [7]
  .text               ro code  0x0801ef9a      0x4  low_level_init.o [3]
  .text               ro code  0x0801ef9e      0x4  exit.o [3]
  .text               ro code  0x0801efa4      0xa  cexit.o [7]
  .text               ro code  0x0801efb0     0x10  startup_stm32f746xx.o [1]
  .text               ro code  0x0801efc0      0xc  cstartup_M.o [7]
  .text               ro code  0x0801efcc      0x4  startup_stm32f746xx.o [1]
  .text               ro code  0x0801efd0      0x4  startup_stm32f746xx.o [1]
  .text               ro code  0x0801efd4      0x4  startup_stm32f746xx.o [1]
  .text               ro code  0x0801efd8      0x4  startup_stm32f746xx.o [1]
  .text               ro code  0x0801efdc      0x4  startup_stm32f746xx.o [1]
  .text               ro code  0x0801efe0      0x4  startup_stm32f746xx.o [1]
  .text               ro code  0x0801efe4      0x4  startup_stm32f746xx.o [1]
  .text               ro code  0x0801efe8      0x4  startup_stm32f746xx.o [1]
  .text               ro code  0x0801efec      0x4  startup_stm32f746xx.o [1]
  .text               ro code  0x0801eff0      0x4  startup_stm32f746xx.o [1]
  .text               ro code  0x0801eff4      0x4  startup_stm32f746xx.o [1]
  .text               ro code  0x0801eff8      0x4  startup_stm32f746xx.o [1]
  .text               ro code  0x0801effc      0x4  startup_stm32f746xx.o [1]
  .text               ro code  0x0801f000      0x4  startup_stm32f746xx.o [1]
  .text               ro code  0x0801f004      0x4  startup_stm32f746xx.o [1]
  .text               ro code  0x0801f008      0x4  startup_stm32f746xx.o [1]
  .text               ro code  0x0801f00c      0x4  startup_stm32f746xx.o [1]
  .text               ro code  0x0801f010      0x4  startup_stm32f746xx.o [1]
  .text               ro code  0x0801f014      0x4  startup_stm32f746xx.o [1]
  .text               ro code  0x0801f018      0x4  startup_stm32f746xx.o [1]
  .text               ro code  0x0801f01c      0x4  startup_stm32f746xx.o [1]
  .text               ro code  0x0801f020      0x4  startup_stm32f746xx.o [1]
  .text               ro code  0x0801f024      0x4  startup_stm32f746xx.o [1]
  .text               ro code  0x0801f028      0x4  startup_stm32f746xx.o [1]
  .text               ro code  0x0801f02c      0x4  startup_stm32f746xx.o [1]
  .text               ro code  0x0801f030      0x4  startup_stm32f746xx.o [1]
  .text               ro code  0x0801f034      0x4  startup_stm32f746xx.o [1]
  .text               ro code  0x0801f038      0x4  startup_stm32f746xx.o [1]
  .text               ro code  0x0801f03c      0x4  startup_stm32f746xx.o [1]
  .text               ro code  0x0801f040      0x4  startup_stm32f746xx.o [1]
  .text               ro code  0x0801f044      0x4  startup_stm32f746xx.o [1]
  .text               ro code  0x0801f048      0x4  startup_stm32f746xx.o [1]
  .text               ro code  0x0801f04c      0x4  startup_stm32f746xx.o [1]
  .text               ro code  0x0801f050      0x4  startup_stm32f746xx.o [1]
  .text               ro code  0x0801f054      0x4  startup_stm32f746xx.o [1]
  .text               ro code  0x0801f058      0x4  startup_stm32f746xx.o [1]
  .text               ro code  0x0801f05c      0x4  startup_stm32f746xx.o [1]
  .text               ro code  0x0801f060      0x4  startup_stm32f746xx.o [1]
  .text               ro code  0x0801f064      0x4  startup_stm32f746xx.o [1]
  .text               ro code  0x0801f068      0x4  startup_stm32f746xx.o [1]
  .text               ro code  0x0801f06c      0x4  startup_stm32f746xx.o [1]
  .text               ro code  0x0801f070      0x4  startup_stm32f746xx.o [1]
  .text               ro code  0x0801f074      0x4  startup_stm32f746xx.o [1]
  .text               ro code  0x0801f078      0x4  startup_stm32f746xx.o [1]
  .text               ro code  0x0801f07c      0x4  startup_stm32f746xx.o [1]
  .text               ro code  0x0801f080      0x4  startup_stm32f746xx.o [1]
  .text               ro code  0x0801f084      0x4  startup_stm32f746xx.o [1]
  .text               ro code  0x0801f088      0x4  startup_stm32f746xx.o [1]
  .text               ro code  0x0801f08c      0x4  startup_stm32f746xx.o [1]
  .text               ro code  0x0801f090      0x4  startup_stm32f746xx.o [1]
  .text               ro code  0x0801f094      0x4  startup_stm32f746xx.o [1]
  .text               ro code  0x0801f098      0x4  startup_stm32f746xx.o [1]
  .text               ro code  0x0801f09c      0x4  startup_stm32f746xx.o [1]
  .text               ro code  0x0801f0a0      0x4  startup_stm32f746xx.o [1]
  .text               ro code  0x0801f0a4      0x4  startup_stm32f746xx.o [1]
  .text               ro code  0x0801f0a8      0x4  startup_stm32f746xx.o [1]
  .text               ro code  0x0801f0ac      0x4  startup_stm32f746xx.o [1]
  .text               ro code  0x0801f0b0      0x4  startup_stm32f746xx.o [1]
  .text               ro code  0x0801f0b4      0x4  startup_stm32f746xx.o [1]
  .text               ro code  0x0801f0b8      0x4  startup_stm32f746xx.o [1]
  .text               ro code  0x0801f0bc      0x4  startup_stm32f746xx.o [1]
  .text               ro code  0x0801f0c0      0x4  startup_stm32f746xx.o [1]
  .text               ro code  0x0801f0c4      0x4  startup_stm32f746xx.o [1]
  .text               ro code  0x0801f0c8      0x4  startup_stm32f746xx.o [1]
  .text               ro code  0x0801f0cc      0x4  startup_stm32f746xx.o [1]
  .text               ro code  0x0801f0d0      0x4  startup_stm32f746xx.o [1]
  .text               ro code  0x0801f0d4      0x4  startup_stm32f746xx.o [1]
  .text               ro code  0x0801f0d8      0x4  startup_stm32f746xx.o [1]
  .text               ro code  0x0801f0dc      0x4  startup_stm32f746xx.o [1]
  .text               ro code  0x0801f0e0      0x4  startup_stm32f746xx.o [1]
  .text               ro code  0x0801f0e4      0x4  startup_stm32f746xx.o [1]
  .text               ro code  0x0801f0e8      0x4  startup_stm32f746xx.o [1]
  .text               ro code  0x0801f0ec      0x4  startup_stm32f746xx.o [1]
  .text               ro code  0x0801f0f0      0x4  startup_stm32f746xx.o [1]
  .text               ro code  0x0801f0f4      0x4  startup_stm32f746xx.o [1]
  .text               ro code  0x0801f0f8      0x4  startup_stm32f746xx.o [1]
  .text               ro code  0x0801f0fc      0x4  startup_stm32f746xx.o [1]
  .rodata             const    0x0801f100      0x0  zero_init3.o [7]
  .rodata             const    0x0801f100      0x0  lz77_init.o [7]
  Initializer bytes   const    0x0801f100    0x351  <for P3 s0>
                             - 0x0801f451  0x1f289

"P3", part 1 of 3:                          0x1785
  P3 s0                        0x20010000   0x1785  <Init block>
    .data             inited   0x20010000   0x1280  main.o [1]
    .data             inited   0x20011280    0x304  pdm_filter.o [5]
    .data             inited   0x20011584     0xa4  audio_codec.o [1]
    .data             inited   0x20011628     0x9c  sta321mp.o [1]
    .data             inited   0x200116c4     0x38  usbd_audio_in.o [1]
    .data             inited   0x200116fc     0x24  usbd_audio_if.o [1]
    .data             inited   0x20011720     0x1c  usbd_desc.o [1]
    .data             inited   0x2001173c     0x14  system_stm32f7xx.o [1]
    .data             inited   0x20011750     0x14  usbd_desc.o [1]
    .data             inited   0x20011764      0xc  usbd_audio_in.o [1]
    .data             inited   0x20011770      0x8  XShttio.o [3]
    .data             inited   0x20011778      0x4  main.o [1]
    .data             inited   0x2001177c      0x4  usbd_desc.o [1]
    __DLIB_PERTHREAD  inited   0x20011780      0x4  errno.o [3]
    .data             inited   0x20011784      0x1  waveplayer _CS43L22.o [1]
                             - 0x20011785   0x1785

"P3", part 2 of 3:                         0x1fde4
  .bss                zero     0x20011788  0x14000  waverecorder.o [1]
  .bss                zero     0x20025788   0x4000  audio_application.o [1]
  .bss                zero     0x20029788   0x4000  audio_application.o [1]
  .bss                zero     0x2002d788   0x3014  main.o [1]
  .bss                zero     0x2003079c    0x3c0  usbd_conf_f4.o [1]
  .bss                zero     0x20030b5c    0x260  usbd_audio_in.o [1]
  .bss                zero     0x20030dbc    0x244  waverecorder.o [1]
  .bss                zero     0x20031000    0x1d8  dlmalloc.o [3]
  .bss                zero     0x200311d8     0xc8  usbd_desc.o [1]
  .bss                zero     0x200312a0     0xb0  waverecorder.o [1]
  .bss                zero     0x20031350     0x98  waverecorder.o [1]
  .bss                zero     0x200313e8     0x70  main.o [1]
  .bss                zero     0x20031458     0x64  main.o [1]
  .bss                zero     0x200314bc     0x40  waveplayer _CS43L22.o [1]
  .bss                zero     0x200314fc     0x3c  audio_codec.o [1]
  .bss                zero     0x20031538     0x18  dlmalloc.o [3]
  .bss                zero     0x20031550      0x4  DSP.o [1]
  .bss                zero     0x20031554      0x4  stm32f7xx_hal.o [1]
  .bss                zero     0x20031558      0x4  stm32f7xx_it.o [1]
  .bss                zero     0x2003155c      0x4  xgetmemchunk.o [3]
  .bss                zero     0x20031560      0x2  main.o [1]
  .bss                zero     0x20031562      0x2  waverecorder.o [1]
  .bss                zero     0x20031564      0x2  waverecorder.o [1]
  .bss                zero     0x20031566      0x1  audio_application.o [1]
  .bss                zero     0x20031567      0x1  usbd_ctlreq.o [1]
  .bss                zero     0x20031568      0x1  waverecorder.o [1]
                             - 0x20031569  0x1fde1

"P3", part 3 of 3:                          0x4000
  CSTACK                       0x20031570   0x2000  <Block>
    CSTACK            uninit   0x20031570   0x2000  <Block tail>
  HEAP                         0x20033570   0x2000  <Block>
    HEAP              uninit   0x20033570   0x2000  <Block tail>
                             - 0x20035570   0x4000


*******************************************************************************
*** INIT TABLE
***

          Address     Size
          -------     ----
Zero (__iar_zero_init3)
    1 destination range, total size 0x1fde1:
          0x20011788  0x1fde1

Copy/lz77 (__iar_lz77_init3)
    1 source range, total size 0x351 (14% of destination):
          0x0801f100    0x351
    1 destination range, total size 0x1785:
          0x20010000   0x1785



*******************************************************************************
*** MODULE SUMMARY
***

    Module                    ro code  ro data  rw data
    ------                    -------  -------  -------
D:\sop1hc\Github\data\Mic_Array_V00\USB_STREAMING\Mic_Array\Projects\STM32746G\Applications\Audio\Mic_Array\EWARM\STM32F7\Obj: [1]
    DSP.o                       2 276                 4
    audio_application.o           552            32 769
    audio_codec.o               2 576       23      224
    main.o                      1 732      667   17 262
    sta321mp.o                  2 724       22      156
    startup_stm32f746xx.o         780
    stm32746g_discovery.o         204
    stm32f7xx_hal.o               128                 4
    stm32f7xx_hal_cortex.o        208
    stm32f7xx_hal_dma.o           788
    stm32f7xx_hal_gpio.o          556
    stm32f7xx_hal_i2c.o         2 584
    stm32f7xx_hal_i2c_ex.o        118
    stm32f7xx_hal_i2s.o           272
    stm32f7xx_hal_pcd.o         2 114
    stm32f7xx_hal_pcd_ex.o        114
    stm32f7xx_hal_pwr_ex.o        120
    stm32f7xx_hal_rcc.o         1 496
    stm32f7xx_hal_rcc_ex.o      1 636
    stm32f7xx_hal_spi.o         2 004
    stm32f7xx_hal_uart.o          574
    stm32f7xx_it.o                104                 4
    stm32f7xx_ll_usb.o          2 344
    system_stm32f7xx.o             76        3       20
    usbd_audio_if.o               224        5       36
    usbd_audio_in.o             2 124       10      676
    usbd_conf_f4.o                578               960
    usbd_core.o                   678
    usbd_ctlreq.o               1 108                 1
    usbd_desc.o                   240        8      252
    usbd_ioreq.o                  156
    waveplayer _CS43L22.o         100        1       65
    waverecorder.o              3 896            82 833
    ---------------------------------------------------
    Total:                     35 184      739  135 266

command line: [2]
    ---------------------------------------------------
    Total:

dl7M_tlf.a: [3]
    XShttio.o                       8        1        8
    abort.o                         6
    dlmalloc.o                  5 360               496
    errno.o                        12                 4
    exit.o                          4
    low_level_init.o                4
    xgetmemchunk.o                 44                 4
    xtls.o                          2
    ---------------------------------------------------
    Total:                      5 440        1      512

iar_cortexM7ls_math.a: [4]
    arm_bitreversal2.o            192
    arm_common_tables.o                 78 936
    arm_rfft_fast_init_f32.o      324
    ---------------------------------------------------
    Total:                        516   78 936

libPDMFilter_CM7_IAR.a: [5]
    pdm_filter.o                1 360      109      772
    ---------------------------------------------------
    Total:                      1 360      109      772

m7M_tls.a: [6]
    DblAdd.o                      232
    DblCmpEq.o                     32
    DblCmpGe.o                     46
    DblCmpLe.o                     46
    DblDiv.o                      598
    DblMul.o                      418
    DblSub.o                      384
    DblToFlt.o                    144
    DblToI32.o                     76
    FltCmpEq.o                     28
    FltCmpLe.o                     36
    FltMul.o                       18
    FltToDbl.o                     78
    I32ToDbl.o                     48
    U32ToFlt.o                     14
    fmod.o                        424
    fpinit_M.o                     34
    sqrt.o                        240
    xdint.o                       122
    xquad.o                       360
    xsin.o                      1 122
    ---------------------------------------------------
    Total:                      4 500

rt7M_tl.a: [7]
    ABImemclr.o                     6
    ABImemcpy_unaligned.o         118
    ABImemset.o                    94
    I64DivMod.o                   306
    I64DivZer.o                     2
    cexit.o                        10
    cmain.o                        26
    cstartup_M.o                   12
    data_init.o                    40
    iarEdom.o                      12
    lz77_init.o                   452
    zero_init3.o                   64
    ---------------------------------------------------
    Total:                      1 142

shb_l.a: [8]
    exit.o                         20
    iarttio.o                      48
    ---------------------------------------------------
    Total:                         68

    Gaps                           40        2
    Linker created                          44   16 384
-------------------------------------------------------
    Grand Total:               48 250   79 831  152 934


*******************************************************************************
*** ENTRY LIST
***

Entry                      Address    Size  Type      Object
-----                      -------    ----  ----      ------
.iar.init_table$$Base   0x0801ef54           --   Gb  - Linker created -
.iar.init_table$$Limit  0x0801ef80           --   Gb  - Linker created -
?main                   0x0801ef81          Code  Gb  cmain.o [7]
AHBPrescTable           0x20011740    0x10  Data  Gb  system_stm32f7xx.o [1]
APBAHBPrescTable        0x0801afa4    0x10  Data  Gb  stm32f7xx_hal_rcc.o [1]
AUDIO_Desc              0x20011720    0x1c  Data  Gb  usbd_desc.o [1]
AUDIO_Init              0x08019da5    0x2c  Code  Gb  audio_codec.o [1]
AUDIO_InitApplication   0x08018a11     0xc  Code  Gb  waveplayer _CS43L22.o [1]
AudioPlayerUpd          0x0801a7e5   0x1dc  Code  Gb  audio_application.o [1]
AudioRemSize            0x20011620     0x4  Data  Gb  audio_codec.o [1]
AudioTotalSize          0x2001161c     0x4  Data  Gb  audio_codec.o [1]
AudioUSBSend            0x0801a7b5    0x2e  Code  Gb  audio_application.o [1]
Audio_CommandMgr        0x0801d163     0x4  Code  Lc  usbd_audio_if.o [1]
Audio_DeInit            0x0801d11d     0x4  Code  Lc  usbd_audio_if.o [1]
Audio_Init              0x0801d119     0x4  Code  Lc  usbd_audio_if.o [1]
Audio_MAL_Play          0x0801a419    0x54  Code  Gb  audio_codec.o [1]
Audio_MuteCtl           0x0801d153     0x4  Code  Lc  usbd_audio_if.o [1]
Audio_Pause             0x0801d15b     0x4  Code  Lc  usbd_audio_if.o [1]
Audio_Record            0x0801d121     0x4  Code  Lc  usbd_audio_if.o [1]
Audio_Resume            0x0801d15f     0x4  Code  Lc  usbd_audio_if.o [1]
Audio_Stop              0x0801d157     0x4  Code  Lc  usbd_audio_if.o [1]
Audio_VolumeCtl         0x0801d125    0x2e  Code  Lc  usbd_audio_if.o [1]
BSP_LED_Init            0x08017cb5    0x8c  Code  Gb  stm32746g_discovery.o [1]
BSP_LED_Toggle          0x08017d41    0x2e  Code  Gb  stm32746g_discovery.o [1]
Buffer1                 0x20011788  0x4000  Data  Gb  waverecorder.o [1]
Buffer2                 0x20015788  0x4000  Data  Gb  waverecorder.o [1]
Buffer3                 0x20019788  0x4000  Data  Gb  waverecorder.o [1]
BusFault_Handler        0x0801ee1b     0x2  Code  Gb  stm32f7xx_it.o [1]
ButtonInit              0x0801600b    0x4c  Code  Gb  main.o [1]
CSTACK$$Base            0x20031570           --   Gb  - Linker created -
CSTACK$$Limit           0x20033570           --   Gb  - Linker created -
Codec_Init              0x08019fb1   0x468  Code  Lc  audio_codec.o [1]
Codec_TIMEOUT_UserCallback
                        0x080189b9     0x4  Code  Gb  waveplayer _CS43L22.o [1]
Command_index           0x2001177b     0x1  Data  Gb  main.o [1]
CurrentPos              0x20011624     0x4  Data  Gb  audio_codec.o [1]
DMA1_Stream0_IRQHandler
                        0x08019fa5     0x2  Code  Gb  audio_codec.o [1]
DMA1_Stream7_IRQHandler
                        0x08019dd1   0x1d4  Code  Gb  audio_codec.o [1]
DMA2_Stream4_IRQHandler
                        0x0801ee79     0x2  Code  Gb  stm32f7xx_it.o [1]
DMA2_Stream5_IRQHandler
                        0x080158d5     0x6  Code  Gb  waverecorder.o [1]
DMA2_Stream6_IRQHandler
                        0x080158db     0x6  Code  Gb  waverecorder.o [1]
DMA2_Stream7_IRQHandler
                        0x0801ee7b     0x2  Code  Gb  stm32f7xx_it.o [1]
DebugMon_Handler        0x0801ee21     0x2  Code  Gb  stm32f7xx_it.o [1]
DmaHandle               0x20011584    0x58  Data  Gb  audio_codec.o [1]
EXTI15_10_IRQHandler    0x08015f41     0x2  Code  Gb  main.o [1]
EXTI4_IRQHandler        0x08015f17    0x2a  Code  Gb  main.o [1]
EXTI9_5_IRQHandler      0x08015f43    0x4e  Code  Gb  main.o [1]
EnergyError             0x20031550     0x4  Data  Gb  DSP.o [1]
EnergyNoiseCalc         0x0801956d    0x30  Code  Gb  DSP.o [1]
FacMic                  0x20010014    0x18  Data  Gb  main.o [1]
FactorUpd               0x08019555    0x16  Code  Gb  DSP.o [1]
Filter                  0x20030e84    0x68  Data  Gb  waverecorder.o [1]
GPIO_INS                0x20010000    0x14  Data  Gb  main.o [1]
GPIO_PIN                0x08017d78     0x8  Data  Gb  stm32746g_discovery.o [1]
GPIO_STA                0x20011638    0x14  Data  Gb  sta321mp.o [1]
HAL_DMA_DeInit          0x0801734b    0x6e  Code  Gb  stm32f7xx_hal_dma.o [1]
HAL_DMA_IRQHandler      0x08017425   0x198  Code  Gb  stm32f7xx_hal_dma.o [1]
HAL_DMA_Init            0x080172bd    0x8e  Code  Gb  stm32f7xx_hal_dma.o [1]
HAL_DMA_Start_IT        0x080173b9    0x6c  Code  Gb  stm32f7xx_hal_dma.o [1]
HAL_Delay               0x0801762d    0x1c  Code  Wk  stm32f7xx_hal.o [1]
HAL_GPIO_Init           0x0801618d   0x1d8  Code  Gb  stm32f7xx_hal_gpio.o [1]
HAL_GPIO_ReadPin        0x08016365     0xe  Code  Gb  stm32f7xx_hal_gpio.o [1]
HAL_GPIO_TogglePin      0x0801637b     0x8  Code  Gb  stm32f7xx_hal_gpio.o [1]
HAL_GPIO_WritePin       0x08016373     0x8  Code  Gb  stm32f7xx_hal_gpio.o [1]
HAL_GetTick             0x08017625     0x6  Code  Wk  stm32f7xx_hal.o [1]
HAL_I2CEx_ConfigAnalogFilter
                        0x0801d0a3    0x76  Code  Gb  stm32f7xx_hal_i2c_ex.o [1]
HAL_I2C_EV_IRQHandler   0x0801b48d    0xfe  Code  Gb  stm32f7xx_hal_i2c.o [1]
HAL_I2C_ErrorCallback   0x0801b597     0x2  Code  Wk  stm32f7xx_hal_i2c.o [1]
HAL_I2C_GetError        0x0801b599     0x4  Code  Gb  stm32f7xx_hal_i2c.o [1]
HAL_I2C_Init            0x0801b02d    0xa2  Code  Gb  stm32f7xx_hal_i2c.o [1]
HAL_I2C_MasterRxCpltCallback
                        0x0801b58d     0x2  Code  Wk  stm32f7xx_hal_i2c.o [1]
HAL_I2C_MasterTxCpltCallback
                        0x0801b58b     0x2  Code  Wk  stm32f7xx_hal_i2c.o [1]
HAL_I2C_Master_Receive  0x0801b2a5   0x1dc  Code  Gb  stm32f7xx_hal_i2c.o [1]
HAL_I2C_Master_Transmit
                        0x0801b0d1   0x1d2  Code  Gb  stm32f7xx_hal_i2c.o [1]
HAL_I2C_MemRxCpltCallback
                        0x0801b595     0x2  Code  Wk  stm32f7xx_hal_i2c.o [1]
HAL_I2C_MemTxCpltCallback
                        0x0801b593     0x2  Code  Wk  stm32f7xx_hal_i2c.o [1]
HAL_I2C_MspInit         0x08015e53    0xc4  Code  Gb  main.o [1]
HAL_I2C_SlaveRxCpltCallback
                        0x0801b591     0x2  Code  Wk  stm32f7xx_hal_i2c.o [1]
HAL_I2C_SlaveTxCpltCallback
                        0x0801b58f     0x2  Code  Wk  stm32f7xx_hal_i2c.o [1]
HAL_I2S_Init            0x08016909    0xfc  Code  Gb  stm32f7xx_hal_i2s.o [1]
HAL_I2S_MspInit         0x0801a47d   0x28c  Code  Gb  audio_codec.o [1]
HAL_I2S_TxCpltCallback  0x08016083     0x2  Code  Gb  main.o [1]
HAL_IncTick             0x0801761b     0xa  Code  Wk  stm32f7xx_hal.o [1]
HAL_Init                0x080175d1    0x24  Code  Gb  stm32f7xx_hal.o [1]
HAL_InitTick            0x080175f7    0x24  Code  Wk  stm32f7xx_hal.o [1]
HAL_MspInit             0x080175f5     0x2  Code  Wk  stm32f7xx_hal.o [1]
HAL_NVIC_DisableIRQ     0x0801726b    0x12  Code  Gb  stm32f7xx_hal_cortex.o [1]
HAL_NVIC_EnableIRQ      0x08017259    0x12  Code  Gb  stm32f7xx_hal_cortex.o [1]
HAL_NVIC_SetPriority    0x08017207    0x52  Code  Gb  stm32f7xx_hal_cortex.o [1]
HAL_NVIC_SetPriorityGrouping
                        0x080171ed    0x1a  Code  Gb  stm32f7xx_hal_cortex.o [1]
HAL_PCDEx_ActivateLPM   0x0801dc67    0x26  Code  Gb  stm32f7xx_hal_pcd_ex.o [1]
HAL_PCDEx_LPM_Callback  0x0801dc8d     0x2  Code  Wk  stm32f7xx_hal_pcd_ex.o [1]
HAL_PCDEx_SetRxFiFo     0x0801dc5f     0x8  Code  Gb  stm32f7xx_hal_pcd_ex.o [1]
HAL_PCDEx_SetTxFiFo     0x0801dc1d    0x42  Code  Gb  stm32f7xx_hal_pcd_ex.o [1]
HAL_PCD_ConnectCallback
                        0x0801c8bb     0x8  Code  Gb  usbd_conf_f4.o [1]
HAL_PCD_DataInStageCallback
                        0x0801c861    0x12  Code  Gb  usbd_conf_f4.o [1]
HAL_PCD_DataOutStageCallback
                        0x0801c84d    0x14  Code  Gb  usbd_conf_f4.o [1]
HAL_PCD_DisconnectCallback
                        0x0801c8c3     0x8  Code  Gb  usbd_conf_f4.o [1]
HAL_PCD_EP_Close        0x0801d983    0x46  Code  Gb  stm32f7xx_hal_pcd.o [1]
HAL_PCD_EP_ClrStall     0x0801daef    0x54  Code  Gb  stm32f7xx_hal_pcd.o [1]
HAL_PCD_EP_Flush        0x0801db43    0x38  Code  Gb  stm32f7xx_hal_pcd.o [1]
HAL_PCD_EP_Open         0x0801d925    0x5e  Code  Gb  stm32f7xx_hal_pcd.o [1]
HAL_PCD_EP_Receive      0x0801d9c9    0x60  Code  Gb  stm32f7xx_hal_pcd.o [1]
HAL_PCD_EP_SetStall     0x0801da89    0x66  Code  Gb  stm32f7xx_hal_pcd.o [1]
HAL_PCD_EP_Transmit     0x0801da29    0x60  Code  Gb  stm32f7xx_hal_pcd.o [1]
HAL_PCD_IRQHandler      0x0801d4c1   0x440  Code  Gb  stm32f7xx_hal_pcd.o [1]
HAL_PCD_ISOINIncompleteCallback
                        0x0801c8b3     0x8  Code  Gb  usbd_conf_f4.o [1]
HAL_PCD_ISOOUTIncompleteCallback
                        0x0801c8ab     0x8  Code  Gb  usbd_conf_f4.o [1]
HAL_PCD_Init            0x0801d3d9    0xbe  Code  Gb  stm32f7xx_hal_pcd.o [1]
HAL_PCD_MspInit         0x0801c7bd    0x84  Code  Gb  usbd_conf_f4.o [1]
HAL_PCD_ResetCallback   0x0801c87b    0x20  Code  Gb  usbd_conf_f4.o [1]
HAL_PCD_ResumeCallback  0x0801c8a3     0x8  Code  Gb  usbd_conf_f4.o [1]
HAL_PCD_SOFCallback     0x0801c873     0x8  Code  Gb  usbd_conf_f4.o [1]
HAL_PCD_SetAddress      0x0801d901    0x24  Code  Gb  stm32f7xx_hal_pcd.o [1]
HAL_PCD_SetupStageCallback
                        0x0801c841     0xc  Code  Gb  usbd_conf_f4.o [1]
HAL_PCD_Start           0x0801d497    0x2a  Code  Gb  stm32f7xx_hal_pcd.o [1]
HAL_PCD_SuspendCallback
                        0x0801c89b     0x8  Code  Gb  usbd_conf_f4.o [1]
HAL_PWREx_EnableOverDrive
                        0x0801afb5    0x70  Code  Gb  stm32f7xx_hal_pwr_ex.o [1]
HAL_RCCEx_GetPeriphCLKConfig
                        0x08017b55   0x14c  Code  Gb  stm32f7xx_hal_rcc_ex.o [1]
HAL_RCCEx_PeriphCLKConfig
                        0x08017651   0x504  Code  Gb  stm32f7xx_hal_rcc_ex.o [1]
HAL_RCC_ClockConfig     0x0801ad43   0x1e0  Code  Gb  stm32f7xx_hal_rcc.o [1]
HAL_RCC_GetHCLKFreq     0x0801af67    0x22  Code  Gb  stm32f7xx_hal_rcc.o [1]
HAL_RCC_GetSysClockFreq
                        0x0801af23    0x44  Code  Gb  stm32f7xx_hal_rcc.o [1]
HAL_RCC_OscConfig       0x0801a9dd   0x366  Code  Gb  stm32f7xx_hal_rcc.o [1]
HAL_SPI_ErrorCallback   0x08016d6d     0x2  Code  Wk  stm32f7xx_hal_spi.o [1]
HAL_SPI_Init            0x08016a19    0xba  Code  Gb  stm32f7xx_hal_spi.o [1]
HAL_SPI_MspInit         0x08015421   0x49a  Code  Gb  waverecorder.o [1]
HAL_SPI_Receive_DMA     0x08016ad3   0x108  Code  Gb  stm32f7xx_hal_spi.o [1]
HAL_SPI_RxCpltCallback  0x0801590d    0x2a  Code  Gb  waverecorder.o [1]
HAL_SPI_RxHalfCpltCallback
                        0x080158e1    0x2c  Code  Gb  waverecorder.o [1]
HAL_SPI_TransmitReceive_DMA
                        0x08016bdb   0x18e  Code  Gb  stm32f7xx_hal_spi.o [1]
HAL_SPI_TxRxCpltCallback
                        0x08016d69     0x2  Code  Wk  stm32f7xx_hal_spi.o [1]
HAL_SPI_TxRxHalfCpltCallback
                        0x08016d6b     0x2  Code  Wk  stm32f7xx_hal_spi.o [1]
HAL_SYSTICK_Config      0x0801727d    0x22  Code  Gb  stm32f7xx_hal_cortex.o [1]
HAL_UART_ErrorCallback  0x0801ea09     0x2  Code  Wk  stm32f7xx_hal_uart.o [1]
HAL_UART_IRQHandler     0x0801e861   0x1a4  Code  Gb  stm32f7xx_hal_uart.o [1]
HAL_UART_RxCpltCallback
                        0x0801ea07     0x2  Code  Wk  stm32f7xx_hal_uart.o [1]
HAL_UART_TxCpltCallback
                        0x0801ea05     0x2  Code  Wk  stm32f7xx_hal_uart.o [1]
HEAP$$Base              0x20033570           --   Gb  - Linker created -
HEAP$$Limit             0x20035570           --   Gb  - Linker created -
HardFault_Handler       0x0801ee17     0x2  Code  Gb  stm32f7xx_it.o [1]
I2C1_EV_IRQHandler      0x0801ee4d     0x6  Code  Gb  stm32f7xx_it.o [1]
I2C2_EV_IRQHandler      0x0801ee53     0x6  Code  Gb  stm32f7xx_it.o [1]
I2C_IsAcknowledgeFailed
                        0x0801b9c9    0x76  Code  Lc  stm32f7xx_hal_i2c.o [1]
I2C_MasterReceive_ISR   0x0801b6fd   0x154  Code  Lc  stm32f7xx_hal_i2c.o [1]
I2C_MasterTransmit_ISR  0x0801b59d   0x160  Code  Lc  stm32f7xx_hal_i2c.o [1]
I2C_SlaveReceive_ISR    0x0801b911    0xac  Code  Lc  stm32f7xx_hal_i2c.o [1]
I2C_SlaveTransmit_ISR   0x0801b851    0xc0  Code  Lc  stm32f7xx_hal_i2c.o [1]
I2S2_idxTmp             0x20010034     0x2  Data  Gb  main.o [1]
I2S2_stLR               0x200313d3     0x1  Data  Gb  waverecorder.o [1]
I2S2_stLROld            0x200313d4     0x1  Data  Gb  waverecorder.o [1]
I2S3_Init               0x080189bd    0x46  Code  Gb  waveplayer _CS43L22.o [1]
InStream_Read           0x0801ea9f    0x22  Code  Lc  lz77_init.o [7]
IsocInBuffDummy         0x20030c3c   0x180  Data  Lc  usbd_audio_in.o [1]
MIC1TO8_Init            0x0801521d    0x80  Code  Gb  waverecorder.o [1]
MX_I2C1_Init            0x0801a70b    0x36  Code  Gb  audio_codec.o [1]
MX_I2C2_Init            0x08016057    0x2c  Code  Gb  main.o [1]
MemManage_Handler       0x0801ee19     0x2  Code  Gb  stm32f7xx_it.o [1]
NMI_Handler             0x0801ee15     0x2  Code  Gb  stm32f7xx_it.o [1]
NoiseBG                 0x080195a4   0x800  Data  Gb  DSP.o [1]
OTG_FS_IRQHandler       0x0801ee59     0x6  Code  Gb  stm32f7xx_it.o [1]
OutStream_Write         0x0801eac1    0x40  Code  Lc  lz77_init.o [7]
OutputDev               0x20011618     0x1  Data  Gb  audio_codec.o [1]
PCD_WriteEmptyTxFifo    0x0801db7b    0xa0  Code  Lc  stm32f7xx_hal_pcd.o [1]
PCM_Buffer1             0x20025788  0x4000  Data  Gb  audio_application.o [1]
PCM_Buffer2             0x20029788  0x4000  Data  Gb  audio_application.o [1]
PDM2PCMSDO78            0x08015945   0x126  Code  Gb  waverecorder.o [1]
PDM_Filter_64_LSB       0x080165b9   0x31e  Code  Gb  pdm_filter.o [5]
PDM_Filter_Init         0x080163b9   0x1fe  Code  Gb  pdm_filter.o [5]
PendSV_Handler          0x0801ee23     0x2  Code  Gb  stm32f7xx_it.o [1]
Region$$Table$$Base     0x0801ef54           --   Gb  - Linker created -
Region$$Table$$Limit    0x0801ef80           --   Gb  - Linker created -
S                       0x20011268    0x18  Data  Gb  main.o [1]
SPI1_IRQHandler         0x08014b91   0x1e2  Code  Gb  waverecorder.o [1]
SPI2_IRQHandler         0x08014d73   0x1c4  Code  Gb  waverecorder.o [1]
SPI3_IRQHandler         0x08019fa7     0xa  Code  Gb  audio_codec.o [1]
SPI4_IRQHandler         0x08014f37   0x1e8  Code  Gb  waverecorder.o [1]
SPI4_Init               0x080152d5    0x56  Code  Gb  waverecorder.o [1]
SPI4_stNipple           0x200313e6     0x2  Data  Gb  waverecorder.o [1]
SPI4_stPosShft          0x200313d2     0x1  Data  Gb  waverecorder.o [1]
SPI5_IRQHandler         0x0801511f    0x82  Code  Gb  waverecorder.o [1]
SPI5_Init               0x0801532d    0x8a  Code  Gb  waverecorder.o [1]
SPI6_IRQHandler         0x080151a1    0x7c  Code  Gb  waverecorder.o [1]
SPI6_Init               0x080153b7    0x4c  Code  Gb  waverecorder.o [1]
SPI_DMAError            0x080171c5    0x26  Code  Lc  stm32f7xx_hal_spi.o [1]
SPI_DMAHalfReceiveCplt  0x080171a5     0xe  Code  Lc  stm32f7xx_hal_spi.o [1]
SPI_DMAHalfTransmitReceiveCplt
                        0x080171b5     0xe  Code  Lc  stm32f7xx_hal_spi.o [1]
SPI_DMAReceiveCplt      0x08016d71   0x220  Code  Lc  stm32f7xx_hal_spi.o [1]
SPI_DMATransmitReceiveCplt
                        0x08016f91   0x214  Code  Lc  stm32f7xx_hal_spi.o [1]
STA321MP_Ini            0x08018a1d   0x54e  Code  Gb  sta321mp.o [1]
STACoefSet              0x08018fc9   0x2e4  Code  Gb  sta321mp.o [1]
SVC_Handler             0x0801ee1f     0x2  Code  Gb  stm32f7xx_it.o [1]
Send_Audio_to_USB       0x0801d167     0xa  Code  Gb  usbd_audio_if.o [1]
StartRecMic7_8          0x0801529d    0x38  Code  Gb  waverecorder.o [1]
SubFrameFinished        0x08016085    0x8e  Code  Gb  main.o [1]
SumDelay                0x08015f91    0x7a  Code  Gb  main.o [1]
SysTick_Handler         0x0801ee25    0x20  Code  Gb  stm32f7xx_it.o [1]
SystemClock_Config      0x08015db3    0xa0  Code  Lc  main.o [1]
SystemCoreClock         0x2001173c     0x4  Data  Gb  system_stm32f7xx.o [1]
SystemInit              0x0801ee7d    0x3c  Code  Gb  system_stm32f7xx.o [1]
T0                      0x20011284   0x100  Data  Gb  pdm_filter.o [5]
T1                      0x20011384   0x100  Data  Gb  pdm_filter.o [5]
T2                      0x20011484   0x100  Data  Gb  pdm_filter.o [5]
TestSDO7                0x2001d788  0x4000  Data  Gb  waverecorder.o [1]
TestSDO8                0x20021788  0x4000  Data  Gb  waverecorder.o [1]
UART_Receive_IT         0x0801ea0b    0x94  Code  Lc  stm32f7xx_hal_uart.o [1]
USART3_IRQHandler       0x0801ee47     0x6  Code  Gb  stm32f7xx_it.o [1]
USART6_IRQHandler       0x0801ee45     0x2  Code  Gb  stm32f7xx_it.o [1]
USBD_AUDIO              0x200116c4    0x38  Data  Gb  usbd_audio_in.o [1]
USBD_AUDIO_CfgDesc      0x20030bc0    0x78  Data  Lc  usbd_audio_in.o [1]
USBD_AUDIO_ConfigStrDescriptor
                        0x0801ecb9    0x14  Code  Gb  usbd_desc.o [1]
USBD_AUDIO_DataIn       0x0801804b    0xc6  Code  Lc  usbd_audio_in.o [1]
USBD_AUDIO_DataOut      0x08018159     0x4  Code  Lc  usbd_audio_in.o [1]
USBD_AUDIO_Data_Transfer
                        0x08018167    0xe0  Code  Gb  usbd_audio_in.o [1]
USBD_AUDIO_DeInit       0x08017f2d    0x26  Code  Lc  usbd_audio_in.o [1]
USBD_AUDIO_DeviceDescriptor
                        0x0801ec65     0x8  Code  Gb  usbd_desc.o [1]
USBD_AUDIO_DeviceQualifierDesc
                        0x20011764     0xc  Data  Lc  usbd_audio_in.o [1]
USBD_AUDIO_EP0_RxReady  0x08018111    0x38  Code  Lc  usbd_audio_in.o [1]
USBD_AUDIO_EP0_TxReady  0x08018149     0x4  Code  Lc  usbd_audio_in.o [1]
USBD_AUDIO_GetCfgDesc   0x08018041     0xa  Code  Lc  usbd_audio_in.o [1]
USBD_AUDIO_GetDeviceQualifierDesc
                        0x0801815d     0xa  Code  Lc  usbd_audio_in.o [1]
USBD_AUDIO_Init         0x08017ec5    0x68  Code  Lc  usbd_audio_in.o [1]
USBD_AUDIO_Init_Microphone_Descriptor
                        0x08018251   0x4a8  Code  Gb  usbd_audio_in.o [1]
USBD_AUDIO_InterfaceStrDescriptor
                        0x0801eccd    0x14  Code  Gb  usbd_desc.o [1]
USBD_AUDIO_IsoINIncomplete
                        0x08018151     0x4  Code  Lc  usbd_audio_in.o [1]
USBD_AUDIO_IsoOutIncomplete
                        0x08018155     0x4  Code  Lc  usbd_audio_in.o [1]
USBD_AUDIO_LangIDStrDescriptor
                        0x0801ec6d     0x8  Code  Gb  usbd_desc.o [1]
USBD_AUDIO_ManufacturerStrDescriptor
                        0x0801ec89    0x14  Code  Gb  usbd_desc.o [1]
USBD_AUDIO_ProductStrDescriptor
                        0x0801ec75    0x14  Code  Gb  usbd_desc.o [1]
USBD_AUDIO_RegisterInterface
                        0x08018247     0xa  Code  Gb  usbd_audio_in.o [1]
USBD_AUDIO_SOF          0x0801814d     0x4  Code  Lc  usbd_audio_in.o [1]
USBD_AUDIO_SerialStrDescriptor
                        0x0801ec9d    0x1c  Code  Gb  usbd_desc.o [1]
USBD_AUDIO_Setup        0x08017f53    0xee  Code  Lc  usbd_audio_in.o [1]
USBD_AUDIO_fops         0x200116fc    0x24  Data  Gb  usbd_audio_if.o [1]
USBD_ClrClassConfig     0x08018775    0x12  Code  Gb  usbd_core.o [1]
USBD_CtlContinueRx      0x0801ca53    0x14  Code  Gb  usbd_ioreq.o [1]
USBD_CtlContinueSendData
                        0x0801ca1d    0x14  Code  Gb  usbd_ioreq.o [1]
USBD_CtlError           0x0801ce8d    0x16  Code  Gb  usbd_ctlreq.o [1]
USBD_CtlPrepareRx       0x0801ca31    0x22  Code  Gb  usbd_ioreq.o [1]
USBD_CtlReceiveStatus   0x0801ca81    0x1a  Code  Gb  usbd_ioreq.o [1]
USBD_CtlSendData        0x0801c9ff    0x1e  Code  Gb  usbd_ioreq.o [1]
USBD_CtlSendStatus      0x0801ca67    0x1a  Code  Gb  usbd_ioreq.o [1]
USBD_GetDescriptor      0x0801cd55   0x110  Code  Lc  usbd_ctlreq.o [1]
USBD_GetString          0x0801cea5    0x4c  Code  Gb  usbd_ctlreq.o [1]
USBD_Init               0x08018711    0x30  Code  Gb  usbd_core.o [1]
USBD_LL_ClearStallEP    0x0801c999    0x12  Code  Gb  usbd_conf_f4.o [1]
USBD_LL_CloseEP         0x0801c963    0x12  Code  Gb  usbd_conf_f4.o [1]
USBD_LL_DataInStage     0x08018859    0xb2  Code  Gb  usbd_core.o [1]
USBD_LL_DataOutStage    0x080187eb    0x6e  Code  Gb  usbd_core.o [1]
USBD_LL_DevConnected    0x08018997     0x4  Code  Gb  usbd_core.o [1]
USBD_LL_DevDisconnected
                        0x0801899b    0x1c  Code  Gb  usbd_core.o [1]
USBD_LL_FlushEP         0x0801c975    0x12  Code  Gb  usbd_conf_f4.o [1]
USBD_LL_Init            0x0801c8cb    0x60  Code  Gb  usbd_conf_f4.o [1]
USBD_LL_IsStallEP       0x0801c9ab    0x1e  Code  Gb  usbd_conf_f4.o [1]
USBD_LL_IsoINIncomplete
                        0x0801898f     0x4  Code  Gb  usbd_core.o [1]
USBD_LL_IsoOUTIncomplete
                        0x08018993     0x4  Code  Gb  usbd_core.o [1]
USBD_LL_OpenEP          0x0801c94f    0x14  Code  Gb  usbd_conf_f4.o [1]
USBD_LL_PrepareReceive  0x0801c9ed    0x12  Code  Gb  usbd_conf_f4.o [1]
USBD_LL_Reset           0x0801890b    0x42  Code  Gb  usbd_core.o [1]
USBD_LL_Resume          0x08018965     0xc  Code  Gb  usbd_core.o [1]
USBD_LL_SOF             0x08018971    0x1e  Code  Gb  usbd_core.o [1]
USBD_LL_SetSpeed        0x0801894d     0x6  Code  Gb  usbd_core.o [1]
USBD_LL_SetUSBAddress   0x0801c9c9    0x12  Code  Gb  usbd_conf_f4.o [1]
USBD_LL_SetupStage      0x08018787    0x64  Code  Gb  usbd_core.o [1]
USBD_LL_StallEP         0x0801c987    0x12  Code  Gb  usbd_conf_f4.o [1]
USBD_LL_Start           0x0801c93d    0x12  Code  Gb  usbd_conf_f4.o [1]
USBD_LL_Suspend         0x08018953    0x12  Code  Gb  usbd_core.o [1]
USBD_LL_Transmit        0x0801c9db    0x12  Code  Gb  usbd_conf_f4.o [1]
USBD_LangIDDesc         0x2001177c     0x4  Data  Gb  usbd_desc.o [1]
USBD_ParseSetupRequest  0x0801ce65    0x28  Code  Gb  usbd_ctlreq.o [1]
USBD_RegisterClass      0x08018741    0x10  Code  Gb  usbd_core.o [1]
USBD_SetClassConfig     0x0801875f    0x16  Code  Gb  usbd_core.o [1]
USBD_Start              0x08018751     0xe  Code  Gb  usbd_core.o [1]
USBD_StdDevReq          0x0801ca9d   0x15e  Code  Gb  usbd_ctlreq.o [1]
USBD_StdEPReq           0x0801cc49   0x10c  Code  Gb  usbd_ctlreq.o [1]
USBD_StdItfReq          0x0801cc01    0x46  Code  Gb  usbd_ctlreq.o [1]
USBD_StrDesc            0x200311d8    0xc8  Data  Gb  usbd_desc.o [1]
USB_ActivateEndpoint    0x0801e1d1    0x8c  Code  Gb  stm32f7xx_ll_usb.o [1]
USB_ActivateSetup       0x0801e7e7    0x2e  Code  Gb  stm32f7xx_ll_usb.o [1]
USB_CoreInit            0x0801df39    0xa0  Code  Gb  stm32f7xx_ll_usb.o [1]
USB_DeactivateEndpoint  0x0801e25d    0x68  Code  Gb  stm32f7xx_ll_usb.o [1]
USB_DevConnect          0x0801e74f    0x1c  Code  Gb  stm32f7xx_ll_usb.o [1]
USB_DevDisconnect       0x0801e76b    0x1c  Code  Gb  stm32f7xx_ll_usb.o [1]
USB_DevInit             0x0801e021   0x144  Code  Gb  stm32f7xx_ll_usb.o [1]
USB_DisableGlobalInt    0x0801dfe5     0xc  Code  Gb  stm32f7xx_ll_usb.o [1]
USB_EP0StartXfer        0x0801e4ed   0x146  Code  Gb  stm32f7xx_ll_usb.o [1]
USB_EP0_OutStart        0x0801e815    0x30  Code  Gb  stm32f7xx_ll_usb.o [1]
USB_EPClearStall        0x0801e6d9    0x5a  Code  Gb  stm32f7xx_ll_usb.o [1]
USB_EPSetStall          0x0801e687    0x52  Code  Gb  stm32f7xx_ll_usb.o [1]
USB_EPStartXfer         0x0801e2c5   0x228  Code  Gb  stm32f7xx_ll_usb.o [1]
USB_EnableGlobalInt     0x0801dfd9     0xc  Code  Gb  stm32f7xx_ll_usb.o [1]
USB_FlushRxFifo         0x0801e183    0x1a  Code  Gb  stm32f7xx_ll_usb.o [1]
USB_FlushTxFifo         0x0801e165    0x1e  Code  Gb  stm32f7xx_ll_usb.o [1]
USB_GetDevSpeed         0x0801e19d    0x34  Code  Gb  stm32f7xx_ll_usb.o [1]
USB_GetMode             0x0801e7df     0x8  Code  Gb  stm32f7xx_ll_usb.o [1]
USB_ReadDevAllInEpInterrupt
                        0x0801e79d     0xe  Code  Gb  stm32f7xx_ll_usb.o [1]
USB_ReadDevAllOutEpInterrupt
                        0x0801e78f     0xe  Code  Gb  stm32f7xx_ll_usb.o [1]
USB_ReadDevInEPInterrupt
                        0x0801e7bf    0x20  Code  Gb  stm32f7xx_ll_usb.o [1]
USB_ReadDevOutEPInterrupt
                        0x0801e7ab    0x14  Code  Gb  stm32f7xx_ll_usb.o [1]
USB_ReadInterrupts      0x0801e787     0x8  Code  Gb  stm32f7xx_ll_usb.o [1]
USB_ReadPacket          0x0801e669    0x1e  Code  Gb  stm32f7xx_ll_usb.o [1]
USB_SetCurrentMode      0x0801dff1    0x2e  Code  Gb  stm32f7xx_ll_usb.o [1]
USB_SetDevAddress       0x0801e733    0x1c  Code  Gb  stm32f7xx_ll_usb.o [1]
USB_WritePacket         0x0801e635    0x34  Code  Gb  stm32f7xx_ll_usb.o [1]
UsageFault_Handler      0x0801ee1d     0x2  Code  Gb  stm32f7xx_it.o [1]
VOL_CUR                 0x20030c38     0x2  Data  Lc  usbd_audio_in.o [1]
Volume                  0x20011619     0x1  Data  Gb  audio_codec.o [1]
WaveRec_idxSens1        0x20010036     0x2  Data  Gb  main.o [1]
WaveRec_idxSens2        0x20010038     0x2  Data  Gb  main.o [1]
WaveRec_idxSens3        0x20010032     0x2  Data  Gb  main.o [1]
WaveRec_idxSens4        0x20010030     0x2  Data  Gb  main.o [1]
WaveRec_idxSens5        0x2001003a     0x2  Data  Gb  main.o [1]
WaveRec_idxSens6        0x2001003c     0x2  Data  Gb  main.o [1]
WaveRec_idxTest         0x200313d8     0x2  Data  Gb  waverecorder.o [1]
WaveRecord_flgIni       0x20031568     0x1  Data  Gb  waverecorder.o [1]
WaveRecord_flgInt       0x200313d1     0x1  Data  Gb  waverecorder.o [1]
WaveRecord_flgSDO7Finish
                        0x20030eee     0x1  Data  Gb  waverecorder.o [1]
WaveRecord_flgSDO8Finish
                        0x20030eef     0x1  Data  Gb  waverecorder.o [1]
Window                  0x080194c1    0x72  Code  Gb  DSP.o [1]
WriteCoef               0x080192ad   0x1fe  Code  Gb  sta321mp.o [1]
WriteSTAByte            0x08018f6d    0x5a  Code  Gb  sta321mp.o [1]
__aeabi_cdcmpeq         0x0801dd71          Code  Gb  DblCmpEq.o [6]
__aeabi_cdcmple         0x0801d1f9          Code  Gb  DblCmpLe.o [6]
__aeabi_cdrcmple        0x0801d229          Code  Gb  DblCmpGe.o [6]
__aeabi_cfcmpeq         0x0801ba45          Code  Gb  FltCmpEq.o [6]
__aeabi_cfcmple         0x0801ba71          Code  Gb  FltCmpLe.o [6]
__aeabi_d2f             0x0801c059          Code  Gb  DblToFlt.o [6]
__aeabi_d2iz            0x0801be69          Code  Gb  DblToI32.o [6]
__aeabi_dadd            0x0801bd81          Code  Gb  DblAdd.o [6]
__aeabi_ddiv            0x0801bb29          Code  Gb  DblDiv.o [6]
__aeabi_dmul            0x0801beb5          Code  Gb  DblMul.o [6]
__aeabi_dsub            0x0801c54d          Code  Gb  DblSub.o [6]
__aeabi_errno_addr      0x0801d259     0x6  Code  Gb  errno.o [3]
__aeabi_f2d             0x0801baa9          Code  Gb  FltToDbl.o [6]
__aeabi_fmul            0x0801ba95    0x12  Code  Gb  FltMul.o [6]
__aeabi_i2d             0x0801baf9          Code  Gb  I32ToDbl.o [6]
__aeabi_ldiv0           0x0801dcf1          Code  Gb  I64DivZer.o [7]
__aeabi_ldivmod         0x0801cf71          Code  Gb  I64DivMod.o [7]
__aeabi_memclr          0x0801cef1          Code  Gb  ABImemclr.o [7]
__aeabi_ui2d            0x0801bb0d          Code  Gb  I32ToDbl.o [6]
__aeabi_ui2f            0x0801ba61     0xe  Code  Gb  U32ToFlt.o [6]
__aeabi_uldivmod        0x0801cfb5          Code  Gb  I64DivMod.o [7]
__cmain                 0x0801ef81          Code  Gb  cmain.o [7]
__data_GetMemChunk      0x08014b19    0x2c  Code  Gb  xgetmemchunk.o [3]
__exit                  0x08014b45    0x14  Code  Gb  exit.o [8]
__iar_Dint              0x0801dcf5    0x7a  Code  Gb  xdint.o [6]
__iar_Errno             0x20011780     0x4  Data  Gb  errno.o [3]
__iar_Memset_word       0x0801dc91          Code  Gb  ABImemset.o [7]
__iar_Quad              0x0801d265   0x12c  Code  Gb  xquad.o [6]
__iar_Sin               0x0801c0e9   0x3b2  Code  Gb  xsin.o [6]
__iar_close_ttio        0x08014b59    0x2e  Code  Gb  iarttio.o [8]
__iar_d2uiz             0x0801be95          Code  Gb  DblToI32.o [6]
__iar_dadd              0x0801bd95          Code  Gb  DblAdd.o [6]
__iar_data_init3        0x0801ef09    0x28  Code  Gb  data_init.o [7]
__iar_dlfree            0x080145f7   0x510  Code  Gb  dlmalloc.o [3]
__iar_dlib_perthread_access
                        0x0801dcf3     0x2  Code  Gb  xtls.o [3]
__iar_dlmalloc          0x08014341   0x2aa  Code  Gb  dlmalloc.o [3]
__iar_dsub              0x0801c561          Code  Gb  DblSub.o [6]
__iar_dsubStart         0x0801c573          Code  Gb  DblSub.o [6]
__iar_edom              0x0801d3cd          Code  Gb  iarEdom.o [7]
__iar_fmod              0x0801dd91          Code  Gb  fmod.o [6]
__iar_fmodl             0x0801dd91          Code  Gb  fmod.o [6]
__iar_init_vfp          0x0801ef31          Code  Gb  fpinit_M.o [6]
__iar_lookup_ttioh      0x08014b89     0x8  Code  Gb  XShttio.o [3]
__iar_lz77_init3        0x0801eb01   0x162  Code  Gb  lz77_init.o [7]
__iar_program_start     0x0801efc1          Code  Gb  cstartup_M.o [7]
__iar_sqrt              0x0801c6cd          Code  Gb  sqrt.o [6]
__iar_ttio_handles      0x20011770     0x8  Data  Lc  XShttio.o [3]
__iar_ui2d              0x0801bb11          Code  Gb  I32ToDbl.o [6]
__iar_unaligned___aeabi_memcpy
                        0x0801cef9          Code  Gb  ABImemcpy_unaligned.o [7]
__iar_unaligned___aeabi_memcpy4
                        0x0801cf19          Code  Gb  ABImemcpy_unaligned.o [7]
__iar_unaligned___aeabi_memcpy8
                        0x0801cf19          Code  Gb  ABImemcpy_unaligned.o [7]
__iar_vfp___iar_Sin     0x0801c539    0x12  Code  Gb  xsin.o [6]
__iar_zero_init3        0x0801eec9    0x40  Code  Gb  zero_init3.o [7]
__low_level_init        0x0801ef9b     0x4  Code  Gb  low_level_init.o [3]
__vector_table          0x08000000          Data  Gb  startup_stm32f746xx.o [1]
_call_main              0x0801ef8d          Code  Gb  cmain.o [7]
_exit                   0x0801efa5          Code  Gb  cexit.o [7]
_gm_                    0x20031000   0x1d8  Data  Lc  dlmalloc.o [3]
_main                   0x0801ef97          Code  Gb  cmain.o [7]
abort                   0x08014b11     0x6  Code  Gb  abort.o [3]
armBitRevIndexTable1024
                        0x08008ad0   0xe10  Data  Gb  arm_common_tables.o [4]
armBitRevIndexTable128  0x08008240   0x1a0  Data  Gb  arm_common_tables.o [4]
armBitRevIndexTable16   0x08008148    0x28  Data  Gb  arm_common_tables.o [4]
armBitRevIndexTable2048
                        0x080098e0  0x1dc0  Data  Gb  arm_common_tables.o [4]
armBitRevIndexTable256  0x080083e0   0x370  Data  Gb  arm_common_tables.o [4]
armBitRevIndexTable32   0x08008170    0x60  Data  Gb  arm_common_tables.o [4]
armBitRevIndexTable512  0x08008750   0x380  Data  Gb  arm_common_tables.o [4]
armBitRevIndexTable64   0x080081d0    0x70  Data  Gb  arm_common_tables.o [4]
arm_bitreversal_16      0x0801edbf          Code  Gb  arm_bitreversal2.o [4]
arm_bitreversal_32      0x0801ed55          Code  Gb  arm_bitreversal2.o [4]
arm_rfft_fast_init_f32  0x08017d81   0x144  Code  Gb  arm_rfft_fast_init_f32.o [4]
btnSW1                  0x20011778     0x1  Data  Gb  main.o [1]
btnSW2                  0x20011779     0x1  Data  Gb  main.o [1]
bufCoefBiquad           0x20011628    0x10  Data  Gb  sta321mp.o [1]
bufPCMSens7             0x20030ef8     0x4  Data  Gb  waverecorder.o [1]
bufPCMSens8             0x20030efc     0x4  Data  Gb  waverecorder.o [1]
bufferSum               0x2002d788  0x3014  Data  Gb  main.o [1]
buffer_switch           0x2001002e     0x1  Data  Gb  main.o [1]
cntBtnPress             0x2001177a     0x1  Data  Gb  main.o [1]
cntOS                   0x20031558     0x4  Data  Gb  stm32f7xx_it.o [1]
cntPos                  0x20030ef4     0x2  Data  Gb  waverecorder.o [1]
cntPos7                 0x20030ef6     0x2  Data  Gb  waverecorder.o [1]
cntRisingEXTI           0x20031560     0x2  Data  Gb  main.o [1]
cntStrt                 0x20031564     0x2  Data  Gb  waverecorder.o [1]
cntTime200              0x20010040     0x2  Data  Gb  main.o [1]
exit                    0x0801ef9f     0x4  Code  Gb  exit.o [3]
fir256Coff              0x20010268  0x1000  Data  Gb  main.o [1]
flg10ms                 0x2001002d     0x1  Data  Gb  main.o [1]
flgDlyUpd               0x2001002c     0x1  Data  Gb  main.o [1]
flgRacing               0x200313d0     0x1  Data  Gb  waverecorder.o [1]
fmod                    0x0801dd91          Code  Gb  fmod.o [6]
fmodl                   0x0801dd91          Code  Gb  fmod.o [6]
hUSBDDevice             0x20010044   0x224  Data  Gb  main.o [1]
hUSBDDeviceDesc         0x20011750    0x14  Data  Gb  usbd_desc.o [1]
haudioInstance          0x20030b5c    0x64  Data  Lc  usbd_audio_in.o [1]
hdma_spi5_rx            0x200312a0    0x58  Data  Gb  waverecorder.o [1]
hdma_spi6_rx            0x200312f8    0x58  Data  Gb  waverecorder.o [1]
hi2c1                   0x200115dc    0x3c  Data  Gb  audio_codec.o [1]
hi2c2                   0x200314fc    0x3c  Data  Gb  audio_codec.o [1]
hi2s1                   0x20031350    0x40  Data  Gb  waverecorder.o [1]
hi2s2                   0x20031390    0x40  Data  Gb  waverecorder.o [1]
hi2s3                   0x200314bc    0x40  Data  Gb  waveplayer _CS43L22.o [1]
hpcd                    0x2003079c   0x3c0  Data  Gb  usbd_conf_f4.o [1]
hspi4                   0x20031458    0x64  Data  Gb  main.o [1]
hspi5                   0x20030dbc    0x64  Data  Gb  waverecorder.o [1]
hspi6                   0x20030e20    0x64  Data  Gb  waverecorder.o [1]
huart3                  0x200313e8    0x70  Data  Gb  main.o [1]
idxFrmPDMMic8           0x20031562     0x2  Data  Gb  waverecorder.o [1]
idxMic7                 0x20030ef2     0x2  Data  Gb  waverecorder.o [1]
idxMic8                 0x20030ef0     0x2  Data  Gb  waverecorder.o [1]
idxSPI5DataBuf3         0x2001003e     0x2  Data  Gb  main.o [1]
init_mparams            0x0801363b    0x32  Code  Lc  dlmalloc.o [3]
init_top                0x0801366d    0x34  Code  Lc  dlmalloc.o [3]
main                    0x08015ac9   0x2ea  Code  Gb  main.o [1]
mparams                 0x20031538    0x18  Data  Lc  dlmalloc.o [3]
pDataMic7               0x20030f80    0x80  Data  Gb  waverecorder.o [1]
pDataMic8               0x20030f00    0x80  Data  Gb  waverecorder.o [1]
pcSTAComnd              0x2001164c    0x50  Data  Gb  sta321mp.o [1]
pcSTAComnd1             0x2001169c     0x2  Data  Gb  sta321mp.o [1]
pcSTAComnd2             0x200116a0    0x24  Data  Gb  sta321mp.o [1]
prepend_alloc           0x080136a1   0x36c  Code  Lc  dlmalloc.o [3]
segment_holding         0x08013621    0x1a  Code  Lc  dlmalloc.o [3]
sqrt                    0x0801c6cd          Code  Gb  sqrt.o [6]
sqrtl                   0x0801c6cd          Code  Gb  sqrt.o [6]
stm32_crc               0x20011280     0x4  Data  Gb  pdm_filter.o [5]
swtBufUSBOut            0x20031566     0x1  Data  Gb  audio_application.o [1]
swtSDO7                 0x20030eec     0x1  Data  Gb  waverecorder.o [1]
swtSDO8                 0x20030eed     0x1  Data  Gb  waverecorder.o [1]
sys_alloc               0x08013a0d   0x386  Code  Lc  dlmalloc.o [3]
tmalloc_large           0x08013da1   0x390  Code  Lc  dlmalloc.o [3]
tmalloc_small           0x08014131   0x210  Code  Lc  dlmalloc.o [3]
twiddleCoef_1024        0x08002148  0x2000  Data  Gb  arm_common_tables.o [4]
twiddleCoef_128         0x08000548   0x400  Data  Gb  arm_common_tables.o [4]
twiddleCoef_16          0x080001c8    0x80  Data  Gb  arm_common_tables.o [4]
twiddleCoef_2048        0x08004148  0x4000  Data  Gb  arm_common_tables.o [4]
twiddleCoef_256         0x08000948   0x800  Data  Gb  arm_common_tables.o [4]
twiddleCoef_32          0x08000248   0x100  Data  Gb  arm_common_tables.o [4]
twiddleCoef_512         0x08001148  0x1000  Data  Gb  arm_common_tables.o [4]
twiddleCoef_64          0x08000348   0x200  Data  Gb  arm_common_tables.o [4]
twiddleCoef_rfft_1024   0x0800c620  0x1000  Data  Gb  arm_common_tables.o [4]
twiddleCoef_rfft_128    0x0800b820   0x200  Data  Gb  arm_common_tables.o [4]
twiddleCoef_rfft_2048   0x0800d620  0x2000  Data  Gb  arm_common_tables.o [4]
twiddleCoef_rfft_256    0x0800ba20   0x400  Data  Gb  arm_common_tables.o [4]
twiddleCoef_rfft_32     0x0800b6a0    0x80  Data  Gb  arm_common_tables.o [4]
twiddleCoef_rfft_4096   0x0800f620  0x4000  Data  Gb  arm_common_tables.o [4]
twiddleCoef_rfft_512    0x0800be20   0x800  Data  Gb  arm_common_tables.o [4]
twiddleCoef_rfft_64     0x0800b720   0x100  Data  Gb  arm_common_tables.o [4]
uwTick                  0x20031554     0x4  Data  Lc  stm32f7xx_hal.o [1]
vRawSens1               0x200313da     0x2  Data  Gb  waverecorder.o [1]
vRawSens2               0x200313dc     0x2  Data  Gb  waverecorder.o [1]
vRawSens3               0x200313e0     0x2  Data  Gb  waverecorder.o [1]
vRawSens4               0x200313de     0x2  Data  Gb  waverecorder.o [1]
vRawSens5               0x200313e2     0x2  Data  Gb  waverecorder.o [1]
vRawSens6               0x200313e4     0x2  Data  Gb  waverecorder.o [1]
vol_table               0x0801d174    0x84  Data  Gb  usbd_audio_if.o [1]
volume                  0x20011784     0x1  Data  Gb  waveplayer _CS43L22.o [1]


[1] = D:\sop1hc\Github\data\Mic_Array_V00\USB_STREAMING\Mic_Array\Projects\STM32746G\Applications\Audio\Mic_Array\EWARM\STM32F7\Obj
[2] = command line
[3] = dl7M_tlf.a
[4] = iar_cortexM7ls_math.a
[5] = libPDMFilter_CM7_IAR.a
[6] = m7M_tls.a
[7] = rt7M_tl.a
[8] = shb_l.a

   48 250 bytes of readonly  code memory
   79 831 bytes of readonly  data memory
  152 934 bytes of readwrite data memory

Errors: none
Warnings: none
