###############################################################################
#
# IAR ELF Linker V7.50.2.10312/W32 for ARM                16/Mar/2016  16:45:50
# Copyright 2007-2015 IAR Systems AB.
#
#    Output file  =  
#        D:\sop1hc\Github\data\Mic_Array_V00\USB_STREAMING\Mic_Array\Projects\STM32746G\Applications\Audio\Mic_Array\EWARM\STM32F7\Exe\Project.out
#    Map file     =  
#        D:\sop1hc\Github\data\Mic_Array_V00\USB_STREAMING\Mic_Array\Projects\STM32746G\Applications\Audio\Mic_Array\EWARM\STM32F7\List\Project.map
#    Command line =  
#        D:\sop1hc\Github\data\Mic_Array_V00\USB_STREAMING\Mic_Array\Projects\STM32746G\Applications\Audio\Mic_Array\EWARM\STM32F7\Obj\audio_application.o
#        D:\sop1hc\Github\data\Mic_Array_V00\USB_STREAMING\Mic_Array\Projects\STM32746G\Applications\Audio\Mic_Array\EWARM\STM32F7\Obj\audio_codec.o
#        D:\sop1hc\Github\data\Mic_Array_V00\USB_STREAMING\Mic_Array\Projects\STM32746G\Applications\Audio\Mic_Array\EWARM\STM32F7\Obj\DSP.o
#        D:\sop1hc\Github\data\Mic_Array_V00\USB_STREAMING\Mic_Array\Projects\STM32746G\Applications\Audio\Mic_Array\EWARM\STM32F7\Obj\ff.o
#        D:\sop1hc\Github\data\Mic_Array_V00\USB_STREAMING\Mic_Array\Projects\STM32746G\Applications\Audio\Mic_Array\EWARM\STM32F7\Obj\ft5336.o
#        D:\sop1hc\Github\data\Mic_Array_V00\USB_STREAMING\Mic_Array\Middlewares\ST\STM32_Audio\Addons\PDM\libPDMFilter_CM7_IAR.a
#        D:\sop1hc\Github\data\Mic_Array_V00\USB_STREAMING\Mic_Array\Projects\STM32746G\Applications\Audio\Mic_Array\EWARM\STM32F7\Obj\main.o
#        D:\sop1hc\Github\data\Mic_Array_V00\USB_STREAMING\Mic_Array\Projects\STM32746G\Applications\Audio\Mic_Array\EWARM\STM32F7\Obj\sta321mp.o
#        D:\sop1hc\Github\data\Mic_Array_V00\USB_STREAMING\Mic_Array\Projects\STM32746G\Applications\Audio\Mic_Array\EWARM\STM32F7\Obj\startup_stm32f746xx.o
#        D:\sop1hc\Github\data\Mic_Array_V00\USB_STREAMING\Mic_Array\Projects\STM32746G\Applications\Audio\Mic_Array\EWARM\STM32F7\Obj\stm32746g_discovery.o
#        D:\sop1hc\Github\data\Mic_Array_V00\USB_STREAMING\Mic_Array\Projects\STM32746G\Applications\Audio\Mic_Array\EWARM\STM32F7\Obj\stm32746g_discovery_lcd.o
#        D:\sop1hc\Github\data\Mic_Array_V00\USB_STREAMING\Mic_Array\Projects\STM32746G\Applications\Audio\Mic_Array\EWARM\STM32F7\Obj\stm32746g_discovery_sdram.o
#        D:\sop1hc\Github\data\Mic_Array_V00\USB_STREAMING\Mic_Array\Projects\STM32746G\Applications\Audio\Mic_Array\EWARM\STM32F7\Obj\stm32746g_discovery_ts.o
#        D:\sop1hc\Github\data\Mic_Array_V00\USB_STREAMING\Mic_Array\Projects\STM32746G\Applications\Audio\Mic_Array\EWARM\STM32F7\Obj\stm32f7xx_hal.o
#        D:\sop1hc\Github\data\Mic_Array_V00\USB_STREAMING\Mic_Array\Projects\STM32746G\Applications\Audio\Mic_Array\EWARM\STM32F7\Obj\stm32f7xx_hal_cortex.o
#        D:\sop1hc\Github\data\Mic_Array_V00\USB_STREAMING\Mic_Array\Projects\STM32746G\Applications\Audio\Mic_Array\EWARM\STM32F7\Obj\stm32f7xx_hal_dma.o
#        D:\sop1hc\Github\data\Mic_Array_V00\USB_STREAMING\Mic_Array\Projects\STM32746G\Applications\Audio\Mic_Array\EWARM\STM32F7\Obj\stm32f7xx_hal_dma2d.o
#        D:\sop1hc\Github\data\Mic_Array_V00\USB_STREAMING\Mic_Array\Projects\STM32746G\Applications\Audio\Mic_Array\EWARM\STM32F7\Obj\stm32f7xx_hal_dma_ex.o
#        D:\sop1hc\Github\data\Mic_Array_V00\USB_STREAMING\Mic_Array\Projects\STM32746G\Applications\Audio\Mic_Array\EWARM\STM32F7\Obj\stm32f7xx_hal_flash.o
#        D:\sop1hc\Github\data\Mic_Array_V00\USB_STREAMING\Mic_Array\Projects\STM32746G\Applications\Audio\Mic_Array\EWARM\STM32F7\Obj\stm32f7xx_hal_flash_ex.o
#        D:\sop1hc\Github\data\Mic_Array_V00\USB_STREAMING\Mic_Array\Projects\STM32746G\Applications\Audio\Mic_Array\EWARM\STM32F7\Obj\stm32f7xx_hal_gpio.o
#        D:\sop1hc\Github\data\Mic_Array_V00\USB_STREAMING\Mic_Array\Projects\STM32746G\Applications\Audio\Mic_Array\EWARM\STM32F7\Obj\stm32f7xx_hal_hcd.o
#        D:\sop1hc\Github\data\Mic_Array_V00\USB_STREAMING\Mic_Array\Projects\STM32746G\Applications\Audio\Mic_Array\EWARM\STM32F7\Obj\stm32f7xx_hal_i2c.o
#        D:\sop1hc\Github\data\Mic_Array_V00\USB_STREAMING\Mic_Array\Projects\STM32746G\Applications\Audio\Mic_Array\EWARM\STM32F7\Obj\stm32f7xx_hal_i2c_ex.o
#        D:\sop1hc\Github\data\Mic_Array_V00\USB_STREAMING\Mic_Array\Projects\STM32746G\Applications\Audio\Mic_Array\EWARM\STM32F7\Obj\stm32f7xx_hal_i2s.o
#        D:\sop1hc\Github\data\Mic_Array_V00\USB_STREAMING\Mic_Array\Projects\STM32746G\Applications\Audio\Mic_Array\EWARM\STM32F7\Obj\stm32f7xx_hal_ltdc.o
#        D:\sop1hc\Github\data\Mic_Array_V00\USB_STREAMING\Mic_Array\Projects\STM32746G\Applications\Audio\Mic_Array\EWARM\STM32F7\Obj\stm32f7xx_hal_pcd.o
#        D:\sop1hc\Github\data\Mic_Array_V00\USB_STREAMING\Mic_Array\Projects\STM32746G\Applications\Audio\Mic_Array\EWARM\STM32F7\Obj\stm32f7xx_hal_pcd_ex.o
#        D:\sop1hc\Github\data\Mic_Array_V00\USB_STREAMING\Mic_Array\Projects\STM32746G\Applications\Audio\Mic_Array\EWARM\STM32F7\Obj\stm32f7xx_hal_pwr.o
#        D:\sop1hc\Github\data\Mic_Array_V00\USB_STREAMING\Mic_Array\Projects\STM32746G\Applications\Audio\Mic_Array\EWARM\STM32F7\Obj\stm32f7xx_hal_pwr_ex.o
#        D:\sop1hc\Github\data\Mic_Array_V00\USB_STREAMING\Mic_Array\Projects\STM32746G\Applications\Audio\Mic_Array\EWARM\STM32F7\Obj\stm32f7xx_hal_rcc.o
#        D:\sop1hc\Github\data\Mic_Array_V00\USB_STREAMING\Mic_Array\Projects\STM32746G\Applications\Audio\Mic_Array\EWARM\STM32F7\Obj\stm32f7xx_hal_rcc_ex.o
#        D:\sop1hc\Github\data\Mic_Array_V00\USB_STREAMING\Mic_Array\Projects\STM32746G\Applications\Audio\Mic_Array\EWARM\STM32F7\Obj\stm32f7xx_hal_sai.o
#        D:\sop1hc\Github\data\Mic_Array_V00\USB_STREAMING\Mic_Array\Projects\STM32746G\Applications\Audio\Mic_Array\EWARM\STM32F7\Obj\stm32f7xx_hal_sai_ex.o
#        D:\sop1hc\Github\data\Mic_Array_V00\USB_STREAMING\Mic_Array\Projects\STM32746G\Applications\Audio\Mic_Array\EWARM\STM32F7\Obj\stm32f7xx_hal_sdram.o
#        D:\sop1hc\Github\data\Mic_Array_V00\USB_STREAMING\Mic_Array\Projects\STM32746G\Applications\Audio\Mic_Array\EWARM\STM32F7\Obj\stm32f7xx_hal_spi.o
#        D:\sop1hc\Github\data\Mic_Array_V00\USB_STREAMING\Mic_Array\Projects\STM32746G\Applications\Audio\Mic_Array\EWARM\STM32F7\Obj\stm32f7xx_hal_sram.o
#        D:\sop1hc\Github\data\Mic_Array_V00\USB_STREAMING\Mic_Array\Projects\STM32746G\Applications\Audio\Mic_Array\EWARM\STM32F7\Obj\stm32f7xx_hal_tim.o
#        D:\sop1hc\Github\data\Mic_Array_V00\USB_STREAMING\Mic_Array\Projects\STM32746G\Applications\Audio\Mic_Array\EWARM\STM32F7\Obj\stm32f7xx_hal_tim_ex.o
#        D:\sop1hc\Github\data\Mic_Array_V00\USB_STREAMING\Mic_Array\Projects\STM32746G\Applications\Audio\Mic_Array\EWARM\STM32F7\Obj\stm32f7xx_hal_uart.o
#        D:\sop1hc\Github\data\Mic_Array_V00\USB_STREAMING\Mic_Array\Projects\STM32746G\Applications\Audio\Mic_Array\EWARM\STM32F7\Obj\stm32f7xx_it.o
#        D:\sop1hc\Github\data\Mic_Array_V00\USB_STREAMING\Mic_Array\Projects\STM32746G\Applications\Audio\Mic_Array\EWARM\STM32F7\Obj\stm32f7xx_ll_fmc.o
#        D:\sop1hc\Github\data\Mic_Array_V00\USB_STREAMING\Mic_Array\Projects\STM32746G\Applications\Audio\Mic_Array\EWARM\STM32F7\Obj\stm32f7xx_ll_usb.o
#        D:\sop1hc\Github\data\Mic_Array_V00\USB_STREAMING\Mic_Array\Projects\STM32746G\Applications\Audio\Mic_Array\EWARM\STM32F7\Obj\system_stm32f7xx.o
#        D:\sop1hc\Github\data\Mic_Array_V00\USB_STREAMING\Mic_Array\Projects\STM32746G\Applications\Audio\Mic_Array\EWARM\STM32F7\Obj\usbd_audio_if.o
#        D:\sop1hc\Github\data\Mic_Array_V00\USB_STREAMING\Mic_Array\Projects\STM32746G\Applications\Audio\Mic_Array\EWARM\STM32F7\Obj\usbd_audio_in.o
#        D:\sop1hc\Github\data\Mic_Array_V00\USB_STREAMING\Mic_Array\Projects\STM32746G\Applications\Audio\Mic_Array\EWARM\STM32F7\Obj\usbd_conf_f4.o
#        D:\sop1hc\Github\data\Mic_Array_V00\USB_STREAMING\Mic_Array\Projects\STM32746G\Applications\Audio\Mic_Array\EWARM\STM32F7\Obj\usbd_core.o
#        D:\sop1hc\Github\data\Mic_Array_V00\USB_STREAMING\Mic_Array\Projects\STM32746G\Applications\Audio\Mic_Array\EWARM\STM32F7\Obj\usbd_ctlreq.o
#        D:\sop1hc\Github\data\Mic_Array_V00\USB_STREAMING\Mic_Array\Projects\STM32746G\Applications\Audio\Mic_Array\EWARM\STM32F7\Obj\usbd_desc.o
#        D:\sop1hc\Github\data\Mic_Array_V00\USB_STREAMING\Mic_Array\Projects\STM32746G\Applications\Audio\Mic_Array\EWARM\STM32F7\Obj\usbd_ioreq.o
#        D:\sop1hc\Github\data\Mic_Array_V00\USB_STREAMING\Mic_Array\Projects\STM32746G\Applications\Audio\Mic_Array\EWARM\STM32F7\Obj\usbh_conf.o
#        D:\sop1hc\Github\data\Mic_Array_V00\USB_STREAMING\Mic_Array\Projects\STM32746G\Applications\Audio\Mic_Array\EWARM\STM32F7\Obj\usbh_core.o
#        D:\sop1hc\Github\data\Mic_Array_V00\USB_STREAMING\Mic_Array\Projects\STM32746G\Applications\Audio\Mic_Array\EWARM\STM32F7\Obj\usbh_ctlreq.o
#        D:\sop1hc\Github\data\Mic_Array_V00\USB_STREAMING\Mic_Array\Projects\STM32746G\Applications\Audio\Mic_Array\EWARM\STM32F7\Obj\usbh_diskio.o
#        D:\sop1hc\Github\data\Mic_Array_V00\USB_STREAMING\Mic_Array\Projects\STM32746G\Applications\Audio\Mic_Array\EWARM\STM32F7\Obj\usbh_ioreq.o
#        D:\sop1hc\Github\data\Mic_Array_V00\USB_STREAMING\Mic_Array\Projects\STM32746G\Applications\Audio\Mic_Array\EWARM\STM32F7\Obj\usbh_msc.o
#        D:\sop1hc\Github\data\Mic_Array_V00\USB_STREAMING\Mic_Array\Projects\STM32746G\Applications\Audio\Mic_Array\EWARM\STM32F7\Obj\usbh_msc_bot.o
#        D:\sop1hc\Github\data\Mic_Array_V00\USB_STREAMING\Mic_Array\Projects\STM32746G\Applications\Audio\Mic_Array\EWARM\STM32F7\Obj\usbh_msc_scsi.o
#        D:\sop1hc\Github\data\Mic_Array_V00\USB_STREAMING\Mic_Array\Projects\STM32746G\Applications\Audio\Mic_Array\EWARM\STM32F7\Obj\usbh_pipes.o
#        "D:\sop1hc\Github\data\Mic_Array_V00\USB_STREAMING\Mic_Array\Projects\STM32746G\Applications\Audio\Mic_Array\EWARM\STM32F7\Obj\waveplayer
#        _CS43L22.o"
#        D:\sop1hc\Github\data\Mic_Array_V00\USB_STREAMING\Mic_Array\Projects\STM32746G\Applications\Audio\Mic_Array\EWARM\STM32F7\Obj\waverecorder.o
#        --redirect _Printf=_PrintfSmall --redirect _Scanf=_ScanfSmall -o
#        D:\sop1hc\Github\data\Mic_Array_V00\USB_STREAMING\Mic_Array\Projects\STM32746G\Applications\Audio\Mic_Array\EWARM\STM32F7\Exe\Project.out
#        --map
#        D:\sop1hc\Github\data\Mic_Array_V00\USB_STREAMING\Mic_Array\Projects\STM32746G\Applications\Audio\Mic_Array\EWARM\STM32F7\List\Project.map
#        --config
#        D:\sop1hc\Github\data\Mic_Array_V00\USB_STREAMING\Mic_Array\Projects\STM32746G\Applications\Audio\Mic_Array\EWARM\Project.icf
#        --semihosting --entry __iar_program_start --no_exceptions "D:\Program
#        Files (x86)\IAR Systems\Embedded Workbench
#        7.3\arm\CMSIS\Lib\IAR\iar_cortexM7ls_math.a" --vfe
#
###############################################################################

*******************************************************************************
*** RUNTIME MODEL ATTRIBUTES
***

CppFlavor                     = *
__Heap_Handler                = DLMalloc
__SystemLibrary               = DLib
__dlib_dynamic_initialization = normal


*******************************************************************************
*** PLACEMENT SUMMARY
***

"A1":  place at 0x08000000 { ro section .intvec };
"P1":  place in [from 0x00000000 to 0x00000000] |
                [from 0x08000000 to 0x080fffff] { ro };
"P3":  place in [from 0x20000000 to 0x2000ffff] |
                [from 0x20010000 to 0x2004ffff] { rw, block CSTACK, block HEAP };

  Section             Kind        Address     Size  Object
  -------             ----        -------     ----  ------
"A1":                                        0x1c8
  .intvec             ro code  0x08000000    0x1c8  startup_stm32f746xx.o [1]
                             - 0x080001c8    0x1c8

"P1":                                      0x22923
  .rodata             const    0x080001c8  0x13458  arm_common_tables.o [4]
  .text               ro code  0x08013620   0x14f0  dlmalloc.o [3]
  .text               ro code  0x08014b10      0x6  abort.o [3]
  .text               ro code  0x08014b16      0xa  xsprout.o [3]
  .text               ro code  0x08014b20     0x2c  xgetmemchunk.o [3]
  .text               ro code  0x08014b4c     0x14  exit.o [8]
  .text               ro code  0x08014b60     0x30  iarttio.o [8]
  .text               ro code  0x08014b90      0x8  XShttio.o [3]
  .text               ro code  0x08014b98    0xfd0  stm32f7xx_hal_dma.o [1]
  .text               ro code  0x08015b68    0xdec  waverecorder.o [1]
  .text               ro code  0x08016954    0x228  stm32f7xx_hal_gpio.o [1]
  .text               ro code  0x08016b7c    0x550  pdm_filter.o [5]
  .text               ro code  0x080170cc    0x110  stm32f7xx_hal_i2s.o [1]
  .text               ro code  0x080171dc    0x7d4  stm32f7xx_hal_spi.o [1]
  .text               ro code  0x080179b0     0xd0  stm32f7xx_hal_cortex.o [1]
  .text               ro code  0x08017a80    0xb6c  DSP.o [1]
  .text               ro code  0x080185ec     0x1c  FltCmpEq.o [6]
  .text               ro code  0x08018608      0xe  U32ToFlt.o [6]
  .text               ro code  0x08018618     0x24  FltCmpLe.o [6]
  .text               ro code  0x0801863c     0x12  FltMul.o [6]
  .text               ro code  0x08018650     0x4e  FltToDbl.o [6]
  .text               ro code  0x080186a0     0x30  I32ToDbl.o [6]
  .text               ro code  0x080186d0    0x256  DblDiv.o [6]
  .text               ro code  0x08018928     0xe8  DblAdd.o [6]
  .text               ro code  0x08018a10     0x4c  DblToI32.o [6]
  .text               ro code  0x08018a5c    0x1a2  DblMul.o [6]
  .text               ro code  0x08018c00     0x90  DblToFlt.o [6]
  .text               ro code  0x08018c90    0x462  xsin.o [6]
  .text               ro code  0x080190f4    0x180  DblSub.o [6]
  .text               ro code  0x08019274     0xf0  sqrt.o [6]
  .text               ro code  0x08019364    0x9e8  audio_codec.o [1]
  .text               ro code  0x08019d4c     0x80  stm32f7xx_hal.o [1]
  .text               ro code  0x08019dcc    0x132  I64DivMod.o [7]
  .text               ro code  0x08019f00    0x188  arm_rfft_fast_f32.o [4]
  .text               ro code  0x0801a088    0x130  arm_cmplx_conj_f32.o [4]
  .text               ro code  0x0801a1b8    0x156  arm_cmplx_mult_cmplx_f32.o [4]
  .text               ro code  0x0801a310    0x15a  arm_cmplx_mag_f32.o [4]
  .text               ro code  0x0801a46c     0x9c  arm_max_f32.o [4]
  .text               ro code  0x0801a508     0x6e  floor.o [6]
  .text               ro code  0x0801a578     0x76  ABImemcpy_unaligned.o [7]
  .text               ro code  0x0801a5f0     0x2e  DblCmpLe.o [6]
  .text               ro code  0x0801a620     0x2e  DblCmpGe.o [6]
  .text               ro code  0x0801a650      0xc  errno.o [3]
  .text               ro code  0x0801a65c    0x168  xquad.o [6]
  .text               ro code  0x0801a7c4      0xc  iarEdom.o [7]
  .text               ro code  0x0801a7d0    0xbac  main.o [1]
  .text               ro code  0x0801b37c    0x998  stm32f7xx_hal_i2c.o [1]
  .text               ro code  0x0801bd14     0x60  waveplayer _CS43L22.o [1]
  .text               ro code  0x0801bd74     0x76  stm32f7xx_hal_i2c_ex.o [1]
  .text               ro code  0x0801bdec    0x624  stm32f7xx_hal_rcc.o [1]
  .text               ro code  0x0801c410      0x2  I64DivZer.o [7]
  .text               ro code  0x0801c414    0x6fc  arm_cfft_f32.o [4]
  .text               ro code  0x0801cb10      0x2  xtls.o [3]
  .text               ro code  0x0801cb12     0x7a  xdint.o [6]
  .text               ro code  0x0801cb8c     0x20  DblCmpEq.o [6]
  .text               ro code  0x0801cbac    0x1a8  fmod.o [6]
  .text               ro code  0x0801cd54     0xf4  audio_application.o [1]
  .text               ro code  0x0801ce48    0x660  stm32f7xx_hal_rcc_ex.o [1]
  .text               ro code  0x0801d4a8    0x28c  stm32746g_discovery_sdram.o [1]
  .text               ro code  0x0801d734     0xc4  stm32746g_discovery.o [1]
  .text               ro code  0x0801d7f8    0x144  arm_rfft_fast_init_f32.o [4]
  .text               ro code  0x0801d93c    0xaa0  sta321mp.o [1]
  .text               ro code  0x0801e3dc    0x84c  usbd_audio_in.o [1]
  .text               ro code  0x0801ec28    0x2a6  usbd_core.o [1]
  .text               ro code  0x0801eed0     0x34  sprintf.o [3]
  .text               ro code  0x0801ef04    0x6fa  stm32f7xx_hal_uart.o [1]
  .text               ro code  0x0801f600     0x74  stm32f7xx_hal_pwr_ex.o [1]
  .text               ro code  0x0801f674    0x560  arm_cfft_radix8_f32.o [4]
  .text               ro code  0x0801fbd4     0xc0  arm_bitreversal2.o [4]
  .text               ro code  0x0801fc94     0xe0  usbd_audio_if.o [1]
  .text               ro code  0x0801fd74     0x96  stm32f7xx_hal_sdram.o [1]
  .text               ro code  0x0801fe0c    0x236  usbd_conf_f4.o [1]
  .text               ro code  0x08020042     0x9c  usbd_ioreq.o [1]
  .text               ro code  0x080200e0    0x454  usbd_ctlreq.o [1]
  .text               ro code  0x08020534      0x6  ABImemclr.o [7]
  .text               ro code  0x0802053c    0x7c4  xprintfsmall.o [3]
  .text               ro code  0x08020d00    0x158  stm32f7xx_ll_fmc.o [1]
  .text               ro code  0x08020e58    0x838  stm32f7xx_hal_pcd.o [1]
  .text               ro code  0x08021690     0x72  stm32f7xx_hal_pcd_ex.o [1]
  .text               ro code  0x08021704     0x5e  ABImemset.o [7]
  .text               ro code  0x08021762     0x20  xmbtowc.o [3]
  .text               ro code  0x08021784     0x16  strchr.o [7]
  .text               ro code  0x0802179c     0x36  strlen.o [7]
  .text               ro code  0x080217d4     0x58  memchr.o [7]
  .text               ro code  0x0802182c      0xa  xmbcurmax.o [3]
  .text               ro code  0x08021836     0x1a  xwctomb.o [3]
  .text               ro code  0x08021850    0x928  stm32f7xx_ll_usb.o [1]
  .text               ro code  0x08022178     0x14  setlocale.o [3]
  .text               ro code  0x0802218c     0x60  xencoding_sb.o [3]
  .text               ro code  0x080221ec    0x1c4  lz77_init.o [7]
  .text               ro code  0x080223b0     0xf0  usbd_desc.o [1]
  .text               ro code  0x080224a0     0x68  stm32f7xx_it.o [1]
  .text               ro code  0x08022508     0x4c  system_stm32f7xx.o [1]
  .text               ro code  0x08022554     0x40  zero_init3.o [7]
  .text               ro code  0x08022594     0x28  data_init.o [7]
  .text               ro code  0x080225bc     0x22  fpinit_M.o [6]
  .iar.init_table     const    0x080225e0     0x34  - Linker created -
  .text               ro code  0x08022614     0x1a  cmain.o [7]
  .text               ro code  0x0802262e      0x4  low_level_init.o [3]
  .text               ro code  0x08022632      0x4  exit.o [3]
  .text               ro code  0x08022638      0xa  cexit.o [7]
  .text               ro code  0x08022644     0x10  startup_stm32f746xx.o [1]
  .text               ro code  0x08022654      0xc  cstartup_M.o [7]
  .text               ro code  0x08022660      0x4  startup_stm32f746xx.o [1]
  .text               ro code  0x08022664      0x4  startup_stm32f746xx.o [1]
  .text               ro code  0x08022668      0x4  startup_stm32f746xx.o [1]
  .text               ro code  0x0802266c      0x4  startup_stm32f746xx.o [1]
  .text               ro code  0x08022670      0x4  startup_stm32f746xx.o [1]
  .text               ro code  0x08022674      0x4  startup_stm32f746xx.o [1]
  .text               ro code  0x08022678      0x4  startup_stm32f746xx.o [1]
  .text               ro code  0x0802267c      0x4  startup_stm32f746xx.o [1]
  .text               ro code  0x08022680      0x4  startup_stm32f746xx.o [1]
  .text               ro code  0x08022684      0x4  startup_stm32f746xx.o [1]
  .text               ro code  0x08022688      0x4  startup_stm32f746xx.o [1]
  .text               ro code  0x0802268c      0x4  startup_stm32f746xx.o [1]
  .text               ro code  0x08022690      0x4  startup_stm32f746xx.o [1]
  .text               ro code  0x08022694      0x4  startup_stm32f746xx.o [1]
  .text               ro code  0x08022698      0x4  startup_stm32f746xx.o [1]
  .text               ro code  0x0802269c      0x4  startup_stm32f746xx.o [1]
  .text               ro code  0x080226a0      0x4  startup_stm32f746xx.o [1]
  .text               ro code  0x080226a4      0x4  startup_stm32f746xx.o [1]
  .text               ro code  0x080226a8      0x4  startup_stm32f746xx.o [1]
  .text               ro code  0x080226ac      0x4  startup_stm32f746xx.o [1]
  .text               ro code  0x080226b0      0x4  startup_stm32f746xx.o [1]
  .text               ro code  0x080226b4      0x4  startup_stm32f746xx.o [1]
  .text               ro code  0x080226b8      0x4  startup_stm32f746xx.o [1]
  .text               ro code  0x080226bc      0x4  startup_stm32f746xx.o [1]
  .text               ro code  0x080226c0      0x4  startup_stm32f746xx.o [1]
  .text               ro code  0x080226c4      0x4  startup_stm32f746xx.o [1]
  .text               ro code  0x080226c8      0x4  startup_stm32f746xx.o [1]
  .text               ro code  0x080226cc      0x4  startup_stm32f746xx.o [1]
  .text               ro code  0x080226d0      0x4  startup_stm32f746xx.o [1]
  .text               ro code  0x080226d4      0x4  startup_stm32f746xx.o [1]
  .text               ro code  0x080226d8      0x4  startup_stm32f746xx.o [1]
  .text               ro code  0x080226dc      0x4  startup_stm32f746xx.o [1]
  .text               ro code  0x080226e0      0x4  startup_stm32f746xx.o [1]
  .text               ro code  0x080226e4      0x4  startup_stm32f746xx.o [1]
  .text               ro code  0x080226e8      0x4  startup_stm32f746xx.o [1]
  .text               ro code  0x080226ec      0x4  startup_stm32f746xx.o [1]
  .text               ro code  0x080226f0      0x4  startup_stm32f746xx.o [1]
  .text               ro code  0x080226f4      0x4  startup_stm32f746xx.o [1]
  .text               ro code  0x080226f8      0x4  startup_stm32f746xx.o [1]
  .text               ro code  0x080226fc      0x4  startup_stm32f746xx.o [1]
  .text               ro code  0x08022700      0x4  startup_stm32f746xx.o [1]
  .text               ro code  0x08022704      0x4  startup_stm32f746xx.o [1]
  .text               ro code  0x08022708      0x4  startup_stm32f746xx.o [1]
  .text               ro code  0x0802270c      0x4  startup_stm32f746xx.o [1]
  .text               ro code  0x08022710      0x4  startup_stm32f746xx.o [1]
  .text               ro code  0x08022714      0x4  startup_stm32f746xx.o [1]
  .text               ro code  0x08022718      0x4  startup_stm32f746xx.o [1]
  .text               ro code  0x0802271c      0x4  startup_stm32f746xx.o [1]
  .text               ro code  0x08022720      0x4  startup_stm32f746xx.o [1]
  .text               ro code  0x08022724      0x4  startup_stm32f746xx.o [1]
  .text               ro code  0x08022728      0x4  startup_stm32f746xx.o [1]
  .text               ro code  0x0802272c      0x4  startup_stm32f746xx.o [1]
  .text               ro code  0x08022730      0x4  startup_stm32f746xx.o [1]
  .text               ro code  0x08022734      0x4  startup_stm32f746xx.o [1]
  .text               ro code  0x08022738      0x4  startup_stm32f746xx.o [1]
  .text               ro code  0x0802273c      0x4  startup_stm32f746xx.o [1]
  .text               ro code  0x08022740      0x4  startup_stm32f746xx.o [1]
  .text               ro code  0x08022744      0x4  startup_stm32f746xx.o [1]
  .text               ro code  0x08022748      0x4  startup_stm32f746xx.o [1]
  .text               ro code  0x0802274c      0x4  startup_stm32f746xx.o [1]
  .text               ro code  0x08022750      0x4  startup_stm32f746xx.o [1]
  .text               ro code  0x08022754      0x4  startup_stm32f746xx.o [1]
  .text               ro code  0x08022758      0x4  startup_stm32f746xx.o [1]
  .text               ro code  0x0802275c      0x4  startup_stm32f746xx.o [1]
  .text               ro code  0x08022760      0x4  startup_stm32f746xx.o [1]
  .text               ro code  0x08022764      0x4  startup_stm32f746xx.o [1]
  .text               ro code  0x08022768      0x4  startup_stm32f746xx.o [1]
  .text               ro code  0x0802276c      0x4  startup_stm32f746xx.o [1]
  .text               ro code  0x08022770      0x4  startup_stm32f746xx.o [1]
  .text               ro code  0x08022774      0x4  startup_stm32f746xx.o [1]
  .text               ro code  0x08022778      0x4  startup_stm32f746xx.o [1]
  .text               ro code  0x0802277c      0x4  startup_stm32f746xx.o [1]
  .text               ro code  0x08022780      0x4  startup_stm32f746xx.o [1]
  .text               ro code  0x08022784      0x4  startup_stm32f746xx.o [1]
  .text               ro code  0x08022788      0x4  startup_stm32f746xx.o [1]
  .text               ro code  0x0802278c      0x4  startup_stm32f746xx.o [1]
  .text               ro code  0x08022790      0x4  startup_stm32f746xx.o [1]
  .rodata             const    0x08022794      0x0  zero_init3.o [7]
  .rodata             const    0x08022794      0x0  lz77_init.o [7]
  Initializer bytes   const    0x08022794    0x357  <for P3 s0>
                             - 0x08022aeb  0x22923

"P3", part 1 of 3:                          0x1968
  P3 s0                        0x20010000   0x1968  <Init block>
    .data             inited   0x20010000   0x1394  main.o [1]
    .data             inited   0x20011394    0x304  pdm_filter.o [5]
    .data             inited   0x20011698     0x9c  audio_codec.o [1]
    .data             inited   0x20011734     0x9c  sta321mp.o [1]
    __DLIB_PERTHREAD  inited   0x200117d0     0x74  setlocale.o [3]
    .data             inited   0x20011844     0x62  stm32746g_discovery_sdram.o [1]
    .data             inited   0x200118a6      0x1  waveplayer _CS43L22.o [1]
    .data             inited   0x200118a8     0x38  usbd_audio_in.o [1]
    .data             inited   0x200118e0     0x24  usbd_audio_if.o [1]
    .data             inited   0x20011904     0x1c  usbd_desc.o [1]
    .data             inited   0x20011920     0x14  system_stm32f7xx.o [1]
    .data             inited   0x20011934     0x14  usbd_desc.o [1]
    .data             inited   0x20011948      0xc  usbd_audio_in.o [1]
    .data             inited   0x20011954      0x8  XShttio.o [3]
    .data             inited   0x2001195c      0x4  main.o [1]
    .data             inited   0x20011960      0x4  usbd_desc.o [1]
    __DLIB_PERTHREAD  inited   0x20011964      0x4  errno.o [3]
                             - 0x20011968   0x1968

"P3", part 2 of 3:                         0x18f48
  .bss                zero     0x20011968   0xc000  DSP.o [1]
  .bss                zero     0x2001d968   0x3014  main.o [1]
  .bss                zero     0x2002097c   0x2000  waverecorder.o [1]
  .bss                zero     0x2002297c   0x2000  waverecorder.o [1]
  .bss                zero     0x2002497c   0x2000  waverecorder.o [1]
  .bss                zero     0x2002697c   0x2000  waverecorder.o [1]
  .bss                zero     0x2002897c   0x1190  DSP.o [1]
  .bss                zero     0x20029b0c    0x3c0  usbd_conf_f4.o [1]
  .bss                zero     0x20029ecc    0x2e0  waverecorder.o [1]
  .bss                zero     0x2002a1ac    0x260  usbd_audio_in.o [1]
  .bss                zero     0x2002a40c    0x1d8  dlmalloc.o [3]
  .bss                zero     0x2002a5e4     0xc8  usbd_desc.o [1]
  .bss                zero     0x2002a6ac     0xa0  waverecorder.o [1]
  .bss                zero     0x2002a74c     0x64  main.o [1]
  .bss                zero     0x2002a7b0     0x50  stm32746g_discovery_sdram.o [1]
  .bss                zero     0x2002a800     0x40  waveplayer _CS43L22.o [1]
  .bss                zero     0x2002a840     0x3c  audio_codec.o [1]
  .bss                zero     0x2002a87c     0x18  dlmalloc.o [3]
  .bss                zero     0x2002a894      0x4  DSP.o [1]
  .bss                zero     0x2002a898      0x4  stm32f7xx_hal.o [1]
  .bss                zero     0x2002a89c      0x4  stm32f7xx_it.o [1]
  .bss                zero     0x2002a8a0      0x4  xgetmemchunk.o [3]
  .bss                zero     0x2002a8a4      0x2  main.o [1]
  .bss                zero     0x2002a8a6      0x2  waverecorder.o [1]
  .bss                zero     0x2002a8a8      0x2  waverecorder.o [1]
  .bss                zero     0x2002a8aa      0x1  audio_application.o [1]
  .bss                zero     0x2002a8ab      0x1  usbd_ctlreq.o [1]
  .bss                zero     0x2002a8ac      0x1  waverecorder.o [1]
                             - 0x2002a8ad  0x18f45

"P3", part 3 of 3:                          0x4000
  CSTACK                       0x2002a8b0   0x2000  <Block>
    CSTACK            uninit   0x2002a8b0   0x2000  <Block tail>
  HEAP                         0x2002c8b0   0x2000  <Block>
    HEAP              uninit   0x2002c8b0   0x2000  <Block tail>
                             - 0x2002e8b0   0x4000

Absolute sections:                         0x201e0
  .bss                zero     0xc0000000   0x80a0  waverecorder.o [1]
  .bss                zero     0xc00080a0   0x80a0  waverecorder.o [1]
  .bss                zero     0xc0010140   0x80a0  waverecorder.o [1]
  .bss                zero     0xc00181e0   0x4000  audio_application.o [1]
  .bss                zero     0xc001c1e0   0x4000  audio_application.o [1]
                             - 0xc00201e0  0x201e0


*******************************************************************************
*** INIT TABLE
***

          Address     Size
          -------     ----
Zero (__iar_zero_init3)
    2 destination ranges, total size 0x39125:
          0x20011968  0x18f45
          0xc0000000  0x201e0

Copy/lz77 (__iar_lz77_init3)
    1 source range, total size 0x357 (13% of destination):
          0x08022794    0x357
    1 destination range, total size 0x1968:
          0x20010000   0x1968



*******************************************************************************
*** MODULE SUMMARY
***

    Module                       ro code  ro data  rw data  rw data
                                                             (abs)
    ------                       -------  -------  -------  -------
D:\sop1hc\Github\data\Mic_Array_V00\USB_STREAMING\Mic_Array\Projects\STM32746G\Applications\Audio\Mic_Array\EWARM\STM32F7\Obj: [1]
    DSP.o                          2 924            53 652
    audio_application.o              244                 1   32 768
    audio_codec.o                  2 536       20      216
    main.o                         2 988      658   17 426
    sta321mp.o                     2 720       21      156
    startup_stm32f746xx.o            780
    stm32746g_discovery.o            196
    stm32746g_discovery_sdram.o      652       13      178
    stm32f7xx_hal.o                  128                 4
    stm32f7xx_hal_cortex.o           208
    stm32f7xx_hal_dma.o            4 048
    stm32f7xx_hal_gpio.o             552
    stm32f7xx_hal_i2c.o            2 456
    stm32f7xx_hal_i2c_ex.o           118
    stm32f7xx_hal_i2s.o              272
    stm32f7xx_hal_pcd.o            2 104
    stm32f7xx_hal_pcd_ex.o           114
    stm32f7xx_hal_pwr_ex.o           116
    stm32f7xx_hal_rcc.o            1 572
    stm32f7xx_hal_rcc_ex.o         1 632
    stm32f7xx_hal_sdram.o            150
    stm32f7xx_hal_spi.o            2 004
    stm32f7xx_hal_uart.o           1 786
    stm32f7xx_it.o                   104                 4
    stm32f7xx_ll_fmc.o               344
    stm32f7xx_ll_usb.o             2 344
    system_stm32f7xx.o                76        3       20
    usbd_audio_if.o                  224        4       36
    usbd_audio_in.o                2 124       10      676
    usbd_conf_f4.o                   566               960
    usbd_core.o                      678
    usbd_ctlreq.o                  1 108                 1
    usbd_desc.o                      240        7      252
    usbd_ioreq.o                     156
    waveplayer _CS43L22.o             96                65
    waverecorder.o                 3 564            33 669   98 784
    ---------------------------------------------------------------
    Total:                        41 924      736  107 316  131 552

command line: [2]
    ---------------------------------------------------------------
    Total:

dl7M_tlf.a: [3]
    XShttio.o                          8        1        8
    abort.o                            6
    dlmalloc.o                     5 360               496
    errno.o                           12        1        4
    exit.o                             4
    low_level_init.o                   4
    setlocale.o                       20       15      116
    sprintf.o                         52
    xencoding_sb.o                    96
    xgetmemchunk.o                    44                 4
    xmbcurmax.o                       10
    xmbtowc.o                         32
    xprintfsmall.o                 1 988
    xsprout.o                         10
    xtls.o                             2
    xwctomb.o                         26
    ---------------------------------------------------------------
    Total:                         7 674       17      628

iar_cortexM7ls_math.a: [4]
    arm_bitreversal2.o               192
    arm_cfft_f32.o                 1 788
    arm_cfft_radix8_f32.o          1 376
    arm_cmplx_conj_f32.o             304
    arm_cmplx_mag_f32.o              346
    arm_cmplx_mult_cmplx_f32.o       342
    arm_common_tables.o                    78 936
    arm_max_f32.o                    156
    arm_rfft_fast_f32.o              392
    arm_rfft_fast_init_f32.o         324
    ---------------------------------------------------------------
    Total:                         5 220   78 936

libPDMFilter_CM7_IAR.a: [5]
    pdm_filter.o                   1 360      102      772
    ---------------------------------------------------------------
    Total:                         1 360      102      772

m7M_tls.a: [6]
    DblAdd.o                         232
    DblCmpEq.o                        32
    DblCmpGe.o                        46
    DblCmpLe.o                        46
    DblDiv.o                         598
    DblMul.o                         418
    DblSub.o                         384
    DblToFlt.o                       144
    DblToI32.o                        76
    FltCmpEq.o                        28
    FltCmpLe.o                        36
    FltMul.o                          18
    FltToDbl.o                        78
    I32ToDbl.o                        48
    U32ToFlt.o                        14
    floor.o                          110
    fmod.o                           424
    fpinit_M.o                        34
    sqrt.o                           240
    xdint.o                          122
    xquad.o                          360
    xsin.o                         1 122
    ---------------------------------------------------------------
    Total:                         4 610

rt7M_tl.a: [7]
    ABImemclr.o                        6
    ABImemcpy_unaligned.o            118
    ABImemset.o                       94
    I64DivMod.o                      306
    I64DivZer.o                        2
    cexit.o                           10
    cmain.o                           26
    cstartup_M.o                      12
    data_init.o                       40
    iarEdom.o                         12
    lz77_init.o                      452
    memchr.o                          88
    strchr.o                          22
    strlen.o                          54
    zero_init3.o                      64
    ---------------------------------------------------------------
    Total:                         1 306

shb_l.a: [8]
    exit.o                            20
    iarttio.o                         48
    ---------------------------------------------------------------
    Total:                            68

    Gaps                              52        2        1
    Linker created                             52   16 384
-------------------------------------------------------------------
    Grand Total:                  62 214   79 845  125 101  131 552


*******************************************************************************
*** ENTRY LIST
***

Entry                      Address    Size  Type      Object
-----                      -------    ----  ----      ------
.iar.init_table$$Base   0x080225e0           --   Gb  - Linker created -
.iar.init_table$$Limit  0x08022614           --   Gb  - Linker created -
?main                   0x08022615          Code  Gb  cmain.o [7]
AHBPrescTable           0x20011924    0x10  Data  Gb  system_stm32f7xx.o [1]
APBAHBPrescTable        0x0801c400    0x10  Data  Gb  stm32f7xx_hal_rcc.o [1]
AUDIO_Desc              0x20011904    0x1c  Data  Gb  usbd_desc.o [1]
AUDIO_Init              0x08019365    0x2c  Code  Gb  audio_codec.o [1]
AUDIO_InitApplication   0x0801bd69     0xc  Code  Gb  waveplayer _CS43L22.o [1]
AudioPlayerUpd          0x0801cd6d    0xba  Code  Gb  audio_application.o [1]
AudioRemSize            0x2001172c     0x4  Data  Gb  audio_codec.o [1]
AudioTotalSize          0x20011728     0x4  Data  Gb  audio_codec.o [1]
AudioUSBSend            0x0801cd55    0x18  Code  Gb  audio_application.o [1]
Audio_CommandMgr        0x0801fcdf     0x4  Code  Lc  usbd_audio_if.o [1]
Audio_DeInit            0x0801fc99     0x4  Code  Lc  usbd_audio_if.o [1]
Audio_Init              0x0801fc95     0x4  Code  Lc  usbd_audio_if.o [1]
Audio_MAL_Play          0x080199d5    0x54  Code  Gb  audio_codec.o [1]
Audio_MuteCtl           0x0801fccf     0x4  Code  Lc  usbd_audio_if.o [1]
Audio_Pause             0x0801fcd7     0x4  Code  Lc  usbd_audio_if.o [1]
Audio_Record            0x0801fc9d     0x4  Code  Lc  usbd_audio_if.o [1]
Audio_Resume            0x0801fcdb     0x4  Code  Lc  usbd_audio_if.o [1]
Audio_Stop              0x0801fcd3     0x4  Code  Lc  usbd_audio_if.o [1]
Audio_VolumeCtl         0x0801fca1    0x2e  Code  Lc  usbd_audio_if.o [1]
BSP_LED_Init            0x0801d735    0x86  Code  Gb  stm32746g_discovery.o [1]
BSP_LED_Toggle          0x0801d7bb    0x2e  Code  Gb  stm32746g_discovery.o [1]
BSP_SDRAM_Init          0x0801d4a9   0x106  Code  Gb  stm32746g_discovery_sdram.o [1]
BSP_SDRAM_MspInit       0x0801d5af   0x15a  Code  Wk  stm32746g_discovery_sdram.o [1]
Buffer1                 0xc0000000  0x80a0  Data  Gb  waverecorder.o [1]
Buffer2                 0xc00080a0  0x80a0  Data  Gb  waverecorder.o [1]
Buffer3                 0xc0010140  0x80a0  Data  Gb  waverecorder.o [1]
BusFault_Handler        0x080224a7     0x2  Code  Gb  stm32f7xx_it.o [1]
ButtonInit              0x0801b0f5    0x4c  Code  Gb  main.o [1]
CSTACK$$Base            0x2002a8b0           --   Gb  - Linker created -
CSTACK$$Limit           0x2002c8b0           --   Gb  - Linker created -
Codec_Init              0x08019571   0x464  Code  Lc  audio_codec.o [1]
Codec_TIMEOUT_UserCallback
                        0x0801bd15     0x4  Code  Gb  waveplayer _CS43L22.o [1]
Command                 0x20011894    0x10  Data  Lc  stm32746g_discovery_sdram.o [1]
Command_index           0x2001195f     0x1  Data  Gb  main.o [1]
CrssCorVal14            0x200100cc     0x4  Data  Gb  main.o [1]
CrssCorVal25            0x200100d0     0x4  Data  Gb  main.o [1]
CrssCorVal63            0x200100d4     0x4  Data  Gb  main.o [1]
CrssCorVal78            0x200100c8     0x4  Data  Gb  main.o [1]
CurrentPos              0x20011730     0x4  Data  Gb  audio_codec.o [1]
DMA1_Stream0_IRQHandler
                        0x08019565     0x2  Code  Gb  audio_codec.o [1]
DMA1_Stream7_IRQHandler
                        0x08019391   0x1d4  Code  Gb  audio_codec.o [1]
DMA2_Stream4_IRQHandler
                        0x08022505     0x2  Code  Gb  stm32f7xx_it.o [1]
DMA2_Stream5_IRQHandler
                        0x080165f1     0x8  Code  Gb  waverecorder.o [1]
DMA2_Stream6_IRQHandler
                        0x080165f9     0x8  Code  Gb  waverecorder.o [1]
DMA2_Stream7_IRQHandler
                        0x08022507     0x2  Code  Gb  stm32f7xx_it.o [1]
DebugMon_Handler        0x080224ad     0x2  Code  Gb  stm32f7xx_it.o [1]
DmaHandle               0x20011698    0x50  Data  Gb  audio_codec.o [1]
EXTI15_10_IRQHandler    0x0801b027     0x2  Code  Gb  main.o [1]
EXTI4_IRQHandler        0x0801affd    0x2a  Code  Gb  main.o [1]
EXTI9_5_IRQHandler      0x0801b029    0x4e  Code  Gb  main.o [1]
EnergyError             0x2002a894     0x4  Data  Gb  DSP.o [1]
EnergyNoiseCalc         0x08017bcd    0x30  Code  Gb  DSP.o [1]
FFTShift                0x08017d7d    0x4c  Code  Gb  DSP.o [1]
FFT_Update              0x0801a7d1    0xc0  Code  Lc  main.o [1]
FMC_SDRAM_Init          0x08020d01    0x78  Code  Gb  stm32f7xx_ll_fmc.o [1]
FMC_SDRAM_ProgramRefreshRate
                        0x08020e4d     0xc  Code  Gb  stm32f7xx_ll_fmc.o [1]
FMC_SDRAM_SendCommand   0x08020df7    0x56  Code  Gb  stm32f7xx_ll_fmc.o [1]
FMC_SDRAM_Timing_Init   0x08020d79    0x7e  Code  Gb  stm32f7xx_ll_fmc.o [1]
FacMic                  0x20010084    0x18  Data  Gb  main.o [1]
FactorUpd               0x08017bb5    0x16  Code  Gb  DSP.o [1]
Filter                  0x2002a014    0x68  Data  Gb  waverecorder.o [1]
GCC_PHAT                0x08017c01   0x17c  Code  Gb  DSP.o [1]
GPIO_INS                0x20010070    0x14  Data  Gb  main.o [1]
GPIO_PIN                0x0801d7f0     0x8  Data  Gb  stm32746g_discovery.o [1]
GPIO_STA                0x20011744    0x14  Data  Gb  sta321mp.o [1]
HAL_DMA_DeInit          0x08014c07   0x3e0  Code  Gb  stm32f7xx_hal_dma.o [1]
HAL_DMA_IRQHandler      0x080150bf   0xa60  Code  Gb  stm32f7xx_hal_dma.o [1]
HAL_DMA_Init            0x08014b99    0x6e  Code  Gb  stm32f7xx_hal_dma.o [1]
HAL_DMA_Start_IT        0x08015035    0x8a  Code  Gb  stm32f7xx_hal_dma.o [1]
HAL_Delay               0x08019da9    0x1c  Code  Wk  stm32f7xx_hal.o [1]
HAL_GPIO_Init           0x08016955   0x1d4  Code  Gb  stm32f7xx_hal_gpio.o [1]
HAL_GPIO_ReadPin        0x08016b29     0xe  Code  Gb  stm32f7xx_hal_gpio.o [1]
HAL_GPIO_TogglePin      0x08016b3f     0x8  Code  Gb  stm32f7xx_hal_gpio.o [1]
HAL_GPIO_WritePin       0x08016b37     0x8  Code  Gb  stm32f7xx_hal_gpio.o [1]
HAL_GetTick             0x08019da1     0x6  Code  Wk  stm32f7xx_hal.o [1]
HAL_I2CEx_ConfigAnalogFilter
                        0x0801bd75    0x76  Code  Gb  stm32f7xx_hal_i2c_ex.o [1]
HAL_I2C_EV_IRQHandler   0x0801b7b5    0xfe  Code  Gb  stm32f7xx_hal_i2c.o [1]
HAL_I2C_ErrorCallback   0x0801b8bf     0x2  Code  Wk  stm32f7xx_hal_i2c.o [1]
HAL_I2C_GetError        0x0801b8c1     0x4  Code  Gb  stm32f7xx_hal_i2c.o [1]
HAL_I2C_Init            0x0801b37d    0xa2  Code  Gb  stm32f7xx_hal_i2c.o [1]
HAL_I2C_MasterRxCpltCallback
                        0x0801b8b5     0x2  Code  Wk  stm32f7xx_hal_i2c.o [1]
HAL_I2C_MasterTxCpltCallback
                        0x0801b8b3     0x2  Code  Wk  stm32f7xx_hal_i2c.o [1]
HAL_I2C_Master_Receive  0x0801b5f5   0x1b4  Code  Gb  stm32f7xx_hal_i2c.o [1]
HAL_I2C_Master_Transmit
                        0x0801b421   0x1d2  Code  Gb  stm32f7xx_hal_i2c.o [1]
HAL_I2C_MemRxCpltCallback
                        0x0801b8bd     0x2  Code  Wk  stm32f7xx_hal_i2c.o [1]
HAL_I2C_MemTxCpltCallback
                        0x0801b8bb     0x2  Code  Wk  stm32f7xx_hal_i2c.o [1]
HAL_I2C_MspInit         0x0801aeb9    0xb8  Code  Gb  main.o [1]
HAL_I2C_SlaveRxCpltCallback
                        0x0801b8b9     0x2  Code  Wk  stm32f7xx_hal_i2c.o [1]
HAL_I2C_SlaveTxCpltCallback
                        0x0801b8b7     0x2  Code  Wk  stm32f7xx_hal_i2c.o [1]
HAL_I2S_Init            0x080170cd    0xfc  Code  Gb  stm32f7xx_hal_i2s.o [1]
HAL_I2S_MspInit         0x08019a3d   0x264  Code  Gb  audio_codec.o [1]
HAL_I2S_TxCpltCallback  0x0801b16d    0x84  Code  Gb  main.o [1]
HAL_IncTick             0x08019d97     0xa  Code  Wk  stm32f7xx_hal.o [1]
HAL_Init                0x08019d4d    0x24  Code  Gb  stm32f7xx_hal.o [1]
HAL_InitTick            0x08019d73    0x24  Code  Wk  stm32f7xx_hal.o [1]
HAL_MspInit             0x08019d71     0x2  Code  Wk  stm32f7xx_hal.o [1]
HAL_NVIC_DisableIRQ     0x08017a2f    0x12  Code  Gb  stm32f7xx_hal_cortex.o [1]
HAL_NVIC_EnableIRQ      0x08017a1d    0x12  Code  Gb  stm32f7xx_hal_cortex.o [1]
HAL_NVIC_SetPriority    0x080179cb    0x52  Code  Gb  stm32f7xx_hal_cortex.o [1]
HAL_NVIC_SetPriorityGrouping
                        0x080179b1    0x1a  Code  Gb  stm32f7xx_hal_cortex.o [1]
HAL_PCDEx_ActivateLPM   0x080216db    0x26  Code  Gb  stm32f7xx_hal_pcd_ex.o [1]
HAL_PCDEx_LPM_Callback  0x08021701     0x2  Code  Wk  stm32f7xx_hal_pcd_ex.o [1]
HAL_PCDEx_SetRxFiFo     0x080216d3     0x8  Code  Gb  stm32f7xx_hal_pcd_ex.o [1]
HAL_PCDEx_SetTxFiFo     0x08021691    0x42  Code  Gb  stm32f7xx_hal_pcd_ex.o [1]
HAL_PCD_ConnectCallback
                        0x0801feff     0x8  Code  Gb  usbd_conf_f4.o [1]
HAL_PCD_DataInStageCallback
                        0x0801fea5    0x12  Code  Gb  usbd_conf_f4.o [1]
HAL_PCD_DataOutStageCallback
                        0x0801fe91    0x14  Code  Gb  usbd_conf_f4.o [1]
HAL_PCD_DisconnectCallback
                        0x0801ff07     0x8  Code  Gb  usbd_conf_f4.o [1]
HAL_PCD_EP_Close        0x080213f9    0x46  Code  Gb  stm32f7xx_hal_pcd.o [1]
HAL_PCD_EP_ClrStall     0x08021565    0x54  Code  Gb  stm32f7xx_hal_pcd.o [1]
HAL_PCD_EP_Flush        0x080215b9    0x38  Code  Gb  stm32f7xx_hal_pcd.o [1]
HAL_PCD_EP_Open         0x0802139b    0x5e  Code  Gb  stm32f7xx_hal_pcd.o [1]
HAL_PCD_EP_Receive      0x0802143f    0x60  Code  Gb  stm32f7xx_hal_pcd.o [1]
HAL_PCD_EP_SetStall     0x080214ff    0x66  Code  Gb  stm32f7xx_hal_pcd.o [1]
HAL_PCD_EP_Transmit     0x0802149f    0x60  Code  Gb  stm32f7xx_hal_pcd.o [1]
HAL_PCD_IRQHandler      0x08020f41   0x436  Code  Gb  stm32f7xx_hal_pcd.o [1]
HAL_PCD_ISOINIncompleteCallback
                        0x0801fef7     0x8  Code  Gb  usbd_conf_f4.o [1]
HAL_PCD_ISOOUTIncompleteCallback
                        0x0801feef     0x8  Code  Gb  usbd_conf_f4.o [1]
HAL_PCD_Init            0x08020e59    0xbe  Code  Gb  stm32f7xx_hal_pcd.o [1]
HAL_PCD_MspInit         0x0801fe0d    0x78  Code  Gb  usbd_conf_f4.o [1]
HAL_PCD_ResetCallback   0x0801febf    0x20  Code  Gb  usbd_conf_f4.o [1]
HAL_PCD_ResumeCallback  0x0801fee7     0x8  Code  Gb  usbd_conf_f4.o [1]
HAL_PCD_SOFCallback     0x0801feb7     0x8  Code  Gb  usbd_conf_f4.o [1]
HAL_PCD_SetAddress      0x08021377    0x24  Code  Gb  stm32f7xx_hal_pcd.o [1]
HAL_PCD_SetupStageCallback
                        0x0801fe85     0xc  Code  Gb  usbd_conf_f4.o [1]
HAL_PCD_Start           0x08020f17    0x2a  Code  Gb  stm32f7xx_hal_pcd.o [1]
HAL_PCD_SuspendCallback
                        0x0801fedf     0x8  Code  Gb  usbd_conf_f4.o [1]
HAL_PWREx_EnableOverDrive
                        0x0801f601    0x6c  Code  Gb  stm32f7xx_hal_pwr_ex.o [1]
HAL_RCCEx_GetPeriphCLKConfig
                        0x0801d349   0x14c  Code  Gb  stm32f7xx_hal_rcc_ex.o [1]
HAL_RCCEx_PeriphCLKConfig
                        0x0801ce49   0x500  Code  Gb  stm32f7xx_hal_rcc_ex.o [1]
HAL_RCC_ClockConfig     0x0801c14f   0x1e0  Code  Gb  stm32f7xx_hal_rcc.o [1]
HAL_RCC_GetHCLKFreq     0x0801c373    0x22  Code  Gb  stm32f7xx_hal_rcc.o [1]
HAL_RCC_GetPCLK1Freq    0x0801c395    0x28  Code  Gb  stm32f7xx_hal_rcc.o [1]
HAL_RCC_GetPCLK2Freq    0x0801c3bd    0x28  Code  Gb  stm32f7xx_hal_rcc.o [1]
HAL_RCC_GetSysClockFreq
                        0x0801c32f    0x44  Code  Gb  stm32f7xx_hal_rcc.o [1]
HAL_RCC_OscConfig       0x0801bded   0x362  Code  Gb  stm32f7xx_hal_rcc.o [1]
HAL_SDRAM_Init          0x0801fd75    0x42  Code  Gb  stm32f7xx_hal_sdram.o [1]
HAL_SDRAM_MspInit       0x0801fdb7     0x2  Code  Wk  stm32f7xx_hal_sdram.o [1]
HAL_SDRAM_ProgramRefreshRate
                        0x0801fde9    0x22  Code  Gb  stm32f7xx_hal_sdram.o [1]
HAL_SDRAM_SendCommand   0x0801fdb9    0x30  Code  Gb  stm32f7xx_hal_sdram.o [1]
HAL_SPI_ErrorCallback   0x08017533     0x2  Code  Wk  stm32f7xx_hal_spi.o [1]
HAL_SPI_Init            0x080171dd    0xba  Code  Gb  stm32f7xx_hal_spi.o [1]
HAL_SPI_MspInit         0x080161d5   0x412  Code  Gb  waverecorder.o [1]
HAL_SPI_Receive_DMA     0x08017297   0x108  Code  Gb  stm32f7xx_hal_spi.o [1]
HAL_SPI_RxCpltCallback  0x08016619    0x6e  Code  Gb  waverecorder.o [1]
HAL_SPI_RxHalfCpltCallback
                        0x0801752f     0x2  Code  Wk  stm32f7xx_hal_spi.o [1]
HAL_SPI_TransmitReceive_DMA
                        0x0801739f   0x18e  Code  Gb  stm32f7xx_hal_spi.o [1]
HAL_SPI_TxRxCpltCallback
                        0x0801752d     0x2  Code  Wk  stm32f7xx_hal_spi.o [1]
HAL_SPI_TxRxHalfCpltCallback
                        0x08017531     0x2  Code  Wk  stm32f7xx_hal_spi.o [1]
HAL_SYSTICK_Config      0x08017a41    0x22  Code  Gb  stm32f7xx_hal_cortex.o [1]
HAL_UART_ErrorCallback  0x0801f0db     0x2  Code  Wk  stm32f7xx_hal_uart.o [1]
HAL_UART_IRQHandler     0x0801efd5   0x102  Code  Gb  stm32f7xx_hal_uart.o [1]
HAL_UART_Init           0x0801ef05    0x66  Code  Gb  stm32f7xx_hal_uart.o [1]
HAL_UART_MspInit        0x0801af97    0x66  Code  Gb  main.o [1]
HAL_UART_RxCpltCallback
                        0x0801f0d9     0x2  Code  Wk  stm32f7xx_hal_uart.o [1]
HAL_UART_Transmit_IT    0x0801ef6b    0x6a  Code  Gb  stm32f7xx_hal_uart.o [1]
HAL_UART_TxCpltCallback
                        0x0801f0d7     0x2  Code  Wk  stm32f7xx_hal_uart.o [1]
HEAP$$Base              0x2002c8b0           --   Gb  - Linker created -
HEAP$$Limit             0x2002e8b0           --   Gb  - Linker created -
HardFault_Handler       0x080224a3     0x2  Code  Gb  stm32f7xx_it.o [1]
I2C1_EV_IRQHandler      0x080224d9     0x6  Code  Gb  stm32f7xx_it.o [1]
I2C2_EV_IRQHandler      0x080224df     0x6  Code  Gb  stm32f7xx_it.o [1]
I2C_IsAcknowledgeFailed
                        0x0801bc81    0x8e  Code  Lc  stm32f7xx_hal_i2c.o [1]
I2C_MasterReceive_ISR   0x0801b9e7   0x122  Code  Lc  stm32f7xx_hal_i2c.o [1]
I2C_MasterTransmit_ISR  0x0801b8c5   0x122  Code  Lc  stm32f7xx_hal_i2c.o [1]
I2C_SlaveReceive_ISR    0x0801bbc9    0xac  Code  Lc  stm32f7xx_hal_i2c.o [1]
I2C_SlaveTransmit_ISR   0x0801bb09    0xc0  Code  Lc  stm32f7xx_hal_i2c.o [1]
I2S2_idxTmp             0x200100b0     0x2  Data  Gb  main.o [1]
I2S2_stLR               0x2002a082     0x1  Data  Gb  waverecorder.o [1]
I2S2_stLROld            0x2002a083     0x1  Data  Gb  waverecorder.o [1]
I2S3_Init               0x0801bd19    0x42  Code  Gb  waveplayer _CS43L22.o [1]
InStream_Read           0x080221ed    0x22  Code  Lc  lz77_init.o [7]
IsocInBuffDummy         0x2002a28c   0x180  Data  Lc  usbd_audio_in.o [1]
LoadInt                 0x0802096d    0x4c  Code  Lc  xprintfsmall.o [3]
LowPassIIR              0x08017a81    0xa0  Code  Gb  DSP.o [1]
MIC1TO6_Init            0x08015fcf    0xd0  Code  Gb  waverecorder.o [1]
MX_I2C1_Init            0x08019ca1    0x36  Code  Gb  audio_codec.o [1]
MX_I2C2_Init            0x0801b141    0x2c  Code  Gb  main.o [1]
MemManage_Handler       0x080224a5     0x2  Code  Gb  stm32f7xx_it.o [1]
NMI_Handler             0x080224a1     0x2  Code  Gb  stm32f7xx_it.o [1]
NoiseBG                 0x08017dec   0x800  Data  Gb  DSP.o [1]
OTG_FS_IRQHandler       0x080224e5     0x6  Code  Gb  stm32f7xx_it.o [1]
OutStream_Write         0x0802220f    0x40  Code  Lc  lz77_init.o [7]
OutputDev               0x20011724     0x1  Data  Gb  audio_codec.o [1]
PCD_WriteEmptyTxFifo    0x080215f1    0xa0  Code  Lc  stm32f7xx_hal_pcd.o [1]
PCM_Buffer1             0xc00181e0  0x4000  Data  Gb  audio_application.o [1]
PCM_Buffer2             0xc001c1e0  0x4000  Data  Gb  audio_application.o [1]
PDM2PCMSDO78            0x080166ad   0x240  Code  Gb  waverecorder.o [1]
PDM_Filter_64_LSB       0x08016d7d   0x31e  Code  Gb  pdm_filter.o [5]
PDM_Filter_Init         0x08016b7d   0x1fe  Code  Gb  pdm_filter.o [5]
PendSV_Handler          0x080224af     0x2  Code  Gb  stm32f7xx_it.o [1]
Region$$Table$$Base     0x080225e0           --   Gb  - Linker created -
Region$$Table$$Limit    0x08022614           --   Gb  - Linker created -
S                       0x200112fc    0x18  Data  Gb  main.o [1]
SPI1_IRQHandler         0x08015b69   0x13a  Code  Gb  waverecorder.o [1]
SPI2_IRQHandler         0x08015ca3    0xf4  Code  Gb  waverecorder.o [1]
SPI3_IRQHandler         0x08019567     0xa  Code  Gb  audio_codec.o [1]
SPI4_IRQHandler         0x08015d97   0x136  Code  Gb  waverecorder.o [1]
SPI4_Init               0x0801609f    0x56  Code  Gb  waverecorder.o [1]
SPI4_stNipple           0x2002a09c     0x2  Data  Gb  waverecorder.o [1]
SPI4_stPosShft          0x2002a081     0x1  Data  Gb  waverecorder.o [1]
SPI5_IRQHandler         0x08015ecd    0x84  Code  Gb  waverecorder.o [1]
SPI5_Init               0x080160f5    0x8e  Code  Gb  waverecorder.o [1]
SPI6_IRQHandler         0x08015f51    0x7e  Code  Gb  waverecorder.o [1]
SPI6_Init               0x08016183    0x4c  Code  Gb  waverecorder.o [1]
SPI_DMAError            0x08017989    0x26  Code  Lc  stm32f7xx_hal_spi.o [1]
SPI_DMAHalfReceiveCplt  0x08017969     0xe  Code  Lc  stm32f7xx_hal_spi.o [1]
SPI_DMAHalfTransmitReceiveCplt
                        0x08017979     0xe  Code  Lc  stm32f7xx_hal_spi.o [1]
SPI_DMAReceiveCplt      0x08017535   0x220  Code  Lc  stm32f7xx_hal_spi.o [1]
SPI_DMATransmitReceiveCplt
                        0x08017755   0x214  Code  Lc  stm32f7xx_hal_spi.o [1]
STA321MP_Ini            0x0801d93d   0x54a  Code  Gb  sta321mp.o [1]
STACoefSet              0x0801dee5   0x2e4  Code  Gb  sta321mp.o [1]
SVC_Handler             0x080224ab     0x2  Code  Gb  stm32f7xx_it.o [1]
Send_Audio_to_USB       0x0801fce3     0xa  Code  Gb  usbd_audio_if.o [1]
StartPlay               0x0801b1f1    0x60  Code  Gb  main.o [1]
SumDelay                0x0801b079    0x7c  Code  Gb  main.o [1]
SysTick_Handler         0x080224b1    0x20  Code  Gb  stm32f7xx_it.o [1]
SystemClock_Config      0x0801ae19    0xa0  Code  Lc  main.o [1]
SystemCoreClock         0x20011920     0x4  Data  Gb  system_stm32f7xx.o [1]
SystemInit              0x08022509    0x3c  Code  Gb  system_stm32f7xx.o [1]
T0                      0x20011398   0x100  Data  Gb  pdm_filter.o [5]
T1                      0x20011498   0x100  Data  Gb  pdm_filter.o [5]
T2                      0x20011598   0x100  Data  Gb  pdm_filter.o [5]
TestSDO7                0x2002097c  0x2000  Data  Gb  waverecorder.o [1]
TestSDO7_1              0x2002497c  0x2000  Data  Gb  waverecorder.o [1]
TestSDO8                0x2002297c  0x2000  Data  Gb  waverecorder.o [1]
TestSDO8_1              0x2002697c  0x2000  Data  Gb  waverecorder.o [1]
Timing                  0x20011878    0x1c  Data  Lc  stm32746g_discovery_sdram.o [1]
UART_AdvFeatureConfig   0x0801f4a1    0xc6  Code  Gb  stm32f7xx_hal_uart.o [1]
UART_CheckIdleState     0x0801f567    0x98  Code  Gb  stm32f7xx_hal_uart.o [1]
UART_Receive_IT         0x0801f1bd    0x94  Code  Lc  stm32f7xx_hal_uart.o [1]
UART_SetConfig          0x0801f251   0x220  Code  Gb  stm32f7xx_hal_uart.o [1]
UART_Transmit_IT        0x0801f0dd    0xe0  Code  Lc  stm32f7xx_hal_uart.o [1]
USART3_IRQHandler       0x080224d3     0x6  Code  Gb  stm32f7xx_it.o [1]
USART3_Init             0x0801af71    0x26  Code  Gb  main.o [1]
USART6_IRQHandler       0x080224d1     0x2  Code  Gb  stm32f7xx_it.o [1]
USBD_AUDIO              0x200118a8    0x38  Data  Gb  usbd_audio_in.o [1]
USBD_AUDIO_CfgDesc      0x2002a210    0x78  Data  Lc  usbd_audio_in.o [1]
USBD_AUDIO_ConfigStrDescriptor
                        0x08022405    0x14  Code  Gb  usbd_desc.o [1]
USBD_AUDIO_DataIn       0x0801e563    0xc6  Code  Lc  usbd_audio_in.o [1]
USBD_AUDIO_DataOut      0x0801e671     0x4  Code  Lc  usbd_audio_in.o [1]
USBD_AUDIO_Data_Transfer
                        0x0801e67f    0xe0  Code  Gb  usbd_audio_in.o [1]
USBD_AUDIO_DeInit       0x0801e445    0x26  Code  Lc  usbd_audio_in.o [1]
USBD_AUDIO_DeviceDescriptor
                        0x080223b1     0x8  Code  Gb  usbd_desc.o [1]
USBD_AUDIO_DeviceQualifierDesc
                        0x20011948     0xc  Data  Lc  usbd_audio_in.o [1]
USBD_AUDIO_EP0_RxReady  0x0801e629    0x38  Code  Lc  usbd_audio_in.o [1]
USBD_AUDIO_EP0_TxReady  0x0801e661     0x4  Code  Lc  usbd_audio_in.o [1]
USBD_AUDIO_GetCfgDesc   0x0801e559     0xa  Code  Lc  usbd_audio_in.o [1]
USBD_AUDIO_GetDeviceQualifierDesc
                        0x0801e675     0xa  Code  Lc  usbd_audio_in.o [1]
USBD_AUDIO_Init         0x0801e3dd    0x68  Code  Lc  usbd_audio_in.o [1]
USBD_AUDIO_Init_Microphone_Descriptor
                        0x0801e769   0x4a8  Code  Gb  usbd_audio_in.o [1]
USBD_AUDIO_InterfaceStrDescriptor
                        0x08022419    0x14  Code  Gb  usbd_desc.o [1]
USBD_AUDIO_IsoINIncomplete
                        0x0801e669     0x4  Code  Lc  usbd_audio_in.o [1]
USBD_AUDIO_IsoOutIncomplete
                        0x0801e66d     0x4  Code  Lc  usbd_audio_in.o [1]
USBD_AUDIO_LangIDStrDescriptor
                        0x080223b9     0x8  Code  Gb  usbd_desc.o [1]
USBD_AUDIO_ManufacturerStrDescriptor
                        0x080223d5    0x14  Code  Gb  usbd_desc.o [1]
USBD_AUDIO_ProductStrDescriptor
                        0x080223c1    0x14  Code  Gb  usbd_desc.o [1]
USBD_AUDIO_RegisterInterface
                        0x0801e75f     0xa  Code  Gb  usbd_audio_in.o [1]
USBD_AUDIO_SOF          0x0801e665     0x4  Code  Lc  usbd_audio_in.o [1]
USBD_AUDIO_SerialStrDescriptor
                        0x080223e9    0x1c  Code  Gb  usbd_desc.o [1]
USBD_AUDIO_Setup        0x0801e46b    0xee  Code  Lc  usbd_audio_in.o [1]
USBD_AUDIO_fops         0x200118e0    0x24  Data  Gb  usbd_audio_if.o [1]
USBD_ClrClassConfig     0x0801ec8d    0x12  Code  Gb  usbd_core.o [1]
USBD_CtlContinueRx      0x08020097    0x14  Code  Gb  usbd_ioreq.o [1]
USBD_CtlContinueSendData
                        0x08020061    0x14  Code  Gb  usbd_ioreq.o [1]
USBD_CtlError           0x080204d1    0x16  Code  Gb  usbd_ctlreq.o [1]
USBD_CtlPrepareRx       0x08020075    0x22  Code  Gb  usbd_ioreq.o [1]
USBD_CtlReceiveStatus   0x080200c5    0x1a  Code  Gb  usbd_ioreq.o [1]
USBD_CtlSendData        0x08020043    0x1e  Code  Gb  usbd_ioreq.o [1]
USBD_CtlSendStatus      0x080200ab    0x1a  Code  Gb  usbd_ioreq.o [1]
USBD_GetDescriptor      0x08020399   0x110  Code  Lc  usbd_ctlreq.o [1]
USBD_GetString          0x080204e9    0x4c  Code  Gb  usbd_ctlreq.o [1]
USBD_Init               0x0801ec29    0x30  Code  Gb  usbd_core.o [1]
USBD_LL_ClearStallEP    0x0801ffdd    0x12  Code  Gb  usbd_conf_f4.o [1]
USBD_LL_CloseEP         0x0801ffa7    0x12  Code  Gb  usbd_conf_f4.o [1]
USBD_LL_DataInStage     0x0801ed71    0xb2  Code  Gb  usbd_core.o [1]
USBD_LL_DataOutStage    0x0801ed03    0x6e  Code  Gb  usbd_core.o [1]
USBD_LL_DevConnected    0x0801eeaf     0x4  Code  Gb  usbd_core.o [1]
USBD_LL_DevDisconnected
                        0x0801eeb3    0x1c  Code  Gb  usbd_core.o [1]
USBD_LL_FlushEP         0x0801ffb9    0x12  Code  Gb  usbd_conf_f4.o [1]
USBD_LL_Init            0x0801ff0f    0x60  Code  Gb  usbd_conf_f4.o [1]
USBD_LL_IsStallEP       0x0801ffef    0x1e  Code  Gb  usbd_conf_f4.o [1]
USBD_LL_IsoINIncomplete
                        0x0801eea7     0x4  Code  Gb  usbd_core.o [1]
USBD_LL_IsoOUTIncomplete
                        0x0801eeab     0x4  Code  Gb  usbd_core.o [1]
USBD_LL_OpenEP          0x0801ff93    0x14  Code  Gb  usbd_conf_f4.o [1]
USBD_LL_PrepareReceive  0x08020031    0x12  Code  Gb  usbd_conf_f4.o [1]
USBD_LL_Reset           0x0801ee23    0x42  Code  Gb  usbd_core.o [1]
USBD_LL_Resume          0x0801ee7d     0xc  Code  Gb  usbd_core.o [1]
USBD_LL_SOF             0x0801ee89    0x1e  Code  Gb  usbd_core.o [1]
USBD_LL_SetSpeed        0x0801ee65     0x6  Code  Gb  usbd_core.o [1]
USBD_LL_SetUSBAddress   0x0802000d    0x12  Code  Gb  usbd_conf_f4.o [1]
USBD_LL_SetupStage      0x0801ec9f    0x64  Code  Gb  usbd_core.o [1]
USBD_LL_StallEP         0x0801ffcb    0x12  Code  Gb  usbd_conf_f4.o [1]
USBD_LL_Start           0x0801ff81    0x12  Code  Gb  usbd_conf_f4.o [1]
USBD_LL_Suspend         0x0801ee6b    0x12  Code  Gb  usbd_core.o [1]
USBD_LL_Transmit        0x0802001f    0x12  Code  Gb  usbd_conf_f4.o [1]
USBD_LangIDDesc         0x20011960     0x4  Data  Gb  usbd_desc.o [1]
USBD_ParseSetupRequest  0x080204a9    0x28  Code  Gb  usbd_ctlreq.o [1]
USBD_RegisterClass      0x0801ec59    0x10  Code  Gb  usbd_core.o [1]
USBD_SetClassConfig     0x0801ec77    0x16  Code  Gb  usbd_core.o [1]
USBD_Start              0x0801ec69     0xe  Code  Gb  usbd_core.o [1]
USBD_StdDevReq          0x080200e1   0x15e  Code  Gb  usbd_ctlreq.o [1]
USBD_StdEPReq           0x0802028d   0x10c  Code  Gb  usbd_ctlreq.o [1]
USBD_StdItfReq          0x08020245    0x46  Code  Gb  usbd_ctlreq.o [1]
USBD_StrDesc            0x2002a5e4    0xc8  Data  Gb  usbd_desc.o [1]
USB_ActivateEndpoint    0x08021ae9    0x8c  Code  Gb  stm32f7xx_ll_usb.o [1]
USB_ActivateSetup       0x080220ff    0x2e  Code  Gb  stm32f7xx_ll_usb.o [1]
USB_CoreInit            0x08021851    0xa0  Code  Gb  stm32f7xx_ll_usb.o [1]
USB_DeactivateEndpoint  0x08021b75    0x68  Code  Gb  stm32f7xx_ll_usb.o [1]
USB_DevConnect          0x08022067    0x1c  Code  Gb  stm32f7xx_ll_usb.o [1]
USB_DevDisconnect       0x08022083    0x1c  Code  Gb  stm32f7xx_ll_usb.o [1]
USB_DevInit             0x08021939   0x144  Code  Gb  stm32f7xx_ll_usb.o [1]
USB_DisableGlobalInt    0x080218fd     0xc  Code  Gb  stm32f7xx_ll_usb.o [1]
USB_EP0StartXfer        0x08021e05   0x146  Code  Gb  stm32f7xx_ll_usb.o [1]
USB_EP0_OutStart        0x0802212d    0x30  Code  Gb  stm32f7xx_ll_usb.o [1]
USB_EPClearStall        0x08021ff1    0x5a  Code  Gb  stm32f7xx_ll_usb.o [1]
USB_EPSetStall          0x08021f9f    0x52  Code  Gb  stm32f7xx_ll_usb.o [1]
USB_EPStartXfer         0x08021bdd   0x228  Code  Gb  stm32f7xx_ll_usb.o [1]
USB_EnableGlobalInt     0x080218f1     0xc  Code  Gb  stm32f7xx_ll_usb.o [1]
USB_FlushRxFifo         0x08021a9b    0x1a  Code  Gb  stm32f7xx_ll_usb.o [1]
USB_FlushTxFifo         0x08021a7d    0x1e  Code  Gb  stm32f7xx_ll_usb.o [1]
USB_GetDevSpeed         0x08021ab5    0x34  Code  Gb  stm32f7xx_ll_usb.o [1]
USB_GetMode             0x080220f7     0x8  Code  Gb  stm32f7xx_ll_usb.o [1]
USB_ReadDevAllInEpInterrupt
                        0x080220b5     0xe  Code  Gb  stm32f7xx_ll_usb.o [1]
USB_ReadDevAllOutEpInterrupt
                        0x080220a7     0xe  Code  Gb  stm32f7xx_ll_usb.o [1]
USB_ReadDevInEPInterrupt
                        0x080220d7    0x20  Code  Gb  stm32f7xx_ll_usb.o [1]
USB_ReadDevOutEPInterrupt
                        0x080220c3    0x14  Code  Gb  stm32f7xx_ll_usb.o [1]
USB_ReadInterrupts      0x0802209f     0x8  Code  Gb  stm32f7xx_ll_usb.o [1]
USB_ReadPacket          0x08021f81    0x1e  Code  Gb  stm32f7xx_ll_usb.o [1]
USB_SetCurrentMode      0x08021909    0x2e  Code  Gb  stm32f7xx_ll_usb.o [1]
USB_SetDevAddress       0x0802204b    0x1c  Code  Gb  stm32f7xx_ll_usb.o [1]
USB_WritePacket         0x08021f4d    0x34  Code  Gb  stm32f7xx_ll_usb.o [1]
UsageFault_Handler      0x080224a9     0x2  Code  Gb  stm32f7xx_it.o [1]
VOL_CUR                 0x2002a288     0x2  Data  Lc  usbd_audio_in.o [1]
Volume                  0x20011725     0x1  Data  Gb  audio_codec.o [1]
WaveRec_idxSens1        0x200100b2     0x2  Data  Gb  main.o [1]
WaveRec_idxSens2        0x200100b4     0x2  Data  Gb  main.o [1]
WaveRec_idxSens3        0x200100ae     0x2  Data  Gb  main.o [1]
WaveRec_idxSens4        0x200100ac     0x2  Data  Gb  main.o [1]
WaveRec_idxSens5        0x200100b6     0x2  Data  Gb  main.o [1]
WaveRec_idxSens6        0x200100b8     0x2  Data  Gb  main.o [1]
WaveRec_idxTest         0x2002a08a     0x2  Data  Gb  waverecorder.o [1]
WaveRecord_flgIni       0x2002a8ac     0x1  Data  Gb  waverecorder.o [1]
WaveRecord_flgInt       0x2002a07c     0x1  Data  Gb  waverecorder.o [1]
WaveRecord_flgSDO7Finish
                        0x2002a07f     0x1  Data  Gb  waverecorder.o [1]
WaveRecord_flgSDO8Finish
                        0x2002a080     0x1  Data  Gb  waverecorder.o [1]
Window                  0x08017b21    0x72  Code  Gb  DSP.o [1]
WriteCoef               0x0801e1c9   0x1fe  Code  Gb  sta321mp.o [1]
WriteSTAByte            0x0801de89    0x5a  Code  Gb  sta321mp.o [1]
_EncodingSb_Mbtowc      0x080221a7    0x30  Code  Gb  xencoding_sb.o [3]
_EncodingSb_Wctomb      0x0802218d    0x1a  Code  Gb  xencoding_sb.o [3]
_IsdstStr               0x200117d4     0x4  Data  Gb  setlocale.o [3]
_LitobSmall             0x08020beb    0xce  Code  Lc  xprintfsmall.o [3]
_LocaleEncoding         0x08022179     0xe  Code  Gb  setlocale.o [3]
_LocaleReturnString     0x200117f4    0x50  Data  Lc  setlocale.o [3]
_Locale_Profile         0x200117d8    0x1c  Data  Gb  setlocale.o [3]
_Mbtowc                 0x08021763    0x20  Code  Gb  xmbtowc.o [3]
_PrintfSmall            0x0802053d   0x430  Code  Gb  xprintfsmall.o [3]
_PutcharsSmall          0x08020cb9    0x2e  Code  Lc  xprintfsmall.o [3]
_PutstrSmall            0x080209b9   0x228  Code  Lc  xprintfsmall.o [3]
_SProut                 0x08014b17     0xa  Code  Gb  xsprout.o [3]
_TzoneStr               0x200117d0     0x4  Data  Gb  setlocale.o [3]
_Wctomb                 0x08021837    0x1a  Code  Gb  xwctomb.o [3]
__aeabi_cdcmpeq         0x0801cb8d          Code  Gb  DblCmpEq.o [6]
__aeabi_cdcmple         0x0801a5f1          Code  Gb  DblCmpLe.o [6]
__aeabi_cdrcmple        0x0801a621          Code  Gb  DblCmpGe.o [6]
__aeabi_cfcmpeq         0x080185ed          Code  Gb  FltCmpEq.o [6]
__aeabi_cfcmple         0x08018619          Code  Gb  FltCmpLe.o [6]
__aeabi_d2f             0x08018c01          Code  Gb  DblToFlt.o [6]
__aeabi_d2iz            0x08018a11          Code  Gb  DblToI32.o [6]
__aeabi_dadd            0x08018929          Code  Gb  DblAdd.o [6]
__aeabi_ddiv            0x080186d1          Code  Gb  DblDiv.o [6]
__aeabi_dmul            0x08018a5d          Code  Gb  DblMul.o [6]
__aeabi_dsub            0x080190f5          Code  Gb  DblSub.o [6]
__aeabi_errno_addr      0x0801a651     0x6  Code  Gb  errno.o [3]
__aeabi_f2d             0x08018651          Code  Gb  FltToDbl.o [6]
__aeabi_fmul            0x0801863d    0x12  Code  Gb  FltMul.o [6]
__aeabi_i2d             0x080186a1          Code  Gb  I32ToDbl.o [6]
__aeabi_ldiv0           0x0801c411          Code  Gb  I64DivZer.o [7]
__aeabi_ldivmod         0x08019dcd          Code  Gb  I64DivMod.o [7]
__aeabi_memclr          0x08020535          Code  Gb  ABImemclr.o [7]
__aeabi_ui2d            0x080186b5          Code  Gb  I32ToDbl.o [6]
__aeabi_ui2f            0x08018609     0xe  Code  Gb  U32ToFlt.o [6]
__aeabi_uldivmod        0x08019e11          Code  Gb  I64DivMod.o [7]
__cmain                 0x08022615          Code  Gb  cmain.o [7]
__data_GetMemChunk      0x08014b21    0x2c  Code  Gb  xgetmemchunk.o [3]
__exit                  0x08014b4d    0x14  Code  Gb  exit.o [8]
__iar_Dint              0x0801cb13    0x7a  Code  Gb  xdint.o [6]
__iar_Errno             0x20011964     0x4  Data  Gb  errno.o [3]
__iar_Mbcurmax          0x0802182d     0xa  Code  Gb  xmbcurmax.o [3]
__iar_Memchr            0x080217d5          Code  Gb  memchr.o [7]
__iar_Memset_word       0x08021705          Code  Gb  ABImemset.o [7]
__iar_Quad              0x0801a65d   0x12c  Code  Gb  xquad.o [6]
__iar_Sin               0x08018c91   0x3b2  Code  Gb  xsin.o [6]
__iar_Strchr            0x08021785          Code  Gb  strchr.o [7]
__iar_close_ttio        0x08014b61    0x2e  Code  Gb  iarttio.o [8]
__iar_d2uiz             0x08018a3d          Code  Gb  DblToI32.o [6]
__iar_dadd              0x0801893d          Code  Gb  DblAdd.o [6]
__iar_data_init3        0x08022595    0x28  Code  Gb  data_init.o [7]
__iar_dlfree            0x080145f7   0x510  Code  Gb  dlmalloc.o [3]
__iar_dlib_perthread_access
                        0x0801cb11     0x2  Code  Gb  xtls.o [3]
__iar_dlmalloc          0x08014341   0x2aa  Code  Gb  dlmalloc.o [3]
__iar_dsub              0x08019109          Code  Gb  DblSub.o [6]
__iar_dsubStart         0x0801911b          Code  Gb  DblSub.o [6]
__iar_edom              0x0801a7c5          Code  Gb  iarEdom.o [7]
__iar_floor             0x0801a519          Code  Gb  floor.o [6]
__iar_floorl            0x0801a519          Code  Gb  floor.o [6]
__iar_fmod              0x0801cbad          Code  Gb  fmod.o [6]
__iar_fmodl             0x0801cbad          Code  Gb  fmod.o [6]
__iar_init_vfp          0x080225bd          Code  Gb  fpinit_M.o [6]
__iar_lookup_ttioh      0x08014b91     0x8  Code  Gb  XShttio.o [3]
__iar_lz77_init3        0x0802224f   0x162  Code  Gb  lz77_init.o [7]
__iar_program_start     0x08022655          Code  Gb  cstartup_M.o [7]
__iar_sqrt              0x08019275          Code  Gb  sqrt.o [6]
__iar_ttio_handles      0x20011954     0x8  Data  Lc  XShttio.o [3]
__iar_ui2d              0x080186b9          Code  Gb  I32ToDbl.o [6]
__iar_unaligned___aeabi_memcpy
                        0x0801a579          Code  Gb  ABImemcpy_unaligned.o [7]
__iar_unaligned___aeabi_memcpy4
                        0x0801a599          Code  Gb  ABImemcpy_unaligned.o [7]
__iar_unaligned___aeabi_memcpy8
                        0x0801a599          Code  Gb  ABImemcpy_unaligned.o [7]
__iar_vfp___iar_Sin     0x080190e1    0x12  Code  Gb  xsin.o [6]
__iar_vfp_floor         0x0801a509          Code  Gb  floor.o [6]
__iar_vfp_floorl        0x0801a509          Code  Gb  floor.o [6]
__iar_zero_init3        0x08022555    0x40  Code  Gb  zero_init3.o [7]
__low_level_init        0x0802262f     0x4  Code  Gb  low_level_init.o [3]
__vector_table          0x08000000          Data  Gb  startup_stm32f746xx.o [1]
_call_main              0x08022621          Code  Gb  cmain.o [7]
_exit                   0x08022639          Code  Gb  cexit.o [7]
_gm_                    0x2002a40c   0x1d8  Data  Lc  dlmalloc.o [3]
_main                   0x0802262b          Code  Gb  cmain.o [7]
abort                   0x08014b11     0x6  Code  Gb  abort.o [3]
armBitRevIndexTable1024
                        0x08008ad0   0xe10  Data  Gb  arm_common_tables.o [4]
armBitRevIndexTable128  0x08008240   0x1a0  Data  Gb  arm_common_tables.o [4]
armBitRevIndexTable16   0x08008148    0x28  Data  Gb  arm_common_tables.o [4]
armBitRevIndexTable2048
                        0x080098e0  0x1dc0  Data  Gb  arm_common_tables.o [4]
armBitRevIndexTable256  0x080083e0   0x370  Data  Gb  arm_common_tables.o [4]
armBitRevIndexTable32   0x08008170    0x60  Data  Gb  arm_common_tables.o [4]
armBitRevIndexTable512  0x08008750   0x380  Data  Gb  arm_common_tables.o [4]
armBitRevIndexTable64   0x080081d0    0x70  Data  Gb  arm_common_tables.o [4]
arm_bitreversal_16      0x0801fc3f          Code  Gb  arm_bitreversal2.o [4]
arm_bitreversal_32      0x0801fbd5          Code  Gb  arm_bitreversal2.o [4]
arm_cfft_f32            0x0801c98d   0x184  Code  Gb  arm_cfft_f32.o [4]
arm_cfft_radix8by2_f32  0x0801c415   0x168  Code  Gb  arm_cfft_f32.o [4]
arm_cfft_radix8by4_f32  0x0801c57d   0x40e  Code  Gb  arm_cfft_f32.o [4]
arm_cmplx_conj_f32      0x0801a089   0x130  Code  Gb  arm_cmplx_conj_f32.o [4]
arm_cmplx_mag_f32       0x0801a311   0x15a  Code  Gb  arm_cmplx_mag_f32.o [4]
arm_cmplx_mult_cmplx_f32
                        0x0801a1b9   0x156  Code  Gb  arm_cmplx_mult_cmplx_f32.o [4]
arm_max_f32             0x0801a46d    0x9c  Code  Gb  arm_max_f32.o [4]
arm_radix8_butterfly_f32
                        0x0801f675   0x560  Code  Gb  arm_cfft_radix8_f32.o [4]
arm_rfft_fast_f32       0x0801a045    0x44  Code  Gb  arm_rfft_fast_f32.o [4]
arm_rfft_fast_init_f32  0x0801d7f9   0x144  Code  Gb  arm_rfft_fast_init_f32.o [4]
btnSW1                  0x2001195c     0x1  Data  Gb  main.o [1]
btnSW2                  0x2001195d     0x1  Data  Gb  main.o [1]
bufCoefBiquad           0x20011734    0x10  Data  Gb  sta321mp.o [1]
bufPCMSens7             0x2002a0a0     0x4  Data  Gb  waverecorder.o [1]
bufPCMSens8             0x2002a0a4     0x4  Data  Gb  waverecorder.o [1]
bufferSum               0x2001d968  0x3014  Data  Gb  main.o [1]
buffer_switch           0x2001009f     0x1  Data  Gb  main.o [1]
cntBtnPress             0x2001195e     0x1  Data  Gb  main.o [1]
cntOS                   0x2002a89c     0x4  Data  Gb  stm32f7xx_it.o [1]
cntPos                  0x2002a08c     0x2  Data  Gb  waverecorder.o [1]
cntPos7                 0x2002a08e     0x2  Data  Gb  waverecorder.o [1]
cntRisingEXTI           0x2002a8a4     0x2  Data  Gb  main.o [1]
cntStrt                 0x2002a8a8     0x2  Data  Gb  waverecorder.o [1]
cntTime200              0x200100c4     0x2  Data  Gb  main.o [1]
exit                    0x08022633     0x4  Code  Gb  exit.o [3]
fbuffer                 0x2002897c  0x1190  Data  Gb  DSP.o [1]
fir256Coff              0x200102fc  0x1000  Data  Gb  main.o [1]
flg10ms                 0x2001009e     0x1  Data  Gb  main.o [1]
flgDlyUpd               0x2001009c     0x1  Data  Gb  main.o [1]
flgS2                   0x200100a1     0x1  Data  Gb  main.o [1]
flgS2Flt                0x200100a4     0x1  Data  Gb  main.o [1]
flgS2Ins                0x200100a7     0x1  Data  Gb  main.o [1]
flgS3                   0x200100a2     0x1  Data  Gb  main.o [1]
flgS3Flt                0x200100a5     0x1  Data  Gb  main.o [1]
flgS3Ins                0x200100a8     0x1  Data  Gb  main.o [1]
flgS4                   0x200100a3     0x1  Data  Gb  main.o [1]
flgS4Flt                0x200100a6     0x1  Data  Gb  main.o [1]
flgS4Ins                0x200100a9     0x1  Data  Gb  main.o [1]
floor                   0x0801a519          Code  Gb  floor.o [6]
floorl                  0x0801a519          Code  Gb  floor.o [6]
fmod                    0x0801cbad          Code  Gb  fmod.o [6]
fmodl                   0x0801cbad          Code  Gb  fmod.o [6]
hUSBDDevice             0x200100d8   0x224  Data  Gb  main.o [1]
hUSBDDeviceDesc         0x20011934    0x14  Data  Gb  usbd_desc.o [1]
haudioInstance          0x2002a1ac    0x64  Data  Lc  usbd_audio_in.o [1]
hdma_spi5_rx            0x2002a6ac    0x50  Data  Gb  waverecorder.o [1]
hdma_spi6_rx            0x2002a6fc    0x50  Data  Gb  waverecorder.o [1]
hi2c1                   0x200116e8    0x3c  Data  Gb  audio_codec.o [1]
hi2c2                   0x2002a840    0x3c  Data  Gb  audio_codec.o [1]
hi2s1                   0x20029f94    0x40  Data  Gb  waverecorder.o [1]
hi2s2                   0x20029fd4    0x40  Data  Gb  waverecorder.o [1]
hi2s3                   0x2002a800    0x40  Data  Gb  waveplayer _CS43L22.o [1]
hpcd                    0x20029b0c   0x3c0  Data  Gb  usbd_conf_f4.o [1]
hspi4                   0x2002a74c    0x64  Data  Gb  main.o [1]
hspi5                   0x20029ecc    0x64  Data  Gb  waverecorder.o [1]
hspi6                   0x20029f30    0x64  Data  Gb  waverecorder.o [1]
huart3                  0x20010000    0x70  Data  Gb  main.o [1]
idxFrmPDMMic8           0x2002a8a6     0x2  Data  Gb  waverecorder.o [1]
idxLatency14            0x200100bc     0x2  Data  Gb  main.o [1]
idxLatency25            0x200100be     0x2  Data  Gb  main.o [1]
idxLatency63            0x200100c0     0x2  Data  Gb  main.o [1]
idxLatency78            0x200100c2     0x2  Data  Gb  main.o [1]
idxMic7                 0x2002a088     0x2  Data  Gb  waverecorder.o [1]
idxMic8                 0x2002a086     0x2  Data  Gb  waverecorder.o [1]
idxSPI5DataBuf3         0x200100ba     0x2  Data  Gb  main.o [1]
init_mparams            0x0801363b    0x32  Code  Lc  dlmalloc.o [3]
init_top                0x0801366d    0x34  Code  Lc  dlmalloc.o [3]
main                    0x0801a891   0x588  Code  Gb  main.o [1]
memchr                  0x080217d5          Code  Gb  memchr.o [7]
merge_rfft_f32          0x08019fa9    0x9c  Code  Gb  arm_rfft_fast_f32.o [4]
mparams                 0x2002a87c    0x18  Data  Lc  dlmalloc.o [3]
pDataMic7               0x2002a128    0x80  Data  Gb  waverecorder.o [1]
pDataMic8               0x2002a0a8    0x80  Data  Gb  waverecorder.o [1]
pUARTBuf                0x20011314    0x80  Data  Gb  main.o [1]
pcSTAComnd              0x20011758    0x50  Data  Gb  sta321mp.o [1]
pcSTAComnd1             0x200117a8     0x2  Data  Gb  sta321mp.o [1]
pcSTAComnd2             0x200117ac    0x24  Data  Gb  sta321mp.o [1]
prepend_alloc           0x080136a1   0x36c  Code  Lc  dlmalloc.o [3]
sdramHandle             0x20011844    0x34  Data  Lc  stm32746g_discovery_sdram.o [1]
segment_holding         0x08013621    0x1a  Code  Lc  dlmalloc.o [3]
sprintf                 0x0801eed1    0x34  Code  Gb  sprintf.o [3]
sqrt                    0x08019275          Code  Gb  sqrt.o [6]
sqrtl                   0x08019275          Code  Gb  sqrt.o [6]
stDir                   0x200100a0     0x1  Data  Gb  main.o [1]
stFrstFrmStore          0x2001009d     0x1  Data  Gb  main.o [1]
stage_rfft_f32          0x08019f01    0xa8  Code  Gb  arm_rfft_fast_f32.o [4]
stm32_crc               0x20011394     0x4  Data  Gb  pdm_filter.o [5]
strchr                  0x08021785          Code  Gb  strchr.o [7]
strlen                  0x0802179d          Code  Gb  strlen.o [7]
swtBufUSBOut            0x2002a8aa     0x1  Data  Gb  audio_application.o [1]
swtSDO7                 0x2002a07d     0x1  Data  Gb  waverecorder.o [1]
swtSDO8                 0x2002a07e     0x1  Data  Gb  waverecorder.o [1]
sys_alloc               0x08013a0d   0x386  Code  Lc  dlmalloc.o [3]
tmalloc_large           0x08013da1   0x390  Code  Lc  dlmalloc.o [3]
tmalloc_small           0x08014131   0x210  Code  Lc  dlmalloc.o [3]
twiddleCoef_1024        0x08002148  0x2000  Data  Gb  arm_common_tables.o [4]
twiddleCoef_128         0x08000548   0x400  Data  Gb  arm_common_tables.o [4]
twiddleCoef_16          0x080001c8    0x80  Data  Gb  arm_common_tables.o [4]
twiddleCoef_2048        0x08004148  0x4000  Data  Gb  arm_common_tables.o [4]
twiddleCoef_256         0x08000948   0x800  Data  Gb  arm_common_tables.o [4]
twiddleCoef_32          0x08000248   0x100  Data  Gb  arm_common_tables.o [4]
twiddleCoef_512         0x08001148  0x1000  Data  Gb  arm_common_tables.o [4]
twiddleCoef_64          0x08000348   0x200  Data  Gb  arm_common_tables.o [4]
twiddleCoef_rfft_1024   0x0800c620  0x1000  Data  Gb  arm_common_tables.o [4]
twiddleCoef_rfft_128    0x0800b820   0x200  Data  Gb  arm_common_tables.o [4]
twiddleCoef_rfft_2048   0x0800d620  0x2000  Data  Gb  arm_common_tables.o [4]
twiddleCoef_rfft_256    0x0800ba20   0x400  Data  Gb  arm_common_tables.o [4]
twiddleCoef_rfft_32     0x0800b6a0    0x80  Data  Gb  arm_common_tables.o [4]
twiddleCoef_rfft_4096   0x0800f620  0x4000  Data  Gb  arm_common_tables.o [4]
twiddleCoef_rfft_512    0x0800be20   0x800  Data  Gb  arm_common_tables.o [4]
twiddleCoef_rfft_64     0x0800b720   0x100  Data  Gb  arm_common_tables.o [4]
uwTick                  0x2002a898     0x4  Data  Lc  stm32f7xx_hal.o [1]
vDataIn                 0x20017968  0x2000  Data  Gb  DSP.o [1]
vDataIn1_FFT            0x20011968  0x2000  Data  Gb  DSP.o [1]
vDataIn2_FFT            0x20013968  0x2000  Data  Gb  DSP.o [1]
vDataIn2_FFT_CJ         0x20019968  0x2000  Data  Gb  DSP.o [1]
vDataIn_FFT             0x20015968  0x2000  Data  Gb  DSP.o [1]
vDataOut                0x2001b968  0x2000  Data  Gb  DSP.o [1]
vRawSens1               0x2002a090     0x2  Data  Gb  waverecorder.o [1]
vRawSens2               0x2002a092     0x2  Data  Gb  waverecorder.o [1]
vRawSens3               0x2002a096     0x2  Data  Gb  waverecorder.o [1]
vRawSens4               0x2002a094     0x2  Data  Gb  waverecorder.o [1]
vRawSens5               0x2002a098     0x2  Data  Gb  waverecorder.o [1]
vRawSens6               0x2002a09a     0x2  Data  Gb  waverecorder.o [1]
vol_table               0x0801fcf0    0x84  Data  Gb  usbd_audio_if.o [1]
volume                  0x200118a6     0x1  Data  Gb  waveplayer _CS43L22.o [1]


[1] = D:\sop1hc\Github\data\Mic_Array_V00\USB_STREAMING\Mic_Array\Projects\STM32746G\Applications\Audio\Mic_Array\EWARM\STM32F7\Obj
[2] = command line
[3] = dl7M_tlf.a
[4] = iar_cortexM7ls_math.a
[5] = libPDMFilter_CM7_IAR.a
[6] = m7M_tls.a
[7] = rt7M_tl.a
[8] = shb_l.a

   62 214 bytes of readonly  code memory
   79 845 bytes of readonly  data memory
  125 101 bytes of readwrite data memory (+ 131 552 absolute)

Errors: none
Warnings: none
