###############################################################################
#
# IAR ELF Linker V7.50.2.10312/W32 for ARM                27/Feb/2016  21:29:24
# Copyright 2007-2015 IAR Systems AB.
#
#    Output file  =  
#        H:\PhanLeSon\ActivNoise\Microphone\F7\Mic_Array_Project\Mic_Array\Projects\STM32746G\Applications\Audio\Mic_Array\EWARM\STM32F7\Exe\Project.out
#    Map file     =  
#        H:\PhanLeSon\ActivNoise\Microphone\F7\Mic_Array_Project\Mic_Array\Projects\STM32746G\Applications\Audio\Mic_Array\EWARM\STM32F7\List\Project.map
#    Command line =  
#        H:\PhanLeSon\ActivNoise\Microphone\F7\Mic_Array_Project\Mic_Array\Projects\STM32746G\Applications\Audio\Mic_Array\EWARM\STM32F7\Obj\audio_application.o
#        H:\PhanLeSon\ActivNoise\Microphone\F7\Mic_Array_Project\Mic_Array\Projects\STM32746G\Applications\Audio\Mic_Array\EWARM\STM32F7\Obj\audio_codec.o
#        H:\PhanLeSon\ActivNoise\Microphone\F7\Mic_Array_Project\Mic_Array\Projects\STM32746G\Applications\Audio\Mic_Array\EWARM\STM32F7\Obj\DSP.o
#        H:\PhanLeSon\ActivNoise\Microphone\F7\Mic_Array_Project\Mic_Array\Projects\STM32746G\Applications\Audio\Mic_Array\EWARM\STM32F7\Obj\ff.o
#        H:\PhanLeSon\ActivNoise\Microphone\F7\Mic_Array_Project\Mic_Array\Projects\STM32746G\Applications\Audio\Mic_Array\EWARM\STM32F7\Obj\ft5336.o
#        H:\PhanLeSon\ActivNoise\Microphone\F7\Mic_Array_Project\Mic_Array\Middlewares\ST\STM32_Audio\Addons\PDM\libPDMFilter_CM7_IAR.a
#        H:\PhanLeSon\ActivNoise\Microphone\F7\Mic_Array_Project\Mic_Array\Projects\STM32746G\Applications\Audio\Mic_Array\EWARM\STM32F7\Obj\main.o
#        H:\PhanLeSon\ActivNoise\Microphone\F7\Mic_Array_Project\Mic_Array\Projects\STM32746G\Applications\Audio\Mic_Array\EWARM\STM32F7\Obj\sta321mp.o
#        H:\PhanLeSon\ActivNoise\Microphone\F7\Mic_Array_Project\Mic_Array\Projects\STM32746G\Applications\Audio\Mic_Array\EWARM\STM32F7\Obj\startup_stm32f746xx.o
#        H:\PhanLeSon\ActivNoise\Microphone\F7\Mic_Array_Project\Mic_Array\Projects\STM32746G\Applications\Audio\Mic_Array\EWARM\STM32F7\Obj\stm32746g_discovery.o
#        H:\PhanLeSon\ActivNoise\Microphone\F7\Mic_Array_Project\Mic_Array\Projects\STM32746G\Applications\Audio\Mic_Array\EWARM\STM32F7\Obj\stm32746g_discovery_lcd.o
#        H:\PhanLeSon\ActivNoise\Microphone\F7\Mic_Array_Project\Mic_Array\Projects\STM32746G\Applications\Audio\Mic_Array\EWARM\STM32F7\Obj\stm32746g_discovery_sdram.o
#        H:\PhanLeSon\ActivNoise\Microphone\F7\Mic_Array_Project\Mic_Array\Projects\STM32746G\Applications\Audio\Mic_Array\EWARM\STM32F7\Obj\stm32746g_discovery_ts.o
#        H:\PhanLeSon\ActivNoise\Microphone\F7\Mic_Array_Project\Mic_Array\Projects\STM32746G\Applications\Audio\Mic_Array\EWARM\STM32F7\Obj\stm32f7xx_hal.o
#        H:\PhanLeSon\ActivNoise\Microphone\F7\Mic_Array_Project\Mic_Array\Projects\STM32746G\Applications\Audio\Mic_Array\EWARM\STM32F7\Obj\stm32f7xx_hal_cortex.o
#        H:\PhanLeSon\ActivNoise\Microphone\F7\Mic_Array_Project\Mic_Array\Projects\STM32746G\Applications\Audio\Mic_Array\EWARM\STM32F7\Obj\stm32f7xx_hal_dma.o
#        H:\PhanLeSon\ActivNoise\Microphone\F7\Mic_Array_Project\Mic_Array\Projects\STM32746G\Applications\Audio\Mic_Array\EWARM\STM32F7\Obj\stm32f7xx_hal_dma2d.o
#        H:\PhanLeSon\ActivNoise\Microphone\F7\Mic_Array_Project\Mic_Array\Projects\STM32746G\Applications\Audio\Mic_Array\EWARM\STM32F7\Obj\stm32f7xx_hal_dma_ex.o
#        H:\PhanLeSon\ActivNoise\Microphone\F7\Mic_Array_Project\Mic_Array\Projects\STM32746G\Applications\Audio\Mic_Array\EWARM\STM32F7\Obj\stm32f7xx_hal_flash.o
#        H:\PhanLeSon\ActivNoise\Microphone\F7\Mic_Array_Project\Mic_Array\Projects\STM32746G\Applications\Audio\Mic_Array\EWARM\STM32F7\Obj\stm32f7xx_hal_flash_ex.o
#        H:\PhanLeSon\ActivNoise\Microphone\F7\Mic_Array_Project\Mic_Array\Projects\STM32746G\Applications\Audio\Mic_Array\EWARM\STM32F7\Obj\stm32f7xx_hal_gpio.o
#        H:\PhanLeSon\ActivNoise\Microphone\F7\Mic_Array_Project\Mic_Array\Projects\STM32746G\Applications\Audio\Mic_Array\EWARM\STM32F7\Obj\stm32f7xx_hal_hcd.o
#        H:\PhanLeSon\ActivNoise\Microphone\F7\Mic_Array_Project\Mic_Array\Projects\STM32746G\Applications\Audio\Mic_Array\EWARM\STM32F7\Obj\stm32f7xx_hal_i2c.o
#        H:\PhanLeSon\ActivNoise\Microphone\F7\Mic_Array_Project\Mic_Array\Projects\STM32746G\Applications\Audio\Mic_Array\EWARM\STM32F7\Obj\stm32f7xx_hal_i2c_ex.o
#        H:\PhanLeSon\ActivNoise\Microphone\F7\Mic_Array_Project\Mic_Array\Projects\STM32746G\Applications\Audio\Mic_Array\EWARM\STM32F7\Obj\stm32f7xx_hal_i2s.o
#        H:\PhanLeSon\ActivNoise\Microphone\F7\Mic_Array_Project\Mic_Array\Projects\STM32746G\Applications\Audio\Mic_Array\EWARM\STM32F7\Obj\stm32f7xx_hal_ltdc.o
#        H:\PhanLeSon\ActivNoise\Microphone\F7\Mic_Array_Project\Mic_Array\Projects\STM32746G\Applications\Audio\Mic_Array\EWARM\STM32F7\Obj\stm32f7xx_hal_pcd.o
#        H:\PhanLeSon\ActivNoise\Microphone\F7\Mic_Array_Project\Mic_Array\Projects\STM32746G\Applications\Audio\Mic_Array\EWARM\STM32F7\Obj\stm32f7xx_hal_pcd_ex.o
#        H:\PhanLeSon\ActivNoise\Microphone\F7\Mic_Array_Project\Mic_Array\Projects\STM32746G\Applications\Audio\Mic_Array\EWARM\STM32F7\Obj\stm32f7xx_hal_pwr.o
#        H:\PhanLeSon\ActivNoise\Microphone\F7\Mic_Array_Project\Mic_Array\Projects\STM32746G\Applications\Audio\Mic_Array\EWARM\STM32F7\Obj\stm32f7xx_hal_pwr_ex.o
#        H:\PhanLeSon\ActivNoise\Microphone\F7\Mic_Array_Project\Mic_Array\Projects\STM32746G\Applications\Audio\Mic_Array\EWARM\STM32F7\Obj\stm32f7xx_hal_rcc.o
#        H:\PhanLeSon\ActivNoise\Microphone\F7\Mic_Array_Project\Mic_Array\Projects\STM32746G\Applications\Audio\Mic_Array\EWARM\STM32F7\Obj\stm32f7xx_hal_rcc_ex.o
#        H:\PhanLeSon\ActivNoise\Microphone\F7\Mic_Array_Project\Mic_Array\Projects\STM32746G\Applications\Audio\Mic_Array\EWARM\STM32F7\Obj\stm32f7xx_hal_sai.o
#        H:\PhanLeSon\ActivNoise\Microphone\F7\Mic_Array_Project\Mic_Array\Projects\STM32746G\Applications\Audio\Mic_Array\EWARM\STM32F7\Obj\stm32f7xx_hal_sai_ex.o
#        H:\PhanLeSon\ActivNoise\Microphone\F7\Mic_Array_Project\Mic_Array\Projects\STM32746G\Applications\Audio\Mic_Array\EWARM\STM32F7\Obj\stm32f7xx_hal_sdram.o
#        H:\PhanLeSon\ActivNoise\Microphone\F7\Mic_Array_Project\Mic_Array\Projects\STM32746G\Applications\Audio\Mic_Array\EWARM\STM32F7\Obj\stm32f7xx_hal_spi.o
#        H:\PhanLeSon\ActivNoise\Microphone\F7\Mic_Array_Project\Mic_Array\Projects\STM32746G\Applications\Audio\Mic_Array\EWARM\STM32F7\Obj\stm32f7xx_hal_sram.o
#        H:\PhanLeSon\ActivNoise\Microphone\F7\Mic_Array_Project\Mic_Array\Projects\STM32746G\Applications\Audio\Mic_Array\EWARM\STM32F7\Obj\stm32f7xx_hal_tim.o
#        H:\PhanLeSon\ActivNoise\Microphone\F7\Mic_Array_Project\Mic_Array\Projects\STM32746G\Applications\Audio\Mic_Array\EWARM\STM32F7\Obj\stm32f7xx_hal_tim_ex.o
#        H:\PhanLeSon\ActivNoise\Microphone\F7\Mic_Array_Project\Mic_Array\Projects\STM32746G\Applications\Audio\Mic_Array\EWARM\STM32F7\Obj\stm32f7xx_hal_uart.o
#        H:\PhanLeSon\ActivNoise\Microphone\F7\Mic_Array_Project\Mic_Array\Projects\STM32746G\Applications\Audio\Mic_Array\EWARM\STM32F7\Obj\stm32f7xx_it.o
#        H:\PhanLeSon\ActivNoise\Microphone\F7\Mic_Array_Project\Mic_Array\Projects\STM32746G\Applications\Audio\Mic_Array\EWARM\STM32F7\Obj\stm32f7xx_ll_fmc.o
#        H:\PhanLeSon\ActivNoise\Microphone\F7\Mic_Array_Project\Mic_Array\Projects\STM32746G\Applications\Audio\Mic_Array\EWARM\STM32F7\Obj\stm32f7xx_ll_usb.o
#        H:\PhanLeSon\ActivNoise\Microphone\F7\Mic_Array_Project\Mic_Array\Projects\STM32746G\Applications\Audio\Mic_Array\EWARM\STM32F7\Obj\system_stm32f7xx.o
#        H:\PhanLeSon\ActivNoise\Microphone\F7\Mic_Array_Project\Mic_Array\Projects\STM32746G\Applications\Audio\Mic_Array\EWARM\STM32F7\Obj\usbd_audio_if.o
#        H:\PhanLeSon\ActivNoise\Microphone\F7\Mic_Array_Project\Mic_Array\Projects\STM32746G\Applications\Audio\Mic_Array\EWARM\STM32F7\Obj\usbd_audio_in.o
#        H:\PhanLeSon\ActivNoise\Microphone\F7\Mic_Array_Project\Mic_Array\Projects\STM32746G\Applications\Audio\Mic_Array\EWARM\STM32F7\Obj\usbd_conf_f4.o
#        H:\PhanLeSon\ActivNoise\Microphone\F7\Mic_Array_Project\Mic_Array\Projects\STM32746G\Applications\Audio\Mic_Array\EWARM\STM32F7\Obj\usbd_core.o
#        H:\PhanLeSon\ActivNoise\Microphone\F7\Mic_Array_Project\Mic_Array\Projects\STM32746G\Applications\Audio\Mic_Array\EWARM\STM32F7\Obj\usbd_ctlreq.o
#        H:\PhanLeSon\ActivNoise\Microphone\F7\Mic_Array_Project\Mic_Array\Projects\STM32746G\Applications\Audio\Mic_Array\EWARM\STM32F7\Obj\usbd_desc.o
#        H:\PhanLeSon\ActivNoise\Microphone\F7\Mic_Array_Project\Mic_Array\Projects\STM32746G\Applications\Audio\Mic_Array\EWARM\STM32F7\Obj\usbd_ioreq.o
#        H:\PhanLeSon\ActivNoise\Microphone\F7\Mic_Array_Project\Mic_Array\Projects\STM32746G\Applications\Audio\Mic_Array\EWARM\STM32F7\Obj\usbh_conf.o
#        H:\PhanLeSon\ActivNoise\Microphone\F7\Mic_Array_Project\Mic_Array\Projects\STM32746G\Applications\Audio\Mic_Array\EWARM\STM32F7\Obj\usbh_core.o
#        H:\PhanLeSon\ActivNoise\Microphone\F7\Mic_Array_Project\Mic_Array\Projects\STM32746G\Applications\Audio\Mic_Array\EWARM\STM32F7\Obj\usbh_ctlreq.o
#        H:\PhanLeSon\ActivNoise\Microphone\F7\Mic_Array_Project\Mic_Array\Projects\STM32746G\Applications\Audio\Mic_Array\EWARM\STM32F7\Obj\usbh_diskio.o
#        H:\PhanLeSon\ActivNoise\Microphone\F7\Mic_Array_Project\Mic_Array\Projects\STM32746G\Applications\Audio\Mic_Array\EWARM\STM32F7\Obj\usbh_ioreq.o
#        H:\PhanLeSon\ActivNoise\Microphone\F7\Mic_Array_Project\Mic_Array\Projects\STM32746G\Applications\Audio\Mic_Array\EWARM\STM32F7\Obj\usbh_msc.o
#        H:\PhanLeSon\ActivNoise\Microphone\F7\Mic_Array_Project\Mic_Array\Projects\STM32746G\Applications\Audio\Mic_Array\EWARM\STM32F7\Obj\usbh_msc_bot.o
#        H:\PhanLeSon\ActivNoise\Microphone\F7\Mic_Array_Project\Mic_Array\Projects\STM32746G\Applications\Audio\Mic_Array\EWARM\STM32F7\Obj\usbh_msc_scsi.o
#        H:\PhanLeSon\ActivNoise\Microphone\F7\Mic_Array_Project\Mic_Array\Projects\STM32746G\Applications\Audio\Mic_Array\EWARM\STM32F7\Obj\usbh_pipes.o
#        "H:\PhanLeSon\ActivNoise\Microphone\F7\Mic_Array_Project\Mic_Array\Projects\STM32746G\Applications\Audio\Mic_Array\EWARM\STM32F7\Obj\waveplayer
#        _CS43L22.o"
#        H:\PhanLeSon\ActivNoise\Microphone\F7\Mic_Array_Project\Mic_Array\Projects\STM32746G\Applications\Audio\Mic_Array\EWARM\STM32F7\Obj\waverecorder.o
#        --redirect _Printf=_PrintfSmall --redirect _Scanf=_ScanfSmall -o
#        H:\PhanLeSon\ActivNoise\Microphone\F7\Mic_Array_Project\Mic_Array\Projects\STM32746G\Applications\Audio\Mic_Array\EWARM\STM32F7\Exe\Project.out
#        --map
#        H:\PhanLeSon\ActivNoise\Microphone\F7\Mic_Array_Project\Mic_Array\Projects\STM32746G\Applications\Audio\Mic_Array\EWARM\STM32F7\List\Project.map
#        --config
#        H:\PhanLeSon\ActivNoise\Microphone\F7\Mic_Array_Project\Mic_Array\Projects\STM32746G\Applications\Audio\Mic_Array\EWARM\Project.icf
#        --semihosting --entry __iar_program_start --no_exceptions "D:\Program
#        Files (x86)\IAR Systems\Embedded Workbench
#        7.3\arm\CMSIS\Lib\IAR\iar_cortexM7ls_math.a" --vfe
#
###############################################################################

*******************************************************************************
*** RUNTIME MODEL ATTRIBUTES
***

CppFlavor                     = *
__Heap_Handler                = DLMalloc
__SystemLibrary               = DLib
__dlib_dynamic_initialization = normal


*******************************************************************************
*** PLACEMENT SUMMARY
***

"A1":  place at 0x08000000 { ro section .intvec };
"P1":  place in [from 0x00000000 to 0x00000000] |
                [from 0x08000000 to 0x080fffff] { ro };
"P3":  place in [from 0x20000000 to 0x2000ffff] |
                [from 0x20010000 to 0x2004ffff] { rw, block CSTACK, block HEAP };

  Section             Kind        Address     Size  Object
  -------             ----        -------     ----  ------
"A1":                                        0x1c8
  .intvec             ro code  0x08000000    0x1c8  startup_stm32f746xx.o [1]
                             - 0x080001c8    0x1c8

"P1":                                      0x29f9c
  .rodata             const    0x080001c8   0x8800  arm_common_tables.o [4]
  .text               ro code  0x080089c8   0x8078  arm_rfft_init_f32.o [4]
  .text               ro code  0x08010a40     0xb0  arm_cfft_radix4_init_f32.o [4]
  .rodata             const    0x08010af0   0x8000  arm_rfft_init_f32.o [4]
  .text               ro code  0x08018af0   0x395c  stm32f7xx_hal_dma.o [1]
  .text               ro code  0x0801c44c   0x15f0  waverecorder.o [1]
  .text               ro code  0x0801da3c    0x26c  stm32f7xx_hal_gpio.o [1]
  .text               ro code  0x0801dca8    0x550  pdm_filter.o [5]
  .text               ro code  0x0801e1f8     0x7c  stm32f7xx_hal.o [1]
  .text               ro code  0x0801e274    0x852  stm32f7xx_hal_spi.o [1]
  .text               ro code  0x0801eac8    0x1a4  stm32f7xx_hal_i2s.o [1]
  .text               ro code  0x0801ec6c    0x164  stm32f7xx_hal_cortex.o [1]
  .text               ro code  0x0801edd0     0x1c  FltCmpEq.o [6]
  .text               ro code  0x0801edec      0xe  U32ToFlt.o [6]
  .text               ro code  0x0801edfc     0x24  FltCmpLe.o [6]
  .text               ro code  0x0801ee20     0x12  FltMul.o [6]
  .text               ro code  0x0801ee34     0x4e  FltToDbl.o [6]
  .text               ro code  0x0801ee84     0x30  I32ToDbl.o [6]
  .text               ro code  0x0801eeb4    0x256  DblDiv.o [6]
  .text               ro code  0x0801f10c     0xe8  DblAdd.o [6]
  .text               ro code  0x0801f1f4     0x4c  DblToI32.o [6]
  .text               ro code  0x0801f240    0x1a2  DblMul.o [6]
  .text               ro code  0x0801f3e4     0x90  DblToFlt.o [6]
  .text               ro code  0x0801f474    0x450  xsin.o [6]
  .text               ro code  0x0801f8c4    0x180  DblSub.o [6]
  .text               ro code  0x0801fa44     0xf0  sqrt.o [6]
  .text               ro code  0x0801fb34    0x870  stm32f7xx_hal_rcc.o [1]
  .text               ro code  0x080203a4   0x108c  audio_codec.o [1]
  .text               ro code  0x08021430     0x2e  DblCmpLe.o [6]
  .text               ro code  0x08021460     0x2e  DblCmpGe.o [6]
  .text               ro code  0x08021490      0xc  errno.o [3]
  .text               ro code  0x0802149c    0x168  xquad.o [6]
  .text               ro code  0x08021604      0xc  iarEdom.o [7]
  .text               ro code  0x08021610    0xbf8  main.o [1]
  .text               ro code  0x08022208    0xad8  stm32f7xx_hal_i2c.o [1]
  .text               ro code  0x08022ce0     0x98  waveplayer _CS43L22.o [1]
  .text               ro code  0x08022d78     0x84  stm32f7xx_hal_i2c_ex.o [1]
  .text               ro code  0x08022dfc      0x2  xtls.o [3]
  .text               ro code  0x08022dfe     0x7a  xdint.o [6]
  .text               ro code  0x08022e78     0x20  DblCmpEq.o [6]
  .text               ro code  0x08022e98    0x1a8  fmod.o [6]
  .text               ro code  0x08023040    0x116  DSP.o [1]
  .text               ro code  0x08023158    0x270  audio_application.o [1]
  .text               ro code  0x080233c8    0x36c  stm32746g_discovery_sdram.o [1]
  .text               ro code  0x08023734    0x118  stm32746g_discovery.o [1]
  .text               ro code  0x0802384c    0x910  sta321mp.o [1]
  .text               ro code  0x0802415c    0xac8  usbd_audio_in.o [1]
  .text               ro code  0x08024c24    0x346  usbd_core.o [1]
  .text               ro code  0x08024f6c     0x84  stm32f7xx_hal_pwr_ex.o [1]
  .text               ro code  0x08024ff0    0x8a0  stm32f7xx_hal_rcc_ex.o [1]
  .text               ro code  0x08025890     0x80  usbd_audio_if.o [1]
  .text               ro code  0x08025910     0xac  stm32f7xx_hal_sdram.o [1]
  .text               ro code  0x080259bc   0x14f0  dlmalloc.o [3]
  .text               ro code  0x08026eac    0x350  usbd_conf_f4.o [1]
  .text               ro code  0x080271fc    0x65e  usbd_ctlreq.o [1]
  .text               ro code  0x0802785a     0xbc  usbd_ioreq.o [1]
  .text               ro code  0x08027918     0x66  ABImemset.o [7]
  .text               ro code  0x08027980     0x76  ABImemcpy_unaligned.o [7]
  .text               ro code  0x080279f6      0x8  abs.o [3]
  .text               ro code  0x08027a00    0x17c  stm32f7xx_ll_fmc.o [1]
  .text               ro code  0x08027b7c      0x6  abort.o [3]
  .text               ro code  0x08027b84     0x2c  xgetmemchunk.o [3]
  .text               ro code  0x08027bb0    0xa7a  stm32f7xx_hal_pcd.o [1]
  .text               ro code  0x0802862c     0x98  stm32f7xx_hal_pcd_ex.o [1]
  .text               ro code  0x080286c4     0x14  exit.o [8]
  .text               ro code  0x080286d8    0xd50  stm32f7xx_ll_usb.o [1]
  .text               ro code  0x08029428     0x30  iarttio.o [8]
  .text               ro code  0x08029458      0x8  XShttio.o [3]
  .text               ro code  0x08029460    0x36a  stm32f7xx_hal_uart.o [1]
  .text               ro code  0x080297cc     0xe8  usbd_desc.o [1]
  .rodata             const    0x080298b4     0x84  usbd_audio_if.o [1]
  .text               ro code  0x08029938     0x7c  stm32f7xx_it.o [1]
  .text               ro code  0x080299b4     0x6c  system_stm32f7xx.o [1]
  .text               ro code  0x08029a20     0x40  zero_init3.o [7]
  .text               ro code  0x08029a60     0x2c  copy_init3.o [7]
  .text               ro code  0x08029a8c     0x28  data_init.o [7]
  .rodata             const    0x08029ab4     0x24  usbd_desc.o [1]
  .rodata             const    0x08029ad8     0x24  usbd_desc.o [1]
  .text               ro code  0x08029afc     0x22  fpinit_M.o [6]
  .iar.init_table     const    0x08029b20     0x2c  - Linker created -
  .text               ro code  0x08029b4c     0x1a  cmain.o [7]
  .text               ro code  0x08029b66      0x4  low_level_init.o [3]
  .text               ro code  0x08029b6a      0x4  exit.o [3]
  .text               ro code  0x08029b70      0xa  cexit.o [7]
  .rodata             const    0x08029b7c     0x14  usbd_desc.o [1]
  .rodata             const    0x08029b90     0x10  stm32f7xx_hal_rcc.o [1]
  .rodata             const    0x08029ba0     0x10  usbd_desc.o [1]
  .rodata             const    0x08029bb0     0x10  usbd_desc.o [1]
  .rodata             const    0x08029bc0     0x10  usbd_desc.o [1]
  .rodata             const    0x08029bd0     0x10  usbd_desc.o [1]
  .text               ro code  0x08029be0     0x10  startup_stm32f746xx.o [1]
  .text               ro code  0x08029bf0      0xc  cstartup_M.o [7]
  .rodata             const    0x08029bfc      0x8  stm32746g_discovery.o [1]
  .text               ro code  0x08029c04      0x4  startup_stm32f746xx.o [1]
  .text               ro code  0x08029c08      0x4  startup_stm32f746xx.o [1]
  .text               ro code  0x08029c0c      0x4  startup_stm32f746xx.o [1]
  .text               ro code  0x08029c10      0x4  startup_stm32f746xx.o [1]
  .text               ro code  0x08029c14      0x4  startup_stm32f746xx.o [1]
  .text               ro code  0x08029c18      0x4  startup_stm32f746xx.o [1]
  .text               ro code  0x08029c1c      0x4  startup_stm32f746xx.o [1]
  .text               ro code  0x08029c20      0x4  startup_stm32f746xx.o [1]
  .text               ro code  0x08029c24      0x4  startup_stm32f746xx.o [1]
  .text               ro code  0x08029c28      0x4  startup_stm32f746xx.o [1]
  .text               ro code  0x08029c2c      0x4  startup_stm32f746xx.o [1]
  .text               ro code  0x08029c30      0x4  startup_stm32f746xx.o [1]
  .text               ro code  0x08029c34      0x4  startup_stm32f746xx.o [1]
  .text               ro code  0x08029c38      0x4  startup_stm32f746xx.o [1]
  .text               ro code  0x08029c3c      0x4  startup_stm32f746xx.o [1]
  .text               ro code  0x08029c40      0x4  startup_stm32f746xx.o [1]
  .text               ro code  0x08029c44      0x4  startup_stm32f746xx.o [1]
  .text               ro code  0x08029c48      0x4  startup_stm32f746xx.o [1]
  .text               ro code  0x08029c4c      0x4  startup_stm32f746xx.o [1]
  .text               ro code  0x08029c50      0x4  startup_stm32f746xx.o [1]
  .text               ro code  0x08029c54      0x4  startup_stm32f746xx.o [1]
  .text               ro code  0x08029c58      0x4  startup_stm32f746xx.o [1]
  .text               ro code  0x08029c5c      0x4  startup_stm32f746xx.o [1]
  .text               ro code  0x08029c60      0x4  startup_stm32f746xx.o [1]
  .text               ro code  0x08029c64      0x4  startup_stm32f746xx.o [1]
  .text               ro code  0x08029c68      0x4  startup_stm32f746xx.o [1]
  .text               ro code  0x08029c6c      0x4  startup_stm32f746xx.o [1]
  .text               ro code  0x08029c70      0x4  startup_stm32f746xx.o [1]
  .text               ro code  0x08029c74      0x4  startup_stm32f746xx.o [1]
  .text               ro code  0x08029c78      0x4  startup_stm32f746xx.o [1]
  .text               ro code  0x08029c7c      0x4  startup_stm32f746xx.o [1]
  .text               ro code  0x08029c80      0x4  startup_stm32f746xx.o [1]
  .text               ro code  0x08029c84      0x4  startup_stm32f746xx.o [1]
  .text               ro code  0x08029c88      0x4  startup_stm32f746xx.o [1]
  .text               ro code  0x08029c8c      0x4  startup_stm32f746xx.o [1]
  .text               ro code  0x08029c90      0x4  startup_stm32f746xx.o [1]
  .text               ro code  0x08029c94      0x4  startup_stm32f746xx.o [1]
  .text               ro code  0x08029c98      0x4  startup_stm32f746xx.o [1]
  .text               ro code  0x08029c9c      0x4  startup_stm32f746xx.o [1]
  .text               ro code  0x08029ca0      0x4  startup_stm32f746xx.o [1]
  .text               ro code  0x08029ca4      0x4  startup_stm32f746xx.o [1]
  .text               ro code  0x08029ca8      0x4  startup_stm32f746xx.o [1]
  .text               ro code  0x08029cac      0x4  startup_stm32f746xx.o [1]
  .text               ro code  0x08029cb0      0x4  startup_stm32f746xx.o [1]
  .text               ro code  0x08029cb4      0x4  startup_stm32f746xx.o [1]
  .text               ro code  0x08029cb8      0x4  startup_stm32f746xx.o [1]
  .text               ro code  0x08029cbc      0x4  startup_stm32f746xx.o [1]
  .text               ro code  0x08029cc0      0x4  startup_stm32f746xx.o [1]
  .text               ro code  0x08029cc4      0x4  startup_stm32f746xx.o [1]
  .text               ro code  0x08029cc8      0x4  startup_stm32f746xx.o [1]
  .text               ro code  0x08029ccc      0x4  startup_stm32f746xx.o [1]
  .text               ro code  0x08029cd0      0x4  startup_stm32f746xx.o [1]
  .text               ro code  0x08029cd4      0x4  startup_stm32f746xx.o [1]
  .text               ro code  0x08029cd8      0x4  startup_stm32f746xx.o [1]
  .text               ro code  0x08029cdc      0x4  startup_stm32f746xx.o [1]
  .text               ro code  0x08029ce0      0x4  startup_stm32f746xx.o [1]
  .text               ro code  0x08029ce4      0x4  startup_stm32f746xx.o [1]
  .text               ro code  0x08029ce8      0x4  startup_stm32f746xx.o [1]
  .text               ro code  0x08029cec      0x4  startup_stm32f746xx.o [1]
  .text               ro code  0x08029cf0      0x4  startup_stm32f746xx.o [1]
  .text               ro code  0x08029cf4      0x4  startup_stm32f746xx.o [1]
  .text               ro code  0x08029cf8      0x4  startup_stm32f746xx.o [1]
  .text               ro code  0x08029cfc      0x4  startup_stm32f746xx.o [1]
  .text               ro code  0x08029d00      0x4  startup_stm32f746xx.o [1]
  .text               ro code  0x08029d04      0x4  startup_stm32f746xx.o [1]
  .text               ro code  0x08029d08      0x4  startup_stm32f746xx.o [1]
  .text               ro code  0x08029d0c      0x4  startup_stm32f746xx.o [1]
  .text               ro code  0x08029d10      0x4  startup_stm32f746xx.o [1]
  .text               ro code  0x08029d14      0x4  startup_stm32f746xx.o [1]
  .text               ro code  0x08029d18      0x4  startup_stm32f746xx.o [1]
  .text               ro code  0x08029d1c      0x4  startup_stm32f746xx.o [1]
  .text               ro code  0x08029d20      0x4  startup_stm32f746xx.o [1]
  .text               ro code  0x08029d24      0x4  startup_stm32f746xx.o [1]
  .text               ro code  0x08029d28      0x4  startup_stm32f746xx.o [1]
  .text               ro code  0x08029d2c      0x4  startup_stm32f746xx.o [1]
  .text               ro code  0x08029d30      0x4  startup_stm32f746xx.o [1]
  .text               ro code  0x08029d34      0x4  startup_stm32f746xx.o [1]
  .rodata             const    0x08029d38      0x0  zero_init3.o [7]
  .rodata             const    0x08029d38      0x0  copy_init3.o [7]
  Initializer bytes   const    0x08029d38    0x42c  <for P3 s0>
                             - 0x0802a164  0x29f9c

"P3", part 1 of 3:                           0x42c
  P3 s0                        0x20000000    0x42c  <Init block>
    .data             inited   0x20000000    0x304  pdm_filter.o [5]
    .data             inited   0x20000304     0x50  sta321mp.o [1]
    .data             inited   0x20000354     0x38  usbd_audio_in.o [1]
    .data             inited   0x2000038c     0x24  sta321mp.o [1]
    .data             inited   0x200003b0     0x24  usbd_audio_if.o [1]
    .data             inited   0x200003d4     0x1c  usbd_desc.o [1]
    .data             inited   0x200003f0     0x14  usbd_desc.o [1]
    .data             inited   0x20000404      0xc  usbd_audio_in.o [1]
    .data             inited   0x20000410      0x8  XShttio.o [3]
    .data             inited   0x20000418      0x4  system_stm32f7xx.o [1]
    .data             inited   0x2000041c      0x4  usbd_desc.o [1]
    __DLIB_PERTHREAD  inited   0x20000420      0x4  errno.o [3]
    .data             inited   0x20000424      0x1  audio_codec.o [1]
    .data             inited   0x20000425      0x1  main.o [1]
    .data             inited   0x20000426      0x1  main.o [1]
    .data             inited   0x20000427      0x1  stm32746g_discovery_sdram.o [1]
    .data             inited   0x20000428      0x1  waveplayer _CS43L22.o [1]
                             - 0x2000042c    0x42c

"P3", part 2 of 3:                          0x9a5c
  .bss                zero     0x2000042c   0x2000  waverecorder.o [1]
  .bss                zero     0x2000242c   0x2000  waverecorder.o [1]
  .bss                zero     0x2000442c   0x2000  waverecorder.o [1]
  .bss                zero     0x2000642c   0x2000  waverecorder.o [1]
  .bss                zero     0x2000842c    0x800  main.o [1]
  .bss                zero     0x20008c2c    0x3c0  usbd_conf_f4.o [1]
  .bss                zero     0x20008fec    0x224  main.o [1]
  .bss                zero     0x20009210    0x1d8  dlmalloc.o [3]
  .bss                zero     0x200093e8    0x180  usbd_audio_in.o [1]
  .bss                zero     0x20009568     0xc8  usbd_desc.o [1]
  .bss                zero     0x20009630     0x80  waverecorder.o [1]
  .bss                zero     0x200096b0     0x80  waverecorder.o [1]
  .bss                zero     0x20009730     0x78  usbd_audio_in.o [1]
  .bss                zero     0x200097a8     0x70  main.o [1]
  .bss                zero     0x20009818     0x68  waverecorder.o [1]
  .bss                zero     0x20009880     0x64  main.o [1]
  .bss                zero     0x200098e4     0x64  usbd_audio_in.o [1]
  .bss                zero     0x20009948     0x64  waverecorder.o [1]
  .bss                zero     0x200099ac     0x64  waverecorder.o [1]
  .bss                zero     0x20009a10     0x50  audio_codec.o [1]
  .bss                zero     0x20009a60     0x50  stm32746g_discovery_sdram.o [1]
  .bss                zero     0x20009ab0     0x50  waverecorder.o [1]
  .bss                zero     0x20009b00     0x50  waverecorder.o [1]
  .bss                zero     0x20009b50     0x40  waveplayer _CS43L22.o [1]
  .bss                zero     0x20009b90     0x40  waverecorder.o [1]
  .bss                zero     0x20009bd0     0x40  waverecorder.o [1]
  .bss                zero     0x20009c10     0x3c  audio_codec.o [1]
  .bss                zero     0x20009c4c     0x3c  audio_codec.o [1]
  .bss                zero     0x20009c88     0x34  stm32746g_discovery_sdram.o [1]
  .bss                zero     0x20009cbc     0x1c  stm32746g_discovery_sdram.o [1]
  .bss                zero     0x20009cd8     0x18  main.o [1]
  .bss                zero     0x20009cf0     0x18  main.o [1]
  .bss                zero     0x20009d08     0x18  main.o [1]
  .bss                zero     0x20009d20     0x18  main.o [1]
  .bss                zero     0x20009d38     0x18  main.o [1]
  .bss                zero     0x20009d50     0x18  main.o [1]
  .bss                zero     0x20009d68     0x18  dlmalloc.o [3]
  .bss                zero     0x20009d80     0x14  main.o [1]
  .bss                zero     0x20009d94     0x14  main.o [1]
  .bss                zero     0x20009da8     0x14  main.o [1]
  .bss                zero     0x20009dbc     0x14  main.o [1]
  .bss                zero     0x20009dd0     0x14  main.o [1]
  .bss                zero     0x20009de4     0x14  main.o [1]
  .bss                zero     0x20009df8     0x10  sta321mp.o [1]
  .bss                zero     0x20009e08     0x10  stm32746g_discovery_sdram.o [1]
  .bss                zero     0x20009e18      0x4  DSP.o [1]
  .bss                zero     0x20009e1c      0x4  stm32f7xx_hal.o [1]
  .bss                zero     0x20009e20      0x4  stm32f7xx_it.o [1]
  .bss                zero     0x20009e24      0x4  waverecorder.o [1]
  .bss                zero     0x20009e28      0x4  waverecorder.o [1]
  .bss                zero     0x20009e2c      0x4  xgetmemchunk.o [3]
  .bss                zero     0x20009e30      0x2  main.o [1]
  .bss                zero     0x20009e32      0x2  main.o [1]
  .bss                zero     0x20009e34      0x2  main.o [1]
  .bss                zero     0x20009e36      0x2  main.o [1]
  .bss                zero     0x20009e38      0x2  main.o [1]
  .bss                zero     0x20009e3a      0x2  main.o [1]
  .bss                zero     0x20009e3c      0x2  main.o [1]
  .bss                zero     0x20009e3e      0x2  main.o [1]
  .bss                zero     0x20009e40      0x2  main.o [1]
  .bss                zero     0x20009e42      0x2  main.o [1]
  .bss                zero     0x20009e44      0x2  main.o [1]
  .bss                zero     0x20009e46      0x2  main.o [1]
  .bss                zero     0x20009e48      0x2  main.o [1]
  .bss                zero     0x20009e4a      0x2  main.o [1]
  .bss                zero     0x20009e4c      0x2  main.o [1]
  .bss                zero     0x20009e4e      0x2  main.o [1]
  .bss                zero     0x20009e50      0x2  sta321mp.o [1]
  .bss                zero     0x20009e52      0x2  usbd_audio_in.o [1]
  .bss                zero     0x20009e54      0x2  waverecorder.o [1]
  .bss                zero     0x20009e56      0x2  waverecorder.o [1]
  .bss                zero     0x20009e58      0x2  waverecorder.o [1]
  .bss                zero     0x20009e5a      0x2  waverecorder.o [1]
  .bss                zero     0x20009e5c      0x2  waverecorder.o [1]
  .bss                zero     0x20009e5e      0x2  waverecorder.o [1]
  .bss                zero     0x20009e60      0x2  waverecorder.o [1]
  .bss                zero     0x20009e62      0x2  waverecorder.o [1]
  .bss                zero     0x20009e64      0x2  waverecorder.o [1]
  .bss                zero     0x20009e66      0x2  waverecorder.o [1]
  .bss                zero     0x20009e68      0x2  waverecorder.o [1]
  .bss                zero     0x20009e6a      0x2  waverecorder.o [1]
  .bss                zero     0x20009e6c      0x2  waverecorder.o [1]
  .bss                zero     0x20009e6e      0x2  waverecorder.o [1]
  .bss                zero     0x20009e70      0x2  waverecorder.o [1]
  .bss                zero     0x20009e72      0x2  waverecorder.o [1]
  .bss                zero     0x20009e74      0x1  audio_application.o [1]
  .bss                zero     0x20009e75      0x1  audio_codec.o [1]
  .bss                zero     0x20009e76      0x1  main.o [1]
  .bss                zero     0x20009e77      0x1  main.o [1]
  .bss                zero     0x20009e78      0x1  main.o [1]
  .bss                zero     0x20009e79      0x1  main.o [1]
  .bss                zero     0x20009e7a      0x1  main.o [1]
  .bss                zero     0x20009e7b      0x1  main.o [1]
  .bss                zero     0x20009e7c      0x1  usbd_ctlreq.o [1]
  .bss                zero     0x20009e7d      0x1  waverecorder.o [1]
  .bss                zero     0x20009e7e      0x1  waverecorder.o [1]
  .bss                zero     0x20009e7f      0x1  waverecorder.o [1]
  .bss                zero     0x20009e80      0x1  waverecorder.o [1]
  .bss                zero     0x20009e81      0x1  waverecorder.o [1]
  .bss                zero     0x20009e82      0x1  waverecorder.o [1]
  .bss                zero     0x20009e83      0x1  waverecorder.o [1]
  .bss                zero     0x20009e84      0x1  waverecorder.o [1]
  .bss                zero     0x20009e85      0x1  waverecorder.o [1]
  .bss                zero     0x20009e86      0x1  waverecorder.o [1]
  .bss                zero     0x20009e87      0x1  waverecorder.o [1]
                             - 0x20009e88   0x9a5c

"P3", part 3 of 3:                          0x4000
  CSTACK                       0x20009e88   0x2000  <Block>
    CSTACK            uninit   0x20009e88   0x2000  <Block tail>
  HEAP                         0x2000be88   0x2000  <Block>
    HEAP              uninit   0x2000be88   0x2000  <Block tail>
                             - 0x2000de88   0x4000

Absolute sections:                         0x201e0
  .bss                zero     0xc0000000   0x80a0  waverecorder.o [1]
  .bss                zero     0xc00080a0   0x80a0  waverecorder.o [1]
  .bss                zero     0xc0010140   0x80a0  waverecorder.o [1]
  .bss                zero     0xc00181e0   0x4000  audio_application.o [1]
  .bss                zero     0xc001c1e0   0x4000  audio_application.o [1]
                             - 0xc00201e0  0x201e0


*******************************************************************************
*** INIT TABLE
***

          Address     Size
          -------     ----
Zero (__iar_zero_init3)
    2 destination ranges, total size 0x29c3c:
          0x2000042c   0x9a5c
          0xc0000000  0x201e0

Copy (__iar_copy_init3)
    1 source range, total size 0x42c (100% of destination):
          0x08029d38    0x42c
    1 destination range, total size 0x429:
          0x20000000    0x429



*******************************************************************************
*** MODULE SUMMARY
***

    Module                       ro code  ro data  rw data  rw data
                                                             (abs)
    ------                       -------  -------  -------  -------
H:\PhanLeSon\ActivNoise\Microphone\F7\Mic_Array_Project\Mic_Array\Projects\STM32746G\Applications\Audio\Mic_Array\EWARM\STM32F7\Obj: [1]
    DSP.o                            278                 4
    audio_application.o              624                 1   32 768
    audio_codec.o                  4 236        1      202
    main.o                         3 064        2    3 112
    sta321mp.o                     2 320      116      134
    startup_stm32f746xx.o            780
    stm32746g_discovery.o            280        8
    stm32746g_discovery_sdram.o      876        1      177
    stm32f7xx_hal.o                  124                 4
    stm32f7xx_hal_cortex.o           356
    stm32f7xx_hal_dma.o           14 684
    stm32f7xx_hal_gpio.o             620
    stm32f7xx_hal_i2c.o            2 776
    stm32f7xx_hal_i2c_ex.o           132
    stm32f7xx_hal_i2s.o              420
    stm32f7xx_hal_pcd.o            2 682
    stm32f7xx_hal_pcd_ex.o           152
    stm32f7xx_hal_pwr_ex.o           132
    stm32f7xx_hal_rcc.o            2 160       16
    stm32f7xx_hal_rcc_ex.o         2 208
    stm32f7xx_hal_sdram.o            172
    stm32f7xx_hal_spi.o            2 130
    stm32f7xx_hal_uart.o             874
    stm32f7xx_it.o                   124                 4
    stm32f7xx_ll_fmc.o               380
    stm32f7xx_ll_usb.o             3 408
    system_stm32f7xx.o               108        4        4
    usbd_audio_if.o                  128      168       36
    usbd_audio_in.o                2 760       68      674
    usbd_conf_f4.o                   848               960
    usbd_core.o                      838
    usbd_ctlreq.o                  1 630                 1
    usbd_desc.o                      232      208      252
    usbd_ioreq.o                     188
    waveplayer _CS43L22.o            152        1       65
    waverecorder.o                 5 616            33 667   98 784
    ---------------------------------------------------------------
    Total:                        58 492      593   39 297  131 552

command line: [2]
    ---------------------------------------------------------------
    Total:

dl7M_tlf.a: [3]
    XShttio.o                          8        8        8
    abort.o                            6
    abs.o                              8
    dlmalloc.o                     5 360               496
    errno.o                           12        4        4
    exit.o                             4
    low_level_init.o                   4
    xgetmemchunk.o                    44                 4
    xtls.o                             2
    ---------------------------------------------------------------
    Total:                         5 448       12      512

iar_cortexM7ls_math.a: [4]
    arm_cfft_radix4_init_f32.o       176
    arm_common_tables.o                    34 816
    arm_rfft_init_f32.o           32 888   32 768
    ---------------------------------------------------------------
    Total:                        33 064   67 584

libPDMFilter_CM7_IAR.a: [5]
    pdm_filter.o                   1 360      772      772
    ---------------------------------------------------------------
    Total:                         1 360      772      772

m7M_tls.a: [6]
    DblAdd.o                         232
    DblCmpEq.o                        32
    DblCmpGe.o                        46
    DblCmpLe.o                        46
    DblDiv.o                         598
    DblMul.o                         418
    DblSub.o                         384
    DblToFlt.o                       144
    DblToI32.o                        76
    FltCmpEq.o                        28
    FltCmpLe.o                        36
    FltMul.o                          18
    FltToDbl.o                        78
    I32ToDbl.o                        48
    U32ToFlt.o                        14
    fmod.o                           424
    fpinit_M.o                        34
    sqrt.o                           240
    xdint.o                          122
    xquad.o                          360
    xsin.o                         1 104
    ---------------------------------------------------------------
    Total:                         4 482

rt7M_tl.a: [7]
    ABImemcpy_unaligned.o            118
    ABImemset.o                      102
    cexit.o                           10
    cmain.o                           26
    copy_init3.o                      44
    cstartup_M.o                      12
    data_init.o                       40
    iarEdom.o                         12
    zero_init3.o                      64
    ---------------------------------------------------------------
    Total:                           428

shb_l.a: [8]
    exit.o                            20
    iarttio.o                         48
    ---------------------------------------------------------------
    Total:                            68

    Gaps                              34        4
    Linker created                             47   16 384
-------------------------------------------------------------------
    Grand Total:                 103 376   69 012   56 965  131 552


*******************************************************************************
*** ENTRY LIST
***

Entry                      Address    Size  Type      Object
-----                      -------    ----  ----      ------
.iar.init_table$$Base   0x08029b20           --   Gb  - Linker created -
.iar.init_table$$Limit  0x08029b4c           --   Gb  - Linker created -
?main                   0x08029b4d          Code  Gb  cmain.o [7]
APBAHBPrescTable        0x08029b90    0x10  Data  Gb  stm32f7xx_hal_rcc.o [1]
AUDIO_Desc              0x200003d4    0x1c  Data  Gb  usbd_desc.o [1]
AUDIO_Init              0x080203a5    0x38  Code  Gb  audio_codec.o [1]
AUDIO_InitApplication   0x08022d6d     0xc  Code  Gb  waveplayer _CS43L22.o [1]
AUDIO_REQ_GetCurrent    0x080244e7    0x30  Code  Lc  usbd_audio_in.o [1]
AUDIO_REQ_GetMaximum    0x08024481    0x22  Code  Lc  usbd_audio_in.o [1]
AUDIO_REQ_GetMinimum    0x080244a3    0x22  Code  Lc  usbd_audio_in.o [1]
AUDIO_REQ_GetResolution
                        0x080244c5    0x22  Code  Lc  usbd_audio_in.o [1]
AUDIO_REQ_SetCurrent    0x08024517    0x34  Code  Lc  usbd_audio_in.o [1]
AudioPlayerUpd          0x08023189   0x222  Code  Gb  audio_application.o [1]
AudioUSBSend            0x08023159    0x30  Code  Gb  audio_application.o [1]
Audio_CommandMgr        0x080258ed     0x6  Code  Lc  usbd_audio_if.o [1]
Audio_DeInit            0x08025897     0x6  Code  Lc  usbd_audio_if.o [1]
Audio_Init              0x08025891     0x6  Code  Lc  usbd_audio_if.o [1]
Audio_MAL_Play          0x08020fc1    0xbc  Code  Gb  audio_codec.o [1]
Audio_MuteCtl           0x080258db     0x6  Code  Lc  usbd_audio_if.o [1]
Audio_Pause             0x080258e5     0x4  Code  Lc  usbd_audio_if.o [1]
Audio_Play_Out          0x080217ff   0x12e  Code  Lc  main.o [1]
Audio_Record            0x0802589d     0x4  Code  Lc  usbd_audio_if.o [1]
Audio_Resume            0x080258e9     0x4  Code  Lc  usbd_audio_if.o [1]
Audio_Stop              0x080258e1     0x4  Code  Lc  usbd_audio_if.o [1]
Audio_VolumeCtl         0x080258a1    0x3a  Code  Lc  usbd_audio_if.o [1]
BSP_AUDIO_OUT_ClockConfig
                        0x08021bd3    0x70  Code  Gb  main.o [1]
BSP_LED_Init            0x08023735    0xc8  Code  Gb  stm32746g_discovery.o [1]
BSP_LED_Toggle          0x080237fd    0x42  Code  Gb  stm32746g_discovery.o [1]
BSP_SDRAM_Init          0x080233c9    0xd6  Code  Gb  stm32746g_discovery_sdram.o [1]
BSP_SDRAM_Initialization_sequence
                        0x0802349f    0xb0  Code  Gb  stm32746g_discovery_sdram.o [1]
BSP_SDRAM_MspInit       0x0802354f   0x1a8  Code  Wk  stm32746g_discovery_sdram.o [1]
Buffer1                 0xc0000000  0x80a0  Data  Gb  waverecorder.o [1]
Buffer2                 0xc00080a0  0x80a0  Data  Gb  waverecorder.o [1]
Buffer3                 0xc0010140  0x80a0  Data  Gb  waverecorder.o [1]
BusFault_Handler        0x0802993f     0x2  Code  Gb  stm32f7xx_it.o [1]
ButtonInit              0x08021f6b    0x4e  Code  Gb  main.o [1]
CPU_CACHE_Enable        0x08021c43     0xc  Code  Lc  main.o [1]
CSTACK$$Base            0x20009e88           --   Gb  - Linker created -
CSTACK$$Limit           0x2000be88           --   Gb  - Linker created -
Codec_AudioInterface_Init
                        0x08020f2d     0xc  Code  Lc  audio_codec.o [1]
Codec_CtrlInterface_Init
                        0x08020f25     0x8  Code  Lc  audio_codec.o [1]
Codec_GPIO_Init         0x08020f39    0x40  Code  Lc  audio_codec.o [1]
Codec_Init              0x08020cfb    0xf6  Code  Lc  audio_codec.o [1]
Codec_ReadRegister      0x08020ec1    0x64  Code  Lc  audio_codec.o [1]
Codec_Reset             0x08020e55    0x24  Code  Lc  audio_codec.o [1]
Codec_TIMEOUT_UserCallback
                        0x08022cf3     0x4  Code  Gb  waveplayer _CS43L22.o [1]
Codec_VolumeCtrl        0x08020df1    0x64  Code  Lc  audio_codec.o [1]
Codec_WriteRegister     0x08020e7b    0x3e  Code  Lc  audio_codec.o [1]
Command                 0x20009e08    0x10  Data  Lc  stm32746g_discovery_sdram.o [1]
Command_index           0x20000426     0x1  Data  Gb  main.o [1]
CrssCor                 0x08023041    0xf6  Code  Gb  DSP.o [1]
DFT_Init                0x08021de9    0x72  Code  Gb  main.o [1]
DMA1_Stream0_IRQHandler
                        0x08020cef     0x2  Code  Gb  audio_codec.o [1]
DMA1_Stream7_IRQHandler
                        0x080203dd   0x912  Code  Gb  audio_codec.o [1]
DMA2_Stream4_IRQHandler
                        0x080299b1     0x2  Code  Gb  stm32f7xx_it.o [1]
DMA2_Stream5_IRQHandler
                        0x0801d533     0xc  Code  Gb  waverecorder.o [1]
DMA2_Stream6_IRQHandler
                        0x0801d545     0xc  Code  Gb  waverecorder.o [1]
DMA2_Stream7_IRQHandler
                        0x080299b3     0x2  Code  Gb  stm32f7xx_it.o [1]
DMA_SetConfig           0x08018af1    0x2e  Code  Gb  stm32f7xx_hal_dma.o [1]
DebugMon_Handler        0x08029945     0x2  Code  Gb  stm32f7xx_it.o [1]
Delay                   0x08020fad    0x14  Code  Lc  audio_codec.o [1]
DmaHandle               0x20009a10    0x50  Data  Gb  audio_codec.o [1]
EXTI15_10_IRQHandler    0x08021d73     0x2  Code  Gb  main.o [1]
EXTI4_IRQHandler        0x08021d35    0x3e  Code  Gb  main.o [1]
EXTI9_5_IRQHandler      0x08021d75    0x74  Code  Gb  main.o [1]
EnergySound             0x20009e18     0x4  Data  Gb  DSP.o [1]
FFT_Update              0x0802169f   0x160  Code  Lc  main.o [1]
FMC_SDRAM_Init          0x08027a01    0x7c  Code  Gb  stm32f7xx_ll_fmc.o [1]
FMC_SDRAM_ProgramRefreshRate
                        0x08027b6f     0xe  Code  Gb  stm32f7xx_ll_fmc.o [1]
FMC_SDRAM_SendCommand   0x08027b1b    0x54  Code  Gb  stm32f7xx_ll_fmc.o [1]
FMC_SDRAM_Timing_Init   0x08027a7d    0x9e  Code  Gb  stm32f7xx_ll_fmc.o [1]
FacMic                  0x20009cd8    0x18  Data  Gb  main.o [1]
FactorUpd               0x0802313d    0x1a  Code  Gb  DSP.o [1]
Filter                  0x20009818    0x68  Data  Gb  waverecorder.o [1]
GPIO_INS                0x20009d80    0x14  Data  Gb  main.o [1]
GPIO_PIN                0x08029bfc     0x8  Data  Gb  stm32746g_discovery.o [1]
HAL_DMA_DeInit          0x08018ba1   0xfe8  Code  Gb  stm32f7xx_hal_dma.o [1]
HAL_DMA_IRQHandler      0x08019c61  0x2798  Code  Gb  stm32f7xx_hal_dma.o [1]
HAL_DMA_Init            0x08018b1f    0x7c  Code  Gb  stm32f7xx_hal_dma.o [1]
HAL_DMA_Start_IT        0x08019bd9    0x86  Code  Gb  stm32f7xx_hal_dma.o [1]
HAL_Delay               0x0801e253    0x1a  Code  Wk  stm32f7xx_hal.o [1]
HAL_GPIO_Init           0x0801da3d   0x1f6  Code  Gb  stm32f7xx_hal_gpio.o [1]
HAL_GPIO_ReadPin        0x0801dc33    0x18  Code  Gb  stm32f7xx_hal_gpio.o [1]
HAL_GPIO_TogglePin      0x0801dc5f     0xa  Code  Gb  stm32f7xx_hal_gpio.o [1]
HAL_GPIO_WritePin       0x0801dc4b    0x14  Code  Gb  stm32f7xx_hal_gpio.o [1]
HAL_GetTick             0x0801e24d     0x6  Code  Wk  stm32f7xx_hal.o [1]
HAL_I2CEx_ConfigAnalogFilter
                        0x08022d79    0x84  Code  Gb  stm32f7xx_hal_i2c_ex.o [1]
HAL_I2C_EV_IRQHandler   0x08022581   0x12e  Code  Gb  stm32f7xx_hal_i2c.o [1]
HAL_I2C_ErrorCallback   0x080226bb     0x2  Code  Wk  stm32f7xx_hal_i2c.o [1]
HAL_I2C_GetError        0x080226bd     0x4  Code  Gb  stm32f7xx_hal_i2c.o [1]
HAL_I2C_Init            0x08022209    0xbc  Code  Gb  stm32f7xx_hal_i2c.o [1]
HAL_I2C_MasterRxCpltCallback
                        0x080226b1     0x2  Code  Wk  stm32f7xx_hal_i2c.o [1]
HAL_I2C_MasterTxCpltCallback
                        0x080226af     0x2  Code  Wk  stm32f7xx_hal_i2c.o [1]
HAL_I2C_Master_Receive  0x08022423   0x158  Code  Gb  stm32f7xx_hal_i2c.o [1]
HAL_I2C_Master_Transmit
                        0x080222c5   0x15e  Code  Gb  stm32f7xx_hal_i2c.o [1]
HAL_I2C_MemRxCpltCallback
                        0x080226b9     0x2  Code  Wk  stm32f7xx_hal_i2c.o [1]
HAL_I2C_MemTxCpltCallback
                        0x080226b7     0x2  Code  Wk  stm32f7xx_hal_i2c.o [1]
HAL_I2C_MspInit         0x08021c4f    0xe6  Code  Gb  main.o [1]
HAL_I2C_SlaveRxCpltCallback
                        0x080226b5     0x2  Code  Wk  stm32f7xx_hal_i2c.o [1]
HAL_I2C_SlaveTxCpltCallback
                        0x080226b3     0x2  Code  Wk  stm32f7xx_hal_i2c.o [1]
HAL_I2S_Init            0x0801eac9   0x126  Code  Gb  stm32f7xx_hal_i2s.o [1]
HAL_I2S_MspInit         0x080210a1   0x2f0  Code  Gb  audio_codec.o [1]
HAL_I2S_TxCpltCallback  0x0802202d     0xa  Code  Gb  main.o [1]
HAL_IncTick             0x0801e241     0xc  Code  Wk  stm32f7xx_hal.o [1]
HAL_Init                0x0801e1f9    0x22  Code  Gb  stm32f7xx_hal.o [1]
HAL_InitTick            0x0801e21d    0x24  Code  Wk  stm32f7xx_hal.o [1]
HAL_MspInit             0x0801e21b     0x2  Code  Wk  stm32f7xx_hal.o [1]
HAL_NVIC_DisableIRQ     0x0801ed91     0xe  Code  Gb  stm32f7xx_hal_cortex.o [1]
HAL_NVIC_EnableIRQ      0x0801ed83     0xe  Code  Gb  stm32f7xx_hal_cortex.o [1]
HAL_NVIC_SetPriority    0x0801ed5d    0x26  Code  Gb  stm32f7xx_hal_cortex.o [1]
HAL_NVIC_SetPriorityGrouping
                        0x0801ed51     0xc  Code  Gb  stm32f7xx_hal_cortex.o [1]
HAL_PCDEx_ActivateLPM   0x0802869b    0x28  Code  Gb  stm32f7xx_hal_pcd_ex.o [1]
HAL_PCDEx_LPM_Callback  0x080286c3     0x2  Code  Wk  stm32f7xx_hal_pcd_ex.o [1]
HAL_PCDEx_SetRxFiFo     0x0802868f     0xc  Code  Gb  stm32f7xx_hal_pcd_ex.o [1]
HAL_PCDEx_SetTxFiFo     0x0802862d    0x62  Code  Gb  stm32f7xx_hal_pcd_ex.o [1]
HAL_PCD_ConnectCallback
                        0x08027035     0xe  Code  Gb  usbd_conf_f4.o [1]
HAL_PCD_DataInStageCallback
                        0x08026f8d    0x1e  Code  Gb  usbd_conf_f4.o [1]
HAL_PCD_DataOutStageCallback
                        0x08026f6d    0x20  Code  Gb  usbd_conf_f4.o [1]
HAL_PCD_DisconnectCallback
                        0x08027043     0xe  Code  Gb  usbd_conf_f4.o [1]
HAL_PCD_EP_Close        0x080282ef    0x62  Code  Gb  stm32f7xx_hal_pcd.o [1]
HAL_PCD_EP_ClrStall     0x080284c9    0x62  Code  Gb  stm32f7xx_hal_pcd.o [1]
HAL_PCD_EP_Flush        0x0802852b    0x3c  Code  Gb  stm32f7xx_hal_pcd.o [1]
HAL_PCD_EP_Open         0x08028255    0x9a  Code  Gb  stm32f7xx_hal_pcd.o [1]
HAL_PCD_EP_Receive      0x08028351    0x82  Code  Gb  stm32f7xx_hal_pcd.o [1]
HAL_PCD_EP_SetStall     0x08028453    0x76  Code  Gb  stm32f7xx_hal_pcd.o [1]
HAL_PCD_EP_Transmit     0x080283d3    0x80  Code  Gb  stm32f7xx_hal_pcd.o [1]
HAL_PCD_IRQHandler      0x08027d07   0x522  Code  Gb  stm32f7xx_hal_pcd.o [1]
HAL_PCD_ISOINIncompleteCallback
                        0x08027021    0x14  Code  Gb  usbd_conf_f4.o [1]
HAL_PCD_ISOOUTIncompleteCallback
                        0x0802700d    0x14  Code  Gb  usbd_conf_f4.o [1]
HAL_PCD_Init            0x08027bb1   0x12a  Code  Gb  stm32f7xx_hal_pcd.o [1]
HAL_PCD_MspInit         0x08026ed3    0x88  Code  Gb  usbd_conf_f4.o [1]
HAL_PCD_ResetCallback   0x08026fb9    0x38  Code  Gb  usbd_conf_f4.o [1]
HAL_PCD_ResumeCallback  0x08026fff     0xe  Code  Gb  usbd_conf_f4.o [1]
HAL_PCD_SOFCallback     0x08026fab     0xe  Code  Gb  usbd_conf_f4.o [1]
HAL_PCD_SetAddress      0x08028229    0x2c  Code  Gb  stm32f7xx_hal_pcd.o [1]
HAL_PCD_SetupStageCallback
                        0x08026f5b    0x12  Code  Gb  usbd_conf_f4.o [1]
HAL_PCD_Start           0x08027cdb    0x2c  Code  Gb  stm32f7xx_hal_pcd.o [1]
HAL_PCD_SuspendCallback
                        0x08026ff1     0xe  Code  Gb  usbd_conf_f4.o [1]
HAL_PWREx_EnableOverDrive
                        0x08024f6d    0x76  Code  Gb  stm32f7xx_hal_pwr_ex.o [1]
HAL_RCCEx_GetPeriphCLKConfig
                        0x08025699   0x1c6  Code  Gb  stm32f7xx_hal_rcc_ex.o [1]
HAL_RCCEx_PeriphCLKConfig
                        0x08024ff1   0x6a8  Code  Gb  stm32f7xx_hal_rcc_ex.o [1]
HAL_RCC_ClockConfig     0x0802004d   0x256  Code  Gb  stm32f7xx_hal_rcc.o [1]
HAL_RCC_GetHCLKFreq     0x08020347    0x28  Code  Gb  stm32f7xx_hal_rcc.o [1]
HAL_RCC_GetSysClockFreq
                        0x080202a3    0xa4  Code  Gb  stm32f7xx_hal_rcc.o [1]
HAL_RCC_OscConfig       0x0801fb35   0x518  Code  Gb  stm32f7xx_hal_rcc.o [1]
HAL_SDRAM_Init          0x08025911    0x44  Code  Gb  stm32f7xx_hal_sdram.o [1]
HAL_SDRAM_MspInit       0x08025955     0x2  Code  Wk  stm32f7xx_hal_sdram.o [1]
HAL_SDRAM_ProgramRefreshRate
                        0x08025993    0x2a  Code  Gb  stm32f7xx_hal_sdram.o [1]
HAL_SDRAM_SendCommand   0x08025957    0x3c  Code  Gb  stm32f7xx_hal_sdram.o [1]
HAL_SPI_ErrorCallback   0x0801e6b1     0x2  Code  Wk  stm32f7xx_hal_spi.o [1]
HAL_SPI_Init            0x0801e275    0xd8  Code  Gb  stm32f7xx_hal_spi.o [1]
HAL_SPI_MspInit         0x0801cf19   0x5ca  Code  Gb  waverecorder.o [1]
HAL_SPI_Receive_DMA     0x0801e34d   0x14c  Code  Gb  stm32f7xx_hal_spi.o [1]
HAL_SPI_RxCpltCallback  0x0801d561    0xb6  Code  Gb  waverecorder.o [1]
HAL_SPI_RxHalfCpltCallback
                        0x0801e6ad     0x2  Code  Wk  stm32f7xx_hal_spi.o [1]
HAL_SPI_TransmitReceive_DMA
                        0x0801e499   0x212  Code  Gb  stm32f7xx_hal_spi.o [1]
HAL_SPI_TxRxCpltCallback
                        0x0801e6ab     0x2  Code  Wk  stm32f7xx_hal_spi.o [1]
HAL_SPI_TxRxHalfCpltCallback
                        0x0801e6af     0x2  Code  Wk  stm32f7xx_hal_spi.o [1]
HAL_SYSTICK_Config      0x0801ed9f     0xc  Code  Gb  stm32f7xx_hal_cortex.o [1]
HAL_UART_ErrorCallback  0x0802963b     0x2  Code  Wk  stm32f7xx_hal_uart.o [1]
HAL_UART_IRQHandler     0x08029461    0xf8  Code  Gb  stm32f7xx_hal_uart.o [1]
HAL_UART_RxCpltCallback
                        0x08029639     0x2  Code  Wk  stm32f7xx_hal_uart.o [1]
HAL_UART_TxCpltCallback
                        0x08029637     0x2  Code  Wk  stm32f7xx_hal_uart.o [1]
HEAP$$Base              0x2000be88           --   Gb  - Linker created -
HEAP$$Limit             0x2000de88           --   Gb  - Linker created -
HardFault_Handler       0x0802993b     0x2  Code  Gb  stm32f7xx_it.o [1]
I2C1_EV_IRQHandler      0x0802997b     0xa  Code  Gb  stm32f7xx_it.o [1]
I2C2_EV_IRQHandler      0x08029985     0xa  Code  Gb  stm32f7xx_it.o [1]
I2C_IsAcknowledgeFailed
                        0x08022c0f    0x9e  Code  Lc  stm32f7xx_hal_i2c.o [1]
I2C_MasterReceive_ISR   0x08022815   0x152  Code  Lc  stm32f7xx_hal_i2c.o [1]
I2C_MasterTransmit_ISR  0x080226c1   0x152  Code  Lc  stm32f7xx_hal_i2c.o [1]
I2C_SlaveReceive_ISR    0x08022a29    0xae  Code  Lc  stm32f7xx_hal_i2c.o [1]
I2C_SlaveTransmit_ISR   0x08022967    0xc2  Code  Lc  stm32f7xx_hal_i2c.o [1]
I2C_TransferConfig      0x08022cad    0x2a  Code  Lc  stm32f7xx_hal_i2c.o [1]
I2C_WaitOnFlagUntilTimeout
                        0x08022add    0x8e  Code  Lc  stm32f7xx_hal_i2c.o [1]
I2C_WaitOnSTOPFlagUntilTimeout
                        0x08022bbf    0x50  Code  Lc  stm32f7xx_hal_i2c.o [1]
I2C_WaitOnTXISFlagUntilTimeout
                        0x08022b6b    0x54  Code  Lc  stm32f7xx_hal_i2c.o [1]
I2S1_Init               0x0801cbed    0x5e  Code  Lc  waverecorder.o [1]
I2S2_Init               0x0801cc4b    0x5e  Code  Lc  waverecorder.o [1]
I2S2_idxTmp             0x20009e34     0x2  Data  Gb  main.o [1]
I2S2_stLR               0x20009e83     0x1  Data  Gb  waverecorder.o [1]
I2S2_stLROld            0x20009e84     0x1  Data  Gb  waverecorder.o [1]
I2S2_stNipple           0x20009e70     0x2  Data  Gb  waverecorder.o [1]
I2S3_Init               0x08022cf7    0x68  Code  Gb  waveplayer _CS43L22.o [1]
I2S_GetClockFreq        0x0801ebef    0x66  Code  Lc  stm32f7xx_hal_i2s.o [1]
IS                      0x20009d50    0x18  Data  Gb  main.o [1]
ISS                     0x20009de4    0x14  Data  Gb  main.o [1]
IsocInBuffDummy         0x200093e8   0x180  Data  Lc  usbd_audio_in.o [1]
MIC1TO6_Init            0x0801cb0b    0xae  Code  Gb  waverecorder.o [1]
MX_I2C1_Init            0x08021395    0x48  Code  Gb  audio_codec.o [1]
MX_I2C2_Init            0x08021fb9    0x50  Code  Gb  main.o [1]
MemManage_Handler       0x0802993d     0x2  Code  Gb  stm32f7xx_it.o [1]
NMI_Handler             0x08029939     0x2  Code  Gb  stm32f7xx_it.o [1]
NVIC_DisableIRQ         0x0801eca9    0x14  Code  Lc  stm32f7xx_hal_cortex.o [1]
NVIC_EnableIRQ          0x0801ec95    0x14  Code  Lc  stm32f7xx_hal_cortex.o [1]
NVIC_EncodePriority     0x0801ece3    0x3e  Code  Lc  stm32f7xx_hal_cortex.o [1]
NVIC_GetPriorityGrouping
                        0x0801ec8b     0xa  Code  Lc  stm32f7xx_hal_cortex.o [1]
NVIC_SetPriority        0x0801ecbd    0x26  Code  Lc  stm32f7xx_hal_cortex.o [1]
NVIC_SetPriority        0x08026ead    0x26  Code  Lc  usbd_conf_f4.o [1]
NVIC_SetPriorityGrouping
                        0x0801ec6d    0x1e  Code  Lc  stm32f7xx_hal_cortex.o [1]
OTG_FS_IRQHandler       0x0802998f     0xa  Code  Gb  stm32f7xx_it.o [1]
OutputDev               0x20009e75     0x1  Data  Gb  audio_codec.o [1]
PCD_WriteEmptyTxFifo    0x08028567    0xc4  Code  Lc  stm32f7xx_hal_pcd.o [1]
PCM_Buffer1             0xc00181e0  0x4000  Data  Gb  audio_application.o [1]
PCM_Buffer2             0xc001c1e0  0x4000  Data  Gb  audio_application.o [1]
PDM2PCMSDO78            0x0801d63d   0x382  Code  Gb  waverecorder.o [1]
PDM_Filter_64_LSB       0x0801dea9   0x31e  Code  Gb  pdm_filter.o [5]
PDM_Filter_Init         0x0801dca9   0x1fe  Code  Gb  pdm_filter.o [5]
PendSV_Handler          0x08029947     0x2  Code  Gb  stm32f7xx_it.o [1]
Region$$Table$$Base     0x08029b20           --   Gb  - Linker created -
Region$$Table$$Limit    0x08029b4c           --   Gb  - Linker created -
S1                      0x20009cf0    0x18  Data  Gb  main.o [1]
S2                      0x20009d08    0x18  Data  Gb  main.o [1]
S3                      0x20009d20    0x18  Data  Gb  main.o [1]
S4                      0x20009d38    0x18  Data  Gb  main.o [1]
SCB_EnableDCache        0x0802163b    0x64  Code  Lc  main.o [1]
SCB_EnableICache        0x08021611    0x2a  Code  Lc  main.o [1]
SPI1_IRQHandler         0x0801c44d   0x180  Code  Gb  waverecorder.o [1]
SPI1_stNipple           0x20009e6e     0x2  Data  Gb  waverecorder.o [1]
SPI2_IRQHandler         0x0801c5cd   0x184  Code  Gb  waverecorder.o [1]
SPI3_IRQHandler         0x08020cf1     0xa  Code  Gb  audio_codec.o [1]
SPI4_IRQHandler         0x0801c751   0x1ee  Code  Gb  waverecorder.o [1]
SPI4_Init               0x0801cca9    0x7e  Code  Gb  waverecorder.o [1]
SPI4_stNipple           0x20009e72     0x2  Data  Gb  waverecorder.o [1]
SPI4_stPosShft          0x20009e82     0x1  Data  Gb  waverecorder.o [1]
SPI5_IRQHandler         0x0801c93f    0xec  Code  Gb  waverecorder.o [1]
SPI5_Init               0x0801cd27    0xfa  Code  Gb  waverecorder.o [1]
SPI6_IRQHandler         0x0801ca2b    0xe0  Code  Gb  waverecorder.o [1]
SPI6_Init               0x0801ce29    0x7c  Code  Gb  waverecorder.o [1]
SPI_DMAError            0x0801e889    0x28  Code  Lc  stm32f7xx_hal_spi.o [1]
SPI_DMAHalfReceiveCplt  0x0801e869     0xe  Code  Lc  stm32f7xx_hal_spi.o [1]
SPI_DMAHalfTransmitReceiveCplt
                        0x0801e879     0xe  Code  Lc  stm32f7xx_hal_spi.o [1]
SPI_DMAReceiveCplt      0x0801e6b5    0xe4  Code  Lc  stm32f7xx_hal_spi.o [1]
SPI_DMATransmitReceiveCplt
                        0x0801e799    0xd0  Code  Lc  stm32f7xx_hal_spi.o [1]
SPI_EndRxTransaction    0x0801e9fd    0x68  Code  Lc  stm32f7xx_hal_spi.o [1]
SPI_EndRxTxTransaction  0x0801ea65    0x62  Code  Lc  stm32f7xx_hal_spi.o [1]
SPI_I2S_ReceiveData     0x0801d52d     0x6  Code  Lc  waverecorder.o [1]
SPI_WaitFifoStateUntilTimeout
                        0x0801e94b    0xb2  Code  Lc  stm32f7xx_hal_spi.o [1]
SPI_WaitFlagStateUntilTimeout
                        0x0801e8b1    0x9a  Code  Lc  stm32f7xx_hal_spi.o [1]
SS1                     0x20009d94    0x14  Data  Gb  main.o [1]
SS2                     0x20009da8    0x14  Data  Gb  main.o [1]
SS3                     0x20009dbc    0x14  Data  Gb  main.o [1]
SS4                     0x20009dd0    0x14  Data  Gb  main.o [1]
STA321MP_DefautLoad     0x080240ff    0x2c  Code  Lc  sta321mp.o [1]
STA321MP_Ini            0x0802384d   0x254  Code  Gb  sta321mp.o [1]
STACoefSet              0x08023afd   0x332  Code  Gb  sta321mp.o [1]
SVC_Handler             0x08029943     0x2  Code  Gb  stm32f7xx_it.o [1]
Send_Audio_to_USB       0x080258f3    0x14  Code  Gb  usbd_audio_if.o [1]
SetCoefValue            0x08023edd    0x6a  Code  Gb  sta321mp.o [1]
StartPlay               0x08022037    0x8a  Code  Gb  main.o [1]
StartRecMic7_8          0x0801cbb9    0x34  Code  Gb  waverecorder.o [1]
SumDelay                0x08021e5b   0x110  Code  Gb  main.o [1]
SysTick_Config          0x0801ed21    0x30  Code  Lc  stm32f7xx_hal_cortex.o [1]
SysTick_Handler         0x08029949    0x26  Code  Gb  stm32f7xx_it.o [1]
SystemClock_Config      0x08021b23    0xb0  Code  Lc  main.o [1]
SystemCoreClock         0x20000418     0x4  Data  Gb  system_stm32f7xx.o [1]
SystemInit              0x080299b5    0x4c  Code  Gb  system_stm32f7xx.o [1]
T0                      0x20000004   0x100  Data  Gb  pdm_filter.o [5]
T1                      0x20000104   0x100  Data  Gb  pdm_filter.o [5]
T2                      0x20000204   0x100  Data  Gb  pdm_filter.o [5]
TestSDO7                0x2000042c  0x2000  Data  Gb  waverecorder.o [1]
TestSDO7_1              0x2000442c  0x2000  Data  Gb  waverecorder.o [1]
TestSDO8                0x2000242c  0x2000  Data  Gb  waverecorder.o [1]
TestSDO8_1              0x2000642c  0x2000  Data  Gb  waverecorder.o [1]
Timing                  0x20009cbc    0x1c  Data  Lc  stm32746g_discovery_sdram.o [1]
UART_EndTransmit_IT     0x080296e9    0x3c  Code  Lc  stm32f7xx_hal_uart.o [1]
UART_Receive_IT         0x08029725    0xa6  Code  Lc  stm32f7xx_hal_uart.o [1]
UART_Transmit_IT        0x0802963d    0xac  Code  Lc  stm32f7xx_hal_uart.o [1]
UART_WaitOnFlagUntilTimeout
                        0x08029559    0xde  Code  Gb  stm32f7xx_hal_uart.o [1]
USART3_IRQHandler       0x08029971     0xa  Code  Gb  stm32f7xx_it.o [1]
USART6_IRQHandler       0x0802996f     0x2  Code  Gb  stm32f7xx_it.o [1]
USBD_AUDIO              0x20000354    0x38  Data  Gb  usbd_audio_in.o [1]
USBD_AUDIO_CfgDesc      0x20009730    0x78  Data  Lc  usbd_audio_in.o [1]
USBD_AUDIO_ConfigStrDescriptor
                        0x08029841    0x26  Code  Gb  usbd_desc.o [1]
USBD_AUDIO_DataIn       0x080242f1   0x122  Code  Lc  usbd_audio_in.o [1]
USBD_AUDIO_DataOut      0x0802446f     0x6  Code  Lc  usbd_audio_in.o [1]
USBD_AUDIO_Data_Transfer
                        0x0802454b   0x186  Code  Gb  usbd_audio_in.o [1]
USBD_AUDIO_DeInit       0x080241db    0x2c  Code  Lc  usbd_audio_in.o [1]
USBD_AUDIO_DeviceDescriptor
                        0x080297cd     0xa  Code  Gb  usbd_desc.o [1]
USBD_AUDIO_DeviceQualifierDesc
                        0x20000404     0xc  Data  Lc  usbd_audio_in.o [1]
USBD_AUDIO_EP0_RxReady  0x08024413    0x44  Code  Lc  usbd_audio_in.o [1]
USBD_AUDIO_EP0_TxReady  0x08024457     0x6  Code  Lc  usbd_audio_in.o [1]
USBD_AUDIO_GetCfgDesc   0x080242e5     0xc  Code  Lc  usbd_audio_in.o [1]
USBD_AUDIO_GetDeviceQualifierDesc
                        0x08024475     0xc  Code  Lc  usbd_audio_in.o [1]
USBD_AUDIO_Init         0x0802415d    0x7e  Code  Lc  usbd_audio_in.o [1]
USBD_AUDIO_Init_Microphone_Descriptor
                        0x080246df   0x52e  Code  Gb  usbd_audio_in.o [1]
USBD_AUDIO_InterfaceStrDescriptor
                        0x08029867    0x26  Code  Gb  usbd_desc.o [1]
USBD_AUDIO_IsoINIncomplete
                        0x08024463     0x6  Code  Lc  usbd_audio_in.o [1]
USBD_AUDIO_IsoOutIncomplete
                        0x08024469     0x6  Code  Lc  usbd_audio_in.o [1]
USBD_AUDIO_LangIDStrDescriptor
                        0x080297d7     0xa  Code  Gb  usbd_desc.o [1]
USBD_AUDIO_ManufacturerStrDescriptor
                        0x08029807    0x14  Code  Gb  usbd_desc.o [1]
USBD_AUDIO_ProductStrDescriptor
                        0x080297e1    0x26  Code  Gb  usbd_desc.o [1]
USBD_AUDIO_RegisterInterface
                        0x080246d1     0xe  Code  Gb  usbd_audio_in.o [1]
USBD_AUDIO_SOF          0x0802445d     0x6  Code  Lc  usbd_audio_in.o [1]
USBD_AUDIO_SerialStrDescriptor
                        0x0802981b    0x26  Code  Gb  usbd_desc.o [1]
USBD_AUDIO_Setup        0x08024207    0xde  Code  Lc  usbd_audio_in.o [1]
USBD_AUDIO_fops         0x200003b0    0x24  Data  Gb  usbd_audio_if.o [1]
USBD_ClrClassConfig     0x08024cb7    0x18  Code  Gb  usbd_core.o [1]
USBD_ClrFeature         0x08027787    0x3a  Code  Lc  usbd_ctlreq.o [1]
USBD_CtlContinueRx      0x080278c9    0x1a  Code  Gb  usbd_ioreq.o [1]
USBD_CtlContinueSendData
                        0x08027883    0x1a  Code  Gb  usbd_ioreq.o [1]
USBD_CtlError           0x080277e9    0x18  Code  Gb  usbd_ctlreq.o [1]
USBD_CtlPrepareRx       0x0802789d    0x2c  Code  Gb  usbd_ioreq.o [1]
USBD_CtlReceiveStatus   0x080278fd    0x1a  Code  Gb  usbd_ioreq.o [1]
USBD_CtlSendData        0x0802785b    0x28  Code  Gb  usbd_ioreq.o [1]
USBD_CtlSendStatus      0x080278e3    0x1a  Code  Gb  usbd_ioreq.o [1]
USBD_GetConfig          0x080276d9    0x4c  Code  Lc  usbd_ctlreq.o [1]
USBD_GetDescriptor      0x08027435   0x164  Code  Lc  usbd_ctlreq.o [1]
USBD_GetLen             0x08027847    0x14  Code  Lc  usbd_ctlreq.o [1]
USBD_GetStatus          0x08027725    0x3c  Code  Lc  usbd_ctlreq.o [1]
USBD_GetString          0x08027801    0x46  Code  Gb  usbd_ctlreq.o [1]
USBD_Init               0x08024c25    0x38  Code  Gb  usbd_core.o [1]
USBD_LL_ClearStallEP    0x08027161    0x16  Code  Gb  usbd_conf_f4.o [1]
USBD_LL_CloseEP         0x0802711f    0x16  Code  Gb  usbd_conf_f4.o [1]
USBD_LL_DataInStage     0x08024dc7    0xe2  Code  Gb  usbd_core.o [1]
USBD_LL_DataOutStage    0x08024d39    0x8e  Code  Gb  usbd_core.o [1]
USBD_LL_DevConnected    0x08024f49     0x6  Code  Gb  usbd_core.o [1]
USBD_LL_DevDisconnected
                        0x08024f4f    0x1c  Code  Gb  usbd_core.o [1]
USBD_LL_FlushEP         0x08027135    0x16  Code  Gb  usbd_conf_f4.o [1]
USBD_LL_Init            0x08027051    0x7e  Code  Gb  usbd_conf_f4.o [1]
USBD_LL_IsStallEP       0x08027177    0x30  Code  Gb  usbd_conf_f4.o [1]
USBD_LL_IsoINIncomplete
                        0x08024f3d     0x6  Code  Gb  usbd_core.o [1]
USBD_LL_IsoOUTIncomplete
                        0x08024f43     0x6  Code  Gb  usbd_core.o [1]
USBD_LL_OpenEP          0x080270fd    0x22  Code  Gb  usbd_conf_f4.o [1]
USBD_LL_PrepareReceive  0x080271dd    0x20  Code  Gb  usbd_conf_f4.o [1]
USBD_LL_Reset           0x08024ea9    0x46  Code  Gb  usbd_core.o [1]
USBD_LL_Resume          0x08024f0b     0xe  Code  Gb  usbd_core.o [1]
USBD_LL_SOF             0x08024f19    0x24  Code  Gb  usbd_core.o [1]
USBD_LL_SetSpeed        0x08024eef     0x8  Code  Gb  usbd_core.o [1]
USBD_LL_SetUSBAddress   0x080271a7    0x16  Code  Gb  usbd_conf_f4.o [1]
USBD_LL_SetupStage      0x08024ccf    0x6a  Code  Gb  usbd_core.o [1]
USBD_LL_StallEP         0x0802714b    0x16  Code  Gb  usbd_conf_f4.o [1]
USBD_LL_Start           0x080270ed    0x10  Code  Gb  usbd_conf_f4.o [1]
USBD_LL_Suspend         0x08024ef7    0x14  Code  Gb  usbd_core.o [1]
USBD_LL_Transmit        0x080271bd    0x20  Code  Gb  usbd_conf_f4.o [1]
USBD_LangIDDesc         0x2000041c     0x4  Data  Gb  usbd_desc.o [1]
USBD_ParseSetupRequest  0x080277c1    0x28  Code  Gb  usbd_ctlreq.o [1]
USBD_RegisterClass      0x08024c5d    0x1a  Code  Gb  usbd_core.o [1]
USBD_RunTestMode        0x08024c85     0x6  Code  Gb  usbd_core.o [1]
USBD_SetAddress         0x08027599    0x60  Code  Lc  usbd_ctlreq.o [1]
USBD_SetClassConfig     0x08024c8b    0x2c  Code  Gb  usbd_core.o [1]
USBD_SetConfig          0x080275f9    0xda  Code  Lc  usbd_ctlreq.o [1]
USBD_SetFeature         0x08027761    0x26  Code  Lc  usbd_ctlreq.o [1]
USBD_Start              0x08024c77     0xe  Code  Gb  usbd_core.o [1]
USBD_StdDevReq          0x080271fd    0x7c  Code  Gb  usbd_ctlreq.o [1]
USBD_StdEPReq           0x080272c5   0x170  Code  Gb  usbd_ctlreq.o [1]
USBD_StdItfReq          0x08027279    0x4c  Code  Gb  usbd_ctlreq.o [1]
USBD_StrDesc            0x20009568    0xc8  Data  Gb  usbd_desc.o [1]
USB_ActivateEndpoint    0x08028a01    0xc4  Code  Gb  stm32f7xx_ll_usb.o [1]
USB_ActivateSetup       0x08029343    0x44  Code  Gb  stm32f7xx_ll_usb.o [1]
USB_CoreInit            0x080286d9    0x6e  Code  Gb  stm32f7xx_ll_usb.o [1]
USB_CoreReset           0x080293df    0x38  Code  Lc  stm32f7xx_ll_usb.o [1]
USB_DeactivateEndpoint  0x08028ac5    0xaa  Code  Gb  stm32f7xx_ll_usb.o [1]
USB_DevConnect          0x08029277    0x1e  Code  Gb  stm32f7xx_ll_usb.o [1]
USB_DevDisconnect       0x08029295    0x1e  Code  Gb  stm32f7xx_ll_usb.o [1]
USB_DevInit             0x08028799   0x1c0  Code  Gb  stm32f7xx_ll_usb.o [1]
USB_DisableGlobalInt    0x08028755     0xe  Code  Gb  stm32f7xx_ll_usb.o [1]
USB_EP0StartXfer        0x08028eb9   0x1ec  Code  Gb  stm32f7xx_ll_usb.o [1]
USB_EP0_OutStart        0x08029387    0x58  Code  Gb  stm32f7xx_ll_usb.o [1]
USB_EPClearStall        0x080291b5    0x96  Code  Gb  stm32f7xx_ll_usb.o [1]
USB_EPSetStall          0x08029117    0x9e  Code  Gb  stm32f7xx_ll_usb.o [1]
USB_EPStartXfer         0x08028b6f   0x342  Code  Gb  stm32f7xx_ll_usb.o [1]
USB_EnableGlobalInt     0x08028747     0xe  Code  Gb  stm32f7xx_ll_usb.o [1]
USB_FlushRxFifo         0x0802897d    0x20  Code  Gb  stm32f7xx_ll_usb.o [1]
USB_FlushTxFifo         0x08028959    0x24  Code  Gb  stm32f7xx_ll_usb.o [1]
USB_GetDevSpeed         0x080289b3    0x4e  Code  Gb  stm32f7xx_ll_usb.o [1]
USB_GetMode             0x0802933b     0x8  Code  Gb  stm32f7xx_ll_usb.o [1]
USB_ReadDevAllInEpInterrupt
                        0x080292d7    0x16  Code  Gb  stm32f7xx_ll_usb.o [1]
USB_ReadDevAllOutEpInterrupt
                        0x080292c1    0x16  Code  Gb  stm32f7xx_ll_usb.o [1]
USB_ReadDevInEPInterrupt
                        0x08029307    0x34  Code  Gb  stm32f7xx_ll_usb.o [1]
USB_ReadDevOutEPInterrupt
                        0x080292ed    0x1a  Code  Gb  stm32f7xx_ll_usb.o [1]
USB_ReadInterrupts      0x080292b3     0xe  Code  Gb  stm32f7xx_ll_usb.o [1]
USB_ReadPacket          0x080290eb    0x2c  Code  Gb  stm32f7xx_ll_usb.o [1]
USB_SetCurrentMode      0x08028763    0x36  Code  Gb  stm32f7xx_ll_usb.o [1]
USB_SetDevAddress       0x0802924b    0x2c  Code  Gb  stm32f7xx_ll_usb.o [1]
USB_SetDevSpeed         0x0802899d    0x16  Code  Gb  stm32f7xx_ll_usb.o [1]
USB_WritePacket         0x080290a5    0x46  Code  Gb  stm32f7xx_ll_usb.o [1]
UsageFault_Handler      0x08029941     0x2  Code  Gb  stm32f7xx_it.o [1]
VOL_CUR                 0x20009e52     0x2  Data  Lc  usbd_audio_in.o [1]
Volume                  0x20000424     0x1  Data  Gb  audio_codec.o [1]
WavePlayerInit          0x08022ce1    0x12  Code  Gb  waveplayer _CS43L22.o [1]
WaveRec_idxSens1        0x20009e36     0x2  Data  Gb  main.o [1]
WaveRec_idxSens2        0x20009e38     0x2  Data  Gb  main.o [1]
WaveRec_idxSens3        0x20009e32     0x2  Data  Gb  main.o [1]
WaveRec_idxSens4        0x20009e30     0x2  Data  Gb  main.o [1]
WaveRec_idxSens5        0x20009e3a     0x2  Data  Gb  main.o [1]
WaveRec_idxSens6        0x20009e3c     0x2  Data  Gb  main.o [1]
WaveRec_idxTest         0x20009e58     0x2  Data  Gb  waverecorder.o [1]
WaveRecord_flgIni       0x20009e7d     0x1  Data  Gb  waverecorder.o [1]
WaveRecord_flgSDO7Finish
                        0x20009e80     0x1  Data  Gb  waverecorder.o [1]
WaveRecord_flgSDO8Finish
                        0x20009e81     0x1  Data  Gb  waverecorder.o [1]
WriteCoef               0x08023e2f    0xae  Code  Gb  sta321mp.o [1]
WriteSTAByte            0x08023aa1    0x5c  Code  Gb  sta321mp.o [1]
__aeabi_cdcmpeq         0x08022e79          Code  Gb  DblCmpEq.o [6]
__aeabi_cdcmple         0x08021431          Code  Gb  DblCmpLe.o [6]
__aeabi_cdrcmple        0x08021461          Code  Gb  DblCmpGe.o [6]
__aeabi_cfcmpeq         0x0801edd1          Code  Gb  FltCmpEq.o [6]
__aeabi_cfcmple         0x0801edfd          Code  Gb  FltCmpLe.o [6]
__aeabi_d2f             0x0801f3e5          Code  Gb  DblToFlt.o [6]
__aeabi_d2iz            0x0801f1f5          Code  Gb  DblToI32.o [6]
__aeabi_dadd            0x0801f10d          Code  Gb  DblAdd.o [6]
__aeabi_ddiv            0x0801eeb5          Code  Gb  DblDiv.o [6]
__aeabi_dmul            0x0801f241          Code  Gb  DblMul.o [6]
__aeabi_dsub            0x0801f8c5          Code  Gb  DblSub.o [6]
__aeabi_errno_addr      0x08021491     0x6  Code  Gb  errno.o [3]
__aeabi_f2d             0x0801ee35          Code  Gb  FltToDbl.o [6]
__aeabi_fmul            0x0801ee21    0x12  Code  Gb  FltMul.o [6]
__aeabi_i2d             0x0801ee85          Code  Gb  I32ToDbl.o [6]
__aeabi_memset          0x08027919          Code  Gb  ABImemset.o [7]
__aeabi_ui2d            0x0801ee99          Code  Gb  I32ToDbl.o [6]
__aeabi_ui2f            0x0801eded     0xe  Code  Gb  U32ToFlt.o [6]
__cmain                 0x08029b4d          Code  Gb  cmain.o [7]
__data_GetMemChunk      0x08027b85    0x2c  Code  Gb  xgetmemchunk.o [3]
__exit                  0x080286c5    0x14  Code  Gb  exit.o [8]
__iar_Dint              0x08022dff    0x7a  Code  Gb  xdint.o [6]
__iar_Errno             0x20000420     0x4  Data  Gb  errno.o [3]
__iar_Memset            0x08027919          Code  Gb  ABImemset.o [7]
__iar_Memset_word       0x08027921          Code  Gb  ABImemset.o [7]
__iar_Quad              0x0802149d   0x12c  Code  Gb  xquad.o [6]
__iar_Sin               0x0801f475   0x3b2  Code  Gb  xsin.o [6]
__iar_close_ttio        0x08029429    0x2e  Code  Gb  iarttio.o [8]
__iar_copy_init3        0x08029a61    0x2c  Code  Gb  copy_init3.o [7]
__iar_d2uiz             0x0801f221          Code  Gb  DblToI32.o [6]
__iar_dadd              0x0801f121          Code  Gb  DblAdd.o [6]
__iar_data_init3        0x08029a8d    0x28  Code  Gb  data_init.o [7]
__iar_dlfree            0x08026993   0x510  Code  Gb  dlmalloc.o [3]
__iar_dlib_perthread_access
                        0x08022dfd     0x2  Code  Gb  xtls.o [3]
__iar_dlmalloc          0x080266dd   0x2aa  Code  Gb  dlmalloc.o [3]
__iar_dsub              0x0801f8d9          Code  Gb  DblSub.o [6]
__iar_dsubStart         0x0801f8eb          Code  Gb  DblSub.o [6]
__iar_edom              0x08021605          Code  Gb  iarEdom.o [7]
__iar_fmod              0x08022e99          Code  Gb  fmod.o [6]
__iar_fmodl             0x08022e99          Code  Gb  fmod.o [6]
__iar_init_vfp          0x08029afd          Code  Gb  fpinit_M.o [6]
__iar_lookup_ttioh      0x08029459     0x8  Code  Gb  XShttio.o [3]
__iar_program_start     0x08029bf1          Code  Gb  cstartup_M.o [7]
__iar_sqrt              0x0801fa45          Code  Gb  sqrt.o [6]
__iar_ttio_handles      0x20000410     0x8  Data  Lc  XShttio.o [3]
__iar_ui2d              0x0801ee9d          Code  Gb  I32ToDbl.o [6]
__iar_unaligned___aeabi_memcpy
                        0x08027981          Code  Gb  ABImemcpy_unaligned.o [7]
__iar_unaligned___aeabi_memcpy4
                        0x080279a1          Code  Gb  ABImemcpy_unaligned.o [7]
__iar_unaligned___aeabi_memcpy8
                        0x080279a1          Code  Gb  ABImemcpy_unaligned.o [7]
__iar_zero_init3        0x08029a21    0x40  Code  Gb  zero_init3.o [7]
__low_level_init        0x08029b67     0x4  Code  Gb  low_level_init.o [3]
__vector_table          0x08000000          Data  Gb  startup_stm32f746xx.o [1]
_call_main              0x08029b59          Code  Gb  cmain.o [7]
_exit                   0x08029b71          Code  Gb  cexit.o [7]
_gm_                    0x20009210   0x1d8  Data  Lc  dlmalloc.o [3]
_main                   0x08029b63          Code  Gb  cmain.o [7]
abort                   0x08027b7d     0x6  Code  Gb  abort.o [3]
abs                     0x080279f7     0x8  Code  Gb  abs.o [3]
armBitRevTable          0x080001c8   0x800  Data  Gb  arm_common_tables.o [4]
arm_cfft_radix4_init_f32
                        0x08010a41    0xb0  Code  Gb  arm_cfft_radix4_init_f32.o [4]
arm_rfft_init_f32       0x080089c9    0x72  Code  Gb  arm_rfft_init_f32.o [4]
btnSW1                  0x20009e76     0x1  Data  Gb  main.o [1]
btnSW2                  0x20009e77     0x1  Data  Gb  main.o [1]
bufCoefBiquad           0x20009df8    0x10  Data  Gb  sta321mp.o [1]
bufPCMSens7             0x20009e24     0x4  Data  Gb  waverecorder.o [1]
bufPCMSens8             0x20009e28     0x4  Data  Gb  waverecorder.o [1]
bufferSum               0x2000842c   0x800  Data  Gb  main.o [1]
buffer_switch           0x20000425     0x1  Data  Gb  main.o [1]
cntBtnPress             0x20009e79     0x1  Data  Gb  main.o [1]
cntOS                   0x20009e20     0x4  Data  Gb  stm32f7xx_it.o [1]
cntPos                  0x20009e5c     0x2  Data  Gb  waverecorder.o [1]
cntPos7                 0x20009e5e     0x2  Data  Gb  waverecorder.o [1]
cntRisingEXTI           0x20009e40     0x2  Data  Gb  main.o [1]
cntStrt                 0x20009e60     0x2  Data  Gb  waverecorder.o [1]
cntTime200              0x20009e4e     0x2  Data  Gb  main.o [1]
exit                    0x08029b6b     0x4  Code  Gb  exit.o [3]
flg10ms                 0x20009e7b     0x1  Data  Gb  main.o [1]
flgDlyUpd               0x20009e78     0x1  Data  Gb  main.o [1]
fmod                    0x08022e99          Code  Gb  fmod.o [6]
fmodl                   0x08022e99          Code  Gb  fmod.o [6]
hUSBDDevice             0x20008fec   0x224  Data  Gb  main.o [1]
hUSBDDeviceDesc         0x200003f0    0x14  Data  Gb  usbd_desc.o [1]
haudioInstance          0x200098e4    0x64  Data  Lc  usbd_audio_in.o [1]
hdma_spi5_rx            0x20009ab0    0x50  Data  Gb  waverecorder.o [1]
hdma_spi6_rx            0x20009b00    0x50  Data  Gb  waverecorder.o [1]
hi2c1                   0x20009c10    0x3c  Data  Gb  audio_codec.o [1]
hi2c2                   0x20009c4c    0x3c  Data  Gb  audio_codec.o [1]
hi2s1                   0x20009b90    0x40  Data  Gb  waverecorder.o [1]
hi2s2                   0x20009bd0    0x40  Data  Gb  waverecorder.o [1]
hi2s3                   0x20009b50    0x40  Data  Gb  waveplayer _CS43L22.o [1]
hpcd                    0x20008c2c   0x3c0  Data  Gb  usbd_conf_f4.o [1]
hspi4                   0x20009880    0x64  Data  Gb  main.o [1]
hspi5                   0x20009948    0x64  Data  Gb  waverecorder.o [1]
hspi6                   0x200099ac    0x64  Data  Gb  waverecorder.o [1]
huart3                  0x200097a8    0x70  Data  Gb  main.o [1]
idxFrmPDMMic8           0x20009e5a     0x2  Data  Gb  waverecorder.o [1]
idxLatency12            0x20009e44     0x2  Data  Gb  main.o [1]
idxLatency13            0x20009e42     0x2  Data  Gb  main.o [1]
idxLatency14            0x20009e46     0x2  Data  Gb  main.o [1]
idxLatency25            0x20009e48     0x2  Data  Gb  main.o [1]
idxLatency63            0x20009e4a     0x2  Data  Gb  main.o [1]
idxLatency78            0x20009e4c     0x2  Data  Gb  main.o [1]
idxMic7                 0x20009e56     0x2  Data  Gb  waverecorder.o [1]
idxMic8                 0x20009e54     0x2  Data  Gb  waverecorder.o [1]
idxSPI5DataBuf3         0x20009e3e     0x2  Data  Gb  main.o [1]
init_mparams            0x080259d7    0x32  Code  Lc  dlmalloc.o [3]
init_top                0x08025a09    0x34  Code  Lc  dlmalloc.o [3]
main                    0x0802192d   0x1f6  Code  Gb  main.o [1]
mparams                 0x20009d68    0x18  Data  Lc  dlmalloc.o [3]
pDataMic7               0x200096b0    0x80  Data  Gb  waverecorder.o [1]
pDataMic8               0x20009630    0x80  Data  Gb  waverecorder.o [1]
pcSTAComnd              0x20000304    0x50  Data  Gb  sta321mp.o [1]
pcSTAComnd1             0x20009e50     0x2  Data  Gb  sta321mp.o [1]
pcSTAComnd2             0x2000038c    0x24  Data  Gb  sta321mp.o [1]
prepend_alloc           0x08025a3d   0x36c  Code  Lc  dlmalloc.o [3]
realCoefA               0x08008a40  0x8000  Data  Lc  arm_rfft_init_f32.o [4]
realCoefB               0x08010af0  0x8000  Data  Lc  arm_rfft_init_f32.o [4]
sdramHandle             0x20009c88    0x34  Data  Lc  stm32746g_discovery_sdram.o [1]
segment_holding         0x080259bd    0x1a  Code  Lc  dlmalloc.o [3]
sqrt                    0x0801fa45          Code  Gb  sqrt.o [6]
sqrtl                   0x0801fa45          Code  Gb  sqrt.o [6]
stFrstFrmStore          0x20009e7a     0x1  Data  Gb  main.o [1]
sta321mp_biquad         0x08023f9f   0x160  Code  Lc  sta321mp.o [1]
sta321mp_mixer          0x08023f47    0x2a  Code  Lc  sta321mp.o [1]
sta321mp_postscale      0x08023f89    0x16  Code  Lc  sta321mp.o [1]
sta321mp_prescale       0x08023f71    0x18  Code  Lc  sta321mp.o [1]
stm32_crc               0x20000000     0x4  Data  Gb  pdm_filter.o [5]
swtBufUSBOut            0x20009e74     0x1  Data  Gb  audio_application.o [1]
swtSDO7                 0x20009e7e     0x1  Data  Gb  waverecorder.o [1]
swtSDO8                 0x20009e7f     0x1  Data  Gb  waverecorder.o [1]
sys_alloc               0x08025da9   0x386  Code  Lc  dlmalloc.o [3]
tmalloc_large           0x0802613d   0x390  Code  Lc  dlmalloc.o [3]
tmalloc_small           0x080264cd   0x210  Code  Lc  dlmalloc.o [3]
twiddleCoef_4096        0x080009c8  0x8000  Data  Gb  arm_common_tables.o [4]
uwTick                  0x20009e1c     0x4  Data  Lc  stm32f7xx_hal.o [1]
vRawSens1               0x20009e62     0x2  Data  Gb  waverecorder.o [1]
vRawSens2               0x20009e64     0x2  Data  Gb  waverecorder.o [1]
vRawSens3               0x20009e68     0x2  Data  Gb  waverecorder.o [1]
vRawSens4               0x20009e66     0x2  Data  Gb  waverecorder.o [1]
vRawSens5               0x20009e6a     0x2  Data  Gb  waverecorder.o [1]
vRawSens6               0x20009e6c     0x2  Data  Gb  waverecorder.o [1]
vol_table               0x080298b4    0x84  Data  Gb  usbd_audio_if.o [1]
volume                  0x20000428     0x1  Data  Gb  waveplayer _CS43L22.o [1]


[1] = H:\PhanLeSon\ActivNoise\Microphone\F7\Mic_Array_Project\Mic_Array\Projects\STM32746G\Applications\Audio\Mic_Array\EWARM\STM32F7\Obj
[2] = command line
[3] = dl7M_tlf.a
[4] = iar_cortexM7ls_math.a
[5] = libPDMFilter_CM7_IAR.a
[6] = m7M_tls.a
[7] = rt7M_tl.a
[8] = shb_l.a

  103 376 bytes of readonly  code memory
   69 012 bytes of readonly  data memory
   56 965 bytes of readwrite data memory (+ 131 552 absolute)

Errors: none
Warnings: none
