###############################################################################
#
# IAR ELF Linker V7.50.2.10312/W32 for ARM                29/Mar/2016  20:13:52
# Copyright 2007-2015 IAR Systems AB.
#
#    Output file  =  
#        D:\sop1hc\Github\data\Mic_Array_V00\USB_STREAMING\Mic_Array\Projects\STM32746G\Applications\Audio\Mic_Array\EWARM\STM32F7\Exe\Project.out
#    Map file     =  
#        D:\sop1hc\Github\data\Mic_Array_V00\USB_STREAMING\Mic_Array\Projects\STM32746G\Applications\Audio\Mic_Array\EWARM\STM32F7\List\Project.map
#    Command line =  
#        D:\sop1hc\Github\data\Mic_Array_V00\USB_STREAMING\Mic_Array\Projects\STM32746G\Applications\Audio\Mic_Array\EWARM\STM32F7\Obj\audio_application.o
#        D:\sop1hc\Github\data\Mic_Array_V00\USB_STREAMING\Mic_Array\Projects\STM32746G\Applications\Audio\Mic_Array\EWARM\STM32F7\Obj\audio_codec.o
#        D:\sop1hc\Github\data\Mic_Array_V00\USB_STREAMING\Mic_Array\Projects\STM32746G\Applications\Audio\Mic_Array\EWARM\STM32F7\Obj\DSP.o
#        D:\sop1hc\Github\data\Mic_Array_V00\USB_STREAMING\Mic_Array\Projects\STM32746G\Applications\Audio\Mic_Array\EWARM\STM32F7\Obj\ff.o
#        D:\sop1hc\Github\data\Mic_Array_V00\USB_STREAMING\Mic_Array\Projects\STM32746G\Applications\Audio\Mic_Array\EWARM\STM32F7\Obj\ft5336.o
#        D:\sop1hc\Github\data\Mic_Array_V00\USB_STREAMING\Mic_Array\Middlewares\ST\STM32_Audio\Addons\PDM\libPDMFilter_CM7_IAR.a
#        D:\sop1hc\Github\data\Mic_Array_V00\USB_STREAMING\Mic_Array\Projects\STM32746G\Applications\Audio\Mic_Array\EWARM\STM32F7\Obj\main.o
#        D:\sop1hc\Github\data\Mic_Array_V00\USB_STREAMING\Mic_Array\Projects\STM32746G\Applications\Audio\Mic_Array\EWARM\STM32F7\Obj\sta321mp.o
#        D:\sop1hc\Github\data\Mic_Array_V00\USB_STREAMING\Mic_Array\Projects\STM32746G\Applications\Audio\Mic_Array\EWARM\STM32F7\Obj\startup_stm32f746xx.o
#        D:\sop1hc\Github\data\Mic_Array_V00\USB_STREAMING\Mic_Array\Projects\STM32746G\Applications\Audio\Mic_Array\EWARM\STM32F7\Obj\stm32746g_discovery.o
#        D:\sop1hc\Github\data\Mic_Array_V00\USB_STREAMING\Mic_Array\Projects\STM32746G\Applications\Audio\Mic_Array\EWARM\STM32F7\Obj\stm32746g_discovery_lcd.o
#        D:\sop1hc\Github\data\Mic_Array_V00\USB_STREAMING\Mic_Array\Projects\STM32746G\Applications\Audio\Mic_Array\EWARM\STM32F7\Obj\stm32746g_discovery_sdram.o
#        D:\sop1hc\Github\data\Mic_Array_V00\USB_STREAMING\Mic_Array\Projects\STM32746G\Applications\Audio\Mic_Array\EWARM\STM32F7\Obj\stm32746g_discovery_ts.o
#        D:\sop1hc\Github\data\Mic_Array_V00\USB_STREAMING\Mic_Array\Projects\STM32746G\Applications\Audio\Mic_Array\EWARM\STM32F7\Obj\stm32f7xx_hal.o
#        D:\sop1hc\Github\data\Mic_Array_V00\USB_STREAMING\Mic_Array\Projects\STM32746G\Applications\Audio\Mic_Array\EWARM\STM32F7\Obj\stm32f7xx_hal_cortex.o
#        D:\sop1hc\Github\data\Mic_Array_V00\USB_STREAMING\Mic_Array\Projects\STM32746G\Applications\Audio\Mic_Array\EWARM\STM32F7\Obj\stm32f7xx_hal_dma.o
#        D:\sop1hc\Github\data\Mic_Array_V00\USB_STREAMING\Mic_Array\Projects\STM32746G\Applications\Audio\Mic_Array\EWARM\STM32F7\Obj\stm32f7xx_hal_dma2d.o
#        D:\sop1hc\Github\data\Mic_Array_V00\USB_STREAMING\Mic_Array\Projects\STM32746G\Applications\Audio\Mic_Array\EWARM\STM32F7\Obj\stm32f7xx_hal_dma_ex.o
#        D:\sop1hc\Github\data\Mic_Array_V00\USB_STREAMING\Mic_Array\Projects\STM32746G\Applications\Audio\Mic_Array\EWARM\STM32F7\Obj\stm32f7xx_hal_flash.o
#        D:\sop1hc\Github\data\Mic_Array_V00\USB_STREAMING\Mic_Array\Projects\STM32746G\Applications\Audio\Mic_Array\EWARM\STM32F7\Obj\stm32f7xx_hal_flash_ex.o
#        D:\sop1hc\Github\data\Mic_Array_V00\USB_STREAMING\Mic_Array\Projects\STM32746G\Applications\Audio\Mic_Array\EWARM\STM32F7\Obj\stm32f7xx_hal_gpio.o
#        D:\sop1hc\Github\data\Mic_Array_V00\USB_STREAMING\Mic_Array\Projects\STM32746G\Applications\Audio\Mic_Array\EWARM\STM32F7\Obj\stm32f7xx_hal_hcd.o
#        D:\sop1hc\Github\data\Mic_Array_V00\USB_STREAMING\Mic_Array\Projects\STM32746G\Applications\Audio\Mic_Array\EWARM\STM32F7\Obj\stm32f7xx_hal_i2c.o
#        D:\sop1hc\Github\data\Mic_Array_V00\USB_STREAMING\Mic_Array\Projects\STM32746G\Applications\Audio\Mic_Array\EWARM\STM32F7\Obj\stm32f7xx_hal_i2c_ex.o
#        D:\sop1hc\Github\data\Mic_Array_V00\USB_STREAMING\Mic_Array\Projects\STM32746G\Applications\Audio\Mic_Array\EWARM\STM32F7\Obj\stm32f7xx_hal_i2s.o
#        D:\sop1hc\Github\data\Mic_Array_V00\USB_STREAMING\Mic_Array\Projects\STM32746G\Applications\Audio\Mic_Array\EWARM\STM32F7\Obj\stm32f7xx_hal_ltdc.o
#        D:\sop1hc\Github\data\Mic_Array_V00\USB_STREAMING\Mic_Array\Projects\STM32746G\Applications\Audio\Mic_Array\EWARM\STM32F7\Obj\stm32f7xx_hal_pcd.o
#        D:\sop1hc\Github\data\Mic_Array_V00\USB_STREAMING\Mic_Array\Projects\STM32746G\Applications\Audio\Mic_Array\EWARM\STM32F7\Obj\stm32f7xx_hal_pcd_ex.o
#        D:\sop1hc\Github\data\Mic_Array_V00\USB_STREAMING\Mic_Array\Projects\STM32746G\Applications\Audio\Mic_Array\EWARM\STM32F7\Obj\stm32f7xx_hal_pwr.o
#        D:\sop1hc\Github\data\Mic_Array_V00\USB_STREAMING\Mic_Array\Projects\STM32746G\Applications\Audio\Mic_Array\EWARM\STM32F7\Obj\stm32f7xx_hal_pwr_ex.o
#        D:\sop1hc\Github\data\Mic_Array_V00\USB_STREAMING\Mic_Array\Projects\STM32746G\Applications\Audio\Mic_Array\EWARM\STM32F7\Obj\stm32f7xx_hal_rcc.o
#        D:\sop1hc\Github\data\Mic_Array_V00\USB_STREAMING\Mic_Array\Projects\STM32746G\Applications\Audio\Mic_Array\EWARM\STM32F7\Obj\stm32f7xx_hal_rcc_ex.o
#        D:\sop1hc\Github\data\Mic_Array_V00\USB_STREAMING\Mic_Array\Projects\STM32746G\Applications\Audio\Mic_Array\EWARM\STM32F7\Obj\stm32f7xx_hal_sai.o
#        D:\sop1hc\Github\data\Mic_Array_V00\USB_STREAMING\Mic_Array\Projects\STM32746G\Applications\Audio\Mic_Array\EWARM\STM32F7\Obj\stm32f7xx_hal_sai_ex.o
#        D:\sop1hc\Github\data\Mic_Array_V00\USB_STREAMING\Mic_Array\Projects\STM32746G\Applications\Audio\Mic_Array\EWARM\STM32F7\Obj\stm32f7xx_hal_sdram.o
#        D:\sop1hc\Github\data\Mic_Array_V00\USB_STREAMING\Mic_Array\Projects\STM32746G\Applications\Audio\Mic_Array\EWARM\STM32F7\Obj\stm32f7xx_hal_spi.o
#        D:\sop1hc\Github\data\Mic_Array_V00\USB_STREAMING\Mic_Array\Projects\STM32746G\Applications\Audio\Mic_Array\EWARM\STM32F7\Obj\stm32f7xx_hal_sram.o
#        D:\sop1hc\Github\data\Mic_Array_V00\USB_STREAMING\Mic_Array\Projects\STM32746G\Applications\Audio\Mic_Array\EWARM\STM32F7\Obj\stm32f7xx_hal_tim.o
#        D:\sop1hc\Github\data\Mic_Array_V00\USB_STREAMING\Mic_Array\Projects\STM32746G\Applications\Audio\Mic_Array\EWARM\STM32F7\Obj\stm32f7xx_hal_tim_ex.o
#        D:\sop1hc\Github\data\Mic_Array_V00\USB_STREAMING\Mic_Array\Projects\STM32746G\Applications\Audio\Mic_Array\EWARM\STM32F7\Obj\stm32f7xx_hal_uart.o
#        D:\sop1hc\Github\data\Mic_Array_V00\USB_STREAMING\Mic_Array\Projects\STM32746G\Applications\Audio\Mic_Array\EWARM\STM32F7\Obj\stm32f7xx_it.o
#        D:\sop1hc\Github\data\Mic_Array_V00\USB_STREAMING\Mic_Array\Projects\STM32746G\Applications\Audio\Mic_Array\EWARM\STM32F7\Obj\stm32f7xx_ll_fmc.o
#        D:\sop1hc\Github\data\Mic_Array_V00\USB_STREAMING\Mic_Array\Projects\STM32746G\Applications\Audio\Mic_Array\EWARM\STM32F7\Obj\stm32f7xx_ll_usb.o
#        D:\sop1hc\Github\data\Mic_Array_V00\USB_STREAMING\Mic_Array\Projects\STM32746G\Applications\Audio\Mic_Array\EWARM\STM32F7\Obj\system_stm32f7xx.o
#        D:\sop1hc\Github\data\Mic_Array_V00\USB_STREAMING\Mic_Array\Projects\STM32746G\Applications\Audio\Mic_Array\EWARM\STM32F7\Obj\usbd_audio_if.o
#        D:\sop1hc\Github\data\Mic_Array_V00\USB_STREAMING\Mic_Array\Projects\STM32746G\Applications\Audio\Mic_Array\EWARM\STM32F7\Obj\usbd_audio_in.o
#        D:\sop1hc\Github\data\Mic_Array_V00\USB_STREAMING\Mic_Array\Projects\STM32746G\Applications\Audio\Mic_Array\EWARM\STM32F7\Obj\usbd_conf_f4.o
#        D:\sop1hc\Github\data\Mic_Array_V00\USB_STREAMING\Mic_Array\Projects\STM32746G\Applications\Audio\Mic_Array\EWARM\STM32F7\Obj\usbd_core.o
#        D:\sop1hc\Github\data\Mic_Array_V00\USB_STREAMING\Mic_Array\Projects\STM32746G\Applications\Audio\Mic_Array\EWARM\STM32F7\Obj\usbd_ctlreq.o
#        D:\sop1hc\Github\data\Mic_Array_V00\USB_STREAMING\Mic_Array\Projects\STM32746G\Applications\Audio\Mic_Array\EWARM\STM32F7\Obj\usbd_desc.o
#        D:\sop1hc\Github\data\Mic_Array_V00\USB_STREAMING\Mic_Array\Projects\STM32746G\Applications\Audio\Mic_Array\EWARM\STM32F7\Obj\usbd_ioreq.o
#        D:\sop1hc\Github\data\Mic_Array_V00\USB_STREAMING\Mic_Array\Projects\STM32746G\Applications\Audio\Mic_Array\EWARM\STM32F7\Obj\usbh_conf.o
#        D:\sop1hc\Github\data\Mic_Array_V00\USB_STREAMING\Mic_Array\Projects\STM32746G\Applications\Audio\Mic_Array\EWARM\STM32F7\Obj\usbh_core.o
#        D:\sop1hc\Github\data\Mic_Array_V00\USB_STREAMING\Mic_Array\Projects\STM32746G\Applications\Audio\Mic_Array\EWARM\STM32F7\Obj\usbh_ctlreq.o
#        D:\sop1hc\Github\data\Mic_Array_V00\USB_STREAMING\Mic_Array\Projects\STM32746G\Applications\Audio\Mic_Array\EWARM\STM32F7\Obj\usbh_diskio.o
#        D:\sop1hc\Github\data\Mic_Array_V00\USB_STREAMING\Mic_Array\Projects\STM32746G\Applications\Audio\Mic_Array\EWARM\STM32F7\Obj\usbh_ioreq.o
#        D:\sop1hc\Github\data\Mic_Array_V00\USB_STREAMING\Mic_Array\Projects\STM32746G\Applications\Audio\Mic_Array\EWARM\STM32F7\Obj\usbh_msc.o
#        D:\sop1hc\Github\data\Mic_Array_V00\USB_STREAMING\Mic_Array\Projects\STM32746G\Applications\Audio\Mic_Array\EWARM\STM32F7\Obj\usbh_msc_bot.o
#        D:\sop1hc\Github\data\Mic_Array_V00\USB_STREAMING\Mic_Array\Projects\STM32746G\Applications\Audio\Mic_Array\EWARM\STM32F7\Obj\usbh_msc_scsi.o
#        D:\sop1hc\Github\data\Mic_Array_V00\USB_STREAMING\Mic_Array\Projects\STM32746G\Applications\Audio\Mic_Array\EWARM\STM32F7\Obj\usbh_pipes.o
#        "D:\sop1hc\Github\data\Mic_Array_V00\USB_STREAMING\Mic_Array\Projects\STM32746G\Applications\Audio\Mic_Array\EWARM\STM32F7\Obj\waveplayer
#        _CS43L22.o"
#        D:\sop1hc\Github\data\Mic_Array_V00\USB_STREAMING\Mic_Array\Projects\STM32746G\Applications\Audio\Mic_Array\EWARM\STM32F7\Obj\waverecorder.o
#        --redirect _Printf=_PrintfSmall --redirect _Scanf=_ScanfSmall -o
#        D:\sop1hc\Github\data\Mic_Array_V00\USB_STREAMING\Mic_Array\Projects\STM32746G\Applications\Audio\Mic_Array\EWARM\STM32F7\Exe\Project.out
#        --map
#        D:\sop1hc\Github\data\Mic_Array_V00\USB_STREAMING\Mic_Array\Projects\STM32746G\Applications\Audio\Mic_Array\EWARM\STM32F7\List\Project.map
#        --config
#        D:\sop1hc\Github\data\Mic_Array_V00\USB_STREAMING\Mic_Array\Projects\STM32746G\Applications\Audio\Mic_Array\EWARM\Project.icf
#        --semihosting --entry __iar_program_start --no_exceptions "D:\Program
#        Files (x86)\IAR Systems\Embedded Workbench
#        7.3\arm\CMSIS\Lib\IAR\iar_cortexM7ls_math.a" --vfe
#
###############################################################################

*******************************************************************************
*** RUNTIME MODEL ATTRIBUTES
***

CppFlavor                     = *
__Heap_Handler                = DLMalloc
__SystemLibrary               = DLib
__dlib_dynamic_initialization = normal


*******************************************************************************
*** PLACEMENT SUMMARY
***

"A1":  place at 0x08000000 { ro section .intvec };
"P1":  place in [from 0x00000000 to 0x00000000] |
                [from 0x08000000 to 0x080fffff] { ro };
"P3":  place in [from 0x20000000 to 0x2000ffff] |
                [from 0x20010000 to 0x2004ffff] { rw, block CSTACK, block HEAP };

  Section             Kind        Address     Size  Object
  -------             ----        -------     ----  ------
"A1":                                        0x1c8
  .intvec             ro code  0x08000000    0x1c8  startup_stm32f746xx.o [1]
                             - 0x080001c8    0x1c8

"P1":                                      0x26c94
  .rodata             const    0x080001c8  0x13458  arm_common_tables.o [4]
  .text               ro code  0x08013620   0x395c  stm32f7xx_hal_dma.o [1]
  .text               ro code  0x08016f7c   0x16e8  waverecorder.o [1]
  .text               ro code  0x08018664    0x26c  stm32f7xx_hal_gpio.o [1]
  .text               ro code  0x080188d0    0xb5c  main.o [1]
  .text               ro code  0x0801942c    0x550  pdm_filter.o [5]
  .text               ro code  0x0801997c    0x852  stm32f7xx_hal_spi.o [1]
  .text               ro code  0x0801a1d0    0x1a4  stm32f7xx_hal_i2s.o [1]
  .text               ro code  0x0801a374    0x164  stm32f7xx_hal_cortex.o [1]
  .text               ro code  0x0801a4d8    0x3d8  DSP.o [1]
  .text               ro code  0x0801a8b0    0x200  audio_application.o [1]
  .text               ro code  0x0801aab0     0x7c  stm32f7xx_hal.o [1]
  .text               ro code  0x0801ab2c    0x36c  stm32746g_discovery_sdram.o [1]
  .text               ro code  0x0801ae98    0x118  stm32746g_discovery.o [1]
  .text               ro code  0x0801afb0    0xac8  usbd_audio_in.o [1]
  .text               ro code  0x0801ba78    0x346  usbd_core.o [1]
  .text               ro code  0x0801bdc0    0x988  sta321mp.o [1]
  .text               ro code  0x0801c748     0x98  waveplayer _CS43L22.o [1]
  .text               ro code  0x0801c7e0    0x870  stm32f7xx_hal_rcc.o [1]
  .text               ro code  0x0801d050     0x84  stm32f7xx_hal_pwr_ex.o [1]
  .text               ro code  0x0801d0d4    0x8a0  stm32f7xx_hal_rcc_ex.o [1]
  .text               ro code  0x0801d974    0x144  arm_rfft_fast_init_f32.o [4]
  .text               ro code  0x0801dab8    0xad8  stm32f7xx_hal_i2c.o [1]
  .text               ro code  0x0801e590   0x108c  audio_codec.o [1]
  .text               ro code  0x0801f61c     0x1c  FltCmpEq.o [6]
  .text               ro code  0x0801f638      0xe  U32ToFlt.o [6]
  .text               ro code  0x0801f648     0x24  FltCmpLe.o [6]
  .text               ro code  0x0801f66c     0x12  FltMul.o [6]
  .text               ro code  0x0801f680     0x4e  FltToDbl.o [6]
  .text               ro code  0x0801f6d0     0x30  I32ToDbl.o [6]
  .text               ro code  0x0801f700    0x256  DblDiv.o [6]
  .text               ro code  0x0801f958     0xe8  DblAdd.o [6]
  .text               ro code  0x0801fa40     0x4c  DblToI32.o [6]
  .text               ro code  0x0801fa8c    0x1a2  DblMul.o [6]
  .text               ro code  0x0801fc30     0x90  DblToFlt.o [6]
  .text               ro code  0x0801fcc0    0x450  xsin.o [6]
  .text               ro code  0x08020110    0x180  DblSub.o [6]
  .text               ro code  0x08020290     0xf0  sqrt.o [6]
  .text               ro code  0x08020380     0x5c  DSP.o [1]
  .text               ro code  0x080203dc     0x5c  DSP.o [1]
  .text               ro code  0x08020438     0x12  cos.o [6]
  .text               ro code  0x0802044c    0x132  I64DivMod.o [7]
  .text               ro code  0x08020580    0x188  arm_rfft_fast_f32.o [4]
  .text               ro code  0x08020708    0x130  arm_cmplx_conj_f32.o [4]
  .text               ro code  0x08020838    0x156  arm_cmplx_mult_cmplx_f32.o [4]
  .text               ro code  0x08020990    0x15a  arm_cmplx_mag_f32.o [4]
  .text               ro code  0x08020aec     0x9c  arm_max_f32.o [4]
  .text               ro code  0x08020b88     0x6e  floor.o [6]
  .text               ro code  0x08020bf8     0x76  ABImemcpy_unaligned.o [7]
  .text               ro code  0x08020c70     0x80  usbd_audio_if.o [1]
  .text               ro code  0x08020cf0     0xac  stm32f7xx_hal_sdram.o [1]
  .text               ro code  0x08020d9c    0x350  usbd_conf_f4.o [1]
  .text               ro code  0x080210ec    0x65e  usbd_ctlreq.o [1]
  .text               ro code  0x0802174a     0xbc  usbd_ioreq.o [1]
  .text               ro code  0x08021808     0x66  ABImemset.o [7]
  .text               ro code  0x08021870   0x14f0  dlmalloc.o [3]
  .text               ro code  0x08022d60     0x84  stm32f7xx_hal_i2c_ex.o [1]
  .text               ro code  0x08022de4     0x2e  DblCmpLe.o [6]
  .text               ro code  0x08022e14     0x2e  DblCmpGe.o [6]
  .text               ro code  0x08022e44      0xc  errno.o [3]
  .text               ro code  0x08022e50    0x168  xquad.o [6]
  .text               ro code  0x08022fb8      0xc  iarEdom.o [7]
  .text               ro code  0x08022fc4      0x2  I64DivZer.o [7]
  .text               ro code  0x08022fc8    0x6fc  arm_cfft_f32.o [4]
  .text               ro code  0x080236c4      0x8  abs.o [3]
  .text               ro code  0x080236cc    0x17c  stm32f7xx_ll_fmc.o [1]
  .text               ro code  0x08023848    0xa7a  stm32f7xx_hal_pcd.o [1]
  .text               ro code  0x080242c4     0x98  stm32f7xx_hal_pcd_ex.o [1]
  .text               ro code  0x0802435c      0x6  abort.o [3]
  .text               ro code  0x08024364     0x2c  xgetmemchunk.o [3]
  .text               ro code  0x08024390      0x2  xtls.o [3]
  .text               ro code  0x08024392     0x7a  xdint.o [6]
  .text               ro code  0x0802440c     0x20  DblCmpEq.o [6]
  .text               ro code  0x0802442c    0x1a8  fmod.o [6]
  .text               ro code  0x080245d4    0x560  arm_cfft_radix8_f32.o [4]
  .text               ro code  0x08024b34     0xc0  arm_bitreversal2.o [4]
  .text               ro code  0x08024bf4    0xd50  stm32f7xx_ll_usb.o [1]
  .text               ro code  0x08025944     0x14  exit.o [8]
  .text               ro code  0x08025958     0x30  iarttio.o [8]
  .text               ro code  0x08025988      0x8  XShttio.o [3]
  .rodata             const    0x08025990    0x800  DSP.o [1]
  .text               ro code  0x08026190    0x36a  stm32f7xx_hal_uart.o [1]
  .text               ro code  0x080264fc     0xe4  usbd_desc.o [1]
  .rodata             const    0x080265e0     0x84  usbd_audio_if.o [1]
  .text               ro code  0x08026664     0x7c  stm32f7xx_it.o [1]
  .text               ro code  0x080266e0     0x6c  system_stm32f7xx.o [1]
  .text               ro code  0x0802674c     0x40  zero_init3.o [7]
  .text               ro code  0x0802678c     0x2c  copy_init3.o [7]
  .text               ro code  0x080267b8     0x28  data_init.o [7]
  .text               ro code  0x080267e0     0x22  fpinit_M.o [6]
  .iar.init_table     const    0x08026804     0x2c  - Linker created -
  .rodata             const    0x08026830     0x1c  usbd_desc.o [1]
  .text               ro code  0x0802684c     0x1a  cmain.o [7]
  .text               ro code  0x08026866      0x4  low_level_init.o [3]
  .text               ro code  0x0802686a      0x4  exit.o [3]
  .text               ro code  0x08026870      0xa  cexit.o [7]
  .rodata             const    0x0802687c     0x10  stm32f7xx_hal_rcc.o [1]
  .rodata             const    0x0802688c     0x10  usbd_desc.o [1]
  .rodata             const    0x0802689c     0x10  usbd_desc.o [1]
  .rodata             const    0x080268ac     0x10  usbd_desc.o [1]
  .rodata             const    0x080268bc     0x10  usbd_desc.o [1]
  .text               ro code  0x080268cc     0x10  startup_stm32f746xx.o [1]
  .rodata             const    0x080268dc      0xc  usbd_desc.o [1]
  .text               ro code  0x080268e8      0xc  cstartup_M.o [7]
  .rodata             const    0x080268f4      0x8  stm32746g_discovery.o [1]
  .text               ro code  0x080268fc      0x4  startup_stm32f746xx.o [1]
  .text               ro code  0x08026900      0x4  startup_stm32f746xx.o [1]
  .text               ro code  0x08026904      0x4  startup_stm32f746xx.o [1]
  .text               ro code  0x08026908      0x4  startup_stm32f746xx.o [1]
  .text               ro code  0x0802690c      0x4  startup_stm32f746xx.o [1]
  .text               ro code  0x08026910      0x4  startup_stm32f746xx.o [1]
  .text               ro code  0x08026914      0x4  startup_stm32f746xx.o [1]
  .text               ro code  0x08026918      0x4  startup_stm32f746xx.o [1]
  .text               ro code  0x0802691c      0x4  startup_stm32f746xx.o [1]
  .text               ro code  0x08026920      0x4  startup_stm32f746xx.o [1]
  .text               ro code  0x08026924      0x4  startup_stm32f746xx.o [1]
  .text               ro code  0x08026928      0x4  startup_stm32f746xx.o [1]
  .text               ro code  0x0802692c      0x4  startup_stm32f746xx.o [1]
  .text               ro code  0x08026930      0x4  startup_stm32f746xx.o [1]
  .text               ro code  0x08026934      0x4  startup_stm32f746xx.o [1]
  .text               ro code  0x08026938      0x4  startup_stm32f746xx.o [1]
  .text               ro code  0x0802693c      0x4  startup_stm32f746xx.o [1]
  .text               ro code  0x08026940      0x4  startup_stm32f746xx.o [1]
  .text               ro code  0x08026944      0x4  startup_stm32f746xx.o [1]
  .text               ro code  0x08026948      0x4  startup_stm32f746xx.o [1]
  .text               ro code  0x0802694c      0x4  startup_stm32f746xx.o [1]
  .text               ro code  0x08026950      0x4  startup_stm32f746xx.o [1]
  .text               ro code  0x08026954      0x4  startup_stm32f746xx.o [1]
  .text               ro code  0x08026958      0x4  startup_stm32f746xx.o [1]
  .text               ro code  0x0802695c      0x4  startup_stm32f746xx.o [1]
  .text               ro code  0x08026960      0x4  startup_stm32f746xx.o [1]
  .text               ro code  0x08026964      0x4  startup_stm32f746xx.o [1]
  .text               ro code  0x08026968      0x4  startup_stm32f746xx.o [1]
  .text               ro code  0x0802696c      0x4  startup_stm32f746xx.o [1]
  .text               ro code  0x08026970      0x4  startup_stm32f746xx.o [1]
  .text               ro code  0x08026974      0x4  startup_stm32f746xx.o [1]
  .text               ro code  0x08026978      0x4  startup_stm32f746xx.o [1]
  .text               ro code  0x0802697c      0x4  startup_stm32f746xx.o [1]
  .text               ro code  0x08026980      0x4  startup_stm32f746xx.o [1]
  .text               ro code  0x08026984      0x4  startup_stm32f746xx.o [1]
  .text               ro code  0x08026988      0x4  startup_stm32f746xx.o [1]
  .text               ro code  0x0802698c      0x4  startup_stm32f746xx.o [1]
  .text               ro code  0x08026990      0x4  startup_stm32f746xx.o [1]
  .text               ro code  0x08026994      0x4  startup_stm32f746xx.o [1]
  .text               ro code  0x08026998      0x4  startup_stm32f746xx.o [1]
  .text               ro code  0x0802699c      0x4  startup_stm32f746xx.o [1]
  .text               ro code  0x080269a0      0x4  startup_stm32f746xx.o [1]
  .text               ro code  0x080269a4      0x4  startup_stm32f746xx.o [1]
  .text               ro code  0x080269a8      0x4  startup_stm32f746xx.o [1]
  .text               ro code  0x080269ac      0x4  startup_stm32f746xx.o [1]
  .text               ro code  0x080269b0      0x4  startup_stm32f746xx.o [1]
  .text               ro code  0x080269b4      0x4  startup_stm32f746xx.o [1]
  .text               ro code  0x080269b8      0x4  startup_stm32f746xx.o [1]
  .text               ro code  0x080269bc      0x4  startup_stm32f746xx.o [1]
  .text               ro code  0x080269c0      0x4  startup_stm32f746xx.o [1]
  .text               ro code  0x080269c4      0x4  startup_stm32f746xx.o [1]
  .text               ro code  0x080269c8      0x4  startup_stm32f746xx.o [1]
  .text               ro code  0x080269cc      0x4  startup_stm32f746xx.o [1]
  .text               ro code  0x080269d0      0x4  startup_stm32f746xx.o [1]
  .text               ro code  0x080269d4      0x4  startup_stm32f746xx.o [1]
  .text               ro code  0x080269d8      0x4  startup_stm32f746xx.o [1]
  .text               ro code  0x080269dc      0x4  startup_stm32f746xx.o [1]
  .text               ro code  0x080269e0      0x4  startup_stm32f746xx.o [1]
  .text               ro code  0x080269e4      0x4  startup_stm32f746xx.o [1]
  .text               ro code  0x080269e8      0x4  startup_stm32f746xx.o [1]
  .text               ro code  0x080269ec      0x4  startup_stm32f746xx.o [1]
  .text               ro code  0x080269f0      0x4  startup_stm32f746xx.o [1]
  .text               ro code  0x080269f4      0x4  startup_stm32f746xx.o [1]
  .text               ro code  0x080269f8      0x4  startup_stm32f746xx.o [1]
  .text               ro code  0x080269fc      0x4  startup_stm32f746xx.o [1]
  .text               ro code  0x08026a00      0x4  startup_stm32f746xx.o [1]
  .text               ro code  0x08026a04      0x4  startup_stm32f746xx.o [1]
  .text               ro code  0x08026a08      0x4  startup_stm32f746xx.o [1]
  .text               ro code  0x08026a0c      0x4  startup_stm32f746xx.o [1]
  .text               ro code  0x08026a10      0x4  startup_stm32f746xx.o [1]
  .text               ro code  0x08026a14      0x4  startup_stm32f746xx.o [1]
  .text               ro code  0x08026a18      0x4  startup_stm32f746xx.o [1]
  .text               ro code  0x08026a1c      0x4  startup_stm32f746xx.o [1]
  .text               ro code  0x08026a20      0x4  startup_stm32f746xx.o [1]
  .text               ro code  0x08026a24      0x4  startup_stm32f746xx.o [1]
  .text               ro code  0x08026a28      0x4  startup_stm32f746xx.o [1]
  .text               ro code  0x08026a2c      0x4  startup_stm32f746xx.o [1]
  .rodata             const    0x08026a30      0x0  zero_init3.o [7]
  .rodata             const    0x08026a30      0x0  copy_init3.o [7]
  Initializer bytes   const    0x08026a30    0x42c  <for P3 s0>
                             - 0x08026e5c  0x26c94

"P3", part 1 of 3:                           0x42c
  P3 s0                        0x20010000    0x42c  <Init block>
    .data             inited   0x20010000    0x304  pdm_filter.o [5]
    .data             inited   0x20010304     0x50  sta321mp.o [1]
    .data             inited   0x20010354     0x38  usbd_audio_in.o [1]
    .data             inited   0x2001038c     0x24  sta321mp.o [1]
    .data             inited   0x200103b0     0x24  usbd_audio_if.o [1]
    .data             inited   0x200103d4     0x1c  usbd_desc.o [1]
    .data             inited   0x200103f0     0x14  usbd_desc.o [1]
    .data             inited   0x20010404      0xc  usbd_audio_in.o [1]
    .data             inited   0x20010410      0x8  XShttio.o [3]
    .data             inited   0x20010418      0x4  system_stm32f7xx.o [1]
    .data             inited   0x2001041c      0x4  usbd_desc.o [1]
    __DLIB_PERTHREAD  inited   0x20010420      0x4  errno.o [3]
    .data             inited   0x20010424      0x1  audio_codec.o [1]
    .data             inited   0x20010425      0x1  main.o [1]
    .data             inited   0x20010426      0x1  main.o [1]
    .data             inited   0x20010427      0x1  stm32746g_discovery_sdram.o [1]
    .data             inited   0x20010428      0x1  waveplayer _CS43L22.o [1]
                             - 0x2001042c    0x42c

"P3", part 2 of 3:                         0x1a35c
  .bss                zero     0x2001042c   0x3014  main.o [1]
  .bss                zero     0x20013440   0x2000  DSP.o [1]
  .bss                zero     0x20015440   0x2000  DSP.o [1]
  .bss                zero     0x20017440   0x2000  DSP.o [1]
  .bss                zero     0x20019440   0x2000  DSP.o [1]
  .bss                zero     0x2001b440   0x2000  DSP.o [1]
  .bss                zero     0x2001d440   0x2000  DSP.o [1]
  .bss                zero     0x2001f440   0x2000  waverecorder.o [1]
  .bss                zero     0x20021440   0x2000  waverecorder.o [1]
  .bss                zero     0x20023440   0x2000  waverecorder.o [1]
  .bss                zero     0x20025440   0x2000  waverecorder.o [1]
  .bss                zero     0x20027440   0x1190  DSP.o [1]
  .bss                zero     0x200285d0   0x1000  main.o [1]
  .bss                zero     0x200295d0    0x3c0  usbd_conf_f4.o [1]
  .bss                zero     0x20029990    0x224  main.o [1]
  .bss                zero     0x20029bb4    0x1d8  dlmalloc.o [3]
  .bss                zero     0x20029d8c    0x180  usbd_audio_in.o [1]
  .bss                zero     0x20029f0c     0xc8  usbd_desc.o [1]
  .bss                zero     0x20029fd4     0x80  waverecorder.o [1]
  .bss                zero     0x2002a054     0x80  waverecorder.o [1]
  .bss                zero     0x2002a0d4     0x78  usbd_audio_in.o [1]
  .bss                zero     0x2002a14c     0x70  main.o [1]
  .bss                zero     0x2002a1bc     0x68  waverecorder.o [1]
  .bss                zero     0x2002a224     0x64  main.o [1]
  .bss                zero     0x2002a288     0x64  usbd_audio_in.o [1]
  .bss                zero     0x2002a2ec     0x64  waverecorder.o [1]
  .bss                zero     0x2002a350     0x64  waverecorder.o [1]
  .bss                zero     0x2002a3b4     0x50  audio_codec.o [1]
  .bss                zero     0x2002a404     0x50  stm32746g_discovery_sdram.o [1]
  .bss                zero     0x2002a454     0x50  waverecorder.o [1]
  .bss                zero     0x2002a4a4     0x50  waverecorder.o [1]
  .bss                zero     0x2002a4f4     0x40  waveplayer _CS43L22.o [1]
  .bss                zero     0x2002a534     0x40  waverecorder.o [1]
  .bss                zero     0x2002a574     0x40  waverecorder.o [1]
  .bss                zero     0x2002a5b4     0x3c  audio_codec.o [1]
  .bss                zero     0x2002a5f0     0x3c  audio_codec.o [1]
  .bss                zero     0x2002a62c     0x34  stm32746g_discovery_sdram.o [1]
  .bss                zero     0x2002a660     0x1c  stm32746g_discovery_sdram.o [1]
  .bss                zero     0x2002a67c     0x18  main.o [1]
  .bss                zero     0x2002a694     0x18  main.o [1]
  .bss                zero     0x2002a6ac     0x18  dlmalloc.o [3]
  .bss                zero     0x2002a6c4     0x14  main.o [1]
  .bss                zero     0x2002a6d8     0x14  sta321mp.o [1]
  .bss                zero     0x2002a6ec     0x10  sta321mp.o [1]
  .bss                zero     0x2002a6fc     0x10  stm32746g_discovery_sdram.o [1]
  .bss                zero     0x2002a70c      0x4  DSP.o [1]
  .bss                zero     0x2002a710      0x4  main.o [1]
  .bss                zero     0x2002a714      0x4  main.o [1]
  .bss                zero     0x2002a718      0x4  main.o [1]
  .bss                zero     0x2002a71c      0x4  main.o [1]
  .bss                zero     0x2002a720      0x4  stm32f7xx_hal.o [1]
  .bss                zero     0x2002a724      0x4  stm32f7xx_it.o [1]
  .bss                zero     0x2002a728      0x4  waverecorder.o [1]
  .bss                zero     0x2002a72c      0x4  waverecorder.o [1]
  .bss                zero     0x2002a730      0x4  xgetmemchunk.o [3]
  .bss                zero     0x2002a734      0x2  main.o [1]
  .bss                zero     0x2002a736      0x2  main.o [1]
  .bss                zero     0x2002a738      0x2  main.o [1]
  .bss                zero     0x2002a73a      0x2  main.o [1]
  .bss                zero     0x2002a73c      0x2  main.o [1]
  .bss                zero     0x2002a73e      0x2  main.o [1]
  .bss                zero     0x2002a740      0x2  main.o [1]
  .bss                zero     0x2002a742      0x2  main.o [1]
  .bss                zero     0x2002a744      0x2  main.o [1]
  .bss                zero     0x2002a746      0x2  main.o [1]
  .bss                zero     0x2002a748      0x2  main.o [1]
  .bss                zero     0x2002a74a      0x2  main.o [1]
  .bss                zero     0x2002a74c      0x2  main.o [1]
  .bss                zero     0x2002a74e      0x2  main.o [1]
  .bss                zero     0x2002a750      0x2  sta321mp.o [1]
  .bss                zero     0x2002a752      0x2  usbd_audio_in.o [1]
  .bss                zero     0x2002a754      0x2  waverecorder.o [1]
  .bss                zero     0x2002a756      0x2  waverecorder.o [1]
  .bss                zero     0x2002a758      0x2  waverecorder.o [1]
  .bss                zero     0x2002a75a      0x2  waverecorder.o [1]
  .bss                zero     0x2002a75c      0x2  waverecorder.o [1]
  .bss                zero     0x2002a75e      0x2  waverecorder.o [1]
  .bss                zero     0x2002a760      0x2  waverecorder.o [1]
  .bss                zero     0x2002a762      0x2  waverecorder.o [1]
  .bss                zero     0x2002a764      0x2  waverecorder.o [1]
  .bss                zero     0x2002a766      0x2  waverecorder.o [1]
  .bss                zero     0x2002a768      0x2  waverecorder.o [1]
  .bss                zero     0x2002a76a      0x2  waverecorder.o [1]
  .bss                zero     0x2002a76c      0x2  waverecorder.o [1]
  .bss                zero     0x2002a76e      0x2  waverecorder.o [1]
  .bss                zero     0x2002a770      0x2  waverecorder.o [1]
  .bss                zero     0x2002a772      0x2  waverecorder.o [1]
  .bss                zero     0x2002a774      0x1  audio_application.o [1]
  .bss                zero     0x2002a775      0x1  audio_codec.o [1]
  .bss                zero     0x2002a776      0x1  main.o [1]
  .bss                zero     0x2002a777      0x1  main.o [1]
  .bss                zero     0x2002a778      0x1  main.o [1]
  .bss                zero     0x2002a779      0x1  main.o [1]
  .bss                zero     0x2002a77a      0x1  main.o [1]
  .bss                zero     0x2002a77b      0x1  usbd_ctlreq.o [1]
  .bss                zero     0x2002a77c      0x1  waverecorder.o [1]
  .bss                zero     0x2002a77d      0x1  waverecorder.o [1]
  .bss                zero     0x2002a77e      0x1  waverecorder.o [1]
  .bss                zero     0x2002a77f      0x1  waverecorder.o [1]
  .bss                zero     0x2002a780      0x1  waverecorder.o [1]
  .bss                zero     0x2002a781      0x1  waverecorder.o [1]
  .bss                zero     0x2002a782      0x1  waverecorder.o [1]
  .bss                zero     0x2002a783      0x1  waverecorder.o [1]
  .bss                zero     0x2002a784      0x1  waverecorder.o [1]
  .bss                zero     0x2002a785      0x1  waverecorder.o [1]
  .bss                zero     0x2002a786      0x1  waverecorder.o [1]
                             - 0x2002a787  0x1a35b

"P3", part 3 of 3:                          0x4000
  CSTACK                       0x2002a788   0x2000  <Block>
    CSTACK            uninit   0x2002a788   0x2000  <Block tail>
  HEAP                         0x2002c788   0x2000  <Block>
    HEAP              uninit   0x2002c788   0x2000  <Block tail>
                             - 0x2002e788   0x4000

Absolute sections:                         0x201e0
  .bss                zero     0xc0000000   0x80a0  waverecorder.o [1]
  .bss                zero     0xc00080a0   0x80a0  waverecorder.o [1]
  .bss                zero     0xc0010140   0x80a0  waverecorder.o [1]
  .bss                zero     0xc00181e0   0x4000  audio_application.o [1]
  .bss                zero     0xc001c1e0   0x4000  audio_application.o [1]
                             - 0xc00201e0  0x201e0


*******************************************************************************
*** INIT TABLE
***

          Address     Size
          -------     ----
Zero (__iar_zero_init3)
    2 destination ranges, total size 0x3a53b:
          0x2001042c  0x1a35b
          0xc0000000  0x201e0

Copy (__iar_copy_init3)
    1 source range, total size 0x42c (100% of destination):
          0x08026a30    0x42c
    1 destination range, total size 0x429:
          0x20010000    0x429



*******************************************************************************
*** MODULE SUMMARY
***

    Module                       ro code  ro data  rw data  rw data
                                                             (abs)
    ------                       -------  -------  -------  -------
D:\sop1hc\Github\data\Mic_Array_V00\USB_STREAMING\Mic_Array\Projects\STM32746G\Applications\Audio\Mic_Array\EWARM\STM32F7\Obj: [1]
    DSP.o                          1 168    2 048   53 652
    audio_application.o              512                 1   32 768
    audio_codec.o                  4 236        1      202
    main.o                         2 908        2   17 283
    sta321mp.o                     2 440      116      154
    startup_stm32f746xx.o            780
    stm32746g_discovery.o            280        8
    stm32746g_discovery_sdram.o      876        1      177
    stm32f7xx_hal.o                  124                 4
    stm32f7xx_hal_cortex.o           356
    stm32f7xx_hal_dma.o           14 684
    stm32f7xx_hal_gpio.o             620
    stm32f7xx_hal_i2c.o            2 776
    stm32f7xx_hal_i2c_ex.o           132
    stm32f7xx_hal_i2s.o              420
    stm32f7xx_hal_pcd.o            2 682
    stm32f7xx_hal_pcd_ex.o           152
    stm32f7xx_hal_pwr_ex.o           132
    stm32f7xx_hal_rcc.o            2 160       16
    stm32f7xx_hal_rcc_ex.o         2 208
    stm32f7xx_hal_sdram.o            172
    stm32f7xx_hal_spi.o            2 130
    stm32f7xx_hal_uart.o             874
    stm32f7xx_it.o                   124                 4
    stm32f7xx_ll_fmc.o               380
    stm32f7xx_ll_usb.o             3 408
    system_stm32f7xx.o               108        4        4
    usbd_audio_if.o                  128      168       36
    usbd_audio_in.o                2 760       68      674
    usbd_conf_f4.o                   848               960
    usbd_core.o                      838
    usbd_ctlreq.o                  1 630                 1
    usbd_desc.o                      228      156      252
    usbd_ioreq.o                     188
    waveplayer _CS43L22.o            152        1       65
    waverecorder.o                 5 864            33 667   98 784
    ---------------------------------------------------------------
    Total:                        59 478    2 589  107 136  131 552

command line: [2]
    ---------------------------------------------------------------
    Total:

dl7M_tlf.a: [3]
    XShttio.o                          8        8        8
    abort.o                            6
    abs.o                              8
    dlmalloc.o                     5 360               496
    errno.o                           12        4        4
    exit.o                             4
    low_level_init.o                   4
    xgetmemchunk.o                    44                 4
    xtls.o                             2
    ---------------------------------------------------------------
    Total:                         5 448       12      512

iar_cortexM7ls_math.a: [4]
    arm_bitreversal2.o               192
    arm_cfft_f32.o                 1 788
    arm_cfft_radix8_f32.o          1 376
    arm_cmplx_conj_f32.o             304
    arm_cmplx_mag_f32.o              346
    arm_cmplx_mult_cmplx_f32.o       342
    arm_common_tables.o                    78 936
    arm_max_f32.o                    156
    arm_rfft_fast_f32.o              392
    arm_rfft_fast_init_f32.o         324
    ---------------------------------------------------------------
    Total:                         5 220   78 936

libPDMFilter_CM7_IAR.a: [5]
    pdm_filter.o                   1 360      772      772
    ---------------------------------------------------------------
    Total:                         1 360      772      772

m7M_tls.a: [6]
    DblAdd.o                         232
    DblCmpEq.o                        32
    DblCmpGe.o                        46
    DblCmpLe.o                        46
    DblDiv.o                         598
    DblMul.o                         418
    DblSub.o                         384
    DblToFlt.o                       144
    DblToI32.o                        76
    FltCmpEq.o                        28
    FltCmpLe.o                        36
    FltMul.o                          18
    FltToDbl.o                        78
    I32ToDbl.o                        48
    U32ToFlt.o                        14
    cos.o                             18
    floor.o                          110
    fmod.o                           424
    fpinit_M.o                        34
    sqrt.o                           240
    xdint.o                          122
    xquad.o                          360
    xsin.o                         1 104
    ---------------------------------------------------------------
    Total:                         4 610

rt7M_tl.a: [7]
    ABImemcpy_unaligned.o            118
    ABImemset.o                      102
    I64DivMod.o                      306
    I64DivZer.o                        2
    cexit.o                           10
    cmain.o                           26
    copy_init3.o                      44
    cstartup_M.o                      12
    data_init.o                       40
    iarEdom.o                         12
    zero_init3.o                      64
    ---------------------------------------------------------------
    Total:                           736

shb_l.a: [8]
    exit.o                            20
    iarttio.o                         48
    ---------------------------------------------------------------
    Total:                            68

    Gaps                              44        4
    Linker created                             47   16 384
-------------------------------------------------------------------
    Grand Total:                  76 964   82 360  124 804  131 552


*******************************************************************************
*** ENTRY LIST
***

Entry                      Address    Size  Type      Object
-----                      -------    ----  ----      ------
.iar.init_table$$Base   0x08026804           --   Gb  - Linker created -
.iar.init_table$$Limit  0x08026830           --   Gb  - Linker created -
?main                   0x0802684d          Code  Gb  cmain.o [7]
ADD_S16                 0x080203dd    0x5c  Code  Gb  DSP.o [1]
APBAHBPrescTable        0x0802687c    0x10  Data  Gb  stm32f7xx_hal_rcc.o [1]
AUDIO_Desc              0x200103d4    0x1c  Data  Gb  usbd_desc.o [1]
AUDIO_Init              0x0801e591    0x38  Code  Gb  audio_codec.o [1]
AUDIO_InitApplication   0x0801c7d5     0xc  Code  Gb  waveplayer _CS43L22.o [1]
AUDIO_REQ_GetCurrent    0x0801b33b    0x30  Code  Lc  usbd_audio_in.o [1]
AUDIO_REQ_GetMaximum    0x0801b2d5    0x22  Code  Lc  usbd_audio_in.o [1]
AUDIO_REQ_GetMinimum    0x0801b2f7    0x22  Code  Lc  usbd_audio_in.o [1]
AUDIO_REQ_GetResolution
                        0x0801b319    0x22  Code  Lc  usbd_audio_in.o [1]
AUDIO_REQ_SetCurrent    0x0801b36b    0x34  Code  Lc  usbd_audio_in.o [1]
AudioPlayerUpd          0x0801a8e9   0x1aa  Code  Gb  audio_application.o [1]
AudioUSBSend            0x0801a8b1    0x38  Code  Gb  audio_application.o [1]
Audio_CommandMgr        0x08020ccd     0x6  Code  Lc  usbd_audio_if.o [1]
Audio_DeInit            0x08020c77     0x6  Code  Lc  usbd_audio_if.o [1]
Audio_Init              0x08020c71     0x6  Code  Lc  usbd_audio_if.o [1]
Audio_MAL_Play          0x0801f1ad    0xbc  Code  Gb  audio_codec.o [1]
Audio_MuteCtl           0x08020cbb     0x6  Code  Lc  usbd_audio_if.o [1]
Audio_Pause             0x08020cc5     0x4  Code  Lc  usbd_audio_if.o [1]
Audio_Play_Out          0x08018aef    0xc2  Code  Lc  main.o [1]
Audio_Record            0x08020c7d     0x4  Code  Lc  usbd_audio_if.o [1]
Audio_Resume            0x08020cc9     0x4  Code  Lc  usbd_audio_if.o [1]
Audio_Stop              0x08020cc1     0x4  Code  Lc  usbd_audio_if.o [1]
Audio_VolumeCtl         0x08020c81    0x3a  Code  Lc  usbd_audio_if.o [1]
BSP_AUDIO_OUT_ClockConfig
                        0x08018ee5    0x70  Code  Gb  main.o [1]
BSP_LED_Init            0x0801ae99    0xc8  Code  Gb  stm32746g_discovery.o [1]
BSP_LED_Toggle          0x0801af61    0x42  Code  Gb  stm32746g_discovery.o [1]
BSP_SDRAM_Init          0x0801ab2d    0xd6  Code  Gb  stm32746g_discovery_sdram.o [1]
BSP_SDRAM_Initialization_sequence
                        0x0801ac03    0xb0  Code  Gb  stm32746g_discovery_sdram.o [1]
BSP_SDRAM_MspInit       0x0801acb3   0x1a8  Code  Wk  stm32746g_discovery_sdram.o [1]
Buffer1                 0xc0000000  0x80a0  Data  Gb  waverecorder.o [1]
Buffer2                 0xc00080a0  0x80a0  Data  Gb  waverecorder.o [1]
Buffer3                 0xc0010140  0x80a0  Data  Gb  waverecorder.o [1]
BusFault_Handler        0x0802666b     0x2  Code  Gb  stm32f7xx_it.o [1]
ButtonInit              0x0801921d    0x4e  Code  Gb  main.o [1]
CPU_CACHE_Enable        0x08018f55     0xc  Code  Lc  main.o [1]
CSTACK$$Base            0x2002a788           --   Gb  - Linker created -
CSTACK$$Limit           0x2002c788           --   Gb  - Linker created -
Codec_AudioInterface_Init
                        0x0801f119     0xc  Code  Lc  audio_codec.o [1]
Codec_CtrlInterface_Init
                        0x0801f111     0x8  Code  Lc  audio_codec.o [1]
Codec_GPIO_Init         0x0801f125    0x40  Code  Lc  audio_codec.o [1]
Codec_Init              0x0801eee7    0xf6  Code  Lc  audio_codec.o [1]
Codec_ReadRegister      0x0801f0ad    0x64  Code  Lc  audio_codec.o [1]
Codec_Reset             0x0801f041    0x24  Code  Lc  audio_codec.o [1]
Codec_TIMEOUT_UserCallback
                        0x0801c75b     0x4  Code  Gb  waveplayer _CS43L22.o [1]
Codec_VolumeCtrl        0x0801efdd    0x64  Code  Lc  audio_codec.o [1]
Codec_WriteRegister     0x0801f067    0x3e  Code  Lc  audio_codec.o [1]
Command                 0x2002a6fc    0x10  Data  Lc  stm32746g_discovery_sdram.o [1]
Command_index           0x20010426     0x1  Data  Gb  main.o [1]
CrssCorVal14            0x2002a714     0x4  Data  Gb  main.o [1]
CrssCorVal25            0x2002a718     0x4  Data  Gb  main.o [1]
CrssCorVal63            0x2002a71c     0x4  Data  Gb  main.o [1]
CrssCorVal78            0x2002a710     0x4  Data  Gb  main.o [1]
DFT_Init                0x080190e7     0xe  Code  Gb  main.o [1]
DMA1_Stream0_IRQHandler
                        0x0801eedb     0x2  Code  Gb  audio_codec.o [1]
DMA1_Stream7_IRQHandler
                        0x0801e5c9   0x912  Code  Gb  audio_codec.o [1]
DMA2_Stream4_IRQHandler
                        0x080266dd     0x2  Code  Gb  stm32f7xx_it.o [1]
DMA2_Stream5_IRQHandler
                        0x08017fdd     0xc  Code  Gb  waverecorder.o [1]
DMA2_Stream6_IRQHandler
                        0x08017fe9     0xc  Code  Gb  waverecorder.o [1]
DMA2_Stream7_IRQHandler
                        0x080266df     0x2  Code  Gb  stm32f7xx_it.o [1]
DMA_SetConfig           0x08013621    0x2e  Code  Gb  stm32f7xx_hal_dma.o [1]
DebugMon_Handler        0x08026671     0x2  Code  Gb  stm32f7xx_it.o [1]
Delay                   0x0801f199    0x14  Code  Lc  audio_codec.o [1]
DmaHandle               0x2002a3b4    0x50  Data  Gb  audio_codec.o [1]
EXTI15_10_IRQHandler    0x08019085     0x2  Code  Gb  main.o [1]
EXTI4_IRQHandler        0x08019047    0x3e  Code  Gb  main.o [1]
EXTI9_5_IRQHandler      0x08019087    0x60  Code  Gb  main.o [1]
EnergyError             0x2002a70c     0x4  Data  Gb  DSP.o [1]
EnergyNoiseCalc         0x0801a5db    0x54  Code  Gb  DSP.o [1]
FFTShift                0x0801a81d    0x66  Code  Gb  DSP.o [1]
FFT_Update              0x0801895f   0x190  Code  Lc  main.o [1]
FMC_SDRAM_Init          0x080236cd    0x7c  Code  Gb  stm32f7xx_ll_fmc.o [1]
FMC_SDRAM_ProgramRefreshRate
                        0x0802383b     0xe  Code  Gb  stm32f7xx_ll_fmc.o [1]
FMC_SDRAM_SendCommand   0x080237e7    0x54  Code  Gb  stm32f7xx_ll_fmc.o [1]
FMC_SDRAM_Timing_Init   0x08023749    0x9e  Code  Gb  stm32f7xx_ll_fmc.o [1]
FacMic                  0x2002a67c    0x18  Data  Gb  main.o [1]
FactorUpd               0x0801a5c1    0x1a  Code  Gb  DSP.o [1]
Filter                  0x2002a1bc    0x68  Data  Gb  waverecorder.o [1]
GCC_PHAT                0x0801a631   0x1d8  Code  Gb  DSP.o [1]
GPIO_INS                0x2002a6c4    0x14  Data  Gb  main.o [1]
GPIO_PIN                0x080268f4     0x8  Data  Gb  stm32746g_discovery.o [1]
GPIO_STA                0x2002a6d8    0x14  Data  Gb  sta321mp.o [1]
HAL_DMA_DeInit          0x080136d1   0xfe8  Code  Gb  stm32f7xx_hal_dma.o [1]
HAL_DMA_IRQHandler      0x08014791  0x2798  Code  Gb  stm32f7xx_hal_dma.o [1]
HAL_DMA_Init            0x0801364f    0x7c  Code  Gb  stm32f7xx_hal_dma.o [1]
HAL_DMA_Start_IT        0x08014709    0x86  Code  Gb  stm32f7xx_hal_dma.o [1]
HAL_Delay               0x0801ab0b    0x1a  Code  Wk  stm32f7xx_hal.o [1]
HAL_GPIO_Init           0x08018665   0x1f6  Code  Gb  stm32f7xx_hal_gpio.o [1]
HAL_GPIO_ReadPin        0x0801885b    0x18  Code  Gb  stm32f7xx_hal_gpio.o [1]
HAL_GPIO_TogglePin      0x08018887     0xa  Code  Gb  stm32f7xx_hal_gpio.o [1]
HAL_GPIO_WritePin       0x08018873    0x14  Code  Gb  stm32f7xx_hal_gpio.o [1]
HAL_GetTick             0x0801ab05     0x6  Code  Wk  stm32f7xx_hal.o [1]
HAL_I2CEx_ConfigAnalogFilter
                        0x08022d61    0x84  Code  Gb  stm32f7xx_hal_i2c_ex.o [1]
HAL_I2C_EV_IRQHandler   0x0801de31   0x12e  Code  Gb  stm32f7xx_hal_i2c.o [1]
HAL_I2C_ErrorCallback   0x0801df6b     0x2  Code  Wk  stm32f7xx_hal_i2c.o [1]
HAL_I2C_GetError        0x0801df6d     0x4  Code  Gb  stm32f7xx_hal_i2c.o [1]
HAL_I2C_Init            0x0801dab9    0xbc  Code  Gb  stm32f7xx_hal_i2c.o [1]
HAL_I2C_MasterRxCpltCallback
                        0x0801df61     0x2  Code  Wk  stm32f7xx_hal_i2c.o [1]
HAL_I2C_MasterTxCpltCallback
                        0x0801df5f     0x2  Code  Wk  stm32f7xx_hal_i2c.o [1]
HAL_I2C_Master_Receive  0x0801dcd3   0x158  Code  Gb  stm32f7xx_hal_i2c.o [1]
HAL_I2C_Master_Transmit
                        0x0801db75   0x15e  Code  Gb  stm32f7xx_hal_i2c.o [1]
HAL_I2C_MemRxCpltCallback
                        0x0801df69     0x2  Code  Wk  stm32f7xx_hal_i2c.o [1]
HAL_I2C_MemTxCpltCallback
                        0x0801df67     0x2  Code  Wk  stm32f7xx_hal_i2c.o [1]
HAL_I2C_MspInit         0x08018f61    0xe6  Code  Gb  main.o [1]
HAL_I2C_SlaveRxCpltCallback
                        0x0801df65     0x2  Code  Wk  stm32f7xx_hal_i2c.o [1]
HAL_I2C_SlaveTxCpltCallback
                        0x0801df63     0x2  Code  Wk  stm32f7xx_hal_i2c.o [1]
HAL_I2S_Init            0x0801a1d1   0x126  Code  Gb  stm32f7xx_hal_i2s.o [1]
HAL_I2S_MspInit         0x0801f28d   0x2f0  Code  Gb  audio_codec.o [1]
HAL_I2S_TxCpltCallback  0x080192bb    0x10  Code  Gb  main.o [1]
HAL_IncTick             0x0801aaf9     0xc  Code  Wk  stm32f7xx_hal.o [1]
HAL_Init                0x0801aab1    0x22  Code  Gb  stm32f7xx_hal.o [1]
HAL_InitTick            0x0801aad5    0x24  Code  Wk  stm32f7xx_hal.o [1]
HAL_MspInit             0x0801aad3     0x2  Code  Wk  stm32f7xx_hal.o [1]
HAL_NVIC_DisableIRQ     0x0801a499     0xe  Code  Gb  stm32f7xx_hal_cortex.o [1]
HAL_NVIC_EnableIRQ      0x0801a48b     0xe  Code  Gb  stm32f7xx_hal_cortex.o [1]
HAL_NVIC_SetPriority    0x0801a465    0x26  Code  Gb  stm32f7xx_hal_cortex.o [1]
HAL_NVIC_SetPriorityGrouping
                        0x0801a459     0xc  Code  Gb  stm32f7xx_hal_cortex.o [1]
HAL_PCDEx_ActivateLPM   0x08024333    0x28  Code  Gb  stm32f7xx_hal_pcd_ex.o [1]
HAL_PCDEx_LPM_Callback  0x0802435b     0x2  Code  Wk  stm32f7xx_hal_pcd_ex.o [1]
HAL_PCDEx_SetRxFiFo     0x08024327     0xc  Code  Gb  stm32f7xx_hal_pcd_ex.o [1]
HAL_PCDEx_SetTxFiFo     0x080242c5    0x62  Code  Gb  stm32f7xx_hal_pcd_ex.o [1]
HAL_PCD_ConnectCallback
                        0x08020f25     0xe  Code  Gb  usbd_conf_f4.o [1]
HAL_PCD_DataInStageCallback
                        0x08020e7d    0x1e  Code  Gb  usbd_conf_f4.o [1]
HAL_PCD_DataOutStageCallback
                        0x08020e5d    0x20  Code  Gb  usbd_conf_f4.o [1]
HAL_PCD_DisconnectCallback
                        0x08020f33     0xe  Code  Gb  usbd_conf_f4.o [1]
HAL_PCD_EP_Close        0x08023f87    0x62  Code  Gb  stm32f7xx_hal_pcd.o [1]
HAL_PCD_EP_ClrStall     0x08024161    0x62  Code  Gb  stm32f7xx_hal_pcd.o [1]
HAL_PCD_EP_Flush        0x080241c3    0x3c  Code  Gb  stm32f7xx_hal_pcd.o [1]
HAL_PCD_EP_Open         0x08023eed    0x9a  Code  Gb  stm32f7xx_hal_pcd.o [1]
HAL_PCD_EP_Receive      0x08023fe9    0x82  Code  Gb  stm32f7xx_hal_pcd.o [1]
HAL_PCD_EP_SetStall     0x080240eb    0x76  Code  Gb  stm32f7xx_hal_pcd.o [1]
HAL_PCD_EP_Transmit     0x0802406b    0x80  Code  Gb  stm32f7xx_hal_pcd.o [1]
HAL_PCD_IRQHandler      0x0802399f   0x522  Code  Gb  stm32f7xx_hal_pcd.o [1]
HAL_PCD_ISOINIncompleteCallback
                        0x08020f11    0x14  Code  Gb  usbd_conf_f4.o [1]
HAL_PCD_ISOOUTIncompleteCallback
                        0x08020efd    0x14  Code  Gb  usbd_conf_f4.o [1]
HAL_PCD_Init            0x08023849   0x12a  Code  Gb  stm32f7xx_hal_pcd.o [1]
HAL_PCD_MspInit         0x08020dc3    0x88  Code  Gb  usbd_conf_f4.o [1]
HAL_PCD_ResetCallback   0x08020ea9    0x38  Code  Gb  usbd_conf_f4.o [1]
HAL_PCD_ResumeCallback  0x08020eef     0xe  Code  Gb  usbd_conf_f4.o [1]
HAL_PCD_SOFCallback     0x08020e9b     0xe  Code  Gb  usbd_conf_f4.o [1]
HAL_PCD_SetAddress      0x08023ec1    0x2c  Code  Gb  stm32f7xx_hal_pcd.o [1]
HAL_PCD_SetupStageCallback
                        0x08020e4b    0x12  Code  Gb  usbd_conf_f4.o [1]
HAL_PCD_Start           0x08023973    0x2c  Code  Gb  stm32f7xx_hal_pcd.o [1]
HAL_PCD_SuspendCallback
                        0x08020ee1     0xe  Code  Gb  usbd_conf_f4.o [1]
HAL_PWREx_EnableOverDrive
                        0x0801d051    0x76  Code  Gb  stm32f7xx_hal_pwr_ex.o [1]
HAL_RCCEx_GetPeriphCLKConfig
                        0x0801d77d   0x1c6  Code  Gb  stm32f7xx_hal_rcc_ex.o [1]
HAL_RCCEx_PeriphCLKConfig
                        0x0801d0d5   0x6a8  Code  Gb  stm32f7xx_hal_rcc_ex.o [1]
HAL_RCC_ClockConfig     0x0801ccf9   0x256  Code  Gb  stm32f7xx_hal_rcc.o [1]
HAL_RCC_GetHCLKFreq     0x0801cff3    0x28  Code  Gb  stm32f7xx_hal_rcc.o [1]
HAL_RCC_GetSysClockFreq
                        0x0801cf4f    0xa4  Code  Gb  stm32f7xx_hal_rcc.o [1]
HAL_RCC_OscConfig       0x0801c7e1   0x518  Code  Gb  stm32f7xx_hal_rcc.o [1]
HAL_SDRAM_Init          0x08020cf1    0x44  Code  Gb  stm32f7xx_hal_sdram.o [1]
HAL_SDRAM_MspInit       0x08020d35     0x2  Code  Wk  stm32f7xx_hal_sdram.o [1]
HAL_SDRAM_ProgramRefreshRate
                        0x08020d73    0x2a  Code  Gb  stm32f7xx_hal_sdram.o [1]
HAL_SDRAM_SendCommand   0x08020d37    0x3c  Code  Gb  stm32f7xx_hal_sdram.o [1]
HAL_SPI_ErrorCallback   0x08019db9     0x2  Code  Wk  stm32f7xx_hal_spi.o [1]
HAL_SPI_Init            0x0801997d    0xd8  Code  Gb  stm32f7xx_hal_spi.o [1]
HAL_SPI_MspInit         0x080179c9   0x5ca  Code  Gb  waverecorder.o [1]
HAL_SPI_Receive_DMA     0x08019a55   0x14c  Code  Gb  stm32f7xx_hal_spi.o [1]
HAL_SPI_RxCpltCallback  0x08017ff5    0x30  Code  Gb  waverecorder.o [1]
HAL_SPI_RxHalfCpltCallback
                        0x08019db5     0x2  Code  Wk  stm32f7xx_hal_spi.o [1]
HAL_SPI_TransmitReceive_DMA
                        0x08019ba1   0x212  Code  Gb  stm32f7xx_hal_spi.o [1]
HAL_SPI_TxRxCpltCallback
                        0x08019db3     0x2  Code  Wk  stm32f7xx_hal_spi.o [1]
HAL_SPI_TxRxHalfCpltCallback
                        0x08019db7     0x2  Code  Wk  stm32f7xx_hal_spi.o [1]
HAL_SYSTICK_Config      0x0801a4a7     0xc  Code  Gb  stm32f7xx_hal_cortex.o [1]
HAL_UART_ErrorCallback  0x0802636b     0x2  Code  Wk  stm32f7xx_hal_uart.o [1]
HAL_UART_IRQHandler     0x08026191    0xf8  Code  Gb  stm32f7xx_hal_uart.o [1]
HAL_UART_RxCpltCallback
                        0x08026369     0x2  Code  Wk  stm32f7xx_hal_uart.o [1]
HAL_UART_TxCpltCallback
                        0x08026367     0x2  Code  Wk  stm32f7xx_hal_uart.o [1]
HEAP$$Base              0x2002c788           --   Gb  - Linker created -
HEAP$$Limit             0x2002e788           --   Gb  - Linker created -
HardFault_Handler       0x08026667     0x2  Code  Gb  stm32f7xx_it.o [1]
I2C1_EV_IRQHandler      0x080266a7     0xa  Code  Gb  stm32f7xx_it.o [1]
I2C2_EV_IRQHandler      0x080266b1     0xa  Code  Gb  stm32f7xx_it.o [1]
I2C_IsAcknowledgeFailed
                        0x0801e4bf    0x9e  Code  Lc  stm32f7xx_hal_i2c.o [1]
I2C_MasterReceive_ISR   0x0801e0c5   0x152  Code  Lc  stm32f7xx_hal_i2c.o [1]
I2C_MasterTransmit_ISR  0x0801df71   0x152  Code  Lc  stm32f7xx_hal_i2c.o [1]
I2C_SlaveReceive_ISR    0x0801e2d9    0xae  Code  Lc  stm32f7xx_hal_i2c.o [1]
I2C_SlaveTransmit_ISR   0x0801e217    0xc2  Code  Lc  stm32f7xx_hal_i2c.o [1]
I2C_TransferConfig      0x0801e55d    0x2a  Code  Lc  stm32f7xx_hal_i2c.o [1]
I2C_WaitOnFlagUntilTimeout
                        0x0801e38d    0x8e  Code  Lc  stm32f7xx_hal_i2c.o [1]
I2C_WaitOnSTOPFlagUntilTimeout
                        0x0801e46f    0x50  Code  Lc  stm32f7xx_hal_i2c.o [1]
I2C_WaitOnTXISFlagUntilTimeout
                        0x0801e41b    0x54  Code  Lc  stm32f7xx_hal_i2c.o [1]
I2S1_Init               0x080176a7    0x5e  Code  Lc  waverecorder.o [1]
I2S2_Init               0x08017705    0x5e  Code  Lc  waverecorder.o [1]
I2S2_idxTmp             0x2002a738     0x2  Data  Gb  main.o [1]
I2S2_stLR               0x2002a782     0x1  Data  Gb  waverecorder.o [1]
I2S2_stLROld            0x2002a783     0x1  Data  Gb  waverecorder.o [1]
I2S3_Init               0x0801c75f    0x68  Code  Gb  waveplayer _CS43L22.o [1]
I2S_GetClockFreq        0x0801a2f7    0x66  Code  Lc  stm32f7xx_hal_i2s.o [1]
IsocInBuffDummy         0x20029d8c   0x180  Data  Lc  usbd_audio_in.o [1]
LowPassIIR              0x0801a4d9    0x5c  Code  Gb  DSP.o [1]
MIC1TO8_Init            0x08017657    0x1c  Code  Gb  waverecorder.o [1]
MIC7Rec                 0x08018577    0x38  Code  Gb  waverecorder.o [1]
MIC8Rec                 0x080185b9    0x38  Code  Gb  waverecorder.o [1]
MX_I2C1_Init            0x0801f581    0x48  Code  Gb  audio_codec.o [1]
MX_I2C2_Init            0x0801926b    0x50  Code  Gb  main.o [1]
MemManage_Handler       0x08026669     0x2  Code  Gb  stm32f7xx_it.o [1]
NMI_Handler             0x08026665     0x2  Code  Gb  stm32f7xx_it.o [1]
NVIC_DisableIRQ         0x0801a3b1    0x14  Code  Lc  stm32f7xx_hal_cortex.o [1]
NVIC_EnableIRQ          0x0801a39d    0x14  Code  Lc  stm32f7xx_hal_cortex.o [1]
NVIC_EncodePriority     0x0801a3eb    0x3e  Code  Lc  stm32f7xx_hal_cortex.o [1]
NVIC_GetPriorityGrouping
                        0x0801a393     0xa  Code  Lc  stm32f7xx_hal_cortex.o [1]
NVIC_SetPriority        0x0801a3c5    0x26  Code  Lc  stm32f7xx_hal_cortex.o [1]
NVIC_SetPriority        0x08020d9d    0x26  Code  Lc  usbd_conf_f4.o [1]
NVIC_SetPriorityGrouping
                        0x0801a375    0x1e  Code  Lc  stm32f7xx_hal_cortex.o [1]
NoiseBG                 0x08025990   0x800  Data  Gb  DSP.o [1]
OTG_FS_IRQHandler       0x080266bb     0xa  Code  Gb  stm32f7xx_it.o [1]
OutputDev               0x2002a775     0x1  Data  Gb  audio_codec.o [1]
PCD_WriteEmptyTxFifo    0x080241ff    0xc4  Code  Lc  stm32f7xx_hal_pcd.o [1]
PCM_Buffer1             0xc00181e0  0x4000  Data  Gb  audio_application.o [1]
PCM_Buffer2             0xc001c1e0  0x4000  Data  Gb  audio_application.o [1]
PDM2PCMSDO78            0x08018069   0x50e  Code  Gb  waverecorder.o [1]
PDM_Filter_64_LSB       0x0801962d   0x31e  Code  Gb  pdm_filter.o [5]
PDM_Filter_Init         0x0801942d   0x1fe  Code  Gb  pdm_filter.o [5]
PendSV_Handler          0x08026673     0x2  Code  Gb  stm32f7xx_it.o [1]
Region$$Table$$Base     0x08026804           --   Gb  - Linker created -
Region$$Table$$Limit    0x08026830           --   Gb  - Linker created -
S                       0x2002a694    0x18  Data  Gb  main.o [1]
SCB_EnableDCache        0x080188fb    0x64  Code  Lc  main.o [1]
SCB_EnableICache        0x080188d1    0x2a  Code  Lc  main.o [1]
SPI1_IRQHandler         0x08016f7d   0x18c  Code  Gb  waverecorder.o [1]
SPI2_IRQHandler         0x08017109   0x190  Code  Gb  waverecorder.o [1]
SPI3_IRQHandler         0x0801eedd     0xa  Code  Gb  audio_codec.o [1]
SPI4_IRQHandler         0x08017299   0x206  Code  Gb  waverecorder.o [1]
SPI4_Init               0x08017763    0x7e  Code  Gb  waverecorder.o [1]
SPI4_stNipple           0x2002a76e     0x2  Data  Gb  waverecorder.o [1]
SPI4_stPosShft          0x2002a781     0x1  Data  Gb  waverecorder.o [1]
SPI5_IRQHandler         0x0801749f    0xe2  Code  Gb  waverecorder.o [1]
SPI5_Init               0x080177e1    0xfa  Code  Gb  waverecorder.o [1]
SPI6_IRQHandler         0x08017581    0xd6  Code  Gb  waverecorder.o [1]
SPI6_Init               0x080178db    0x7c  Code  Gb  waverecorder.o [1]
SPI_DMAError            0x08019f91    0x28  Code  Lc  stm32f7xx_hal_spi.o [1]
SPI_DMAHalfReceiveCplt  0x08019f71     0xe  Code  Lc  stm32f7xx_hal_spi.o [1]
SPI_DMAHalfTransmitReceiveCplt
                        0x08019f81     0xe  Code  Lc  stm32f7xx_hal_spi.o [1]
SPI_DMAReceiveCplt      0x08019dbd    0xe4  Code  Lc  stm32f7xx_hal_spi.o [1]
SPI_DMATransmitReceiveCplt
                        0x08019ea1    0xd0  Code  Lc  stm32f7xx_hal_spi.o [1]
SPI_EndRxTransaction    0x0801a105    0x68  Code  Lc  stm32f7xx_hal_spi.o [1]
SPI_EndRxTxTransaction  0x0801a16d    0x62  Code  Lc  stm32f7xx_hal_spi.o [1]
SPI_I2S_ReceiveData     0x08017fd1     0x6  Code  Lc  waverecorder.o [1]
SPI_WaitFifoStateUntilTimeout
                        0x0801a053    0xb2  Code  Lc  stm32f7xx_hal_spi.o [1]
SPI_WaitFlagStateUntilTimeout
                        0x08019fb9    0x9a  Code  Lc  stm32f7xx_hal_spi.o [1]
STA321MP_DefautLoad     0x0801c6df    0x2c  Code  Lc  sta321mp.o [1]
STA321MP_Ini            0x0801bdc1   0x2c0  Code  Gb  sta321mp.o [1]
STACoefSet              0x0801c0dd   0x332  Code  Gb  sta321mp.o [1]
SUB_S16                 0x08020381    0x5c  Code  Gb  DSP.o [1]
SVC_Handler             0x0802666f     0x2  Code  Gb  stm32f7xx_it.o [1]
Send_Audio_to_USB       0x08020cd3    0x14  Code  Gb  usbd_audio_if.o [1]
SetCoefValue            0x0801c4bd    0x6a  Code  Gb  sta321mp.o [1]
StartPlay               0x080192cb     0xe  Code  Gb  main.o [1]
StartRecMic7_8          0x08017673    0x34  Code  Gb  waverecorder.o [1]
SubFrameFinished        0x08019425     0x8  Code  Gb  main.o [1]
SumDelay                0x080190f5   0x128  Code  Gb  main.o [1]
SysTick_Config          0x0801a429    0x30  Code  Lc  stm32f7xx_hal_cortex.o [1]
SysTick_Handler         0x08026675    0x26  Code  Gb  stm32f7xx_it.o [1]
SystemClock_Config      0x08018e35    0xb0  Code  Lc  main.o [1]
SystemCoreClock         0x20010418     0x4  Data  Gb  system_stm32f7xx.o [1]
SystemInit              0x080266e1    0x4c  Code  Gb  system_stm32f7xx.o [1]
T0                      0x20010004   0x100  Data  Gb  pdm_filter.o [5]
T1                      0x20010104   0x100  Data  Gb  pdm_filter.o [5]
T2                      0x20010204   0x100  Data  Gb  pdm_filter.o [5]
TestSDO7                0x2001f440  0x2000  Data  Gb  waverecorder.o [1]
TestSDO7_1              0x20023440  0x2000  Data  Gb  waverecorder.o [1]
TestSDO8                0x20021440  0x2000  Data  Gb  waverecorder.o [1]
TestSDO8_1              0x20025440  0x2000  Data  Gb  waverecorder.o [1]
Timing                  0x2002a660    0x1c  Data  Lc  stm32746g_discovery_sdram.o [1]
UART_EndTransmit_IT     0x08026419    0x3c  Code  Lc  stm32f7xx_hal_uart.o [1]
UART_Receive_IT         0x08026455    0xa6  Code  Lc  stm32f7xx_hal_uart.o [1]
UART_Transmit_IT        0x0802636d    0xac  Code  Lc  stm32f7xx_hal_uart.o [1]
UART_WaitOnFlagUntilTimeout
                        0x08026289    0xde  Code  Gb  stm32f7xx_hal_uart.o [1]
USART3_IRQHandler       0x0802669d     0xa  Code  Gb  stm32f7xx_it.o [1]
USART6_IRQHandler       0x0802669b     0x2  Code  Gb  stm32f7xx_it.o [1]
USBD_AUDIO              0x20010354    0x38  Data  Gb  usbd_audio_in.o [1]
USBD_AUDIO_CfgDesc      0x2002a0d4    0x78  Data  Lc  usbd_audio_in.o [1]
USBD_AUDIO_ConfigStrDescriptor
                        0x08026571    0x26  Code  Gb  usbd_desc.o [1]
USBD_AUDIO_DataIn       0x0801b145   0x122  Code  Lc  usbd_audio_in.o [1]
USBD_AUDIO_DataOut      0x0801b2c3     0x6  Code  Lc  usbd_audio_in.o [1]
USBD_AUDIO_Data_Transfer
                        0x0801b39f   0x186  Code  Gb  usbd_audio_in.o [1]
USBD_AUDIO_DeInit       0x0801b02f    0x2c  Code  Lc  usbd_audio_in.o [1]
USBD_AUDIO_DeviceDescriptor
                        0x080264fd     0xa  Code  Gb  usbd_desc.o [1]
USBD_AUDIO_DeviceQualifierDesc
                        0x20010404     0xc  Data  Lc  usbd_audio_in.o [1]
USBD_AUDIO_EP0_RxReady  0x0801b267    0x44  Code  Lc  usbd_audio_in.o [1]
USBD_AUDIO_EP0_TxReady  0x0801b2ab     0x6  Code  Lc  usbd_audio_in.o [1]
USBD_AUDIO_GetCfgDesc   0x0801b139     0xc  Code  Lc  usbd_audio_in.o [1]
USBD_AUDIO_GetDeviceQualifierDesc
                        0x0801b2c9     0xc  Code  Lc  usbd_audio_in.o [1]
USBD_AUDIO_Init         0x0801afb1    0x7e  Code  Lc  usbd_audio_in.o [1]
USBD_AUDIO_Init_Microphone_Descriptor
                        0x0801b533   0x52e  Code  Gb  usbd_audio_in.o [1]
USBD_AUDIO_InterfaceStrDescriptor
                        0x08026597    0x26  Code  Gb  usbd_desc.o [1]
USBD_AUDIO_IsoINIncomplete
                        0x0801b2b7     0x6  Code  Lc  usbd_audio_in.o [1]
USBD_AUDIO_IsoOutIncomplete
                        0x0801b2bd     0x6  Code  Lc  usbd_audio_in.o [1]
USBD_AUDIO_LangIDStrDescriptor
                        0x08026507     0xa  Code  Gb  usbd_desc.o [1]
USBD_AUDIO_ManufacturerStrDescriptor
                        0x08026537    0x14  Code  Gb  usbd_desc.o [1]
USBD_AUDIO_ProductStrDescriptor
                        0x08026511    0x26  Code  Gb  usbd_desc.o [1]
USBD_AUDIO_RegisterInterface
                        0x0801b525     0xe  Code  Gb  usbd_audio_in.o [1]
USBD_AUDIO_SOF          0x0801b2b1     0x6  Code  Lc  usbd_audio_in.o [1]
USBD_AUDIO_SerialStrDescriptor
                        0x0802654b    0x26  Code  Gb  usbd_desc.o [1]
USBD_AUDIO_Setup        0x0801b05b    0xde  Code  Lc  usbd_audio_in.o [1]
USBD_AUDIO_fops         0x200103b0    0x24  Data  Gb  usbd_audio_if.o [1]
USBD_ClrClassConfig     0x0801bb0b    0x18  Code  Gb  usbd_core.o [1]
USBD_ClrFeature         0x08021677    0x3a  Code  Lc  usbd_ctlreq.o [1]
USBD_CtlContinueRx      0x080217b9    0x1a  Code  Gb  usbd_ioreq.o [1]
USBD_CtlContinueSendData
                        0x08021773    0x1a  Code  Gb  usbd_ioreq.o [1]
USBD_CtlError           0x080216d9    0x18  Code  Gb  usbd_ctlreq.o [1]
USBD_CtlPrepareRx       0x0802178d    0x2c  Code  Gb  usbd_ioreq.o [1]
USBD_CtlReceiveStatus   0x080217ed    0x1a  Code  Gb  usbd_ioreq.o [1]
USBD_CtlSendData        0x0802174b    0x28  Code  Gb  usbd_ioreq.o [1]
USBD_CtlSendStatus      0x080217d3    0x1a  Code  Gb  usbd_ioreq.o [1]
USBD_GetConfig          0x080215c9    0x4c  Code  Lc  usbd_ctlreq.o [1]
USBD_GetDescriptor      0x08021325   0x164  Code  Lc  usbd_ctlreq.o [1]
USBD_GetLen             0x08021737    0x14  Code  Lc  usbd_ctlreq.o [1]
USBD_GetStatus          0x08021615    0x3c  Code  Lc  usbd_ctlreq.o [1]
USBD_GetString          0x080216f1    0x46  Code  Gb  usbd_ctlreq.o [1]
USBD_Init               0x0801ba79    0x38  Code  Gb  usbd_core.o [1]
USBD_LL_ClearStallEP    0x08021051    0x16  Code  Gb  usbd_conf_f4.o [1]
USBD_LL_CloseEP         0x0802100f    0x16  Code  Gb  usbd_conf_f4.o [1]
USBD_LL_DataInStage     0x0801bc1b    0xe2  Code  Gb  usbd_core.o [1]
USBD_LL_DataOutStage    0x0801bb8d    0x8e  Code  Gb  usbd_core.o [1]
USBD_LL_DevConnected    0x0801bd9d     0x6  Code  Gb  usbd_core.o [1]
USBD_LL_DevDisconnected
                        0x0801bda3    0x1c  Code  Gb  usbd_core.o [1]
USBD_LL_FlushEP         0x08021025    0x16  Code  Gb  usbd_conf_f4.o [1]
USBD_LL_Init            0x08020f41    0x7e  Code  Gb  usbd_conf_f4.o [1]
USBD_LL_IsStallEP       0x08021067    0x30  Code  Gb  usbd_conf_f4.o [1]
USBD_LL_IsoINIncomplete
                        0x0801bd91     0x6  Code  Gb  usbd_core.o [1]
USBD_LL_IsoOUTIncomplete
                        0x0801bd97     0x6  Code  Gb  usbd_core.o [1]
USBD_LL_OpenEP          0x08020fed    0x22  Code  Gb  usbd_conf_f4.o [1]
USBD_LL_PrepareReceive  0x080210cd    0x20  Code  Gb  usbd_conf_f4.o [1]
USBD_LL_Reset           0x0801bcfd    0x46  Code  Gb  usbd_core.o [1]
USBD_LL_Resume          0x0801bd5f     0xe  Code  Gb  usbd_core.o [1]
USBD_LL_SOF             0x0801bd6d    0x24  Code  Gb  usbd_core.o [1]
USBD_LL_SetSpeed        0x0801bd43     0x8  Code  Gb  usbd_core.o [1]
USBD_LL_SetUSBAddress   0x08021097    0x16  Code  Gb  usbd_conf_f4.o [1]
USBD_LL_SetupStage      0x0801bb23    0x6a  Code  Gb  usbd_core.o [1]
USBD_LL_StallEP         0x0802103b    0x16  Code  Gb  usbd_conf_f4.o [1]
USBD_LL_Start           0x08020fdd    0x10  Code  Gb  usbd_conf_f4.o [1]
USBD_LL_Suspend         0x0801bd4b    0x14  Code  Gb  usbd_core.o [1]
USBD_LL_Transmit        0x080210ad    0x20  Code  Gb  usbd_conf_f4.o [1]
USBD_LangIDDesc         0x2001041c     0x4  Data  Gb  usbd_desc.o [1]
USBD_ParseSetupRequest  0x080216b1    0x28  Code  Gb  usbd_ctlreq.o [1]
USBD_RegisterClass      0x0801bab1    0x1a  Code  Gb  usbd_core.o [1]
USBD_RunTestMode        0x0801bad9     0x6  Code  Gb  usbd_core.o [1]
USBD_SetAddress         0x08021489    0x60  Code  Lc  usbd_ctlreq.o [1]
USBD_SetClassConfig     0x0801badf    0x2c  Code  Gb  usbd_core.o [1]
USBD_SetConfig          0x080214e9    0xda  Code  Lc  usbd_ctlreq.o [1]
USBD_SetFeature         0x08021651    0x26  Code  Lc  usbd_ctlreq.o [1]
USBD_Start              0x0801bacb     0xe  Code  Gb  usbd_core.o [1]
USBD_StdDevReq          0x080210ed    0x7c  Code  Gb  usbd_ctlreq.o [1]
USBD_StdEPReq           0x080211b5   0x170  Code  Gb  usbd_ctlreq.o [1]
USBD_StdItfReq          0x08021169    0x4c  Code  Gb  usbd_ctlreq.o [1]
USBD_StrDesc            0x20029f0c    0xc8  Data  Gb  usbd_desc.o [1]
USB_ActivateEndpoint    0x08024f1d    0xc4  Code  Gb  stm32f7xx_ll_usb.o [1]
USB_ActivateSetup       0x0802585f    0x44  Code  Gb  stm32f7xx_ll_usb.o [1]
USB_CoreInit            0x08024bf5    0x6e  Code  Gb  stm32f7xx_ll_usb.o [1]
USB_CoreReset           0x080258fb    0x38  Code  Lc  stm32f7xx_ll_usb.o [1]
USB_DeactivateEndpoint  0x08024fe1    0xaa  Code  Gb  stm32f7xx_ll_usb.o [1]
USB_DevConnect          0x08025793    0x1e  Code  Gb  stm32f7xx_ll_usb.o [1]
USB_DevDisconnect       0x080257b1    0x1e  Code  Gb  stm32f7xx_ll_usb.o [1]
USB_DevInit             0x08024cb5   0x1c0  Code  Gb  stm32f7xx_ll_usb.o [1]
USB_DisableGlobalInt    0x08024c71     0xe  Code  Gb  stm32f7xx_ll_usb.o [1]
USB_EP0StartXfer        0x080253d5   0x1ec  Code  Gb  stm32f7xx_ll_usb.o [1]
USB_EP0_OutStart        0x080258a3    0x58  Code  Gb  stm32f7xx_ll_usb.o [1]
USB_EPClearStall        0x080256d1    0x96  Code  Gb  stm32f7xx_ll_usb.o [1]
USB_EPSetStall          0x08025633    0x9e  Code  Gb  stm32f7xx_ll_usb.o [1]
USB_EPStartXfer         0x0802508b   0x342  Code  Gb  stm32f7xx_ll_usb.o [1]
USB_EnableGlobalInt     0x08024c63     0xe  Code  Gb  stm32f7xx_ll_usb.o [1]
USB_FlushRxFifo         0x08024e99    0x20  Code  Gb  stm32f7xx_ll_usb.o [1]
USB_FlushTxFifo         0x08024e75    0x24  Code  Gb  stm32f7xx_ll_usb.o [1]
USB_GetDevSpeed         0x08024ecf    0x4e  Code  Gb  stm32f7xx_ll_usb.o [1]
USB_GetMode             0x08025857     0x8  Code  Gb  stm32f7xx_ll_usb.o [1]
USB_ReadDevAllInEpInterrupt
                        0x080257f3    0x16  Code  Gb  stm32f7xx_ll_usb.o [1]
USB_ReadDevAllOutEpInterrupt
                        0x080257dd    0x16  Code  Gb  stm32f7xx_ll_usb.o [1]
USB_ReadDevInEPInterrupt
                        0x08025823    0x34  Code  Gb  stm32f7xx_ll_usb.o [1]
USB_ReadDevOutEPInterrupt
                        0x08025809    0x1a  Code  Gb  stm32f7xx_ll_usb.o [1]
USB_ReadInterrupts      0x080257cf     0xe  Code  Gb  stm32f7xx_ll_usb.o [1]
USB_ReadPacket          0x08025607    0x2c  Code  Gb  stm32f7xx_ll_usb.o [1]
USB_SetCurrentMode      0x08024c7f    0x36  Code  Gb  stm32f7xx_ll_usb.o [1]
USB_SetDevAddress       0x08025767    0x2c  Code  Gb  stm32f7xx_ll_usb.o [1]
USB_SetDevSpeed         0x08024eb9    0x16  Code  Gb  stm32f7xx_ll_usb.o [1]
USB_WritePacket         0x080255c1    0x46  Code  Gb  stm32f7xx_ll_usb.o [1]
UsageFault_Handler      0x0802666d     0x2  Code  Gb  stm32f7xx_it.o [1]
VOL_CUR                 0x2002a752     0x2  Data  Lc  usbd_audio_in.o [1]
Volume                  0x20010424     0x1  Data  Gb  audio_codec.o [1]
WavePlayerInit          0x0801c749    0x12  Code  Gb  waveplayer _CS43L22.o [1]
WaveRec_idxSens1        0x2002a73a     0x2  Data  Gb  main.o [1]
WaveRec_idxSens2        0x2002a73c     0x2  Data  Gb  main.o [1]
WaveRec_idxSens3        0x2002a736     0x2  Data  Gb  main.o [1]
WaveRec_idxSens4        0x2002a734     0x2  Data  Gb  main.o [1]
WaveRec_idxSens5        0x2002a73e     0x2  Data  Gb  main.o [1]
WaveRec_idxSens6        0x2002a740     0x2  Data  Gb  main.o [1]
WaveRec_idxTest         0x2002a758     0x2  Data  Gb  waverecorder.o [1]
WaveRecord_flgIni       0x2002a77c     0x1  Data  Gb  waverecorder.o [1]
WaveRecord_flgSDO7Finish
                        0x2002a77f     0x1  Data  Gb  waverecorder.o [1]
WaveRecord_flgSDO8Finish
                        0x2002a780     0x1  Data  Gb  waverecorder.o [1]
Window                  0x0801a535    0x82  Code  Gb  DSP.o [1]
WriteCoef               0x0801c40f    0xae  Code  Gb  sta321mp.o [1]
WriteSTAByte            0x0801c081    0x5c  Code  Gb  sta321mp.o [1]
__aeabi_cdcmpeq         0x0802440d          Code  Gb  DblCmpEq.o [6]
__aeabi_cdcmple         0x08022de5          Code  Gb  DblCmpLe.o [6]
__aeabi_cdrcmple        0x08022e15          Code  Gb  DblCmpGe.o [6]
__aeabi_cfcmpeq         0x0801f61d          Code  Gb  FltCmpEq.o [6]
__aeabi_cfcmple         0x0801f649          Code  Gb  FltCmpLe.o [6]
__aeabi_d2f             0x0801fc31          Code  Gb  DblToFlt.o [6]
__aeabi_d2iz            0x0801fa41          Code  Gb  DblToI32.o [6]
__aeabi_dadd            0x0801f959          Code  Gb  DblAdd.o [6]
__aeabi_ddiv            0x0801f701          Code  Gb  DblDiv.o [6]
__aeabi_dmul            0x0801fa8d          Code  Gb  DblMul.o [6]
__aeabi_dsub            0x08020111          Code  Gb  DblSub.o [6]
__aeabi_errno_addr      0x08022e45     0x6  Code  Gb  errno.o [3]
__aeabi_f2d             0x0801f681          Code  Gb  FltToDbl.o [6]
__aeabi_fmul            0x0801f66d    0x12  Code  Gb  FltMul.o [6]
__aeabi_i2d             0x0801f6d1          Code  Gb  I32ToDbl.o [6]
__aeabi_ldiv0           0x08022fc5          Code  Gb  I64DivZer.o [7]
__aeabi_ldivmod         0x0802044d          Code  Gb  I64DivMod.o [7]
__aeabi_memset          0x08021809          Code  Gb  ABImemset.o [7]
__aeabi_ui2d            0x0801f6e5          Code  Gb  I32ToDbl.o [6]
__aeabi_ui2f            0x0801f639     0xe  Code  Gb  U32ToFlt.o [6]
__aeabi_uldivmod        0x08020491          Code  Gb  I64DivMod.o [7]
__cmain                 0x0802684d          Code  Gb  cmain.o [7]
__data_GetMemChunk      0x08024365    0x2c  Code  Gb  xgetmemchunk.o [3]
__exit                  0x08025945    0x14  Code  Gb  exit.o [8]
__iar_Dint              0x08024393    0x7a  Code  Gb  xdint.o [6]
__iar_Errno             0x20010420     0x4  Data  Gb  errno.o [3]
__iar_Memset            0x08021809          Code  Gb  ABImemset.o [7]
__iar_Memset_word       0x08021811          Code  Gb  ABImemset.o [7]
__iar_Quad              0x08022e51   0x12c  Code  Gb  xquad.o [6]
__iar_Sin               0x0801fcc1   0x3b2  Code  Gb  xsin.o [6]
__iar_close_ttio        0x08025959    0x2e  Code  Gb  iarttio.o [8]
__iar_copy_init3        0x0802678d    0x2c  Code  Gb  copy_init3.o [7]
__iar_d2uiz             0x0801fa6d          Code  Gb  DblToI32.o [6]
__iar_dadd              0x0801f96d          Code  Gb  DblAdd.o [6]
__iar_data_init3        0x080267b9    0x28  Code  Gb  data_init.o [7]
__iar_dlfree            0x08022847   0x510  Code  Gb  dlmalloc.o [3]
__iar_dlib_perthread_access
                        0x08024391     0x2  Code  Gb  xtls.o [3]
__iar_dlmalloc          0x08022591   0x2aa  Code  Gb  dlmalloc.o [3]
__iar_dsub              0x08020125          Code  Gb  DblSub.o [6]
__iar_dsubStart         0x08020137          Code  Gb  DblSub.o [6]
__iar_edom              0x08022fb9          Code  Gb  iarEdom.o [7]
__iar_floor             0x08020b99          Code  Gb  floor.o [6]
__iar_floorl            0x08020b99          Code  Gb  floor.o [6]
__iar_fmod              0x0802442d          Code  Gb  fmod.o [6]
__iar_fmodl             0x0802442d          Code  Gb  fmod.o [6]
__iar_init_vfp          0x080267e1          Code  Gb  fpinit_M.o [6]
__iar_lookup_ttioh      0x08025989     0x8  Code  Gb  XShttio.o [3]
__iar_program_start     0x080268e9          Code  Gb  cstartup_M.o [7]
__iar_sqrt              0x08020291          Code  Gb  sqrt.o [6]
__iar_ttio_handles      0x20010410     0x8  Data  Lc  XShttio.o [3]
__iar_ui2d              0x0801f6e9          Code  Gb  I32ToDbl.o [6]
__iar_unaligned___aeabi_memcpy
                        0x08020bf9          Code  Gb  ABImemcpy_unaligned.o [7]
__iar_unaligned___aeabi_memcpy4
                        0x08020c19          Code  Gb  ABImemcpy_unaligned.o [7]
__iar_unaligned___aeabi_memcpy8
                        0x08020c19          Code  Gb  ABImemcpy_unaligned.o [7]
__iar_vfp_cos           0x08020439    0x12  Code  Gb  cos.o [6]
__iar_vfp_floor         0x08020b89          Code  Gb  floor.o [6]
__iar_vfp_floorl        0x08020b89          Code  Gb  floor.o [6]
__iar_zero_init3        0x0802674d    0x40  Code  Gb  zero_init3.o [7]
__low_level_init        0x08026867     0x4  Code  Gb  low_level_init.o [3]
__vector_table          0x08000000          Data  Gb  startup_stm32f746xx.o [1]
_call_main              0x08026859          Code  Gb  cmain.o [7]
_exit                   0x08026871          Code  Gb  cexit.o [7]
_gm_                    0x20029bb4   0x1d8  Data  Lc  dlmalloc.o [3]
_main                   0x08026863          Code  Gb  cmain.o [7]
abort                   0x0802435d     0x6  Code  Gb  abort.o [3]
abs                     0x080236c5     0x8  Code  Gb  abs.o [3]
armBitRevIndexTable1024
                        0x08008ad0   0xe10  Data  Gb  arm_common_tables.o [4]
armBitRevIndexTable128  0x08008240   0x1a0  Data  Gb  arm_common_tables.o [4]
armBitRevIndexTable16   0x08008148    0x28  Data  Gb  arm_common_tables.o [4]
armBitRevIndexTable2048
                        0x080098e0  0x1dc0  Data  Gb  arm_common_tables.o [4]
armBitRevIndexTable256  0x080083e0   0x370  Data  Gb  arm_common_tables.o [4]
armBitRevIndexTable32   0x08008170    0x60  Data  Gb  arm_common_tables.o [4]
armBitRevIndexTable512  0x08008750   0x380  Data  Gb  arm_common_tables.o [4]
armBitRevIndexTable64   0x080081d0    0x70  Data  Gb  arm_common_tables.o [4]
arm_bitreversal_16      0x08024b9f          Code  Gb  arm_bitreversal2.o [4]
arm_bitreversal_32      0x08024b35          Code  Gb  arm_bitreversal2.o [4]
arm_cfft_f32            0x08023541   0x184  Code  Gb  arm_cfft_f32.o [4]
arm_cfft_radix8by2_f32  0x08022fc9   0x168  Code  Gb  arm_cfft_f32.o [4]
arm_cfft_radix8by4_f32  0x08023131   0x40e  Code  Gb  arm_cfft_f32.o [4]
arm_cmplx_conj_f32      0x08020709   0x130  Code  Gb  arm_cmplx_conj_f32.o [4]
arm_cmplx_mag_f32       0x08020991   0x15a  Code  Gb  arm_cmplx_mag_f32.o [4]
arm_cmplx_mult_cmplx_f32
                        0x08020839   0x156  Code  Gb  arm_cmplx_mult_cmplx_f32.o [4]
arm_max_f32             0x08020aed    0x9c  Code  Gb  arm_max_f32.o [4]
arm_radix8_butterfly_f32
                        0x080245d5   0x560  Code  Gb  arm_cfft_radix8_f32.o [4]
arm_rfft_fast_f32       0x080206c5    0x44  Code  Gb  arm_rfft_fast_f32.o [4]
arm_rfft_fast_init_f32  0x0801d975   0x144  Code  Gb  arm_rfft_fast_init_f32.o [4]
btnSW1                  0x2002a776     0x1  Data  Gb  main.o [1]
btnSW2                  0x2002a777     0x1  Data  Gb  main.o [1]
bufCoefBiquad           0x2002a6ec    0x10  Data  Gb  sta321mp.o [1]
bufPCMSens7             0x2002a728     0x4  Data  Gb  waverecorder.o [1]
bufPCMSens8             0x2002a72c     0x4  Data  Gb  waverecorder.o [1]
bufferSum               0x2001042c  0x3014  Data  Gb  main.o [1]
buffer_switch           0x20010425     0x1  Data  Gb  main.o [1]
cntBtnPress             0x2002a779     0x1  Data  Gb  main.o [1]
cntOS                   0x2002a724     0x4  Data  Gb  stm32f7xx_it.o [1]
cntPos                  0x2002a75c     0x2  Data  Gb  waverecorder.o [1]
cntPos7                 0x2002a75e     0x2  Data  Gb  waverecorder.o [1]
cntRisingEXTI           0x2002a744     0x2  Data  Gb  main.o [1]
cntStrt                 0x2002a760     0x2  Data  Gb  waverecorder.o [1]
cntTime200              0x2002a74e     0x2  Data  Gb  main.o [1]
exit                    0x0802686b     0x4  Code  Gb  exit.o [3]
fbuffer                 0x20027440  0x1190  Data  Gb  DSP.o [1]
fir256Coff              0x200285d0  0x1000  Data  Gb  main.o [1]
flg10ms                 0x2002a77a     0x1  Data  Gb  main.o [1]
flgDlyUpd               0x2002a778     0x1  Data  Gb  main.o [1]
floor                   0x08020b99          Code  Gb  floor.o [6]
floorl                  0x08020b99          Code  Gb  floor.o [6]
fmod                    0x0802442d          Code  Gb  fmod.o [6]
fmodl                   0x0802442d          Code  Gb  fmod.o [6]
hUSBDDevice             0x20029990   0x224  Data  Gb  main.o [1]
hUSBDDeviceDesc         0x200103f0    0x14  Data  Gb  usbd_desc.o [1]
haudioInstance          0x2002a288    0x64  Data  Lc  usbd_audio_in.o [1]
hdma_spi5_rx            0x2002a454    0x50  Data  Gb  waverecorder.o [1]
hdma_spi6_rx            0x2002a4a4    0x50  Data  Gb  waverecorder.o [1]
hi2c1                   0x2002a5b4    0x3c  Data  Gb  audio_codec.o [1]
hi2c2                   0x2002a5f0    0x3c  Data  Gb  audio_codec.o [1]
hi2s1                   0x2002a534    0x40  Data  Gb  waverecorder.o [1]
hi2s2                   0x2002a574    0x40  Data  Gb  waverecorder.o [1]
hi2s3                   0x2002a4f4    0x40  Data  Gb  waveplayer _CS43L22.o [1]
hpcd                    0x200295d0   0x3c0  Data  Gb  usbd_conf_f4.o [1]
hspi4                   0x2002a224    0x64  Data  Gb  main.o [1]
hspi5                   0x2002a2ec    0x64  Data  Gb  waverecorder.o [1]
hspi6                   0x2002a350    0x64  Data  Gb  waverecorder.o [1]
huart3                  0x2002a14c    0x70  Data  Gb  main.o [1]
idxFrmPDMMic8           0x2002a75a     0x2  Data  Gb  waverecorder.o [1]
idxLatency14            0x2002a746     0x2  Data  Gb  main.o [1]
idxLatency25            0x2002a748     0x2  Data  Gb  main.o [1]
idxLatency63            0x2002a74a     0x2  Data  Gb  main.o [1]
idxLatency78            0x2002a74c     0x2  Data  Gb  main.o [1]
idxMic7                 0x2002a756     0x2  Data  Gb  waverecorder.o [1]
idxMic8                 0x2002a754     0x2  Data  Gb  waverecorder.o [1]
idxSPI5DataBuf3         0x2002a742     0x2  Data  Gb  main.o [1]
init_mparams            0x0802188b    0x32  Code  Lc  dlmalloc.o [3]
init_top                0x080218bd    0x34  Code  Lc  dlmalloc.o [3]
main                    0x08018bb1   0x284  Code  Gb  main.o [1]
merge_rfft_f32          0x08020629    0x9c  Code  Gb  arm_rfft_fast_f32.o [4]
mparams                 0x2002a6ac    0x18  Data  Lc  dlmalloc.o [3]
pDataMic7               0x2002a054    0x80  Data  Gb  waverecorder.o [1]
pDataMic8               0x20029fd4    0x80  Data  Gb  waverecorder.o [1]
pcSTAComnd              0x20010304    0x50  Data  Gb  sta321mp.o [1]
pcSTAComnd1             0x2002a750     0x2  Data  Gb  sta321mp.o [1]
pcSTAComnd2             0x2001038c    0x24  Data  Gb  sta321mp.o [1]
prepend_alloc           0x080218f1   0x36c  Code  Lc  dlmalloc.o [3]
sdramHandle             0x2002a62c    0x34  Data  Lc  stm32746g_discovery_sdram.o [1]
segment_holding         0x08021871    0x1a  Code  Lc  dlmalloc.o [3]
sqrt                    0x08020291          Code  Gb  sqrt.o [6]
sqrtl                   0x08020291          Code  Gb  sqrt.o [6]
sta321mp_biquad         0x0801c57f   0x160  Code  Lc  sta321mp.o [1]
sta321mp_mixer          0x0801c527    0x2a  Code  Lc  sta321mp.o [1]
sta321mp_postscale      0x0801c569    0x16  Code  Lc  sta321mp.o [1]
sta321mp_prescale       0x0801c551    0x18  Code  Lc  sta321mp.o [1]
stage_rfft_f32          0x08020581    0xa8  Code  Gb  arm_rfft_fast_f32.o [4]
stm32_crc               0x20010000     0x4  Data  Gb  pdm_filter.o [5]
swtBufUSBOut            0x2002a774     0x1  Data  Gb  audio_application.o [1]
swtSDO7                 0x2002a77d     0x1  Data  Gb  waverecorder.o [1]
swtSDO8                 0x2002a77e     0x1  Data  Gb  waverecorder.o [1]
sys_alloc               0x08021c5d   0x386  Code  Lc  dlmalloc.o [3]
tmalloc_large           0x08021ff1   0x390  Code  Lc  dlmalloc.o [3]
tmalloc_small           0x08022381   0x210  Code  Lc  dlmalloc.o [3]
twiddleCoef_1024        0x08002148  0x2000  Data  Gb  arm_common_tables.o [4]
twiddleCoef_128         0x08000548   0x400  Data  Gb  arm_common_tables.o [4]
twiddleCoef_16          0x080001c8    0x80  Data  Gb  arm_common_tables.o [4]
twiddleCoef_2048        0x08004148  0x4000  Data  Gb  arm_common_tables.o [4]
twiddleCoef_256         0x08000948   0x800  Data  Gb  arm_common_tables.o [4]
twiddleCoef_32          0x08000248   0x100  Data  Gb  arm_common_tables.o [4]
twiddleCoef_512         0x08001148  0x1000  Data  Gb  arm_common_tables.o [4]
twiddleCoef_64          0x08000348   0x200  Data  Gb  arm_common_tables.o [4]
twiddleCoef_rfft_1024   0x0800c620  0x1000  Data  Gb  arm_common_tables.o [4]
twiddleCoef_rfft_128    0x0800b820   0x200  Data  Gb  arm_common_tables.o [4]
twiddleCoef_rfft_2048   0x0800d620  0x2000  Data  Gb  arm_common_tables.o [4]
twiddleCoef_rfft_256    0x0800ba20   0x400  Data  Gb  arm_common_tables.o [4]
twiddleCoef_rfft_32     0x0800b6a0    0x80  Data  Gb  arm_common_tables.o [4]
twiddleCoef_rfft_4096   0x0800f620  0x4000  Data  Gb  arm_common_tables.o [4]
twiddleCoef_rfft_512    0x0800be20   0x800  Data  Gb  arm_common_tables.o [4]
twiddleCoef_rfft_64     0x0800b720   0x100  Data  Gb  arm_common_tables.o [4]
uwTick                  0x2002a720     0x4  Data  Lc  stm32f7xx_hal.o [1]
vDataIn                 0x2001d440  0x2000  Data  Gb  DSP.o [1]
vDataIn1_FFT            0x20013440  0x2000  Data  Gb  DSP.o [1]
vDataIn2_FFT            0x20015440  0x2000  Data  Gb  DSP.o [1]
vDataIn2_FFT_CJ         0x20017440  0x2000  Data  Gb  DSP.o [1]
vDataIn_FFT             0x20019440  0x2000  Data  Gb  DSP.o [1]
vDataOut                0x2001b440  0x2000  Data  Gb  DSP.o [1]
vRawSens1               0x2002a762     0x2  Data  Gb  waverecorder.o [1]
vRawSens2               0x2002a764     0x2  Data  Gb  waverecorder.o [1]
vRawSens3               0x2002a768     0x2  Data  Gb  waverecorder.o [1]
vRawSens4               0x2002a766     0x2  Data  Gb  waverecorder.o [1]
vRawSens5               0x2002a76a     0x2  Data  Gb  waverecorder.o [1]
vRawSens6               0x2002a76c     0x2  Data  Gb  waverecorder.o [1]
vol_table               0x080265e0    0x84  Data  Gb  usbd_audio_if.o [1]
volume                  0x20010428     0x1  Data  Gb  waveplayer _CS43L22.o [1]


[1] = D:\sop1hc\Github\data\Mic_Array_V00\USB_STREAMING\Mic_Array\Projects\STM32746G\Applications\Audio\Mic_Array\EWARM\STM32F7\Obj
[2] = command line
[3] = dl7M_tlf.a
[4] = iar_cortexM7ls_math.a
[5] = libPDMFilter_CM7_IAR.a
[6] = m7M_tls.a
[7] = rt7M_tl.a
[8] = shb_l.a

   76 964 bytes of readonly  code memory
   82 360 bytes of readonly  data memory
  124 804 bytes of readwrite data memory (+ 131 552 absolute)

Errors: none
Warnings: none
