###############################################################################
#
# IAR ELF Linker V7.50.2.10312/W32 for ARM                31/Mar/2016  20:53:51
# Copyright 2007-2015 IAR Systems AB.
#
#    Output file  =  
#        D:\sop1hc\Github\data\Mic_Array_V00\USB_STREAMING\Mic_Array\Projects\STM32746G\Applications\Audio\Mic_Array\EWARM\STM32F7\Exe\Project.out
#    Map file     =  
#        D:\sop1hc\Github\data\Mic_Array_V00\USB_STREAMING\Mic_Array\Projects\STM32746G\Applications\Audio\Mic_Array\EWARM\STM32F7\List\Project.map
#    Command line =  
#        D:\sop1hc\Github\data\Mic_Array_V00\USB_STREAMING\Mic_Array\Projects\STM32746G\Applications\Audio\Mic_Array\EWARM\STM32F7\Obj\audio_application.o
#        D:\sop1hc\Github\data\Mic_Array_V00\USB_STREAMING\Mic_Array\Projects\STM32746G\Applications\Audio\Mic_Array\EWARM\STM32F7\Obj\audio_codec.o
#        D:\sop1hc\Github\data\Mic_Array_V00\USB_STREAMING\Mic_Array\Projects\STM32746G\Applications\Audio\Mic_Array\EWARM\STM32F7\Obj\DSP.o
#        D:\sop1hc\Github\data\Mic_Array_V00\USB_STREAMING\Mic_Array\Projects\STM32746G\Applications\Audio\Mic_Array\EWARM\STM32F7\Obj\ff.o
#        D:\sop1hc\Github\data\Mic_Array_V00\USB_STREAMING\Mic_Array\Projects\STM32746G\Applications\Audio\Mic_Array\EWARM\STM32F7\Obj\ft5336.o
#        D:\sop1hc\Github\data\Mic_Array_V00\USB_STREAMING\Mic_Array\Middlewares\ST\STM32_Audio\Addons\PDM\libPDMFilter_CM7_IAR.a
#        D:\sop1hc\Github\data\Mic_Array_V00\USB_STREAMING\Mic_Array\Projects\STM32746G\Applications\Audio\Mic_Array\EWARM\STM32F7\Obj\main.o
#        D:\sop1hc\Github\data\Mic_Array_V00\USB_STREAMING\Mic_Array\Projects\STM32746G\Applications\Audio\Mic_Array\EWARM\STM32F7\Obj\sta321mp.o
#        D:\sop1hc\Github\data\Mic_Array_V00\USB_STREAMING\Mic_Array\Projects\STM32746G\Applications\Audio\Mic_Array\EWARM\STM32F7\Obj\startup_stm32f746xx.o
#        D:\sop1hc\Github\data\Mic_Array_V00\USB_STREAMING\Mic_Array\Projects\STM32746G\Applications\Audio\Mic_Array\EWARM\STM32F7\Obj\stm32746g_discovery.o
#        D:\sop1hc\Github\data\Mic_Array_V00\USB_STREAMING\Mic_Array\Projects\STM32746G\Applications\Audio\Mic_Array\EWARM\STM32F7\Obj\stm32746g_discovery_lcd.o
#        D:\sop1hc\Github\data\Mic_Array_V00\USB_STREAMING\Mic_Array\Projects\STM32746G\Applications\Audio\Mic_Array\EWARM\STM32F7\Obj\stm32746g_discovery_sdram.o
#        D:\sop1hc\Github\data\Mic_Array_V00\USB_STREAMING\Mic_Array\Projects\STM32746G\Applications\Audio\Mic_Array\EWARM\STM32F7\Obj\stm32746g_discovery_ts.o
#        D:\sop1hc\Github\data\Mic_Array_V00\USB_STREAMING\Mic_Array\Projects\STM32746G\Applications\Audio\Mic_Array\EWARM\STM32F7\Obj\stm32f7xx_hal.o
#        D:\sop1hc\Github\data\Mic_Array_V00\USB_STREAMING\Mic_Array\Projects\STM32746G\Applications\Audio\Mic_Array\EWARM\STM32F7\Obj\stm32f7xx_hal_cortex.o
#        D:\sop1hc\Github\data\Mic_Array_V00\USB_STREAMING\Mic_Array\Projects\STM32746G\Applications\Audio\Mic_Array\EWARM\STM32F7\Obj\stm32f7xx_hal_dma.o
#        D:\sop1hc\Github\data\Mic_Array_V00\USB_STREAMING\Mic_Array\Projects\STM32746G\Applications\Audio\Mic_Array\EWARM\STM32F7\Obj\stm32f7xx_hal_dma2d.o
#        D:\sop1hc\Github\data\Mic_Array_V00\USB_STREAMING\Mic_Array\Projects\STM32746G\Applications\Audio\Mic_Array\EWARM\STM32F7\Obj\stm32f7xx_hal_dma_ex.o
#        D:\sop1hc\Github\data\Mic_Array_V00\USB_STREAMING\Mic_Array\Projects\STM32746G\Applications\Audio\Mic_Array\EWARM\STM32F7\Obj\stm32f7xx_hal_flash.o
#        D:\sop1hc\Github\data\Mic_Array_V00\USB_STREAMING\Mic_Array\Projects\STM32746G\Applications\Audio\Mic_Array\EWARM\STM32F7\Obj\stm32f7xx_hal_flash_ex.o
#        D:\sop1hc\Github\data\Mic_Array_V00\USB_STREAMING\Mic_Array\Projects\STM32746G\Applications\Audio\Mic_Array\EWARM\STM32F7\Obj\stm32f7xx_hal_gpio.o
#        D:\sop1hc\Github\data\Mic_Array_V00\USB_STREAMING\Mic_Array\Projects\STM32746G\Applications\Audio\Mic_Array\EWARM\STM32F7\Obj\stm32f7xx_hal_hcd.o
#        D:\sop1hc\Github\data\Mic_Array_V00\USB_STREAMING\Mic_Array\Projects\STM32746G\Applications\Audio\Mic_Array\EWARM\STM32F7\Obj\stm32f7xx_hal_i2c.o
#        D:\sop1hc\Github\data\Mic_Array_V00\USB_STREAMING\Mic_Array\Projects\STM32746G\Applications\Audio\Mic_Array\EWARM\STM32F7\Obj\stm32f7xx_hal_i2c_ex.o
#        D:\sop1hc\Github\data\Mic_Array_V00\USB_STREAMING\Mic_Array\Projects\STM32746G\Applications\Audio\Mic_Array\EWARM\STM32F7\Obj\stm32f7xx_hal_i2s.o
#        D:\sop1hc\Github\data\Mic_Array_V00\USB_STREAMING\Mic_Array\Projects\STM32746G\Applications\Audio\Mic_Array\EWARM\STM32F7\Obj\stm32f7xx_hal_ltdc.o
#        D:\sop1hc\Github\data\Mic_Array_V00\USB_STREAMING\Mic_Array\Projects\STM32746G\Applications\Audio\Mic_Array\EWARM\STM32F7\Obj\stm32f7xx_hal_pcd.o
#        D:\sop1hc\Github\data\Mic_Array_V00\USB_STREAMING\Mic_Array\Projects\STM32746G\Applications\Audio\Mic_Array\EWARM\STM32F7\Obj\stm32f7xx_hal_pcd_ex.o
#        D:\sop1hc\Github\data\Mic_Array_V00\USB_STREAMING\Mic_Array\Projects\STM32746G\Applications\Audio\Mic_Array\EWARM\STM32F7\Obj\stm32f7xx_hal_pwr.o
#        D:\sop1hc\Github\data\Mic_Array_V00\USB_STREAMING\Mic_Array\Projects\STM32746G\Applications\Audio\Mic_Array\EWARM\STM32F7\Obj\stm32f7xx_hal_pwr_ex.o
#        D:\sop1hc\Github\data\Mic_Array_V00\USB_STREAMING\Mic_Array\Projects\STM32746G\Applications\Audio\Mic_Array\EWARM\STM32F7\Obj\stm32f7xx_hal_rcc.o
#        D:\sop1hc\Github\data\Mic_Array_V00\USB_STREAMING\Mic_Array\Projects\STM32746G\Applications\Audio\Mic_Array\EWARM\STM32F7\Obj\stm32f7xx_hal_rcc_ex.o
#        D:\sop1hc\Github\data\Mic_Array_V00\USB_STREAMING\Mic_Array\Projects\STM32746G\Applications\Audio\Mic_Array\EWARM\STM32F7\Obj\stm32f7xx_hal_sai.o
#        D:\sop1hc\Github\data\Mic_Array_V00\USB_STREAMING\Mic_Array\Projects\STM32746G\Applications\Audio\Mic_Array\EWARM\STM32F7\Obj\stm32f7xx_hal_sai_ex.o
#        D:\sop1hc\Github\data\Mic_Array_V00\USB_STREAMING\Mic_Array\Projects\STM32746G\Applications\Audio\Mic_Array\EWARM\STM32F7\Obj\stm32f7xx_hal_sdram.o
#        D:\sop1hc\Github\data\Mic_Array_V00\USB_STREAMING\Mic_Array\Projects\STM32746G\Applications\Audio\Mic_Array\EWARM\STM32F7\Obj\stm32f7xx_hal_spi.o
#        D:\sop1hc\Github\data\Mic_Array_V00\USB_STREAMING\Mic_Array\Projects\STM32746G\Applications\Audio\Mic_Array\EWARM\STM32F7\Obj\stm32f7xx_hal_sram.o
#        D:\sop1hc\Github\data\Mic_Array_V00\USB_STREAMING\Mic_Array\Projects\STM32746G\Applications\Audio\Mic_Array\EWARM\STM32F7\Obj\stm32f7xx_hal_tim.o
#        D:\sop1hc\Github\data\Mic_Array_V00\USB_STREAMING\Mic_Array\Projects\STM32746G\Applications\Audio\Mic_Array\EWARM\STM32F7\Obj\stm32f7xx_hal_tim_ex.o
#        D:\sop1hc\Github\data\Mic_Array_V00\USB_STREAMING\Mic_Array\Projects\STM32746G\Applications\Audio\Mic_Array\EWARM\STM32F7\Obj\stm32f7xx_hal_uart.o
#        D:\sop1hc\Github\data\Mic_Array_V00\USB_STREAMING\Mic_Array\Projects\STM32746G\Applications\Audio\Mic_Array\EWARM\STM32F7\Obj\stm32f7xx_it.o
#        D:\sop1hc\Github\data\Mic_Array_V00\USB_STREAMING\Mic_Array\Projects\STM32746G\Applications\Audio\Mic_Array\EWARM\STM32F7\Obj\stm32f7xx_ll_fmc.o
#        D:\sop1hc\Github\data\Mic_Array_V00\USB_STREAMING\Mic_Array\Projects\STM32746G\Applications\Audio\Mic_Array\EWARM\STM32F7\Obj\stm32f7xx_ll_usb.o
#        D:\sop1hc\Github\data\Mic_Array_V00\USB_STREAMING\Mic_Array\Projects\STM32746G\Applications\Audio\Mic_Array\EWARM\STM32F7\Obj\system_stm32f7xx.o
#        D:\sop1hc\Github\data\Mic_Array_V00\USB_STREAMING\Mic_Array\Projects\STM32746G\Applications\Audio\Mic_Array\EWARM\STM32F7\Obj\usbd_audio_if.o
#        D:\sop1hc\Github\data\Mic_Array_V00\USB_STREAMING\Mic_Array\Projects\STM32746G\Applications\Audio\Mic_Array\EWARM\STM32F7\Obj\usbd_audio_in.o
#        D:\sop1hc\Github\data\Mic_Array_V00\USB_STREAMING\Mic_Array\Projects\STM32746G\Applications\Audio\Mic_Array\EWARM\STM32F7\Obj\usbd_conf_f4.o
#        D:\sop1hc\Github\data\Mic_Array_V00\USB_STREAMING\Mic_Array\Projects\STM32746G\Applications\Audio\Mic_Array\EWARM\STM32F7\Obj\usbd_core.o
#        D:\sop1hc\Github\data\Mic_Array_V00\USB_STREAMING\Mic_Array\Projects\STM32746G\Applications\Audio\Mic_Array\EWARM\STM32F7\Obj\usbd_ctlreq.o
#        D:\sop1hc\Github\data\Mic_Array_V00\USB_STREAMING\Mic_Array\Projects\STM32746G\Applications\Audio\Mic_Array\EWARM\STM32F7\Obj\usbd_desc.o
#        D:\sop1hc\Github\data\Mic_Array_V00\USB_STREAMING\Mic_Array\Projects\STM32746G\Applications\Audio\Mic_Array\EWARM\STM32F7\Obj\usbd_ioreq.o
#        D:\sop1hc\Github\data\Mic_Array_V00\USB_STREAMING\Mic_Array\Projects\STM32746G\Applications\Audio\Mic_Array\EWARM\STM32F7\Obj\usbh_conf.o
#        D:\sop1hc\Github\data\Mic_Array_V00\USB_STREAMING\Mic_Array\Projects\STM32746G\Applications\Audio\Mic_Array\EWARM\STM32F7\Obj\usbh_core.o
#        D:\sop1hc\Github\data\Mic_Array_V00\USB_STREAMING\Mic_Array\Projects\STM32746G\Applications\Audio\Mic_Array\EWARM\STM32F7\Obj\usbh_ctlreq.o
#        D:\sop1hc\Github\data\Mic_Array_V00\USB_STREAMING\Mic_Array\Projects\STM32746G\Applications\Audio\Mic_Array\EWARM\STM32F7\Obj\usbh_diskio.o
#        D:\sop1hc\Github\data\Mic_Array_V00\USB_STREAMING\Mic_Array\Projects\STM32746G\Applications\Audio\Mic_Array\EWARM\STM32F7\Obj\usbh_ioreq.o
#        D:\sop1hc\Github\data\Mic_Array_V00\USB_STREAMING\Mic_Array\Projects\STM32746G\Applications\Audio\Mic_Array\EWARM\STM32F7\Obj\usbh_msc.o
#        D:\sop1hc\Github\data\Mic_Array_V00\USB_STREAMING\Mic_Array\Projects\STM32746G\Applications\Audio\Mic_Array\EWARM\STM32F7\Obj\usbh_msc_bot.o
#        D:\sop1hc\Github\data\Mic_Array_V00\USB_STREAMING\Mic_Array\Projects\STM32746G\Applications\Audio\Mic_Array\EWARM\STM32F7\Obj\usbh_msc_scsi.o
#        D:\sop1hc\Github\data\Mic_Array_V00\USB_STREAMING\Mic_Array\Projects\STM32746G\Applications\Audio\Mic_Array\EWARM\STM32F7\Obj\usbh_pipes.o
#        "D:\sop1hc\Github\data\Mic_Array_V00\USB_STREAMING\Mic_Array\Projects\STM32746G\Applications\Audio\Mic_Array\EWARM\STM32F7\Obj\waveplayer
#        _CS43L22.o"
#        D:\sop1hc\Github\data\Mic_Array_V00\USB_STREAMING\Mic_Array\Projects\STM32746G\Applications\Audio\Mic_Array\EWARM\STM32F7\Obj\waverecorder.o
#        --redirect _Printf=_PrintfSmall --redirect _Scanf=_ScanfSmall -o
#        D:\sop1hc\Github\data\Mic_Array_V00\USB_STREAMING\Mic_Array\Projects\STM32746G\Applications\Audio\Mic_Array\EWARM\STM32F7\Exe\Project.out
#        --map
#        D:\sop1hc\Github\data\Mic_Array_V00\USB_STREAMING\Mic_Array\Projects\STM32746G\Applications\Audio\Mic_Array\EWARM\STM32F7\List\Project.map
#        --config
#        D:\sop1hc\Github\data\Mic_Array_V00\USB_STREAMING\Mic_Array\Projects\STM32746G\Applications\Audio\Mic_Array\EWARM\Project.icf
#        --semihosting --entry __iar_program_start --no_exceptions "D:\Program
#        Files (x86)\IAR Systems\Embedded Workbench
#        7.3\arm\CMSIS\Lib\IAR\iar_cortexM7ls_math.a" --vfe
#
###############################################################################

*******************************************************************************
*** RUNTIME MODEL ATTRIBUTES
***

CppFlavor                     = *
__Heap_Handler                = DLMalloc
__SystemLibrary               = DLib
__dlib_dynamic_initialization = normal


*******************************************************************************
*** PLACEMENT SUMMARY
***

"A1":  place at 0x08000000 { ro section .intvec };
"P1":  place in [from 0x00000000 to 0x00000000] |
                [from 0x08000000 to 0x080fffff] { ro };
"P3":  place in [from 0x20000000 to 0x2000ffff] |
                [from 0x20010000 to 0x2004ffff] { rw, block CSTACK, block HEAP };

  Section             Kind        Address     Size  Object
  -------             ----        -------     ----  ------
"A1":                                        0x1c8
  .intvec             ro code  0x08000000    0x1c8  startup_stm32f746xx.o [1]
                             - 0x080001c8    0x1c8

"P1":                                      0x1ff49
  .rodata             const    0x080001c8  0x13458  arm_common_tables.o [4]
  .text               ro code  0x08013620   0x14f0  dlmalloc.o [3]
  .text               ro code  0x08014b10      0x6  abort.o [3]
  .text               ro code  0x08014b18     0x2c  xgetmemchunk.o [3]
  .text               ro code  0x08014b44     0x14  exit.o [8]
  .text               ro code  0x08014b58     0x30  iarttio.o [8]
  .text               ro code  0x08014b88      0x8  XShttio.o [3]
  .text               ro code  0x08014b90    0xfd0  stm32f7xx_hal_dma.o [1]
  .text               ro code  0x08015b60    0xf80  waverecorder.o [1]
  .text               ro code  0x08016ae0    0x6a0  main.o [1]
  .text               ro code  0x08017180    0x228  stm32f7xx_hal_gpio.o [1]
  .text               ro code  0x080173a8    0x550  pdm_filter.o [5]
  .text               ro code  0x080178f8    0x110  stm32f7xx_hal_i2s.o [1]
  .text               ro code  0x08017a08    0x7d4  stm32f7xx_hal_spi.o [1]
  .text               ro code  0x080181dc     0xd0  stm32f7xx_hal_cortex.o [1]
  .text               ro code  0x080182ac    0x988  DSP.o [1]
  .text               ro code  0x08018c34     0x80  stm32f7xx_hal.o [1]
  .text               ro code  0x08018cb4    0x660  stm32f7xx_hal_rcc_ex.o [1]
  .text               ro code  0x08019314     0xc4  stm32746g_discovery.o [1]
  .text               ro code  0x080193d8    0x144  arm_rfft_fast_init_f32.o [4]
  .text               ro code  0x0801951c    0x84c  usbd_audio_in.o [1]
  .text               ro code  0x08019d68    0x2a6  usbd_core.o [1]
  .text               ro code  0x0801a010     0x60  waveplayer _CS43L22.o [1]
  .text               ro code  0x0801a070    0xaa0  sta321mp.o [1]
  .text               ro code  0x0801ab10    0x9e4  audio_codec.o [1]
  .text               ro code  0x0801b4f4    0x210  audio_application.o [1]
  .text               ro code  0x0801b704    0x5d4  stm32f7xx_hal_rcc.o [1]
  .text               ro code  0x0801bcd8     0x74  stm32f7xx_hal_pwr_ex.o [1]
  .text               ro code  0x0801bd4c    0x998  stm32f7xx_hal_i2c.o [1]
  .text               ro code  0x0801c6e4     0x1c  FltCmpEq.o [6]
  .text               ro code  0x0801c700      0xe  U32ToFlt.o [6]
  .text               ro code  0x0801c710     0x24  FltCmpLe.o [6]
  .text               ro code  0x0801c734     0x12  FltMul.o [6]
  .text               ro code  0x0801c748     0x4e  FltToDbl.o [6]
  .text               ro code  0x0801c798     0x30  I32ToDbl.o [6]
  .text               ro code  0x0801c7c8    0x256  DblDiv.o [6]
  .text               ro code  0x0801ca20     0xe8  DblAdd.o [6]
  .text               ro code  0x0801cb08     0x4c  DblToI32.o [6]
  .text               ro code  0x0801cb54    0x1a2  DblMul.o [6]
  .text               ro code  0x0801ccf8     0x90  DblToFlt.o [6]
  .text               ro code  0x0801cd88    0x462  xsin.o [6]
  .text               ro code  0x0801d1ec    0x180  DblSub.o [6]
  .text               ro code  0x0801d36c     0xf0  sqrt.o [6]
  .text               ro code  0x0801d45c    0x132  I64DivMod.o [7]
  .text               ro code  0x0801d590    0x236  usbd_conf_f4.o [1]
  .text               ro code  0x0801d7c6     0x9c  usbd_ioreq.o [1]
  .text               ro code  0x0801d864    0x454  usbd_ctlreq.o [1]
  .text               ro code  0x0801dcb8      0x6  ABImemclr.o [7]
  .text               ro code  0x0801dcc0     0x76  ABImemcpy_unaligned.o [7]
  .text               ro code  0x0801dd36     0x76  stm32f7xx_hal_i2c_ex.o [1]
  .text               ro code  0x0801ddac     0xe0  usbd_audio_if.o [1]
  .text               ro code  0x0801de8c     0x2e  DblCmpLe.o [6]
  .text               ro code  0x0801debc     0x2e  DblCmpGe.o [6]
  .text               ro code  0x0801deec      0xc  errno.o [3]
  .text               ro code  0x0801def8    0x168  xquad.o [6]
  .text               ro code  0x0801e060      0xc  iarEdom.o [7]
  .text               ro code  0x0801e06c      0x2  I64DivZer.o [7]
  .text               ro code  0x0801e06e    0x838  stm32f7xx_hal_pcd.o [1]
  .text               ro code  0x0801e8a8     0x72  stm32f7xx_hal_pcd_ex.o [1]
  .text               ro code  0x0801e91c     0x5e  ABImemset.o [7]
  .text               ro code  0x0801e97a      0x2  xtls.o [3]
  .text               ro code  0x0801e97c     0x7a  xdint.o [6]
  .text               ro code  0x0801e9f8     0x20  DblCmpEq.o [6]
  .text               ro code  0x0801ea18    0x1a8  fmod.o [6]
  .text               ro code  0x0801ebc0    0x928  stm32f7xx_ll_usb.o [1]
  .text               ro code  0x0801f4e8    0x27c  stm32f7xx_hal_uart.o [1]
  .text               ro code  0x0801f764    0x1c4  lz77_init.o [7]
  .text               ro code  0x0801f928     0xf0  usbd_desc.o [1]
  .text               ro code  0x0801fa18     0xc0  arm_bitreversal2.o [4]
  .text               ro code  0x0801fad8     0x68  stm32f7xx_it.o [1]
  .text               ro code  0x0801fb40     0x4c  system_stm32f7xx.o [1]
  .text               ro code  0x0801fb8c     0x40  zero_init3.o [7]
  .text               ro code  0x0801fbcc     0x28  data_init.o [7]
  .text               ro code  0x0801fbf4     0x22  fpinit_M.o [6]
  .iar.init_table     const    0x0801fc18     0x2c  - Linker created -
  .text               ro code  0x0801fc44     0x1a  cmain.o [7]
  .text               ro code  0x0801fc5e      0x4  low_level_init.o [3]
  .text               ro code  0x0801fc62      0x4  exit.o [3]
  .text               ro code  0x0801fc68      0xa  cexit.o [7]
  .text               ro code  0x0801fc74     0x10  startup_stm32f746xx.o [1]
  .text               ro code  0x0801fc84      0xc  cstartup_M.o [7]
  .text               ro code  0x0801fc90      0x4  startup_stm32f746xx.o [1]
  .text               ro code  0x0801fc94      0x4  startup_stm32f746xx.o [1]
  .text               ro code  0x0801fc98      0x4  startup_stm32f746xx.o [1]
  .text               ro code  0x0801fc9c      0x4  startup_stm32f746xx.o [1]
  .text               ro code  0x0801fca0      0x4  startup_stm32f746xx.o [1]
  .text               ro code  0x0801fca4      0x4  startup_stm32f746xx.o [1]
  .text               ro code  0x0801fca8      0x4  startup_stm32f746xx.o [1]
  .text               ro code  0x0801fcac      0x4  startup_stm32f746xx.o [1]
  .text               ro code  0x0801fcb0      0x4  startup_stm32f746xx.o [1]
  .text               ro code  0x0801fcb4      0x4  startup_stm32f746xx.o [1]
  .text               ro code  0x0801fcb8      0x4  startup_stm32f746xx.o [1]
  .text               ro code  0x0801fcbc      0x4  startup_stm32f746xx.o [1]
  .text               ro code  0x0801fcc0      0x4  startup_stm32f746xx.o [1]
  .text               ro code  0x0801fcc4      0x4  startup_stm32f746xx.o [1]
  .text               ro code  0x0801fcc8      0x4  startup_stm32f746xx.o [1]
  .text               ro code  0x0801fccc      0x4  startup_stm32f746xx.o [1]
  .text               ro code  0x0801fcd0      0x4  startup_stm32f746xx.o [1]
  .text               ro code  0x0801fcd4      0x4  startup_stm32f746xx.o [1]
  .text               ro code  0x0801fcd8      0x4  startup_stm32f746xx.o [1]
  .text               ro code  0x0801fcdc      0x4  startup_stm32f746xx.o [1]
  .text               ro code  0x0801fce0      0x4  startup_stm32f746xx.o [1]
  .text               ro code  0x0801fce4      0x4  startup_stm32f746xx.o [1]
  .text               ro code  0x0801fce8      0x4  startup_stm32f746xx.o [1]
  .text               ro code  0x0801fcec      0x4  startup_stm32f746xx.o [1]
  .text               ro code  0x0801fcf0      0x4  startup_stm32f746xx.o [1]
  .text               ro code  0x0801fcf4      0x4  startup_stm32f746xx.o [1]
  .text               ro code  0x0801fcf8      0x4  startup_stm32f746xx.o [1]
  .text               ro code  0x0801fcfc      0x4  startup_stm32f746xx.o [1]
  .text               ro code  0x0801fd00      0x4  startup_stm32f746xx.o [1]
  .text               ro code  0x0801fd04      0x4  startup_stm32f746xx.o [1]
  .text               ro code  0x0801fd08      0x4  startup_stm32f746xx.o [1]
  .text               ro code  0x0801fd0c      0x4  startup_stm32f746xx.o [1]
  .text               ro code  0x0801fd10      0x4  startup_stm32f746xx.o [1]
  .text               ro code  0x0801fd14      0x4  startup_stm32f746xx.o [1]
  .text               ro code  0x0801fd18      0x4  startup_stm32f746xx.o [1]
  .text               ro code  0x0801fd1c      0x4  startup_stm32f746xx.o [1]
  .text               ro code  0x0801fd20      0x4  startup_stm32f746xx.o [1]
  .text               ro code  0x0801fd24      0x4  startup_stm32f746xx.o [1]
  .text               ro code  0x0801fd28      0x4  startup_stm32f746xx.o [1]
  .text               ro code  0x0801fd2c      0x4  startup_stm32f746xx.o [1]
  .text               ro code  0x0801fd30      0x4  startup_stm32f746xx.o [1]
  .text               ro code  0x0801fd34      0x4  startup_stm32f746xx.o [1]
  .text               ro code  0x0801fd38      0x4  startup_stm32f746xx.o [1]
  .text               ro code  0x0801fd3c      0x4  startup_stm32f746xx.o [1]
  .text               ro code  0x0801fd40      0x4  startup_stm32f746xx.o [1]
  .text               ro code  0x0801fd44      0x4  startup_stm32f746xx.o [1]
  .text               ro code  0x0801fd48      0x4  startup_stm32f746xx.o [1]
  .text               ro code  0x0801fd4c      0x4  startup_stm32f746xx.o [1]
  .text               ro code  0x0801fd50      0x4  startup_stm32f746xx.o [1]
  .text               ro code  0x0801fd54      0x4  startup_stm32f746xx.o [1]
  .text               ro code  0x0801fd58      0x4  startup_stm32f746xx.o [1]
  .text               ro code  0x0801fd5c      0x4  startup_stm32f746xx.o [1]
  .text               ro code  0x0801fd60      0x4  startup_stm32f746xx.o [1]
  .text               ro code  0x0801fd64      0x4  startup_stm32f746xx.o [1]
  .text               ro code  0x0801fd68      0x4  startup_stm32f746xx.o [1]
  .text               ro code  0x0801fd6c      0x4  startup_stm32f746xx.o [1]
  .text               ro code  0x0801fd70      0x4  startup_stm32f746xx.o [1]
  .text               ro code  0x0801fd74      0x4  startup_stm32f746xx.o [1]
  .text               ro code  0x0801fd78      0x4  startup_stm32f746xx.o [1]
  .text               ro code  0x0801fd7c      0x4  startup_stm32f746xx.o [1]
  .text               ro code  0x0801fd80      0x4  startup_stm32f746xx.o [1]
  .text               ro code  0x0801fd84      0x4  startup_stm32f746xx.o [1]
  .text               ro code  0x0801fd88      0x4  startup_stm32f746xx.o [1]
  .text               ro code  0x0801fd8c      0x4  startup_stm32f746xx.o [1]
  .text               ro code  0x0801fd90      0x4  startup_stm32f746xx.o [1]
  .text               ro code  0x0801fd94      0x4  startup_stm32f746xx.o [1]
  .text               ro code  0x0801fd98      0x4  startup_stm32f746xx.o [1]
  .text               ro code  0x0801fd9c      0x4  startup_stm32f746xx.o [1]
  .text               ro code  0x0801fda0      0x4  startup_stm32f746xx.o [1]
  .text               ro code  0x0801fda4      0x4  startup_stm32f746xx.o [1]
  .text               ro code  0x0801fda8      0x4  startup_stm32f746xx.o [1]
  .text               ro code  0x0801fdac      0x4  startup_stm32f746xx.o [1]
  .text               ro code  0x0801fdb0      0x4  startup_stm32f746xx.o [1]
  .text               ro code  0x0801fdb4      0x4  startup_stm32f746xx.o [1]
  .text               ro code  0x0801fdb8      0x4  startup_stm32f746xx.o [1]
  .text               ro code  0x0801fdbc      0x4  startup_stm32f746xx.o [1]
  .text               ro code  0x0801fdc0      0x4  startup_stm32f746xx.o [1]
  .rodata             const    0x0801fdc4      0x0  zero_init3.o [7]
  .rodata             const    0x0801fdc4      0x0  lz77_init.o [7]
  Initializer bytes   const    0x0801fdc4    0x34d  <for P3 s0>
                             - 0x08020111  0x1ff49

"P3", part 1 of 3:                          0x177d
  P3 s0                        0x20010000   0x177d  <Init block>
    .data             inited   0x20010000   0x1280  main.o [1]
    .data             inited   0x20011280    0x304  pdm_filter.o [5]
    .data             inited   0x20011584     0x9c  audio_codec.o [1]
    .data             inited   0x20011620     0x9c  sta321mp.o [1]
    .data             inited   0x200116bc     0x38  usbd_audio_in.o [1]
    .data             inited   0x200116f4     0x24  usbd_audio_if.o [1]
    .data             inited   0x20011718     0x1c  usbd_desc.o [1]
    .data             inited   0x20011734     0x14  system_stm32f7xx.o [1]
    .data             inited   0x20011748     0x14  usbd_desc.o [1]
    .data             inited   0x2001175c      0xc  usbd_audio_in.o [1]
    .data             inited   0x20011768      0x8  XShttio.o [3]
    .data             inited   0x20011770      0x4  main.o [1]
    .data             inited   0x20011774      0x4  usbd_desc.o [1]
    __DLIB_PERTHREAD  inited   0x20011778      0x4  errno.o [3]
    .data             inited   0x2001177c      0x1  waveplayer _CS43L22.o [1]
                             - 0x2001177d   0x177d

"P3", part 2 of 3:                         0x1fdd8
  .bss                zero     0x20011780   0xc004  waverecorder.o [1]
  .bss                zero     0x2001d784   0x4000  audio_application.o [1]
  .bss                zero     0x20021784   0x4000  audio_application.o [1]
  .bss                zero     0x20025784   0x3014  main.o [1]
  .bss                zero     0x20028798   0x2000  waverecorder.o [1]
  .bss                zero     0x2002a798   0x2000  waverecorder.o [1]
  .bss                zero     0x2002c798   0x2000  waverecorder.o [1]
  .bss                zero     0x2002e798   0x2000  waverecorder.o [1]
  .bss                zero     0x20030798    0x3c0  usbd_conf_f4.o [1]
  .bss                zero     0x20030b58    0x260  usbd_audio_in.o [1]
  .bss                zero     0x20030db8    0x244  waverecorder.o [1]
  .bss                zero     0x20030ffc    0x1d8  dlmalloc.o [3]
  .bss                zero     0x200311d4     0xc8  usbd_desc.o [1]
  .bss                zero     0x2003129c     0xa0  waverecorder.o [1]
  .bss                zero     0x2003133c     0x98  waverecorder.o [1]
  .bss                zero     0x200313d4     0x70  main.o [1]
  .bss                zero     0x20031444     0x64  main.o [1]
  .bss                zero     0x200314a8     0x40  waveplayer _CS43L22.o [1]
  .bss                zero     0x200314e8     0x3c  audio_codec.o [1]
  .bss                zero     0x20031524     0x18  dlmalloc.o [3]
  .bss                zero     0x2003153c      0x4  DSP.o [1]
  .bss                zero     0x20031540      0x4  stm32f7xx_hal.o [1]
  .bss                zero     0x20031544      0x4  stm32f7xx_it.o [1]
  .bss                zero     0x20031548      0x4  xgetmemchunk.o [3]
  .bss                zero     0x2003154c      0x2  main.o [1]
  .bss                zero     0x2003154e      0x2  waverecorder.o [1]
  .bss                zero     0x20031550      0x2  waverecorder.o [1]
  .bss                zero     0x20031552      0x1  audio_application.o [1]
  .bss                zero     0x20031553      0x1  usbd_ctlreq.o [1]
  .bss                zero     0x20031554      0x1  waverecorder.o [1]
                             - 0x20031555  0x1fdd5

"P3", part 3 of 3:                          0x4000
  CSTACK                       0x20031558   0x2000  <Block>
    CSTACK            uninit   0x20031558   0x2000  <Block tail>
  HEAP                         0x20033558   0x2000  <Block>
    HEAP              uninit   0x20033558   0x2000  <Block tail>
                             - 0x20035558   0x4000


*******************************************************************************
*** INIT TABLE
***

          Address     Size
          -------     ----
Zero (__iar_zero_init3)
    1 destination range, total size 0x1fdd5:
          0x20011780  0x1fdd5

Copy/lz77 (__iar_lz77_init3)
    1 source range, total size 0x34d (14% of destination):
          0x0801fdc4    0x34d
    1 destination range, total size 0x177d:
          0x20010000   0x177d



*******************************************************************************
*** MODULE SUMMARY
***

    Module                    ro code  ro data  rw data
    ------                    -------  -------  -------
D:\sop1hc\Github\data\Mic_Array_V00\USB_STREAMING\Mic_Array\Projects\STM32746G\Applications\Audio\Mic_Array\EWARM\STM32F7\Obj: [1]
    DSP.o                       2 440                 4
    audio_application.o           528            32 769
    audio_codec.o               2 532       21      216
    main.o                      1 696      665   17 262
    sta321mp.o                  2 720       22      156
    startup_stm32f746xx.o         780
    stm32746g_discovery.o         196
    stm32f7xx_hal.o               128                 4
    stm32f7xx_hal_cortex.o        208
    stm32f7xx_hal_dma.o         4 048
    stm32f7xx_hal_gpio.o          552
    stm32f7xx_hal_i2c.o         2 456
    stm32f7xx_hal_i2c_ex.o        118
    stm32f7xx_hal_i2s.o           272
    stm32f7xx_hal_pcd.o         2 104
    stm32f7xx_hal_pcd_ex.o        114
    stm32f7xx_hal_pwr_ex.o        116
    stm32f7xx_hal_rcc.o         1 492
    stm32f7xx_hal_rcc_ex.o      1 632
    stm32f7xx_hal_spi.o         2 004
    stm32f7xx_hal_uart.o          636
    stm32f7xx_it.o                104                 4
    stm32f7xx_ll_usb.o          2 344
    system_stm32f7xx.o             76        3       20
    usbd_audio_if.o               224        5       36
    usbd_audio_in.o             2 124       10      676
    usbd_conf_f4.o                566               960
    usbd_core.o                   678
    usbd_ctlreq.o               1 108                 1
    usbd_desc.o                   240        8      252
    usbd_ioreq.o                  156
    waveplayer _CS43L22.o          96        1       65
    waverecorder.o              3 968            82 821
    ---------------------------------------------------
    Total:                     38 456      735  135 246

command line: [2]
    ---------------------------------------------------
    Total:

dl7M_tlf.a: [3]
    XShttio.o                       8        1        8
    abort.o                         6
    dlmalloc.o                  5 360               496
    errno.o                        12                 4
    exit.o                          4
    low_level_init.o                4
    xgetmemchunk.o                 44                 4
    xtls.o                          2
    ---------------------------------------------------
    Total:                      5 440        1      512

iar_cortexM7ls_math.a: [4]
    arm_bitreversal2.o            192
    arm_common_tables.o                 78 936
    arm_rfft_fast_init_f32.o      324
    ---------------------------------------------------
    Total:                        516   78 936

libPDMFilter_CM7_IAR.a: [5]
    pdm_filter.o                1 360      109      772
    ---------------------------------------------------
    Total:                      1 360      109      772

m7M_tls.a: [6]
    DblAdd.o                      232
    DblCmpEq.o                     32
    DblCmpGe.o                     46
    DblCmpLe.o                     46
    DblDiv.o                      598
    DblMul.o                      418
    DblSub.o                      384
    DblToFlt.o                    144
    DblToI32.o                     76
    FltCmpEq.o                     28
    FltCmpLe.o                     36
    FltMul.o                       18
    FltToDbl.o                     78
    I32ToDbl.o                     48
    U32ToFlt.o                     14
    fmod.o                        424
    fpinit_M.o                     34
    sqrt.o                        240
    xdint.o                       122
    xquad.o                       360
    xsin.o                      1 122
    ---------------------------------------------------
    Total:                      4 500

rt7M_tl.a: [7]
    ABImemclr.o                     6
    ABImemcpy_unaligned.o         118
    ABImemset.o                    94
    I64DivMod.o                   306
    I64DivZer.o                     2
    cexit.o                        10
    cmain.o                        26
    cstartup_M.o                   12
    data_init.o                    40
    iarEdom.o                      12
    lz77_init.o                   452
    zero_init3.o                   64
    ---------------------------------------------------
    Total:                      1 142

shb_l.a: [8]
    exit.o                         20
    iarttio.o                      48
    ---------------------------------------------------
    Total:                         68

    Gaps                           36        2
    Linker created                          44   16 384
-------------------------------------------------------
    Grand Total:               51 518   79 827  152 914


*******************************************************************************
*** ENTRY LIST
***

Entry                      Address    Size  Type      Object
-----                      -------    ----  ----      ------
.iar.init_table$$Base   0x0801fc18           --   Gb  - Linker created -
.iar.init_table$$Limit  0x0801fc44           --   Gb  - Linker created -
?main                   0x0801fc45          Code  Gb  cmain.o [7]
AHBPrescTable           0x20011738    0x10  Data  Gb  system_stm32f7xx.o [1]
APBAHBPrescTable        0x0801bcc8    0x10  Data  Gb  stm32f7xx_hal_rcc.o [1]
AUDIO_Desc              0x20011718    0x1c  Data  Gb  usbd_desc.o [1]
AUDIO_Init              0x0801ab11    0x2c  Code  Gb  audio_codec.o [1]
AUDIO_InitApplication   0x0801a065     0xc  Code  Gb  waveplayer _CS43L22.o [1]
AudioPlayerUpd          0x0801b50d   0x1dc  Code  Gb  audio_application.o [1]
AudioRemSize            0x20011618     0x4  Data  Gb  audio_codec.o [1]
AudioTotalSize          0x20011614     0x4  Data  Gb  audio_codec.o [1]
AudioUSBSend            0x0801b4f5    0x18  Code  Gb  audio_application.o [1]
Audio_CommandMgr        0x0801ddf7     0x4  Code  Lc  usbd_audio_if.o [1]
Audio_DeInit            0x0801ddb1     0x4  Code  Lc  usbd_audio_if.o [1]
Audio_Init              0x0801ddad     0x4  Code  Lc  usbd_audio_if.o [1]
Audio_MAL_Play          0x0801b181    0x54  Code  Gb  audio_codec.o [1]
Audio_MuteCtl           0x0801dde7     0x4  Code  Lc  usbd_audio_if.o [1]
Audio_Pause             0x0801ddef     0x4  Code  Lc  usbd_audio_if.o [1]
Audio_Record            0x0801ddb5     0x4  Code  Lc  usbd_audio_if.o [1]
Audio_Resume            0x0801ddf3     0x4  Code  Lc  usbd_audio_if.o [1]
Audio_Stop              0x0801ddeb     0x4  Code  Lc  usbd_audio_if.o [1]
Audio_VolumeCtl         0x0801ddb9    0x2e  Code  Lc  usbd_audio_if.o [1]
BSP_LED_Init            0x08019315    0x86  Code  Gb  stm32746g_discovery.o [1]
BSP_LED_Toggle          0x0801939b    0x2e  Code  Gb  stm32746g_discovery.o [1]
Buffer1                 0x20011780  0x4000  Data  Gb  waverecorder.o [1]
Buffer2                 0x20015780  0x4000  Data  Gb  waverecorder.o [1]
Buffer3                 0x20019780  0x4000  Data  Gb  waverecorder.o [1]
BusFault_Handler        0x0801fadf     0x2  Code  Gb  stm32f7xx_it.o [1]
ButtonInit              0x08017003    0x48  Code  Gb  main.o [1]
CSTACK$$Base            0x20031558           --   Gb  - Linker created -
CSTACK$$Limit           0x20033558           --   Gb  - Linker created -
Codec_Init              0x0801ad1d   0x464  Code  Lc  audio_codec.o [1]
Codec_TIMEOUT_UserCallback
                        0x0801a011     0x4  Code  Gb  waveplayer _CS43L22.o [1]
Command_index           0x20011773     0x1  Data  Gb  main.o [1]
CurrentPos              0x2001161c     0x4  Data  Gb  audio_codec.o [1]
DMA1_Stream0_IRQHandler
                        0x0801ad11     0x2  Code  Gb  audio_codec.o [1]
DMA1_Stream7_IRQHandler
                        0x0801ab3d   0x1d4  Code  Gb  audio_codec.o [1]
DMA2_Stream4_IRQHandler
                        0x0801fb3d     0x2  Code  Gb  stm32f7xx_it.o [1]
DMA2_Stream5_IRQHandler
                        0x0801681d     0x6  Code  Gb  waverecorder.o [1]
DMA2_Stream6_IRQHandler
                        0x08016823     0x6  Code  Gb  waverecorder.o [1]
DMA2_Stream7_IRQHandler
                        0x0801fb3f     0x2  Code  Gb  stm32f7xx_it.o [1]
DebugMon_Handler        0x0801fae5     0x2  Code  Gb  stm32f7xx_it.o [1]
DmaHandle               0x20011584    0x50  Data  Gb  audio_codec.o [1]
EXTI15_10_IRQHandler    0x08016f37     0x2  Code  Gb  main.o [1]
EXTI4_IRQHandler        0x08016f0d    0x2a  Code  Gb  main.o [1]
EXTI9_5_IRQHandler      0x08016f39    0x4e  Code  Gb  main.o [1]
EnergyError             0x2003153c     0x4  Data  Gb  DSP.o [1]
EnergyNoiseCalc         0x080183f9    0x30  Code  Gb  DSP.o [1]
FacMic                  0x20010014    0x18  Data  Gb  main.o [1]
FactorUpd               0x080183e1    0x16  Code  Gb  DSP.o [1]
Filter                  0x20030e80    0x68  Data  Gb  waverecorder.o [1]
GPIO_INS                0x20010000    0x14  Data  Gb  main.o [1]
GPIO_PIN                0x080193d0     0x8  Data  Gb  stm32746g_discovery.o [1]
GPIO_STA                0x20011630    0x14  Data  Gb  sta321mp.o [1]
HAL_DMA_DeInit          0x08014bff   0x3e0  Code  Gb  stm32f7xx_hal_dma.o [1]
HAL_DMA_IRQHandler      0x080150b7   0xa60  Code  Gb  stm32f7xx_hal_dma.o [1]
HAL_DMA_Init            0x08014b91    0x6e  Code  Gb  stm32f7xx_hal_dma.o [1]
HAL_DMA_Start_IT        0x0801502d    0x8a  Code  Gb  stm32f7xx_hal_dma.o [1]
HAL_Delay               0x08018c91    0x1c  Code  Wk  stm32f7xx_hal.o [1]
HAL_GPIO_Init           0x08017181   0x1d4  Code  Gb  stm32f7xx_hal_gpio.o [1]
HAL_GPIO_ReadPin        0x08017355     0xe  Code  Gb  stm32f7xx_hal_gpio.o [1]
HAL_GPIO_TogglePin      0x0801736b     0x8  Code  Gb  stm32f7xx_hal_gpio.o [1]
HAL_GPIO_WritePin       0x08017363     0x8  Code  Gb  stm32f7xx_hal_gpio.o [1]
HAL_GetTick             0x08018c89     0x6  Code  Wk  stm32f7xx_hal.o [1]
HAL_I2CEx_ConfigAnalogFilter
                        0x0801dd37    0x76  Code  Gb  stm32f7xx_hal_i2c_ex.o [1]
HAL_I2C_EV_IRQHandler   0x0801c185    0xfe  Code  Gb  stm32f7xx_hal_i2c.o [1]
HAL_I2C_ErrorCallback   0x0801c28f     0x2  Code  Wk  stm32f7xx_hal_i2c.o [1]
HAL_I2C_GetError        0x0801c291     0x4  Code  Gb  stm32f7xx_hal_i2c.o [1]
HAL_I2C_Init            0x0801bd4d    0xa2  Code  Gb  stm32f7xx_hal_i2c.o [1]
HAL_I2C_MasterRxCpltCallback
                        0x0801c285     0x2  Code  Wk  stm32f7xx_hal_i2c.o [1]
HAL_I2C_MasterTxCpltCallback
                        0x0801c283     0x2  Code  Wk  stm32f7xx_hal_i2c.o [1]
HAL_I2C_Master_Receive  0x0801bfc5   0x1b4  Code  Gb  stm32f7xx_hal_i2c.o [1]
HAL_I2C_Master_Transmit
                        0x0801bdf1   0x1d2  Code  Gb  stm32f7xx_hal_i2c.o [1]
HAL_I2C_MemRxCpltCallback
                        0x0801c28d     0x2  Code  Wk  stm32f7xx_hal_i2c.o [1]
HAL_I2C_MemTxCpltCallback
                        0x0801c28b     0x2  Code  Wk  stm32f7xx_hal_i2c.o [1]
HAL_I2C_MspInit         0x08016e5b    0xb2  Code  Gb  main.o [1]
HAL_I2C_SlaveRxCpltCallback
                        0x0801c289     0x2  Code  Wk  stm32f7xx_hal_i2c.o [1]
HAL_I2C_SlaveTxCpltCallback
                        0x0801c287     0x2  Code  Wk  stm32f7xx_hal_i2c.o [1]
HAL_I2S_Init            0x080178f9    0xfc  Code  Gb  stm32f7xx_hal_i2s.o [1]
HAL_I2S_MspInit         0x0801b1e5   0x266  Code  Gb  audio_codec.o [1]
HAL_I2S_TxCpltCallback  0x08017077     0x2  Code  Gb  main.o [1]
HAL_IncTick             0x08018c7f     0xa  Code  Wk  stm32f7xx_hal.o [1]
HAL_Init                0x08018c35    0x24  Code  Gb  stm32f7xx_hal.o [1]
HAL_InitTick            0x08018c5b    0x24  Code  Wk  stm32f7xx_hal.o [1]
HAL_MspInit             0x08018c59     0x2  Code  Wk  stm32f7xx_hal.o [1]
HAL_NVIC_DisableIRQ     0x0801825b    0x12  Code  Gb  stm32f7xx_hal_cortex.o [1]
HAL_NVIC_EnableIRQ      0x08018249    0x12  Code  Gb  stm32f7xx_hal_cortex.o [1]
HAL_NVIC_SetPriority    0x080181f7    0x52  Code  Gb  stm32f7xx_hal_cortex.o [1]
HAL_NVIC_SetPriorityGrouping
                        0x080181dd    0x1a  Code  Gb  stm32f7xx_hal_cortex.o [1]
HAL_PCDEx_ActivateLPM   0x0801e8f3    0x26  Code  Gb  stm32f7xx_hal_pcd_ex.o [1]
HAL_PCDEx_LPM_Callback  0x0801e919     0x2  Code  Wk  stm32f7xx_hal_pcd_ex.o [1]
HAL_PCDEx_SetRxFiFo     0x0801e8eb     0x8  Code  Gb  stm32f7xx_hal_pcd_ex.o [1]
HAL_PCDEx_SetTxFiFo     0x0801e8a9    0x42  Code  Gb  stm32f7xx_hal_pcd_ex.o [1]
HAL_PCD_ConnectCallback
                        0x0801d683     0x8  Code  Gb  usbd_conf_f4.o [1]
HAL_PCD_DataInStageCallback
                        0x0801d629    0x12  Code  Gb  usbd_conf_f4.o [1]
HAL_PCD_DataOutStageCallback
                        0x0801d615    0x14  Code  Gb  usbd_conf_f4.o [1]
HAL_PCD_DisconnectCallback
                        0x0801d68b     0x8  Code  Gb  usbd_conf_f4.o [1]
HAL_PCD_EP_Close        0x0801e60f    0x46  Code  Gb  stm32f7xx_hal_pcd.o [1]
HAL_PCD_EP_ClrStall     0x0801e77b    0x54  Code  Gb  stm32f7xx_hal_pcd.o [1]
HAL_PCD_EP_Flush        0x0801e7cf    0x38  Code  Gb  stm32f7xx_hal_pcd.o [1]
HAL_PCD_EP_Open         0x0801e5b1    0x5e  Code  Gb  stm32f7xx_hal_pcd.o [1]
HAL_PCD_EP_Receive      0x0801e655    0x60  Code  Gb  stm32f7xx_hal_pcd.o [1]
HAL_PCD_EP_SetStall     0x0801e715    0x66  Code  Gb  stm32f7xx_hal_pcd.o [1]
HAL_PCD_EP_Transmit     0x0801e6b5    0x60  Code  Gb  stm32f7xx_hal_pcd.o [1]
HAL_PCD_IRQHandler      0x0801e157   0x436  Code  Gb  stm32f7xx_hal_pcd.o [1]
HAL_PCD_ISOINIncompleteCallback
                        0x0801d67b     0x8  Code  Gb  usbd_conf_f4.o [1]
HAL_PCD_ISOOUTIncompleteCallback
                        0x0801d673     0x8  Code  Gb  usbd_conf_f4.o [1]
HAL_PCD_Init            0x0801e06f    0xbe  Code  Gb  stm32f7xx_hal_pcd.o [1]
HAL_PCD_MspInit         0x0801d591    0x78  Code  Gb  usbd_conf_f4.o [1]
HAL_PCD_ResetCallback   0x0801d643    0x20  Code  Gb  usbd_conf_f4.o [1]
HAL_PCD_ResumeCallback  0x0801d66b     0x8  Code  Gb  usbd_conf_f4.o [1]
HAL_PCD_SOFCallback     0x0801d63b     0x8  Code  Gb  usbd_conf_f4.o [1]
HAL_PCD_SetAddress      0x0801e58d    0x24  Code  Gb  stm32f7xx_hal_pcd.o [1]
HAL_PCD_SetupStageCallback
                        0x0801d609     0xc  Code  Gb  usbd_conf_f4.o [1]
HAL_PCD_Start           0x0801e12d    0x2a  Code  Gb  stm32f7xx_hal_pcd.o [1]
HAL_PCD_SuspendCallback
                        0x0801d663     0x8  Code  Gb  usbd_conf_f4.o [1]
HAL_PWREx_EnableOverDrive
                        0x0801bcd9    0x6c  Code  Gb  stm32f7xx_hal_pwr_ex.o [1]
HAL_RCCEx_GetPeriphCLKConfig
                        0x080191b5   0x14c  Code  Gb  stm32f7xx_hal_rcc_ex.o [1]
HAL_RCCEx_PeriphCLKConfig
                        0x08018cb5   0x500  Code  Gb  stm32f7xx_hal_rcc_ex.o [1]
HAL_RCC_ClockConfig     0x0801ba67   0x1e0  Code  Gb  stm32f7xx_hal_rcc.o [1]
HAL_RCC_GetHCLKFreq     0x0801bc8b    0x22  Code  Gb  stm32f7xx_hal_rcc.o [1]
HAL_RCC_GetSysClockFreq
                        0x0801bc47    0x44  Code  Gb  stm32f7xx_hal_rcc.o [1]
HAL_RCC_OscConfig       0x0801b705   0x362  Code  Gb  stm32f7xx_hal_rcc.o [1]
HAL_SPI_ErrorCallback   0x08017d5f     0x2  Code  Wk  stm32f7xx_hal_spi.o [1]
HAL_SPI_Init            0x08017a09    0xba  Code  Gb  stm32f7xx_hal_spi.o [1]
HAL_SPI_MspInit         0x080163e9   0x420  Code  Gb  waverecorder.o [1]
HAL_SPI_Receive_DMA     0x08017ac3   0x108  Code  Gb  stm32f7xx_hal_spi.o [1]
HAL_SPI_RxCpltCallback  0x08016831    0x6c  Code  Gb  waverecorder.o [1]
HAL_SPI_RxHalfCpltCallback
                        0x08017d5b     0x2  Code  Wk  stm32f7xx_hal_spi.o [1]
HAL_SPI_TransmitReceive_DMA
                        0x08017bcb   0x18e  Code  Gb  stm32f7xx_hal_spi.o [1]
HAL_SPI_TxRxCpltCallback
                        0x08017d59     0x2  Code  Wk  stm32f7xx_hal_spi.o [1]
HAL_SPI_TxRxHalfCpltCallback
                        0x08017d5d     0x2  Code  Wk  stm32f7xx_hal_spi.o [1]
HAL_SYSTICK_Config      0x0801826d    0x22  Code  Gb  stm32f7xx_hal_cortex.o [1]
HAL_UART_ErrorCallback  0x0801f5ef     0x2  Code  Wk  stm32f7xx_hal_uart.o [1]
HAL_UART_IRQHandler     0x0801f4e9   0x102  Code  Gb  stm32f7xx_hal_uart.o [1]
HAL_UART_RxCpltCallback
                        0x0801f5ed     0x2  Code  Wk  stm32f7xx_hal_uart.o [1]
HAL_UART_TxCpltCallback
                        0x0801f5eb     0x2  Code  Wk  stm32f7xx_hal_uart.o [1]
HEAP$$Base              0x20033558           --   Gb  - Linker created -
HEAP$$Limit             0x20035558           --   Gb  - Linker created -
HardFault_Handler       0x0801fadb     0x2  Code  Gb  stm32f7xx_it.o [1]
I2C1_EV_IRQHandler      0x0801fb11     0x6  Code  Gb  stm32f7xx_it.o [1]
I2C2_EV_IRQHandler      0x0801fb17     0x6  Code  Gb  stm32f7xx_it.o [1]
I2C_IsAcknowledgeFailed
                        0x0801c651    0x8e  Code  Lc  stm32f7xx_hal_i2c.o [1]
I2C_MasterReceive_ISR   0x0801c3b7   0x122  Code  Lc  stm32f7xx_hal_i2c.o [1]
I2C_MasterTransmit_ISR  0x0801c295   0x122  Code  Lc  stm32f7xx_hal_i2c.o [1]
I2C_SlaveReceive_ISR    0x0801c599    0xac  Code  Lc  stm32f7xx_hal_i2c.o [1]
I2C_SlaveTransmit_ISR   0x0801c4d9    0xc0  Code  Lc  stm32f7xx_hal_i2c.o [1]
I2S2_idxTmp             0x20010034     0x2  Data  Gb  main.o [1]
I2S2_stLR               0x200313bf     0x1  Data  Gb  waverecorder.o [1]
I2S2_stLROld            0x200313c0     0x1  Data  Gb  waverecorder.o [1]
I2S3_Init               0x0801a015    0x42  Code  Gb  waveplayer _CS43L22.o [1]
InStream_Read           0x0801f765    0x22  Code  Lc  lz77_init.o [7]
IsocInBuffDummy         0x20030c38   0x180  Data  Lc  usbd_audio_in.o [1]
LowPassIIR              0x080182ad    0xa0  Code  Gb  DSP.o [1]
MIC1TO8_Init            0x080161ed    0x80  Code  Gb  waverecorder.o [1]
MX_I2C1_Init            0x0801b44b    0x36  Code  Gb  audio_codec.o [1]
MX_I2C2_Init            0x0801704b    0x2c  Code  Gb  main.o [1]
MemManage_Handler       0x0801fadd     0x2  Code  Gb  stm32f7xx_it.o [1]
NMI_Handler             0x0801fad9     0x2  Code  Gb  stm32f7xx_it.o [1]
NoiseBG                 0x08018434   0x800  Data  Gb  DSP.o [1]
OTG_FS_IRQHandler       0x0801fb1d     0x6  Code  Gb  stm32f7xx_it.o [1]
OutStream_Write         0x0801f787    0x40  Code  Lc  lz77_init.o [7]
OutputDev               0x20011610     0x1  Data  Gb  audio_codec.o [1]
PCD_WriteEmptyTxFifo    0x0801e807    0xa0  Code  Lc  stm32f7xx_hal_pcd.o [1]
PCM_Buffer1             0x2001d784  0x4000  Data  Gb  audio_application.o [1]
PCM_Buffer2             0x20021784  0x4000  Data  Gb  audio_application.o [1]
PDM2PCMSDO78            0x080168ad   0x1ca  Code  Gb  waverecorder.o [1]
PDM_Filter_64_LSB       0x080175a9   0x31e  Code  Gb  pdm_filter.o [5]
PDM_Filter_Init         0x080173a9   0x1fe  Code  Gb  pdm_filter.o [5]
PendSV_Handler          0x0801fae7     0x2  Code  Gb  stm32f7xx_it.o [1]
Region$$Table$$Base     0x0801fc18           --   Gb  - Linker created -
Region$$Table$$Limit    0x0801fc44           --   Gb  - Linker created -
S                       0x20011268    0x18  Data  Gb  main.o [1]
SPI1_IRQHandler         0x08015b61   0x1e2  Code  Gb  waverecorder.o [1]
SPI2_IRQHandler         0x08015d43   0x1c4  Code  Gb  waverecorder.o [1]
SPI3_IRQHandler         0x0801ad13     0xa  Code  Gb  audio_codec.o [1]
SPI4_IRQHandler         0x08015f07   0x1e8  Code  Gb  waverecorder.o [1]
SPI4_Init               0x0801629d    0x56  Code  Gb  waverecorder.o [1]
SPI4_stNipple           0x200313d2     0x2  Data  Gb  waverecorder.o [1]
SPI4_stPosShft          0x200313be     0x1  Data  Gb  waverecorder.o [1]
SPI5_IRQHandler         0x080160ef    0x82  Code  Gb  waverecorder.o [1]
SPI5_Init               0x080162f5    0x8a  Code  Gb  waverecorder.o [1]
SPI6_IRQHandler         0x08016171    0x7c  Code  Gb  waverecorder.o [1]
SPI6_Init               0x0801637f    0x4c  Code  Gb  waverecorder.o [1]
SPI_DMAError            0x080181b5    0x26  Code  Lc  stm32f7xx_hal_spi.o [1]
SPI_DMAHalfReceiveCplt  0x08018195     0xe  Code  Lc  stm32f7xx_hal_spi.o [1]
SPI_DMAHalfTransmitReceiveCplt
                        0x080181a5     0xe  Code  Lc  stm32f7xx_hal_spi.o [1]
SPI_DMAReceiveCplt      0x08017d61   0x220  Code  Lc  stm32f7xx_hal_spi.o [1]
SPI_DMATransmitReceiveCplt
                        0x08017f81   0x214  Code  Lc  stm32f7xx_hal_spi.o [1]
STA321MP_Ini            0x0801a071   0x54a  Code  Gb  sta321mp.o [1]
STACoefSet              0x0801a619   0x2e4  Code  Gb  sta321mp.o [1]
SVC_Handler             0x0801fae3     0x2  Code  Gb  stm32f7xx_it.o [1]
Send_Audio_to_USB       0x0801ddfb     0xa  Code  Gb  usbd_audio_if.o [1]
StartRecMic7_8          0x0801626d    0x30  Code  Gb  waverecorder.o [1]
SubFrameFinished        0x08017079    0x8e  Code  Gb  main.o [1]
SumDelay                0x08016f89    0x7a  Code  Gb  main.o [1]
SysTick_Handler         0x0801fae9    0x20  Code  Gb  stm32f7xx_it.o [1]
SystemClock_Config      0x08016dbb    0xa0  Code  Lc  main.o [1]
SystemCoreClock         0x20011734     0x4  Data  Gb  system_stm32f7xx.o [1]
SystemInit              0x0801fb41    0x3c  Code  Gb  system_stm32f7xx.o [1]
T0                      0x20011284   0x100  Data  Gb  pdm_filter.o [5]
T1                      0x20011384   0x100  Data  Gb  pdm_filter.o [5]
T2                      0x20011484   0x100  Data  Gb  pdm_filter.o [5]
TestSDO7                0x20028798  0x2000  Data  Gb  waverecorder.o [1]
TestSDO7_1              0x2002c798  0x2000  Data  Gb  waverecorder.o [1]
TestSDO8                0x2002a798  0x2000  Data  Gb  waverecorder.o [1]
TestSDO8_1              0x2002e798  0x2000  Data  Gb  waverecorder.o [1]
UART_Receive_IT         0x0801f6d1    0x94  Code  Lc  stm32f7xx_hal_uart.o [1]
UART_Transmit_IT        0x0801f5f1    0xe0  Code  Lc  stm32f7xx_hal_uart.o [1]
USART3_IRQHandler       0x0801fb0b     0x6  Code  Gb  stm32f7xx_it.o [1]
USART6_IRQHandler       0x0801fb09     0x2  Code  Gb  stm32f7xx_it.o [1]
USBD_AUDIO              0x200116bc    0x38  Data  Gb  usbd_audio_in.o [1]
USBD_AUDIO_CfgDesc      0x20030bbc    0x78  Data  Lc  usbd_audio_in.o [1]
USBD_AUDIO_ConfigStrDescriptor
                        0x0801f97d    0x14  Code  Gb  usbd_desc.o [1]
USBD_AUDIO_DataIn       0x080196a3    0xc6  Code  Lc  usbd_audio_in.o [1]
USBD_AUDIO_DataOut      0x080197b1     0x4  Code  Lc  usbd_audio_in.o [1]
USBD_AUDIO_Data_Transfer
                        0x080197bf    0xe0  Code  Gb  usbd_audio_in.o [1]
USBD_AUDIO_DeInit       0x08019585    0x26  Code  Lc  usbd_audio_in.o [1]
USBD_AUDIO_DeviceDescriptor
                        0x0801f929     0x8  Code  Gb  usbd_desc.o [1]
USBD_AUDIO_DeviceQualifierDesc
                        0x2001175c     0xc  Data  Lc  usbd_audio_in.o [1]
USBD_AUDIO_EP0_RxReady  0x08019769    0x38  Code  Lc  usbd_audio_in.o [1]
USBD_AUDIO_EP0_TxReady  0x080197a1     0x4  Code  Lc  usbd_audio_in.o [1]
USBD_AUDIO_GetCfgDesc   0x08019699     0xa  Code  Lc  usbd_audio_in.o [1]
USBD_AUDIO_GetDeviceQualifierDesc
                        0x080197b5     0xa  Code  Lc  usbd_audio_in.o [1]
USBD_AUDIO_Init         0x0801951d    0x68  Code  Lc  usbd_audio_in.o [1]
USBD_AUDIO_Init_Microphone_Descriptor
                        0x080198a9   0x4a8  Code  Gb  usbd_audio_in.o [1]
USBD_AUDIO_InterfaceStrDescriptor
                        0x0801f991    0x14  Code  Gb  usbd_desc.o [1]
USBD_AUDIO_IsoINIncomplete
                        0x080197a9     0x4  Code  Lc  usbd_audio_in.o [1]
USBD_AUDIO_IsoOutIncomplete
                        0x080197ad     0x4  Code  Lc  usbd_audio_in.o [1]
USBD_AUDIO_LangIDStrDescriptor
                        0x0801f931     0x8  Code  Gb  usbd_desc.o [1]
USBD_AUDIO_ManufacturerStrDescriptor
                        0x0801f94d    0x14  Code  Gb  usbd_desc.o [1]
USBD_AUDIO_ProductStrDescriptor
                        0x0801f939    0x14  Code  Gb  usbd_desc.o [1]
USBD_AUDIO_RegisterInterface
                        0x0801989f     0xa  Code  Gb  usbd_audio_in.o [1]
USBD_AUDIO_SOF          0x080197a5     0x4  Code  Lc  usbd_audio_in.o [1]
USBD_AUDIO_SerialStrDescriptor
                        0x0801f961    0x1c  Code  Gb  usbd_desc.o [1]
USBD_AUDIO_Setup        0x080195ab    0xee  Code  Lc  usbd_audio_in.o [1]
USBD_AUDIO_fops         0x200116f4    0x24  Data  Gb  usbd_audio_if.o [1]
USBD_ClrClassConfig     0x08019dcd    0x12  Code  Gb  usbd_core.o [1]
USBD_CtlContinueRx      0x0801d81b    0x14  Code  Gb  usbd_ioreq.o [1]
USBD_CtlContinueSendData
                        0x0801d7e5    0x14  Code  Gb  usbd_ioreq.o [1]
USBD_CtlError           0x0801dc55    0x16  Code  Gb  usbd_ctlreq.o [1]
USBD_CtlPrepareRx       0x0801d7f9    0x22  Code  Gb  usbd_ioreq.o [1]
USBD_CtlReceiveStatus   0x0801d849    0x1a  Code  Gb  usbd_ioreq.o [1]
USBD_CtlSendData        0x0801d7c7    0x1e  Code  Gb  usbd_ioreq.o [1]
USBD_CtlSendStatus      0x0801d82f    0x1a  Code  Gb  usbd_ioreq.o [1]
USBD_GetDescriptor      0x0801db1d   0x110  Code  Lc  usbd_ctlreq.o [1]
USBD_GetString          0x0801dc6d    0x4c  Code  Gb  usbd_ctlreq.o [1]
USBD_Init               0x08019d69    0x30  Code  Gb  usbd_core.o [1]
USBD_LL_ClearStallEP    0x0801d761    0x12  Code  Gb  usbd_conf_f4.o [1]
USBD_LL_CloseEP         0x0801d72b    0x12  Code  Gb  usbd_conf_f4.o [1]
USBD_LL_DataInStage     0x08019eb1    0xb2  Code  Gb  usbd_core.o [1]
USBD_LL_DataOutStage    0x08019e43    0x6e  Code  Gb  usbd_core.o [1]
USBD_LL_DevConnected    0x08019fef     0x4  Code  Gb  usbd_core.o [1]
USBD_LL_DevDisconnected
                        0x08019ff3    0x1c  Code  Gb  usbd_core.o [1]
USBD_LL_FlushEP         0x0801d73d    0x12  Code  Gb  usbd_conf_f4.o [1]
USBD_LL_Init            0x0801d693    0x60  Code  Gb  usbd_conf_f4.o [1]
USBD_LL_IsStallEP       0x0801d773    0x1e  Code  Gb  usbd_conf_f4.o [1]
USBD_LL_IsoINIncomplete
                        0x08019fe7     0x4  Code  Gb  usbd_core.o [1]
USBD_LL_IsoOUTIncomplete
                        0x08019feb     0x4  Code  Gb  usbd_core.o [1]
USBD_LL_OpenEP          0x0801d717    0x14  Code  Gb  usbd_conf_f4.o [1]
USBD_LL_PrepareReceive  0x0801d7b5    0x12  Code  Gb  usbd_conf_f4.o [1]
USBD_LL_Reset           0x08019f63    0x42  Code  Gb  usbd_core.o [1]
USBD_LL_Resume          0x08019fbd     0xc  Code  Gb  usbd_core.o [1]
USBD_LL_SOF             0x08019fc9    0x1e  Code  Gb  usbd_core.o [1]
USBD_LL_SetSpeed        0x08019fa5     0x6  Code  Gb  usbd_core.o [1]
USBD_LL_SetUSBAddress   0x0801d791    0x12  Code  Gb  usbd_conf_f4.o [1]
USBD_LL_SetupStage      0x08019ddf    0x64  Code  Gb  usbd_core.o [1]
USBD_LL_StallEP         0x0801d74f    0x12  Code  Gb  usbd_conf_f4.o [1]
USBD_LL_Start           0x0801d705    0x12  Code  Gb  usbd_conf_f4.o [1]
USBD_LL_Suspend         0x08019fab    0x12  Code  Gb  usbd_core.o [1]
USBD_LL_Transmit        0x0801d7a3    0x12  Code  Gb  usbd_conf_f4.o [1]
USBD_LangIDDesc         0x20011774     0x4  Data  Gb  usbd_desc.o [1]
USBD_ParseSetupRequest  0x0801dc2d    0x28  Code  Gb  usbd_ctlreq.o [1]
USBD_RegisterClass      0x08019d99    0x10  Code  Gb  usbd_core.o [1]
USBD_SetClassConfig     0x08019db7    0x16  Code  Gb  usbd_core.o [1]
USBD_Start              0x08019da9     0xe  Code  Gb  usbd_core.o [1]
USBD_StdDevReq          0x0801d865   0x15e  Code  Gb  usbd_ctlreq.o [1]
USBD_StdEPReq           0x0801da11   0x10c  Code  Gb  usbd_ctlreq.o [1]
USBD_StdItfReq          0x0801d9c9    0x46  Code  Gb  usbd_ctlreq.o [1]
USBD_StrDesc            0x200311d4    0xc8  Data  Gb  usbd_desc.o [1]
USB_ActivateEndpoint    0x0801ee59    0x8c  Code  Gb  stm32f7xx_ll_usb.o [1]
USB_ActivateSetup       0x0801f46f    0x2e  Code  Gb  stm32f7xx_ll_usb.o [1]
USB_CoreInit            0x0801ebc1    0xa0  Code  Gb  stm32f7xx_ll_usb.o [1]
USB_DeactivateEndpoint  0x0801eee5    0x68  Code  Gb  stm32f7xx_ll_usb.o [1]
USB_DevConnect          0x0801f3d7    0x1c  Code  Gb  stm32f7xx_ll_usb.o [1]
USB_DevDisconnect       0x0801f3f3    0x1c  Code  Gb  stm32f7xx_ll_usb.o [1]
USB_DevInit             0x0801eca9   0x144  Code  Gb  stm32f7xx_ll_usb.o [1]
USB_DisableGlobalInt    0x0801ec6d     0xc  Code  Gb  stm32f7xx_ll_usb.o [1]
USB_EP0StartXfer        0x0801f175   0x146  Code  Gb  stm32f7xx_ll_usb.o [1]
USB_EP0_OutStart        0x0801f49d    0x30  Code  Gb  stm32f7xx_ll_usb.o [1]
USB_EPClearStall        0x0801f361    0x5a  Code  Gb  stm32f7xx_ll_usb.o [1]
USB_EPSetStall          0x0801f30f    0x52  Code  Gb  stm32f7xx_ll_usb.o [1]
USB_EPStartXfer         0x0801ef4d   0x228  Code  Gb  stm32f7xx_ll_usb.o [1]
USB_EnableGlobalInt     0x0801ec61     0xc  Code  Gb  stm32f7xx_ll_usb.o [1]
USB_FlushRxFifo         0x0801ee0b    0x1a  Code  Gb  stm32f7xx_ll_usb.o [1]
USB_FlushTxFifo         0x0801eded    0x1e  Code  Gb  stm32f7xx_ll_usb.o [1]
USB_GetDevSpeed         0x0801ee25    0x34  Code  Gb  stm32f7xx_ll_usb.o [1]
USB_GetMode             0x0801f467     0x8  Code  Gb  stm32f7xx_ll_usb.o [1]
USB_ReadDevAllInEpInterrupt
                        0x0801f425     0xe  Code  Gb  stm32f7xx_ll_usb.o [1]
USB_ReadDevAllOutEpInterrupt
                        0x0801f417     0xe  Code  Gb  stm32f7xx_ll_usb.o [1]
USB_ReadDevInEPInterrupt
                        0x0801f447    0x20  Code  Gb  stm32f7xx_ll_usb.o [1]
USB_ReadDevOutEPInterrupt
                        0x0801f433    0x14  Code  Gb  stm32f7xx_ll_usb.o [1]
USB_ReadInterrupts      0x0801f40f     0x8  Code  Gb  stm32f7xx_ll_usb.o [1]
USB_ReadPacket          0x0801f2f1    0x1e  Code  Gb  stm32f7xx_ll_usb.o [1]
USB_SetCurrentMode      0x0801ec79    0x2e  Code  Gb  stm32f7xx_ll_usb.o [1]
USB_SetDevAddress       0x0801f3bb    0x1c  Code  Gb  stm32f7xx_ll_usb.o [1]
USB_WritePacket         0x0801f2bd    0x34  Code  Gb  stm32f7xx_ll_usb.o [1]
UsageFault_Handler      0x0801fae1     0x2  Code  Gb  stm32f7xx_it.o [1]
VOL_CUR                 0x20030c34     0x2  Data  Lc  usbd_audio_in.o [1]
Volume                  0x20011611     0x1  Data  Gb  audio_codec.o [1]
WaveRec_idxSens1        0x20010036     0x2  Data  Gb  main.o [1]
WaveRec_idxSens2        0x20010038     0x2  Data  Gb  main.o [1]
WaveRec_idxSens3        0x20010032     0x2  Data  Gb  main.o [1]
WaveRec_idxSens4        0x20010030     0x2  Data  Gb  main.o [1]
WaveRec_idxSens5        0x2001003a     0x2  Data  Gb  main.o [1]
WaveRec_idxSens6        0x2001003c     0x2  Data  Gb  main.o [1]
WaveRec_idxTest         0x200313c4     0x2  Data  Gb  waverecorder.o [1]
WaveRecord_flgIni       0x20031554     0x1  Data  Gb  waverecorder.o [1]
WaveRecord_flgInt       0x200313bd     0x1  Data  Gb  waverecorder.o [1]
WaveRecord_flgSDO7Finish
                        0x20030eea     0x1  Data  Gb  waverecorder.o [1]
WaveRecord_flgSDO8Finish
                        0x20030eeb     0x1  Data  Gb  waverecorder.o [1]
Window                  0x0801834d    0x72  Code  Gb  DSP.o [1]
WriteCoef               0x0801a8fd   0x1fe  Code  Gb  sta321mp.o [1]
WriteSTAByte            0x0801a5bd    0x5a  Code  Gb  sta321mp.o [1]
__aeabi_cdcmpeq         0x0801e9f9          Code  Gb  DblCmpEq.o [6]
__aeabi_cdcmple         0x0801de8d          Code  Gb  DblCmpLe.o [6]
__aeabi_cdrcmple        0x0801debd          Code  Gb  DblCmpGe.o [6]
__aeabi_cfcmpeq         0x0801c6e5          Code  Gb  FltCmpEq.o [6]
__aeabi_cfcmple         0x0801c711          Code  Gb  FltCmpLe.o [6]
__aeabi_d2f             0x0801ccf9          Code  Gb  DblToFlt.o [6]
__aeabi_d2iz            0x0801cb09          Code  Gb  DblToI32.o [6]
__aeabi_dadd            0x0801ca21          Code  Gb  DblAdd.o [6]
__aeabi_ddiv            0x0801c7c9          Code  Gb  DblDiv.o [6]
__aeabi_dmul            0x0801cb55          Code  Gb  DblMul.o [6]
__aeabi_dsub            0x0801d1ed          Code  Gb  DblSub.o [6]
__aeabi_errno_addr      0x0801deed     0x6  Code  Gb  errno.o [3]
__aeabi_f2d             0x0801c749          Code  Gb  FltToDbl.o [6]
__aeabi_fmul            0x0801c735    0x12  Code  Gb  FltMul.o [6]
__aeabi_i2d             0x0801c799          Code  Gb  I32ToDbl.o [6]
__aeabi_ldiv0           0x0801e06d          Code  Gb  I64DivZer.o [7]
__aeabi_ldivmod         0x0801d45d          Code  Gb  I64DivMod.o [7]
__aeabi_memclr          0x0801dcb9          Code  Gb  ABImemclr.o [7]
__aeabi_ui2d            0x0801c7ad          Code  Gb  I32ToDbl.o [6]
__aeabi_ui2f            0x0801c701     0xe  Code  Gb  U32ToFlt.o [6]
__aeabi_uldivmod        0x0801d4a1          Code  Gb  I64DivMod.o [7]
__cmain                 0x0801fc45          Code  Gb  cmain.o [7]
__data_GetMemChunk      0x08014b19    0x2c  Code  Gb  xgetmemchunk.o [3]
__exit                  0x08014b45    0x14  Code  Gb  exit.o [8]
__iar_Dint              0x0801e97d    0x7a  Code  Gb  xdint.o [6]
__iar_Errno             0x20011778     0x4  Data  Gb  errno.o [3]
__iar_Memset_word       0x0801e91d          Code  Gb  ABImemset.o [7]
__iar_Quad              0x0801def9   0x12c  Code  Gb  xquad.o [6]
__iar_Sin               0x0801cd89   0x3b2  Code  Gb  xsin.o [6]
__iar_close_ttio        0x08014b59    0x2e  Code  Gb  iarttio.o [8]
__iar_d2uiz             0x0801cb35          Code  Gb  DblToI32.o [6]
__iar_dadd              0x0801ca35          Code  Gb  DblAdd.o [6]
__iar_data_init3        0x0801fbcd    0x28  Code  Gb  data_init.o [7]
__iar_dlfree            0x080145f7   0x510  Code  Gb  dlmalloc.o [3]
__iar_dlib_perthread_access
                        0x0801e97b     0x2  Code  Gb  xtls.o [3]
__iar_dlmalloc          0x08014341   0x2aa  Code  Gb  dlmalloc.o [3]
__iar_dsub              0x0801d201          Code  Gb  DblSub.o [6]
__iar_dsubStart         0x0801d213          Code  Gb  DblSub.o [6]
__iar_edom              0x0801e061          Code  Gb  iarEdom.o [7]
__iar_fmod              0x0801ea19          Code  Gb  fmod.o [6]
__iar_fmodl             0x0801ea19          Code  Gb  fmod.o [6]
__iar_init_vfp          0x0801fbf5          Code  Gb  fpinit_M.o [6]
__iar_lookup_ttioh      0x08014b89     0x8  Code  Gb  XShttio.o [3]
__iar_lz77_init3        0x0801f7c7   0x162  Code  Gb  lz77_init.o [7]
__iar_program_start     0x0801fc85          Code  Gb  cstartup_M.o [7]
__iar_sqrt              0x0801d36d          Code  Gb  sqrt.o [6]
__iar_ttio_handles      0x20011768     0x8  Data  Lc  XShttio.o [3]
__iar_ui2d              0x0801c7b1          Code  Gb  I32ToDbl.o [6]
__iar_unaligned___aeabi_memcpy
                        0x0801dcc1          Code  Gb  ABImemcpy_unaligned.o [7]
__iar_unaligned___aeabi_memcpy4
                        0x0801dce1          Code  Gb  ABImemcpy_unaligned.o [7]
__iar_unaligned___aeabi_memcpy8
                        0x0801dce1          Code  Gb  ABImemcpy_unaligned.o [7]
__iar_vfp___iar_Sin     0x0801d1d9    0x12  Code  Gb  xsin.o [6]
__iar_zero_init3        0x0801fb8d    0x40  Code  Gb  zero_init3.o [7]
__low_level_init        0x0801fc5f     0x4  Code  Gb  low_level_init.o [3]
__vector_table          0x08000000          Data  Gb  startup_stm32f746xx.o [1]
_call_main              0x0801fc51          Code  Gb  cmain.o [7]
_exit                   0x0801fc69          Code  Gb  cexit.o [7]
_gm_                    0x20030ffc   0x1d8  Data  Lc  dlmalloc.o [3]
_main                   0x0801fc5b          Code  Gb  cmain.o [7]
abort                   0x08014b11     0x6  Code  Gb  abort.o [3]
armBitRevIndexTable1024
                        0x08008ad0   0xe10  Data  Gb  arm_common_tables.o [4]
armBitRevIndexTable128  0x08008240   0x1a0  Data  Gb  arm_common_tables.o [4]
armBitRevIndexTable16   0x08008148    0x28  Data  Gb  arm_common_tables.o [4]
armBitRevIndexTable2048
                        0x080098e0  0x1dc0  Data  Gb  arm_common_tables.o [4]
armBitRevIndexTable256  0x080083e0   0x370  Data  Gb  arm_common_tables.o [4]
armBitRevIndexTable32   0x08008170    0x60  Data  Gb  arm_common_tables.o [4]
armBitRevIndexTable512  0x08008750   0x380  Data  Gb  arm_common_tables.o [4]
armBitRevIndexTable64   0x080081d0    0x70  Data  Gb  arm_common_tables.o [4]
arm_bitreversal_16      0x0801fa83          Code  Gb  arm_bitreversal2.o [4]
arm_bitreversal_32      0x0801fa19          Code  Gb  arm_bitreversal2.o [4]
arm_rfft_fast_init_f32  0x080193d9   0x144  Code  Gb  arm_rfft_fast_init_f32.o [4]
btnSW1                  0x20011770     0x1  Data  Gb  main.o [1]
btnSW2                  0x20011771     0x1  Data  Gb  main.o [1]
bufCoefBiquad           0x20011620    0x10  Data  Gb  sta321mp.o [1]
bufPCMSens7             0x20030ef4     0x4  Data  Gb  waverecorder.o [1]
bufPCMSens8             0x20030ef8     0x4  Data  Gb  waverecorder.o [1]
bufferSum               0x20025784  0x3014  Data  Gb  main.o [1]
buffer_switch           0x2001002e     0x1  Data  Gb  main.o [1]
cntBtnPress             0x20011772     0x1  Data  Gb  main.o [1]
cntOS                   0x20031544     0x4  Data  Gb  stm32f7xx_it.o [1]
cntPos                  0x20030ef0     0x2  Data  Gb  waverecorder.o [1]
cntPos7                 0x20030ef2     0x2  Data  Gb  waverecorder.o [1]
cntRisingEXTI           0x2003154c     0x2  Data  Gb  main.o [1]
cntStrt                 0x20031550     0x2  Data  Gb  waverecorder.o [1]
cntTime200              0x20010040     0x2  Data  Gb  main.o [1]
exit                    0x0801fc63     0x4  Code  Gb  exit.o [3]
fir256Coff              0x20010268  0x1000  Data  Gb  main.o [1]
flg10ms                 0x2001002d     0x1  Data  Gb  main.o [1]
flgDlyUpd               0x2001002c     0x1  Data  Gb  main.o [1]
flgRacing               0x200313bc     0x1  Data  Gb  waverecorder.o [1]
fmod                    0x0801ea19          Code  Gb  fmod.o [6]
fmodl                   0x0801ea19          Code  Gb  fmod.o [6]
hUSBDDevice             0x20010044   0x224  Data  Gb  main.o [1]
hUSBDDeviceDesc         0x20011748    0x14  Data  Gb  usbd_desc.o [1]
haudioInstance          0x20030b58    0x64  Data  Lc  usbd_audio_in.o [1]
hdma_spi5_rx            0x2003129c    0x50  Data  Gb  waverecorder.o [1]
hdma_spi6_rx            0x200312ec    0x50  Data  Gb  waverecorder.o [1]
hi2c1                   0x200115d4    0x3c  Data  Gb  audio_codec.o [1]
hi2c2                   0x200314e8    0x3c  Data  Gb  audio_codec.o [1]
hi2s1                   0x2003133c    0x40  Data  Gb  waverecorder.o [1]
hi2s2                   0x2003137c    0x40  Data  Gb  waverecorder.o [1]
hi2s3                   0x200314a8    0x40  Data  Gb  waveplayer _CS43L22.o [1]
hpcd                    0x20030798   0x3c0  Data  Gb  usbd_conf_f4.o [1]
hspi4                   0x20031444    0x64  Data  Gb  main.o [1]
hspi5                   0x20030db8    0x64  Data  Gb  waverecorder.o [1]
hspi6                   0x20030e1c    0x64  Data  Gb  waverecorder.o [1]
huart3                  0x200313d4    0x70  Data  Gb  main.o [1]
idxFrmPDMMic8           0x2003154e     0x2  Data  Gb  waverecorder.o [1]
idxMic7                 0x20030eee     0x2  Data  Gb  waverecorder.o [1]
idxMic8                 0x20030eec     0x2  Data  Gb  waverecorder.o [1]
idxSPI5DataBuf3         0x2001003e     0x2  Data  Gb  main.o [1]
init_mparams            0x0801363b    0x32  Code  Lc  dlmalloc.o [3]
init_top                0x0801366d    0x34  Code  Lc  dlmalloc.o [3]
main                    0x08016ae1   0x2da  Code  Gb  main.o [1]
mparams                 0x20031524    0x18  Data  Lc  dlmalloc.o [3]
pDataMic7               0x20030f7c    0x80  Data  Gb  waverecorder.o [1]
pDataMic8               0x20030efc    0x80  Data  Gb  waverecorder.o [1]
pcSTAComnd              0x20011644    0x50  Data  Gb  sta321mp.o [1]
pcSTAComnd1             0x20011694     0x2  Data  Gb  sta321mp.o [1]
pcSTAComnd2             0x20011698    0x24  Data  Gb  sta321mp.o [1]
prepend_alloc           0x080136a1   0x36c  Code  Lc  dlmalloc.o [3]
segment_holding         0x08013621    0x1a  Code  Lc  dlmalloc.o [3]
sqrt                    0x0801d36d          Code  Gb  sqrt.o [6]
sqrtl                   0x0801d36d          Code  Gb  sqrt.o [6]
stm32_crc               0x20011280     0x4  Data  Gb  pdm_filter.o [5]
swtBufUSBOut            0x20031552     0x1  Data  Gb  audio_application.o [1]
swtSDO7                 0x20030ee8     0x1  Data  Gb  waverecorder.o [1]
swtSDO8                 0x20030ee9     0x1  Data  Gb  waverecorder.o [1]
sys_alloc               0x08013a0d   0x386  Code  Lc  dlmalloc.o [3]
tmalloc_large           0x08013da1   0x390  Code  Lc  dlmalloc.o [3]
tmalloc_small           0x08014131   0x210  Code  Lc  dlmalloc.o [3]
twiddleCoef_1024        0x08002148  0x2000  Data  Gb  arm_common_tables.o [4]
twiddleCoef_128         0x08000548   0x400  Data  Gb  arm_common_tables.o [4]
twiddleCoef_16          0x080001c8    0x80  Data  Gb  arm_common_tables.o [4]
twiddleCoef_2048        0x08004148  0x4000  Data  Gb  arm_common_tables.o [4]
twiddleCoef_256         0x08000948   0x800  Data  Gb  arm_common_tables.o [4]
twiddleCoef_32          0x08000248   0x100  Data  Gb  arm_common_tables.o [4]
twiddleCoef_512         0x08001148  0x1000  Data  Gb  arm_common_tables.o [4]
twiddleCoef_64          0x08000348   0x200  Data  Gb  arm_common_tables.o [4]
twiddleCoef_rfft_1024   0x0800c620  0x1000  Data  Gb  arm_common_tables.o [4]
twiddleCoef_rfft_128    0x0800b820   0x200  Data  Gb  arm_common_tables.o [4]
twiddleCoef_rfft_2048   0x0800d620  0x2000  Data  Gb  arm_common_tables.o [4]
twiddleCoef_rfft_256    0x0800ba20   0x400  Data  Gb  arm_common_tables.o [4]
twiddleCoef_rfft_32     0x0800b6a0    0x80  Data  Gb  arm_common_tables.o [4]
twiddleCoef_rfft_4096   0x0800f620  0x4000  Data  Gb  arm_common_tables.o [4]
twiddleCoef_rfft_512    0x0800be20   0x800  Data  Gb  arm_common_tables.o [4]
twiddleCoef_rfft_64     0x0800b720   0x100  Data  Gb  arm_common_tables.o [4]
uwTick                  0x20031540     0x4  Data  Lc  stm32f7xx_hal.o [1]
vRawSens1               0x200313c6     0x2  Data  Gb  waverecorder.o [1]
vRawSens2               0x200313c8     0x2  Data  Gb  waverecorder.o [1]
vRawSens3               0x200313cc     0x2  Data  Gb  waverecorder.o [1]
vRawSens4               0x200313ca     0x2  Data  Gb  waverecorder.o [1]
vRawSens5               0x200313ce     0x2  Data  Gb  waverecorder.o [1]
vRawSens6               0x200313d0     0x2  Data  Gb  waverecorder.o [1]
vol_table               0x0801de08    0x84  Data  Gb  usbd_audio_if.o [1]
volume                  0x2001177c     0x1  Data  Gb  waveplayer _CS43L22.o [1]


[1] = D:\sop1hc\Github\data\Mic_Array_V00\USB_STREAMING\Mic_Array\Projects\STM32746G\Applications\Audio\Mic_Array\EWARM\STM32F7\Obj
[2] = command line
[3] = dl7M_tlf.a
[4] = iar_cortexM7ls_math.a
[5] = libPDMFilter_CM7_IAR.a
[6] = m7M_tls.a
[7] = rt7M_tl.a
[8] = shb_l.a

   51 518 bytes of readonly  code memory
   79 827 bytes of readonly  data memory
  152 914 bytes of readwrite data memory

Errors: none
Warnings: none
