###############################################################################
#
# IAR ELF Linker V7.50.2.10312/W32 for ARM                22/Feb/2016  17:57:56
# Copyright 2007-2015 IAR Systems AB.
#
#    Output file  =  
#        D:\sop1hc\Github\data\Mic_Array_V00\USB_STREAMING\Mic_Array\Projects\STM32746G\Applications\Audio\Mic_Array\EWARM\STM32F7\Exe\Project.out
#    Map file     =  
#        D:\sop1hc\Github\data\Mic_Array_V00\USB_STREAMING\Mic_Array\Projects\STM32746G\Applications\Audio\Mic_Array\EWARM\STM32F7\List\Project.map
#    Command line =  
#        D:\sop1hc\Github\data\Mic_Array_V00\USB_STREAMING\Mic_Array\Projects\STM32746G\Applications\Audio\Mic_Array\EWARM\STM32F7\Obj\audio_application.o
#        D:\sop1hc\Github\data\Mic_Array_V00\USB_STREAMING\Mic_Array\Projects\STM32746G\Applications\Audio\Mic_Array\EWARM\STM32F7\Obj\audio_codec.o
#        D:\sop1hc\Github\data\Mic_Array_V00\USB_STREAMING\Mic_Array\Projects\STM32746G\Applications\Audio\Mic_Array\EWARM\STM32F7\Obj\DSP.o
#        D:\sop1hc\Github\data\Mic_Array_V00\USB_STREAMING\Mic_Array\Projects\STM32746G\Applications\Audio\Mic_Array\EWARM\STM32F7\Obj\ff.o
#        D:\sop1hc\Github\data\Mic_Array_V00\USB_STREAMING\Mic_Array\Projects\STM32746G\Applications\Audio\Mic_Array\EWARM\STM32F7\Obj\ft5336.o
#        D:\sop1hc\Github\data\Mic_Array_V00\USB_STREAMING\Mic_Array\Middlewares\ST\STM32_Audio\Addons\PDM\libPDMFilter_CM7_IAR.a
#        D:\sop1hc\Github\data\Mic_Array_V00\USB_STREAMING\Mic_Array\Projects\STM32746G\Applications\Audio\Mic_Array\EWARM\STM32F7\Obj\main.o
#        D:\sop1hc\Github\data\Mic_Array_V00\USB_STREAMING\Mic_Array\Projects\STM32746G\Applications\Audio\Mic_Array\EWARM\STM32F7\Obj\sta321mp.o
#        D:\sop1hc\Github\data\Mic_Array_V00\USB_STREAMING\Mic_Array\Projects\STM32746G\Applications\Audio\Mic_Array\EWARM\STM32F7\Obj\startup_stm32f746xx.o
#        D:\sop1hc\Github\data\Mic_Array_V00\USB_STREAMING\Mic_Array\Projects\STM32746G\Applications\Audio\Mic_Array\EWARM\STM32F7\Obj\stm32746g_discovery.o
#        D:\sop1hc\Github\data\Mic_Array_V00\USB_STREAMING\Mic_Array\Projects\STM32746G\Applications\Audio\Mic_Array\EWARM\STM32F7\Obj\stm32746g_discovery_lcd.o
#        D:\sop1hc\Github\data\Mic_Array_V00\USB_STREAMING\Mic_Array\Projects\STM32746G\Applications\Audio\Mic_Array\EWARM\STM32F7\Obj\stm32746g_discovery_sdram.o
#        D:\sop1hc\Github\data\Mic_Array_V00\USB_STREAMING\Mic_Array\Projects\STM32746G\Applications\Audio\Mic_Array\EWARM\STM32F7\Obj\stm32746g_discovery_ts.o
#        D:\sop1hc\Github\data\Mic_Array_V00\USB_STREAMING\Mic_Array\Projects\STM32746G\Applications\Audio\Mic_Array\EWARM\STM32F7\Obj\stm32f7xx_hal.o
#        D:\sop1hc\Github\data\Mic_Array_V00\USB_STREAMING\Mic_Array\Projects\STM32746G\Applications\Audio\Mic_Array\EWARM\STM32F7\Obj\stm32f7xx_hal_cortex.o
#        D:\sop1hc\Github\data\Mic_Array_V00\USB_STREAMING\Mic_Array\Projects\STM32746G\Applications\Audio\Mic_Array\EWARM\STM32F7\Obj\stm32f7xx_hal_dma.o
#        D:\sop1hc\Github\data\Mic_Array_V00\USB_STREAMING\Mic_Array\Projects\STM32746G\Applications\Audio\Mic_Array\EWARM\STM32F7\Obj\stm32f7xx_hal_dma2d.o
#        D:\sop1hc\Github\data\Mic_Array_V00\USB_STREAMING\Mic_Array\Projects\STM32746G\Applications\Audio\Mic_Array\EWARM\STM32F7\Obj\stm32f7xx_hal_dma_ex.o
#        D:\sop1hc\Github\data\Mic_Array_V00\USB_STREAMING\Mic_Array\Projects\STM32746G\Applications\Audio\Mic_Array\EWARM\STM32F7\Obj\stm32f7xx_hal_flash.o
#        D:\sop1hc\Github\data\Mic_Array_V00\USB_STREAMING\Mic_Array\Projects\STM32746G\Applications\Audio\Mic_Array\EWARM\STM32F7\Obj\stm32f7xx_hal_flash_ex.o
#        D:\sop1hc\Github\data\Mic_Array_V00\USB_STREAMING\Mic_Array\Projects\STM32746G\Applications\Audio\Mic_Array\EWARM\STM32F7\Obj\stm32f7xx_hal_gpio.o
#        D:\sop1hc\Github\data\Mic_Array_V00\USB_STREAMING\Mic_Array\Projects\STM32746G\Applications\Audio\Mic_Array\EWARM\STM32F7\Obj\stm32f7xx_hal_hcd.o
#        D:\sop1hc\Github\data\Mic_Array_V00\USB_STREAMING\Mic_Array\Projects\STM32746G\Applications\Audio\Mic_Array\EWARM\STM32F7\Obj\stm32f7xx_hal_i2c.o
#        D:\sop1hc\Github\data\Mic_Array_V00\USB_STREAMING\Mic_Array\Projects\STM32746G\Applications\Audio\Mic_Array\EWARM\STM32F7\Obj\stm32f7xx_hal_i2c_ex.o
#        D:\sop1hc\Github\data\Mic_Array_V00\USB_STREAMING\Mic_Array\Projects\STM32746G\Applications\Audio\Mic_Array\EWARM\STM32F7\Obj\stm32f7xx_hal_i2s.o
#        D:\sop1hc\Github\data\Mic_Array_V00\USB_STREAMING\Mic_Array\Projects\STM32746G\Applications\Audio\Mic_Array\EWARM\STM32F7\Obj\stm32f7xx_hal_ltdc.o
#        D:\sop1hc\Github\data\Mic_Array_V00\USB_STREAMING\Mic_Array\Projects\STM32746G\Applications\Audio\Mic_Array\EWARM\STM32F7\Obj\stm32f7xx_hal_pcd.o
#        D:\sop1hc\Github\data\Mic_Array_V00\USB_STREAMING\Mic_Array\Projects\STM32746G\Applications\Audio\Mic_Array\EWARM\STM32F7\Obj\stm32f7xx_hal_pcd_ex.o
#        D:\sop1hc\Github\data\Mic_Array_V00\USB_STREAMING\Mic_Array\Projects\STM32746G\Applications\Audio\Mic_Array\EWARM\STM32F7\Obj\stm32f7xx_hal_pwr.o
#        D:\sop1hc\Github\data\Mic_Array_V00\USB_STREAMING\Mic_Array\Projects\STM32746G\Applications\Audio\Mic_Array\EWARM\STM32F7\Obj\stm32f7xx_hal_pwr_ex.o
#        D:\sop1hc\Github\data\Mic_Array_V00\USB_STREAMING\Mic_Array\Projects\STM32746G\Applications\Audio\Mic_Array\EWARM\STM32F7\Obj\stm32f7xx_hal_rcc.o
#        D:\sop1hc\Github\data\Mic_Array_V00\USB_STREAMING\Mic_Array\Projects\STM32746G\Applications\Audio\Mic_Array\EWARM\STM32F7\Obj\stm32f7xx_hal_rcc_ex.o
#        D:\sop1hc\Github\data\Mic_Array_V00\USB_STREAMING\Mic_Array\Projects\STM32746G\Applications\Audio\Mic_Array\EWARM\STM32F7\Obj\stm32f7xx_hal_sai.o
#        D:\sop1hc\Github\data\Mic_Array_V00\USB_STREAMING\Mic_Array\Projects\STM32746G\Applications\Audio\Mic_Array\EWARM\STM32F7\Obj\stm32f7xx_hal_sai_ex.o
#        D:\sop1hc\Github\data\Mic_Array_V00\USB_STREAMING\Mic_Array\Projects\STM32746G\Applications\Audio\Mic_Array\EWARM\STM32F7\Obj\stm32f7xx_hal_sdram.o
#        D:\sop1hc\Github\data\Mic_Array_V00\USB_STREAMING\Mic_Array\Projects\STM32746G\Applications\Audio\Mic_Array\EWARM\STM32F7\Obj\stm32f7xx_hal_spi.o
#        D:\sop1hc\Github\data\Mic_Array_V00\USB_STREAMING\Mic_Array\Projects\STM32746G\Applications\Audio\Mic_Array\EWARM\STM32F7\Obj\stm32f7xx_hal_sram.o
#        D:\sop1hc\Github\data\Mic_Array_V00\USB_STREAMING\Mic_Array\Projects\STM32746G\Applications\Audio\Mic_Array\EWARM\STM32F7\Obj\stm32f7xx_hal_tim.o
#        D:\sop1hc\Github\data\Mic_Array_V00\USB_STREAMING\Mic_Array\Projects\STM32746G\Applications\Audio\Mic_Array\EWARM\STM32F7\Obj\stm32f7xx_hal_tim_ex.o
#        D:\sop1hc\Github\data\Mic_Array_V00\USB_STREAMING\Mic_Array\Projects\STM32746G\Applications\Audio\Mic_Array\EWARM\STM32F7\Obj\stm32f7xx_hal_uart.o
#        D:\sop1hc\Github\data\Mic_Array_V00\USB_STREAMING\Mic_Array\Projects\STM32746G\Applications\Audio\Mic_Array\EWARM\STM32F7\Obj\stm32f7xx_it.o
#        D:\sop1hc\Github\data\Mic_Array_V00\USB_STREAMING\Mic_Array\Projects\STM32746G\Applications\Audio\Mic_Array\EWARM\STM32F7\Obj\stm32f7xx_ll_fmc.o
#        D:\sop1hc\Github\data\Mic_Array_V00\USB_STREAMING\Mic_Array\Projects\STM32746G\Applications\Audio\Mic_Array\EWARM\STM32F7\Obj\stm32f7xx_ll_usb.o
#        D:\sop1hc\Github\data\Mic_Array_V00\USB_STREAMING\Mic_Array\Projects\STM32746G\Applications\Audio\Mic_Array\EWARM\STM32F7\Obj\system_stm32f7xx.o
#        D:\sop1hc\Github\data\Mic_Array_V00\USB_STREAMING\Mic_Array\Projects\STM32746G\Applications\Audio\Mic_Array\EWARM\STM32F7\Obj\usbd_audio_if.o
#        D:\sop1hc\Github\data\Mic_Array_V00\USB_STREAMING\Mic_Array\Projects\STM32746G\Applications\Audio\Mic_Array\EWARM\STM32F7\Obj\usbd_audio_in.o
#        D:\sop1hc\Github\data\Mic_Array_V00\USB_STREAMING\Mic_Array\Projects\STM32746G\Applications\Audio\Mic_Array\EWARM\STM32F7\Obj\usbd_conf_f4.o
#        D:\sop1hc\Github\data\Mic_Array_V00\USB_STREAMING\Mic_Array\Projects\STM32746G\Applications\Audio\Mic_Array\EWARM\STM32F7\Obj\usbd_core.o
#        D:\sop1hc\Github\data\Mic_Array_V00\USB_STREAMING\Mic_Array\Projects\STM32746G\Applications\Audio\Mic_Array\EWARM\STM32F7\Obj\usbd_ctlreq.o
#        D:\sop1hc\Github\data\Mic_Array_V00\USB_STREAMING\Mic_Array\Projects\STM32746G\Applications\Audio\Mic_Array\EWARM\STM32F7\Obj\usbd_desc.o
#        D:\sop1hc\Github\data\Mic_Array_V00\USB_STREAMING\Mic_Array\Projects\STM32746G\Applications\Audio\Mic_Array\EWARM\STM32F7\Obj\usbd_ioreq.o
#        D:\sop1hc\Github\data\Mic_Array_V00\USB_STREAMING\Mic_Array\Projects\STM32746G\Applications\Audio\Mic_Array\EWARM\STM32F7\Obj\usbh_conf.o
#        D:\sop1hc\Github\data\Mic_Array_V00\USB_STREAMING\Mic_Array\Projects\STM32746G\Applications\Audio\Mic_Array\EWARM\STM32F7\Obj\usbh_core.o
#        D:\sop1hc\Github\data\Mic_Array_V00\USB_STREAMING\Mic_Array\Projects\STM32746G\Applications\Audio\Mic_Array\EWARM\STM32F7\Obj\usbh_ctlreq.o
#        D:\sop1hc\Github\data\Mic_Array_V00\USB_STREAMING\Mic_Array\Projects\STM32746G\Applications\Audio\Mic_Array\EWARM\STM32F7\Obj\usbh_diskio.o
#        D:\sop1hc\Github\data\Mic_Array_V00\USB_STREAMING\Mic_Array\Projects\STM32746G\Applications\Audio\Mic_Array\EWARM\STM32F7\Obj\usbh_ioreq.o
#        D:\sop1hc\Github\data\Mic_Array_V00\USB_STREAMING\Mic_Array\Projects\STM32746G\Applications\Audio\Mic_Array\EWARM\STM32F7\Obj\usbh_msc.o
#        D:\sop1hc\Github\data\Mic_Array_V00\USB_STREAMING\Mic_Array\Projects\STM32746G\Applications\Audio\Mic_Array\EWARM\STM32F7\Obj\usbh_msc_bot.o
#        D:\sop1hc\Github\data\Mic_Array_V00\USB_STREAMING\Mic_Array\Projects\STM32746G\Applications\Audio\Mic_Array\EWARM\STM32F7\Obj\usbh_msc_scsi.o
#        D:\sop1hc\Github\data\Mic_Array_V00\USB_STREAMING\Mic_Array\Projects\STM32746G\Applications\Audio\Mic_Array\EWARM\STM32F7\Obj\usbh_pipes.o
#        "D:\sop1hc\Github\data\Mic_Array_V00\USB_STREAMING\Mic_Array\Projects\STM32746G\Applications\Audio\Mic_Array\EWARM\STM32F7\Obj\waveplayer
#        _CS43L22.o"
#        D:\sop1hc\Github\data\Mic_Array_V00\USB_STREAMING\Mic_Array\Projects\STM32746G\Applications\Audio\Mic_Array\EWARM\STM32F7\Obj\waverecorder.o
#        --redirect _Printf=_PrintfSmall --redirect _Scanf=_ScanfSmall -o
#        D:\sop1hc\Github\data\Mic_Array_V00\USB_STREAMING\Mic_Array\Projects\STM32746G\Applications\Audio\Mic_Array\EWARM\STM32F7\Exe\Project.out
#        --map
#        D:\sop1hc\Github\data\Mic_Array_V00\USB_STREAMING\Mic_Array\Projects\STM32746G\Applications\Audio\Mic_Array\EWARM\STM32F7\List\Project.map
#        --config
#        D:\sop1hc\Github\data\Mic_Array_V00\USB_STREAMING\Mic_Array\Projects\STM32746G\Applications\Audio\Mic_Array\EWARM\Project.icf
#        --semihosting --entry __iar_program_start --no_exceptions "D:\Program
#        Files (x86)\IAR Systems\Embedded Workbench
#        7.3\arm\CMSIS\Lib\IAR\iar_cortexM7ls_math.a" --vfe
#
###############################################################################

*******************************************************************************
*** RUNTIME MODEL ATTRIBUTES
***

CppFlavor                     = *
__Heap_Handler                = DLMalloc
__SystemLibrary               = DLib
__dlib_dynamic_initialization = normal


*******************************************************************************
*** PLACEMENT SUMMARY
***

"A1":  place at 0x08000000 { ro section .intvec };
"P1":  place in [from 0x00000000 to 0x00000000] |
                [from 0x08000000 to 0x080fffff] { ro };
"P3":  place in [from 0x20000000 to 0x2000ffff] |
                [from 0x20010000 to 0x2004ffff] { rw, block CSTACK, block HEAP };

  Section             Kind        Address     Size  Object
  -------             ----        -------     ----  ------
"A1":                                        0x1c8
  .intvec             ro code  0x08000000    0x1c8  startup_stm32f746xx.o [1]
                             - 0x080001c8    0x1c8

"P1":                                      0x244ab
  .rodata             const    0x080001c8   0x8800  arm_common_tables.o [4]
  .text               ro code  0x080089c8   0x8078  arm_rfft_init_f32.o [4]
  .text               ro code  0x08010a40     0xb0  arm_cfft_radix4_init_f32.o [4]
  .rodata             const    0x08010af0   0x8000  arm_rfft_init_f32.o [4]
  .text               ro code  0x08018af0   0x14f0  dlmalloc.o [3]
  .text               ro code  0x08019fe0      0x6  abort.o [3]
  .text               ro code  0x08019fe8     0x2c  xgetmemchunk.o [3]
  .text               ro code  0x0801a014     0x14  exit.o [8]
  .text               ro code  0x0801a028     0x30  iarttio.o [8]
  .text               ro code  0x0801a058      0x8  XShttio.o [3]
  .text               ro code  0x0801a060   0x1018  waverecorder.o [1]
  .text               ro code  0x0801b078    0x228  stm32f7xx_hal_gpio.o [1]
  .text               ro code  0x0801b2a0    0x550  pdm_filter.o [5]
  .text               ro code  0x0801b7f0    0x110  stm32f7xx_hal_i2s.o [1]
  .text               ro code  0x0801b900    0x7d4  stm32f7xx_hal_spi.o [1]
  .text               ro code  0x0801c0d4     0xd0  stm32f7xx_hal_cortex.o [1]
  .text               ro code  0x0801c1a4    0xfd0  stm32f7xx_hal_dma.o [1]
  .text               ro code  0x0801d174    0x170  audio_application.o [1]
  .text               ro code  0x0801d2e4     0x1c  FltCmpEq.o [6]
  .text               ro code  0x0801d300      0xe  U32ToFlt.o [6]
  .text               ro code  0x0801d310     0x24  FltCmpLe.o [6]
  .text               ro code  0x0801d334     0x12  FltMul.o [6]
  .text               ro code  0x0801d348     0x4e  FltToDbl.o [6]
  .text               ro code  0x0801d398     0x30  I32ToDbl.o [6]
  .text               ro code  0x0801d3c8    0x256  DblDiv.o [6]
  .text               ro code  0x0801d620     0xe8  DblAdd.o [6]
  .text               ro code  0x0801d708     0x4c  DblToI32.o [6]
  .text               ro code  0x0801d754    0x1a2  DblMul.o [6]
  .text               ro code  0x0801d8f8     0x90  DblToFlt.o [6]
  .text               ro code  0x0801d988    0x450  xsin.o [6]
  .text               ro code  0x0801ddd8    0x180  DblSub.o [6]
  .text               ro code  0x0801df58     0xf0  sqrt.o [6]
  .text               ro code  0x0801e048    0x4b4  audio_codec.o [1]
  .text               ro code  0x0801e4fc     0x80  stm32f7xx_hal.o [1]
  .text               ro code  0x0801e57c     0xe0  usbd_audio_if.o [1]
  .text               ro code  0x0801e65c     0x2e  DblCmpLe.o [6]
  .text               ro code  0x0801e68c     0x2e  DblCmpGe.o [6]
  .text               ro code  0x0801e6bc      0xc  errno.o [3]
  .text               ro code  0x0801e6c8    0x168  xquad.o [6]
  .text               ro code  0x0801e830      0xc  iarEdom.o [7]
  .text               ro code  0x0801e83c    0x72c  main.o [1]
  .text               ro code  0x0801ef68    0x5d4  stm32f7xx_hal_rcc.o [1]
  .text               ro code  0x0801f53c    0x84c  usbd_audio_in.o [1]
  .text               ro code  0x0801fd88      0x2  xtls.o [3]
  .text               ro code  0x0801fd8a     0x7a  xdint.o [6]
  .text               ro code  0x0801fe04     0x20  DblCmpEq.o [6]
  .text               ro code  0x0801fe24    0x1a8  fmod.o [6]
  .text               ro code  0x0801ffcc     0xee  DSP.o [1]
  .text               ro code  0x080200bc    0x660  stm32f7xx_hal_rcc_ex.o [1]
  .text               ro code  0x0802071c    0x28c  stm32746g_discovery_sdram.o [1]
  .text               ro code  0x080209a8     0xc4  stm32746g_discovery.o [1]
  .text               ro code  0x08020a6c    0x9a4  sta321mp.o [1]
  .text               ro code  0x08021410    0x2a6  usbd_core.o [1]
  .text               ro code  0x080216b8     0x74  stm32f7xx_hal_pwr_ex.o [1]
  .text               ro code  0x0802172c    0x7e0  stm32f7xx_hal_i2c.o [1]
  .text               ro code  0x08021f0c    0x236  usbd_conf_f4.o [1]
  .text               ro code  0x08022142     0x9c  usbd_ioreq.o [1]
  .text               ro code  0x080221e0    0x454  usbd_ctlreq.o [1]
  .text               ro code  0x08022634      0x6  ABImemclr.o [7]
  .text               ro code  0x0802263c     0x76  ABImemcpy_unaligned.o [7]
  .text               ro code  0x080226b4     0x96  stm32f7xx_hal_sdram.o [1]
  .text               ro code  0x0802274a    0x838  stm32f7xx_hal_pcd.o [1]
  .text               ro code  0x08022f84     0x72  stm32f7xx_hal_pcd_ex.o [1]
  .text               ro code  0x08022ff8     0x5e  ABImemset.o [7]
  .text               ro code  0x08023058    0x158  stm32f7xx_ll_fmc.o [1]
  .text               ro code  0x080231b0    0x928  stm32f7xx_ll_usb.o [1]
  .text               ro code  0x08023ad8    0x27c  stm32f7xx_hal_uart.o [1]
  .text               ro code  0x08023d54    0x1c4  lz77_init.o [7]
  .text               ro code  0x08023f18    0x12c  usbd_desc.o [1]
  .text               ro code  0x08024044     0x68  stm32f7xx_it.o [1]
  .text               ro code  0x080240ac     0x4c  system_stm32f7xx.o [1]
  .text               ro code  0x080240f8     0x40  zero_init3.o [7]
  .text               ro code  0x08024138     0x28  data_init.o [7]
  .text               ro code  0x08024160     0x22  fpinit_M.o [6]
  .iar.init_table     const    0x08024184     0x34  - Linker created -
  .text               ro code  0x080241b8     0x1a  cmain.o [7]
  .text               ro code  0x080241d2      0x4  low_level_init.o [3]
  .text               ro code  0x080241d6      0x4  exit.o [3]
  .text               ro code  0x080241dc      0xa  cexit.o [7]
  .text               ro code  0x080241e8     0x10  startup_stm32f746xx.o [1]
  .text               ro code  0x080241f8      0xc  cstartup_M.o [7]
  .text               ro code  0x08024204      0x4  startup_stm32f746xx.o [1]
  .text               ro code  0x08024208      0x4  startup_stm32f746xx.o [1]
  .text               ro code  0x0802420c      0x4  startup_stm32f746xx.o [1]
  .text               ro code  0x08024210      0x4  startup_stm32f746xx.o [1]
  .text               ro code  0x08024214      0x4  startup_stm32f746xx.o [1]
  .text               ro code  0x08024218      0x4  startup_stm32f746xx.o [1]
  .text               ro code  0x0802421c      0x4  startup_stm32f746xx.o [1]
  .text               ro code  0x08024220      0x4  startup_stm32f746xx.o [1]
  .text               ro code  0x08024224      0x4  startup_stm32f746xx.o [1]
  .text               ro code  0x08024228      0x4  startup_stm32f746xx.o [1]
  .text               ro code  0x0802422c      0x4  startup_stm32f746xx.o [1]
  .text               ro code  0x08024230      0x4  startup_stm32f746xx.o [1]
  .text               ro code  0x08024234      0x4  startup_stm32f746xx.o [1]
  .text               ro code  0x08024238      0x4  startup_stm32f746xx.o [1]
  .text               ro code  0x0802423c      0x4  startup_stm32f746xx.o [1]
  .text               ro code  0x08024240      0x4  startup_stm32f746xx.o [1]
  .text               ro code  0x08024244      0x4  startup_stm32f746xx.o [1]
  .text               ro code  0x08024248      0x4  startup_stm32f746xx.o [1]
  .text               ro code  0x0802424c      0x4  startup_stm32f746xx.o [1]
  .text               ro code  0x08024250      0x4  startup_stm32f746xx.o [1]
  .text               ro code  0x08024254      0x4  startup_stm32f746xx.o [1]
  .text               ro code  0x08024258      0x4  startup_stm32f746xx.o [1]
  .text               ro code  0x0802425c      0x4  startup_stm32f746xx.o [1]
  .text               ro code  0x08024260      0x4  startup_stm32f746xx.o [1]
  .text               ro code  0x08024264      0x4  startup_stm32f746xx.o [1]
  .text               ro code  0x08024268      0x4  startup_stm32f746xx.o [1]
  .text               ro code  0x0802426c      0x4  startup_stm32f746xx.o [1]
  .text               ro code  0x08024270      0x4  startup_stm32f746xx.o [1]
  .text               ro code  0x08024274      0x4  startup_stm32f746xx.o [1]
  .text               ro code  0x08024278      0x4  startup_stm32f746xx.o [1]
  .text               ro code  0x0802427c      0x4  startup_stm32f746xx.o [1]
  .text               ro code  0x08024280      0x4  startup_stm32f746xx.o [1]
  .text               ro code  0x08024284      0x4  startup_stm32f746xx.o [1]
  .text               ro code  0x08024288      0x4  startup_stm32f746xx.o [1]
  .text               ro code  0x0802428c      0x4  startup_stm32f746xx.o [1]
  .text               ro code  0x08024290      0x4  startup_stm32f746xx.o [1]
  .text               ro code  0x08024294      0x4  startup_stm32f746xx.o [1]
  .text               ro code  0x08024298      0x4  startup_stm32f746xx.o [1]
  .text               ro code  0x0802429c      0x4  startup_stm32f746xx.o [1]
  .text               ro code  0x080242a0      0x4  startup_stm32f746xx.o [1]
  .text               ro code  0x080242a4      0x4  startup_stm32f746xx.o [1]
  .text               ro code  0x080242a8      0x4  startup_stm32f746xx.o [1]
  .text               ro code  0x080242ac      0x4  startup_stm32f746xx.o [1]
  .text               ro code  0x080242b0      0x4  startup_stm32f746xx.o [1]
  .text               ro code  0x080242b4      0x4  startup_stm32f746xx.o [1]
  .text               ro code  0x080242b8      0x4  startup_stm32f746xx.o [1]
  .text               ro code  0x080242bc      0x4  startup_stm32f746xx.o [1]
  .text               ro code  0x080242c0      0x4  startup_stm32f746xx.o [1]
  .text               ro code  0x080242c4      0x4  startup_stm32f746xx.o [1]
  .text               ro code  0x080242c8      0x4  startup_stm32f746xx.o [1]
  .text               ro code  0x080242cc      0x4  startup_stm32f746xx.o [1]
  .text               ro code  0x080242d0      0x4  startup_stm32f746xx.o [1]
  .text               ro code  0x080242d4      0x4  startup_stm32f746xx.o [1]
  .text               ro code  0x080242d8      0x4  startup_stm32f746xx.o [1]
  .text               ro code  0x080242dc      0x4  startup_stm32f746xx.o [1]
  .text               ro code  0x080242e0      0x4  startup_stm32f746xx.o [1]
  .text               ro code  0x080242e4      0x4  startup_stm32f746xx.o [1]
  .text               ro code  0x080242e8      0x4  startup_stm32f746xx.o [1]
  .text               ro code  0x080242ec      0x4  startup_stm32f746xx.o [1]
  .text               ro code  0x080242f0      0x4  startup_stm32f746xx.o [1]
  .text               ro code  0x080242f4      0x4  startup_stm32f746xx.o [1]
  .text               ro code  0x080242f8      0x4  startup_stm32f746xx.o [1]
  .text               ro code  0x080242fc      0x4  startup_stm32f746xx.o [1]
  .text               ro code  0x08024300      0x4  startup_stm32f746xx.o [1]
  .text               ro code  0x08024304      0x4  startup_stm32f746xx.o [1]
  .text               ro code  0x08024308      0x4  startup_stm32f746xx.o [1]
  .text               ro code  0x0802430c      0x4  startup_stm32f746xx.o [1]
  .text               ro code  0x08024310      0x4  startup_stm32f746xx.o [1]
  .text               ro code  0x08024314      0x4  startup_stm32f746xx.o [1]
  .text               ro code  0x08024318      0x4  startup_stm32f746xx.o [1]
  .text               ro code  0x0802431c      0x4  startup_stm32f746xx.o [1]
  .text               ro code  0x08024320      0x4  startup_stm32f746xx.o [1]
  .text               ro code  0x08024324      0x4  startup_stm32f746xx.o [1]
  .text               ro code  0x08024328      0x4  startup_stm32f746xx.o [1]
  .text               ro code  0x0802432c      0x4  startup_stm32f746xx.o [1]
  .text               ro code  0x08024330      0x4  startup_stm32f746xx.o [1]
  .text               ro code  0x08024334      0x4  startup_stm32f746xx.o [1]
  .rodata             const    0x08024338      0x0  zero_init3.o [7]
  .rodata             const    0x08024338      0x0  lz77_init.o [7]
  Initializer bytes   const    0x08024338    0x33b  <for P3 s0>
                             - 0x08024673  0x244ab

"P3", part 1 of 3:                           0xfc0
  P3 s0                        0x20010000    0xfc0  <Init block>
    .data             inited   0x20010000    0xa74  main.o [1]
    .data             inited   0x20010a74    0x304  pdm_filter.o [5]
    .data             inited   0x20010d78     0x9c  audio_codec.o [1]
    .data             inited   0x20010e14     0x88  sta321mp.o [1]
    .data             inited   0x20010e9c     0x62  stm32746g_discovery_sdram.o [1]
    .data             inited   0x20010efe      0x1  waveplayer _CS43L22.o [1]
    .data             inited   0x20010f00     0x38  usbd_audio_in.o [1]
    .data             inited   0x20010f38     0x24  usbd_audio_if.o [1]
    .data             inited   0x20010f5c     0x1c  usbd_desc.o [1]
    .data             inited   0x20010f78     0x14  system_stm32f7xx.o [1]
    .data             inited   0x20010f8c     0x14  usbd_desc.o [1]
    .data             inited   0x20010fa0      0xc  usbd_audio_in.o [1]
    .data             inited   0x20010fac      0x8  XShttio.o [3]
    .data             inited   0x20010fb4      0x4  main.o [1]
    .data             inited   0x20010fb8      0x4  usbd_desc.o [1]
    __DLIB_PERTHREAD  inited   0x20010fbc      0x4  errno.o [3]
                             - 0x20010fc0    0xfc0

"P3", part 2 of 3:                          0xcef8
  .bss                zero     0x20010fc0   0x2018  waverecorder.o [1]
  .bss                zero     0x20012fd8   0x2008  waverecorder.o [1]
  .bss                zero     0x20014fe0   0x2004  waverecorder.o [1]
  .bss                zero     0x20016fe4   0x2000  waverecorder.o [1]
  .bss                zero     0x20018fe4   0x2000  waverecorder.o [1]
  .bss                zero     0x2001afe4   0x2000  waverecorder.o [1]
  .bss                zero     0x2001cfe4    0x3c0  usbd_conf_f4.o [1]
  .bss                zero     0x2001d3a4    0x2c8  waverecorder.o [1]
  .bss                zero     0x2001d66c    0x260  usbd_audio_in.o [1]
  .bss                zero     0x2001d8cc    0x1d8  dlmalloc.o [3]
  .bss                zero     0x2001daa4     0xdc  main.o [1]
  .bss                zero     0x2001db80     0xc8  usbd_desc.o [1]
  .bss                zero     0x2001dc48     0xa0  waverecorder.o [1]
  .bss                zero     0x2001dce8     0x70  main.o [1]
  .bss                zero     0x2001dd58     0x64  main.o [1]
  .bss                zero     0x2001ddbc     0x50  stm32746g_discovery_sdram.o [1]
  .bss                zero     0x2001de0c     0x40  waveplayer _CS43L22.o [1]
  .bss                zero     0x2001de4c     0x3c  audio_codec.o [1]
  .bss                zero     0x2001de88     0x18  dlmalloc.o [3]
  .bss                zero     0x2001dea0      0x4  DSP.o [1]
  .bss                zero     0x2001dea4      0x4  stm32f7xx_hal.o [1]
  .bss                zero     0x2001dea8      0x4  stm32f7xx_it.o [1]
  .bss                zero     0x2001deac      0x4  waveplayer _CS43L22.o [1]
  .bss                zero     0x2001deb0      0x4  xgetmemchunk.o [3]
  .bss                zero     0x2001deb4      0x2  main.o [1]
  .bss                zero     0x2001deb6      0x1  usbd_ctlreq.o [1]
  .bss                zero     0x2001deb7      0x1  waverecorder.o [1]
                             - 0x2001deb8   0xcef8

"P3", part 3 of 3:                          0x4000
  CSTACK                       0x2001deb8   0x2000  <Block>
    CSTACK            uninit   0x2001deb8   0x2000  <Block tail>
  HEAP                         0x2001feb8   0x2000  <Block>
    HEAP              uninit   0x2001feb8   0x2000  <Block tail>
                             - 0x20021eb8   0x4000

Absolute sections:                         0x191e0
  .bss                zero     0xc0000000   0x80a0  waverecorder.o [1]
  .bss                zero     0xc00080a0   0x80a0  waverecorder.o [1]
  .bss                zero     0xc0010140   0x80a0  waverecorder.o [1]
  .bss                zero     0xc00181e0   0x1000  audio_application.o [1]
                             - 0xc00191e0  0x191e0


*******************************************************************************
*** INIT TABLE
***

          Address     Size
          -------     ----
Zero (__iar_zero_init3)
    2 destination ranges, total size 0x260d8:
          0x20010fc0   0xcef8
          0xc0000000  0x191e0

Copy/lz77 (__iar_lz77_init3)
    1 source range, total size 0x33b (20% of destination):
          0x08024338    0x33b
    1 destination range, total size 0xfc0:
          0x20010000    0xfc0



*******************************************************************************
*** MODULE SUMMARY
***

    Module                       ro code  ro data  rw data  rw data
                                                             (abs)
    ------                       -------  -------  -------  -------
D:\sop1hc\Github\data\Mic_Array_V00\USB_STREAMING\Mic_Array\Projects\STM32746G\Applications\Audio\Mic_Array\EWARM\STM32F7\Obj: [1]
    DSP.o                            238                 4
    audio_application.o              368                      4 096
    audio_codec.o                  1 204       32      216
    main.o                         1 836      549    3 114
    sta321mp.o                     2 468       28      136
    startup_stm32f746xx.o            780
    stm32746g_discovery.o            196
    stm32746g_discovery_sdram.o      652       20      178
    stm32f7xx_hal.o                  128                 4
    stm32f7xx_hal_cortex.o           208
    stm32f7xx_hal_dma.o            4 048
    stm32f7xx_hal_gpio.o             552
    stm32f7xx_hal_i2c.o            2 016
    stm32f7xx_hal_i2s.o              272
    stm32f7xx_hal_pcd.o            2 104
    stm32f7xx_hal_pcd_ex.o           114
    stm32f7xx_hal_pwr_ex.o           116
    stm32f7xx_hal_rcc.o            1 492
    stm32f7xx_hal_rcc_ex.o         1 632
    stm32f7xx_hal_sdram.o            150
    stm32f7xx_hal_spi.o            2 004
    stm32f7xx_hal_uart.o             636
    stm32f7xx_it.o                   104                 4
    stm32f7xx_ll_fmc.o               344
    stm32f7xx_ll_usb.o             2 344
    system_stm32f7xx.o                76        4       20
    usbd_audio_if.o                  224        7       36
    usbd_audio_in.o                2 124       14      676
    usbd_conf_f4.o                   566               960
    usbd_core.o                      678
    usbd_ctlreq.o                  1 108                 1
    usbd_desc.o                      300       11      252
    usbd_ioreq.o                     156
    waveplayer _CS43L22.o                               69
    waverecorder.o                 4 120            50 061   98 784
    ---------------------------------------------------------------
    Total:                        35 358      665   55 731  102 880

command line: [2]
    ---------------------------------------------------------------
    Total:

dl7M_tlf.a: [3]
    XShttio.o                          8        2        8
    abort.o                            6
    dlmalloc.o                     5 360               496
    errno.o                           12        1        4
    exit.o                             4
    low_level_init.o                   4
    xgetmemchunk.o                    44                 4
    xtls.o                             2
    ---------------------------------------------------------------
    Total:                         5 440        3      512

iar_cortexM7ls_math.a: [4]
    arm_cfft_radix4_init_f32.o       176
    arm_common_tables.o                    34 816
    arm_rfft_init_f32.o           32 888   32 768
    ---------------------------------------------------------------
    Total:                        33 064   67 584

libPDMFilter_CM7_IAR.a: [5]
    pdm_filter.o                   1 360      159      772
    ---------------------------------------------------------------
    Total:                         1 360      159      772

m7M_tls.a: [6]
    DblAdd.o                         232
    DblCmpEq.o                        32
    DblCmpGe.o                        46
    DblCmpLe.o                        46
    DblDiv.o                         598
    DblMul.o                         418
    DblSub.o                         384
    DblToFlt.o                       144
    DblToI32.o                        76
    FltCmpEq.o                        28
    FltCmpLe.o                        36
    FltMul.o                          18
    FltToDbl.o                        78
    I32ToDbl.o                        48
    U32ToFlt.o                        14
    fmod.o                           424
    fpinit_M.o                        34
    sqrt.o                           240
    xdint.o                          122
    xquad.o                          360
    xsin.o                         1 104
    ---------------------------------------------------------------
    Total:                         4 482

rt7M_tl.a: [7]
    ABImemclr.o                        6
    ABImemcpy_unaligned.o            118
    ABImemset.o                       94
    cexit.o                           10
    cmain.o                           26
    cstartup_M.o                      12
    data_init.o                       40
    iarEdom.o                         12
    lz77_init.o                      452
    zero_init3.o                      64
    ---------------------------------------------------------------
    Total:                           834

shb_l.a: [8]
    exit.o                            20
    iarttio.o                         48
    ---------------------------------------------------------------
    Total:                            68

    Gaps                              36        2        1
    Linker created                             52   16 384
-------------------------------------------------------------------
    Grand Total:                  80 642   68 465   73 400  102 880


*******************************************************************************
*** ENTRY LIST
***

Entry                      Address    Size  Type      Object
-----                      -------    ----  ----      ------
.iar.init_table$$Base   0x08024184           --   Gb  - Linker created -
.iar.init_table$$Limit  0x080241b8           --   Gb  - Linker created -
?main                   0x080241b9          Code  Gb  cmain.o [7]
AHBPrescTable           0x20010f7c    0x10  Data  Gb  system_stm32f7xx.o [1]
APBAHBPrescTable        0x0801f52c    0x10  Data  Gb  stm32f7xx_hal_rcc.o [1]
AUDIO_Desc              0x20010f5c    0x1c  Data  Gb  usbd_desc.o [1]
AudioMerging            0x0801d181   0x14a  Code  Gb  audio_application.o [1]
AudioProcess            0x0801d175     0xc  Code  Gb  audio_application.o [1]
AudioRemSize            0x20010e0c     0x4  Data  Gb  audio_codec.o [1]
AudioTotalSize          0x20010e08     0x4  Data  Gb  audio_codec.o [1]
Audio_CommandMgr        0x0801e5c7     0x4  Code  Lc  usbd_audio_if.o [1]
Audio_DeInit            0x0801e581     0x4  Code  Lc  usbd_audio_if.o [1]
Audio_Init              0x0801e57d     0x4  Code  Lc  usbd_audio_if.o [1]
Audio_MuteCtl           0x0801e5b7     0x4  Code  Lc  usbd_audio_if.o [1]
Audio_Pause             0x0801e5bf     0x4  Code  Lc  usbd_audio_if.o [1]
Audio_Record            0x0801e585     0x4  Code  Lc  usbd_audio_if.o [1]
Audio_Resume            0x0801e5c3     0x4  Code  Lc  usbd_audio_if.o [1]
Audio_Stop              0x0801e5bb     0x4  Code  Lc  usbd_audio_if.o [1]
Audio_VolumeCtl         0x0801e589    0x2e  Code  Lc  usbd_audio_if.o [1]
BSP_LED_Init            0x080209a9    0x86  Code  Gb  stm32746g_discovery.o [1]
BSP_LED_Toggle          0x08020a2f    0x2e  Code  Gb  stm32746g_discovery.o [1]
BSP_SDRAM_Init          0x0802071d   0x106  Code  Gb  stm32746g_discovery_sdram.o [1]
BSP_SDRAM_MspInit       0x08020823   0x15a  Code  Wk  stm32746g_discovery_sdram.o [1]
Buffer1                 0xc0000000  0x80a0  Data  Gb  waverecorder.o [1]
Buffer2                 0xc00080a0  0x80a0  Data  Gb  waverecorder.o [1]
Buffer3                 0xc0010140  0x80a0  Data  Gb  waverecorder.o [1]
BusFault_Handler        0x0802404b     0x2  Code  Gb  stm32f7xx_it.o [1]
ButtonInit              0x0801ee33    0x48  Code  Gb  main.o [1]
CSTACK$$Base            0x2001deb8           --   Gb  - Linker created -
CSTACK$$Limit           0x2001feb8           --   Gb  - Linker created -
Command                 0x20010eec    0x10  Data  Lc  stm32746g_discovery_sdram.o [1]
Command_index           0x20010fb7     0x1  Data  Gb  main.o [1]
CrssCor                 0x0801ffcd    0xd2  Code  Gb  DSP.o [1]
CurrentPos              0x20010e10     0x4  Data  Gb  audio_codec.o [1]
DFT_Init                0x0801ece9    0x76  Code  Gb  main.o [1]
DMA1_Stream0_IRQHandler
                        0x0801e21d     0x2  Code  Gb  audio_codec.o [1]
DMA1_Stream7_IRQHandler
                        0x0801e049   0x1d4  Code  Gb  audio_codec.o [1]
DMA2_Stream4_IRQHandler
                        0x080240a9     0x2  Code  Gb  stm32f7xx_it.o [1]
DMA2_Stream5_IRQHandler
                        0x0801ab01     0x8  Code  Gb  waverecorder.o [1]
DMA2_Stream6_IRQHandler
                        0x0801ab09     0x8  Code  Gb  waverecorder.o [1]
DMA2_Stream7_IRQHandler
                        0x080240ab     0x2  Code  Gb  stm32f7xx_it.o [1]
DebugMon_Handler        0x08024051     0x2  Code  Gb  stm32f7xx_it.o [1]
DmaHandle               0x20010d78    0x50  Data  Gb  audio_codec.o [1]
EXTI15_10_IRQHandler    0x0801ec99     0x2  Code  Gb  main.o [1]
EXTI4_IRQHandler        0x0801ec6f    0x2a  Code  Gb  main.o [1]
EXTI9_5_IRQHandler      0x0801ec9b    0x4e  Code  Gb  main.o [1]
EnergySound             0x2001dea0     0x4  Data  Gb  DSP.o [1]
FFT_Update              0x0801e83d    0xb0  Code  Lc  main.o [1]
FMC_SDRAM_Init          0x08023059    0x78  Code  Gb  stm32f7xx_ll_fmc.o [1]
FMC_SDRAM_ProgramRefreshRate
                        0x080231a5     0xc  Code  Gb  stm32f7xx_ll_fmc.o [1]
FMC_SDRAM_SendCommand   0x0802314f    0x56  Code  Gb  stm32f7xx_ll_fmc.o [1]
FMC_SDRAM_Timing_Init   0x080230d1    0x7e  Code  Gb  stm32f7xx_ll_fmc.o [1]
FacMic                  0x20010014    0x18  Data  Gb  main.o [1]
FactorUpd               0x080200a5    0x16  Code  Gb  DSP.o [1]
Filter                  0x2001d4ec    0x68  Data  Gb  waverecorder.o [1]
GPIO_INS                0x20010000    0x14  Data  Gb  main.o [1]
GPIO_PIN                0x08020a64     0x8  Data  Gb  stm32746g_discovery.o [1]
HAL_DMA_DeInit          0x0801c213   0x3e0  Code  Gb  stm32f7xx_hal_dma.o [1]
HAL_DMA_IRQHandler      0x0801c6cb   0xa60  Code  Gb  stm32f7xx_hal_dma.o [1]
HAL_DMA_Init            0x0801c1a5    0x6e  Code  Gb  stm32f7xx_hal_dma.o [1]
HAL_DMA_Start_IT        0x0801c641    0x8a  Code  Gb  stm32f7xx_hal_dma.o [1]
HAL_Delay               0x0801e559    0x1c  Code  Wk  stm32f7xx_hal.o [1]
HAL_GPIO_Init           0x0801b079   0x1d4  Code  Gb  stm32f7xx_hal_gpio.o [1]
HAL_GPIO_ReadPin        0x0801b24d     0xe  Code  Gb  stm32f7xx_hal_gpio.o [1]
HAL_GPIO_TogglePin      0x0801b263     0x8  Code  Gb  stm32f7xx_hal_gpio.o [1]
HAL_GPIO_WritePin       0x0801b25b     0x8  Code  Gb  stm32f7xx_hal_gpio.o [1]
HAL_GetTick             0x0801e551     0x6  Code  Wk  stm32f7xx_hal.o [1]
HAL_I2C_EV_IRQHandler   0x080219b1    0xfe  Code  Gb  stm32f7xx_hal_i2c.o [1]
HAL_I2C_ErrorCallback   0x08021abb     0x2  Code  Wk  stm32f7xx_hal_i2c.o [1]
HAL_I2C_Init            0x0802172d    0xa2  Code  Gb  stm32f7xx_hal_i2c.o [1]
HAL_I2C_MasterRxCpltCallback
                        0x08021ab1     0x2  Code  Wk  stm32f7xx_hal_i2c.o [1]
HAL_I2C_MasterTxCpltCallback
                        0x08021aaf     0x2  Code  Wk  stm32f7xx_hal_i2c.o [1]
HAL_I2C_Master_Transmit
                        0x080217d1   0x1d2  Code  Gb  stm32f7xx_hal_i2c.o [1]
HAL_I2C_MemRxCpltCallback
                        0x08021ab9     0x2  Code  Wk  stm32f7xx_hal_i2c.o [1]
HAL_I2C_MemTxCpltCallback
                        0x08021ab7     0x2  Code  Wk  stm32f7xx_hal_i2c.o [1]
HAL_I2C_MspInit         0x0801ebb7    0xb8  Code  Gb  main.o [1]
HAL_I2C_SlaveRxCpltCallback
                        0x08021ab5     0x2  Code  Wk  stm32f7xx_hal_i2c.o [1]
HAL_I2C_SlaveTxCpltCallback
                        0x08021ab3     0x2  Code  Wk  stm32f7xx_hal_i2c.o [1]
HAL_I2S_Init            0x0801b7f1    0xfc  Code  Gb  stm32f7xx_hal_i2s.o [1]
HAL_I2S_MspInit         0x0801e22d   0x264  Code  Gb  audio_codec.o [1]
HAL_I2S_TxCpltCallback  0x0801eea7    0x52  Code  Gb  main.o [1]
HAL_IncTick             0x0801e547     0xa  Code  Wk  stm32f7xx_hal.o [1]
HAL_Init                0x0801e4fd    0x24  Code  Gb  stm32f7xx_hal.o [1]
HAL_InitTick            0x0801e523    0x24  Code  Wk  stm32f7xx_hal.o [1]
HAL_MspInit             0x0801e521     0x2  Code  Wk  stm32f7xx_hal.o [1]
HAL_NVIC_DisableIRQ     0x0801c153    0x12  Code  Gb  stm32f7xx_hal_cortex.o [1]
HAL_NVIC_EnableIRQ      0x0801c141    0x12  Code  Gb  stm32f7xx_hal_cortex.o [1]
HAL_NVIC_SetPriority    0x0801c0ef    0x52  Code  Gb  stm32f7xx_hal_cortex.o [1]
HAL_NVIC_SetPriorityGrouping
                        0x0801c0d5    0x1a  Code  Gb  stm32f7xx_hal_cortex.o [1]
HAL_PCDEx_ActivateLPM   0x08022fcf    0x26  Code  Gb  stm32f7xx_hal_pcd_ex.o [1]
HAL_PCDEx_LPM_Callback  0x08022ff5     0x2  Code  Wk  stm32f7xx_hal_pcd_ex.o [1]
HAL_PCDEx_SetRxFiFo     0x08022fc7     0x8  Code  Gb  stm32f7xx_hal_pcd_ex.o [1]
HAL_PCDEx_SetTxFiFo     0x08022f85    0x42  Code  Gb  stm32f7xx_hal_pcd_ex.o [1]
HAL_PCD_ConnectCallback
                        0x08021fff     0x8  Code  Gb  usbd_conf_f4.o [1]
HAL_PCD_DataInStageCallback
                        0x08021fa5    0x12  Code  Gb  usbd_conf_f4.o [1]
HAL_PCD_DataOutStageCallback
                        0x08021f91    0x14  Code  Gb  usbd_conf_f4.o [1]
HAL_PCD_DisconnectCallback
                        0x08022007     0x8  Code  Gb  usbd_conf_f4.o [1]
HAL_PCD_EP_Close        0x08022ceb    0x46  Code  Gb  stm32f7xx_hal_pcd.o [1]
HAL_PCD_EP_ClrStall     0x08022e57    0x54  Code  Gb  stm32f7xx_hal_pcd.o [1]
HAL_PCD_EP_Flush        0x08022eab    0x38  Code  Gb  stm32f7xx_hal_pcd.o [1]
HAL_PCD_EP_Open         0x08022c8d    0x5e  Code  Gb  stm32f7xx_hal_pcd.o [1]
HAL_PCD_EP_Receive      0x08022d31    0x60  Code  Gb  stm32f7xx_hal_pcd.o [1]
HAL_PCD_EP_SetStall     0x08022df1    0x66  Code  Gb  stm32f7xx_hal_pcd.o [1]
HAL_PCD_EP_Transmit     0x08022d91    0x60  Code  Gb  stm32f7xx_hal_pcd.o [1]
HAL_PCD_IRQHandler      0x08022833   0x436  Code  Gb  stm32f7xx_hal_pcd.o [1]
HAL_PCD_ISOINIncompleteCallback
                        0x08021ff7     0x8  Code  Gb  usbd_conf_f4.o [1]
HAL_PCD_ISOOUTIncompleteCallback
                        0x08021fef     0x8  Code  Gb  usbd_conf_f4.o [1]
HAL_PCD_Init            0x0802274b    0xbe  Code  Gb  stm32f7xx_hal_pcd.o [1]
HAL_PCD_MspInit         0x08021f0d    0x78  Code  Gb  usbd_conf_f4.o [1]
HAL_PCD_ResetCallback   0x08021fbf    0x20  Code  Gb  usbd_conf_f4.o [1]
HAL_PCD_ResumeCallback  0x08021fe7     0x8  Code  Gb  usbd_conf_f4.o [1]
HAL_PCD_SOFCallback     0x08021fb7     0x8  Code  Gb  usbd_conf_f4.o [1]
HAL_PCD_SetAddress      0x08022c69    0x24  Code  Gb  stm32f7xx_hal_pcd.o [1]
HAL_PCD_SetupStageCallback
                        0x08021f85     0xc  Code  Gb  usbd_conf_f4.o [1]
HAL_PCD_Start           0x08022809    0x2a  Code  Gb  stm32f7xx_hal_pcd.o [1]
HAL_PCD_SuspendCallback
                        0x08021fdf     0x8  Code  Gb  usbd_conf_f4.o [1]
HAL_PWREx_EnableOverDrive
                        0x080216b9    0x6c  Code  Gb  stm32f7xx_hal_pwr_ex.o [1]
HAL_RCCEx_GetPeriphCLKConfig
                        0x080205bd   0x14c  Code  Gb  stm32f7xx_hal_rcc_ex.o [1]
HAL_RCCEx_PeriphCLKConfig
                        0x080200bd   0x500  Code  Gb  stm32f7xx_hal_rcc_ex.o [1]
HAL_RCC_ClockConfig     0x0801f2cb   0x1e0  Code  Gb  stm32f7xx_hal_rcc.o [1]
HAL_RCC_GetHCLKFreq     0x0801f4ef    0x22  Code  Gb  stm32f7xx_hal_rcc.o [1]
HAL_RCC_GetSysClockFreq
                        0x0801f4ab    0x44  Code  Gb  stm32f7xx_hal_rcc.o [1]
HAL_RCC_OscConfig       0x0801ef69   0x362  Code  Gb  stm32f7xx_hal_rcc.o [1]
HAL_SDRAM_Init          0x080226b5    0x42  Code  Gb  stm32f7xx_hal_sdram.o [1]
HAL_SDRAM_MspInit       0x080226f7     0x2  Code  Wk  stm32f7xx_hal_sdram.o [1]
HAL_SDRAM_ProgramRefreshRate
                        0x08022729    0x22  Code  Gb  stm32f7xx_hal_sdram.o [1]
HAL_SDRAM_SendCommand   0x080226f9    0x30  Code  Gb  stm32f7xx_hal_sdram.o [1]
HAL_SPI_ErrorCallback   0x0801bc57     0x2  Code  Wk  stm32f7xx_hal_spi.o [1]
HAL_SPI_Init            0x0801b901    0xba  Code  Gb  stm32f7xx_hal_spi.o [1]
HAL_SPI_MspInit         0x0801a6e5   0x412  Code  Gb  waverecorder.o [1]
HAL_SPI_Receive_DMA     0x0801b9bb   0x108  Code  Gb  stm32f7xx_hal_spi.o [1]
HAL_SPI_RxCpltCallback  0x0801ab55   0x26a  Code  Gb  waverecorder.o [1]
HAL_SPI_RxHalfCpltCallback
                        0x0801bc53     0x2  Code  Wk  stm32f7xx_hal_spi.o [1]
HAL_SPI_TransmitReceive_DMA
                        0x0801bac3   0x18e  Code  Gb  stm32f7xx_hal_spi.o [1]
HAL_SPI_TxRxCpltCallback
                        0x0801bc51     0x2  Code  Wk  stm32f7xx_hal_spi.o [1]
HAL_SPI_TxRxHalfCpltCallback
                        0x0801bc55     0x2  Code  Wk  stm32f7xx_hal_spi.o [1]
HAL_SYSTICK_Config      0x0801c165    0x22  Code  Gb  stm32f7xx_hal_cortex.o [1]
HAL_UART_ErrorCallback  0x08023bdf     0x2  Code  Wk  stm32f7xx_hal_uart.o [1]
HAL_UART_IRQHandler     0x08023ad9   0x102  Code  Gb  stm32f7xx_hal_uart.o [1]
HAL_UART_RxCpltCallback
                        0x08023bdd     0x2  Code  Wk  stm32f7xx_hal_uart.o [1]
HAL_UART_TxCpltCallback
                        0x08023bdb     0x2  Code  Wk  stm32f7xx_hal_uart.o [1]
HEAP$$Base              0x2001feb8           --   Gb  - Linker created -
HEAP$$Limit             0x20021eb8           --   Gb  - Linker created -
HardFault_Handler       0x08024047     0x2  Code  Gb  stm32f7xx_it.o [1]
I2C1_EV_IRQHandler      0x0802407d     0x6  Code  Gb  stm32f7xx_it.o [1]
I2C2_EV_IRQHandler      0x08024083     0x6  Code  Gb  stm32f7xx_it.o [1]
I2C_IsAcknowledgeFailed
                        0x08021e79    0x8e  Code  Lc  stm32f7xx_hal_i2c.o [1]
I2C_MasterReceive_ISR   0x08021bdf   0x122  Code  Lc  stm32f7xx_hal_i2c.o [1]
I2C_MasterTransmit_ISR  0x08021abd   0x122  Code  Lc  stm32f7xx_hal_i2c.o [1]
I2C_SlaveReceive_ISR    0x08021dc1    0xac  Code  Lc  stm32f7xx_hal_i2c.o [1]
I2C_SlaveTransmit_ISR   0x08021d01    0xc0  Code  Lc  stm32f7xx_hal_i2c.o [1]
I2S1_stNipple           0x20010fd4     0x2  Data  Gb  waverecorder.o [1]
I2S1_stPosShft          0x20010fc1     0x1  Data  Gb  waverecorder.o [1]
I2S2_idxTmp             0x20010034     0x2  Data  Gb  main.o [1]
I2S2_stNipple           0x20012fda     0x2  Data  Gb  waverecorder.o [1]
I2S2_stPosShft          0x20012fd8     0x1  Data  Gb  waverecorder.o [1]
IS                      0x2001db68    0x18  Data  Gb  main.o [1]
ISS                     0x2001daf4    0x14  Data  Gb  main.o [1]
InStream_Read           0x08023d55    0x22  Code  Lc  lz77_init.o [7]
IsocInBuffDummy         0x2001d74c   0x180  Data  Lc  usbd_audio_in.o [1]
MIC1TO6_Init            0x0801a48f   0x126  Code  Gb  waverecorder.o [1]
MX_I2C2_Init            0x0801ee7b    0x2c  Code  Gb  main.o [1]
MemManage_Handler       0x08024049     0x2  Code  Gb  stm32f7xx_it.o [1]
NMI_Handler             0x08024045     0x2  Code  Gb  stm32f7xx_it.o [1]
OTG_FS_IRQHandler       0x08024089     0x6  Code  Gb  stm32f7xx_it.o [1]
OutStream_Write         0x08023d77    0x40  Code  Lc  lz77_init.o [7]
OutputDev               0x20010e04     0x1  Data  Gb  audio_codec.o [1]
PCD_WriteEmptyTxFifo    0x08022ee3    0xa0  Code  Lc  stm32f7xx_hal_pcd.o [1]
PCM_Buffer1             0xc00181e0  0x1000  Data  Gb  audio_application.o [1]
PDM2PCMSDO78            0x0801add1   0x22c  Code  Gb  waverecorder.o [1]
PDM_Filter_64_LSB       0x0801b4a1   0x31e  Code  Gb  pdm_filter.o [5]
PDM_Filter_Init         0x0801b2a1   0x1fe  Code  Gb  pdm_filter.o [5]
PendSV_Handler          0x08024053     0x2  Code  Gb  stm32f7xx_it.o [1]
Region$$Table$$Base     0x08024184           --   Gb  - Linker created -
Region$$Table$$Limit    0x080241b8           --   Gb  - Linker created -
S1                      0x2001db08    0x18  Data  Gb  main.o [1]
S2                      0x2001db20    0x18  Data  Gb  main.o [1]
S3                      0x2001db38    0x18  Data  Gb  main.o [1]
S4                      0x2001db50    0x18  Data  Gb  main.o [1]
SPI1_IRQHandler         0x0801a061    0xf4  Code  Gb  waverecorder.o [1]
SPI1_stNipple           0x20010fd2     0x2  Data  Gb  waverecorder.o [1]
SPI2_IRQHandler         0x0801a155   0x10e  Code  Gb  waverecorder.o [1]
SPI3_IRQHandler         0x0801e21f     0xa  Code  Gb  audio_codec.o [1]
SPI4_IRQHandler         0x0801a263   0x11e  Code  Gb  waverecorder.o [1]
SPI4_Init               0x0801a5b5    0x52  Code  Gb  waverecorder.o [1]
SPI4_stPosShft          0x20010fc2     0x1  Data  Gb  waverecorder.o [1]
SPI5_IRQHandler         0x0801a381    0x8a  Code  Gb  waverecorder.o [1]
SPI5_Init               0x0801a609    0x8c  Code  Gb  waverecorder.o [1]
SPI6_IRQHandler         0x0801a40b    0x84  Code  Gb  waverecorder.o [1]
SPI6_Init               0x0801a695    0x4a  Code  Gb  waverecorder.o [1]
SPI_DMAError            0x0801c0ad    0x26  Code  Lc  stm32f7xx_hal_spi.o [1]
SPI_DMAHalfReceiveCplt  0x0801c08d     0xe  Code  Lc  stm32f7xx_hal_spi.o [1]
SPI_DMAHalfTransmitReceiveCplt
                        0x0801c09d     0xe  Code  Lc  stm32f7xx_hal_spi.o [1]
SPI_DMAReceiveCplt      0x0801bc59   0x220  Code  Lc  stm32f7xx_hal_spi.o [1]
SPI_DMATransmitReceiveCplt
                        0x0801be79   0x214  Code  Lc  stm32f7xx_hal_spi.o [1]
SS1                     0x2001daa4    0x14  Data  Gb  main.o [1]
SS2                     0x2001dab8    0x14  Data  Gb  main.o [1]
SS3                     0x2001dacc    0x14  Data  Gb  main.o [1]
SS4                     0x2001dae0    0x14  Data  Gb  main.o [1]
STA321MP_Ini            0x08020a6d   0x47e  Code  Gb  sta321mp.o [1]
STACoefSet              0x08020f49   0x2c0  Code  Gb  sta321mp.o [1]
SVC_Handler             0x0802404f     0x2  Code  Gb  stm32f7xx_it.o [1]
Send_Audio_to_USB       0x0801e5cb     0xa  Code  Gb  usbd_audio_if.o [1]
SumDelay                0x0801ed61    0xd2  Code  Gb  main.o [1]
SysTick_Handler         0x08024055    0x20  Code  Gb  stm32f7xx_it.o [1]
SystemClock_Config      0x0801eb17    0xa0  Code  Lc  main.o [1]
SystemCoreClock         0x20010f78     0x4  Data  Gb  system_stm32f7xx.o [1]
SystemInit              0x080240ad    0x3c  Code  Gb  system_stm32f7xx.o [1]
T0                      0x20010a78   0x100  Data  Gb  pdm_filter.o [5]
T1                      0x20010b78   0x100  Data  Gb  pdm_filter.o [5]
T2                      0x20010c78   0x100  Data  Gb  pdm_filter.o [5]
TestSDO12               0x20010fd8  0x2000  Data  Gb  waverecorder.o [1]
TestSDO34               0x20012fe0  0x2000  Data  Gb  waverecorder.o [1]
TestSDO7                0x20016fe4  0x2000  Data  Gb  waverecorder.o [1]
TestSDO7_1              0x2001afe4  0x2000  Data  Gb  waverecorder.o [1]
TestSDO8                0x20018fe4  0x2000  Data  Gb  waverecorder.o [1]
TestSDO8_1              0x20014fe4  0x2000  Data  Gb  waverecorder.o [1]
Timing                  0x20010ed0    0x1c  Data  Lc  stm32746g_discovery_sdram.o [1]
UART_Receive_IT         0x08023cc1    0x94  Code  Lc  stm32f7xx_hal_uart.o [1]
UART_Transmit_IT        0x08023be1    0xe0  Code  Lc  stm32f7xx_hal_uart.o [1]
USART3_IRQHandler       0x08024077     0x6  Code  Gb  stm32f7xx_it.o [1]
USART6_IRQHandler       0x08024075     0x2  Code  Gb  stm32f7xx_it.o [1]
USBD_AUDIO              0x20010f00    0x38  Data  Gb  usbd_audio_in.o [1]
USBD_AUDIO_CfgDesc      0x2001d6d0    0x78  Data  Lc  usbd_audio_in.o [1]
USBD_AUDIO_ConfigStrDescriptor
                        0x08023f75    0x14  Code  Gb  usbd_desc.o [1]
USBD_AUDIO_DataIn       0x0801f6c3    0xc6  Code  Lc  usbd_audio_in.o [1]
USBD_AUDIO_DataOut      0x0801f7d1     0x4  Code  Lc  usbd_audio_in.o [1]
USBD_AUDIO_Data_Transfer
                        0x0801f7df    0xe0  Code  Gb  usbd_audio_in.o [1]
USBD_AUDIO_DeInit       0x0801f5a5    0x26  Code  Lc  usbd_audio_in.o [1]
USBD_AUDIO_DeviceDescriptor
                        0x08023f19     0x8  Code  Gb  usbd_desc.o [1]
USBD_AUDIO_DeviceQualifierDesc
                        0x20010fa0     0xc  Data  Lc  usbd_audio_in.o [1]
USBD_AUDIO_EP0_RxReady  0x0801f789    0x38  Code  Lc  usbd_audio_in.o [1]
USBD_AUDIO_EP0_TxReady  0x0801f7c1     0x4  Code  Lc  usbd_audio_in.o [1]
USBD_AUDIO_GetCfgDesc   0x0801f6b9     0xa  Code  Lc  usbd_audio_in.o [1]
USBD_AUDIO_GetDeviceQualifierDesc
                        0x0801f7d5     0xa  Code  Lc  usbd_audio_in.o [1]
USBD_AUDIO_Init         0x0801f53d    0x68  Code  Lc  usbd_audio_in.o [1]
USBD_AUDIO_Init_Microphone_Descriptor
                        0x0801f8c9   0x4a8  Code  Gb  usbd_audio_in.o [1]
USBD_AUDIO_InterfaceStrDescriptor
                        0x08023f89    0x14  Code  Gb  usbd_desc.o [1]
USBD_AUDIO_IsoINIncomplete
                        0x0801f7c9     0x4  Code  Lc  usbd_audio_in.o [1]
USBD_AUDIO_IsoOutIncomplete
                        0x0801f7cd     0x4  Code  Lc  usbd_audio_in.o [1]
USBD_AUDIO_LangIDStrDescriptor
                        0x08023f21     0x8  Code  Gb  usbd_desc.o [1]
USBD_AUDIO_ManufacturerStrDescriptor
                        0x08023f45    0x14  Code  Gb  usbd_desc.o [1]
USBD_AUDIO_ProductStrDescriptor
                        0x08023f29    0x1c  Code  Gb  usbd_desc.o [1]
USBD_AUDIO_RegisterInterface
                        0x0801f8bf     0xa  Code  Gb  usbd_audio_in.o [1]
USBD_AUDIO_SOF          0x0801f7c5     0x4  Code  Lc  usbd_audio_in.o [1]
USBD_AUDIO_SerialStrDescriptor
                        0x08023f59    0x1c  Code  Gb  usbd_desc.o [1]
USBD_AUDIO_Setup        0x0801f5cb    0xee  Code  Lc  usbd_audio_in.o [1]
USBD_AUDIO_fops         0x20010f38    0x24  Data  Gb  usbd_audio_if.o [1]
USBD_ClrClassConfig     0x08021475    0x12  Code  Gb  usbd_core.o [1]
USBD_CtlContinueRx      0x08022197    0x14  Code  Gb  usbd_ioreq.o [1]
USBD_CtlContinueSendData
                        0x08022161    0x14  Code  Gb  usbd_ioreq.o [1]
USBD_CtlError           0x080225d1    0x16  Code  Gb  usbd_ctlreq.o [1]
USBD_CtlPrepareRx       0x08022175    0x22  Code  Gb  usbd_ioreq.o [1]
USBD_CtlReceiveStatus   0x080221c5    0x1a  Code  Gb  usbd_ioreq.o [1]
USBD_CtlSendData        0x08022143    0x1e  Code  Gb  usbd_ioreq.o [1]
USBD_CtlSendStatus      0x080221ab    0x1a  Code  Gb  usbd_ioreq.o [1]
USBD_GetDescriptor      0x08022499   0x110  Code  Lc  usbd_ctlreq.o [1]
USBD_GetString          0x080225e9    0x4c  Code  Gb  usbd_ctlreq.o [1]
USBD_Init               0x08021411    0x30  Code  Gb  usbd_core.o [1]
USBD_LL_ClearStallEP    0x080220dd    0x12  Code  Gb  usbd_conf_f4.o [1]
USBD_LL_CloseEP         0x080220a7    0x12  Code  Gb  usbd_conf_f4.o [1]
USBD_LL_DataInStage     0x08021559    0xb2  Code  Gb  usbd_core.o [1]
USBD_LL_DataOutStage    0x080214eb    0x6e  Code  Gb  usbd_core.o [1]
USBD_LL_DevConnected    0x08021697     0x4  Code  Gb  usbd_core.o [1]
USBD_LL_DevDisconnected
                        0x0802169b    0x1c  Code  Gb  usbd_core.o [1]
USBD_LL_FlushEP         0x080220b9    0x12  Code  Gb  usbd_conf_f4.o [1]
USBD_LL_Init            0x0802200f    0x60  Code  Gb  usbd_conf_f4.o [1]
USBD_LL_IsStallEP       0x080220ef    0x1e  Code  Gb  usbd_conf_f4.o [1]
USBD_LL_IsoINIncomplete
                        0x0802168f     0x4  Code  Gb  usbd_core.o [1]
USBD_LL_IsoOUTIncomplete
                        0x08021693     0x4  Code  Gb  usbd_core.o [1]
USBD_LL_OpenEP          0x08022093    0x14  Code  Gb  usbd_conf_f4.o [1]
USBD_LL_PrepareReceive  0x08022131    0x12  Code  Gb  usbd_conf_f4.o [1]
USBD_LL_Reset           0x0802160b    0x42  Code  Gb  usbd_core.o [1]
USBD_LL_Resume          0x08021665     0xc  Code  Gb  usbd_core.o [1]
USBD_LL_SOF             0x08021671    0x1e  Code  Gb  usbd_core.o [1]
USBD_LL_SetSpeed        0x0802164d     0x6  Code  Gb  usbd_core.o [1]
USBD_LL_SetUSBAddress   0x0802210d    0x12  Code  Gb  usbd_conf_f4.o [1]
USBD_LL_SetupStage      0x08021487    0x64  Code  Gb  usbd_core.o [1]
USBD_LL_StallEP         0x080220cb    0x12  Code  Gb  usbd_conf_f4.o [1]
USBD_LL_Start           0x08022081    0x12  Code  Gb  usbd_conf_f4.o [1]
USBD_LL_Suspend         0x08021653    0x12  Code  Gb  usbd_core.o [1]
USBD_LL_Transmit        0x0802211f    0x12  Code  Gb  usbd_conf_f4.o [1]
USBD_LangIDDesc         0x20010fb8     0x4  Data  Gb  usbd_desc.o [1]
USBD_ParseSetupRequest  0x080225a9    0x28  Code  Gb  usbd_ctlreq.o [1]
USBD_RegisterClass      0x08021441    0x10  Code  Gb  usbd_core.o [1]
USBD_SetClassConfig     0x0802145f    0x16  Code  Gb  usbd_core.o [1]
USBD_Start              0x08021451     0xe  Code  Gb  usbd_core.o [1]
USBD_StdDevReq          0x080221e1   0x15e  Code  Gb  usbd_ctlreq.o [1]
USBD_StdEPReq           0x0802238d   0x10c  Code  Gb  usbd_ctlreq.o [1]
USBD_StdItfReq          0x08022345    0x46  Code  Gb  usbd_ctlreq.o [1]
USBD_StrDesc            0x2001db80    0xc8  Data  Gb  usbd_desc.o [1]
USB_ActivateEndpoint    0x08023449    0x8c  Code  Gb  stm32f7xx_ll_usb.o [1]
USB_ActivateSetup       0x08023a5f    0x2e  Code  Gb  stm32f7xx_ll_usb.o [1]
USB_CoreInit            0x080231b1    0xa0  Code  Gb  stm32f7xx_ll_usb.o [1]
USB_DeactivateEndpoint  0x080234d5    0x68  Code  Gb  stm32f7xx_ll_usb.o [1]
USB_DevConnect          0x080239c7    0x1c  Code  Gb  stm32f7xx_ll_usb.o [1]
USB_DevDisconnect       0x080239e3    0x1c  Code  Gb  stm32f7xx_ll_usb.o [1]
USB_DevInit             0x08023299   0x144  Code  Gb  stm32f7xx_ll_usb.o [1]
USB_DisableGlobalInt    0x0802325d     0xc  Code  Gb  stm32f7xx_ll_usb.o [1]
USB_EP0StartXfer        0x08023765   0x146  Code  Gb  stm32f7xx_ll_usb.o [1]
USB_EP0_OutStart        0x08023a8d    0x30  Code  Gb  stm32f7xx_ll_usb.o [1]
USB_EPClearStall        0x08023951    0x5a  Code  Gb  stm32f7xx_ll_usb.o [1]
USB_EPSetStall          0x080238ff    0x52  Code  Gb  stm32f7xx_ll_usb.o [1]
USB_EPStartXfer         0x0802353d   0x228  Code  Gb  stm32f7xx_ll_usb.o [1]
USB_EnableGlobalInt     0x08023251     0xc  Code  Gb  stm32f7xx_ll_usb.o [1]
USB_FlushRxFifo         0x080233fb    0x1a  Code  Gb  stm32f7xx_ll_usb.o [1]
USB_FlushTxFifo         0x080233dd    0x1e  Code  Gb  stm32f7xx_ll_usb.o [1]
USB_GetDevSpeed         0x08023415    0x34  Code  Gb  stm32f7xx_ll_usb.o [1]
USB_GetMode             0x08023a57     0x8  Code  Gb  stm32f7xx_ll_usb.o [1]
USB_ReadDevAllInEpInterrupt
                        0x08023a15     0xe  Code  Gb  stm32f7xx_ll_usb.o [1]
USB_ReadDevAllOutEpInterrupt
                        0x08023a07     0xe  Code  Gb  stm32f7xx_ll_usb.o [1]
USB_ReadDevInEPInterrupt
                        0x08023a37    0x20  Code  Gb  stm32f7xx_ll_usb.o [1]
USB_ReadDevOutEPInterrupt
                        0x08023a23    0x14  Code  Gb  stm32f7xx_ll_usb.o [1]
USB_ReadInterrupts      0x080239ff     0x8  Code  Gb  stm32f7xx_ll_usb.o [1]
USB_ReadPacket          0x080238e1    0x1e  Code  Gb  stm32f7xx_ll_usb.o [1]
USB_SetCurrentMode      0x08023269    0x2e  Code  Gb  stm32f7xx_ll_usb.o [1]
USB_SetDevAddress       0x080239ab    0x1c  Code  Gb  stm32f7xx_ll_usb.o [1]
USB_WritePacket         0x080238ad    0x34  Code  Gb  stm32f7xx_ll_usb.o [1]
UsageFault_Handler      0x0802404d     0x2  Code  Gb  stm32f7xx_it.o [1]
VOL_CUR                 0x2001d748     0x2  Data  Lc  usbd_audio_in.o [1]
Volume                  0x20010e05     0x1  Data  Gb  audio_codec.o [1]
WaveRec_idxSens1        0x20010036     0x2  Data  Gb  main.o [1]
WaveRec_idxSens2        0x20010038     0x2  Data  Gb  main.o [1]
WaveRec_idxSens3        0x20010032     0x2  Data  Gb  main.o [1]
WaveRec_idxSens4        0x20010030     0x2  Data  Gb  main.o [1]
WaveRec_idxSens5        0x2001003a     0x2  Data  Gb  main.o [1]
WaveRec_idxSens6        0x2001003c     0x2  Data  Gb  main.o [1]
WaveRecord_flgIni       0x2001deb7     0x1  Data  Gb  waverecorder.o [1]
WaveRecord_flgInt       0x20010fc0     0x1  Data  Gb  waverecorder.o [1]
WaveRecord_flgSDO7Finish
                        0x2001d556     0x1  Data  Gb  waverecorder.o [1]
WaveRecord_flgSDO8Finish
                        0x20014fe0     0x1  Data  Gb  waverecorder.o [1]
WriteCoef               0x08021209   0x1fa  Code  Gb  sta321mp.o [1]
WriteSTAByte            0x08020eed    0x5a  Code  Gb  sta321mp.o [1]
XferCplt                0x2001deac     0x4  Data  Gb  waveplayer _CS43L22.o [1]
__aeabi_cdcmpeq         0x0801fe05          Code  Gb  DblCmpEq.o [6]
__aeabi_cdcmple         0x0801e65d          Code  Gb  DblCmpLe.o [6]
__aeabi_cdrcmple        0x0801e68d          Code  Gb  DblCmpGe.o [6]
__aeabi_cfcmpeq         0x0801d2e5          Code  Gb  FltCmpEq.o [6]
__aeabi_cfcmple         0x0801d311          Code  Gb  FltCmpLe.o [6]
__aeabi_d2f             0x0801d8f9          Code  Gb  DblToFlt.o [6]
__aeabi_d2iz            0x0801d709          Code  Gb  DblToI32.o [6]
__aeabi_dadd            0x0801d621          Code  Gb  DblAdd.o [6]
__aeabi_ddiv            0x0801d3c9          Code  Gb  DblDiv.o [6]
__aeabi_dmul            0x0801d755          Code  Gb  DblMul.o [6]
__aeabi_dsub            0x0801ddd9          Code  Gb  DblSub.o [6]
__aeabi_errno_addr      0x0801e6bd     0x6  Code  Gb  errno.o [3]
__aeabi_f2d             0x0801d349          Code  Gb  FltToDbl.o [6]
__aeabi_fmul            0x0801d335    0x12  Code  Gb  FltMul.o [6]
__aeabi_i2d             0x0801d399          Code  Gb  I32ToDbl.o [6]
__aeabi_memclr          0x08022635          Code  Gb  ABImemclr.o [7]
__aeabi_ui2d            0x0801d3ad          Code  Gb  I32ToDbl.o [6]
__aeabi_ui2f            0x0801d301     0xe  Code  Gb  U32ToFlt.o [6]
__cmain                 0x080241b9          Code  Gb  cmain.o [7]
__data_GetMemChunk      0x08019fe9    0x2c  Code  Gb  xgetmemchunk.o [3]
__exit                  0x0801a015    0x14  Code  Gb  exit.o [8]
__iar_Dint              0x0801fd8b    0x7a  Code  Gb  xdint.o [6]
__iar_Errno             0x20010fbc     0x4  Data  Gb  errno.o [3]
__iar_Memset_word       0x08022ff9          Code  Gb  ABImemset.o [7]
__iar_Quad              0x0801e6c9   0x12c  Code  Gb  xquad.o [6]
__iar_Sin               0x0801d989   0x3b2  Code  Gb  xsin.o [6]
__iar_close_ttio        0x0801a029    0x2e  Code  Gb  iarttio.o [8]
__iar_d2uiz             0x0801d735          Code  Gb  DblToI32.o [6]
__iar_dadd              0x0801d635          Code  Gb  DblAdd.o [6]
__iar_data_init3        0x08024139    0x28  Code  Gb  data_init.o [7]
__iar_dlfree            0x08019ac7   0x510  Code  Gb  dlmalloc.o [3]
__iar_dlib_perthread_access
                        0x0801fd89     0x2  Code  Gb  xtls.o [3]
__iar_dlmalloc          0x08019811   0x2aa  Code  Gb  dlmalloc.o [3]
__iar_dsub              0x0801dded          Code  Gb  DblSub.o [6]
__iar_dsubStart         0x0801ddff          Code  Gb  DblSub.o [6]
__iar_edom              0x0801e831          Code  Gb  iarEdom.o [7]
__iar_fmod              0x0801fe25          Code  Gb  fmod.o [6]
__iar_fmodl             0x0801fe25          Code  Gb  fmod.o [6]
__iar_init_vfp          0x08024161          Code  Gb  fpinit_M.o [6]
__iar_lookup_ttioh      0x0801a059     0x8  Code  Gb  XShttio.o [3]
__iar_lz77_init3        0x08023db7   0x162  Code  Gb  lz77_init.o [7]
__iar_program_start     0x080241f9          Code  Gb  cstartup_M.o [7]
__iar_sqrt              0x0801df59          Code  Gb  sqrt.o [6]
__iar_ttio_handles      0x20010fac     0x8  Data  Lc  XShttio.o [3]
__iar_ui2d              0x0801d3b1          Code  Gb  I32ToDbl.o [6]
__iar_unaligned___aeabi_memcpy
                        0x0802263d          Code  Gb  ABImemcpy_unaligned.o [7]
__iar_unaligned___aeabi_memcpy4
                        0x0802265d          Code  Gb  ABImemcpy_unaligned.o [7]
__iar_unaligned___aeabi_memcpy8
                        0x0802265d          Code  Gb  ABImemcpy_unaligned.o [7]
__iar_zero_init3        0x080240f9    0x40  Code  Gb  zero_init3.o [7]
__low_level_init        0x080241d3     0x4  Code  Gb  low_level_init.o [3]
__vector_table          0x08000000          Data  Gb  startup_stm32f746xx.o [1]
_call_main              0x080241c5          Code  Gb  cmain.o [7]
_exit                   0x080241dd          Code  Gb  cexit.o [7]
_gm_                    0x2001d8cc   0x1d8  Data  Lc  dlmalloc.o [3]
_main                   0x080241cf          Code  Gb  cmain.o [7]
abort                   0x08019fe1     0x6  Code  Gb  abort.o [3]
armBitRevTable          0x080001c8   0x800  Data  Gb  arm_common_tables.o [4]
arm_cfft_radix4_init_f32
                        0x08010a41    0xb0  Code  Gb  arm_cfft_radix4_init_f32.o [4]
arm_rfft_init_f32       0x080089c9    0x72  Code  Gb  arm_rfft_init_f32.o [4]
btnSW1                  0x20010fb4     0x1  Data  Gb  main.o [1]
btnSW2                  0x20010fb5     0x1  Data  Gb  main.o [1]
bufCoefBiquad           0x20010e14    0x10  Data  Gb  sta321mp.o [1]
bufPCMSens7             0x2001d564     0x4  Data  Gb  waverecorder.o [1]
bufPCMSens8             0x2001d568     0x4  Data  Gb  waverecorder.o [1]
bufferSum               0x20010050   0x800  Data  Gb  main.o [1]
buffer_switch           0x2001002f     0x1  Data  Gb  main.o [1]
cntBtnPress             0x20010fb6     0x1  Data  Gb  main.o [1]
cntOS                   0x2001dea8     0x4  Data  Gb  stm32f7xx_it.o [1]
cntPos                  0x2001d55e     0x2  Data  Gb  waverecorder.o [1]
cntPos7                 0x2001d560     0x2  Data  Gb  waverecorder.o [1]
cntRisingEXTI           0x2001deb4     0x2  Data  Gb  main.o [1]
cntStrt                 0x2001d562     0x2  Data  Gb  waverecorder.o [1]
cntTime200              0x2001004c     0x2  Data  Gb  main.o [1]
exit                    0x080241d7     0x4  Code  Gb  exit.o [3]
flg10ms                 0x2001002e     0x1  Data  Gb  main.o [1]
flgDlyUpd               0x2001002c     0x1  Data  Gb  main.o [1]
fmod                    0x0801fe25          Code  Gb  fmod.o [6]
fmodl                   0x0801fe25          Code  Gb  fmod.o [6]
hUSBDDevice             0x20010850   0x224  Data  Gb  main.o [1]
hUSBDDeviceDesc         0x20010f8c    0x14  Data  Gb  usbd_desc.o [1]
haudioInstance          0x2001d66c    0x64  Data  Lc  usbd_audio_in.o [1]
hdma_spi5_rx            0x2001dc48    0x50  Data  Gb  waverecorder.o [1]
hdma_spi6_rx            0x2001dc98    0x50  Data  Gb  waverecorder.o [1]
hi2c1                   0x20010dc8    0x3c  Data  Gb  audio_codec.o [1]
hi2c2                   0x2001de4c    0x3c  Data  Gb  audio_codec.o [1]
hi2s1                   0x2001d46c    0x40  Data  Gb  waverecorder.o [1]
hi2s2                   0x2001d4ac    0x40  Data  Gb  waverecorder.o [1]
hi2s3                   0x2001de0c    0x40  Data  Gb  waveplayer _CS43L22.o [1]
hpcd                    0x2001cfe4   0x3c0  Data  Gb  usbd_conf_f4.o [1]
hspi4                   0x2001dd58    0x64  Data  Gb  main.o [1]
hspi5                   0x2001d3a4    0x64  Data  Gb  waverecorder.o [1]
hspi6                   0x2001d408    0x64  Data  Gb  waverecorder.o [1]
huart3                  0x2001dce8    0x70  Data  Gb  main.o [1]
iSDO12                  0x20010fd6     0x2  Data  Gb  waverecorder.o [1]
iSDO34                  0x20012fdc     0x2  Data  Gb  waverecorder.o [1]
idxFrmPDMMic8           0x2001d55c     0x2  Data  Gb  waverecorder.o [1]
idxLatency12            0x20010042     0x2  Data  Gb  main.o [1]
idxLatency13            0x20010040     0x2  Data  Gb  main.o [1]
idxLatency14            0x20010044     0x2  Data  Gb  main.o [1]
idxLatency25            0x20010046     0x2  Data  Gb  main.o [1]
idxLatency63            0x20010048     0x2  Data  Gb  main.o [1]
idxLatency78            0x2001004a     0x2  Data  Gb  main.o [1]
idxMic7                 0x2001d55a     0x2  Data  Gb  waverecorder.o [1]
idxMic8                 0x2001d558     0x2  Data  Gb  waverecorder.o [1]
idxSPI5DataBuf3         0x2001003e     0x2  Data  Gb  main.o [1]
init_mparams            0x08018b0b    0x32  Code  Lc  dlmalloc.o [3]
init_top                0x08018b3d    0x34  Code  Lc  dlmalloc.o [3]
main                    0x0801e8ed   0x22a  Code  Gb  main.o [1]
mparams                 0x2001de88    0x18  Data  Lc  dlmalloc.o [3]
pDataMic7               0x2001d5ec    0x80  Data  Gb  waverecorder.o [1]
pDataMic8               0x2001d56c    0x80  Data  Gb  waverecorder.o [1]
pcSTAComnd              0x20010e24    0x50  Data  Gb  sta321mp.o [1]
pcSTAComnd1             0x20010e74     0x2  Data  Gb  sta321mp.o [1]
pcSTAComnd2             0x20010e78    0x24  Data  Gb  sta321mp.o [1]
prepend_alloc           0x08018b71   0x36c  Code  Lc  dlmalloc.o [3]
realCoefA               0x08008a40  0x8000  Data  Lc  arm_rfft_init_f32.o [4]
realCoefB               0x08010af0  0x8000  Data  Lc  arm_rfft_init_f32.o [4]
sdramHandle             0x20010e9c    0x34  Data  Lc  stm32746g_discovery_sdram.o [1]
segment_holding         0x08018af1    0x1a  Code  Lc  dlmalloc.o [3]
sqrt                    0x0801df59          Code  Gb  sqrt.o [6]
sqrtl                   0x0801df59          Code  Gb  sqrt.o [6]
stFrstFrmStore          0x2001002d     0x1  Data  Gb  main.o [1]
stm32_crc               0x20010a74     0x4  Data  Gb  pdm_filter.o [5]
swtSDO7                 0x2001d554     0x1  Data  Gb  waverecorder.o [1]
swtSDO8                 0x2001d555     0x1  Data  Gb  waverecorder.o [1]
sys_alloc               0x08018edd   0x386  Code  Lc  dlmalloc.o [3]
tmalloc_large           0x08019271   0x390  Code  Lc  dlmalloc.o [3]
tmalloc_small           0x08019601   0x210  Code  Lc  dlmalloc.o [3]
twiddleCoef_4096        0x080009c8  0x8000  Data  Gb  arm_common_tables.o [4]
uwTick                  0x2001dea4     0x4  Data  Lc  stm32f7xx_hal.o [1]
vRawSens1               0x20010fc6     0x2  Data  Gb  waverecorder.o [1]
vRawSens2               0x20010fc8     0x2  Data  Gb  waverecorder.o [1]
vRawSens3               0x20010fcc     0x2  Data  Gb  waverecorder.o [1]
vRawSens4               0x20010fca     0x2  Data  Gb  waverecorder.o [1]
vRawSens5               0x20010fce     0x2  Data  Gb  waverecorder.o [1]
vRawSens6               0x20010fd0     0x2  Data  Gb  waverecorder.o [1]
vol_table               0x0801e5d8    0x84  Data  Gb  usbd_audio_if.o [1]
volume                  0x20010efe     0x1  Data  Gb  waveplayer _CS43L22.o [1]


[1] = D:\sop1hc\Github\data\Mic_Array_V00\USB_STREAMING\Mic_Array\Projects\STM32746G\Applications\Audio\Mic_Array\EWARM\STM32F7\Obj
[2] = command line
[3] = dl7M_tlf.a
[4] = iar_cortexM7ls_math.a
[5] = libPDMFilter_CM7_IAR.a
[6] = m7M_tls.a
[7] = rt7M_tl.a
[8] = shb_l.a

  80 642 bytes of readonly  code memory
  68 465 bytes of readonly  data memory
  73 400 bytes of readwrite data memory (+ 102 880 absolute)

Errors: none
Warnings: none
