###############################################################################
#
# IAR ELF Linker V7.50.2.10312/W32 for ARM                12/Feb/2016  13:22:02
# Copyright 2007-2015 IAR Systems AB.
#
#    Output file  =  
#        H:\PhanLeSon\ActivNoise\Microphone\F7\Mic_Array_Project\Mic_Array\Projects\STM32746G\Applications\Audio\Mic_Array\EWARM\STM32F7\Exe\Project.out
#    Map file     =  
#        H:\PhanLeSon\ActivNoise\Microphone\F7\Mic_Array_Project\Mic_Array\Projects\STM32746G\Applications\Audio\Mic_Array\EWARM\STM32F7\List\Project.map
#    Command line =  
#        H:\PhanLeSon\ActivNoise\Microphone\F7\Mic_Array_Project\Mic_Array\Projects\STM32746G\Applications\Audio\Mic_Array\EWARM\STM32F7\Obj\audio_codec.o
#        H:\PhanLeSon\ActivNoise\Microphone\F7\Mic_Array_Project\Mic_Array\Projects\STM32746G\Applications\Audio\Mic_Array\EWARM\STM32F7\Obj\DSP.o
#        H:\PhanLeSon\ActivNoise\Microphone\F7\Mic_Array_Project\Mic_Array\Projects\STM32746G\Applications\Audio\Mic_Array\EWARM\STM32F7\Obj\ff.o
#        H:\PhanLeSon\ActivNoise\Microphone\F7\Mic_Array_Project\Mic_Array\Projects\STM32746G\Applications\Audio\Mic_Array\EWARM\STM32F7\Obj\ft5336.o
#        H:\PhanLeSon\ActivNoise\Microphone\F7\Mic_Array_Project\Mic_Array\Middlewares\ST\STM32_Audio\Addons\PDM\libPDMFilter_CM7_IAR.a
#        H:\PhanLeSon\ActivNoise\Microphone\F7\Mic_Array_Project\Mic_Array\Projects\STM32746G\Applications\Audio\Mic_Array\EWARM\STM32F7\Obj\main.o
#        H:\PhanLeSon\ActivNoise\Microphone\F7\Mic_Array_Project\Mic_Array\Projects\STM32746G\Applications\Audio\Mic_Array\EWARM\STM32F7\Obj\sta321mp.o
#        H:\PhanLeSon\ActivNoise\Microphone\F7\Mic_Array_Project\Mic_Array\Projects\STM32746G\Applications\Audio\Mic_Array\EWARM\STM32F7\Obj\startup_stm32f746xx.o
#        H:\PhanLeSon\ActivNoise\Microphone\F7\Mic_Array_Project\Mic_Array\Projects\STM32746G\Applications\Audio\Mic_Array\EWARM\STM32F7\Obj\stm32746g_discovery.o
#        H:\PhanLeSon\ActivNoise\Microphone\F7\Mic_Array_Project\Mic_Array\Projects\STM32746G\Applications\Audio\Mic_Array\EWARM\STM32F7\Obj\stm32746g_discovery_lcd.o
#        H:\PhanLeSon\ActivNoise\Microphone\F7\Mic_Array_Project\Mic_Array\Projects\STM32746G\Applications\Audio\Mic_Array\EWARM\STM32F7\Obj\stm32746g_discovery_sdram.o
#        H:\PhanLeSon\ActivNoise\Microphone\F7\Mic_Array_Project\Mic_Array\Projects\STM32746G\Applications\Audio\Mic_Array\EWARM\STM32F7\Obj\stm32746g_discovery_ts.o
#        H:\PhanLeSon\ActivNoise\Microphone\F7\Mic_Array_Project\Mic_Array\Projects\STM32746G\Applications\Audio\Mic_Array\EWARM\STM32F7\Obj\stm32f7xx_hal.o
#        H:\PhanLeSon\ActivNoise\Microphone\F7\Mic_Array_Project\Mic_Array\Projects\STM32746G\Applications\Audio\Mic_Array\EWARM\STM32F7\Obj\stm32f7xx_hal_cortex.o
#        H:\PhanLeSon\ActivNoise\Microphone\F7\Mic_Array_Project\Mic_Array\Projects\STM32746G\Applications\Audio\Mic_Array\EWARM\STM32F7\Obj\stm32f7xx_hal_dma.o
#        H:\PhanLeSon\ActivNoise\Microphone\F7\Mic_Array_Project\Mic_Array\Projects\STM32746G\Applications\Audio\Mic_Array\EWARM\STM32F7\Obj\stm32f7xx_hal_dma2d.o
#        H:\PhanLeSon\ActivNoise\Microphone\F7\Mic_Array_Project\Mic_Array\Projects\STM32746G\Applications\Audio\Mic_Array\EWARM\STM32F7\Obj\stm32f7xx_hal_dma_ex.o
#        H:\PhanLeSon\ActivNoise\Microphone\F7\Mic_Array_Project\Mic_Array\Projects\STM32746G\Applications\Audio\Mic_Array\EWARM\STM32F7\Obj\stm32f7xx_hal_flash.o
#        H:\PhanLeSon\ActivNoise\Microphone\F7\Mic_Array_Project\Mic_Array\Projects\STM32746G\Applications\Audio\Mic_Array\EWARM\STM32F7\Obj\stm32f7xx_hal_flash_ex.o
#        H:\PhanLeSon\ActivNoise\Microphone\F7\Mic_Array_Project\Mic_Array\Projects\STM32746G\Applications\Audio\Mic_Array\EWARM\STM32F7\Obj\stm32f7xx_hal_gpio.o
#        H:\PhanLeSon\ActivNoise\Microphone\F7\Mic_Array_Project\Mic_Array\Projects\STM32746G\Applications\Audio\Mic_Array\EWARM\STM32F7\Obj\stm32f7xx_hal_hcd.o
#        H:\PhanLeSon\ActivNoise\Microphone\F7\Mic_Array_Project\Mic_Array\Projects\STM32746G\Applications\Audio\Mic_Array\EWARM\STM32F7\Obj\stm32f7xx_hal_i2c.o
#        H:\PhanLeSon\ActivNoise\Microphone\F7\Mic_Array_Project\Mic_Array\Projects\STM32746G\Applications\Audio\Mic_Array\EWARM\STM32F7\Obj\stm32f7xx_hal_i2c_ex.o
#        H:\PhanLeSon\ActivNoise\Microphone\F7\Mic_Array_Project\Mic_Array\Projects\STM32746G\Applications\Audio\Mic_Array\EWARM\STM32F7\Obj\stm32f7xx_hal_i2s.o
#        H:\PhanLeSon\ActivNoise\Microphone\F7\Mic_Array_Project\Mic_Array\Projects\STM32746G\Applications\Audio\Mic_Array\EWARM\STM32F7\Obj\stm32f7xx_hal_ltdc.o
#        H:\PhanLeSon\ActivNoise\Microphone\F7\Mic_Array_Project\Mic_Array\Projects\STM32746G\Applications\Audio\Mic_Array\EWARM\STM32F7\Obj\stm32f7xx_hal_pwr.o
#        H:\PhanLeSon\ActivNoise\Microphone\F7\Mic_Array_Project\Mic_Array\Projects\STM32746G\Applications\Audio\Mic_Array\EWARM\STM32F7\Obj\stm32f7xx_hal_pwr_ex.o
#        H:\PhanLeSon\ActivNoise\Microphone\F7\Mic_Array_Project\Mic_Array\Projects\STM32746G\Applications\Audio\Mic_Array\EWARM\STM32F7\Obj\stm32f7xx_hal_rcc.o
#        H:\PhanLeSon\ActivNoise\Microphone\F7\Mic_Array_Project\Mic_Array\Projects\STM32746G\Applications\Audio\Mic_Array\EWARM\STM32F7\Obj\stm32f7xx_hal_rcc_ex.o
#        H:\PhanLeSon\ActivNoise\Microphone\F7\Mic_Array_Project\Mic_Array\Projects\STM32746G\Applications\Audio\Mic_Array\EWARM\STM32F7\Obj\stm32f7xx_hal_sai.o
#        H:\PhanLeSon\ActivNoise\Microphone\F7\Mic_Array_Project\Mic_Array\Projects\STM32746G\Applications\Audio\Mic_Array\EWARM\STM32F7\Obj\stm32f7xx_hal_sai_ex.o
#        H:\PhanLeSon\ActivNoise\Microphone\F7\Mic_Array_Project\Mic_Array\Projects\STM32746G\Applications\Audio\Mic_Array\EWARM\STM32F7\Obj\stm32f7xx_hal_sdram.o
#        H:\PhanLeSon\ActivNoise\Microphone\F7\Mic_Array_Project\Mic_Array\Projects\STM32746G\Applications\Audio\Mic_Array\EWARM\STM32F7\Obj\stm32f7xx_hal_spi.o
#        H:\PhanLeSon\ActivNoise\Microphone\F7\Mic_Array_Project\Mic_Array\Projects\STM32746G\Applications\Audio\Mic_Array\EWARM\STM32F7\Obj\stm32f7xx_hal_sram.o
#        H:\PhanLeSon\ActivNoise\Microphone\F7\Mic_Array_Project\Mic_Array\Projects\STM32746G\Applications\Audio\Mic_Array\EWARM\STM32F7\Obj\stm32f7xx_hal_tim.o
#        H:\PhanLeSon\ActivNoise\Microphone\F7\Mic_Array_Project\Mic_Array\Projects\STM32746G\Applications\Audio\Mic_Array\EWARM\STM32F7\Obj\stm32f7xx_hal_tim_ex.o
#        H:\PhanLeSon\ActivNoise\Microphone\F7\Mic_Array_Project\Mic_Array\Projects\STM32746G\Applications\Audio\Mic_Array\EWARM\STM32F7\Obj\stm32f7xx_hal_uart.o
#        H:\PhanLeSon\ActivNoise\Microphone\F7\Mic_Array_Project\Mic_Array\Projects\STM32746G\Applications\Audio\Mic_Array\EWARM\STM32F7\Obj\stm32f7xx_it.o
#        H:\PhanLeSon\ActivNoise\Microphone\F7\Mic_Array_Project\Mic_Array\Projects\STM32746G\Applications\Audio\Mic_Array\EWARM\STM32F7\Obj\stm32f7xx_ll_fmc.o
#        H:\PhanLeSon\ActivNoise\Microphone\F7\Mic_Array_Project\Mic_Array\Projects\STM32746G\Applications\Audio\Mic_Array\EWARM\STM32F7\Obj\stm32f7xx_ll_usb.o
#        H:\PhanLeSon\ActivNoise\Microphone\F7\Mic_Array_Project\Mic_Array\Projects\STM32746G\Applications\Audio\Mic_Array\EWARM\STM32F7\Obj\system_stm32f7xx.o
#        H:\PhanLeSon\ActivNoise\Microphone\F7\Mic_Array_Project\Mic_Array\Projects\STM32746G\Applications\Audio\Mic_Array\EWARM\STM32F7\Obj\usbh_conf.o
#        H:\PhanLeSon\ActivNoise\Microphone\F7\Mic_Array_Project\Mic_Array\Projects\STM32746G\Applications\Audio\Mic_Array\EWARM\STM32F7\Obj\usbh_core.o
#        H:\PhanLeSon\ActivNoise\Microphone\F7\Mic_Array_Project\Mic_Array\Projects\STM32746G\Applications\Audio\Mic_Array\EWARM\STM32F7\Obj\usbh_ctlreq.o
#        H:\PhanLeSon\ActivNoise\Microphone\F7\Mic_Array_Project\Mic_Array\Projects\STM32746G\Applications\Audio\Mic_Array\EWARM\STM32F7\Obj\usbh_diskio.o
#        H:\PhanLeSon\ActivNoise\Microphone\F7\Mic_Array_Project\Mic_Array\Projects\STM32746G\Applications\Audio\Mic_Array\EWARM\STM32F7\Obj\usbh_ioreq.o
#        H:\PhanLeSon\ActivNoise\Microphone\F7\Mic_Array_Project\Mic_Array\Projects\STM32746G\Applications\Audio\Mic_Array\EWARM\STM32F7\Obj\usbh_msc.o
#        H:\PhanLeSon\ActivNoise\Microphone\F7\Mic_Array_Project\Mic_Array\Projects\STM32746G\Applications\Audio\Mic_Array\EWARM\STM32F7\Obj\usbh_msc_bot.o
#        H:\PhanLeSon\ActivNoise\Microphone\F7\Mic_Array_Project\Mic_Array\Projects\STM32746G\Applications\Audio\Mic_Array\EWARM\STM32F7\Obj\usbh_msc_scsi.o
#        H:\PhanLeSon\ActivNoise\Microphone\F7\Mic_Array_Project\Mic_Array\Projects\STM32746G\Applications\Audio\Mic_Array\EWARM\STM32F7\Obj\usbh_pipes.o
#        "H:\PhanLeSon\ActivNoise\Microphone\F7\Mic_Array_Project\Mic_Array\Projects\STM32746G\Applications\Audio\Mic_Array\EWARM\STM32F7\Obj\waveplayer
#        _CS43L22.o"
#        H:\PhanLeSon\ActivNoise\Microphone\F7\Mic_Array_Project\Mic_Array\Projects\STM32746G\Applications\Audio\Mic_Array\EWARM\STM32F7\Obj\waverecorder.o
#        --redirect _Printf=_PrintfSmall --redirect _Scanf=_ScanfSmall -o
#        H:\PhanLeSon\ActivNoise\Microphone\F7\Mic_Array_Project\Mic_Array\Projects\STM32746G\Applications\Audio\Mic_Array\EWARM\STM32F7\Exe\Project.out
#        --map
#        H:\PhanLeSon\ActivNoise\Microphone\F7\Mic_Array_Project\Mic_Array\Projects\STM32746G\Applications\Audio\Mic_Array\EWARM\STM32F7\List\Project.map
#        --config
#        H:\PhanLeSon\ActivNoise\Microphone\F7\Mic_Array_Project\Mic_Array\Projects\STM32746G\Applications\Audio\Mic_Array\EWARM\Project.icf
#        --semihosting --entry __iar_program_start --no_exceptions "D:\Program
#        Files (x86)\IAR Systems\Embedded Workbench
#        7.3\arm\CMSIS\Lib\IAR\iar_cortexM7ls_math.a" --vfe
#
###############################################################################

*******************************************************************************
*** RUNTIME MODEL ATTRIBUTES
***

CppFlavor                     = *
__Heap_Handler                = DLMalloc
__SystemLibrary               = DLib
__dlib_dynamic_initialization = normal


*******************************************************************************
*** PLACEMENT SUMMARY
***

"A1":  place at 0x08000000 { ro section .intvec };
"P1":  place in [from 0x00000000 to 0x00000000] |
                [from 0x08000000 to 0x080fffff] { ro };
"P3":  place in [from 0x20000000 to 0x2000ffff] |
                [from 0x20010000 to 0x2004ffff] { rw, block CSTACK, block HEAP };

  Section             Kind        Address     Size  Object
  -------             ----        -------     ----  ------
"A1":                                        0x1c8
  .intvec             ro code  0x08000000    0x1c8  startup_stm32f746xx.o [1]
                             - 0x080001c8    0x1c8

"P1":                                      0x296cc
  .rodata             const    0x080001c8   0x8800  arm_common_tables.o [4]
  .text               ro code  0x080089c8   0x8078  arm_rfft_init_f32.o [4]
  .text               ro code  0x08010a40     0xb0  arm_cfft_radix4_init_f32.o [4]
  .rodata             const    0x08010af0   0x8000  arm_rfft_init_f32.o [4]
  .text               ro code  0x08018af0   0x395c  stm32f7xx_hal_dma.o [1]
  .text               ro code  0x0801c44c   0x17b0  waverecorder.o [1]
  .text               ro code  0x0801dbfc    0x26c  stm32f7xx_hal_gpio.o [1]
  .text               ro code  0x0801de68    0x550  pdm_filter.o [5]
  .text               ro code  0x0801e3b8    0x852  stm32f7xx_hal_spi.o [1]
  .text               ro code  0x0801ec0a      0xa  xsprout.o [3]
  .text               ro code  0x0801ec14    0x1a4  stm32f7xx_hal_i2s.o [1]
  .text               ro code  0x0801edb8    0x164  stm32f7xx_hal_cortex.o [1]
  .text               ro code  0x0801ef1c     0x1c  FltCmpEq.o [6]
  .text               ro code  0x0801ef38      0xe  U32ToFlt.o [6]
  .text               ro code  0x0801ef48     0x24  FltCmpLe.o [6]
  .text               ro code  0x0801ef6c     0x12  FltMul.o [6]
  .text               ro code  0x0801ef80     0x4e  FltToDbl.o [6]
  .text               ro code  0x0801efd0     0x30  I32ToDbl.o [6]
  .text               ro code  0x0801f000    0x256  DblDiv.o [6]
  .text               ro code  0x0801f258     0xe8  DblAdd.o [6]
  .text               ro code  0x0801f340     0x4c  DblToI32.o [6]
  .text               ro code  0x0801f38c    0x1a2  DblMul.o [6]
  .text               ro code  0x0801f530     0x90  DblToFlt.o [6]
  .text               ro code  0x0801f5c0    0x450  xsin.o [6]
  .text               ro code  0x0801fa10    0x180  DblSub.o [6]
  .text               ro code  0x0801fb90     0xf0  sqrt.o [6]
  .text               ro code  0x0801fc80     0x7c  stm32f7xx_hal.o [1]
  .text               ro code  0x0801fcfc   0x106c  audio_codec.o [1]
  .text               ro code  0x08020d68     0x2e  DblCmpLe.o [6]
  .text               ro code  0x08020d98     0x2e  DblCmpGe.o [6]
  .text               ro code  0x08020dc8      0xc  errno.o [3]
  .text               ro code  0x08020dd4    0x168  xquad.o [6]
  .text               ro code  0x08020f3c      0xc  iarEdom.o [7]
  .text               ro code  0x08020f48    0x8b0  stm32f7xx_hal_rcc.o [1]
  .text               ro code  0x080217f8    0xedc  main.o [1]
  .text               ro code  0x080226d4    0xad8  stm32f7xx_hal_i2c.o [1]
  .text               ro code  0x080231ac     0x98  waveplayer _CS43L22.o [1]
  .text               ro code  0x08023244     0x84  stm32f7xx_hal_i2c_ex.o [1]
  .text               ro code  0x080232c8      0x2  xtls.o [3]
  .text               ro code  0x080232ca     0x7a  xdint.o [6]
  .text               ro code  0x08023344     0x20  DblCmpEq.o [6]
  .text               ro code  0x08023364    0x1a8  fmod.o [6]
  .text               ro code  0x0802350c    0x116  DSP.o [1]
  .text               ro code  0x08023624    0x36c  stm32746g_discovery_sdram.o [1]
  .text               ro code  0x08023990    0x118  stm32746g_discovery.o [1]
  .text               ro code  0x08023aa8    0x910  sta321mp.o [1]
  .text               ro code  0x080243b8     0x34  sprintf.o [3]
  .text               ro code  0x080243ec     0x32  main.o [1]
  .text               ro code  0x08024420    0x926  stm32f7xx_hal_uart.o [1]
  .text               ro code  0x08024d48     0x84  stm32f7xx_hal_pwr_ex.o [1]
  .text               ro code  0x08024dcc    0x8a0  stm32f7xx_hal_rcc_ex.o [1]
  .text               ro code  0x0802566c     0xac  stm32f7xx_hal_sdram.o [1]
  .text               ro code  0x08025718   0x14f0  dlmalloc.o [3]
  .text               ro code  0x08026c08    0x7c4  xprintfsmall.o [3]
  .text               ro code  0x080273cc     0x18  main.o [1]
  .text               ro code  0x080273e4    0x17c  stm32f7xx_ll_fmc.o [1]
  .text               ro code  0x08027560      0x6  abort.o [3]
  .text               ro code  0x08027568     0x2c  xgetmemchunk.o [3]
  .text               ro code  0x08027594     0x20  xmbtowc.o [3]
  .text               ro code  0x080275b4     0x16  strchr.o [7]
  .text               ro code  0x080275cc     0x36  strlen.o [7]
  .text               ro code  0x08027604     0x58  memchr.o [7]
  .text               ro code  0x0802765c      0xa  xmbcurmax.o [3]
  .text               ro code  0x08027666     0x1a  xwctomb.o [3]
  .text               ro code  0x08027680     0x76  ABImemcpy_unaligned.o [7]
  .text               ro code  0x080276f8     0x14  exit.o [8]
  .text               ro code  0x0802770c     0x14  setlocale.o [3]
  .text               ro code  0x08027720     0x60  xencoding_sb.o [3]
  .text               ro code  0x08027780     0x6c  iarttio.o [8]
  .text               ro code  0x080277ec      0x8  XShttio.o [3]
  .text               ro code  0x080277f4    0xd32  stm32f7xx_hal_hcd.o [1]
  .text               ro code  0x08028528    0x382  stm32f7xx_ll_usb.o [1]
  .text               ro code  0x080288ac     0x4c  usbh_conf.o [1]
  .text               ro code  0x080288f8     0xbc  usbh_core.o [1]
  .text               ro code  0x080289b4     0x24  usbh_pipes.o [1]
  .text               ro code  0x080289d8     0x24  printf.o [3]
  .text               ro code  0x080289fc    0x1c4  lz77_init.o [7]
  .text               ro code  0x08028bc0     0xe0  XShHandles.o [3]
  .text               ro code  0x08028ca0     0xd6  xfspos.o [3]
  .text               ro code  0x08028d78     0xb0  fflush.o [3]
  .text               ro code  0x08028e28      0xa  xfgpos.o [3]
  .text               ro code  0x08028e32     0x4c  lseek.o [8]
  .text               ro code  0x08028e7e      0x4  xsyslock_nop.o [3]
  .text               ro code  0x08028e82     0x10  write.o [8]
  .text               ro code  0x08028e92     0x1e  dwrite.o [8]
  .text               ro code  0x08028eb0     0x20  iarwstd.o [8]
  .text               ro code  0x08028ed0     0x22  iarwrite.o [8]
  .text               ro code  0x08028ef2     0xb6  xfwprep.o [3]
  .text               ro code  0x08028fa8     0x22  fseek.o [3]
  .text               ro code  0x08028fcc     0x7c  stm32f7xx_it.o [1]
  .text               ro code  0x08029048     0x7c  xfofind.o [3]
  .text               ro code  0x080290c4     0x7a  fclose.o [3]
  .text               ro code  0x0802913e     0x1a  close.o [8]
  .text               ro code  0x08029158     0x16  remove.o [8]
  .text               ro code  0x08029170     0x6c  system_stm32f7xx.o [1]
  .text               ro code  0x080291dc     0x58  xcloseall.o [3]
  .text               ro code  0x08029234     0x56  fputc.o [3]
  .text               ro code  0x0802928a     0x40  zero_init3.o [7]
  .text               ro code  0x080292cc     0x28  data_init.o [7]
  .text               ro code  0x080292f4     0x22  fpinit_M.o [6]
  .iar.init_table     const    0x08029318     0x34  - Linker created -
  .text               ro code  0x0802934c     0x1a  cmain.o [7]
  .text               ro code  0x08029366      0x4  low_level_init.o [3]
  .text               ro code  0x0802936a      0x4  exit.o [3]
  .text               ro code  0x08029370      0xe  cexit.o [7]
  .rodata             const    0x08029380     0x18  usbh_core.o [1]
  .text               ro code  0x08029398     0x16  xprout.o [3]
  .text               ro code  0x080293b0      0xc  putchar.o [3]
  .rodata             const    0x080293bc     0x10  main.o [1]
  .rodata             const    0x080293cc     0x10  main.o [1]
  .rodata             const    0x080293dc     0x10  main.o [1]
  .rodata             const    0x080293ec     0x10  main.o [1]
  .rodata             const    0x080293fc     0x10  main.o [1]
  .rodata             const    0x0802940c     0x10  main.o [1]
  .rodata             const    0x0802941c     0x10  main.o [1]
  .rodata             const    0x0802942c     0x10  main.o [1]
  .rodata             const    0x0802943c     0x10  main.o [1]
  .rodata             const    0x0802944c     0x10  main.o [1]
  .rodata             const    0x0802945c     0x10  stm32f7xx_hal_rcc.o [1]
  .text               ro code  0x0802946c     0x10  startup_stm32f746xx.o [1]
  .text               ro code  0x0802947c      0xc  cstartup_M.o [7]
  .rodata             const    0x08029488      0x8  stm32746g_discovery.o [1]
  .text               ro code  0x08029490      0x4  startup_stm32f746xx.o [1]
  .text               ro code  0x08029494      0x4  startup_stm32f746xx.o [1]
  .text               ro code  0x08029498      0x4  startup_stm32f746xx.o [1]
  .text               ro code  0x0802949c      0x4  startup_stm32f746xx.o [1]
  .text               ro code  0x080294a0      0x4  startup_stm32f746xx.o [1]
  .text               ro code  0x080294a4      0x4  startup_stm32f746xx.o [1]
  .text               ro code  0x080294a8      0x4  startup_stm32f746xx.o [1]
  .text               ro code  0x080294ac      0x4  startup_stm32f746xx.o [1]
  .text               ro code  0x080294b0      0x4  startup_stm32f746xx.o [1]
  .text               ro code  0x080294b4      0x4  startup_stm32f746xx.o [1]
  .text               ro code  0x080294b8      0x4  startup_stm32f746xx.o [1]
  .text               ro code  0x080294bc      0x4  startup_stm32f746xx.o [1]
  .text               ro code  0x080294c0      0x4  startup_stm32f746xx.o [1]
  .text               ro code  0x080294c4      0x4  startup_stm32f746xx.o [1]
  .text               ro code  0x080294c8      0x4  startup_stm32f746xx.o [1]
  .text               ro code  0x080294cc      0x4  startup_stm32f746xx.o [1]
  .text               ro code  0x080294d0      0x4  startup_stm32f746xx.o [1]
  .text               ro code  0x080294d4      0x4  startup_stm32f746xx.o [1]
  .text               ro code  0x080294d8      0x4  startup_stm32f746xx.o [1]
  .text               ro code  0x080294dc      0x4  startup_stm32f746xx.o [1]
  .text               ro code  0x080294e0      0x4  startup_stm32f746xx.o [1]
  .text               ro code  0x080294e4      0x4  startup_stm32f746xx.o [1]
  .text               ro code  0x080294e8      0x4  startup_stm32f746xx.o [1]
  .text               ro code  0x080294ec      0x4  startup_stm32f746xx.o [1]
  .text               ro code  0x080294f0      0x4  startup_stm32f746xx.o [1]
  .text               ro code  0x080294f4      0x4  startup_stm32f746xx.o [1]
  .text               ro code  0x080294f8      0x4  startup_stm32f746xx.o [1]
  .text               ro code  0x080294fc      0x4  startup_stm32f746xx.o [1]
  .text               ro code  0x08029500      0x4  startup_stm32f746xx.o [1]
  .text               ro code  0x08029504      0x4  startup_stm32f746xx.o [1]
  .text               ro code  0x08029508      0x4  startup_stm32f746xx.o [1]
  .text               ro code  0x0802950c      0x4  startup_stm32f746xx.o [1]
  .text               ro code  0x08029510      0x4  startup_stm32f746xx.o [1]
  .text               ro code  0x08029514      0x4  startup_stm32f746xx.o [1]
  .text               ro code  0x08029518      0x4  startup_stm32f746xx.o [1]
  .text               ro code  0x0802951c      0x4  startup_stm32f746xx.o [1]
  .text               ro code  0x08029520      0x4  startup_stm32f746xx.o [1]
  .text               ro code  0x08029524      0x4  startup_stm32f746xx.o [1]
  .text               ro code  0x08029528      0x4  startup_stm32f746xx.o [1]
  .text               ro code  0x0802952c      0x4  startup_stm32f746xx.o [1]
  .text               ro code  0x08029530      0x4  startup_stm32f746xx.o [1]
  .text               ro code  0x08029534      0x4  startup_stm32f746xx.o [1]
  .text               ro code  0x08029538      0x4  startup_stm32f746xx.o [1]
  .text               ro code  0x0802953c      0x4  startup_stm32f746xx.o [1]
  .text               ro code  0x08029540      0x4  startup_stm32f746xx.o [1]
  .text               ro code  0x08029544      0x4  startup_stm32f746xx.o [1]
  .text               ro code  0x08029548      0x4  startup_stm32f746xx.o [1]
  .text               ro code  0x0802954c      0x4  startup_stm32f746xx.o [1]
  .text               ro code  0x08029550      0x4  startup_stm32f746xx.o [1]
  .text               ro code  0x08029554      0x4  startup_stm32f746xx.o [1]
  .text               ro code  0x08029558      0x4  startup_stm32f746xx.o [1]
  .text               ro code  0x0802955c      0x4  startup_stm32f746xx.o [1]
  .text               ro code  0x08029560      0x4  startup_stm32f746xx.o [1]
  .text               ro code  0x08029564      0x4  startup_stm32f746xx.o [1]
  .text               ro code  0x08029568      0x4  startup_stm32f746xx.o [1]
  .text               ro code  0x0802956c      0x4  startup_stm32f746xx.o [1]
  .text               ro code  0x08029570      0x4  startup_stm32f746xx.o [1]
  .text               ro code  0x08029574      0x4  startup_stm32f746xx.o [1]
  .text               ro code  0x08029578      0x4  startup_stm32f746xx.o [1]
  .text               ro code  0x0802957c      0x4  startup_stm32f746xx.o [1]
  .text               ro code  0x08029580      0x4  startup_stm32f746xx.o [1]
  .text               ro code  0x08029584      0x4  startup_stm32f746xx.o [1]
  .text               ro code  0x08029588      0x4  startup_stm32f746xx.o [1]
  .text               ro code  0x0802958c      0x4  startup_stm32f746xx.o [1]
  .text               ro code  0x08029590      0x4  startup_stm32f746xx.o [1]
  .text               ro code  0x08029594      0x4  startup_stm32f746xx.o [1]
  .text               ro code  0x08029598      0x4  startup_stm32f746xx.o [1]
  .text               ro code  0x0802959c      0x4  startup_stm32f746xx.o [1]
  .text               ro code  0x080295a0      0x4  startup_stm32f746xx.o [1]
  .text               ro code  0x080295a4      0x4  startup_stm32f746xx.o [1]
  .text               ro code  0x080295a8      0x4  startup_stm32f746xx.o [1]
  .text               ro code  0x080295ac      0x4  startup_stm32f746xx.o [1]
  .text               ro code  0x080295b0      0x4  startup_stm32f746xx.o [1]
  .text               ro code  0x080295b4      0x4  startup_stm32f746xx.o [1]
  .text               ro code  0x080295b8      0x4  startup_stm32f746xx.o [1]
  .text               ro code  0x080295bc      0x4  startup_stm32f746xx.o [1]
  .text               ro code  0x080295c0      0x4  startup_stm32f746xx.o [1]
  .text               ro code  0x080295c4      0x0  cstart_closeall.o [7]
  .rodata             const    0x080295c4      0x0  zero_init3.o [7]
  .rodata             const    0x080295c4      0x0  lz77_init.o [7]
  Initializer bytes   const    0x080295c4    0x2d0  <for P3 s0>
                             - 0x08029894  0x296cc

"P3", part 1 of 3:                           0x4e1
  P3 s0                        0x20010000    0x4e1  <Init block>
    .data             inited   0x20010000    0x304  pdm_filter.o [5]
    __DLIB_PERTHREAD  inited   0x20010304     0x74  setlocale.o [3]
    .data             inited   0x20010378     0x50  sta321mp.o [1]
    .data             inited   0x200103c8     0x40  xfiles.o [3]
    .data             inited   0x20010408     0x40  xfiles.o [3]
    .data             inited   0x20010448     0x40  xfiles.o [3]
    .data             inited   0x20010488     0x24  sta321mp.o [1]
    .data             inited   0x200104ac     0x20  xfiles.o [3]
    .data             inited   0x200104cc      0x8  XShttio.o [3]
    .data             inited   0x200104d4      0x4  system_stm32f7xx.o [1]
    __DLIB_PERTHREAD  inited   0x200104d8      0x4  errno.o [3]
    .data             inited   0x200104dc      0x1  audio_codec.o [1]
    .data             inited   0x200104dd      0x1  main.o [1]
    .data             inited   0x200104de      0x1  main.o [1]
    .data             inited   0x200104df      0x1  stm32746g_discovery_sdram.o [1]
    .data             inited   0x200104e0      0x1  waveplayer _CS43L22.o [1]
                             - 0x200104e1    0x4e1

"P3", part 2 of 3:                          0xf598
  .bss                zero     0x200104e4   0x2000  waverecorder.o [1]
  .bss                zero     0x200124e4   0x2000  waverecorder.o [1]
  .bss                zero     0x200144e4   0x2000  waverecorder.o [1]
  .bss                zero     0x200164e4   0x2000  waverecorder.o [1]
  .bss                zero     0x200184e4   0x2000  waverecorder.o [1]
  .bss                zero     0x2001a4e4   0x2000  waverecorder.o [1]
  .bss                zero     0x2001c4e4   0x2000  waverecorder.o [1]
  .bss                zero     0x2001e4e4    0x800  main.o [1]
  .bss                zero     0x2001ece4    0x294  usbh_conf.o [1]
  .bss                zero     0x2001ef78    0x1d8  dlmalloc.o [3]
  .bss                zero     0x2001f150     0x80  main.o [1]
  .bss                zero     0x2001f1d0     0x80  waverecorder.o [1]
  .bss                zero     0x2001f250     0x80  waverecorder.o [1]
  .bss                zero     0x2001f2d0     0x80  XShHandles.o [3]
  .bss                zero     0x2001f350     0x70  main.o [1]
  .bss                zero     0x2001f3c0     0x68  waverecorder.o [1]
  .bss                zero     0x2001f428     0x64  main.o [1]
  .bss                zero     0x2001f48c     0x64  waverecorder.o [1]
  .bss                zero     0x2001f4f0     0x64  waverecorder.o [1]
  .bss                zero     0x2001f554     0x50  audio_codec.o [1]
  .bss                zero     0x2001f5a4     0x50  stm32746g_discovery_sdram.o [1]
  .bss                zero     0x2001f5f4     0x50  waverecorder.o [1]
  .bss                zero     0x2001f644     0x50  waverecorder.o [1]
  .bss                zero     0x2001f694     0x50  xfiles.o [3]
  .bss                zero     0x2001f6e4     0x50  xfiles.o [3]
  .bss                zero     0x2001f734     0x40  waveplayer _CS43L22.o [1]
  .bss                zero     0x2001f774     0x40  waverecorder.o [1]
  .bss                zero     0x2001f7b4     0x40  waverecorder.o [1]
  .bss                zero     0x2001f7f4     0x3c  audio_codec.o [1]
  .bss                zero     0x2001f830     0x3c  audio_codec.o [1]
  .bss                zero     0x2001f86c     0x34  stm32746g_discovery_sdram.o [1]
  .bss                zero     0x2001f8a0     0x1c  stm32746g_discovery_sdram.o [1]
  .bss                zero     0x2001f8bc     0x18  main.o [1]
  .bss                zero     0x2001f8d4     0x18  main.o [1]
  .bss                zero     0x2001f8ec     0x18  main.o [1]
  .bss                zero     0x2001f904     0x18  main.o [1]
  .bss                zero     0x2001f91c     0x18  main.o [1]
  .bss                zero     0x2001f934     0x18  main.o [1]
  .bss                zero     0x2001f94c     0x18  dlmalloc.o [3]
  .bss                zero     0x2001f964     0x14  main.o [1]
  .bss                zero     0x2001f978     0x14  main.o [1]
  .bss                zero     0x2001f98c     0x14  main.o [1]
  .bss                zero     0x2001f9a0     0x14  main.o [1]
  .bss                zero     0x2001f9b4     0x14  main.o [1]
  .bss                zero     0x2001f9c8     0x14  main.o [1]
  .bss                zero     0x2001f9dc     0x10  sta321mp.o [1]
  .bss                zero     0x2001f9ec     0x10  stm32746g_discovery_sdram.o [1]
  .bss                zero     0x2001f9fc      0x4  DSP.o [1]
  .bss                zero     0x2001fa00      0x4  stm32f7xx_hal.o [1]
  .bss                zero     0x2001fa04      0x4  stm32f7xx_it.o [1]
  .bss                zero     0x2001fa08      0x4  waveplayer _CS43L22.o [1]
  .bss                zero     0x2001fa0c      0x4  waverecorder.o [1]
  .bss                zero     0x2001fa10      0x4  waverecorder.o [1]
  .bss                zero     0x2001fa14      0x4  xgetmemchunk.o [3]
  .bss                zero     0x2001fa18      0x2  main.o [1]
  .bss                zero     0x2001fa1a      0x2  main.o [1]
  .bss                zero     0x2001fa1c      0x2  main.o [1]
  .bss                zero     0x2001fa1e      0x2  main.o [1]
  .bss                zero     0x2001fa20      0x2  main.o [1]
  .bss                zero     0x2001fa22      0x2  main.o [1]
  .bss                zero     0x2001fa24      0x2  main.o [1]
  .bss                zero     0x2001fa26      0x2  main.o [1]
  .bss                zero     0x2001fa28      0x2  main.o [1]
  .bss                zero     0x2001fa2a      0x2  main.o [1]
  .bss                zero     0x2001fa2c      0x2  main.o [1]
  .bss                zero     0x2001fa2e      0x2  main.o [1]
  .bss                zero     0x2001fa30      0x2  main.o [1]
  .bss                zero     0x2001fa32      0x2  main.o [1]
  .bss                zero     0x2001fa34      0x2  main.o [1]
  .bss                zero     0x2001fa36      0x2  main.o [1]
  .bss                zero     0x2001fa38      0x2  sta321mp.o [1]
  .bss                zero     0x2001fa3a      0x2  waverecorder.o [1]
  .bss                zero     0x2001fa3c      0x2  waverecorder.o [1]
  .bss                zero     0x2001fa3e      0x2  waverecorder.o [1]
  .bss                zero     0x2001fa40      0x2  waverecorder.o [1]
  .bss                zero     0x2001fa42      0x2  waverecorder.o [1]
  .bss                zero     0x2001fa44      0x2  waverecorder.o [1]
  .bss                zero     0x2001fa46      0x2  waverecorder.o [1]
  .bss                zero     0x2001fa48      0x2  waverecorder.o [1]
  .bss                zero     0x2001fa4a      0x2  waverecorder.o [1]
  .bss                zero     0x2001fa4c      0x2  waverecorder.o [1]
  .bss                zero     0x2001fa4e      0x2  waverecorder.o [1]
  .bss                zero     0x2001fa50      0x2  waverecorder.o [1]
  .bss                zero     0x2001fa52      0x2  waverecorder.o [1]
  .bss                zero     0x2001fa54      0x2  waverecorder.o [1]
  .bss                zero     0x2001fa56      0x2  waverecorder.o [1]
  .bss                zero     0x2001fa58      0x2  waverecorder.o [1]
  .bss                zero     0x2001fa5a      0x2  waverecorder.o [1]
  .bss                zero     0x2001fa5c      0x1  audio_codec.o [1]
  .bss                zero     0x2001fa5d      0x1  main.o [1]
  .bss                zero     0x2001fa5e      0x1  main.o [1]
  .bss                zero     0x2001fa5f      0x1  main.o [1]
  .bss                zero     0x2001fa60      0x1  main.o [1]
  .bss                zero     0x2001fa61      0x1  main.o [1]
  .bss                zero     0x2001fa62      0x1  main.o [1]
  .bss                zero     0x2001fa63      0x1  main.o [1]
  .bss                zero     0x2001fa64      0x1  main.o [1]
  .bss                zero     0x2001fa65      0x1  main.o [1]
  .bss                zero     0x2001fa66      0x1  main.o [1]
  .bss                zero     0x2001fa67      0x1  main.o [1]
  .bss                zero     0x2001fa68      0x1  main.o [1]
  .bss                zero     0x2001fa69      0x1  main.o [1]
  .bss                zero     0x2001fa6a      0x1  main.o [1]
  .bss                zero     0x2001fa6b      0x1  main.o [1]
  .bss                zero     0x2001fa6c      0x1  main.o [1]
  .bss                zero     0x2001fa6d      0x1  waverecorder.o [1]
  .bss                zero     0x2001fa6e      0x1  waverecorder.o [1]
  .bss                zero     0x2001fa6f      0x1  waverecorder.o [1]
  .bss                zero     0x2001fa70      0x1  waverecorder.o [1]
  .bss                zero     0x2001fa71      0x1  waverecorder.o [1]
  .bss                zero     0x2001fa72      0x1  waverecorder.o [1]
  .bss                zero     0x2001fa73      0x1  waverecorder.o [1]
  .bss                zero     0x2001fa74      0x1  waverecorder.o [1]
  .bss                zero     0x2001fa75      0x1  waverecorder.o [1]
  .bss                zero     0x2001fa76      0x1  waverecorder.o [1]
  .bss                zero     0x2001fa77      0x1  waverecorder.o [1]
  .bss                zero     0x2001fa78      0x1  waverecorder.o [1]
  .bss                zero     0x2001fa79      0x1  waverecorder.o [1]
  .bss                zero     0x2001fa7a      0x1  waverecorder.o [1]
                             - 0x2001fa7b   0xf597

"P3", part 3 of 3:                          0x4000
  CSTACK                       0x2001fa80   0x2000  <Block>
    CSTACK            uninit   0x2001fa80   0x2000  <Block tail>
  HEAP                         0x20021a80   0x2000  <Block>
    HEAP              uninit   0x20021a80   0x2000  <Block tail>
                             - 0x20023a80   0x4000

Absolute sections:                         0x181e0
  .bss                zero     0xc0000000   0x80a0  waverecorder.o [1]
  .bss                zero     0xc00080a0   0x80a0  waverecorder.o [1]
  .bss                zero     0xc0010140   0x80a0  waverecorder.o [1]
                             - 0xc00181e0  0x181e0


*******************************************************************************
*** INIT TABLE
***

          Address     Size
          -------     ----
Zero (__iar_zero_init3)
    2 destination ranges, total size 0x27777:
          0x200104e4   0xf597
          0xc0000000  0x181e0

Copy/lz77 (__iar_lz77_init3)
    1 source range, total size 0x2d0 (57% of destination):
          0x080295c4    0x2d0
    1 destination range, total size 0x4e1:
          0x20010000    0x4e1



*******************************************************************************
*** MODULE SUMMARY
***

    Module                       ro code  ro data  rw data  rw data
                                                             (abs)
    ------                       -------  -------  -------  -------
H:\PhanLeSon\ActivNoise\Microphone\F7\Mic_Array_Project\Mic_Array\Projects\STM32746G\Applications\Audio\Mic_Array\EWARM\STM32F7\Obj: [1]
    DSP.o                            278                 4
    audio_codec.o                  4 204               202
    main.o                         3 878      161    2 702
    sta321mp.o                     2 320       68      134
    startup_stm32f746xx.o            780
    stm32746g_discovery.o            280        8
    stm32746g_discovery_sdram.o      876        1      177
    stm32f7xx_hal.o                  124                 4
    stm32f7xx_hal_cortex.o           356
    stm32f7xx_hal_dma.o           14 684
    stm32f7xx_hal_gpio.o             620
    stm32f7xx_hal_hcd.o            3 378
    stm32f7xx_hal_i2c.o            2 776
    stm32f7xx_hal_i2c_ex.o           132
    stm32f7xx_hal_i2s.o              420
    stm32f7xx_hal_pwr_ex.o           132
    stm32f7xx_hal_rcc.o            2 224       16
    stm32f7xx_hal_rcc_ex.o         2 208
    stm32f7xx_hal_sdram.o            172
    stm32f7xx_hal_spi.o            2 130
    stm32f7xx_hal_uart.o           2 342
    stm32f7xx_it.o                   124                 4
    stm32f7xx_ll_fmc.o               380
    stm32f7xx_ll_usb.o               898
    system_stm32f7xx.o               108        2        4
    usbh_conf.o                       76               660
    usbh_core.o                      188       24
    usbh_pipes.o                      36
    waveplayer _CS43L22.o            152        1       69
    waverecorder.o                 6 064            58 248   98 784
    ---------------------------------------------------------------
    Total:                        52 340      281   62 208   98 784

command line: [2]
    ---------------------------------------------------------------
    Total:

dl7M_tlf.a: [3]
    XShHandles.o                     224               128
    XShttio.o                          8        5        8
    abort.o                            6
    dlmalloc.o                     5 360               496
    errno.o                           12        3        4
    exit.o                             4
    fclose.o                         122
    fflush.o                         176
    fputc.o                           86
    fseek.o                           34
    low_level_init.o                   4
    printf.o                          36
    putchar.o                         12
    setlocale.o                       20       66      116
    sprintf.o                         52
    xcloseall.o                       88
    xencoding_sb.o                    96
    xfgpos.o                          10
    xfiles.o                                  128      384
    xfofind.o                        124
    xfspos.o                         214
    xfwprep.o                        182
    xgetmemchunk.o                    44                 4
    xmbcurmax.o                       10
    xmbtowc.o                         32
    xprintfsmall.o                 1 988
    xprout.o                          22
    xsprout.o                         10
    xsyslock_nop.o                     4
    xtls.o                             2
    xwctomb.o                         26
    ---------------------------------------------------------------
    Total:                         9 008      202    1 140

iar_cortexM7ls_math.a: [4]
    arm_cfft_radix4_init_f32.o       176
    arm_common_tables.o                    34 816
    arm_rfft_init_f32.o           32 888   32 768
    ---------------------------------------------------------------
    Total:                        33 064   67 584

libPDMFilter_CM7_IAR.a: [5]
    pdm_filter.o                   1 360      445      772
    ---------------------------------------------------------------
    Total:                         1 360      445      772

m7M_tls.a: [6]
    DblAdd.o                         232
    DblCmpEq.o                        32
    DblCmpGe.o                        46
    DblCmpLe.o                        46
    DblDiv.o                         598
    DblMul.o                         418
    DblSub.o                         384
    DblToFlt.o                       144
    DblToI32.o                        76
    FltCmpEq.o                        28
    FltCmpLe.o                        36
    FltMul.o                          18
    FltToDbl.o                        78
    I32ToDbl.o                        48
    U32ToFlt.o                        14
    fmod.o                           424
    fpinit_M.o                        34
    sqrt.o                           240
    xdint.o                          122
    xquad.o                          360
    xsin.o                         1 104
    ---------------------------------------------------------------
    Total:                         4 482

rt7M_tl.a: [7]
    ABImemcpy_unaligned.o            118
    cexit.o                           14
    cmain.o                           26
    cstart_closeall.o
    cstartup_M.o                      12
    data_init.o                       40
    iarEdom.o                         12
    lz77_init.o                      452
    memchr.o                          88
    strchr.o                          22
    strlen.o                          54
    zero_init3.o                      64
    ---------------------------------------------------------------
    Total:                           902

shb_l.a: [8]
    close.o                           26
    dwrite.o                          30
    exit.o                            20
    iarttio.o                        108
    iarwrite.o                        34
    iarwstd.o                         32
    lseek.o                           76
    remove.o                          22
    write.o                           16
    ---------------------------------------------------------------
    Total:                           364

    Gaps                              44        4
    Linker created                             52   16 384
-------------------------------------------------------------------
    Grand Total:                 101 564   68 568   80 504   98 784


*******************************************************************************
*** ENTRY LIST
***

Entry                      Address    Size  Type      Object
-----                      -------    ----  ----      ------
.iar.init_table$$Base   0x08029318           --   Gb  - Linker created -
.iar.init_table$$Limit  0x0802934c           --   Gb  - Linker created -
?main                   0x0802934d          Code  Gb  cmain.o [7]
ADD_U8                  0x080273cd    0x18  Code  Gb  main.o [1]
APBAHBPrescTable        0x0802945c    0x10  Data  Gb  stm32f7xx_hal_rcc.o [1]
AUDIO_Init              0x0801fcfd    0x38  Code  Gb  audio_codec.o [1]
AUDIO_InitApplication   0x08023239     0xc  Code  Gb  waveplayer _CS43L22.o [1]
Audio_MAL_Play          0x08020919    0xbc  Code  Gb  audio_codec.o [1]
Audio_Play_Out          0x080219e3    0xe2  Code  Lc  main.o [1]
BSP_AUDIO_OUT_ClockConfig
                        0x08022007    0x70  Code  Gb  main.o [1]
BSP_LED_Init            0x08023991    0xc8  Code  Gb  stm32746g_discovery.o [1]
BSP_LED_Toggle          0x08023a59    0x42  Code  Gb  stm32746g_discovery.o [1]
BSP_SDRAM_Init          0x08023625    0xd6  Code  Gb  stm32746g_discovery_sdram.o [1]
BSP_SDRAM_Initialization_sequence
                        0x080236fb    0xb0  Code  Gb  stm32746g_discovery_sdram.o [1]
BSP_SDRAM_MspInit       0x080237ab   0x1a8  Code  Wk  stm32746g_discovery_sdram.o [1]
Buffer1                 0xc0000000  0x80a0  Data  Gb  waverecorder.o [1]
Buffer2                 0xc00080a0  0x80a0  Data  Gb  waverecorder.o [1]
Buffer3                 0xc0010140  0x80a0  Data  Gb  waverecorder.o [1]
BusFault_Handler        0x08028fd3     0x2  Code  Gb  stm32f7xx_it.o [1]
ButtonInit              0x080224ed    0x4e  Code  Gb  main.o [1]
CPU_CACHE_Enable        0x08022077     0xc  Code  Lc  main.o [1]
CSTACK$$Base            0x2001fa80           --   Gb  - Linker created -
CSTACK$$Limit           0x20021a80           --   Gb  - Linker created -
Codec_AudioInterface_Init
                        0x08020885     0xc  Code  Lc  audio_codec.o [1]
Codec_CtrlInterface_Init
                        0x0802087d     0x8  Code  Lc  audio_codec.o [1]
Codec_GPIO_Init         0x08020891    0x40  Code  Lc  audio_codec.o [1]
Codec_Init              0x08020653    0xf6  Code  Lc  audio_codec.o [1]
Codec_ReadRegister      0x08020819    0x64  Code  Lc  audio_codec.o [1]
Codec_Reset             0x080207ad    0x24  Code  Lc  audio_codec.o [1]
Codec_TIMEOUT_UserCallback
                        0x080231bf     0x4  Code  Gb  waveplayer _CS43L22.o [1]
Codec_VolumeCtrl        0x08020749    0x64  Code  Lc  audio_codec.o [1]
Codec_WriteRegister     0x080207d3    0x3e  Code  Lc  audio_codec.o [1]
Command                 0x2001f9ec    0x10  Data  Lc  stm32746g_discovery_sdram.o [1]
Command_index           0x200104de     0x1  Data  Gb  main.o [1]
CrssCor                 0x0802350d    0xf6  Code  Gb  DSP.o [1]
DFT_Init                0x08022301    0x62  Code  Gb  main.o [1]
DMA1_Stream0_IRQHandler
                        0x08020647     0x2  Code  Gb  audio_codec.o [1]
DMA1_Stream7_IRQHandler
                        0x0801fd35   0x912  Code  Gb  audio_codec.o [1]
DMA2_Stream4_IRQHandler
                        0x08029045     0x2  Code  Gb  stm32f7xx_it.o [1]
DMA2_Stream5_IRQHandler
                        0x0801d6c3     0xc  Code  Gb  waverecorder.o [1]
DMA2_Stream6_IRQHandler
                        0x0801d6cf     0xc  Code  Gb  waverecorder.o [1]
DMA2_Stream7_IRQHandler
                        0x08029047     0x2  Code  Gb  stm32f7xx_it.o [1]
DMA_SetConfig           0x08018af1    0x2e  Code  Gb  stm32f7xx_hal_dma.o [1]
DebugMon_Handler        0x08028fd9     0x2  Code  Gb  stm32f7xx_it.o [1]
Delay                   0x08020905    0x14  Code  Lc  audio_codec.o [1]
DmaHandle               0x2001f554    0x50  Data  Gb  audio_codec.o [1]
EXTI15_10_IRQHandler    0x08022295     0x2  Code  Gb  main.o [1]
EXTI4_IRQHandler        0x08022249    0x3e  Code  Gb  main.o [1]
EXTI9_5_IRQHandler      0x08022297    0x54  Code  Gb  main.o [1]
EnergySound             0x2001f9fc     0x4  Data  Gb  DSP.o [1]
FFT_Update              0x08021887   0x15c  Code  Lc  main.o [1]
FMC_SDRAM_Init          0x080273e5    0x7c  Code  Gb  stm32f7xx_ll_fmc.o [1]
FMC_SDRAM_ProgramRefreshRate
                        0x08027553     0xe  Code  Gb  stm32f7xx_ll_fmc.o [1]
FMC_SDRAM_SendCommand   0x080274ff    0x54  Code  Gb  stm32f7xx_ll_fmc.o [1]
FMC_SDRAM_Timing_Init   0x08027461    0x9e  Code  Gb  stm32f7xx_ll_fmc.o [1]
FacMic                  0x2001f8bc    0x18  Data  Gb  main.o [1]
FactorUpd               0x08023609    0x1a  Code  Gb  DSP.o [1]
Filter                  0x2001f3c0    0x68  Data  Gb  waverecorder.o [1]
GPIO_INS                0x2001f964    0x14  Data  Gb  main.o [1]
GPIO_PIN                0x08029488     0x8  Data  Gb  stm32746g_discovery.o [1]
HAL_DMA_DeInit          0x08018ba1   0xfe8  Code  Gb  stm32f7xx_hal_dma.o [1]
HAL_DMA_IRQHandler      0x08019c61  0x2798  Code  Gb  stm32f7xx_hal_dma.o [1]
HAL_DMA_Init            0x08018b1f    0x7c  Code  Gb  stm32f7xx_hal_dma.o [1]
HAL_DMA_Start_IT        0x08019bd9    0x86  Code  Gb  stm32f7xx_hal_dma.o [1]
HAL_Delay               0x0801fcdb    0x1a  Code  Wk  stm32f7xx_hal.o [1]
HAL_GPIO_Init           0x0801dbfd   0x1f6  Code  Gb  stm32f7xx_hal_gpio.o [1]
HAL_GPIO_ReadPin        0x0801ddf3    0x18  Code  Gb  stm32f7xx_hal_gpio.o [1]
HAL_GPIO_TogglePin      0x0801de1f     0xa  Code  Gb  stm32f7xx_hal_gpio.o [1]
HAL_GPIO_WritePin       0x0801de0b    0x14  Code  Gb  stm32f7xx_hal_gpio.o [1]
HAL_GetTick             0x0801fcd5     0x6  Code  Wk  stm32f7xx_hal.o [1]
HAL_HCD_Connect_Callback
                        0x080288bb     0xe  Code  Gb  usbh_conf.o [1]
HAL_HCD_Disconnect_Callback
                        0x080288c9     0xe  Code  Gb  usbh_conf.o [1]
HAL_HCD_HC_NotifyURBChange_Callback
                        0x080288d7     0x2  Code  Gb  usbh_conf.o [1]
HAL_HCD_IRQHandler      0x080277f5   0x13c  Code  Gb  stm32f7xx_hal_hcd.o [1]
HAL_HCD_SOF_Callback    0x080288ad     0xe  Code  Gb  usbh_conf.o [1]
HAL_HCD_Start           0x08027931    0x2e  Code  Gb  stm32f7xx_hal_hcd.o [1]
HAL_HCD_Stop            0x0802795f    0x26  Code  Gb  stm32f7xx_hal_hcd.o [1]
HAL_I2CEx_ConfigAnalogFilter
                        0x08023245    0x84  Code  Gb  stm32f7xx_hal_i2c_ex.o [1]
HAL_I2C_EV_IRQHandler   0x08022a4d   0x12e  Code  Gb  stm32f7xx_hal_i2c.o [1]
HAL_I2C_ErrorCallback   0x08022b87     0x2  Code  Wk  stm32f7xx_hal_i2c.o [1]
HAL_I2C_GetError        0x08022b89     0x4  Code  Gb  stm32f7xx_hal_i2c.o [1]
HAL_I2C_Init            0x080226d5    0xbc  Code  Gb  stm32f7xx_hal_i2c.o [1]
HAL_I2C_MasterRxCpltCallback
                        0x08022b7d     0x2  Code  Wk  stm32f7xx_hal_i2c.o [1]
HAL_I2C_MasterTxCpltCallback
                        0x08022b7b     0x2  Code  Wk  stm32f7xx_hal_i2c.o [1]
HAL_I2C_Master_Receive  0x080228ef   0x158  Code  Gb  stm32f7xx_hal_i2c.o [1]
HAL_I2C_Master_Transmit
                        0x08022791   0x15e  Code  Gb  stm32f7xx_hal_i2c.o [1]
HAL_I2C_MemRxCpltCallback
                        0x08022b85     0x2  Code  Wk  stm32f7xx_hal_i2c.o [1]
HAL_I2C_MemTxCpltCallback
                        0x08022b83     0x2  Code  Wk  stm32f7xx_hal_i2c.o [1]
HAL_I2C_MspInit         0x08022083    0xe6  Code  Gb  main.o [1]
HAL_I2C_SlaveRxCpltCallback
                        0x08022b81     0x2  Code  Wk  stm32f7xx_hal_i2c.o [1]
HAL_I2C_SlaveTxCpltCallback
                        0x08022b7f     0x2  Code  Wk  stm32f7xx_hal_i2c.o [1]
HAL_I2S_Init            0x0801ec15   0x126  Code  Gb  stm32f7xx_hal_i2s.o [1]
HAL_I2S_MspInit         0x080209f9   0x2d2  Code  Gb  audio_codec.o [1]
HAL_I2S_TxCpltCallback  0x080225a5    0x22  Code  Gb  main.o [1]
HAL_IncTick             0x0801fcc9     0xc  Code  Wk  stm32f7xx_hal.o [1]
HAL_Init                0x0801fc81    0x22  Code  Gb  stm32f7xx_hal.o [1]
HAL_InitTick            0x0801fca5    0x24  Code  Wk  stm32f7xx_hal.o [1]
HAL_MspInit             0x0801fca3     0x2  Code  Wk  stm32f7xx_hal.o [1]
HAL_NVIC_DisableIRQ     0x0801eedd     0xe  Code  Gb  stm32f7xx_hal_cortex.o [1]
HAL_NVIC_EnableIRQ      0x0801eecf     0xe  Code  Gb  stm32f7xx_hal_cortex.o [1]
HAL_NVIC_SetPriority    0x0801eea9    0x26  Code  Gb  stm32f7xx_hal_cortex.o [1]
HAL_NVIC_SetPriorityGrouping
                        0x0801ee9d     0xc  Code  Gb  stm32f7xx_hal_cortex.o [1]
HAL_PWREx_EnableOverDrive
                        0x08024d49    0x76  Code  Gb  stm32f7xx_hal_pwr_ex.o [1]
HAL_RCCEx_GetPeriphCLKConfig
                        0x08025475   0x1c6  Code  Gb  stm32f7xx_hal_rcc_ex.o [1]
HAL_RCCEx_PeriphCLKConfig
                        0x08024dcd   0x6a8  Code  Gb  stm32f7xx_hal_rcc_ex.o [1]
HAL_RCC_ClockConfig     0x08021461   0x256  Code  Gb  stm32f7xx_hal_rcc.o [1]
HAL_RCC_GetHCLKFreq     0x0802175b    0x28  Code  Gb  stm32f7xx_hal_rcc.o [1]
HAL_RCC_GetPCLK1Freq    0x08021783    0x20  Code  Gb  stm32f7xx_hal_rcc.o [1]
HAL_RCC_GetPCLK2Freq    0x080217a3    0x20  Code  Gb  stm32f7xx_hal_rcc.o [1]
HAL_RCC_GetSysClockFreq
                        0x080216b7    0xa4  Code  Gb  stm32f7xx_hal_rcc.o [1]
HAL_RCC_OscConfig       0x08020f49   0x518  Code  Gb  stm32f7xx_hal_rcc.o [1]
HAL_SDRAM_Init          0x0802566d    0x44  Code  Gb  stm32f7xx_hal_sdram.o [1]
HAL_SDRAM_MspInit       0x080256b1     0x2  Code  Wk  stm32f7xx_hal_sdram.o [1]
HAL_SDRAM_ProgramRefreshRate
                        0x080256ef    0x2a  Code  Gb  stm32f7xx_hal_sdram.o [1]
HAL_SDRAM_SendCommand   0x080256b3    0x3c  Code  Gb  stm32f7xx_hal_sdram.o [1]
HAL_SPI_ErrorCallback   0x0801e7f5     0x2  Code  Wk  stm32f7xx_hal_spi.o [1]
HAL_SPI_Init            0x0801e3b9    0xd8  Code  Gb  stm32f7xx_hal_spi.o [1]
HAL_SPI_MspInit         0x0801d0b1   0x5ca  Code  Gb  waverecorder.o [1]
HAL_SPI_Receive_DMA     0x0801e491   0x14c  Code  Gb  stm32f7xx_hal_spi.o [1]
HAL_SPI_RxCpltCallback  0x0801d6ed    0xb8  Code  Gb  waverecorder.o [1]
HAL_SPI_RxHalfCpltCallback
                        0x0801e7f1     0x2  Code  Wk  stm32f7xx_hal_spi.o [1]
HAL_SPI_TransmitReceive_DMA
                        0x0801e5dd   0x212  Code  Gb  stm32f7xx_hal_spi.o [1]
HAL_SPI_TxRxCpltCallback
                        0x0801e7ef     0x2  Code  Wk  stm32f7xx_hal_spi.o [1]
HAL_SPI_TxRxHalfCpltCallback
                        0x0801e7f3     0x2  Code  Wk  stm32f7xx_hal_spi.o [1]
HAL_SYSTICK_Config      0x0801eeeb     0xc  Code  Gb  stm32f7xx_hal_cortex.o [1]
HAL_UART_ErrorCallback  0x080246f9     0x2  Code  Wk  stm32f7xx_hal_uart.o [1]
HAL_UART_IRQHandler     0x0802451f    0xf8  Code  Gb  stm32f7xx_hal_uart.o [1]
HAL_UART_Init           0x08024421    0x7e  Code  Gb  stm32f7xx_hal_uart.o [1]
HAL_UART_MspInit        0x080221c9    0x80  Code  Gb  main.o [1]
HAL_UART_RxCpltCallback
                        0x080246f7     0x2  Code  Wk  stm32f7xx_hal_uart.o [1]
HAL_UART_Transmit_IT    0x0802449f    0x80  Code  Gb  stm32f7xx_hal_uart.o [1]
HAL_UART_TxCpltCallback
                        0x080246f5     0x2  Code  Wk  stm32f7xx_hal_uart.o [1]
HCD_HC_IN_IRQHandler    0x08027985   0x4f0  Code  Lc  stm32f7xx_hal_hcd.o [1]
HCD_HC_OUT_IRQHandler   0x08027e75   0x4d8  Code  Lc  stm32f7xx_hal_hcd.o [1]
HCD_Port_IRQHandler     0x08028449    0xde  Code  Lc  stm32f7xx_hal_hcd.o [1]
HCD_RXQLVL_IRQHandler   0x0802834d    0xf8  Code  Lc  stm32f7xx_hal_hcd.o [1]
HEAP$$Base              0x20021a80           --   Gb  - Linker created -
HEAP$$Limit             0x20023a80           --   Gb  - Linker created -
HardFault_Handler       0x08028fcf     0x2  Code  Gb  stm32f7xx_it.o [1]
I2C1_EV_IRQHandler      0x0802900f     0xa  Code  Gb  stm32f7xx_it.o [1]
I2C2_EV_IRQHandler      0x08029019     0xa  Code  Gb  stm32f7xx_it.o [1]
I2C_IsAcknowledgeFailed
                        0x080230db    0x9e  Code  Lc  stm32f7xx_hal_i2c.o [1]
I2C_MasterReceive_ISR   0x08022ce1   0x152  Code  Lc  stm32f7xx_hal_i2c.o [1]
I2C_MasterTransmit_ISR  0x08022b8d   0x152  Code  Lc  stm32f7xx_hal_i2c.o [1]
I2C_SlaveReceive_ISR    0x08022ef5    0xae  Code  Lc  stm32f7xx_hal_i2c.o [1]
I2C_SlaveTransmit_ISR   0x08022e33    0xc2  Code  Lc  stm32f7xx_hal_i2c.o [1]
I2C_TransferConfig      0x08023179    0x2a  Code  Lc  stm32f7xx_hal_i2c.o [1]
I2C_WaitOnFlagUntilTimeout
                        0x08022fa9    0x8e  Code  Lc  stm32f7xx_hal_i2c.o [1]
I2C_WaitOnSTOPFlagUntilTimeout
                        0x0802308b    0x50  Code  Lc  stm32f7xx_hal_i2c.o [1]
I2C_WaitOnTXISFlagUntilTimeout
                        0x08023037    0x54  Code  Lc  stm32f7xx_hal_i2c.o [1]
I2S1_Init               0x0801cd5f    0x5e  Code  Lc  waverecorder.o [1]
I2S1_stNipple           0x2001fa52     0x2  Data  Gb  waverecorder.o [1]
I2S1_stPosShft          0x2001fa72     0x1  Data  Gb  waverecorder.o [1]
I2S2_Init               0x0801cdbd    0x5e  Code  Lc  waverecorder.o [1]
I2S2_idxTmp             0x2001fa1c     0x2  Data  Gb  main.o [1]
I2S2_stNipple           0x2001fa54     0x2  Data  Gb  waverecorder.o [1]
I2S2_stPosShft          0x2001fa73     0x1  Data  Gb  waverecorder.o [1]
I2S3_Init               0x080231c3    0x68  Code  Gb  waveplayer _CS43L22.o [1]
I2S_GetClockFreq        0x0801ed3b    0x66  Code  Lc  stm32f7xx_hal_i2s.o [1]
IS                      0x2001f934    0x18  Data  Gb  main.o [1]
ISS                     0x2001f9c8    0x14  Data  Gb  main.o [1]
InStream_Read           0x080289fd    0x22  Code  Lc  lz77_init.o [7]
LoadInt                 0x08027039    0x4c  Code  Lc  xprintfsmall.o [3]
MIC1TO6_Init            0x0801cccf    0x90  Code  Gb  waverecorder.o [1]
MX_I2C1_Init            0x08020cd1    0x48  Code  Gb  audio_codec.o [1]
MX_I2C2_Init            0x0802254d    0x50  Code  Gb  main.o [1]
MemManage_Handler       0x08028fd1     0x2  Code  Gb  stm32f7xx_it.o [1]
NMI_Handler             0x08028fcd     0x2  Code  Gb  stm32f7xx_it.o [1]
NVIC_DisableIRQ         0x0801edf5    0x14  Code  Lc  stm32f7xx_hal_cortex.o [1]
NVIC_EnableIRQ          0x0801ede1    0x14  Code  Lc  stm32f7xx_hal_cortex.o [1]
NVIC_EncodePriority     0x0801ee2f    0x3e  Code  Lc  stm32f7xx_hal_cortex.o [1]
NVIC_GetPriorityGrouping
                        0x0801edd7     0xa  Code  Lc  stm32f7xx_hal_cortex.o [1]
NVIC_SetPriority        0x0801ee09    0x26  Code  Lc  stm32f7xx_hal_cortex.o [1]
NVIC_SetPriorityGrouping
                        0x0801edb9    0x1e  Code  Lc  stm32f7xx_hal_cortex.o [1]
OTG_FS_IRQHandler       0x08029023     0xa  Code  Gb  stm32f7xx_it.o [1]
OutStream_Write         0x08028a1f    0x40  Code  Lc  lz77_init.o [7]
OutputDev               0x2001fa5c     0x1  Data  Gb  audio_codec.o [1]
PDM2PCMSDO78            0x0801d7cd   0x3b0  Code  Gb  waverecorder.o [1]
PDM_Filter_64_LSB       0x0801e069   0x31e  Code  Gb  pdm_filter.o [5]
PDM_Filter_Init         0x0801de69   0x1fe  Code  Gb  pdm_filter.o [5]
PendSV_Handler          0x08028fdb     0x2  Code  Gb  stm32f7xx_it.o [1]
Region$$Table$$Base     0x08029318           --   Gb  - Linker created -
Region$$Table$$Limit    0x0802934c           --   Gb  - Linker created -
S1                      0x2001f8d4    0x18  Data  Gb  main.o [1]
S2                      0x2001f8ec    0x18  Data  Gb  main.o [1]
S3                      0x2001f904    0x18  Data  Gb  main.o [1]
S4                      0x2001f91c    0x18  Data  Gb  main.o [1]
SCB_EnableDCache        0x08021823    0x64  Code  Lc  main.o [1]
SCB_EnableICache        0x080217f9    0x2a  Code  Lc  main.o [1]
SPI1_IRQHandler         0x0801c44d   0x232  Code  Gb  waverecorder.o [1]
SPI1_stNipple           0x2001fa50     0x2  Data  Gb  waverecorder.o [1]
SPI2_IRQHandler         0x0801c67f   0x242  Code  Gb  waverecorder.o [1]
SPI3_IRQHandler         0x08020649     0xa  Code  Gb  audio_codec.o [1]
SPI4_IRQHandler         0x0801c8c1   0x242  Code  Gb  waverecorder.o [1]
SPI4_Init               0x0801ce1b    0x7c  Code  Gb  waverecorder.o [1]
SPI4_stPosShft          0x2001fa74     0x1  Data  Gb  waverecorder.o [1]
SPI5_IRQHandler         0x0801cb03    0xec  Code  Gb  waverecorder.o [1]
SPI5_Init               0x0801ce9d    0xfe  Code  Gb  waverecorder.o [1]
SPI6_IRQHandler         0x0801cbef    0xe0  Code  Gb  waverecorder.o [1]
SPI6_Init               0x0801cfb1    0x7c  Code  Gb  waverecorder.o [1]
SPI_DMAError            0x0801e9cd    0x28  Code  Lc  stm32f7xx_hal_spi.o [1]
SPI_DMAHalfReceiveCplt  0x0801e9ad     0xe  Code  Lc  stm32f7xx_hal_spi.o [1]
SPI_DMAHalfTransmitReceiveCplt
                        0x0801e9bd     0xe  Code  Lc  stm32f7xx_hal_spi.o [1]
SPI_DMAReceiveCplt      0x0801e7f9    0xe4  Code  Lc  stm32f7xx_hal_spi.o [1]
SPI_DMATransmitReceiveCplt
                        0x0801e8dd    0xd0  Code  Lc  stm32f7xx_hal_spi.o [1]
SPI_EndRxTransaction    0x0801eb41    0x68  Code  Lc  stm32f7xx_hal_spi.o [1]
SPI_EndRxTxTransaction  0x0801eba9    0x62  Code  Lc  stm32f7xx_hal_spi.o [1]
SPI_I2S_ReceiveData     0x0801d6bd     0x6  Code  Lc  waverecorder.o [1]
SPI_WaitFifoStateUntilTimeout
                        0x0801ea8f    0xb2  Code  Lc  stm32f7xx_hal_spi.o [1]
SPI_WaitFlagStateUntilTimeout
                        0x0801e9f5    0x9a  Code  Lc  stm32f7xx_hal_spi.o [1]
SS1                     0x2001f978    0x14  Data  Gb  main.o [1]
SS2                     0x2001f98c    0x14  Data  Gb  main.o [1]
SS3                     0x2001f9a0    0x14  Data  Gb  main.o [1]
SS4                     0x2001f9b4    0x14  Data  Gb  main.o [1]
STA321MP_DefautLoad     0x0802435b    0x2c  Code  Lc  sta321mp.o [1]
STA321MP_Ini            0x08023aa9   0x254  Code  Gb  sta321mp.o [1]
STACoefSet              0x08023d59   0x332  Code  Gb  sta321mp.o [1]
SVC_Handler             0x08028fd7     0x2  Code  Gb  stm32f7xx_it.o [1]
SetCoefValue            0x08024139    0x6a  Code  Gb  sta321mp.o [1]
SrvB_Debound            0x080243ed    0x32  Code  Gb  main.o [1]
SumDelay                0x080223b5   0x10a  Code  Gb  main.o [1]
SysTick_Config          0x0801ee6d    0x30  Code  Lc  stm32f7xx_hal_cortex.o [1]
SysTick_Handler         0x08028fdd    0x26  Code  Gb  stm32f7xx_it.o [1]
SystemClock_Config      0x08021f57    0xb0  Code  Lc  main.o [1]
SystemCoreClock         0x200104d4     0x4  Data  Gb  system_stm32f7xx.o [1]
SystemInit              0x08029171    0x4c  Code  Gb  system_stm32f7xx.o [1]
T0                      0x20010004   0x100  Data  Gb  pdm_filter.o [5]
T1                      0x20010104   0x100  Data  Gb  pdm_filter.o [5]
T2                      0x20010204   0x100  Data  Gb  pdm_filter.o [5]
TestSDO12               0x200104e4  0x2000  Data  Gb  waverecorder.o [1]
TestSDO34               0x200124e4  0x2000  Data  Gb  waverecorder.o [1]
TestSDO56               0x200144e4  0x2000  Data  Gb  waverecorder.o [1]
TestSDO7                0x200164e4  0x2000  Data  Gb  waverecorder.o [1]
TestSDO7_1              0x2001a4e4  0x2000  Data  Gb  waverecorder.o [1]
TestSDO8                0x200184e4  0x2000  Data  Gb  waverecorder.o [1]
TestSDO8_1              0x2001c4e4  0x2000  Data  Gb  waverecorder.o [1]
Timing                  0x2001f8a0    0x1c  Data  Lc  stm32746g_discovery_sdram.o [1]
UART_AdvFeatureConfig   0x08024c15    0xda  Code  Gb  stm32f7xx_hal_uart.o [1]
UART_CheckIdleState     0x08024cef    0x58  Code  Gb  stm32f7xx_hal_uart.o [1]
UART_EndTransmit_IT     0x080247a7    0x3c  Code  Lc  stm32f7xx_hal_uart.o [1]
UART_Receive_IT         0x080247e3    0xa6  Code  Lc  stm32f7xx_hal_uart.o [1]
UART_SetConfig          0x08024889   0x35c  Code  Gb  stm32f7xx_hal_uart.o [1]
UART_Transmit_IT        0x080246fb    0xac  Code  Lc  stm32f7xx_hal_uart.o [1]
UART_WaitOnFlagUntilTimeout
                        0x08024617    0xde  Code  Gb  stm32f7xx_hal_uart.o [1]
USART3_IRQHandler       0x08029005     0xa  Code  Gb  stm32f7xx_it.o [1]
USART3_Init             0x08022169    0x60  Code  Gb  main.o [1]
USART6_IRQHandler       0x08029003     0x2  Code  Gb  stm32f7xx_it.o [1]
USBH_FreePipe           0x080289b5    0x24  Code  Gb  usbh_pipes.o [1]
USBH_HandleSof          0x0802890f    0x1e  Code  Lc  usbh_core.o [1]
USBH_LL_Connect         0x0802892d    0x32  Code  Gb  usbh_core.o [1]
USBH_LL_Disconnect      0x0802895f    0x4c  Code  Gb  usbh_core.o [1]
USBH_LL_IncTimer        0x080288f9    0x16  Code  Gb  usbh_core.o [1]
USBH_LL_Start           0x080288d9    0x10  Code  Gb  usbh_conf.o [1]
USBH_LL_Stop            0x080288e9    0x10  Code  Gb  usbh_conf.o [1]
USB_DisableGlobalInt    0x08028537     0xe  Code  Gb  stm32f7xx_ll_usb.o [1]
USB_DriveVbus           0x0802861d    0x4a  Code  Gb  stm32f7xx_ll_usb.o [1]
USB_EnableGlobalInt     0x08028529     0xe  Code  Gb  stm32f7xx_ll_usb.o [1]
USB_FlushRxFifo         0x08028569    0x20  Code  Gb  stm32f7xx_ll_usb.o [1]
USB_FlushTxFifo         0x08028545    0x24  Code  Gb  stm32f7xx_ll_usb.o [1]
USB_GetMode             0x080285c3     0x8  Code  Gb  stm32f7xx_ll_usb.o [1]
USB_HC_Halt             0x08028671   0x186  Code  Gb  stm32f7xx_ll_usb.o [1]
USB_HC_ReadInterrupt    0x08028667     0xa  Code  Gb  stm32f7xx_ll_usb.o [1]
USB_InitFSLSPClkSel     0x080285d1    0x4c  Code  Gb  stm32f7xx_ll_usb.o [1]
USB_ReadInterrupts      0x080285b5     0xe  Code  Gb  stm32f7xx_ll_usb.o [1]
USB_ReadPacket          0x08028589    0x2c  Code  Gb  stm32f7xx_ll_usb.o [1]
USB_StopHost            0x080287f7    0xb4  Code  Gb  stm32f7xx_ll_usb.o [1]
UsageFault_Handler      0x08028fd5     0x2  Code  Gb  stm32f7xx_it.o [1]
Volume                  0x200104dc     0x1  Data  Gb  audio_codec.o [1]
WavePlayerInit          0x080231ad    0x12  Code  Gb  waveplayer _CS43L22.o [1]
WaveRec_idxSens1        0x2001fa1e     0x2  Data  Gb  main.o [1]
WaveRec_idxSens2        0x2001fa20     0x2  Data  Gb  main.o [1]
WaveRec_idxSens3        0x2001fa1a     0x2  Data  Gb  main.o [1]
WaveRec_idxSens4        0x2001fa18     0x2  Data  Gb  main.o [1]
WaveRec_idxSens5        0x2001fa22     0x2  Data  Gb  main.o [1]
WaveRec_idxSens6        0x2001fa24     0x2  Data  Gb  main.o [1]
WaveRecord_flgIni       0x2001fa6d     0x1  Data  Gb  waverecorder.o [1]
WaveRecord_flgSDO7Finish
                        0x2001fa70     0x1  Data  Gb  waverecorder.o [1]
WaveRecord_flgSDO8Finish
                        0x2001fa71     0x1  Data  Gb  waverecorder.o [1]
WriteCoef               0x0802408b    0xae  Code  Gb  sta321mp.o [1]
WriteSTAByte            0x08023cfd    0x5c  Code  Gb  sta321mp.o [1]
XferCplt                0x2001fa08     0x4  Data  Gb  waveplayer _CS43L22.o [1]
_Close_all              0x080291dd    0x58  Code  Gb  xcloseall.o [3]
_EncodingSb_Mbtowc      0x0802773b    0x30  Code  Gb  xencoding_sb.o [3]
_EncodingSb_Wctomb      0x08027721    0x1a  Code  Gb  xencoding_sb.o [3]
_Files                  0x200104ac    0x20  Data  Gb  xfiles.o [3]
_Fofree                 0x08029049    0x78  Code  Gb  xfofind.o [3]
_Fspos                  0x08028ca1    0xd6  Code  Gb  xfspos.o [3]
_Fwprep                 0x08028ef3    0xb6  Code  Gb  xfwprep.o [3]
_IsdstStr               0x20010308     0x4  Data  Gb  setlocale.o [3]
_LitobSmall             0x080272b7    0xce  Code  Lc  xprintfsmall.o [3]
_LocaleEncoding         0x0802770d     0xe  Code  Gb  setlocale.o [3]
_LocaleReturnString     0x20010328    0x50  Data  Lc  setlocale.o [3]
_Locale_Profile         0x2001030c    0x1c  Data  Gb  setlocale.o [3]
_Mbtowc                 0x08027595    0x20  Code  Gb  xmbtowc.o [3]
_Nnl                    0x08028e29     0xa  Code  Gb  xfgpos.o [3]
_PrintfSmall            0x08026c09   0x430  Code  Gb  xprintfsmall.o [3]
_Prout                  0x08029399    0x16  Code  Gb  xprout.o [3]
_PutcharsSmall          0x08027385    0x2e  Code  Lc  xprintfsmall.o [3]
_PutstrSmall            0x08027085   0x228  Code  Lc  xprintfsmall.o [3]
_SProut                 0x0801ec0b     0xa  Code  Gb  xsprout.o [3]
_TzoneStr               0x20010304     0x4  Data  Gb  setlocale.o [3]
_Wctomb                 0x08027667    0x1a  Code  Gb  xwctomb.o [3]
__aeabi_cdcmpeq         0x08023345          Code  Gb  DblCmpEq.o [6]
__aeabi_cdcmple         0x08020d69          Code  Gb  DblCmpLe.o [6]
__aeabi_cdrcmple        0x08020d99          Code  Gb  DblCmpGe.o [6]
__aeabi_cfcmpeq         0x0801ef1d          Code  Gb  FltCmpEq.o [6]
__aeabi_cfcmple         0x0801ef49          Code  Gb  FltCmpLe.o [6]
__aeabi_d2f             0x0801f531          Code  Gb  DblToFlt.o [6]
__aeabi_d2iz            0x0801f341          Code  Gb  DblToI32.o [6]
__aeabi_dadd            0x0801f259          Code  Gb  DblAdd.o [6]
__aeabi_ddiv            0x0801f001          Code  Gb  DblDiv.o [6]
__aeabi_dmul            0x0801f38d          Code  Gb  DblMul.o [6]
__aeabi_dsub            0x0801fa11          Code  Gb  DblSub.o [6]
__aeabi_errno_addr      0x08020dc9     0x6  Code  Gb  errno.o [3]
__aeabi_f2d             0x0801ef81          Code  Gb  FltToDbl.o [6]
__aeabi_fmul            0x0801ef6d    0x12  Code  Gb  FltMul.o [6]
__aeabi_i2d             0x0801efd1          Code  Gb  I32ToDbl.o [6]
__aeabi_ui2d            0x0801efe5          Code  Gb  I32ToDbl.o [6]
__aeabi_ui2f            0x0801ef39     0xe  Code  Gb  U32ToFlt.o [6]
__cexit_closeall        0x08029373          Code  Gb  cexit.o [7]
__close                 0x0802913f    0x1a  Code  Gb  close.o [8]
__cmain                 0x0802934d          Code  Gb  cmain.o [7]
__cstart_closeall       0x080295c4          Data  Gb  cstart_closeall.o [7]
__data_GetMemChunk      0x08027569    0x2c  Code  Gb  xgetmemchunk.o [3]
__dwrite                0x08028e93    0x1e  Code  Gb  dwrite.o [8]
__exit                  0x080276f9    0x14  Code  Gb  exit.o [8]
__iar_Dint              0x080232cb    0x7a  Code  Gb  xdint.o [6]
__iar_Errno             0x200104d8     0x4  Data  Gb  errno.o [3]
__iar_Lockfilelock      0x08028e7f     0x2  Code  Gb  xsyslock_nop.o [3]
__iar_Mbcurmax          0x0802765d     0xa  Code  Gb  xmbcurmax.o [3]
__iar_Memchr            0x08027605          Code  Gb  memchr.o [7]
__iar_Quad              0x08020dd5   0x12c  Code  Gb  xquad.o [6]
__iar_Sin               0x0801f5c1   0x3b2  Code  Gb  xsin.o [6]
__iar_Stderr            0x20010448    0x40  Data  Gb  xfiles.o [3]
__iar_Stdin             0x200103c8    0x40  Data  Gb  xfiles.o [3]
__iar_Stdout            0x20010408    0x40  Data  Gb  xfiles.o [3]
__iar_Strchr            0x080275b5          Code  Gb  strchr.o [7]
__iar_Unlockfilelock    0x08028e81     0x2  Code  Gb  xsyslock_nop.o [3]
__iar_close_ttio        0x08027781    0x2e  Code  Gb  iarttio.o [8]
__iar_d2uiz             0x0801f36d          Code  Gb  DblToI32.o [6]
__iar_dadd              0x0801f26d          Code  Gb  DblAdd.o [6]
__iar_data_init3        0x080292cd    0x28  Code  Gb  data_init.o [7]
__iar_dlfree            0x080266ef   0x510  Code  Gb  dlmalloc.o [3]
__iar_dlib_perthread_access
                        0x080232c9     0x2  Code  Gb  xtls.o [3]
__iar_dlmalloc          0x08026439   0x2aa  Code  Gb  dlmalloc.o [3]
__iar_dsub              0x0801fa25          Code  Gb  DblSub.o [6]
__iar_dsubStart         0x0801fa37          Code  Gb  DblSub.o [6]
__iar_edom              0x08020f3d          Code  Gb  iarEdom.o [7]
__iar_fmod              0x08023365          Code  Gb  fmod.o [6]
__iar_fmodl             0x08023365          Code  Gb  fmod.o [6]
__iar_get_ttio          0x080277b1    0x38  Code  Gb  iarttio.o [8]
__iar_init_vfp          0x080292f5          Code  Gb  fpinit_M.o [6]
__iar_lookup_ttioh      0x080277ed     0x8  Code  Gb  XShttio.o [3]
__iar_lz77_init3        0x08028a5f   0x162  Code  Gb  lz77_init.o [7]
__iar_program_start     0x0802947d          Code  Gb  cstartup_M.o [7]
__iar_sh_Discard        0x08028bc1    0x44  Code  Gb  XShHandles.o [3]
__iar_sh_Move           0x08028c0b    0x4c  Code  Gb  XShHandles.o [3]
__iar_sh_Pos            0x08028c57    0x44  Code  Gb  XShHandles.o [3]
__iar_sh_stdout         0x08028eb1    0x20  Code  Gb  iarwstd.o [8]
__iar_sh_write          0x08028ed1    0x22  Code  Gb  iarwrite.o [8]
__iar_sqrt              0x0801fb91          Code  Gb  sqrt.o [6]
__iar_ttio_handles      0x200104cc     0x8  Data  Lc  XShttio.o [3]
__iar_ui2d              0x0801efe9          Code  Gb  I32ToDbl.o [6]
__iar_unaligned___aeabi_memcpy
                        0x08027681          Code  Gb  ABImemcpy_unaligned.o [7]
__iar_unaligned___aeabi_memcpy4
                        0x080276a1          Code  Gb  ABImemcpy_unaligned.o [7]
__iar_unaligned___aeabi_memcpy8
                        0x080276a1          Code  Gb  ABImemcpy_unaligned.o [7]
__iar_zero_init3        0x0802928b    0x40  Code  Gb  zero_init3.o [7]
__low_level_init        0x08029367     0x4  Code  Gb  low_level_init.o [3]
__lseek                 0x08028e33    0x4c  Code  Gb  lseek.o [8]
__vector_table          0x08000000          Data  Gb  startup_stm32f746xx.o [1]
__write                 0x08028e83    0x10  Code  Gb  write.o [8]
_call_main              0x08029359          Code  Gb  cmain.o [7]
_exit                   0x08029371          Code  Gb  cexit.o [7]
_gm_                    0x2001ef78   0x1d8  Data  Lc  dlmalloc.o [3]
_main                   0x08029363          Code  Gb  cmain.o [7]
abort                   0x08027561     0x6  Code  Gb  abort.o [3]
armBitRevTable          0x080001c8   0x800  Data  Gb  arm_common_tables.o [4]
arm_cfft_radix4_init_f32
                        0x08010a41    0xb0  Code  Gb  arm_cfft_radix4_init_f32.o [4]
arm_rfft_init_f32       0x080089c9    0x72  Code  Gb  arm_rfft_init_f32.o [4]
btnSW1                  0x2001fa5d     0x1  Data  Gb  main.o [1]
btnSW2                  0x2001fa5e     0x1  Data  Gb  main.o [1]
bufCoefBiquad           0x2001f9dc    0x10  Data  Gb  sta321mp.o [1]
bufPCMSens7             0x2001fa0c     0x4  Data  Gb  waverecorder.o [1]
bufPCMSens8             0x2001fa10     0x4  Data  Gb  waverecorder.o [1]
bufferSum               0x2001e4e4   0x800  Data  Gb  main.o [1]
buffer_switch           0x200104dd     0x1  Data  Gb  main.o [1]
cntOS                   0x2001fa04     0x4  Data  Gb  stm32f7xx_it.o [1]
cntPos                  0x2001fa3e     0x2  Data  Gb  waverecorder.o [1]
cntPos7                 0x2001fa40     0x2  Data  Gb  waverecorder.o [1]
cntRisingEXTI           0x2001fa28     0x2  Data  Gb  main.o [1]
cntStrt                 0x2001fa42     0x2  Data  Gb  waverecorder.o [1]
cntTime200              0x2001fa36     0x2  Data  Gb  main.o [1]
ebuf                    0x2001f694    0x50  Data  Lc  xfiles.o [3]
exit                    0x0802936b     0x4  Code  Gb  exit.o [3]
fclose                  0x080290c5    0x7a  Code  Gb  fclose.o [3]
fflush                  0x08028def    0x34  Code  Gb  fflush.o [3]
fflushOne               0x08028d79    0x76  Code  Lc  fflush.o [3]
flg10ms                 0x2001fa61     0x1  Data  Gb  main.o [1]
flgDlyUpd               0x2001fa5f     0x1  Data  Gb  main.o [1]
flgS2                   0x2001fa63     0x1  Data  Gb  main.o [1]
flgS2Flt                0x2001fa66     0x1  Data  Gb  main.o [1]
flgS2Ins                0x2001fa69     0x1  Data  Gb  main.o [1]
flgS3                   0x2001fa64     0x1  Data  Gb  main.o [1]
flgS3Flt                0x2001fa67     0x1  Data  Gb  main.o [1]
flgS3Ins                0x2001fa6a     0x1  Data  Gb  main.o [1]
flgS4                   0x2001fa65     0x1  Data  Gb  main.o [1]
flgS4Flt                0x2001fa68     0x1  Data  Gb  main.o [1]
flgS4Ins                0x2001fa6b     0x1  Data  Gb  main.o [1]
fmod                    0x08023365          Code  Gb  fmod.o [6]
fmodl                   0x08023365          Code  Gb  fmod.o [6]
fputc                   0x08029235    0x56  Code  Gb  fputc.o [3]
fseek                   0x08028fa9    0x22  Code  Gb  fseek.o [3]
hdma_spi5_rx            0x2001f5f4    0x50  Data  Gb  waverecorder.o [1]
hdma_spi6_rx            0x2001f644    0x50  Data  Gb  waverecorder.o [1]
hhcd                    0x2001ece4   0x294  Data  Gb  usbh_conf.o [1]
hi2c1                   0x2001f7f4    0x3c  Data  Gb  audio_codec.o [1]
hi2c2                   0x2001f830    0x3c  Data  Gb  audio_codec.o [1]
hi2s1                   0x2001f774    0x40  Data  Gb  waverecorder.o [1]
hi2s2                   0x2001f7b4    0x40  Data  Gb  waverecorder.o [1]
hi2s3                   0x2001f734    0x40  Data  Gb  waveplayer _CS43L22.o [1]
hspi4                   0x2001f428    0x64  Data  Gb  main.o [1]
hspi5                   0x2001f48c    0x64  Data  Gb  waverecorder.o [1]
hspi6                   0x2001f4f0    0x64  Data  Gb  waverecorder.o [1]
huart3                  0x2001f350    0x70  Data  Gb  main.o [1]
iSDO12                  0x2001fa56     0x2  Data  Gb  waverecorder.o [1]
iSDO34                  0x2001fa58     0x2  Data  Gb  waverecorder.o [1]
iSDO56                  0x2001fa5a     0x2  Data  Gb  waverecorder.o [1]
idxLatency12            0x2001fa2c     0x2  Data  Gb  main.o [1]
idxLatency13            0x2001fa2a     0x2  Data  Gb  main.o [1]
idxLatency14            0x2001fa2e     0x2  Data  Gb  main.o [1]
idxLatency25            0x2001fa30     0x2  Data  Gb  main.o [1]
idxLatency63            0x2001fa32     0x2  Data  Gb  main.o [1]
idxLatency78            0x2001fa34     0x2  Data  Gb  main.o [1]
idxMic7                 0x2001fa3c     0x2  Data  Gb  waverecorder.o [1]
idxMic8                 0x2001fa3a     0x2  Data  Gb  waverecorder.o [1]
idxSPI5DataBuf3         0x2001fa26     0x2  Data  Gb  main.o [1]
init_mparams            0x08025733    0x32  Code  Lc  dlmalloc.o [3]
init_top                0x08025765    0x34  Code  Lc  dlmalloc.o [3]
main                    0x08021ac5   0x492  Code  Gb  main.o [1]
memchr                  0x08027605          Code  Gb  memchr.o [7]
mparams                 0x2001f94c    0x18  Data  Lc  dlmalloc.o [3]
obuf                    0x2001f6e4    0x50  Data  Lc  xfiles.o [3]
pDataMic7               0x2001f250    0x80  Data  Gb  waverecorder.o [1]
pDataMic8               0x2001f1d0    0x80  Data  Gb  waverecorder.o [1]
pUARTBuf                0x2001f150    0x80  Data  Gb  main.o [1]
pcSTAComnd              0x20010378    0x50  Data  Gb  sta321mp.o [1]
pcSTAComnd1             0x2001fa38     0x2  Data  Gb  sta321mp.o [1]
pcSTAComnd2             0x20010488    0x24  Data  Gb  sta321mp.o [1]
prepend_alloc           0x08025799   0x36c  Code  Lc  dlmalloc.o [3]
printf                  0x080289d9    0x24  Code  Gb  printf.o [3]
putchar                 0x080293b1     0xc  Code  Gb  putchar.o [3]
realCoefA               0x08008a40  0x8000  Data  Lc  arm_rfft_init_f32.o [4]
realCoefB               0x08010af0  0x8000  Data  Lc  arm_rfft_init_f32.o [4]
remove                  0x08029159    0x16  Code  Gb  remove.o [8]
sFileInfo               0x2001f2d0    0x80  Data  Lc  XShHandles.o [3]
sdramHandle             0x2001f86c    0x34  Data  Lc  stm32746g_discovery_sdram.o [1]
segment_holding         0x08025719    0x1a  Code  Lc  dlmalloc.o [3]
sprintf                 0x080243b9    0x34  Code  Gb  sprintf.o [3]
sqrt                    0x0801fb91          Code  Gb  sqrt.o [6]
sqrtl                   0x0801fb91          Code  Gb  sqrt.o [6]
stDir                   0x2001fa62     0x1  Data  Gb  main.o [1]
stFrstFrmStore          0x2001fa60     0x1  Data  Gb  main.o [1]
sta321mp_biquad         0x080241fb   0x160  Code  Lc  sta321mp.o [1]
sta321mp_mixer          0x080241a3    0x2a  Code  Lc  sta321mp.o [1]
sta321mp_postscale      0x080241e5    0x16  Code  Lc  sta321mp.o [1]
sta321mp_prescale       0x080241cd    0x18  Code  Lc  sta321mp.o [1]
stm32_crc               0x20010000     0x4  Data  Gb  pdm_filter.o [5]
strchr                  0x080275b5          Code  Gb  strchr.o [7]
strlen                  0x080275cd          Code  Gb  strlen.o [7]
swtSDO7                 0x2001fa6e     0x1  Data  Gb  waverecorder.o [1]
swtSDO8                 0x2001fa6f     0x1  Data  Gb  waverecorder.o [1]
sys_alloc               0x08025b05   0x386  Code  Lc  dlmalloc.o [3]
tmalloc_large           0x08025e99   0x390  Code  Lc  dlmalloc.o [3]
tmalloc_small           0x08026229   0x210  Code  Lc  dlmalloc.o [3]
twiddleCoef_4096        0x080009c8  0x8000  Data  Gb  arm_common_tables.o [4]
uwTick                  0x2001fa00     0x4  Data  Lc  stm32f7xx_hal.o [1]
vRawSens1               0x2001fa44     0x2  Data  Gb  waverecorder.o [1]
vRawSens2               0x2001fa46     0x2  Data  Gb  waverecorder.o [1]
vRawSens3               0x2001fa4a     0x2  Data  Gb  waverecorder.o [1]
vRawSens4               0x2001fa48     0x2  Data  Gb  waverecorder.o [1]
vRawSens5               0x2001fa4c     0x2  Data  Gb  waverecorder.o [1]
vRawSens6               0x2001fa4e     0x2  Data  Gb  waverecorder.o [1]
volume                  0x200104e0     0x1  Data  Gb  waveplayer _CS43L22.o [1]


[1] = H:\PhanLeSon\ActivNoise\Microphone\F7\Mic_Array_Project\Mic_Array\Projects\STM32746G\Applications\Audio\Mic_Array\EWARM\STM32F7\Obj
[2] = command line
[3] = dl7M_tlf.a
[4] = iar_cortexM7ls_math.a
[5] = libPDMFilter_CM7_IAR.a
[6] = m7M_tls.a
[7] = rt7M_tl.a
[8] = shb_l.a

  101 564 bytes of readonly  code memory
   68 568 bytes of readonly  data memory
   80 504 bytes of readwrite data memory (+ 98 784 absolute)

Errors: none
Warnings: none
