###############################################################################
#
# IAR ELF Linker V7.50.2.10312/W32 for ARM                23/Feb/2016  19:41:52
# Copyright 2007-2015 IAR Systems AB.
#
#    Output file  =  
#        D:\sop1hc\Github\data\Mic_Array_V00\USB_STREAMING\Mic_Array\Projects\STM32746G\Applications\Audio\Mic_Array\EWARM\STM32F7\Exe\Project.out
#    Map file     =  
#        D:\sop1hc\Github\data\Mic_Array_V00\USB_STREAMING\Mic_Array\Projects\STM32746G\Applications\Audio\Mic_Array\EWARM\STM32F7\List\Project.map
#    Command line =  
#        D:\sop1hc\Github\data\Mic_Array_V00\USB_STREAMING\Mic_Array\Projects\STM32746G\Applications\Audio\Mic_Array\EWARM\STM32F7\Obj\audio_application.o
#        D:\sop1hc\Github\data\Mic_Array_V00\USB_STREAMING\Mic_Array\Projects\STM32746G\Applications\Audio\Mic_Array\EWARM\STM32F7\Obj\audio_codec.o
#        D:\sop1hc\Github\data\Mic_Array_V00\USB_STREAMING\Mic_Array\Projects\STM32746G\Applications\Audio\Mic_Array\EWARM\STM32F7\Obj\DSP.o
#        D:\sop1hc\Github\data\Mic_Array_V00\USB_STREAMING\Mic_Array\Projects\STM32746G\Applications\Audio\Mic_Array\EWARM\STM32F7\Obj\ff.o
#        D:\sop1hc\Github\data\Mic_Array_V00\USB_STREAMING\Mic_Array\Projects\STM32746G\Applications\Audio\Mic_Array\EWARM\STM32F7\Obj\ft5336.o
#        D:\sop1hc\Github\data\Mic_Array_V00\USB_STREAMING\Mic_Array\Middlewares\ST\STM32_Audio\Addons\PDM\libPDMFilter_CM7_IAR.a
#        D:\sop1hc\Github\data\Mic_Array_V00\USB_STREAMING\Mic_Array\Projects\STM32746G\Applications\Audio\Mic_Array\EWARM\STM32F7\Obj\main.o
#        D:\sop1hc\Github\data\Mic_Array_V00\USB_STREAMING\Mic_Array\Projects\STM32746G\Applications\Audio\Mic_Array\EWARM\STM32F7\Obj\sta321mp.o
#        D:\sop1hc\Github\data\Mic_Array_V00\USB_STREAMING\Mic_Array\Projects\STM32746G\Applications\Audio\Mic_Array\EWARM\STM32F7\Obj\startup_stm32f746xx.o
#        D:\sop1hc\Github\data\Mic_Array_V00\USB_STREAMING\Mic_Array\Projects\STM32746G\Applications\Audio\Mic_Array\EWARM\STM32F7\Obj\stm32746g_discovery.o
#        D:\sop1hc\Github\data\Mic_Array_V00\USB_STREAMING\Mic_Array\Projects\STM32746G\Applications\Audio\Mic_Array\EWARM\STM32F7\Obj\stm32746g_discovery_lcd.o
#        D:\sop1hc\Github\data\Mic_Array_V00\USB_STREAMING\Mic_Array\Projects\STM32746G\Applications\Audio\Mic_Array\EWARM\STM32F7\Obj\stm32746g_discovery_sdram.o
#        D:\sop1hc\Github\data\Mic_Array_V00\USB_STREAMING\Mic_Array\Projects\STM32746G\Applications\Audio\Mic_Array\EWARM\STM32F7\Obj\stm32746g_discovery_ts.o
#        D:\sop1hc\Github\data\Mic_Array_V00\USB_STREAMING\Mic_Array\Projects\STM32746G\Applications\Audio\Mic_Array\EWARM\STM32F7\Obj\stm32f7xx_hal.o
#        D:\sop1hc\Github\data\Mic_Array_V00\USB_STREAMING\Mic_Array\Projects\STM32746G\Applications\Audio\Mic_Array\EWARM\STM32F7\Obj\stm32f7xx_hal_cortex.o
#        D:\sop1hc\Github\data\Mic_Array_V00\USB_STREAMING\Mic_Array\Projects\STM32746G\Applications\Audio\Mic_Array\EWARM\STM32F7\Obj\stm32f7xx_hal_dma.o
#        D:\sop1hc\Github\data\Mic_Array_V00\USB_STREAMING\Mic_Array\Projects\STM32746G\Applications\Audio\Mic_Array\EWARM\STM32F7\Obj\stm32f7xx_hal_dma2d.o
#        D:\sop1hc\Github\data\Mic_Array_V00\USB_STREAMING\Mic_Array\Projects\STM32746G\Applications\Audio\Mic_Array\EWARM\STM32F7\Obj\stm32f7xx_hal_dma_ex.o
#        D:\sop1hc\Github\data\Mic_Array_V00\USB_STREAMING\Mic_Array\Projects\STM32746G\Applications\Audio\Mic_Array\EWARM\STM32F7\Obj\stm32f7xx_hal_flash.o
#        D:\sop1hc\Github\data\Mic_Array_V00\USB_STREAMING\Mic_Array\Projects\STM32746G\Applications\Audio\Mic_Array\EWARM\STM32F7\Obj\stm32f7xx_hal_flash_ex.o
#        D:\sop1hc\Github\data\Mic_Array_V00\USB_STREAMING\Mic_Array\Projects\STM32746G\Applications\Audio\Mic_Array\EWARM\STM32F7\Obj\stm32f7xx_hal_gpio.o
#        D:\sop1hc\Github\data\Mic_Array_V00\USB_STREAMING\Mic_Array\Projects\STM32746G\Applications\Audio\Mic_Array\EWARM\STM32F7\Obj\stm32f7xx_hal_hcd.o
#        D:\sop1hc\Github\data\Mic_Array_V00\USB_STREAMING\Mic_Array\Projects\STM32746G\Applications\Audio\Mic_Array\EWARM\STM32F7\Obj\stm32f7xx_hal_i2c.o
#        D:\sop1hc\Github\data\Mic_Array_V00\USB_STREAMING\Mic_Array\Projects\STM32746G\Applications\Audio\Mic_Array\EWARM\STM32F7\Obj\stm32f7xx_hal_i2c_ex.o
#        D:\sop1hc\Github\data\Mic_Array_V00\USB_STREAMING\Mic_Array\Projects\STM32746G\Applications\Audio\Mic_Array\EWARM\STM32F7\Obj\stm32f7xx_hal_i2s.o
#        D:\sop1hc\Github\data\Mic_Array_V00\USB_STREAMING\Mic_Array\Projects\STM32746G\Applications\Audio\Mic_Array\EWARM\STM32F7\Obj\stm32f7xx_hal_ltdc.o
#        D:\sop1hc\Github\data\Mic_Array_V00\USB_STREAMING\Mic_Array\Projects\STM32746G\Applications\Audio\Mic_Array\EWARM\STM32F7\Obj\stm32f7xx_hal_pcd.o
#        D:\sop1hc\Github\data\Mic_Array_V00\USB_STREAMING\Mic_Array\Projects\STM32746G\Applications\Audio\Mic_Array\EWARM\STM32F7\Obj\stm32f7xx_hal_pcd_ex.o
#        D:\sop1hc\Github\data\Mic_Array_V00\USB_STREAMING\Mic_Array\Projects\STM32746G\Applications\Audio\Mic_Array\EWARM\STM32F7\Obj\stm32f7xx_hal_pwr.o
#        D:\sop1hc\Github\data\Mic_Array_V00\USB_STREAMING\Mic_Array\Projects\STM32746G\Applications\Audio\Mic_Array\EWARM\STM32F7\Obj\stm32f7xx_hal_pwr_ex.o
#        D:\sop1hc\Github\data\Mic_Array_V00\USB_STREAMING\Mic_Array\Projects\STM32746G\Applications\Audio\Mic_Array\EWARM\STM32F7\Obj\stm32f7xx_hal_rcc.o
#        D:\sop1hc\Github\data\Mic_Array_V00\USB_STREAMING\Mic_Array\Projects\STM32746G\Applications\Audio\Mic_Array\EWARM\STM32F7\Obj\stm32f7xx_hal_rcc_ex.o
#        D:\sop1hc\Github\data\Mic_Array_V00\USB_STREAMING\Mic_Array\Projects\STM32746G\Applications\Audio\Mic_Array\EWARM\STM32F7\Obj\stm32f7xx_hal_sai.o
#        D:\sop1hc\Github\data\Mic_Array_V00\USB_STREAMING\Mic_Array\Projects\STM32746G\Applications\Audio\Mic_Array\EWARM\STM32F7\Obj\stm32f7xx_hal_sai_ex.o
#        D:\sop1hc\Github\data\Mic_Array_V00\USB_STREAMING\Mic_Array\Projects\STM32746G\Applications\Audio\Mic_Array\EWARM\STM32F7\Obj\stm32f7xx_hal_sdram.o
#        D:\sop1hc\Github\data\Mic_Array_V00\USB_STREAMING\Mic_Array\Projects\STM32746G\Applications\Audio\Mic_Array\EWARM\STM32F7\Obj\stm32f7xx_hal_spi.o
#        D:\sop1hc\Github\data\Mic_Array_V00\USB_STREAMING\Mic_Array\Projects\STM32746G\Applications\Audio\Mic_Array\EWARM\STM32F7\Obj\stm32f7xx_hal_sram.o
#        D:\sop1hc\Github\data\Mic_Array_V00\USB_STREAMING\Mic_Array\Projects\STM32746G\Applications\Audio\Mic_Array\EWARM\STM32F7\Obj\stm32f7xx_hal_tim.o
#        D:\sop1hc\Github\data\Mic_Array_V00\USB_STREAMING\Mic_Array\Projects\STM32746G\Applications\Audio\Mic_Array\EWARM\STM32F7\Obj\stm32f7xx_hal_tim_ex.o
#        D:\sop1hc\Github\data\Mic_Array_V00\USB_STREAMING\Mic_Array\Projects\STM32746G\Applications\Audio\Mic_Array\EWARM\STM32F7\Obj\stm32f7xx_hal_uart.o
#        D:\sop1hc\Github\data\Mic_Array_V00\USB_STREAMING\Mic_Array\Projects\STM32746G\Applications\Audio\Mic_Array\EWARM\STM32F7\Obj\stm32f7xx_it.o
#        D:\sop1hc\Github\data\Mic_Array_V00\USB_STREAMING\Mic_Array\Projects\STM32746G\Applications\Audio\Mic_Array\EWARM\STM32F7\Obj\stm32f7xx_ll_fmc.o
#        D:\sop1hc\Github\data\Mic_Array_V00\USB_STREAMING\Mic_Array\Projects\STM32746G\Applications\Audio\Mic_Array\EWARM\STM32F7\Obj\stm32f7xx_ll_usb.o
#        D:\sop1hc\Github\data\Mic_Array_V00\USB_STREAMING\Mic_Array\Projects\STM32746G\Applications\Audio\Mic_Array\EWARM\STM32F7\Obj\system_stm32f7xx.o
#        D:\sop1hc\Github\data\Mic_Array_V00\USB_STREAMING\Mic_Array\Projects\STM32746G\Applications\Audio\Mic_Array\EWARM\STM32F7\Obj\usbd_audio_if.o
#        D:\sop1hc\Github\data\Mic_Array_V00\USB_STREAMING\Mic_Array\Projects\STM32746G\Applications\Audio\Mic_Array\EWARM\STM32F7\Obj\usbd_audio_in.o
#        D:\sop1hc\Github\data\Mic_Array_V00\USB_STREAMING\Mic_Array\Projects\STM32746G\Applications\Audio\Mic_Array\EWARM\STM32F7\Obj\usbd_conf_f4.o
#        D:\sop1hc\Github\data\Mic_Array_V00\USB_STREAMING\Mic_Array\Projects\STM32746G\Applications\Audio\Mic_Array\EWARM\STM32F7\Obj\usbd_core.o
#        D:\sop1hc\Github\data\Mic_Array_V00\USB_STREAMING\Mic_Array\Projects\STM32746G\Applications\Audio\Mic_Array\EWARM\STM32F7\Obj\usbd_ctlreq.o
#        D:\sop1hc\Github\data\Mic_Array_V00\USB_STREAMING\Mic_Array\Projects\STM32746G\Applications\Audio\Mic_Array\EWARM\STM32F7\Obj\usbd_desc.o
#        D:\sop1hc\Github\data\Mic_Array_V00\USB_STREAMING\Mic_Array\Projects\STM32746G\Applications\Audio\Mic_Array\EWARM\STM32F7\Obj\usbd_ioreq.o
#        D:\sop1hc\Github\data\Mic_Array_V00\USB_STREAMING\Mic_Array\Projects\STM32746G\Applications\Audio\Mic_Array\EWARM\STM32F7\Obj\usbh_conf.o
#        D:\sop1hc\Github\data\Mic_Array_V00\USB_STREAMING\Mic_Array\Projects\STM32746G\Applications\Audio\Mic_Array\EWARM\STM32F7\Obj\usbh_core.o
#        D:\sop1hc\Github\data\Mic_Array_V00\USB_STREAMING\Mic_Array\Projects\STM32746G\Applications\Audio\Mic_Array\EWARM\STM32F7\Obj\usbh_ctlreq.o
#        D:\sop1hc\Github\data\Mic_Array_V00\USB_STREAMING\Mic_Array\Projects\STM32746G\Applications\Audio\Mic_Array\EWARM\STM32F7\Obj\usbh_diskio.o
#        D:\sop1hc\Github\data\Mic_Array_V00\USB_STREAMING\Mic_Array\Projects\STM32746G\Applications\Audio\Mic_Array\EWARM\STM32F7\Obj\usbh_ioreq.o
#        D:\sop1hc\Github\data\Mic_Array_V00\USB_STREAMING\Mic_Array\Projects\STM32746G\Applications\Audio\Mic_Array\EWARM\STM32F7\Obj\usbh_msc.o
#        D:\sop1hc\Github\data\Mic_Array_V00\USB_STREAMING\Mic_Array\Projects\STM32746G\Applications\Audio\Mic_Array\EWARM\STM32F7\Obj\usbh_msc_bot.o
#        D:\sop1hc\Github\data\Mic_Array_V00\USB_STREAMING\Mic_Array\Projects\STM32746G\Applications\Audio\Mic_Array\EWARM\STM32F7\Obj\usbh_msc_scsi.o
#        D:\sop1hc\Github\data\Mic_Array_V00\USB_STREAMING\Mic_Array\Projects\STM32746G\Applications\Audio\Mic_Array\EWARM\STM32F7\Obj\usbh_pipes.o
#        "D:\sop1hc\Github\data\Mic_Array_V00\USB_STREAMING\Mic_Array\Projects\STM32746G\Applications\Audio\Mic_Array\EWARM\STM32F7\Obj\waveplayer
#        _CS43L22.o"
#        D:\sop1hc\Github\data\Mic_Array_V00\USB_STREAMING\Mic_Array\Projects\STM32746G\Applications\Audio\Mic_Array\EWARM\STM32F7\Obj\waverecorder.o
#        --redirect _Printf=_PrintfSmall --redirect _Scanf=_ScanfSmall -o
#        D:\sop1hc\Github\data\Mic_Array_V00\USB_STREAMING\Mic_Array\Projects\STM32746G\Applications\Audio\Mic_Array\EWARM\STM32F7\Exe\Project.out
#        --map
#        D:\sop1hc\Github\data\Mic_Array_V00\USB_STREAMING\Mic_Array\Projects\STM32746G\Applications\Audio\Mic_Array\EWARM\STM32F7\List\Project.map
#        --config
#        D:\sop1hc\Github\data\Mic_Array_V00\USB_STREAMING\Mic_Array\Projects\STM32746G\Applications\Audio\Mic_Array\EWARM\Project.icf
#        --semihosting --entry __iar_program_start --no_exceptions "D:\Program
#        Files (x86)\IAR Systems\Embedded Workbench
#        7.3\arm\CMSIS\Lib\IAR\iar_cortexM7ls_math.a" --vfe
#
###############################################################################

*******************************************************************************
*** RUNTIME MODEL ATTRIBUTES
***

CppFlavor                     = *
__Heap_Handler                = DLMalloc
__SystemLibrary               = DLib
__dlib_dynamic_initialization = normal


*******************************************************************************
*** PLACEMENT SUMMARY
***

"A1":  place at 0x08000000 { ro section .intvec };
"P1":  place in [from 0x00000000 to 0x00000000] |
                [from 0x08000000 to 0x080fffff] { ro };
"P3":  place in [from 0x20000000 to 0x2000ffff] |
                [from 0x20010000 to 0x2004ffff] { rw, block CSTACK, block HEAP };

  Section             Kind        Address     Size  Object
  -------             ----        -------     ----  ------
"A1":                                        0x1c8
  .intvec             ro code  0x08000000    0x1c8  startup_stm32f746xx.o [1]
                             - 0x080001c8    0x1c8

"P1":                                      0x2478a
  .rodata             const    0x080001c8   0x8800  arm_common_tables.o [4]
  .text               ro code  0x080089c8   0x8078  arm_rfft_init_f32.o [4]
  .text               ro code  0x08010a40     0xb0  arm_cfft_radix4_init_f32.o [4]
  .rodata             const    0x08010af0   0x8000  arm_rfft_init_f32.o [4]
  .text               ro code  0x08018af0   0x14f0  dlmalloc.o [3]
  .text               ro code  0x08019fe0      0x6  abort.o [3]
  .text               ro code  0x08019fe8     0x2c  xgetmemchunk.o [3]
  .text               ro code  0x0801a014     0x14  exit.o [8]
  .text               ro code  0x0801a028     0x30  iarttio.o [8]
  .text               ro code  0x0801a058      0x8  XShttio.o [3]
  .text               ro code  0x0801a060    0xfd0  stm32f7xx_hal_dma.o [1]
  .text               ro code  0x0801b030    0xecc  waverecorder.o [1]
  .text               ro code  0x0801befc    0x228  stm32f7xx_hal_gpio.o [1]
  .text               ro code  0x0801c124    0x550  pdm_filter.o [5]
  .text               ro code  0x0801c674    0x110  stm32f7xx_hal_i2s.o [1]
  .text               ro code  0x0801c784    0x7d4  stm32f7xx_hal_spi.o [1]
  .text               ro code  0x0801cf58     0xd0  stm32f7xx_hal_cortex.o [1]
  .text               ro code  0x0801d028    0x4e0  audio_application.o [1]
  .text               ro code  0x0801d508     0x1c  FltCmpEq.o [6]
  .text               ro code  0x0801d524      0xe  U32ToFlt.o [6]
  .text               ro code  0x0801d534     0x24  FltCmpLe.o [6]
  .text               ro code  0x0801d558     0x12  FltMul.o [6]
  .text               ro code  0x0801d56c     0x4e  FltToDbl.o [6]
  .text               ro code  0x0801d5bc     0x30  I32ToDbl.o [6]
  .text               ro code  0x0801d5ec    0x256  DblDiv.o [6]
  .text               ro code  0x0801d844     0xe8  DblAdd.o [6]
  .text               ro code  0x0801d92c     0x4c  DblToI32.o [6]
  .text               ro code  0x0801d978    0x1a2  DblMul.o [6]
  .text               ro code  0x0801db1c     0x90  DblToFlt.o [6]
  .text               ro code  0x0801dbac    0x450  xsin.o [6]
  .text               ro code  0x0801dffc    0x180  DblSub.o [6]
  .text               ro code  0x0801e17c     0xf0  sqrt.o [6]
  .text               ro code  0x0801e26c    0x514  audio_codec.o [1]
  .text               ro code  0x0801e780     0x80  stm32f7xx_hal.o [1]
  .text               ro code  0x0801e800     0xe0  usbd_audio_if.o [1]
  .text               ro code  0x0801e8e0     0x2e  DblCmpLe.o [6]
  .text               ro code  0x0801e910     0x2e  DblCmpGe.o [6]
  .text               ro code  0x0801e940      0xc  errno.o [3]
  .text               ro code  0x0801e94c    0x168  xquad.o [6]
  .text               ro code  0x0801eab4      0xc  iarEdom.o [7]
  .text               ro code  0x0801eac0    0x788  main.o [1]
  .text               ro code  0x0801f248    0x5d4  stm32f7xx_hal_rcc.o [1]
  .text               ro code  0x0801f81c    0x84c  usbd_audio_in.o [1]
  .text               ro code  0x08020068      0x2  xtls.o [3]
  .text               ro code  0x0802006a     0x7a  xdint.o [6]
  .text               ro code  0x080200e4     0x20  DblCmpEq.o [6]
  .text               ro code  0x08020104    0x1a8  fmod.o [6]
  .text               ro code  0x080202ac     0xee  DSP.o [1]
  .text               ro code  0x0802039c    0x660  stm32f7xx_hal_rcc_ex.o [1]
  .text               ro code  0x080209fc    0x28c  stm32746g_discovery_sdram.o [1]
  .text               ro code  0x08020c88     0xc4  stm32746g_discovery.o [1]
  .text               ro code  0x08020d4c    0x9a4  sta321mp.o [1]
  .text               ro code  0x080216f0    0x2a6  usbd_core.o [1]
  .text               ro code  0x08021998     0x74  stm32f7xx_hal_pwr_ex.o [1]
  .text               ro code  0x08021a0c    0x7e0  stm32f7xx_hal_i2c.o [1]
  .text               ro code  0x080221ec    0x236  usbd_conf_f4.o [1]
  .text               ro code  0x08022422     0x9c  usbd_ioreq.o [1]
  .text               ro code  0x080224c0    0x454  usbd_ctlreq.o [1]
  .text               ro code  0x08022914      0x6  ABImemclr.o [7]
  .text               ro code  0x0802291c     0x76  ABImemcpy_unaligned.o [7]
  .text               ro code  0x08022994     0x96  stm32f7xx_hal_sdram.o [1]
  .text               ro code  0x08022a2a    0x838  stm32f7xx_hal_pcd.o [1]
  .text               ro code  0x08023264     0x72  stm32f7xx_hal_pcd_ex.o [1]
  .text               ro code  0x080232d8     0x5e  ABImemset.o [7]
  .text               ro code  0x08023338    0x158  stm32f7xx_ll_fmc.o [1]
  .text               ro code  0x08023490    0x928  stm32f7xx_ll_usb.o [1]
  .text               ro code  0x08023db8    0x27c  stm32f7xx_hal_uart.o [1]
  .text               ro code  0x08024034    0x1c4  lz77_init.o [7]
  .text               ro code  0x080241f8    0x12c  usbd_desc.o [1]
  .text               ro code  0x08024324     0x68  stm32f7xx_it.o [1]
  .text               ro code  0x0802438c     0x4c  system_stm32f7xx.o [1]
  .text               ro code  0x080243d8     0x40  zero_init3.o [7]
  .text               ro code  0x08024418     0x28  data_init.o [7]
  .text               ro code  0x08024440     0x22  fpinit_M.o [6]
  .iar.init_table     const    0x08024464     0x34  - Linker created -
  .text               ro code  0x08024498     0x1a  cmain.o [7]
  .text               ro code  0x080244b2      0x4  low_level_init.o [3]
  .text               ro code  0x080244b6      0x4  exit.o [3]
  .text               ro code  0x080244bc      0xa  cexit.o [7]
  .text               ro code  0x080244c8     0x10  startup_stm32f746xx.o [1]
  .text               ro code  0x080244d8      0xc  cstartup_M.o [7]
  .text               ro code  0x080244e4      0x4  startup_stm32f746xx.o [1]
  .text               ro code  0x080244e8      0x4  startup_stm32f746xx.o [1]
  .text               ro code  0x080244ec      0x4  startup_stm32f746xx.o [1]
  .text               ro code  0x080244f0      0x4  startup_stm32f746xx.o [1]
  .text               ro code  0x080244f4      0x4  startup_stm32f746xx.o [1]
  .text               ro code  0x080244f8      0x4  startup_stm32f746xx.o [1]
  .text               ro code  0x080244fc      0x4  startup_stm32f746xx.o [1]
  .text               ro code  0x08024500      0x4  startup_stm32f746xx.o [1]
  .text               ro code  0x08024504      0x4  startup_stm32f746xx.o [1]
  .text               ro code  0x08024508      0x4  startup_stm32f746xx.o [1]
  .text               ro code  0x0802450c      0x4  startup_stm32f746xx.o [1]
  .text               ro code  0x08024510      0x4  startup_stm32f746xx.o [1]
  .text               ro code  0x08024514      0x4  startup_stm32f746xx.o [1]
  .text               ro code  0x08024518      0x4  startup_stm32f746xx.o [1]
  .text               ro code  0x0802451c      0x4  startup_stm32f746xx.o [1]
  .text               ro code  0x08024520      0x4  startup_stm32f746xx.o [1]
  .text               ro code  0x08024524      0x4  startup_stm32f746xx.o [1]
  .text               ro code  0x08024528      0x4  startup_stm32f746xx.o [1]
  .text               ro code  0x0802452c      0x4  startup_stm32f746xx.o [1]
  .text               ro code  0x08024530      0x4  startup_stm32f746xx.o [1]
  .text               ro code  0x08024534      0x4  startup_stm32f746xx.o [1]
  .text               ro code  0x08024538      0x4  startup_stm32f746xx.o [1]
  .text               ro code  0x0802453c      0x4  startup_stm32f746xx.o [1]
  .text               ro code  0x08024540      0x4  startup_stm32f746xx.o [1]
  .text               ro code  0x08024544      0x4  startup_stm32f746xx.o [1]
  .text               ro code  0x08024548      0x4  startup_stm32f746xx.o [1]
  .text               ro code  0x0802454c      0x4  startup_stm32f746xx.o [1]
  .text               ro code  0x08024550      0x4  startup_stm32f746xx.o [1]
  .text               ro code  0x08024554      0x4  startup_stm32f746xx.o [1]
  .text               ro code  0x08024558      0x4  startup_stm32f746xx.o [1]
  .text               ro code  0x0802455c      0x4  startup_stm32f746xx.o [1]
  .text               ro code  0x08024560      0x4  startup_stm32f746xx.o [1]
  .text               ro code  0x08024564      0x4  startup_stm32f746xx.o [1]
  .text               ro code  0x08024568      0x4  startup_stm32f746xx.o [1]
  .text               ro code  0x0802456c      0x4  startup_stm32f746xx.o [1]
  .text               ro code  0x08024570      0x4  startup_stm32f746xx.o [1]
  .text               ro code  0x08024574      0x4  startup_stm32f746xx.o [1]
  .text               ro code  0x08024578      0x4  startup_stm32f746xx.o [1]
  .text               ro code  0x0802457c      0x4  startup_stm32f746xx.o [1]
  .text               ro code  0x08024580      0x4  startup_stm32f746xx.o [1]
  .text               ro code  0x08024584      0x4  startup_stm32f746xx.o [1]
  .text               ro code  0x08024588      0x4  startup_stm32f746xx.o [1]
  .text               ro code  0x0802458c      0x4  startup_stm32f746xx.o [1]
  .text               ro code  0x08024590      0x4  startup_stm32f746xx.o [1]
  .text               ro code  0x08024594      0x4  startup_stm32f746xx.o [1]
  .text               ro code  0x08024598      0x4  startup_stm32f746xx.o [1]
  .text               ro code  0x0802459c      0x4  startup_stm32f746xx.o [1]
  .text               ro code  0x080245a0      0x4  startup_stm32f746xx.o [1]
  .text               ro code  0x080245a4      0x4  startup_stm32f746xx.o [1]
  .text               ro code  0x080245a8      0x4  startup_stm32f746xx.o [1]
  .text               ro code  0x080245ac      0x4  startup_stm32f746xx.o [1]
  .text               ro code  0x080245b0      0x4  startup_stm32f746xx.o [1]
  .text               ro code  0x080245b4      0x4  startup_stm32f746xx.o [1]
  .text               ro code  0x080245b8      0x4  startup_stm32f746xx.o [1]
  .text               ro code  0x080245bc      0x4  startup_stm32f746xx.o [1]
  .text               ro code  0x080245c0      0x4  startup_stm32f746xx.o [1]
  .text               ro code  0x080245c4      0x4  startup_stm32f746xx.o [1]
  .text               ro code  0x080245c8      0x4  startup_stm32f746xx.o [1]
  .text               ro code  0x080245cc      0x4  startup_stm32f746xx.o [1]
  .text               ro code  0x080245d0      0x4  startup_stm32f746xx.o [1]
  .text               ro code  0x080245d4      0x4  startup_stm32f746xx.o [1]
  .text               ro code  0x080245d8      0x4  startup_stm32f746xx.o [1]
  .text               ro code  0x080245dc      0x4  startup_stm32f746xx.o [1]
  .text               ro code  0x080245e0      0x4  startup_stm32f746xx.o [1]
  .text               ro code  0x080245e4      0x4  startup_stm32f746xx.o [1]
  .text               ro code  0x080245e8      0x4  startup_stm32f746xx.o [1]
  .text               ro code  0x080245ec      0x4  startup_stm32f746xx.o [1]
  .text               ro code  0x080245f0      0x4  startup_stm32f746xx.o [1]
  .text               ro code  0x080245f4      0x4  startup_stm32f746xx.o [1]
  .text               ro code  0x080245f8      0x4  startup_stm32f746xx.o [1]
  .text               ro code  0x080245fc      0x4  startup_stm32f746xx.o [1]
  .text               ro code  0x08024600      0x4  startup_stm32f746xx.o [1]
  .text               ro code  0x08024604      0x4  startup_stm32f746xx.o [1]
  .text               ro code  0x08024608      0x4  startup_stm32f746xx.o [1]
  .text               ro code  0x0802460c      0x4  startup_stm32f746xx.o [1]
  .text               ro code  0x08024610      0x4  startup_stm32f746xx.o [1]
  .text               ro code  0x08024614      0x4  startup_stm32f746xx.o [1]
  .rodata             const    0x08024618      0x0  zero_init3.o [7]
  .rodata             const    0x08024618      0x0  lz77_init.o [7]
  Initializer bytes   const    0x08024618    0x33a  <for P3 s0>
                             - 0x08024952  0x2478a

"P3", part 1 of 3:                           0xfc0
  P3 s0                        0x20010000    0xfc0  <Init block>
    .data             inited   0x20010000    0xa78  main.o [1]
    .data             inited   0x20010a78    0x304  pdm_filter.o [5]
    .data             inited   0x20010d7c     0x9c  audio_codec.o [1]
    .data             inited   0x20010e18     0x88  sta321mp.o [1]
    .data             inited   0x20010ea0     0x62  stm32746g_discovery_sdram.o [1]
    .data             inited   0x20010f02      0x1  waveplayer _CS43L22.o [1]
    .data             inited   0x20010f04     0x38  usbd_audio_in.o [1]
    .data             inited   0x20010f3c     0x24  usbd_audio_if.o [1]
    .data             inited   0x20010f60     0x1c  usbd_desc.o [1]
    .data             inited   0x20010f7c     0x14  system_stm32f7xx.o [1]
    .data             inited   0x20010f90     0x14  usbd_desc.o [1]
    .data             inited   0x20010fa4      0xc  usbd_audio_in.o [1]
    .data             inited   0x20010fb0      0x8  XShttio.o [3]
    .data             inited   0x20010fb8      0x4  usbd_desc.o [1]
    __DLIB_PERTHREAD  inited   0x20010fbc      0x4  errno.o [3]
                             - 0x20010fc0    0xfc0

"P3", part 2 of 3:                          0xeefc
  .bss                zero     0x20010fc0   0x2094  waverecorder.o [1]
  .bss                zero     0x20013054   0x2008  waverecorder.o [1]
  .bss                zero     0x2001505c   0x2008  waverecorder.o [1]
  .bss                zero     0x20017064   0x2000  waverecorder.o [1]
  .bss                zero     0x20019064   0x2000  waverecorder.o [1]
  .bss                zero     0x2001b064   0x2000  waverecorder.o [1]
  .bss                zero     0x2001d064   0x2000  waverecorder.o [1]
  .bss                zero     0x2001f064    0x3c0  usbd_conf_f4.o [1]
  .bss                zero     0x2001f424    0x260  usbd_audio_in.o [1]
  .bss                zero     0x2001f684    0x248  waverecorder.o [1]
  .bss                zero     0x2001f8cc    0x1d8  dlmalloc.o [3]
  .bss                zero     0x2001faa4     0xdc  main.o [1]
  .bss                zero     0x2001fb80     0xc8  usbd_desc.o [1]
  .bss                zero     0x2001fc48     0xa0  waverecorder.o [1]
  .bss                zero     0x2001fce8     0x70  main.o [1]
  .bss                zero     0x2001fd58     0x64  main.o [1]
  .bss                zero     0x2001fdbc     0x50  stm32746g_discovery_sdram.o [1]
  .bss                zero     0x2001fe0c     0x40  waveplayer _CS43L22.o [1]
  .bss                zero     0x2001fe4c     0x3c  audio_codec.o [1]
  .bss                zero     0x2001fe88     0x18  dlmalloc.o [3]
  .bss                zero     0x2001fea0      0x4  DSP.o [1]
  .bss                zero     0x2001fea4      0x4  stm32f7xx_hal.o [1]
  .bss                zero     0x2001fea8      0x4  stm32f7xx_it.o [1]
  .bss                zero     0x2001feac      0x4  waveplayer _CS43L22.o [1]
  .bss                zero     0x2001feb0      0x4  xgetmemchunk.o [3]
  .bss                zero     0x2001feb4      0x2  main.o [1]
  .bss                zero     0x2001feb6      0x1  audio_application.o [1]
  .bss                zero     0x2001feb7      0x1  usbd_ctlreq.o [1]
  .bss                zero     0x2001feb8      0x1  waverecorder.o [1]
                             - 0x2001feb9   0xeef9

"P3", part 3 of 3:                          0x4000
  CSTACK                       0x2001fec0   0x2000  <Block>
    CSTACK            uninit   0x2001fec0   0x2000  <Block tail>
  HEAP                         0x20021ec0   0x2000  <Block>
    HEAP              uninit   0x20021ec0   0x2000  <Block tail>
                             - 0x20023ec0   0x4000

Absolute sections:                         0x1a1e0
  .bss                zero     0xc0000000   0x80a0  waverecorder.o [1]
  .bss                zero     0xc00080a0   0x80a0  waverecorder.o [1]
  .bss                zero     0xc0010140   0x80a0  waverecorder.o [1]
  .bss                zero     0xc00181e0   0x1000  audio_application.o [1]
  .bss                zero     0xc00191e0   0x1000  audio_application.o [1]
                             - 0xc001a1e0  0x1a1e0


*******************************************************************************
*** INIT TABLE
***

          Address     Size
          -------     ----
Zero (__iar_zero_init3)
    2 destination ranges, total size 0x290d9:
          0x20010fc0   0xeef9
          0xc0000000  0x1a1e0

Copy/lz77 (__iar_lz77_init3)
    1 source range, total size 0x33a (20% of destination):
          0x08024618    0x33a
    1 destination range, total size 0xfc0:
          0x20010000    0xfc0



*******************************************************************************
*** MODULE SUMMARY
***

    Module                       ro code  ro data  rw data  rw data
                                                             (abs)
    ------                       -------  -------  -------  -------
D:\sop1hc\Github\data\Mic_Array_V00\USB_STREAMING\Mic_Array\Projects\STM32746G\Applications\Audio\Mic_Array\EWARM\STM32F7\Obj: [1]
    DSP.o                            238                 4
    audio_application.o            1 248                 1    8 192
    audio_codec.o                  1 300       32      216
    main.o                         1 928      549    3 114
    sta321mp.o                     2 468       28      136
    startup_stm32f746xx.o            780
    stm32746g_discovery.o            196
    stm32746g_discovery_sdram.o      652       20      178
    stm32f7xx_hal.o                  128                 4
    stm32f7xx_hal_cortex.o           208
    stm32f7xx_hal_dma.o            4 048
    stm32f7xx_hal_gpio.o             552
    stm32f7xx_hal_i2c.o            2 016
    stm32f7xx_hal_i2s.o              272
    stm32f7xx_hal_pcd.o            2 104
    stm32f7xx_hal_pcd_ex.o           114
    stm32f7xx_hal_pwr_ex.o           116
    stm32f7xx_hal_rcc.o            1 492
    stm32f7xx_hal_rcc_ex.o         1 632
    stm32f7xx_hal_sdram.o            150
    stm32f7xx_hal_spi.o            2 004
    stm32f7xx_hal_uart.o             636
    stm32f7xx_it.o                   104                 4
    stm32f7xx_ll_fmc.o               344
    stm32f7xx_ll_usb.o             2 344
    system_stm32f7xx.o                76        4       20
    usbd_audio_if.o                  224        8       36
    usbd_audio_in.o                2 124       13      676
    usbd_conf_f4.o                   566               960
    usbd_core.o                      678
    usbd_ctlreq.o                  1 108                 1
    usbd_desc.o                      300       11      252
    usbd_ioreq.o                     156
    waveplayer _CS43L22.o                               69
    waverecorder.o                 3 788            58 253   98 784
    ---------------------------------------------------------------
    Total:                        36 094      665   63 924  106 976

command line: [2]
    ---------------------------------------------------------------
    Total:

dl7M_tlf.a: [3]
    XShttio.o                          8        2        8
    abort.o                            6
    dlmalloc.o                     5 360               496
    errno.o                           12        1        4
    exit.o                             4
    low_level_init.o                   4
    xgetmemchunk.o                    44                 4
    xtls.o                             2
    ---------------------------------------------------------------
    Total:                         5 440        3      512

iar_cortexM7ls_math.a: [4]
    arm_cfft_radix4_init_f32.o       176
    arm_common_tables.o                    34 816
    arm_rfft_init_f32.o           32 888   32 768
    ---------------------------------------------------------------
    Total:                        33 064   67 584

libPDMFilter_CM7_IAR.a: [5]
    pdm_filter.o                   1 360      158      772
    ---------------------------------------------------------------
    Total:                         1 360      158      772

m7M_tls.a: [6]
    DblAdd.o                         232
    DblCmpEq.o                        32
    DblCmpGe.o                        46
    DblCmpLe.o                        46
    DblDiv.o                         598
    DblMul.o                         418
    DblSub.o                         384
    DblToFlt.o                       144
    DblToI32.o                        76
    FltCmpEq.o                        28
    FltCmpLe.o                        36
    FltMul.o                          18
    FltToDbl.o                        78
    I32ToDbl.o                        48
    U32ToFlt.o                        14
    fmod.o                           424
    fpinit_M.o                        34
    sqrt.o                           240
    xdint.o                          122
    xquad.o                          360
    xsin.o                         1 104
    ---------------------------------------------------------------
    Total:                         4 482

rt7M_tl.a: [7]
    ABImemclr.o                        6
    ABImemcpy_unaligned.o            118
    ABImemset.o                       94
    cexit.o                           10
    cmain.o                           26
    cstartup_M.o                      12
    data_init.o                       40
    iarEdom.o                         12
    lz77_init.o                      452
    zero_init3.o                      64
    ---------------------------------------------------------------
    Total:                           834

shb_l.a: [8]
    exit.o                            20
    iarttio.o                         48
    ---------------------------------------------------------------
    Total:                            68

    Gaps                              36        2        1
    Linker created                             52   16 384
-------------------------------------------------------------------
    Grand Total:                  81 378   68 464   81 593  106 976


*******************************************************************************
*** ENTRY LIST
***

Entry                      Address    Size  Type      Object
-----                      -------    ----  ----      ------
.iar.init_table$$Base   0x08024464           --   Gb  - Linker created -
.iar.init_table$$Limit  0x08024498           --   Gb  - Linker created -
?main                   0x08024499          Code  Gb  cmain.o [7]
AHBPrescTable           0x20010f80    0x10  Data  Gb  system_stm32f7xx.o [1]
APBAHBPrescTable        0x0801f80c    0x10  Data  Gb  stm32f7xx_hal_rcc.o [1]
AUDIO_Desc              0x20010f60    0x1c  Data  Gb  usbd_desc.o [1]
AudioPlayerUpd          0x0801d049   0x44c  Code  Gb  audio_application.o [1]
AudioRemSize            0x20010e10     0x4  Data  Gb  audio_codec.o [1]
AudioTotalSize          0x20010e0c     0x4  Data  Gb  audio_codec.o [1]
AudioUSBSend            0x0801d029    0x1e  Code  Gb  audio_application.o [1]
Audio_CommandMgr        0x0801e84b     0x4  Code  Lc  usbd_audio_if.o [1]
Audio_DeInit            0x0801e805     0x4  Code  Lc  usbd_audio_if.o [1]
Audio_Init              0x0801e801     0x4  Code  Lc  usbd_audio_if.o [1]
Audio_MAL_Play          0x0801e44d    0x54  Code  Gb  audio_codec.o [1]
Audio_MuteCtl           0x0801e83b     0x4  Code  Lc  usbd_audio_if.o [1]
Audio_Pause             0x0801e843     0x4  Code  Lc  usbd_audio_if.o [1]
Audio_Record            0x0801e809     0x4  Code  Lc  usbd_audio_if.o [1]
Audio_Resume            0x0801e847     0x4  Code  Lc  usbd_audio_if.o [1]
Audio_Stop              0x0801e83f     0x4  Code  Lc  usbd_audio_if.o [1]
Audio_VolumeCtl         0x0801e80d    0x2e  Code  Lc  usbd_audio_if.o [1]
BSP_LED_Init            0x08020c89    0x86  Code  Gb  stm32746g_discovery.o [1]
BSP_LED_Toggle          0x08020d0f    0x2e  Code  Gb  stm32746g_discovery.o [1]
BSP_SDRAM_Init          0x080209fd   0x106  Code  Gb  stm32746g_discovery_sdram.o [1]
BSP_SDRAM_MspInit       0x08020b03   0x15a  Code  Wk  stm32746g_discovery_sdram.o [1]
Buffer1                 0xc0000000  0x80a0  Data  Gb  waverecorder.o [1]
Buffer2                 0xc00080a0  0x80a0  Data  Gb  waverecorder.o [1]
Buffer3                 0xc0010140  0x80a0  Data  Gb  waverecorder.o [1]
BusFault_Handler        0x0802432b     0x2  Code  Gb  stm32f7xx_it.o [1]
ButtonInit              0x0801f0cf    0x48  Code  Gb  main.o [1]
CSTACK$$Base            0x2001fec0           --   Gb  - Linker created -
CSTACK$$Limit           0x20021ec0           --   Gb  - Linker created -
Command                 0x20010ef0    0x10  Data  Lc  stm32746g_discovery_sdram.o [1]
Command_index           0x20010033     0x1  Data  Gb  main.o [1]
CrssCor                 0x080202ad    0xd2  Code  Gb  DSP.o [1]
CurrentPos              0x20010e14     0x4  Data  Gb  audio_codec.o [1]
DFT_Init                0x0801ef87    0x76  Code  Gb  main.o [1]
DMA1_Stream0_IRQHandler
                        0x0801e441     0x2  Code  Gb  audio_codec.o [1]
DMA1_Stream7_IRQHandler
                        0x0801e26d   0x1d4  Code  Gb  audio_codec.o [1]
DMA2_Stream4_IRQHandler
                        0x08024389     0x2  Code  Gb  stm32f7xx_it.o [1]
DMA2_Stream5_IRQHandler
                        0x0801bad1     0x8  Code  Gb  waverecorder.o [1]
DMA2_Stream6_IRQHandler
                        0x0801bad9     0x8  Code  Gb  waverecorder.o [1]
DMA2_Stream7_IRQHandler
                        0x0802438b     0x2  Code  Gb  stm32f7xx_it.o [1]
DebugMon_Handler        0x08024331     0x2  Code  Gb  stm32f7xx_it.o [1]
DmaHandle               0x20010d7c    0x50  Data  Gb  audio_codec.o [1]
EXTI15_10_IRQHandler    0x0801ef29     0x2  Code  Gb  main.o [1]
EXTI4_IRQHandler        0x0801eeff    0x2a  Code  Gb  main.o [1]
EXTI9_5_IRQHandler      0x0801ef2b    0x5c  Code  Gb  main.o [1]
EnergySound             0x2001fea0     0x4  Data  Gb  DSP.o [1]
FFT_Update              0x0801eac1    0xac  Code  Lc  main.o [1]
FMC_SDRAM_Init          0x08023339    0x78  Code  Gb  stm32f7xx_ll_fmc.o [1]
FMC_SDRAM_ProgramRefreshRate
                        0x08023485     0xc  Code  Gb  stm32f7xx_ll_fmc.o [1]
FMC_SDRAM_SendCommand   0x0802342f    0x56  Code  Gb  stm32f7xx_ll_fmc.o [1]
FMC_SDRAM_Timing_Init   0x080233b1    0x7e  Code  Gb  stm32f7xx_ll_fmc.o [1]
FacMic                  0x20010014    0x18  Data  Gb  main.o [1]
FactorUpd               0x08020385    0x16  Code  Gb  DSP.o [1]
Filter                  0x2001f74c    0x68  Data  Gb  waverecorder.o [1]
GPIO_INS                0x20010000    0x14  Data  Gb  main.o [1]
GPIO_PIN                0x08020d44     0x8  Data  Gb  stm32746g_discovery.o [1]
HAL_DMA_DeInit          0x0801a0cf   0x3e0  Code  Gb  stm32f7xx_hal_dma.o [1]
HAL_DMA_IRQHandler      0x0801a587   0xa60  Code  Gb  stm32f7xx_hal_dma.o [1]
HAL_DMA_Init            0x0801a061    0x6e  Code  Gb  stm32f7xx_hal_dma.o [1]
HAL_DMA_Start_IT        0x0801a4fd    0x8a  Code  Gb  stm32f7xx_hal_dma.o [1]
HAL_Delay               0x0801e7dd    0x1c  Code  Wk  stm32f7xx_hal.o [1]
HAL_GPIO_Init           0x0801befd   0x1d4  Code  Gb  stm32f7xx_hal_gpio.o [1]
HAL_GPIO_ReadPin        0x0801c0d1     0xe  Code  Gb  stm32f7xx_hal_gpio.o [1]
HAL_GPIO_TogglePin      0x0801c0e7     0x8  Code  Gb  stm32f7xx_hal_gpio.o [1]
HAL_GPIO_WritePin       0x0801c0df     0x8  Code  Gb  stm32f7xx_hal_gpio.o [1]
HAL_GetTick             0x0801e7d5     0x6  Code  Wk  stm32f7xx_hal.o [1]
HAL_I2C_EV_IRQHandler   0x08021c91    0xfe  Code  Gb  stm32f7xx_hal_i2c.o [1]
HAL_I2C_ErrorCallback   0x08021d9b     0x2  Code  Wk  stm32f7xx_hal_i2c.o [1]
HAL_I2C_Init            0x08021a0d    0xa2  Code  Gb  stm32f7xx_hal_i2c.o [1]
HAL_I2C_MasterRxCpltCallback
                        0x08021d91     0x2  Code  Wk  stm32f7xx_hal_i2c.o [1]
HAL_I2C_MasterTxCpltCallback
                        0x08021d8f     0x2  Code  Wk  stm32f7xx_hal_i2c.o [1]
HAL_I2C_Master_Transmit
                        0x08021ab1   0x1d2  Code  Gb  stm32f7xx_hal_i2c.o [1]
HAL_I2C_MemRxCpltCallback
                        0x08021d99     0x2  Code  Wk  stm32f7xx_hal_i2c.o [1]
HAL_I2C_MemTxCpltCallback
                        0x08021d97     0x2  Code  Wk  stm32f7xx_hal_i2c.o [1]
HAL_I2C_MspInit         0x0801ee43    0xbc  Code  Gb  main.o [1]
HAL_I2C_SlaveRxCpltCallback
                        0x08021d95     0x2  Code  Wk  stm32f7xx_hal_i2c.o [1]
HAL_I2C_SlaveTxCpltCallback
                        0x08021d93     0x2  Code  Wk  stm32f7xx_hal_i2c.o [1]
HAL_I2S_Init            0x0801c675    0xfc  Code  Gb  stm32f7xx_hal_i2s.o [1]
HAL_I2S_MspInit         0x0801e4b1   0x264  Code  Gb  audio_codec.o [1]
HAL_I2S_TxCpltCallback  0x0801f143    0x9a  Code  Gb  main.o [1]
HAL_IncTick             0x0801e7cb     0xa  Code  Wk  stm32f7xx_hal.o [1]
HAL_Init                0x0801e781    0x24  Code  Gb  stm32f7xx_hal.o [1]
HAL_InitTick            0x0801e7a7    0x24  Code  Wk  stm32f7xx_hal.o [1]
HAL_MspInit             0x0801e7a5     0x2  Code  Wk  stm32f7xx_hal.o [1]
HAL_NVIC_DisableIRQ     0x0801cfd7    0x12  Code  Gb  stm32f7xx_hal_cortex.o [1]
HAL_NVIC_EnableIRQ      0x0801cfc5    0x12  Code  Gb  stm32f7xx_hal_cortex.o [1]
HAL_NVIC_SetPriority    0x0801cf73    0x52  Code  Gb  stm32f7xx_hal_cortex.o [1]
HAL_NVIC_SetPriorityGrouping
                        0x0801cf59    0x1a  Code  Gb  stm32f7xx_hal_cortex.o [1]
HAL_PCDEx_ActivateLPM   0x080232af    0x26  Code  Gb  stm32f7xx_hal_pcd_ex.o [1]
HAL_PCDEx_LPM_Callback  0x080232d5     0x2  Code  Wk  stm32f7xx_hal_pcd_ex.o [1]
HAL_PCDEx_SetRxFiFo     0x080232a7     0x8  Code  Gb  stm32f7xx_hal_pcd_ex.o [1]
HAL_PCDEx_SetTxFiFo     0x08023265    0x42  Code  Gb  stm32f7xx_hal_pcd_ex.o [1]
HAL_PCD_ConnectCallback
                        0x080222df     0x8  Code  Gb  usbd_conf_f4.o [1]
HAL_PCD_DataInStageCallback
                        0x08022285    0x12  Code  Gb  usbd_conf_f4.o [1]
HAL_PCD_DataOutStageCallback
                        0x08022271    0x14  Code  Gb  usbd_conf_f4.o [1]
HAL_PCD_DisconnectCallback
                        0x080222e7     0x8  Code  Gb  usbd_conf_f4.o [1]
HAL_PCD_EP_Close        0x08022fcb    0x46  Code  Gb  stm32f7xx_hal_pcd.o [1]
HAL_PCD_EP_ClrStall     0x08023137    0x54  Code  Gb  stm32f7xx_hal_pcd.o [1]
HAL_PCD_EP_Flush        0x0802318b    0x38  Code  Gb  stm32f7xx_hal_pcd.o [1]
HAL_PCD_EP_Open         0x08022f6d    0x5e  Code  Gb  stm32f7xx_hal_pcd.o [1]
HAL_PCD_EP_Receive      0x08023011    0x60  Code  Gb  stm32f7xx_hal_pcd.o [1]
HAL_PCD_EP_SetStall     0x080230d1    0x66  Code  Gb  stm32f7xx_hal_pcd.o [1]
HAL_PCD_EP_Transmit     0x08023071    0x60  Code  Gb  stm32f7xx_hal_pcd.o [1]
HAL_PCD_IRQHandler      0x08022b13   0x436  Code  Gb  stm32f7xx_hal_pcd.o [1]
HAL_PCD_ISOINIncompleteCallback
                        0x080222d7     0x8  Code  Gb  usbd_conf_f4.o [1]
HAL_PCD_ISOOUTIncompleteCallback
                        0x080222cf     0x8  Code  Gb  usbd_conf_f4.o [1]
HAL_PCD_Init            0x08022a2b    0xbe  Code  Gb  stm32f7xx_hal_pcd.o [1]
HAL_PCD_MspInit         0x080221ed    0x78  Code  Gb  usbd_conf_f4.o [1]
HAL_PCD_ResetCallback   0x0802229f    0x20  Code  Gb  usbd_conf_f4.o [1]
HAL_PCD_ResumeCallback  0x080222c7     0x8  Code  Gb  usbd_conf_f4.o [1]
HAL_PCD_SOFCallback     0x08022297     0x8  Code  Gb  usbd_conf_f4.o [1]
HAL_PCD_SetAddress      0x08022f49    0x24  Code  Gb  stm32f7xx_hal_pcd.o [1]
HAL_PCD_SetupStageCallback
                        0x08022265     0xc  Code  Gb  usbd_conf_f4.o [1]
HAL_PCD_Start           0x08022ae9    0x2a  Code  Gb  stm32f7xx_hal_pcd.o [1]
HAL_PCD_SuspendCallback
                        0x080222bf     0x8  Code  Gb  usbd_conf_f4.o [1]
HAL_PWREx_EnableOverDrive
                        0x08021999    0x6c  Code  Gb  stm32f7xx_hal_pwr_ex.o [1]
HAL_RCCEx_GetPeriphCLKConfig
                        0x0802089d   0x14c  Code  Gb  stm32f7xx_hal_rcc_ex.o [1]
HAL_RCCEx_PeriphCLKConfig
                        0x0802039d   0x500  Code  Gb  stm32f7xx_hal_rcc_ex.o [1]
HAL_RCC_ClockConfig     0x0801f5ab   0x1e0  Code  Gb  stm32f7xx_hal_rcc.o [1]
HAL_RCC_GetHCLKFreq     0x0801f7cf    0x22  Code  Gb  stm32f7xx_hal_rcc.o [1]
HAL_RCC_GetSysClockFreq
                        0x0801f78b    0x44  Code  Gb  stm32f7xx_hal_rcc.o [1]
HAL_RCC_OscConfig       0x0801f249   0x362  Code  Gb  stm32f7xx_hal_rcc.o [1]
HAL_SDRAM_Init          0x08022995    0x42  Code  Gb  stm32f7xx_hal_sdram.o [1]
HAL_SDRAM_MspInit       0x080229d7     0x2  Code  Wk  stm32f7xx_hal_sdram.o [1]
HAL_SDRAM_ProgramRefreshRate
                        0x08022a09    0x22  Code  Gb  stm32f7xx_hal_sdram.o [1]
HAL_SDRAM_SendCommand   0x080229d9    0x30  Code  Gb  stm32f7xx_hal_sdram.o [1]
HAL_SPI_ErrorCallback   0x0801cadb     0x2  Code  Wk  stm32f7xx_hal_spi.o [1]
HAL_SPI_Init            0x0801c785    0xba  Code  Gb  stm32f7xx_hal_spi.o [1]
HAL_SPI_MspInit         0x0801b6b5   0x414  Code  Gb  waverecorder.o [1]
HAL_SPI_Receive_DMA     0x0801c83f   0x108  Code  Gb  stm32f7xx_hal_spi.o [1]
HAL_SPI_RxCpltCallback  0x0801bb05   0x106  Code  Gb  waverecorder.o [1]
HAL_SPI_RxHalfCpltCallback
                        0x0801cad7     0x2  Code  Wk  stm32f7xx_hal_spi.o [1]
HAL_SPI_TransmitReceive_DMA
                        0x0801c947   0x18e  Code  Gb  stm32f7xx_hal_spi.o [1]
HAL_SPI_TxRxCpltCallback
                        0x0801cad5     0x2  Code  Wk  stm32f7xx_hal_spi.o [1]
HAL_SPI_TxRxHalfCpltCallback
                        0x0801cad9     0x2  Code  Wk  stm32f7xx_hal_spi.o [1]
HAL_SYSTICK_Config      0x0801cfe9    0x22  Code  Gb  stm32f7xx_hal_cortex.o [1]
HAL_UART_ErrorCallback  0x08023ebf     0x2  Code  Wk  stm32f7xx_hal_uart.o [1]
HAL_UART_IRQHandler     0x08023db9   0x102  Code  Gb  stm32f7xx_hal_uart.o [1]
HAL_UART_RxCpltCallback
                        0x08023ebd     0x2  Code  Wk  stm32f7xx_hal_uart.o [1]
HAL_UART_TxCpltCallback
                        0x08023ebb     0x2  Code  Wk  stm32f7xx_hal_uart.o [1]
HEAP$$Base              0x20021ec0           --   Gb  - Linker created -
HEAP$$Limit             0x20023ec0           --   Gb  - Linker created -
HardFault_Handler       0x08024327     0x2  Code  Gb  stm32f7xx_it.o [1]
I2C1_EV_IRQHandler      0x0802435d     0x6  Code  Gb  stm32f7xx_it.o [1]
I2C2_EV_IRQHandler      0x08024363     0x6  Code  Gb  stm32f7xx_it.o [1]
I2C_IsAcknowledgeFailed
                        0x08022159    0x8e  Code  Lc  stm32f7xx_hal_i2c.o [1]
I2C_MasterReceive_ISR   0x08021ebf   0x122  Code  Lc  stm32f7xx_hal_i2c.o [1]
I2C_MasterTransmit_ISR  0x08021d9d   0x122  Code  Lc  stm32f7xx_hal_i2c.o [1]
I2C_SlaveReceive_ISR    0x080220a1    0xac  Code  Lc  stm32f7xx_hal_i2c.o [1]
I2C_SlaveTransmit_ISR   0x08021fe1    0xc0  Code  Lc  stm32f7xx_hal_i2c.o [1]
I2S1_stPosShft          0x20011041     0x1  Data  Gb  waverecorder.o [1]
I2S2_idxTmp             0x20010038     0x2  Data  Gb  main.o [1]
I2S2_stNipple           0x20013056     0x2  Data  Gb  waverecorder.o [1]
I2S2_stPosShft          0x20013054     0x1  Data  Gb  waverecorder.o [1]
IS                      0x2001fb68    0x18  Data  Gb  main.o [1]
ISS                     0x2001faf4    0x14  Data  Gb  main.o [1]
InStream_Read           0x08024035    0x22  Code  Lc  lz77_init.o [7]
IsocInBuffDummy         0x2001f504   0x180  Data  Lc  usbd_audio_in.o [1]
MIC1TO6_Init            0x0801b483    0xd2  Code  Gb  waverecorder.o [1]
MX_I2C2_Init            0x0801f117    0x2c  Code  Gb  main.o [1]
MemManage_Handler       0x08024329     0x2  Code  Gb  stm32f7xx_it.o [1]
NMI_Handler             0x08024325     0x2  Code  Gb  stm32f7xx_it.o [1]
OTG_FS_IRQHandler       0x08024369     0x6  Code  Gb  stm32f7xx_it.o [1]
OutStream_Write         0x08024057    0x40  Code  Lc  lz77_init.o [7]
OutputDev               0x20010e08     0x1  Data  Gb  audio_codec.o [1]
PCD_WriteEmptyTxFifo    0x080231c3    0xa0  Code  Lc  stm32f7xx_hal_pcd.o [1]
PCM_Buffer1             0xc00181e0  0x1000  Data  Gb  audio_application.o [1]
PCM_Buffer2             0xc00191e0  0x1000  Data  Gb  audio_application.o [1]
PDM2PCMSDO78            0x0801bc39   0x24c  Code  Gb  waverecorder.o [1]
PDM_Filter_64_LSB       0x0801c325   0x31e  Code  Gb  pdm_filter.o [5]
PDM_Filter_Init         0x0801c125   0x1fe  Code  Gb  pdm_filter.o [5]
PendSV_Handler          0x08024333     0x2  Code  Gb  stm32f7xx_it.o [1]
Region$$Table$$Base     0x08024464           --   Gb  - Linker created -
Region$$Table$$Limit    0x08024498           --   Gb  - Linker created -
S1                      0x2001fb08    0x18  Data  Gb  main.o [1]
S2                      0x2001fb20    0x18  Data  Gb  main.o [1]
S3                      0x2001fb38    0x18  Data  Gb  main.o [1]
S4                      0x2001fb50    0x18  Data  Gb  main.o [1]
SPI1_IRQHandler         0x0801b031   0x106  Code  Gb  waverecorder.o [1]
SPI1_stNipple           0x20011050     0x2  Data  Gb  waverecorder.o [1]
SPI2_IRQHandler         0x0801b137    0xfa  Code  Gb  waverecorder.o [1]
SPI3_IRQHandler         0x0801e443     0xa  Code  Gb  audio_codec.o [1]
SPI4_IRQHandler         0x0801b231   0x144  Code  Gb  waverecorder.o [1]
SPI4_Init               0x0801b583    0x56  Code  Gb  waverecorder.o [1]
SPI4_stNipple           0x2001505e     0x2  Data  Gb  waverecorder.o [1]
SPI4_stPosShft          0x2001505c     0x1  Data  Gb  waverecorder.o [1]
SPI5_IRQHandler         0x0801b375    0x8a  Code  Gb  waverecorder.o [1]
SPI5_Init               0x0801b5d9    0x8c  Code  Gb  waverecorder.o [1]
SPI6_IRQHandler         0x0801b3ff    0x84  Code  Gb  waverecorder.o [1]
SPI6_Init               0x0801b665    0x4a  Code  Gb  waverecorder.o [1]
SPI_DMAError            0x0801cf31    0x26  Code  Lc  stm32f7xx_hal_spi.o [1]
SPI_DMAHalfReceiveCplt  0x0801cf11     0xe  Code  Lc  stm32f7xx_hal_spi.o [1]
SPI_DMAHalfTransmitReceiveCplt
                        0x0801cf21     0xe  Code  Lc  stm32f7xx_hal_spi.o [1]
SPI_DMAReceiveCplt      0x0801cadd   0x220  Code  Lc  stm32f7xx_hal_spi.o [1]
SPI_DMATransmitReceiveCplt
                        0x0801ccfd   0x214  Code  Lc  stm32f7xx_hal_spi.o [1]
SS1                     0x2001faa4    0x14  Data  Gb  main.o [1]
SS2                     0x2001fab8    0x14  Data  Gb  main.o [1]
SS3                     0x2001facc    0x14  Data  Gb  main.o [1]
SS4                     0x2001fae0    0x14  Data  Gb  main.o [1]
STA321MP_Ini            0x08020d4d   0x47e  Code  Gb  sta321mp.o [1]
STACoefSet              0x08021229   0x2c0  Code  Gb  sta321mp.o [1]
SVC_Handler             0x0802432f     0x2  Code  Gb  stm32f7xx_it.o [1]
Send_Audio_to_USB       0x0801e84f     0xa  Code  Gb  usbd_audio_if.o [1]
StartRecMic7_8          0x0801b555    0x2e  Code  Gb  waverecorder.o [1]
SumDelay                0x0801effd    0xd2  Code  Gb  main.o [1]
SysTick_Handler         0x08024335    0x20  Code  Gb  stm32f7xx_it.o [1]
SystemClock_Config      0x0801eda3    0xa0  Code  Lc  main.o [1]
SystemCoreClock         0x20010f7c     0x4  Data  Gb  system_stm32f7xx.o [1]
SystemInit              0x0802438d    0x3c  Code  Gb  system_stm32f7xx.o [1]
T0                      0x20010a7c   0x100  Data  Gb  pdm_filter.o [5]
T1                      0x20010b7c   0x100  Data  Gb  pdm_filter.o [5]
T2                      0x20010c7c   0x100  Data  Gb  pdm_filter.o [5]
TestSDO12               0x20011054  0x2000  Data  Gb  waverecorder.o [1]
TestSDO34               0x2001305c  0x2000  Data  Gb  waverecorder.o [1]
TestSDO56               0x20015064  0x2000  Data  Gb  waverecorder.o [1]
TestSDO7                0x20017064  0x2000  Data  Gb  waverecorder.o [1]
TestSDO7_1              0x2001b064  0x2000  Data  Gb  waverecorder.o [1]
TestSDO8                0x20019064  0x2000  Data  Gb  waverecorder.o [1]
TestSDO8_1              0x2001d064  0x2000  Data  Gb  waverecorder.o [1]
Timing                  0x20010ed4    0x1c  Data  Lc  stm32746g_discovery_sdram.o [1]
UART_Receive_IT         0x08023fa1    0x94  Code  Lc  stm32f7xx_hal_uart.o [1]
UART_Transmit_IT        0x08023ec1    0xe0  Code  Lc  stm32f7xx_hal_uart.o [1]
USART3_IRQHandler       0x08024357     0x6  Code  Gb  stm32f7xx_it.o [1]
USART6_IRQHandler       0x08024355     0x2  Code  Gb  stm32f7xx_it.o [1]
USBD_AUDIO              0x20010f04    0x38  Data  Gb  usbd_audio_in.o [1]
USBD_AUDIO_CfgDesc      0x2001f488    0x78  Data  Lc  usbd_audio_in.o [1]
USBD_AUDIO_ConfigStrDescriptor
                        0x08024255    0x14  Code  Gb  usbd_desc.o [1]
USBD_AUDIO_DataIn       0x0801f9a3    0xc6  Code  Lc  usbd_audio_in.o [1]
USBD_AUDIO_DataOut      0x0801fab1     0x4  Code  Lc  usbd_audio_in.o [1]
USBD_AUDIO_Data_Transfer
                        0x0801fabf    0xe0  Code  Gb  usbd_audio_in.o [1]
USBD_AUDIO_DeInit       0x0801f885    0x26  Code  Lc  usbd_audio_in.o [1]
USBD_AUDIO_DeviceDescriptor
                        0x080241f9     0x8  Code  Gb  usbd_desc.o [1]
USBD_AUDIO_DeviceQualifierDesc
                        0x20010fa4     0xc  Data  Lc  usbd_audio_in.o [1]
USBD_AUDIO_EP0_RxReady  0x0801fa69    0x38  Code  Lc  usbd_audio_in.o [1]
USBD_AUDIO_EP0_TxReady  0x0801faa1     0x4  Code  Lc  usbd_audio_in.o [1]
USBD_AUDIO_GetCfgDesc   0x0801f999     0xa  Code  Lc  usbd_audio_in.o [1]
USBD_AUDIO_GetDeviceQualifierDesc
                        0x0801fab5     0xa  Code  Lc  usbd_audio_in.o [1]
USBD_AUDIO_Init         0x0801f81d    0x68  Code  Lc  usbd_audio_in.o [1]
USBD_AUDIO_Init_Microphone_Descriptor
                        0x0801fba9   0x4a8  Code  Gb  usbd_audio_in.o [1]
USBD_AUDIO_InterfaceStrDescriptor
                        0x08024269    0x14  Code  Gb  usbd_desc.o [1]
USBD_AUDIO_IsoINIncomplete
                        0x0801faa9     0x4  Code  Lc  usbd_audio_in.o [1]
USBD_AUDIO_IsoOutIncomplete
                        0x0801faad     0x4  Code  Lc  usbd_audio_in.o [1]
USBD_AUDIO_LangIDStrDescriptor
                        0x08024201     0x8  Code  Gb  usbd_desc.o [1]
USBD_AUDIO_ManufacturerStrDescriptor
                        0x08024225    0x14  Code  Gb  usbd_desc.o [1]
USBD_AUDIO_ProductStrDescriptor
                        0x08024209    0x1c  Code  Gb  usbd_desc.o [1]
USBD_AUDIO_RegisterInterface
                        0x0801fb9f     0xa  Code  Gb  usbd_audio_in.o [1]
USBD_AUDIO_SOF          0x0801faa5     0x4  Code  Lc  usbd_audio_in.o [1]
USBD_AUDIO_SerialStrDescriptor
                        0x08024239    0x1c  Code  Gb  usbd_desc.o [1]
USBD_AUDIO_Setup        0x0801f8ab    0xee  Code  Lc  usbd_audio_in.o [1]
USBD_AUDIO_fops         0x20010f3c    0x24  Data  Gb  usbd_audio_if.o [1]
USBD_ClrClassConfig     0x08021755    0x12  Code  Gb  usbd_core.o [1]
USBD_CtlContinueRx      0x08022477    0x14  Code  Gb  usbd_ioreq.o [1]
USBD_CtlContinueSendData
                        0x08022441    0x14  Code  Gb  usbd_ioreq.o [1]
USBD_CtlError           0x080228b1    0x16  Code  Gb  usbd_ctlreq.o [1]
USBD_CtlPrepareRx       0x08022455    0x22  Code  Gb  usbd_ioreq.o [1]
USBD_CtlReceiveStatus   0x080224a5    0x1a  Code  Gb  usbd_ioreq.o [1]
USBD_CtlSendData        0x08022423    0x1e  Code  Gb  usbd_ioreq.o [1]
USBD_CtlSendStatus      0x0802248b    0x1a  Code  Gb  usbd_ioreq.o [1]
USBD_GetDescriptor      0x08022779   0x110  Code  Lc  usbd_ctlreq.o [1]
USBD_GetString          0x080228c9    0x4c  Code  Gb  usbd_ctlreq.o [1]
USBD_Init               0x080216f1    0x30  Code  Gb  usbd_core.o [1]
USBD_LL_ClearStallEP    0x080223bd    0x12  Code  Gb  usbd_conf_f4.o [1]
USBD_LL_CloseEP         0x08022387    0x12  Code  Gb  usbd_conf_f4.o [1]
USBD_LL_DataInStage     0x08021839    0xb2  Code  Gb  usbd_core.o [1]
USBD_LL_DataOutStage    0x080217cb    0x6e  Code  Gb  usbd_core.o [1]
USBD_LL_DevConnected    0x08021977     0x4  Code  Gb  usbd_core.o [1]
USBD_LL_DevDisconnected
                        0x0802197b    0x1c  Code  Gb  usbd_core.o [1]
USBD_LL_FlushEP         0x08022399    0x12  Code  Gb  usbd_conf_f4.o [1]
USBD_LL_Init            0x080222ef    0x60  Code  Gb  usbd_conf_f4.o [1]
USBD_LL_IsStallEP       0x080223cf    0x1e  Code  Gb  usbd_conf_f4.o [1]
USBD_LL_IsoINIncomplete
                        0x0802196f     0x4  Code  Gb  usbd_core.o [1]
USBD_LL_IsoOUTIncomplete
                        0x08021973     0x4  Code  Gb  usbd_core.o [1]
USBD_LL_OpenEP          0x08022373    0x14  Code  Gb  usbd_conf_f4.o [1]
USBD_LL_PrepareReceive  0x08022411    0x12  Code  Gb  usbd_conf_f4.o [1]
USBD_LL_Reset           0x080218eb    0x42  Code  Gb  usbd_core.o [1]
USBD_LL_Resume          0x08021945     0xc  Code  Gb  usbd_core.o [1]
USBD_LL_SOF             0x08021951    0x1e  Code  Gb  usbd_core.o [1]
USBD_LL_SetSpeed        0x0802192d     0x6  Code  Gb  usbd_core.o [1]
USBD_LL_SetUSBAddress   0x080223ed    0x12  Code  Gb  usbd_conf_f4.o [1]
USBD_LL_SetupStage      0x08021767    0x64  Code  Gb  usbd_core.o [1]
USBD_LL_StallEP         0x080223ab    0x12  Code  Gb  usbd_conf_f4.o [1]
USBD_LL_Start           0x08022361    0x12  Code  Gb  usbd_conf_f4.o [1]
USBD_LL_Suspend         0x08021933    0x12  Code  Gb  usbd_core.o [1]
USBD_LL_Transmit        0x080223ff    0x12  Code  Gb  usbd_conf_f4.o [1]
USBD_LangIDDesc         0x20010fb8     0x4  Data  Gb  usbd_desc.o [1]
USBD_ParseSetupRequest  0x08022889    0x28  Code  Gb  usbd_ctlreq.o [1]
USBD_RegisterClass      0x08021721    0x10  Code  Gb  usbd_core.o [1]
USBD_SetClassConfig     0x0802173f    0x16  Code  Gb  usbd_core.o [1]
USBD_Start              0x08021731     0xe  Code  Gb  usbd_core.o [1]
USBD_StdDevReq          0x080224c1   0x15e  Code  Gb  usbd_ctlreq.o [1]
USBD_StdEPReq           0x0802266d   0x10c  Code  Gb  usbd_ctlreq.o [1]
USBD_StdItfReq          0x08022625    0x46  Code  Gb  usbd_ctlreq.o [1]
USBD_StrDesc            0x2001fb80    0xc8  Data  Gb  usbd_desc.o [1]
USB_ActivateEndpoint    0x08023729    0x8c  Code  Gb  stm32f7xx_ll_usb.o [1]
USB_ActivateSetup       0x08023d3f    0x2e  Code  Gb  stm32f7xx_ll_usb.o [1]
USB_CoreInit            0x08023491    0xa0  Code  Gb  stm32f7xx_ll_usb.o [1]
USB_DeactivateEndpoint  0x080237b5    0x68  Code  Gb  stm32f7xx_ll_usb.o [1]
USB_DevConnect          0x08023ca7    0x1c  Code  Gb  stm32f7xx_ll_usb.o [1]
USB_DevDisconnect       0x08023cc3    0x1c  Code  Gb  stm32f7xx_ll_usb.o [1]
USB_DevInit             0x08023579   0x144  Code  Gb  stm32f7xx_ll_usb.o [1]
USB_DisableGlobalInt    0x0802353d     0xc  Code  Gb  stm32f7xx_ll_usb.o [1]
USB_EP0StartXfer        0x08023a45   0x146  Code  Gb  stm32f7xx_ll_usb.o [1]
USB_EP0_OutStart        0x08023d6d    0x30  Code  Gb  stm32f7xx_ll_usb.o [1]
USB_EPClearStall        0x08023c31    0x5a  Code  Gb  stm32f7xx_ll_usb.o [1]
USB_EPSetStall          0x08023bdf    0x52  Code  Gb  stm32f7xx_ll_usb.o [1]
USB_EPStartXfer         0x0802381d   0x228  Code  Gb  stm32f7xx_ll_usb.o [1]
USB_EnableGlobalInt     0x08023531     0xc  Code  Gb  stm32f7xx_ll_usb.o [1]
USB_FlushRxFifo         0x080236db    0x1a  Code  Gb  stm32f7xx_ll_usb.o [1]
USB_FlushTxFifo         0x080236bd    0x1e  Code  Gb  stm32f7xx_ll_usb.o [1]
USB_GetDevSpeed         0x080236f5    0x34  Code  Gb  stm32f7xx_ll_usb.o [1]
USB_GetMode             0x08023d37     0x8  Code  Gb  stm32f7xx_ll_usb.o [1]
USB_ReadDevAllInEpInterrupt
                        0x08023cf5     0xe  Code  Gb  stm32f7xx_ll_usb.o [1]
USB_ReadDevAllOutEpInterrupt
                        0x08023ce7     0xe  Code  Gb  stm32f7xx_ll_usb.o [1]
USB_ReadDevInEPInterrupt
                        0x08023d17    0x20  Code  Gb  stm32f7xx_ll_usb.o [1]
USB_ReadDevOutEPInterrupt
                        0x08023d03    0x14  Code  Gb  stm32f7xx_ll_usb.o [1]
USB_ReadInterrupts      0x08023cdf     0x8  Code  Gb  stm32f7xx_ll_usb.o [1]
USB_ReadPacket          0x08023bc1    0x1e  Code  Gb  stm32f7xx_ll_usb.o [1]
USB_SetCurrentMode      0x08023549    0x2e  Code  Gb  stm32f7xx_ll_usb.o [1]
USB_SetDevAddress       0x08023c8b    0x1c  Code  Gb  stm32f7xx_ll_usb.o [1]
USB_WritePacket         0x08023b8d    0x34  Code  Gb  stm32f7xx_ll_usb.o [1]
UsageFault_Handler      0x0802432d     0x2  Code  Gb  stm32f7xx_it.o [1]
VOL_CUR                 0x2001f500     0x2  Data  Lc  usbd_audio_in.o [1]
Volume                  0x20010e09     0x1  Data  Gb  audio_codec.o [1]
WaveRec_idxSens1        0x2001003a     0x2  Data  Gb  main.o [1]
WaveRec_idxSens2        0x2001003c     0x2  Data  Gb  main.o [1]
WaveRec_idxSens3        0x20010036     0x2  Data  Gb  main.o [1]
WaveRec_idxSens4        0x20010034     0x2  Data  Gb  main.o [1]
WaveRec_idxSens5        0x2001003e     0x2  Data  Gb  main.o [1]
WaveRec_idxSens6        0x20010040     0x2  Data  Gb  main.o [1]
WaveRecord_flgIni       0x2001feb8     0x1  Data  Gb  waverecorder.o [1]
WaveRecord_flgInt       0x20011040     0x1  Data  Gb  waverecorder.o [1]
WaveRecord_flgSDO7Finish
                        0x2001f7b6     0x1  Data  Gb  waverecorder.o [1]
WaveRecord_flgSDO8Finish
                        0x2001f7b7     0x1  Data  Gb  waverecorder.o [1]
WriteCoef               0x080214e9   0x1fa  Code  Gb  sta321mp.o [1]
WriteSTAByte            0x080211cd    0x5a  Code  Gb  sta321mp.o [1]
XferCplt                0x2001feac     0x4  Data  Gb  waveplayer _CS43L22.o [1]
__aeabi_cdcmpeq         0x080200e5          Code  Gb  DblCmpEq.o [6]
__aeabi_cdcmple         0x0801e8e1          Code  Gb  DblCmpLe.o [6]
__aeabi_cdrcmple        0x0801e911          Code  Gb  DblCmpGe.o [6]
__aeabi_cfcmpeq         0x0801d509          Code  Gb  FltCmpEq.o [6]
__aeabi_cfcmple         0x0801d535          Code  Gb  FltCmpLe.o [6]
__aeabi_d2f             0x0801db1d          Code  Gb  DblToFlt.o [6]
__aeabi_d2iz            0x0801d92d          Code  Gb  DblToI32.o [6]
__aeabi_dadd            0x0801d845          Code  Gb  DblAdd.o [6]
__aeabi_ddiv            0x0801d5ed          Code  Gb  DblDiv.o [6]
__aeabi_dmul            0x0801d979          Code  Gb  DblMul.o [6]
__aeabi_dsub            0x0801dffd          Code  Gb  DblSub.o [6]
__aeabi_errno_addr      0x0801e941     0x6  Code  Gb  errno.o [3]
__aeabi_f2d             0x0801d56d          Code  Gb  FltToDbl.o [6]
__aeabi_fmul            0x0801d559    0x12  Code  Gb  FltMul.o [6]
__aeabi_i2d             0x0801d5bd          Code  Gb  I32ToDbl.o [6]
__aeabi_memclr          0x08022915          Code  Gb  ABImemclr.o [7]
__aeabi_ui2d            0x0801d5d1          Code  Gb  I32ToDbl.o [6]
__aeabi_ui2f            0x0801d525     0xe  Code  Gb  U32ToFlt.o [6]
__cmain                 0x08024499          Code  Gb  cmain.o [7]
__data_GetMemChunk      0x08019fe9    0x2c  Code  Gb  xgetmemchunk.o [3]
__exit                  0x0801a015    0x14  Code  Gb  exit.o [8]
__iar_Dint              0x0802006b    0x7a  Code  Gb  xdint.o [6]
__iar_Errno             0x20010fbc     0x4  Data  Gb  errno.o [3]
__iar_Memset_word       0x080232d9          Code  Gb  ABImemset.o [7]
__iar_Quad              0x0801e94d   0x12c  Code  Gb  xquad.o [6]
__iar_Sin               0x0801dbad   0x3b2  Code  Gb  xsin.o [6]
__iar_close_ttio        0x0801a029    0x2e  Code  Gb  iarttio.o [8]
__iar_d2uiz             0x0801d959          Code  Gb  DblToI32.o [6]
__iar_dadd              0x0801d859          Code  Gb  DblAdd.o [6]
__iar_data_init3        0x08024419    0x28  Code  Gb  data_init.o [7]
__iar_dlfree            0x08019ac7   0x510  Code  Gb  dlmalloc.o [3]
__iar_dlib_perthread_access
                        0x08020069     0x2  Code  Gb  xtls.o [3]
__iar_dlmalloc          0x08019811   0x2aa  Code  Gb  dlmalloc.o [3]
__iar_dsub              0x0801e011          Code  Gb  DblSub.o [6]
__iar_dsubStart         0x0801e023          Code  Gb  DblSub.o [6]
__iar_edom              0x0801eab5          Code  Gb  iarEdom.o [7]
__iar_fmod              0x08020105          Code  Gb  fmod.o [6]
__iar_fmodl             0x08020105          Code  Gb  fmod.o [6]
__iar_init_vfp          0x08024441          Code  Gb  fpinit_M.o [6]
__iar_lookup_ttioh      0x0801a059     0x8  Code  Gb  XShttio.o [3]
__iar_lz77_init3        0x08024097   0x162  Code  Gb  lz77_init.o [7]
__iar_program_start     0x080244d9          Code  Gb  cstartup_M.o [7]
__iar_sqrt              0x0801e17d          Code  Gb  sqrt.o [6]
__iar_ttio_handles      0x20010fb0     0x8  Data  Lc  XShttio.o [3]
__iar_ui2d              0x0801d5d5          Code  Gb  I32ToDbl.o [6]
__iar_unaligned___aeabi_memcpy
                        0x0802291d          Code  Gb  ABImemcpy_unaligned.o [7]
__iar_unaligned___aeabi_memcpy4
                        0x0802293d          Code  Gb  ABImemcpy_unaligned.o [7]
__iar_unaligned___aeabi_memcpy8
                        0x0802293d          Code  Gb  ABImemcpy_unaligned.o [7]
__iar_zero_init3        0x080243d9    0x40  Code  Gb  zero_init3.o [7]
__low_level_init        0x080244b3     0x4  Code  Gb  low_level_init.o [3]
__vector_table          0x08000000          Data  Gb  startup_stm32f746xx.o [1]
_call_main              0x080244a5          Code  Gb  cmain.o [7]
_exit                   0x080244bd          Code  Gb  cexit.o [7]
_gm_                    0x2001f8cc   0x1d8  Data  Lc  dlmalloc.o [3]
_main                   0x080244af          Code  Gb  cmain.o [7]
abort                   0x08019fe1     0x6  Code  Gb  abort.o [3]
armBitRevTable          0x080001c8   0x800  Data  Gb  arm_common_tables.o [4]
arm_cfft_radix4_init_f32
                        0x08010a41    0xb0  Code  Gb  arm_cfft_radix4_init_f32.o [4]
arm_rfft_init_f32       0x080089c9    0x72  Code  Gb  arm_rfft_init_f32.o [4]
btnSW1                  0x2001002c     0x1  Data  Gb  main.o [1]
btnSW2                  0x2001002d     0x1  Data  Gb  main.o [1]
bufCoefBiquad           0x20010e18    0x10  Data  Gb  sta321mp.o [1]
bufPCMSens7             0x2001f7c4     0x4  Data  Gb  waverecorder.o [1]
bufPCMSens8             0x2001f7c8     0x4  Data  Gb  waverecorder.o [1]
bufferSum               0x20010054   0x800  Data  Gb  main.o [1]
buffer_switch           0x20010032     0x1  Data  Gb  main.o [1]
cntBtnPress             0x2001002f     0x1  Data  Gb  main.o [1]
cntOS                   0x2001fea8     0x4  Data  Gb  stm32f7xx_it.o [1]
cntPos                  0x2001f7be     0x2  Data  Gb  waverecorder.o [1]
cntPos7                 0x2001f7c0     0x2  Data  Gb  waverecorder.o [1]
cntRisingEXTI           0x2001feb4     0x2  Data  Gb  main.o [1]
cntStrt                 0x2001f7c2     0x2  Data  Gb  waverecorder.o [1]
cntTime200              0x20010050     0x2  Data  Gb  main.o [1]
exit                    0x080244b7     0x4  Code  Gb  exit.o [3]
flg10ms                 0x20010031     0x1  Data  Gb  main.o [1]
flgDlyUpd               0x2001002e     0x1  Data  Gb  main.o [1]
fmod                    0x08020105          Code  Gb  fmod.o [6]
fmodl                   0x08020105          Code  Gb  fmod.o [6]
hUSBDDevice             0x20010854   0x224  Data  Gb  main.o [1]
hUSBDDeviceDesc         0x20010f90    0x14  Data  Gb  usbd_desc.o [1]
haudioInstance          0x2001f424    0x64  Data  Lc  usbd_audio_in.o [1]
hdma_spi5_rx            0x2001fc48    0x50  Data  Gb  waverecorder.o [1]
hdma_spi6_rx            0x2001fc98    0x50  Data  Gb  waverecorder.o [1]
hi2c1                   0x20010dcc    0x3c  Data  Gb  audio_codec.o [1]
hi2c2                   0x2001fe4c    0x3c  Data  Gb  audio_codec.o [1]
hi2s1                   0x20010fc0    0x40  Data  Gb  waverecorder.o [1]
hi2s2                   0x20011000    0x40  Data  Gb  waverecorder.o [1]
hi2s3                   0x2001fe0c    0x40  Data  Gb  waveplayer _CS43L22.o [1]
hpcd                    0x2001f064   0x3c0  Data  Gb  usbd_conf_f4.o [1]
hspi4                   0x2001fd58    0x64  Data  Gb  main.o [1]
hspi5                   0x2001f684    0x64  Data  Gb  waverecorder.o [1]
hspi6                   0x2001f6e8    0x64  Data  Gb  waverecorder.o [1]
huart3                  0x2001fce8    0x70  Data  Gb  main.o [1]
iSDO12                  0x20011052     0x2  Data  Gb  waverecorder.o [1]
iSDO34                  0x20013058     0x2  Data  Gb  waverecorder.o [1]
iSDO56                  0x20015060     0x2  Data  Gb  waverecorder.o [1]
idxFrmPDMMic8           0x2001f7bc     0x2  Data  Gb  waverecorder.o [1]
idxLatency12            0x20010046     0x2  Data  Gb  main.o [1]
idxLatency13            0x20010044     0x2  Data  Gb  main.o [1]
idxLatency14            0x20010048     0x2  Data  Gb  main.o [1]
idxLatency25            0x2001004a     0x2  Data  Gb  main.o [1]
idxLatency63            0x2001004c     0x2  Data  Gb  main.o [1]
idxLatency78            0x2001004e     0x2  Data  Gb  main.o [1]
idxMic7                 0x2001f7ba     0x2  Data  Gb  waverecorder.o [1]
idxMic8                 0x2001f7b8     0x2  Data  Gb  waverecorder.o [1]
idxSPI5DataBuf3         0x20010042     0x2  Data  Gb  main.o [1]
init_mparams            0x08018b0b    0x32  Code  Lc  dlmalloc.o [3]
init_top                0x08018b3d    0x34  Code  Lc  dlmalloc.o [3]
main                    0x0801eb6d   0x236  Code  Gb  main.o [1]
mparams                 0x2001fe88    0x18  Data  Lc  dlmalloc.o [3]
pDataMic7               0x2001f84c    0x80  Data  Gb  waverecorder.o [1]
pDataMic8               0x2001f7cc    0x80  Data  Gb  waverecorder.o [1]
pcSTAComnd              0x20010e28    0x50  Data  Gb  sta321mp.o [1]
pcSTAComnd1             0x20010e78     0x2  Data  Gb  sta321mp.o [1]
pcSTAComnd2             0x20010e7c    0x24  Data  Gb  sta321mp.o [1]
prepend_alloc           0x08018b71   0x36c  Code  Lc  dlmalloc.o [3]
realCoefA               0x08008a40  0x8000  Data  Lc  arm_rfft_init_f32.o [4]
realCoefB               0x08010af0  0x8000  Data  Lc  arm_rfft_init_f32.o [4]
sdramHandle             0x20010ea0    0x34  Data  Lc  stm32746g_discovery_sdram.o [1]
segment_holding         0x08018af1    0x1a  Code  Lc  dlmalloc.o [3]
sqrt                    0x0801e17d          Code  Gb  sqrt.o [6]
sqrtl                   0x0801e17d          Code  Gb  sqrt.o [6]
stFrstFrmStore          0x20010030     0x1  Data  Gb  main.o [1]
stm32_crc               0x20010a78     0x4  Data  Gb  pdm_filter.o [5]
swtBufUSBOut            0x2001feb6     0x1  Data  Gb  audio_application.o [1]
swtSDO7                 0x2001f7b4     0x1  Data  Gb  waverecorder.o [1]
swtSDO8                 0x2001f7b5     0x1  Data  Gb  waverecorder.o [1]
sys_alloc               0x08018edd   0x386  Code  Lc  dlmalloc.o [3]
tmalloc_large           0x08019271   0x390  Code  Lc  dlmalloc.o [3]
tmalloc_small           0x08019601   0x210  Code  Lc  dlmalloc.o [3]
twiddleCoef_4096        0x080009c8  0x8000  Data  Gb  arm_common_tables.o [4]
uwTick                  0x2001fea4     0x4  Data  Lc  stm32f7xx_hal.o [1]
vRawSens1               0x20011044     0x2  Data  Gb  waverecorder.o [1]
vRawSens2               0x20011046     0x2  Data  Gb  waverecorder.o [1]
vRawSens3               0x2001104a     0x2  Data  Gb  waverecorder.o [1]
vRawSens4               0x20011048     0x2  Data  Gb  waverecorder.o [1]
vRawSens5               0x2001104c     0x2  Data  Gb  waverecorder.o [1]
vRawSens6               0x2001104e     0x2  Data  Gb  waverecorder.o [1]
vol_table               0x0801e85c    0x84  Data  Gb  usbd_audio_if.o [1]
volume                  0x20010f02     0x1  Data  Gb  waveplayer _CS43L22.o [1]


[1] = D:\sop1hc\Github\data\Mic_Array_V00\USB_STREAMING\Mic_Array\Projects\STM32746G\Applications\Audio\Mic_Array\EWARM\STM32F7\Obj
[2] = command line
[3] = dl7M_tlf.a
[4] = iar_cortexM7ls_math.a
[5] = libPDMFilter_CM7_IAR.a
[6] = m7M_tls.a
[7] = rt7M_tl.a
[8] = shb_l.a

  81 378 bytes of readonly  code memory
  68 464 bytes of readonly  data memory
  81 593 bytes of readwrite data memory (+ 106 976 absolute)

Errors: none
Warnings: none
