###############################################################################
#
# IAR ELF Linker V7.50.2.10312/W32 for ARM                21/Jan/2016  19:22:47
# Copyright 2007-2015 IAR Systems AB.
#
#    Output file  =  
#        D:\sop1hc\Github\data\Mic_Array_V00\Mic_Array\Projects\STM32746G\Applications\Audio\Mic_Array\EWARM\STM32F7\Exe\Project.out
#    Map file     =  
#        D:\sop1hc\Github\data\Mic_Array_V00\Mic_Array\Projects\STM32746G\Applications\Audio\Mic_Array\EWARM\STM32F7\List\Project.map
#    Command line =  
#        D:\sop1hc\Github\data\Mic_Array_V00\Mic_Array\Projects\STM32746G\Applications\Audio\Mic_Array\EWARM\STM32F7\Obj\audio_codec.o
#        D:\sop1hc\Github\data\Mic_Array_V00\Mic_Array\Projects\STM32746G\Applications\Audio\Mic_Array\EWARM\STM32F7\Obj\DSP.o
#        D:\sop1hc\Github\data\Mic_Array_V00\Mic_Array\Projects\STM32746G\Applications\Audio\Mic_Array\EWARM\STM32F7\Obj\ff.o
#        D:\sop1hc\Github\data\Mic_Array_V00\Mic_Array\Projects\STM32746G\Applications\Audio\Mic_Array\EWARM\STM32F7\Obj\ft5336.o
#        D:\sop1hc\Github\data\Mic_Array_V00\Mic_Array\Middlewares\ST\STM32_Audio\Addons\PDM\libPDMFilter_CM7_IAR.a
#        D:\sop1hc\Github\data\Mic_Array_V00\Mic_Array\Projects\STM32746G\Applications\Audio\Mic_Array\EWARM\STM32F7\Obj\main.o
#        D:\sop1hc\Github\data\Mic_Array_V00\Mic_Array\Projects\STM32746G\Applications\Audio\Mic_Array\EWARM\STM32F7\Obj\sta321mp.o
#        D:\sop1hc\Github\data\Mic_Array_V00\Mic_Array\Projects\STM32746G\Applications\Audio\Mic_Array\EWARM\STM32F7\Obj\startup_stm32f746xx.o
#        D:\sop1hc\Github\data\Mic_Array_V00\Mic_Array\Projects\STM32746G\Applications\Audio\Mic_Array\EWARM\STM32F7\Obj\stm32746g_discovery.o
#        D:\sop1hc\Github\data\Mic_Array_V00\Mic_Array\Projects\STM32746G\Applications\Audio\Mic_Array\EWARM\STM32F7\Obj\stm32746g_discovery_lcd.o
#        D:\sop1hc\Github\data\Mic_Array_V00\Mic_Array\Projects\STM32746G\Applications\Audio\Mic_Array\EWARM\STM32F7\Obj\stm32746g_discovery_sdram.o
#        D:\sop1hc\Github\data\Mic_Array_V00\Mic_Array\Projects\STM32746G\Applications\Audio\Mic_Array\EWARM\STM32F7\Obj\stm32746g_discovery_ts.o
#        D:\sop1hc\Github\data\Mic_Array_V00\Mic_Array\Projects\STM32746G\Applications\Audio\Mic_Array\EWARM\STM32F7\Obj\stm32f7xx_hal.o
#        D:\sop1hc\Github\data\Mic_Array_V00\Mic_Array\Projects\STM32746G\Applications\Audio\Mic_Array\EWARM\STM32F7\Obj\stm32f7xx_hal_cortex.o
#        D:\sop1hc\Github\data\Mic_Array_V00\Mic_Array\Projects\STM32746G\Applications\Audio\Mic_Array\EWARM\STM32F7\Obj\stm32f7xx_hal_dma.o
#        D:\sop1hc\Github\data\Mic_Array_V00\Mic_Array\Projects\STM32746G\Applications\Audio\Mic_Array\EWARM\STM32F7\Obj\stm32f7xx_hal_dma2d.o
#        D:\sop1hc\Github\data\Mic_Array_V00\Mic_Array\Projects\STM32746G\Applications\Audio\Mic_Array\EWARM\STM32F7\Obj\stm32f7xx_hal_dma_ex.o
#        D:\sop1hc\Github\data\Mic_Array_V00\Mic_Array\Projects\STM32746G\Applications\Audio\Mic_Array\EWARM\STM32F7\Obj\stm32f7xx_hal_flash.o
#        D:\sop1hc\Github\data\Mic_Array_V00\Mic_Array\Projects\STM32746G\Applications\Audio\Mic_Array\EWARM\STM32F7\Obj\stm32f7xx_hal_flash_ex.o
#        D:\sop1hc\Github\data\Mic_Array_V00\Mic_Array\Projects\STM32746G\Applications\Audio\Mic_Array\EWARM\STM32F7\Obj\stm32f7xx_hal_gpio.o
#        D:\sop1hc\Github\data\Mic_Array_V00\Mic_Array\Projects\STM32746G\Applications\Audio\Mic_Array\EWARM\STM32F7\Obj\stm32f7xx_hal_hcd.o
#        D:\sop1hc\Github\data\Mic_Array_V00\Mic_Array\Projects\STM32746G\Applications\Audio\Mic_Array\EWARM\STM32F7\Obj\stm32f7xx_hal_i2c.o
#        D:\sop1hc\Github\data\Mic_Array_V00\Mic_Array\Projects\STM32746G\Applications\Audio\Mic_Array\EWARM\STM32F7\Obj\stm32f7xx_hal_i2c_ex.o
#        D:\sop1hc\Github\data\Mic_Array_V00\Mic_Array\Projects\STM32746G\Applications\Audio\Mic_Array\EWARM\STM32F7\Obj\stm32f7xx_hal_i2s.o
#        D:\sop1hc\Github\data\Mic_Array_V00\Mic_Array\Projects\STM32746G\Applications\Audio\Mic_Array\EWARM\STM32F7\Obj\stm32f7xx_hal_ltdc.o
#        D:\sop1hc\Github\data\Mic_Array_V00\Mic_Array\Projects\STM32746G\Applications\Audio\Mic_Array\EWARM\STM32F7\Obj\stm32f7xx_hal_pwr.o
#        D:\sop1hc\Github\data\Mic_Array_V00\Mic_Array\Projects\STM32746G\Applications\Audio\Mic_Array\EWARM\STM32F7\Obj\stm32f7xx_hal_pwr_ex.o
#        D:\sop1hc\Github\data\Mic_Array_V00\Mic_Array\Projects\STM32746G\Applications\Audio\Mic_Array\EWARM\STM32F7\Obj\stm32f7xx_hal_rcc.o
#        D:\sop1hc\Github\data\Mic_Array_V00\Mic_Array\Projects\STM32746G\Applications\Audio\Mic_Array\EWARM\STM32F7\Obj\stm32f7xx_hal_rcc_ex.o
#        D:\sop1hc\Github\data\Mic_Array_V00\Mic_Array\Projects\STM32746G\Applications\Audio\Mic_Array\EWARM\STM32F7\Obj\stm32f7xx_hal_sai.o
#        D:\sop1hc\Github\data\Mic_Array_V00\Mic_Array\Projects\STM32746G\Applications\Audio\Mic_Array\EWARM\STM32F7\Obj\stm32f7xx_hal_sai_ex.o
#        D:\sop1hc\Github\data\Mic_Array_V00\Mic_Array\Projects\STM32746G\Applications\Audio\Mic_Array\EWARM\STM32F7\Obj\stm32f7xx_hal_sdram.o
#        D:\sop1hc\Github\data\Mic_Array_V00\Mic_Array\Projects\STM32746G\Applications\Audio\Mic_Array\EWARM\STM32F7\Obj\stm32f7xx_hal_spi.o
#        D:\sop1hc\Github\data\Mic_Array_V00\Mic_Array\Projects\STM32746G\Applications\Audio\Mic_Array\EWARM\STM32F7\Obj\stm32f7xx_hal_sram.o
#        D:\sop1hc\Github\data\Mic_Array_V00\Mic_Array\Projects\STM32746G\Applications\Audio\Mic_Array\EWARM\STM32F7\Obj\stm32f7xx_hal_tim.o
#        D:\sop1hc\Github\data\Mic_Array_V00\Mic_Array\Projects\STM32746G\Applications\Audio\Mic_Array\EWARM\STM32F7\Obj\stm32f7xx_hal_tim_ex.o
#        D:\sop1hc\Github\data\Mic_Array_V00\Mic_Array\Projects\STM32746G\Applications\Audio\Mic_Array\EWARM\STM32F7\Obj\stm32f7xx_hal_uart.o
#        D:\sop1hc\Github\data\Mic_Array_V00\Mic_Array\Projects\STM32746G\Applications\Audio\Mic_Array\EWARM\STM32F7\Obj\stm32f7xx_it.o
#        D:\sop1hc\Github\data\Mic_Array_V00\Mic_Array\Projects\STM32746G\Applications\Audio\Mic_Array\EWARM\STM32F7\Obj\stm32f7xx_ll_fmc.o
#        D:\sop1hc\Github\data\Mic_Array_V00\Mic_Array\Projects\STM32746G\Applications\Audio\Mic_Array\EWARM\STM32F7\Obj\stm32f7xx_ll_usb.o
#        D:\sop1hc\Github\data\Mic_Array_V00\Mic_Array\Projects\STM32746G\Applications\Audio\Mic_Array\EWARM\STM32F7\Obj\system_stm32f7xx.o
#        D:\sop1hc\Github\data\Mic_Array_V00\Mic_Array\Projects\STM32746G\Applications\Audio\Mic_Array\EWARM\STM32F7\Obj\usbh_conf.o
#        D:\sop1hc\Github\data\Mic_Array_V00\Mic_Array\Projects\STM32746G\Applications\Audio\Mic_Array\EWARM\STM32F7\Obj\usbh_core.o
#        D:\sop1hc\Github\data\Mic_Array_V00\Mic_Array\Projects\STM32746G\Applications\Audio\Mic_Array\EWARM\STM32F7\Obj\usbh_ctlreq.o
#        D:\sop1hc\Github\data\Mic_Array_V00\Mic_Array\Projects\STM32746G\Applications\Audio\Mic_Array\EWARM\STM32F7\Obj\usbh_diskio.o
#        D:\sop1hc\Github\data\Mic_Array_V00\Mic_Array\Projects\STM32746G\Applications\Audio\Mic_Array\EWARM\STM32F7\Obj\usbh_ioreq.o
#        D:\sop1hc\Github\data\Mic_Array_V00\Mic_Array\Projects\STM32746G\Applications\Audio\Mic_Array\EWARM\STM32F7\Obj\usbh_msc.o
#        D:\sop1hc\Github\data\Mic_Array_V00\Mic_Array\Projects\STM32746G\Applications\Audio\Mic_Array\EWARM\STM32F7\Obj\usbh_msc_bot.o
#        D:\sop1hc\Github\data\Mic_Array_V00\Mic_Array\Projects\STM32746G\Applications\Audio\Mic_Array\EWARM\STM32F7\Obj\usbh_msc_scsi.o
#        D:\sop1hc\Github\data\Mic_Array_V00\Mic_Array\Projects\STM32746G\Applications\Audio\Mic_Array\EWARM\STM32F7\Obj\usbh_pipes.o
#        "D:\sop1hc\Github\data\Mic_Array_V00\Mic_Array\Projects\STM32746G\Applications\Audio\Mic_Array\EWARM\STM32F7\Obj\waveplayer
#        _CS43L22.o"
#        D:\sop1hc\Github\data\Mic_Array_V00\Mic_Array\Projects\STM32746G\Applications\Audio\Mic_Array\EWARM\STM32F7\Obj\waverecorder.o
#        --redirect _Printf=_PrintfSmall --redirect _Scanf=_ScanfSmall -o
#        D:\sop1hc\Github\data\Mic_Array_V00\Mic_Array\Projects\STM32746G\Applications\Audio\Mic_Array\EWARM\STM32F7\Exe\Project.out
#        --map
#        D:\sop1hc\Github\data\Mic_Array_V00\Mic_Array\Projects\STM32746G\Applications\Audio\Mic_Array\EWARM\STM32F7\List\Project.map
#        --config "D:\Program Files (x86)\IAR Systems\Embedded Workbench
#        7.3\arm\config\linker\ST\stm32f746xG.icf" --semihosting --entry
#        __iar_program_start --no_exceptions "D:\Program Files (x86)\IAR
#        Systems\Embedded Workbench
#        7.3\arm\CMSIS\Lib\IAR\iar_cortexM7ls_math.a" --vfe
#
###############################################################################

*******************************************************************************
*** RUNTIME MODEL ATTRIBUTES
***

CppFlavor                     = *
__Heap_Handler                = DLMalloc
__SystemLibrary               = DLib
__dlib_dynamic_initialization = normal


*******************************************************************************
*** PLACEMENT SUMMARY
***

"A1":  place at 0x08000000 { ro section .intvec };
"P1":  place in [from 0x00000000 to 0x00000000] |
                [from 0x08000000 to 0x080fffff] { ro };
"P3":  place in [from 0x20000000 to 0x2000ffff] |
                [from 0x20010000 to 0x2004ffff] { rw, block CSTACK, block HEAP };

  Section             Kind        Address     Size  Object
  -------             ----        -------     ----  ------
"A1":                                        0x1c8
  .intvec             ro code  0x08000000    0x1c8  startup_stm32f746xx.o [1]
                             - 0x080001c8    0x1c8

"P1":                                      0x2018b
  .rodata             const    0x080001c8   0x8800  arm_common_tables.o [4]
  .text               ro code  0x080089c8   0x8078  arm_rfft_init_f32.o [4]
  .text               ro code  0x08010a40     0xb0  arm_cfft_radix4_init_f32.o [4]
  .rodata             const    0x08010af0   0x8000  arm_rfft_init_f32.o [4]
  .text               ro code  0x08018af0   0x14f0  dlmalloc.o [3]
  .text               ro code  0x08019fe0      0x6  abort.o [3]
  .text               ro code  0x08019fe8     0x2c  xgetmemchunk.o [3]
  .text               ro code  0x0801a014     0x14  exit.o [8]
  .text               ro code  0x0801a028     0x6c  iarttio.o [8]
  .text               ro code  0x0801a094      0x8  XShttio.o [3]
  .text               ro code  0x0801a09c    0xf58  stm32f7xx_hal_dma.o [1]
  .text               ro code  0x0801aff4    0x878  main.o [1]
  .text               ro code  0x0801b86c    0x218  stm32f7xx_hal_gpio.o [1]
  .text               ro code  0x0801ba84     0xba  DSP.o [1]
  .text               ro code  0x0801bb40     0x78  stm32f7xx_hal.o [1]
  .text               ro code  0x0801bbb8     0x6c  waveplayer _CS43L22.o [1]
  .text               ro code  0x0801bc24     0xc4  stm32746g_discovery.o [1]
  .text               ro code  0x0801bce8     0xd0  stm32f7xx_hal_cortex.o [1]
  .text               ro code  0x0801bdb8    0x448  audio_codec.o [1]
  .text               ro code  0x0801c200    0x580  sta321mp.o [1]
  .text               ro code  0x0801c780    0x37e  waverecorder.o [1]
  .text               ro code  0x0801cb00     0xb8  stm32f7xx_hal_spi.o [1]
  .text               ro code  0x0801cbb8    0x838  stm32f7xx_hal_i2c.o [1]
  .text               ro code  0x0801d3f0    0x528  stm32f7xx_hal_rcc.o [1]
  .text               ro code  0x0801d918     0x74  stm32f7xx_hal_pwr_ex.o [1]
  .text               ro code  0x0801d98c    0x464  stm32f7xx_hal_rcc_ex.o [1]
  .text               ro code  0x0801ddf0    0x220  stm32f7xx_hal_i2s.o [1]
  .text               ro code  0x0801e010     0x6e  stm32f7xx_hal_i2c_ex.o [1]
  .text               ro code  0x0801e080    0x32c  pdm_filter.o [5]
  .text               ro code  0x0801e3ac    0x7c4  xprintfsmall.o [3]
  .text               ro code  0x0801eb70     0x20  xmbtowc.o [3]
  .text               ro code  0x0801eb90     0x16  strchr.o [7]
  .text               ro code  0x0801eba8     0x36  strlen.o [7]
  .text               ro code  0x0801ebe0     0x58  memchr.o [7]
  .text               ro code  0x0801ec38      0xa  xmbcurmax.o [3]
  .text               ro code  0x0801ec42     0x1a  xwctomb.o [3]
  .text               ro code  0x0801ec5c     0x76  ABImemcpy_unaligned.o [7]
  .text               ro code  0x0801ecd4     0x14  setlocale.o [3]
  .text               ro code  0x0801ece8     0x60  xencoding_sb.o [3]
  .text               ro code  0x0801ed48      0x2  xtls.o [3]
  .text               ro code  0x0801ed4c    0x57a  stm32f7xx_hal_hcd.o [1]
  .text               ro code  0x0801f2c8    0x1c6  stm32f7xx_ll_usb.o [1]
  .text               ro code  0x0801f490     0x36  usbh_conf.o [1]
  .text               ro code  0x0801f4c8     0xac  usbh_core.o [1]
  .text               ro code  0x0801f574     0x24  printf.o [3]
  .text               ro code  0x0801f598     0x18  usbh_pipes.o [1]
  .text               ro code  0x0801f5b0    0x1c4  lz77_init.o [7]
  .text               ro code  0x0801f774     0xe0  XShHandles.o [3]
  .text               ro code  0x0801f854     0xd6  xfspos.o [3]
  .text               ro code  0x0801f92c     0xb0  fflush.o [3]
  .text               ro code  0x0801f9dc      0xa  xfgpos.o [3]
  .text               ro code  0x0801f9e6     0x4c  lseek.o [8]
  .text               ro code  0x0801fa34      0xc  errno.o [3]
  .text               ro code  0x0801fa40      0x4  xsyslock_nop.o [3]
  .text               ro code  0x0801fa44     0x10  write.o [8]
  .text               ro code  0x0801fa54     0x1e  dwrite.o [8]
  .text               ro code  0x0801fa72     0x20  iarwstd.o [8]
  .text               ro code  0x0801fa92     0x22  iarwrite.o [8]
  .text               ro code  0x0801fab4     0xb6  xfwprep.o [3]
  .text               ro code  0x0801fb6a     0x22  fseek.o [3]
  .text               ro code  0x0801fb8c     0x7c  xfofind.o [3]
  .text               ro code  0x0801fc08     0x7a  fclose.o [3]
  .text               ro code  0x0801fc82     0x1a  close.o [8]
  .text               ro code  0x0801fc9c     0x16  remove.o [8]
  .text               ro code  0x0801fcb4     0x60  stm32f7xx_it.o [1]
  .text               ro code  0x0801fd14     0x58  xcloseall.o [3]
  .text               ro code  0x0801fd6c     0x56  fputc.o [3]
  .text               ro code  0x0801fdc4     0x50  system_stm32f7xx.o [1]
  .text               ro code  0x0801fe14     0x40  zero_init3.o [7]
  .text               ro code  0x0801fe54     0x28  data_init.o [7]
  .text               ro code  0x0801fe7c     0x22  fpinit_M.o [6]
  .iar.init_table     const    0x0801fea0     0x2c  - Linker created -
  .text               ro code  0x0801fecc     0x1a  cmain.o [7]
  .text               ro code  0x0801fee6      0x4  low_level_init.o [3]
  .text               ro code  0x0801feea      0x4  exit.o [3]
  .text               ro code  0x0801fef0      0xe  cexit.o [7]
  .text               ro code  0x0801fefe     0x16  xprout.o [3]
  .text               ro code  0x0801ff14      0xc  putchar.o [3]
  .text               ro code  0x0801ff20     0x10  startup_stm32f746xx.o [1]
  .text               ro code  0x0801ff30      0xc  cstartup_M.o [7]
  .text               ro code  0x0801ff3c      0x4  startup_stm32f746xx.o [1]
  .text               ro code  0x0801ff40      0x4  startup_stm32f746xx.o [1]
  .text               ro code  0x0801ff44      0x4  startup_stm32f746xx.o [1]
  .text               ro code  0x0801ff48      0x4  startup_stm32f746xx.o [1]
  .text               ro code  0x0801ff4c      0x4  startup_stm32f746xx.o [1]
  .text               ro code  0x0801ff50      0x4  startup_stm32f746xx.o [1]
  .text               ro code  0x0801ff54      0x4  startup_stm32f746xx.o [1]
  .text               ro code  0x0801ff58      0x4  startup_stm32f746xx.o [1]
  .text               ro code  0x0801ff5c      0x4  startup_stm32f746xx.o [1]
  .text               ro code  0x0801ff60      0x4  startup_stm32f746xx.o [1]
  .text               ro code  0x0801ff64      0x4  startup_stm32f746xx.o [1]
  .text               ro code  0x0801ff68      0x4  startup_stm32f746xx.o [1]
  .text               ro code  0x0801ff6c      0x4  startup_stm32f746xx.o [1]
  .text               ro code  0x0801ff70      0x4  startup_stm32f746xx.o [1]
  .text               ro code  0x0801ff74      0x4  startup_stm32f746xx.o [1]
  .text               ro code  0x0801ff78      0x4  startup_stm32f746xx.o [1]
  .text               ro code  0x0801ff7c      0x4  startup_stm32f746xx.o [1]
  .text               ro code  0x0801ff80      0x4  startup_stm32f746xx.o [1]
  .text               ro code  0x0801ff84      0x4  startup_stm32f746xx.o [1]
  .text               ro code  0x0801ff88      0x4  startup_stm32f746xx.o [1]
  .text               ro code  0x0801ff8c      0x4  startup_stm32f746xx.o [1]
  .text               ro code  0x0801ff90      0x4  startup_stm32f746xx.o [1]
  .text               ro code  0x0801ff94      0x4  startup_stm32f746xx.o [1]
  .text               ro code  0x0801ff98      0x4  startup_stm32f746xx.o [1]
  .text               ro code  0x0801ff9c      0x4  startup_stm32f746xx.o [1]
  .text               ro code  0x0801ffa0      0x4  startup_stm32f746xx.o [1]
  .text               ro code  0x0801ffa4      0x4  startup_stm32f746xx.o [1]
  .text               ro code  0x0801ffa8      0x4  startup_stm32f746xx.o [1]
  .text               ro code  0x0801ffac      0x4  startup_stm32f746xx.o [1]
  .text               ro code  0x0801ffb0      0x4  startup_stm32f746xx.o [1]
  .text               ro code  0x0801ffb4      0x4  startup_stm32f746xx.o [1]
  .text               ro code  0x0801ffb8      0x4  startup_stm32f746xx.o [1]
  .text               ro code  0x0801ffbc      0x4  startup_stm32f746xx.o [1]
  .text               ro code  0x0801ffc0      0x4  startup_stm32f746xx.o [1]
  .text               ro code  0x0801ffc4      0x4  startup_stm32f746xx.o [1]
  .text               ro code  0x0801ffc8      0x4  startup_stm32f746xx.o [1]
  .text               ro code  0x0801ffcc      0x4  startup_stm32f746xx.o [1]
  .text               ro code  0x0801ffd0      0x4  startup_stm32f746xx.o [1]
  .text               ro code  0x0801ffd4      0x4  startup_stm32f746xx.o [1]
  .text               ro code  0x0801ffd8      0x4  startup_stm32f746xx.o [1]
  .text               ro code  0x0801ffdc      0x4  startup_stm32f746xx.o [1]
  .text               ro code  0x0801ffe0      0x4  startup_stm32f746xx.o [1]
  .text               ro code  0x0801ffe4      0x4  startup_stm32f746xx.o [1]
  .text               ro code  0x0801ffe8      0x4  startup_stm32f746xx.o [1]
  .text               ro code  0x0801ffec      0x4  startup_stm32f746xx.o [1]
  .text               ro code  0x0801fff0      0x4  startup_stm32f746xx.o [1]
  .text               ro code  0x0801fff4      0x4  startup_stm32f746xx.o [1]
  .text               ro code  0x0801fff8      0x4  startup_stm32f746xx.o [1]
  .text               ro code  0x0801fffc      0x4  startup_stm32f746xx.o [1]
  .text               ro code  0x08020000      0x4  startup_stm32f746xx.o [1]
  .text               ro code  0x08020004      0x4  startup_stm32f746xx.o [1]
  .text               ro code  0x08020008      0x4  startup_stm32f746xx.o [1]
  .text               ro code  0x0802000c      0x4  startup_stm32f746xx.o [1]
  .text               ro code  0x08020010      0x4  startup_stm32f746xx.o [1]
  .text               ro code  0x08020014      0x4  startup_stm32f746xx.o [1]
  .text               ro code  0x08020018      0x4  startup_stm32f746xx.o [1]
  .text               ro code  0x0802001c      0x4  startup_stm32f746xx.o [1]
  .text               ro code  0x08020020      0x4  startup_stm32f746xx.o [1]
  .text               ro code  0x08020024      0x4  startup_stm32f746xx.o [1]
  .text               ro code  0x08020028      0x4  startup_stm32f746xx.o [1]
  .text               ro code  0x0802002c      0x4  startup_stm32f746xx.o [1]
  .text               ro code  0x08020030      0x4  startup_stm32f746xx.o [1]
  .text               ro code  0x08020034      0x4  startup_stm32f746xx.o [1]
  .text               ro code  0x08020038      0x4  startup_stm32f746xx.o [1]
  .text               ro code  0x0802003c      0x4  startup_stm32f746xx.o [1]
  .text               ro code  0x08020040      0x4  startup_stm32f746xx.o [1]
  .text               ro code  0x08020044      0x4  startup_stm32f746xx.o [1]
  .text               ro code  0x08020048      0x4  startup_stm32f746xx.o [1]
  .text               ro code  0x0802004c      0x4  startup_stm32f746xx.o [1]
  .text               ro code  0x08020050      0x4  startup_stm32f746xx.o [1]
  .text               ro code  0x08020054      0x4  startup_stm32f746xx.o [1]
  .text               ro code  0x08020058      0x4  startup_stm32f746xx.o [1]
  .text               ro code  0x0802005c      0x4  startup_stm32f746xx.o [1]
  .text               ro code  0x08020060      0x4  startup_stm32f746xx.o [1]
  .text               ro code  0x08020064      0x4  startup_stm32f746xx.o [1]
  .text               ro code  0x08020068      0x4  startup_stm32f746xx.o [1]
  .text               ro code  0x0802006c      0x4  startup_stm32f746xx.o [1]
  .text               ro code  0x08020070      0x4  startup_stm32f746xx.o [1]
  .text               ro code  0x08020074      0x4  startup_stm32f746xx.o [1]
  .text               ro code  0x08020078      0x4  startup_stm32f746xx.o [1]
  .text               ro code  0x0802007c      0x0  cstart_closeall.o [7]
  .rodata             const    0x0802007c      0x0  zero_init3.o [7]
  .rodata             const    0x0802007c      0x0  lz77_init.o [7]
  Initializer bytes   const    0x0802007c    0x2d7  <for P3 s0>
                             - 0x08020353  0x2018b

"P3", part 1 of 3:                           0x547
  P3 s0                        0x20000000    0x547  <Init block>
    .data             inited   0x20000000    0x304  pdm_filter.o [5]
    .data             inited   0x20000304     0x78  sta321mp.o [1]
    __DLIB_PERTHREAD  inited   0x2000037c     0x74  setlocale.o [3]
    .data             inited   0x200003f0     0x54  main.o [1]
    .data             inited   0x20000444     0x40  xfiles.o [3]
    .data             inited   0x20000484     0x40  xfiles.o [3]
    .data             inited   0x200004c4     0x40  xfiles.o [3]
    .data             inited   0x20000504     0x20  xfiles.o [3]
    .data             inited   0x20000524     0x14  system_stm32f7xx.o [1]
    .data             inited   0x20000538      0x8  XShttio.o [3]
    __DLIB_PERTHREAD  inited   0x20000540      0x4  errno.o [3]
    .data             inited   0x20000544      0x2  audio_codec.o [1]
    .data             inited   0x20000546      0x1  waveplayer _CS43L22.o [1]
                             - 0x20000547    0x547

"P3", part 2 of 3:                          0xa454
  .bss                zero     0x20000548   0x9168  waverecorder.o [1]
  .bss                zero     0x200096b0    0x800  main.o [1]
  .bss                zero     0x20009eb0    0x294  usbh_conf.o [1]
  .bss                zero     0x2000a144    0x1d8  dlmalloc.o [3]
  .bss                zero     0x2000a31c     0xdc  main.o [1]
  .bss                zero     0x2000a3f8     0x88  waverecorder.o [1]
  .bss                zero     0x2000a480     0x88  waverecorder.o [1]
  .bss                zero     0x2000a508     0x80  XShHandles.o [3]
  .bss                zero     0x2000a588     0x68  waverecorder.o [1]
  .bss                zero     0x2000a5f0     0x64  main.o [1]
  .bss                zero     0x2000a654     0x64  waverecorder.o [1]
  .bss                zero     0x2000a6b8     0x64  waverecorder.o [1]
  .bss                zero     0x2000a71c     0x54  waverecorder.o [1]
  .bss                zero     0x2000a770     0x50  audio_codec.o [1]
  .bss                zero     0x2000a7c0     0x50  xfiles.o [3]
  .bss                zero     0x2000a810     0x50  xfiles.o [3]
  .bss                zero     0x2000a860     0x40  waveplayer _CS43L22.o [1]
  .bss                zero     0x2000a8a0     0x40  waverecorder.o [1]
  .bss                zero     0x2000a8e0     0x3c  audio_codec.o [1]
  .bss                zero     0x2000a91c     0x3c  audio_codec.o [1]
  .bss                zero     0x2000a958     0x18  dlmalloc.o [3]
  .bss                zero     0x2000a970     0x10  sta321mp.o [1]
  .bss                zero     0x2000a980      0x4  DSP.o [1]
  .bss                zero     0x2000a984      0x4  main.o [1]
  .bss                zero     0x2000a988      0x4  stm32f7xx_hal.o [1]
  .bss                zero     0x2000a98c      0x4  stm32f7xx_it.o [1]
  .bss                zero     0x2000a990      0x4  waveplayer _CS43L22.o [1]
  .bss                zero     0x2000a994      0x4  xgetmemchunk.o [3]
  .bss                zero     0x2000a998      0x2  main.o [1]
                             - 0x2000a99a   0xa452

"P3", part 3 of 3:                          0x4000
  CSTACK                       0x2000a9a0   0x2000  <Block>
    CSTACK            uninit   0x2000a9a0   0x2000  <Block tail>
  HEAP                         0x2000c9a0   0x2000  <Block>
    HEAP              uninit   0x2000c9a0   0x2000  <Block tail>
                             - 0x2000e9a0   0x4000


*******************************************************************************
*** INIT TABLE
***

          Address     Size
          -------     ----
Zero (__iar_zero_init3)
    1 destination range, total size 0xa452:
          0x20000548  0xa452

Copy/lz77 (__iar_lz77_init3)
    1 source range, total size 0x2d7 (53% of destination):
          0x0802007c   0x2d7
    1 destination range, total size 0x547:
          0x20000000   0x547



*******************************************************************************
*** MODULE SUMMARY
***

    Module                      ro code  ro data  rw data
    ------                      -------  -------  -------
D:\sop1hc\Github\data\Mic_Array_V00\Mic_Array\Projects\STM32746G\Applications\Audio\Mic_Array\EWARM\STM32F7\Obj: [1]
    DSP.o                           186                 4
    audio_codec.o                 1 096        1      202
    main.o                        2 168       45    2 458
    sta321mp.o                    1 408       65      136
    startup_stm32f746xx.o           792
    stm32746g_discovery.o           196
    stm32f7xx_hal.o                 120                 4
    stm32f7xx_hal_cortex.o          208
    stm32f7xx_hal_dma.o           3 928
    stm32f7xx_hal_gpio.o            536
    stm32f7xx_hal_hcd.o           1 402
    stm32f7xx_hal_i2c.o           2 104
    stm32f7xx_hal_i2c_ex.o          110
    stm32f7xx_hal_i2s.o             544
    stm32f7xx_hal_pwr_ex.o          116
    stm32f7xx_hal_rcc.o           1 320
    stm32f7xx_hal_rcc_ex.o        1 124
    stm32f7xx_hal_spi.o             184
    stm32f7xx_it.o                   96                 4
    stm32f7xx_ll_usb.o              454
    system_stm32f7xx.o               80       10       20
    usbh_conf.o                      54               660
    usbh_core.o                     172
    usbh_pipes.o                     24
    waveplayer _CS43L22.o           108                69
    waverecorder.o                  894            37 948
    -----------------------------------------------------
    Total:                       19 424      121   41 505

command line: [2]
    -----------------------------------------------------
    Total:

dl7M_tlf.a: [3]
    XShHandles.o                    224               128
    XShttio.o                         8        5        8
    abort.o                           6
    dlmalloc.o                    5 360               496
    errno.o                          12        2        4
    exit.o                            4
    fclose.o                        122
    fflush.o                        176
    fputc.o                          86
    fseek.o                          34
    low_level_init.o                  4
    printf.o                         36
    putchar.o                        12
    setlocale.o                      20       62      116
    xcloseall.o                      88
    xencoding_sb.o                   96
    xfgpos.o                         10
    xfiles.o                                 121      384
    xfofind.o                       124
    xfspos.o                        214
    xfwprep.o                       182
    xgetmemchunk.o                   44                 4
    xmbcurmax.o                      10
    xmbtowc.o                        32
    xprintfsmall.o                1 988
    xprout.o                         22
    xsyslock_nop.o                    4
    xtls.o                            2
    xwctomb.o                        26
    -----------------------------------------------------
    Total:                        8 946      190    1 140

iar_cortexM7ls_math.a: [4]
    arm_cfft_radix4_init_f32.o      176
    arm_common_tables.o                   34 816
    arm_rfft_init_f32.o          32 888   32 768
    -----------------------------------------------------
    Total:                       33 064   67 584

libPDMFilter_CM7_IAR.a: [5]
    pdm_filter.o                    812      415      772
    -----------------------------------------------------
    Total:                          812      415      772

m7M_tls.a: [6]
    fpinit_M.o                       34
    -----------------------------------------------------
    Total:                           34

rt7M_tl.a: [7]
    ABImemcpy_unaligned.o           118
    cexit.o                          14
    cmain.o                          26
    cstart_closeall.o
    cstartup_M.o                     12
    data_init.o                      40
    lz77_init.o                     452
    memchr.o                         88
    strchr.o                         22
    strlen.o                         54
    zero_init3.o                     64
    -----------------------------------------------------
    Total:                          890

shb_l.a: [8]
    close.o                          26
    dwrite.o                         30
    exit.o                           20
    iarttio.o                       108
    iarwrite.o                       34
    iarwstd.o                        32
    lseek.o                          76
    remove.o                         22
    write.o                          16
    -----------------------------------------------------
    Total:                          364

    Gaps                             32        2
    Linker created                            45   16 384
---------------------------------------------------------
    Grand Total:                 63 566   68 357   59 801


*******************************************************************************
*** ENTRY LIST
***

Entry                      Address    Size  Type      Object
-----                      -------    ----  ----      ------
.iar.init_table$$Base   0x0801fea0           --   Gb  - Linker created -
.iar.init_table$$Limit  0x0801fecc           --   Gb  - Linker created -
?main                   0x0801fecd          Code  Gb  cmain.o [7]
AHBPrescTable           0x20000524    0x10  Data  Gb  system_stm32f7xx.o [1]
APBAHBPrescTable        0x0801d908    0x10  Data  Gb  stm32f7xx_hal_rcc.o [1]
AUDIO_Init              0x0801bdb9    0xbc  Code  Gb  audio_codec.o [1]
Audio_MAL_Play          0x0801bf89     0xa  Code  Gb  audio_codec.o [1]
BSP_LED_Init            0x0801bc25    0x7e  Code  Gb  stm32746g_discovery.o [1]
BSP_LED_Toggle          0x0801bcab    0x2c  Code  Gb  stm32746g_discovery.o [1]
Buffer1                 0x20000548  0x3078  Data  Gb  waverecorder.o [1]
Buffer2                 0x200035c0  0x3078  Data  Gb  waverecorder.o [1]
Buffer3                 0x20006638  0x3078  Data  Gb  waverecorder.o [1]
BusFault_Handler        0x0801fcbb     0x2  Code  Gb  stm32f7xx_it.o [1]
ButtonInit              0x0801b6d3    0x40  Code  Gb  main.o [1]
CSTACK$$Base            0x2000a9a0           --   Gb  - Linker created -
CSTACK$$Limit           0x2000c9a0           --   Gb  - Linker created -
Codec_Reset             0x0801beb9    0x26  Code  Lc  audio_codec.o [1]
Codec_TIMEOUT_UserCallback
                        0x0801bbcb     0x4  Code  Gb  waveplayer _CS43L22.o [1]
Codec_VolumeCtrl        0x0801be91    0x28  Code  Lc  audio_codec.o [1]
Codec_WriteRegister     0x0801bedf    0x96  Code  Lc  audio_codec.o [1]
Command_index           0x200003f5     0x1  Data  Gb  main.o [1]
CrssCor                 0x0801ba85    0x9e  Code  Gb  DSP.o [1]
DFT_Init                0x0801b535    0x62  Code  Gb  main.o [1]
DMA1_Stream0_IRQHandler
                        0x0801be85     0x2  Code  Gb  audio_codec.o [1]
DMA1_Stream7_IRQHandler
                        0x0801be7b     0xa  Code  Gb  audio_codec.o [1]
DMA2_Stream4_IRQHandler
                        0x0801fd11     0x2  Code  Gb  stm32f7xx_it.o [1]
DMA2_Stream7_IRQHandler
                        0x0801fd13     0x2  Code  Gb  stm32f7xx_it.o [1]
DMA_SetConfig           0x0801a09d    0x1e  Code  Lc  stm32f7xx_hal_dma.o [1]
DebugMon_Handler        0x0801fcc1     0x2  Code  Gb  stm32f7xx_it.o [1]
Delay                   0x0801bf75    0x14  Code  Lc  audio_codec.o [1]
DmaHandle               0x2000a770    0x50  Data  Gb  audio_codec.o [1]
EXTI15_10_IRQHandler    0x0801b4eb    0x10  Code  Gb  main.o [1]
EXTI4_IRQHandler        0x0801b4bd    0x2e  Code  Gb  main.o [1]
EXTI9_5_IRQHandler      0x0801b4fb    0x3a  Code  Gb  main.o [1]
EnergySound             0x2000a980     0x4  Data  Gb  DSP.o [1]
FFT_Update              0x0801aff5    0x9a  Code  Lc  main.o [1]
FacMic                  0x2000042c    0x18  Data  Gb  main.o [1]
FactorUpd               0x0801bb29    0x16  Code  Gb  DSP.o [1]
Filter                  0x2000a588    0x68  Data  Gb  waverecorder.o [1]
GPIO_INS                0x20000418    0x14  Data  Gb  main.o [1]
GPIO_PIN                0x0801bce0     0x8  Data  Gb  stm32746g_discovery.o [1]
HAL_DMA_DeInit          0x0801a127   0x402  Code  Gb  stm32f7xx_hal_dma.o [1]
HAL_DMA_IRQHandler      0x0801a5ed   0x9bc  Code  Gb  stm32f7xx_hal_dma.o [1]
HAL_DMA_Init            0x0801a0bb    0x6c  Code  Gb  stm32f7xx_hal_dma.o [1]
HAL_DMA_Start_IT        0x0801a54d    0x42  Code  Gb  stm32f7xx_hal_dma.o [1]
HAL_Delay               0x0801bb97    0x18  Code  Wk  stm32f7xx_hal.o [1]
HAL_GPIO_Init           0x0801b86d   0x1c6  Code  Gb  stm32f7xx_hal_gpio.o [1]
HAL_GPIO_ReadPin        0x0801ba33     0xc  Code  Gb  stm32f7xx_hal_gpio.o [1]
HAL_GPIO_TogglePin      0x0801ba47     0x8  Code  Gb  stm32f7xx_hal_gpio.o [1]
HAL_GPIO_WritePin       0x0801ba3f     0x8  Code  Gb  stm32f7xx_hal_gpio.o [1]
HAL_GetTick             0x0801bb91     0x6  Code  Wk  stm32f7xx_hal.o [1]
HAL_HCD_Connect_Callback
                        0x0801f499     0x8  Code  Gb  usbh_conf.o [1]
HAL_HCD_Disconnect_Callback
                        0x0801f4a1     0x8  Code  Gb  usbh_conf.o [1]
HAL_HCD_HC_NotifyURBChange_Callback
                        0x0801f4a9     0x2  Code  Gb  usbh_conf.o [1]
HAL_HCD_IRQHandler      0x0801ed4d   0x10e  Code  Gb  stm32f7xx_hal_hcd.o [1]
HAL_HCD_SOF_Callback    0x0801f491     0x8  Code  Gb  usbh_conf.o [1]
HAL_HCD_Start           0x0801ee61    0x20  Code  Gb  stm32f7xx_hal_hcd.o [1]
HAL_HCD_Stop            0x0801ee93    0x1a  Code  Gb  stm32f7xx_hal_hcd.o [1]
HAL_I2CEx_ConfigAnalogFilter
                        0x0801e011    0x40  Code  Gb  stm32f7xx_hal_i2c_ex.o [1]
HAL_I2C_EV_IRQHandler   0x0801ce5f    0xfe  Code  Gb  stm32f7xx_hal_i2c.o [1]
HAL_I2C_ErrorCallback   0x0801cf69     0x2  Code  Wk  stm32f7xx_hal_i2c.o [1]
HAL_I2C_GetError        0x0801cf6b     0x4  Code  Gb  stm32f7xx_hal_i2c.o [1]
HAL_I2C_Init            0x0801cbb9    0x9c  Code  Gb  stm32f7xx_hal_i2c.o [1]
HAL_I2C_MasterRxCpltCallback
                        0x0801cf5f     0x2  Code  Wk  stm32f7xx_hal_i2c.o [1]
HAL_I2C_MasterTxCpltCallback
                        0x0801cf5d     0x2  Code  Wk  stm32f7xx_hal_i2c.o [1]
HAL_I2C_Master_Receive  0x0801cd1f    0xb0  Code  Gb  stm32f7xx_hal_i2c.o [1]
HAL_I2C_Master_Transmit
                        0x0801cc55    0xae  Code  Gb  stm32f7xx_hal_i2c.o [1]
HAL_I2C_MemRxCpltCallback
                        0x0801cf67     0x2  Code  Wk  stm32f7xx_hal_i2c.o [1]
HAL_I2C_MemTxCpltCallback
                        0x0801cf65     0x2  Code  Wk  stm32f7xx_hal_i2c.o [1]
HAL_I2C_MspInit         0x0801b217    0x7c  Code  Gb  main.o [1]
HAL_I2C_SlaveRxCpltCallback
                        0x0801cf63     0x2  Code  Wk  stm32f7xx_hal_i2c.o [1]
HAL_I2C_SlaveTxCpltCallback
                        0x0801cf61     0x2  Code  Wk  stm32f7xx_hal_i2c.o [1]
HAL_I2S_ErrorCallback   0x0801dfa5     0x2  Code  Wk  stm32f7xx_hal_i2s.o [1]
HAL_I2S_Init            0x0801ddf1    0xf6  Code  Gb  stm32f7xx_hal_i2s.o [1]
HAL_I2S_MspInit         0x0801bf93   0x182  Code  Gb  audio_codec.o [1]
HAL_I2S_Transmit_DMA    0x0801df0b    0x92  Code  Gb  stm32f7xx_hal_i2s.o [1]
HAL_I2S_TxCpltCallback  0x0801b5a3    0x76  Code  Gb  main.o [1]
HAL_I2S_TxHalfCpltCallback
                        0x0801dfa3     0x2  Code  Wk  stm32f7xx_hal_i2s.o [1]
HAL_IncTick             0x0801bb87     0xa  Code  Wk  stm32f7xx_hal.o [1]
HAL_Init                0x0801bb41    0x20  Code  Gb  stm32f7xx_hal.o [1]
HAL_InitTick            0x0801bb63    0x24  Code  Wk  stm32f7xx_hal.o [1]
HAL_MspInit             0x0801bb61     0x2  Code  Wk  stm32f7xx_hal.o [1]
HAL_NVIC_DisableIRQ     0x0801bd63     0xa  Code  Gb  stm32f7xx_hal_cortex.o [1]
HAL_NVIC_EnableIRQ      0x0801bd57     0xc  Code  Gb  stm32f7xx_hal_cortex.o [1]
HAL_NVIC_SetPriority    0x0801bd1d    0x3a  Code  Gb  stm32f7xx_hal_cortex.o [1]
HAL_NVIC_SetPriorityGrouping
                        0x0801bd03    0x1a  Code  Gb  stm32f7xx_hal_cortex.o [1]
HAL_PWREx_EnableOverDrive
                        0x0801d919    0x4a  Code  Gb  stm32f7xx_hal_pwr_ex.o [1]
HAL_RCCEx_PeriphCLKConfig
                        0x0801d98d   0x42c  Code  Gb  stm32f7xx_hal_rcc_ex.o [1]
HAL_RCC_ClockConfig     0x0801d707   0x142  Code  Gb  stm32f7xx_hal_rcc.o [1]
HAL_RCC_GetHCLKFreq     0x0801d8c9    0x1e  Code  Gb  stm32f7xx_hal_rcc.o [1]
HAL_RCC_GetSysClockFreq
                        0x0801d883    0x46  Code  Gb  stm32f7xx_hal_rcc.o [1]
HAL_RCC_OscConfig       0x0801d3f1   0x2f8  Code  Gb  stm32f7xx_hal_rcc.o [1]
HAL_SPI_Init            0x0801cb01    0xac  Code  Gb  stm32f7xx_hal_spi.o [1]
HAL_SPI_MspInit         0x0801b2b7    0xba  Code  Gb  main.o [1]
HAL_SYSTICK_Config      0x0801bd75    0x28  Code  Gb  stm32f7xx_hal_cortex.o [1]
HCD_HC_IN_IRQHandler    0x0801eead   0x17c  Code  Lc  stm32f7xx_hal_hcd.o [1]
HCD_HC_OUT_IRQHandler   0x0801f04b   0x14c  Code  Lc  stm32f7xx_hal_hcd.o [1]
HCD_Port_IRQHandler     0x0801f215    0xb2  Code  Lc  stm32f7xx_hal_hcd.o [1]
HCD_RXQLVL_IRQHandler   0x0801f1a9    0x66  Code  Lc  stm32f7xx_hal_hcd.o [1]
HEAP$$Base              0x2000c9a0           --   Gb  - Linker created -
HEAP$$Limit             0x2000e9a0           --   Gb  - Linker created -
HardFault_Handler       0x0801fcb7     0x2  Code  Gb  stm32f7xx_it.o [1]
I2C1_EV_IRQHandler      0x0801fce7     0x6  Code  Gb  stm32f7xx_it.o [1]
I2C2_EV_IRQHandler      0x0801fced     0x6  Code  Gb  stm32f7xx_it.o [1]
I2C_IsAcknowledgeFailed
                        0x0801d345    0x72  Code  Lc  stm32f7xx_hal_i2c.o [1]
I2C_MasterReceive_ISR   0x0801d00f    0x9e  Code  Lc  stm32f7xx_hal_i2c.o [1]
I2C_MasterTransmit_ISR  0x0801cf6f    0xa0  Code  Lc  stm32f7xx_hal_i2c.o [1]
I2C_SlaveReceive_ISR    0x0801d1b5    0x6a  Code  Lc  stm32f7xx_hal_i2c.o [1]
I2C_SlaveTransmit_ISR   0x0801d13d    0x78  Code  Lc  stm32f7xx_hal_i2c.o [1]
I2C_TransferConfig      0x0801d3c9    0x1e  Code  Lc  stm32f7xx_hal_i2c.o [1]
I2C_WaitOnFlagUntilTimeout
                        0x0801d24d    0x5a  Code  Lc  stm32f7xx_hal_i2c.o [1]
I2C_WaitOnSTOPFlagUntilTimeout
                        0x0801d2ef    0x30  Code  Lc  stm32f7xx_hal_i2c.o [1]
I2C_WaitOnTXISFlagUntilTimeout
                        0x0801d2b9    0x36  Code  Lc  stm32f7xx_hal_i2c.o [1]
I2S2_idxTmp             0x200003fe     0x2  Data  Gb  main.o [1]
I2S3_Init               0x0801bbcf    0x44  Code  Gb  waveplayer _CS43L22.o [1]
I2S_DMAError            0x0801dfe9    0x28  Code  Lc  stm32f7xx_hal_i2s.o [1]
I2S_DMATxCplt           0x0801dfa9    0x34  Code  Lc  stm32f7xx_hal_i2s.o [1]
I2S_DMATxHalfCplt       0x0801dfdd     0xa  Code  Lc  stm32f7xx_hal_i2s.o [1]
I2S_Init                0x0801c975    0x6e  Code  Gb  waverecorder.o [1]
IS                      0x2000a3e0    0x18  Data  Gb  main.o [1]
ISS                     0x2000a36c    0x14  Data  Gb  main.o [1]
InStream_Read           0x0801f5b1    0x22  Code  Lc  lz77_init.o [7]
LoadInt                 0x0801e7dd    0x4c  Code  Lc  xprintfsmall.o [3]
MX_I2C1_Init            0x0801c18d    0x32  Code  Gb  audio_codec.o [1]
MX_I2C2_Init            0x0801b71b    0x22  Code  Gb  main.o [1]
MX_SPI4_Init            0x0801b391    0x50  Code  Gb  main.o [1]
MemManage_Handler       0x0801fcb9     0x2  Code  Gb  stm32f7xx_it.o [1]
NMI_Handler             0x0801fcb5     0x2  Code  Gb  stm32f7xx_it.o [1]
NVIC_SetPriority        0x0801bce9    0x1a  Code  Lc  stm32f7xx_hal_cortex.o [1]
OTG_FS_IRQHandler       0x0801fcf3     0x6  Code  Gb  stm32f7xx_it.o [1]
OutStream_Write         0x0801f5d3    0x40  Code  Lc  lz77_init.o [7]
OutputDev               0x20000544     0x1  Data  Gb  audio_codec.o [1]
PDM_Filter_64_LSB       0x0801e081   0x31e  Code  Gb  pdm_filter.o [5]
PendSV_Handler          0x0801fcc3     0x2  Code  Gb  stm32f7xx_it.o [1]
Region$$Table$$Base     0x0801fea0           --   Gb  - Linker created -
Region$$Table$$Limit    0x0801fecc           --   Gb  - Linker created -
S1                      0x2000a380    0x18  Data  Gb  main.o [1]
S2                      0x2000a398    0x18  Data  Gb  main.o [1]
S3                      0x2000a3b0    0x18  Data  Gb  main.o [1]
S4                      0x2000a3c8    0x18  Data  Gb  main.o [1]
SPI1_IRQHandler         0x0801c781    0xe2  Code  Gb  waverecorder.o [1]
SPI2_IRQHandler         0x0801c881    0xd6  Code  Gb  waverecorder.o [1]
SPI3_IRQHandler         0x0801be87     0xa  Code  Gb  audio_codec.o [1]
SPI4_IRQHandler         0x0801b3e1    0xdc  Code  Gb  main.o [1]
SPI5_IRQHandler         0x0801c9e3    0x46  Code  Gb  waverecorder.o [1]
SPI6_IRQHandler         0x0801ca29    0x44  Code  Gb  waverecorder.o [1]
SS1                     0x2000a31c    0x14  Data  Gb  main.o [1]
SS2                     0x2000a330    0x14  Data  Gb  main.o [1]
SS3                     0x2000a344    0x14  Data  Gb  main.o [1]
SS4                     0x2000a358    0x14  Data  Gb  main.o [1]
STA321MP_Ini            0x0801c201   0x184  Code  Gb  sta321mp.o [1]
STACoefSet              0x0801c3e9   0x140  Code  Gb  sta321mp.o [1]
SVC_Handler             0x0801fcbf     0x2  Code  Gb  stm32f7xx_it.o [1]
SetCoefValue            0x0801c5e3    0x56  Code  Gb  sta321mp.o [1]
SumDelay                0x0801b621    0xa8  Code  Gb  main.o [1]
SysTick_Handler         0x0801fcc5    0x20  Code  Gb  stm32f7xx_it.o [1]
SystemCoreClock         0x20000534     0x4  Data  Gb  system_stm32f7xx.o [1]
SystemInit              0x0801fdc5    0x3a  Code  Gb  system_stm32f7xx.o [1]
T0                      0x20000004   0x100  Data  Gb  pdm_filter.o [5]
T1                      0x20000104   0x100  Data  Gb  pdm_filter.o [5]
T2                      0x20000204   0x100  Data  Gb  pdm_filter.o [5]
Test_SystemClock_Config
                        0x0801b73d    0xae  Code  Lc  main.o [1]
Toggle_Leds             0x0801b205    0x12  Code  Gb  main.o [1]
USART6_IRQHandler       0x0801fce5     0x2  Code  Gb  stm32f7xx_it.o [1]
USBH_FreePipe           0x0801f599    0x18  Code  Gb  usbh_pipes.o [1]
USBH_LL_Connect         0x0801f4e5    0x28  Code  Gb  usbh_core.o [1]
USBH_LL_Disconnect      0x0801f50d    0x42  Code  Gb  usbh_core.o [1]
USBH_LL_IncTimer        0x0801f4c9    0x1c  Code  Gb  usbh_core.o [1]
USBH_LL_Start           0x0801f4ab     0xe  Code  Gb  usbh_conf.o [1]
USBH_LL_Stop            0x0801f4b9     0xe  Code  Gb  usbh_conf.o [1]
USB_DisableGlobalInt    0x0801f2d1     0x6  Code  Gb  stm32f7xx_ll_usb.o [1]
USB_DriveVbus           0x0801f377    0x3e  Code  Gb  stm32f7xx_ll_usb.o [1]
USB_EnableGlobalInt     0x0801f2c9     0x8  Code  Gb  stm32f7xx_ll_usb.o [1]
USB_FlushRxFifo         0x0801f2fb    0x1a  Code  Gb  stm32f7xx_ll_usb.o [1]
USB_FlushTxFifo         0x0801f2dd    0x1e  Code  Gb  stm32f7xx_ll_usb.o [1]
USB_GetMode             0x0801f341     0x8  Code  Gb  stm32f7xx_ll_usb.o [1]
USB_HC_Halt             0x0801f3bf    0x56  Code  Gb  stm32f7xx_ll_usb.o [1]
USB_HC_ReadInterrupt    0x0801f3b5     0xa  Code  Gb  stm32f7xx_ll_usb.o [1]
USB_InitFSLSPClkSel     0x0801f349    0x2e  Code  Gb  stm32f7xx_ll_usb.o [1]
USB_ReadInterrupts      0x0801f339     0x8  Code  Gb  stm32f7xx_ll_usb.o [1]
USB_ReadPacket          0x0801f315    0x24  Code  Gb  stm32f7xx_ll_usb.o [1]
USB_StopHost            0x0801f419    0x76  Code  Gb  stm32f7xx_ll_usb.o [1]
UsageFault_Handler      0x0801fcbd     0x2  Code  Gb  stm32f7xx_it.o [1]
Volume                  0x20000545     0x1  Data  Gb  audio_codec.o [1]
WavePlayerInit          0x0801bbb9    0x12  Code  Gb  waveplayer _CS43L22.o [1]
WaveRec_idxSens1        0x20000400     0x2  Data  Gb  main.o [1]
WaveRec_idxSens2        0x20000402     0x2  Data  Gb  main.o [1]
WaveRec_idxSens3        0x200003fc     0x2  Data  Gb  main.o [1]
WaveRec_idxSens4        0x200003fa     0x2  Data  Gb  main.o [1]
WaveRec_idxSens5        0x20000404     0x2  Data  Gb  main.o [1]
WaveRec_idxSens6        0x20000406     0x2  Data  Gb  main.o [1]
WaveRecord_flgIni       0x2000a71c     0x1  Data  Gb  waverecorder.o [1]
WriteCoef               0x0801c529    0x7a  Code  Gb  sta321mp.o [1]
WriteSTAByte            0x0801c395    0x54  Code  Gb  sta321mp.o [1]
XferCplt                0x2000a990     0x4  Data  Gb  waveplayer _CS43L22.o [1]
_Close_all              0x0801fd15    0x58  Code  Gb  xcloseall.o [3]
_EncodingSb_Mbtowc      0x0801ed03    0x30  Code  Gb  xencoding_sb.o [3]
_EncodingSb_Wctomb      0x0801ece9    0x1a  Code  Gb  xencoding_sb.o [3]
_Files                  0x20000504    0x20  Data  Gb  xfiles.o [3]
_Fofree                 0x0801fb8d    0x78  Code  Gb  xfofind.o [3]
_Fspos                  0x0801f855    0xd6  Code  Gb  xfspos.o [3]
_Fwprep                 0x0801fab5    0xb6  Code  Gb  xfwprep.o [3]
_IsdstStr               0x20000380     0x4  Data  Gb  setlocale.o [3]
_LitobSmall             0x0801ea5b    0xce  Code  Lc  xprintfsmall.o [3]
_LocaleEncoding         0x0801ecd5     0xe  Code  Gb  setlocale.o [3]
_LocaleReturnString     0x200003a0    0x50  Data  Lc  setlocale.o [3]
_Locale_Profile         0x20000384    0x1c  Data  Gb  setlocale.o [3]
_Mbtowc                 0x0801eb71    0x20  Code  Gb  xmbtowc.o [3]
_Nnl                    0x0801f9dd     0xa  Code  Gb  xfgpos.o [3]
_PrintfSmall            0x0801e3ad   0x430  Code  Gb  xprintfsmall.o [3]
_Prout                  0x0801feff    0x16  Code  Gb  xprout.o [3]
_PutcharsSmall          0x0801eb29    0x2e  Code  Lc  xprintfsmall.o [3]
_PutstrSmall            0x0801e829   0x228  Code  Lc  xprintfsmall.o [3]
_TzoneStr               0x2000037c     0x4  Data  Gb  setlocale.o [3]
_Wctomb                 0x0801ec43    0x1a  Code  Gb  xwctomb.o [3]
__aeabi_errno_addr      0x0801fa35     0x6  Code  Gb  errno.o [3]
__cexit_closeall        0x0801fef3          Code  Gb  cexit.o [7]
__close                 0x0801fc83    0x1a  Code  Gb  close.o [8]
__cmain                 0x0801fecd          Code  Gb  cmain.o [7]
__cstart_closeall       0x0802007c          Data  Gb  cstart_closeall.o [7]
__data_GetMemChunk      0x08019fe9    0x2c  Code  Gb  xgetmemchunk.o [3]
__dwrite                0x0801fa55    0x1e  Code  Gb  dwrite.o [8]
__exit                  0x0801a015    0x14  Code  Gb  exit.o [8]
__iar_Errno             0x20000540     0x4  Data  Gb  errno.o [3]
__iar_Lockfilelock      0x0801fa41     0x2  Code  Gb  xsyslock_nop.o [3]
__iar_Mbcurmax          0x0801ec39     0xa  Code  Gb  xmbcurmax.o [3]
__iar_Memchr            0x0801ebe1          Code  Gb  memchr.o [7]
__iar_Stderr            0x200004c4    0x40  Data  Gb  xfiles.o [3]
__iar_Stdin             0x20000444    0x40  Data  Gb  xfiles.o [3]
__iar_Stdout            0x20000484    0x40  Data  Gb  xfiles.o [3]
__iar_Strchr            0x0801eb91          Code  Gb  strchr.o [7]
__iar_Unlockfilelock    0x0801fa43     0x2  Code  Gb  xsyslock_nop.o [3]
__iar_close_ttio        0x0801a029    0x2e  Code  Gb  iarttio.o [8]
__iar_data_init3        0x0801fe55    0x28  Code  Gb  data_init.o [7]
__iar_dlfree            0x08019ac7   0x510  Code  Gb  dlmalloc.o [3]
__iar_dlib_perthread_access
                        0x0801ed49     0x2  Code  Gb  xtls.o [3]
__iar_dlmalloc          0x08019811   0x2aa  Code  Gb  dlmalloc.o [3]
__iar_get_ttio          0x0801a059    0x38  Code  Gb  iarttio.o [8]
__iar_init_vfp          0x0801fe7d          Code  Gb  fpinit_M.o [6]
__iar_lookup_ttioh      0x0801a095     0x8  Code  Gb  XShttio.o [3]
__iar_lz77_init3        0x0801f613   0x162  Code  Gb  lz77_init.o [7]
__iar_program_start     0x0801ff31          Code  Gb  cstartup_M.o [7]
__iar_sh_Discard        0x0801f775    0x44  Code  Gb  XShHandles.o [3]
__iar_sh_Move           0x0801f7bf    0x4c  Code  Gb  XShHandles.o [3]
__iar_sh_Pos            0x0801f80b    0x44  Code  Gb  XShHandles.o [3]
__iar_sh_stdout         0x0801fa73    0x20  Code  Gb  iarwstd.o [8]
__iar_sh_write          0x0801fa93    0x22  Code  Gb  iarwrite.o [8]
__iar_ttio_handles      0x20000538     0x8  Data  Lc  XShttio.o [3]
__iar_unaligned___aeabi_memcpy
                        0x0801ec5d          Code  Gb  ABImemcpy_unaligned.o [7]
__iar_unaligned___aeabi_memcpy4
                        0x0801ec7d          Code  Gb  ABImemcpy_unaligned.o [7]
__iar_unaligned___aeabi_memcpy8
                        0x0801ec7d          Code  Gb  ABImemcpy_unaligned.o [7]
__iar_zero_init3        0x0801fe15    0x40  Code  Gb  zero_init3.o [7]
__low_level_init        0x0801fee7     0x4  Code  Gb  low_level_init.o [3]
__lseek                 0x0801f9e7    0x4c  Code  Gb  lseek.o [8]
__vector_table          0x08000000          Data  Gb  startup_stm32f746xx.o [1]
__write                 0x0801fa45    0x10  Code  Gb  write.o [8]
_call_main              0x0801fed9          Code  Gb  cmain.o [7]
_exit                   0x0801fef1          Code  Gb  cexit.o [7]
_gm_                    0x2000a144   0x1d8  Data  Lc  dlmalloc.o [3]
_main                   0x0801fee3          Code  Gb  cmain.o [7]
abort                   0x08019fe1     0x6  Code  Gb  abort.o [3]
armBitRevTable          0x080001c8   0x800  Data  Gb  arm_common_tables.o [4]
arm_cfft_radix4_init_f32
                        0x08010a41    0xb0  Code  Gb  arm_cfft_radix4_init_f32.o [4]
arm_rfft_init_f32       0x080089c9    0x72  Code  Gb  arm_rfft_init_f32.o [4]
btnSW1                  0x200003f0     0x1  Data  Gb  main.o [1]
btnSW2                  0x200003f1     0x1  Data  Gb  main.o [1]
bufCoefBiquad           0x2000a970    0x10  Data  Gb  sta321mp.o [1]
bufPCMSens7             0x2000a504     0x4  Data  Gb  waverecorder.o [1]
bufPCMSens8             0x2000a47c     0x4  Data  Gb  waverecorder.o [1]
bufferSum               0x200096b0   0x800  Data  Gb  main.o [1]
buffer_switch           0x200003f4     0x1  Data  Gb  main.o [1]
cntOS                   0x2000a98c     0x4  Data  Gb  stm32f7xx_it.o [1]
cntPos                  0x2000a3fa     0x2  Data  Gb  waverecorder.o [1]
cntPos7                 0x2000a482     0x2  Data  Gb  waverecorder.o [1]
cntRisingEXTI           0x2000a998     0x2  Data  Gb  main.o [1]
cntStrt                 0x2000a722     0x2  Data  Gb  waverecorder.o [1]
ebuf                    0x2000a7c0    0x50  Data  Lc  xfiles.o [3]
exit                    0x0801feeb     0x4  Code  Gb  exit.o [3]
fclose                  0x0801fc09    0x7a  Code  Gb  fclose.o [3]
fflush                  0x0801f9a3    0x34  Code  Gb  fflush.o [3]
fflushOne               0x0801f92d    0x76  Code  Lc  fflush.o [3]
flg10ms                 0x200003f2     0x1  Data  Gb  main.o [1]
flgDlyUpd               0x200003f3     0x1  Data  Gb  main.o [1]
flgSum                  0x200003f6     0x1  Data  Lc  main.o [1]
fputc                   0x0801fd6d    0x56  Code  Gb  fputc.o [3]
fseek                   0x0801fb6b    0x22  Code  Gb  fseek.o [3]
hhcd                    0x20009eb0   0x294  Data  Gb  usbh_conf.o [1]
hi2c1                   0x2000a8e0    0x3c  Data  Gb  audio_codec.o [1]
hi2c2                   0x2000a91c    0x3c  Data  Gb  audio_codec.o [1]
hi2s1                   0x2000a730    0x40  Data  Gb  waverecorder.o [1]
hi2s2                   0x2000a8a0    0x40  Data  Gb  waverecorder.o [1]
hi2s3                   0x2000a860    0x40  Data  Gb  waveplayer _CS43L22.o [1]
hspi4                   0x2000a5f0    0x64  Data  Gb  main.o [1]
hspi5                   0x2000a654    0x64  Data  Gb  waverecorder.o [1]
hspi6                   0x2000a6b8    0x64  Data  Gb  waverecorder.o [1]
idxLatency12            0x2000040c     0x2  Data  Gb  main.o [1]
idxLatency13            0x2000040a     0x2  Data  Gb  main.o [1]
idxLatency14            0x2000040e     0x2  Data  Gb  main.o [1]
idxMic7                 0x2000a480     0x2  Data  Gb  waverecorder.o [1]
idxMic8                 0x2000a3f8     0x2  Data  Gb  waverecorder.o [1]
idxSPI5DataBuf3         0x20000408     0x2  Data  Gb  main.o [1]
init_mparams            0x08018b0b    0x32  Code  Lc  dlmalloc.o [3]
init_top                0x08018b3d    0x34  Code  Lc  dlmalloc.o [3]
main                    0x0801b08f   0x16c  Code  Gb  main.o [1]
memchr                  0x0801ebe1          Code  Gb  memchr.o [7]
mparams                 0x2000a958    0x18  Data  Lc  dlmalloc.o [3]
obuf                    0x2000a810    0x50  Data  Lc  xfiles.o [3]
pDataMic7               0x2000a484    0x80  Data  Gb  waverecorder.o [1]
pDataMic8               0x2000a3fc    0x80  Data  Gb  waverecorder.o [1]
pcSTAComnd              0x20000304    0x50  Data  Gb  sta321mp.o [1]
pcSTAComnd1             0x20000354     0x2  Data  Gb  sta321mp.o [1]
pcSTAComnd2             0x20000358    0x24  Data  Gb  sta321mp.o [1]
prepend_alloc           0x08018b71   0x36c  Code  Lc  dlmalloc.o [3]
printf                  0x0801f575    0x24  Code  Gb  printf.o [3]
putchar                 0x0801ff15     0xc  Code  Gb  putchar.o [3]
realCoefA               0x08008a40  0x8000  Data  Lc  arm_rfft_init_f32.o [4]
realCoefB               0x08010af0  0x8000  Data  Lc  arm_rfft_init_f32.o [4]
remove                  0x0801fc9d    0x16  Code  Gb  remove.o [8]
sFileInfo               0x2000a508    0x80  Data  Lc  XShHandles.o [3]
segment_holding         0x08018af1    0x1a  Code  Lc  dlmalloc.o [3]
sta321mp_biquad         0x0801c65f    0xe2  Code  Lc  sta321mp.o [1]
sta321mp_mixer          0x0801c645    0x1a  Code  Lc  sta321mp.o [1]
stm32_crc               0x20000000     0x4  Data  Gb  pdm_filter.o [5]
strchr                  0x0801eb91          Code  Gb  strchr.o [7]
strlen                  0x0801eba9          Code  Gb  strlen.o [7]
sys_alloc               0x08018edd   0x386  Code  Lc  dlmalloc.o [3]
tmalloc_large           0x08019271   0x390  Code  Lc  dlmalloc.o [3]
tmalloc_small           0x08019601   0x210  Code  Lc  dlmalloc.o [3]
twiddleCoef_4096        0x080009c8  0x8000  Data  Gb  arm_common_tables.o [4]
uwTick                  0x2000a988     0x4  Data  Lc  stm32f7xx_hal.o [1]
volume                  0x20000546     0x1  Data  Gb  waveplayer _CS43L22.o [1]


[1] = D:\sop1hc\Github\data\Mic_Array_V00\Mic_Array\Projects\STM32746G\Applications\Audio\Mic_Array\EWARM\STM32F7\Obj
[2] = command line
[3] = dl7M_tlf.a
[4] = iar_cortexM7ls_math.a
[5] = libPDMFilter_CM7_IAR.a
[6] = m7M_tls.a
[7] = rt7M_tl.a
[8] = shb_l.a

  63 566 bytes of readonly  code memory
  68 357 bytes of readonly  data memory
  59 801 bytes of readwrite data memory

Errors: none
Warnings: none
