###############################################################################
#
# IAR ELF Linker V7.50.2.10312/W32 for ARM                21/Dec/2015  01:05:30
# Copyright 2007-2015 IAR Systems AB.
#
#    Output file  =  
#        H:\PhanLeSon\ActivNoise\Microphone\F7\Mic_Array_Project\Mic_Array\Projects\STM32746G\Applications\Audio\Mic_Array\EWARM\STM32F7\Exe\Project.out
#    Map file     =  
#        H:\PhanLeSon\ActivNoise\Microphone\F7\Mic_Array_Project\Mic_Array\Projects\STM32746G\Applications\Audio\Mic_Array\EWARM\STM32F7\List\Project.map
#    Command line =  
#        H:\PhanLeSon\ActivNoise\Microphone\F7\Mic_Array_Project\Mic_Array\Projects\STM32746G\Applications\Audio\Mic_Array\EWARM\STM32F7\Obj\audio_codec.o
#        H:\PhanLeSon\ActivNoise\Microphone\F7\Mic_Array_Project\Mic_Array\Projects\STM32746G\Applications\Audio\Mic_Array\EWARM\STM32F7\Obj\audio_sample.o
#        H:\PhanLeSon\ActivNoise\Microphone\F7\Mic_Array_Project\Mic_Array\Projects\STM32746G\Applications\Audio\Mic_Array\EWARM\STM32F7\Obj\explorer.o
#        H:\PhanLeSon\ActivNoise\Microphone\F7\Mic_Array_Project\Mic_Array\Projects\STM32746G\Applications\Audio\Mic_Array\EWARM\STM32F7\Obj\ff.o
#        H:\PhanLeSon\ActivNoise\Microphone\F7\Mic_Array_Project\Mic_Array\Projects\STM32746G\Applications\Audio\Mic_Array\EWARM\STM32F7\Obj\ft5336.o
#        H:\PhanLeSon\ActivNoise\Microphone\F7\Mic_Array_Project\Mic_Array\Middlewares\ST\STM32_Audio\Addons\PDM\libPDMFilter_CM7_IAR.a
#        H:\PhanLeSon\ActivNoise\Microphone\F7\Mic_Array_Project\Mic_Array\Projects\STM32746G\Applications\Audio\Mic_Array\EWARM\STM32F7\Obj\main.o
#        H:\PhanLeSon\ActivNoise\Microphone\F7\Mic_Array_Project\Mic_Array\Projects\STM32746G\Applications\Audio\Mic_Array\EWARM\STM32F7\Obj\menu.o
#        H:\PhanLeSon\ActivNoise\Microphone\F7\Mic_Array_Project\Mic_Array\Projects\STM32746G\Applications\Audio\Mic_Array\EWARM\STM32F7\Obj\sta321mp.o
#        H:\PhanLeSon\ActivNoise\Microphone\F7\Mic_Array_Project\Mic_Array\Projects\STM32746G\Applications\Audio\Mic_Array\EWARM\STM32F7\Obj\startup_stm32f746xx.o
#        H:\PhanLeSon\ActivNoise\Microphone\F7\Mic_Array_Project\Mic_Array\Projects\STM32746G\Applications\Audio\Mic_Array\EWARM\STM32F7\Obj\stm32746g_discovery.o
#        H:\PhanLeSon\ActivNoise\Microphone\F7\Mic_Array_Project\Mic_Array\Projects\STM32746G\Applications\Audio\Mic_Array\EWARM\STM32F7\Obj\stm32746g_discovery_lcd.o
#        H:\PhanLeSon\ActivNoise\Microphone\F7\Mic_Array_Project\Mic_Array\Projects\STM32746G\Applications\Audio\Mic_Array\EWARM\STM32F7\Obj\stm32746g_discovery_sdram.o
#        H:\PhanLeSon\ActivNoise\Microphone\F7\Mic_Array_Project\Mic_Array\Projects\STM32746G\Applications\Audio\Mic_Array\EWARM\STM32F7\Obj\stm32746g_discovery_ts.o
#        H:\PhanLeSon\ActivNoise\Microphone\F7\Mic_Array_Project\Mic_Array\Projects\STM32746G\Applications\Audio\Mic_Array\EWARM\STM32F7\Obj\stm32f7xx_hal.o
#        H:\PhanLeSon\ActivNoise\Microphone\F7\Mic_Array_Project\Mic_Array\Projects\STM32746G\Applications\Audio\Mic_Array\EWARM\STM32F7\Obj\stm32f7xx_hal_cortex.o
#        H:\PhanLeSon\ActivNoise\Microphone\F7\Mic_Array_Project\Mic_Array\Projects\STM32746G\Applications\Audio\Mic_Array\EWARM\STM32F7\Obj\stm32f7xx_hal_dma.o
#        H:\PhanLeSon\ActivNoise\Microphone\F7\Mic_Array_Project\Mic_Array\Projects\STM32746G\Applications\Audio\Mic_Array\EWARM\STM32F7\Obj\stm32f7xx_hal_dma2d.o
#        H:\PhanLeSon\ActivNoise\Microphone\F7\Mic_Array_Project\Mic_Array\Projects\STM32746G\Applications\Audio\Mic_Array\EWARM\STM32F7\Obj\stm32f7xx_hal_dma_ex.o
#        H:\PhanLeSon\ActivNoise\Microphone\F7\Mic_Array_Project\Mic_Array\Projects\STM32746G\Applications\Audio\Mic_Array\EWARM\STM32F7\Obj\stm32f7xx_hal_flash.o
#        H:\PhanLeSon\ActivNoise\Microphone\F7\Mic_Array_Project\Mic_Array\Projects\STM32746G\Applications\Audio\Mic_Array\EWARM\STM32F7\Obj\stm32f7xx_hal_flash_ex.o
#        H:\PhanLeSon\ActivNoise\Microphone\F7\Mic_Array_Project\Mic_Array\Projects\STM32746G\Applications\Audio\Mic_Array\EWARM\STM32F7\Obj\stm32f7xx_hal_gpio.o
#        H:\PhanLeSon\ActivNoise\Microphone\F7\Mic_Array_Project\Mic_Array\Projects\STM32746G\Applications\Audio\Mic_Array\EWARM\STM32F7\Obj\stm32f7xx_hal_hcd.o
#        H:\PhanLeSon\ActivNoise\Microphone\F7\Mic_Array_Project\Mic_Array\Projects\STM32746G\Applications\Audio\Mic_Array\EWARM\STM32F7\Obj\stm32f7xx_hal_i2c.o
#        H:\PhanLeSon\ActivNoise\Microphone\F7\Mic_Array_Project\Mic_Array\Projects\STM32746G\Applications\Audio\Mic_Array\EWARM\STM32F7\Obj\stm32f7xx_hal_i2c_ex.o
#        H:\PhanLeSon\ActivNoise\Microphone\F7\Mic_Array_Project\Mic_Array\Projects\STM32746G\Applications\Audio\Mic_Array\EWARM\STM32F7\Obj\stm32f7xx_hal_i2s.o
#        H:\PhanLeSon\ActivNoise\Microphone\F7\Mic_Array_Project\Mic_Array\Projects\STM32746G\Applications\Audio\Mic_Array\EWARM\STM32F7\Obj\stm32f7xx_hal_ltdc.o
#        H:\PhanLeSon\ActivNoise\Microphone\F7\Mic_Array_Project\Mic_Array\Projects\STM32746G\Applications\Audio\Mic_Array\EWARM\STM32F7\Obj\stm32f7xx_hal_pwr.o
#        H:\PhanLeSon\ActivNoise\Microphone\F7\Mic_Array_Project\Mic_Array\Projects\STM32746G\Applications\Audio\Mic_Array\EWARM\STM32F7\Obj\stm32f7xx_hal_pwr_ex.o
#        H:\PhanLeSon\ActivNoise\Microphone\F7\Mic_Array_Project\Mic_Array\Projects\STM32746G\Applications\Audio\Mic_Array\EWARM\STM32F7\Obj\stm32f7xx_hal_rcc.o
#        H:\PhanLeSon\ActivNoise\Microphone\F7\Mic_Array_Project\Mic_Array\Projects\STM32746G\Applications\Audio\Mic_Array\EWARM\STM32F7\Obj\stm32f7xx_hal_rcc_ex.o
#        H:\PhanLeSon\ActivNoise\Microphone\F7\Mic_Array_Project\Mic_Array\Projects\STM32746G\Applications\Audio\Mic_Array\EWARM\STM32F7\Obj\stm32f7xx_hal_sai.o
#        H:\PhanLeSon\ActivNoise\Microphone\F7\Mic_Array_Project\Mic_Array\Projects\STM32746G\Applications\Audio\Mic_Array\EWARM\STM32F7\Obj\stm32f7xx_hal_sai_ex.o
#        H:\PhanLeSon\ActivNoise\Microphone\F7\Mic_Array_Project\Mic_Array\Projects\STM32746G\Applications\Audio\Mic_Array\EWARM\STM32F7\Obj\stm32f7xx_hal_sdram.o
#        H:\PhanLeSon\ActivNoise\Microphone\F7\Mic_Array_Project\Mic_Array\Projects\STM32746G\Applications\Audio\Mic_Array\EWARM\STM32F7\Obj\stm32f7xx_hal_spi.o
#        H:\PhanLeSon\ActivNoise\Microphone\F7\Mic_Array_Project\Mic_Array\Projects\STM32746G\Applications\Audio\Mic_Array\EWARM\STM32F7\Obj\stm32f7xx_hal_sram.o
#        H:\PhanLeSon\ActivNoise\Microphone\F7\Mic_Array_Project\Mic_Array\Projects\STM32746G\Applications\Audio\Mic_Array\EWARM\STM32F7\Obj\stm32f7xx_hal_tim.o
#        H:\PhanLeSon\ActivNoise\Microphone\F7\Mic_Array_Project\Mic_Array\Projects\STM32746G\Applications\Audio\Mic_Array\EWARM\STM32F7\Obj\stm32f7xx_hal_tim_ex.o
#        H:\PhanLeSon\ActivNoise\Microphone\F7\Mic_Array_Project\Mic_Array\Projects\STM32746G\Applications\Audio\Mic_Array\EWARM\STM32F7\Obj\stm32f7xx_hal_uart.o
#        H:\PhanLeSon\ActivNoise\Microphone\F7\Mic_Array_Project\Mic_Array\Projects\STM32746G\Applications\Audio\Mic_Array\EWARM\STM32F7\Obj\stm32f7xx_it.o
#        H:\PhanLeSon\ActivNoise\Microphone\F7\Mic_Array_Project\Mic_Array\Projects\STM32746G\Applications\Audio\Mic_Array\EWARM\STM32F7\Obj\stm32f7xx_ll_fmc.o
#        H:\PhanLeSon\ActivNoise\Microphone\F7\Mic_Array_Project\Mic_Array\Projects\STM32746G\Applications\Audio\Mic_Array\EWARM\STM32F7\Obj\stm32f7xx_ll_usb.o
#        H:\PhanLeSon\ActivNoise\Microphone\F7\Mic_Array_Project\Mic_Array\Projects\STM32746G\Applications\Audio\Mic_Array\EWARM\STM32F7\Obj\system_stm32f7xx.o
#        H:\PhanLeSon\ActivNoise\Microphone\F7\Mic_Array_Project\Mic_Array\Projects\STM32746G\Applications\Audio\Mic_Array\EWARM\STM32F7\Obj\usbh_conf.o
#        H:\PhanLeSon\ActivNoise\Microphone\F7\Mic_Array_Project\Mic_Array\Projects\STM32746G\Applications\Audio\Mic_Array\EWARM\STM32F7\Obj\usbh_core.o
#        H:\PhanLeSon\ActivNoise\Microphone\F7\Mic_Array_Project\Mic_Array\Projects\STM32746G\Applications\Audio\Mic_Array\EWARM\STM32F7\Obj\usbh_ctlreq.o
#        H:\PhanLeSon\ActivNoise\Microphone\F7\Mic_Array_Project\Mic_Array\Projects\STM32746G\Applications\Audio\Mic_Array\EWARM\STM32F7\Obj\usbh_diskio.o
#        H:\PhanLeSon\ActivNoise\Microphone\F7\Mic_Array_Project\Mic_Array\Projects\STM32746G\Applications\Audio\Mic_Array\EWARM\STM32F7\Obj\usbh_ioreq.o
#        H:\PhanLeSon\ActivNoise\Microphone\F7\Mic_Array_Project\Mic_Array\Projects\STM32746G\Applications\Audio\Mic_Array\EWARM\STM32F7\Obj\usbh_msc.o
#        H:\PhanLeSon\ActivNoise\Microphone\F7\Mic_Array_Project\Mic_Array\Projects\STM32746G\Applications\Audio\Mic_Array\EWARM\STM32F7\Obj\usbh_msc_bot.o
#        H:\PhanLeSon\ActivNoise\Microphone\F7\Mic_Array_Project\Mic_Array\Projects\STM32746G\Applications\Audio\Mic_Array\EWARM\STM32F7\Obj\usbh_msc_scsi.o
#        H:\PhanLeSon\ActivNoise\Microphone\F7\Mic_Array_Project\Mic_Array\Projects\STM32746G\Applications\Audio\Mic_Array\EWARM\STM32F7\Obj\usbh_pipes.o
#        "H:\PhanLeSon\ActivNoise\Microphone\F7\Mic_Array_Project\Mic_Array\Projects\STM32746G\Applications\Audio\Mic_Array\EWARM\STM32F7\Obj\waveplayer
#        _CS43L22.o" --redirect _Printf=_PrintfSmall --redirect
#        _Scanf=_ScanfSmall -o
#        H:\PhanLeSon\ActivNoise\Microphone\F7\Mic_Array_Project\Mic_Array\Projects\STM32746G\Applications\Audio\Mic_Array\EWARM\STM32F7\Exe\Project.out
#        --map
#        H:\PhanLeSon\ActivNoise\Microphone\F7\Mic_Array_Project\Mic_Array\Projects\STM32746G\Applications\Audio\Mic_Array\EWARM\STM32F7\List\Project.map
#        --config "D:\Program Files (x86)\IAR Systems\Embedded Workbench
#        7.3\arm\config\linker\ST\stm32f746xG.icf" --semihosting --entry
#        __iar_program_start --no_exceptions "D:\Program Files (x86)\IAR
#        Systems\Embedded Workbench
#        7.3\arm\CMSIS\Lib\IAR\iar_cortexM7ls_math.a" --vfe
#
###############################################################################

*******************************************************************************
*** RUNTIME MODEL ATTRIBUTES
***

CppFlavor                     = *
__Heap_Handler                = DLMalloc
__SystemLibrary               = DLib
__dlib_dynamic_initialization = normal


*******************************************************************************
*** PLACEMENT SUMMARY
***

"A1":  place at 0x08000000 { ro section .intvec };
"P1":  place in [from 0x00000000 to 0x00000000] |
                [from 0x08000000 to 0x080fffff] { ro };
"P3":  place in [from 0x20000000 to 0x2000ffff] |
                [from 0x20010000 to 0x2004ffff] { rw, block CSTACK, block HEAP };

  Section             Kind        Address     Size  Object
  -------             ----        -------     ----  ------
"A1":                                        0x1c8
  .intvec             ro code  0x08000000    0x1c8  startup_stm32f746xx.o [1]
                             - 0x080001c8    0x1c8

"P1":                                      0xffcfa
  .rodata             const    0x080001c8  0xf4f78  audio_sample.o [1]
  .text               ro code  0x080f5140   0x395c  stm32f7xx_hal_dma.o [1]
  .text               ro code  0x080f8a9c   0x14f0  dlmalloc.o [3]
  .text               ro code  0x080f9f8c      0x6  abort.o [3]
  .text               ro code  0x080f9f94     0x2c  xgetmemchunk.o [3]
  .text               ro code  0x080f9fc0     0x14  exit.o [6]
  .text               ro code  0x080f9fd4     0x6c  iarttio.o [6]
  .text               ro code  0x080fa040      0x8  XShttio.o [3]
  .text               ro code  0x080fa048    0xd32  stm32f7xx_hal_hcd.o [1]
  .text               ro code  0x080fad7c    0x382  stm32f7xx_ll_usb.o [1]
  .text               ro code  0x080fb100     0x4c  usbh_conf.o [1]
  .text               ro code  0x080fb14c     0xbc  usbh_core.o [1]
  .text               ro code  0x080fb208     0x24  usbh_pipes.o [1]
  .text               ro code  0x080fb22c     0x24  printf.o [3]
  .text               ro code  0x080fb250    0x7c4  xprintfsmall.o [3]
  .text               ro code  0x080fba14     0x20  xmbtowc.o [3]
  .text               ro code  0x080fba34     0x16  strchr.o [5]
  .text               ro code  0x080fba4c     0x36  strlen.o [5]
  .text               ro code  0x080fba84     0x58  memchr.o [5]
  .text               ro code  0x080fbadc      0xa  xmbcurmax.o [3]
  .text               ro code  0x080fbae6     0x1a  xwctomb.o [3]
  .text               ro code  0x080fbb00     0x76  ABImemcpy_unaligned.o [5]
  .text               ro code  0x080fbb78     0x14  setlocale.o [3]
  .text               ro code  0x080fbb8c     0x60  xencoding_sb.o [3]
  .text               ro code  0x080fbbec      0x2  xtls.o [3]
  .text               ro code  0x080fbbf0    0xad8  stm32f7xx_hal_i2c.o [1]
  .text               ro code  0x080fc6c8    0x704  main.o [1]
  .text               ro code  0x080fcdcc     0x64  stm32f7xx_hal.o [1]
  .text               ro code  0x080fce30    0x118  stm32746g_discovery.o [1]
  .text               ro code  0x080fcf48     0x38  waveplayer _CS43L22.o [1]
  .text               ro code  0x080fcf80    0x254  stm32f7xx_hal_gpio.o [1]
  .text               ro code  0x080fd1d4    0x184  stm32f7xx_hal_cortex.o [1]
  .text               ro code  0x080fd358    0x870  stm32f7xx_hal_rcc.o [1]
  .text               ro code  0x080fdbc8     0x84  stm32f7xx_hal_pwr_ex.o [1]
  .text               ro code  0x080fdc4c    0x6d0  stm32f7xx_hal_rcc_ex.o [1]
  .text               ro code  0x080fe31c     0x84  stm32f7xx_hal_i2c_ex.o [1]
  .text               ro code  0x080fe3a0     0xd8  stm32f7xx_hal_spi.o [1]
  .text               ro code  0x080fe478    0x908  audio_codec.o [1]
  .text               ro code  0x080fed80    0x2ec  stm32f7xx_hal_i2s.o [1]
  .text               ro code  0x080ff06c    0x36a  stm32f7xx_hal_uart.o [1]
  .text               ro code  0x080ff3d8     0xe0  XShHandles.o [3]
  .text               ro code  0x080ff4b8     0xd8  packbits_init.o [5]
  .text               ro code  0x080ff590     0xd6  xfspos.o [3]
  .text               ro code  0x080ff668     0xb0  fflush.o [3]
  .text               ro code  0x080ff718      0xa  xfgpos.o [3]
  .text               ro code  0x080ff722     0x4c  lseek.o [6]
  .text               ro code  0x080ff770      0xc  errno.o [3]
  .text               ro code  0x080ff77c      0x4  xsyslock_nop.o [3]
  .text               ro code  0x080ff780     0x10  write.o [6]
  .text               ro code  0x080ff790     0x1e  dwrite.o [6]
  .text               ro code  0x080ff7ae     0x20  iarwstd.o [6]
  .text               ro code  0x080ff7ce     0x22  iarwrite.o [6]
  .text               ro code  0x080ff7f0     0xb6  xfwprep.o [3]
  .text               ro code  0x080ff8a6     0x22  fseek.o [3]
  .text               ro code  0x080ff8c8     0x7c  xfofind.o [3]
  .text               ro code  0x080ff944     0x7a  fclose.o [3]
  .text               ro code  0x080ff9be     0x1a  close.o [6]
  .text               ro code  0x080ff9d8     0x16  remove.o [6]
  .text               ro code  0x080ff9f0     0x6c  stm32f7xx_it.o [1]
  .text               ro code  0x080ffa5c     0x6c  system_stm32f7xx.o [1]
  .text               ro code  0x080ffac8     0x58  xcloseall.o [3]
  .text               ro code  0x080ffb20     0x56  fputc.o [3]
  .text               ro code  0x080ffb76     0x40  zero_init3.o [5]
  .text               ro code  0x080ffbb8     0x28  data_init.o [5]
  .text               ro code  0x080ffbe0     0x22  fpinit_M.o [4]
  .iar.init_table     const    0x080ffc04     0x2c  - Linker created -
  .text               ro code  0x080ffc30     0x1a  cmain.o [5]
  .text               ro code  0x080ffc4a      0x4  low_level_init.o [3]
  .text               ro code  0x080ffc4e      0x4  exit.o [3]
  .text               ro code  0x080ffc54      0xe  cexit.o [5]
  .rodata             const    0x080ffc64     0x18  usbh_core.o [1]
  .text               ro code  0x080ffc7c     0x16  xprout.o [3]
  .text               ro code  0x080ffc94      0xc  putchar.o [3]
  .rodata             const    0x080ffca0     0x10  stm32f7xx_hal_rcc.o [1]
  .text               ro code  0x080ffcb0     0x10  startup_stm32f746xx.o [1]
  .text               ro code  0x080ffcc0      0xc  cstartup_M.o [5]
  .rodata             const    0x080ffccc      0x8  stm32746g_discovery.o [1]
  .text               ro code  0x080ffcd4      0x4  startup_stm32f746xx.o [1]
  .text               ro code  0x080ffcd8      0x4  startup_stm32f746xx.o [1]
  .text               ro code  0x080ffcdc      0x4  startup_stm32f746xx.o [1]
  .text               ro code  0x080ffce0      0x4  startup_stm32f746xx.o [1]
  .text               ro code  0x080ffce4      0x4  startup_stm32f746xx.o [1]
  .text               ro code  0x080ffce8      0x4  startup_stm32f746xx.o [1]
  .text               ro code  0x080ffcec      0x4  startup_stm32f746xx.o [1]
  .text               ro code  0x080ffcf0      0x4  startup_stm32f746xx.o [1]
  .text               ro code  0x080ffcf4      0x4  startup_stm32f746xx.o [1]
  .text               ro code  0x080ffcf8      0x4  startup_stm32f746xx.o [1]
  .text               ro code  0x080ffcfc      0x4  startup_stm32f746xx.o [1]
  .text               ro code  0x080ffd00      0x4  startup_stm32f746xx.o [1]
  .text               ro code  0x080ffd04      0x4  startup_stm32f746xx.o [1]
  .text               ro code  0x080ffd08      0x4  startup_stm32f746xx.o [1]
  .text               ro code  0x080ffd0c      0x4  startup_stm32f746xx.o [1]
  .text               ro code  0x080ffd10      0x4  startup_stm32f746xx.o [1]
  .text               ro code  0x080ffd14      0x4  startup_stm32f746xx.o [1]
  .text               ro code  0x080ffd18      0x4  startup_stm32f746xx.o [1]
  .text               ro code  0x080ffd1c      0x4  startup_stm32f746xx.o [1]
  .text               ro code  0x080ffd20      0x4  startup_stm32f746xx.o [1]
  .text               ro code  0x080ffd24      0x4  startup_stm32f746xx.o [1]
  .text               ro code  0x080ffd28      0x4  startup_stm32f746xx.o [1]
  .text               ro code  0x080ffd2c      0x4  startup_stm32f746xx.o [1]
  .text               ro code  0x080ffd30      0x4  startup_stm32f746xx.o [1]
  .text               ro code  0x080ffd34      0x4  startup_stm32f746xx.o [1]
  .text               ro code  0x080ffd38      0x4  startup_stm32f746xx.o [1]
  .text               ro code  0x080ffd3c      0x4  startup_stm32f746xx.o [1]
  .text               ro code  0x080ffd40      0x4  startup_stm32f746xx.o [1]
  .text               ro code  0x080ffd44      0x4  startup_stm32f746xx.o [1]
  .text               ro code  0x080ffd48      0x4  startup_stm32f746xx.o [1]
  .text               ro code  0x080ffd4c      0x4  startup_stm32f746xx.o [1]
  .text               ro code  0x080ffd50      0x4  startup_stm32f746xx.o [1]
  .text               ro code  0x080ffd54      0x4  startup_stm32f746xx.o [1]
  .text               ro code  0x080ffd58      0x4  startup_stm32f746xx.o [1]
  .text               ro code  0x080ffd5c      0x4  startup_stm32f746xx.o [1]
  .text               ro code  0x080ffd60      0x4  startup_stm32f746xx.o [1]
  .text               ro code  0x080ffd64      0x4  startup_stm32f746xx.o [1]
  .text               ro code  0x080ffd68      0x4  startup_stm32f746xx.o [1]
  .text               ro code  0x080ffd6c      0x4  startup_stm32f746xx.o [1]
  .text               ro code  0x080ffd70      0x4  startup_stm32f746xx.o [1]
  .text               ro code  0x080ffd74      0x4  startup_stm32f746xx.o [1]
  .text               ro code  0x080ffd78      0x4  startup_stm32f746xx.o [1]
  .text               ro code  0x080ffd7c      0x4  startup_stm32f746xx.o [1]
  .text               ro code  0x080ffd80      0x4  startup_stm32f746xx.o [1]
  .text               ro code  0x080ffd84      0x4  startup_stm32f746xx.o [1]
  .text               ro code  0x080ffd88      0x4  startup_stm32f746xx.o [1]
  .text               ro code  0x080ffd8c      0x4  startup_stm32f746xx.o [1]
  .text               ro code  0x080ffd90      0x4  startup_stm32f746xx.o [1]
  .text               ro code  0x080ffd94      0x4  startup_stm32f746xx.o [1]
  .text               ro code  0x080ffd98      0x4  startup_stm32f746xx.o [1]
  .text               ro code  0x080ffd9c      0x4  startup_stm32f746xx.o [1]
  .text               ro code  0x080ffda0      0x4  startup_stm32f746xx.o [1]
  .text               ro code  0x080ffda4      0x4  startup_stm32f746xx.o [1]
  .text               ro code  0x080ffda8      0x4  startup_stm32f746xx.o [1]
  .text               ro code  0x080ffdac      0x4  startup_stm32f746xx.o [1]
  .text               ro code  0x080ffdb0      0x4  startup_stm32f746xx.o [1]
  .text               ro code  0x080ffdb4      0x4  startup_stm32f746xx.o [1]
  .text               ro code  0x080ffdb8      0x4  startup_stm32f746xx.o [1]
  .text               ro code  0x080ffdbc      0x4  startup_stm32f746xx.o [1]
  .text               ro code  0x080ffdc0      0x4  startup_stm32f746xx.o [1]
  .text               ro code  0x080ffdc4      0x4  startup_stm32f746xx.o [1]
  .text               ro code  0x080ffdc8      0x4  startup_stm32f746xx.o [1]
  .text               ro code  0x080ffdcc      0x4  startup_stm32f746xx.o [1]
  .text               ro code  0x080ffdd0      0x4  startup_stm32f746xx.o [1]
  .text               ro code  0x080ffdd4      0x4  startup_stm32f746xx.o [1]
  .text               ro code  0x080ffdd8      0x4  startup_stm32f746xx.o [1]
  .text               ro code  0x080ffddc      0x4  startup_stm32f746xx.o [1]
  .text               ro code  0x080ffde0      0x4  startup_stm32f746xx.o [1]
  .text               ro code  0x080ffde4      0x4  startup_stm32f746xx.o [1]
  .text               ro code  0x080ffde8      0x4  startup_stm32f746xx.o [1]
  .text               ro code  0x080ffdec      0x4  startup_stm32f746xx.o [1]
  .text               ro code  0x080ffdf0      0x4  startup_stm32f746xx.o [1]
  .text               ro code  0x080ffdf4      0x4  startup_stm32f746xx.o [1]
  .text               ro code  0x080ffdf8      0x4  startup_stm32f746xx.o [1]
  .text               ro code  0x080ffdfc      0x4  startup_stm32f746xx.o [1]
  .text               ro code  0x080ffe00      0x4  startup_stm32f746xx.o [1]
  .text               ro code  0x080ffe04      0x4  startup_stm32f746xx.o [1]
  .text               ro code  0x080ffe08      0x4  startup_stm32f746xx.o [1]
  .text               ro code  0x080ffe0c      0x4  startup_stm32f746xx.o [1]
  .text               ro code  0x080ffe10      0x4  startup_stm32f746xx.o [1]
  .text               ro code  0x080ffe14      0x4  startup_stm32f746xx.o [1]
  .text               ro code  0x080ffe18      0x4  startup_stm32f746xx.o [1]
  .text               ro code  0x080ffe1c      0x4  startup_stm32f746xx.o [1]
  .text               ro code  0x080ffe20      0x4  startup_stm32f746xx.o [1]
  .text               ro code  0x080ffe24      0x4  startup_stm32f746xx.o [1]
  .text               ro code  0x080ffe28      0x4  startup_stm32f746xx.o [1]
  .text               ro code  0x080ffe2c      0x4  startup_stm32f746xx.o [1]
  .text               ro code  0x080ffe30      0x4  startup_stm32f746xx.o [1]
  .text               ro code  0x080ffe34      0x4  startup_stm32f746xx.o [1]
  .text               ro code  0x080ffe38      0x0  cstart_closeall.o [5]
  .rodata             const    0x080ffe38      0x0  zero_init3.o [5]
  .rodata             const    0x080ffe38      0x0  packbits_init.o [5]
  Initializer bytes   const    0x080ffe38     0x8a  <for P3 s0>
                             - 0x080ffec2  0xffcfa

"P3", part 1 of 3:                           0x16d
  P3 s0                        0x20010000    0x16d  <Init block>
    __DLIB_PERTHREAD  inited   0x20010000     0x74  setlocale.o [3]
    .data             inited   0x20010074     0x40  xfiles.o [3]
    .data             inited   0x200100b4     0x40  xfiles.o [3]
    .data             inited   0x200100f4     0x40  xfiles.o [3]
    .data             inited   0x20010134     0x20  xfiles.o [3]
    .data             inited   0x20010154      0x8  XShttio.o [3]
    .data             inited   0x2001015c      0x4  audio_codec.o [1]
    .data             inited   0x20010160      0x4  audio_codec.o [1]
    .data             inited   0x20010164      0x4  system_stm32f7xx.o [1]
    __DLIB_PERTHREAD  inited   0x20010168      0x4  errno.o [3]
    .data             inited   0x2001016c      0x1  waveplayer _CS43L22.o [1]
                             - 0x2001016d    0x16d

"P3", part 2 of 3:                          0xdfec
  .bss                zero     0x20010170   0x4810  main.o [1]
  .bss                zero     0x20014980   0x4810  main.o [1]
  .bss                zero     0x20019190   0x4810  main.o [1]
  .bss                zero     0x2001d9a0    0x294  usbh_conf.o [1]
  .bss                zero     0x2001dc34    0x1d8  dlmalloc.o [3]
  .bss                zero     0x2001de0c     0x80  XShHandles.o [3]
  .bss                zero     0x2001de8c     0x70  main.o [1]
  .bss                zero     0x2001defc     0x64  main.o [1]
  .bss                zero     0x2001df60     0x50  audio_codec.o [1]
  .bss                zero     0x2001dfb0     0x50  xfiles.o [3]
  .bss                zero     0x2001e000     0x50  xfiles.o [3]
  .bss                zero     0x2001e050     0x40  audio_codec.o [1]
  .bss                zero     0x2001e090     0x40  audio_codec.o [1]
  .bss                zero     0x2001e0d0     0x3c  audio_codec.o [1]
  .bss                zero     0x2001e10c     0x18  dlmalloc.o [3]
  .bss                zero     0x2001e124     0x14  main.o [1]
  .bss                zero     0x2001e138      0x4  audio_codec.o [1]
  .bss                zero     0x2001e13c      0x4  main.o [1]
  .bss                zero     0x2001e140      0x4  stm32f7xx_hal.o [1]
  .bss                zero     0x2001e144      0x4  stm32f7xx_it.o [1]
  .bss                zero     0x2001e148      0x4  xgetmemchunk.o [3]
  .bss                zero     0x2001e14c      0x2  main.o [1]
  .bss                zero     0x2001e14e      0x2  main.o [1]
  .bss                zero     0x2001e150      0x2  main.o [1]
  .bss                zero     0x2001e152      0x2  main.o [1]
  .bss                zero     0x2001e154      0x1  audio_codec.o [1]
  .bss                zero     0x2001e155      0x1  main.o [1]
  .bss                zero     0x2001e156      0x1  main.o [1]
  .bss                zero     0x2001e157      0x1  main.o [1]
  .bss                zero     0x2001e158      0x1  main.o [1]
                             - 0x2001e159   0xdfe9

"P3", part 3 of 3:                          0x4000
  CSTACK                       0x2001e160   0x2000  <Block>
    CSTACK            uninit   0x2001e160   0x2000  <Block tail>
  HEAP                         0x20020160   0x2000  <Block>
    HEAP              uninit   0x20020160   0x2000  <Block tail>
                             - 0x20022160   0x4000


*******************************************************************************
*** INIT TABLE
***

          Address     Size
          -------     ----
Zero (__iar_zero_init3)
    1 destination range, total size 0xdfe9:
          0x20010170  0xdfe9

Copy/packbits (__iar_packbits_init3)
    1 source range, total size 0x8a (37% of destination):
          0x080ffe38    0x8a
    1 destination range, total size 0x16d:
          0x20010000   0x16d



*******************************************************************************
*** MODULE SUMMARY
***

    Module                  ro code    ro data  rw data
    ------                  -------    -------  -------
H:\PhanLeSon\ActivNoise\Microphone\F7\Mic_Array_Project\Mic_Array\Projects\STM32746G\Applications\Audio\Mic_Array\EWARM\STM32F7\Obj: [1]
    audio_codec.o             2 312          3      281
    audio_sample.o                   1 003 384
    main.o                    1 796              55 592
    startup_stm32f746xx.o       828
    stm32746g_discovery.o       280          8
    stm32f7xx_hal.o             100                   4
    stm32f7xx_hal_cortex.o      388
    stm32f7xx_hal_dma.o      14 684
    stm32f7xx_hal_gpio.o        596
    stm32f7xx_hal_hcd.o       3 378
    stm32f7xx_hal_i2c.o       2 776
    stm32f7xx_hal_i2c_ex.o      132
    stm32f7xx_hal_i2s.o         748
    stm32f7xx_hal_pwr_ex.o      132
    stm32f7xx_hal_rcc.o       2 160         16
    stm32f7xx_hal_rcc_ex.o    1 744
    stm32f7xx_hal_spi.o         216
    stm32f7xx_hal_uart.o        874
    stm32f7xx_it.o              108                   4
    stm32f7xx_ll_usb.o          898
    system_stm32f7xx.o          108          2        4
    usbh_conf.o                  76                 660
    usbh_core.o                 188         24
    usbh_pipes.o                 36
    waveplayer _CS43L22.o        56          1        1
    ---------------------------------------------------
    Total:                   34 614  1 003 438   56 546

command line: [2]
    ---------------------------------------------------
    Total:

dl7M_tlf.a: [3]
    XShHandles.o                224                 128
    XShttio.o                     8          3        8
    abort.o                       6
    dlmalloc.o                5 360                 496
    errno.o                      12          1        4
    exit.o                        4
    fclose.o                    122
    fflush.o                    176
    fputc.o                      86
    fseek.o                      34
    low_level_init.o              4
    printf.o                     36
    putchar.o                    12
    setlocale.o                  20         43      116
    xcloseall.o                  88
    xencoding_sb.o               96
    xfgpos.o                     10
    xfiles.o                                85      384
    xfofind.o                   124
    xfspos.o                    214
    xfwprep.o                   182
    xgetmemchunk.o               44                   4
    xmbcurmax.o                  10
    xmbtowc.o                    32
    xprintfsmall.o            1 988
    xprout.o                     22
    xsyslock_nop.o                4
    xtls.o                        2
    xwctomb.o                    26
    ---------------------------------------------------
    Total:                    8 946        132    1 140

m7M_tls.a: [4]
    fpinit_M.o                   34
    ---------------------------------------------------
    Total:                       34

rt7M_tl.a: [5]
    ABImemcpy_unaligned.o       118
    cexit.o                      14
    cmain.o                      26
    cstart_closeall.o
    cstartup_M.o                 12
    data_init.o                  40
    memchr.o                     88
    packbits_init.o             216
    strchr.o                     22
    strlen.o                     54
    zero_init3.o                 64
    ---------------------------------------------------
    Total:                      654

shb_l.a: [6]
    close.o                      26
    dwrite.o                     30
    exit.o                       20
    iarttio.o                   108
    iarwrite.o                   34
    iarwstd.o                    32
    lseek.o                      76
    remove.o                     22
    write.o                      16
    ---------------------------------------------------
    Total:                      364

    Gaps                         28          4
    Linker created                          44   16 384
-------------------------------------------------------
    Grand Total:             44 640  1 003 618   74 070


*******************************************************************************
*** ENTRY LIST
***

Entry                      Address     Size  Type      Object
-----                      -------     ----  ----      ------
.iar.init_table$$Base   0x080ffc04            --   Gb  - Linker created -
.iar.init_table$$Limit  0x080ffc30            --   Gb  - Linker created -
?main                   0x080ffc31           Code  Gb  cmain.o [5]
APBAHBPrescTable        0x080ffca0     0x10  Data  Gb  stm32f7xx_hal_rcc.o [1]
AUDIO_GetSampleCallBack
                        0x080fcf73      0x4  Code  Gb  waveplayer _CS43L22.o [1]
AUDIO_Init              0x080fe479     0x3a  Code  Gb  audio_codec.o [1]
AUDIO_Play              0x080fe4b3     0x72  Code  Gb  audio_codec.o [1]
AUDIO_SAMPLE            0x080001c8  0xf4f78  Data  Gb  audio_sample.o [1]
AUDIO_TransferComplete_CallBack
                        0x080fcf71      0x2  Code  Gb  waveplayer _CS43L22.o [1]
AudioFlashPlay          0x080fcf5d     0x14  Code  Gb  waveplayer _CS43L22.o [1]
AudioRemSize            0x20010160      0x4  Data  Gb  audio_codec.o [1]
AudioTotalSize          0x2001015c      0x4  Data  Gb  audio_codec.o [1]
Audio_MAL_IRQHandler    0x080fe525    0x1f8  Code  Lc  audio_codec.o [1]
Audio_MAL_Play          0x080fea33     0x20  Code  Gb  audio_codec.o [1]
BSP_LED_Init            0x080fce31     0xc8  Code  Gb  stm32746g_discovery.o [1]
BSP_LED_Toggle          0x080fcef9     0x42  Code  Gb  stm32746g_discovery.o [1]
Buffer1                 0x20010170   0x4810  Data  Gb  main.o [1]
Buffer2                 0x20014980   0x4810  Data  Gb  main.o [1]
Buffer3                 0x20019190   0x4810  Data  Gb  main.o [1]
BusFault_Handler        0x080ff9f7      0x2  Code  Gb  stm32f7xx_it.o [1]
CPU_CACHE_Enable        0x080fc903      0xc  Code  Lc  main.o [1]
CSTACK$$Base            0x2001e160            --   Gb  - Linker created -
CSTACK$$Limit           0x20020160            --   Gb  - Linker created -
Codec_AudioInterface_Init
                        0x080fe945     0x9a  Code  Lc  audio_codec.o [1]
Codec_CtrlInterface_Init
                        0x080fe93d      0x8  Code  Lc  audio_codec.o [1]
Codec_GPIO_Init         0x080fe9df     0x40  Code  Lc  audio_codec.o [1]
Codec_Init              0x080fe753     0xb4  Code  Lc  audio_codec.o [1]
Codec_Play              0x080fe807      0x4  Code  Lc  audio_codec.o [1]
Codec_ReadRegister      0x080fe8d9     0x64  Code  Lc  audio_codec.o [1]
Codec_Reset             0x080fe85d     0x24  Code  Lc  audio_codec.o [1]
Codec_TIMEOUT_UserCallback
                        0x080fcf77      0x4  Code  Gb  waveplayer _CS43L22.o [1]
Codec_VolumeCtrl        0x080fe80b     0x52  Code  Lc  audio_codec.o [1]
Codec_WriteRegister     0x080fe881     0x58  Code  Lc  audio_codec.o [1]
CurrentPos              0x2001e138      0x4  Data  Gb  audio_codec.o [1]
DMA1_Stream0_IRQHandler
                        0x080fe72b      0x8  Code  Gb  audio_codec.o [1]
DMA1_Stream7_IRQHandler
                        0x080fe71d      0xe  Code  Gb  audio_codec.o [1]
DMA_SetConfig           0x080f5141     0x2e  Code  Lc  stm32f7xx_hal_dma.o [1]
DebugMon_Handler        0x080ff9fd      0x2  Code  Gb  stm32f7xx_it.o [1]
Delay                   0x080fea1f     0x14  Code  Lc  audio_codec.o [1]
DmaHandle               0x2001df60     0x50  Data  Gb  audio_codec.o [1]
EXTI4_IRQHandler        0x080fccf3     0x36  Code  Gb  main.o [1]
GPIO_INS                0x2001e124     0x14  Data  Gb  main.o [1]
GPIO_PIN                0x080ffccc      0x8  Data  Gb  stm32746g_discovery.o [1]
HAL_DMA_DeInit          0x080f51f1    0xfe8  Code  Gb  stm32f7xx_hal_dma.o [1]
HAL_DMA_IRQHandler      0x080f62b1   0x2798  Code  Gb  stm32f7xx_hal_dma.o [1]
HAL_DMA_Init            0x080f516f     0x7c  Code  Gb  stm32f7xx_hal_dma.o [1]
HAL_DMA_Start_IT        0x080f6229     0x86  Code  Gb  stm32f7xx_hal_dma.o [1]
HAL_GPIO_Init           0x080fcf81    0x1f6  Code  Gb  stm32f7xx_hal_gpio.o [1]
HAL_GPIO_TogglePin      0x080fd18b      0xa  Code  Gb  stm32f7xx_hal_gpio.o [1]
HAL_GPIO_WritePin       0x080fd177     0x14  Code  Gb  stm32f7xx_hal_gpio.o [1]
HAL_GetTick             0x080fce21      0x6  Code  Wk  stm32f7xx_hal.o [1]
HAL_HCD_Connect_Callback
                        0x080fb10f      0xe  Code  Gb  usbh_conf.o [1]
HAL_HCD_Disconnect_Callback
                        0x080fb11d      0xe  Code  Gb  usbh_conf.o [1]
HAL_HCD_HC_NotifyURBChange_Callback
                        0x080fb12b      0x2  Code  Gb  usbh_conf.o [1]
HAL_HCD_IRQHandler      0x080fa049    0x13c  Code  Gb  stm32f7xx_hal_hcd.o [1]
HAL_HCD_SOF_Callback    0x080fb101      0xe  Code  Gb  usbh_conf.o [1]
HAL_HCD_Start           0x080fa185     0x2e  Code  Gb  stm32f7xx_hal_hcd.o [1]
HAL_HCD_Stop            0x080fa1b3     0x26  Code  Gb  stm32f7xx_hal_hcd.o [1]
HAL_I2CEx_ConfigAnalogFilter
                        0x080fe31d     0x84  Code  Gb  stm32f7xx_hal_i2c_ex.o [1]
HAL_I2C_EV_IRQHandler   0x080fbf69    0x12e  Code  Gb  stm32f7xx_hal_i2c.o [1]
HAL_I2C_ErrorCallback   0x080fc0a3      0x2  Code  Wk  stm32f7xx_hal_i2c.o [1]
HAL_I2C_GetError        0x080fc0a5      0x4  Code  Gb  stm32f7xx_hal_i2c.o [1]
HAL_I2C_Init            0x080fbbf1     0xbc  Code  Gb  stm32f7xx_hal_i2c.o [1]
HAL_I2C_MasterRxCpltCallback
                        0x080fc099      0x2  Code  Wk  stm32f7xx_hal_i2c.o [1]
HAL_I2C_MasterTxCpltCallback
                        0x080fc097      0x2  Code  Wk  stm32f7xx_hal_i2c.o [1]
HAL_I2C_Master_Receive  0x080fbe0b    0x158  Code  Gb  stm32f7xx_hal_i2c.o [1]
HAL_I2C_Master_Transmit
                        0x080fbcad    0x15e  Code  Gb  stm32f7xx_hal_i2c.o [1]
HAL_I2C_MemRxCpltCallback
                        0x080fc0a1      0x2  Code  Wk  stm32f7xx_hal_i2c.o [1]
HAL_I2C_MemTxCpltCallback
                        0x080fc09f      0x2  Code  Wk  stm32f7xx_hal_i2c.o [1]
HAL_I2C_MspInit         0x080fc971     0xc6  Code  Gb  main.o [1]
HAL_I2C_SlaveRxCpltCallback
                        0x080fc09d      0x2  Code  Wk  stm32f7xx_hal_i2c.o [1]
HAL_I2C_SlaveTxCpltCallback
                        0x080fc09b      0x2  Code  Wk  stm32f7xx_hal_i2c.o [1]
HAL_I2S_ErrorCallback   0x080fef69      0x2  Code  Wk  stm32f7xx_hal_i2s.o [1]
HAL_I2S_Init            0x080fed81    0x126  Code  Gb  stm32f7xx_hal_i2s.o [1]
HAL_I2S_MspInit         0x080fea59    0x2a6  Code  Gb  audio_codec.o [1]
HAL_I2S_Transmit_DMA    0x080feea7     0xbe  Code  Gb  stm32f7xx_hal_i2s.o [1]
HAL_I2S_TxCpltCallback  0x080fef67      0x2  Code  Wk  stm32f7xx_hal_i2s.o [1]
HAL_I2S_TxHalfCpltCallback
                        0x080fef65      0x2  Code  Wk  stm32f7xx_hal_i2s.o [1]
HAL_IncTick             0x080fce15      0xc  Code  Wk  stm32f7xx_hal.o [1]
HAL_Init                0x080fcdcd     0x22  Code  Gb  stm32f7xx_hal.o [1]
HAL_InitTick            0x080fcdf1     0x24  Code  Wk  stm32f7xx_hal.o [1]
HAL_MspInit             0x080fcdef      0x2  Code  Wk  stm32f7xx_hal.o [1]
HAL_NVIC_DisableIRQ     0x080fd2f9      0xe  Code  Gb  stm32f7xx_hal_cortex.o [1]
HAL_NVIC_EnableIRQ      0x080fd2eb      0xe  Code  Gb  stm32f7xx_hal_cortex.o [1]
HAL_NVIC_SetPriority    0x080fd2c5     0x26  Code  Gb  stm32f7xx_hal_cortex.o [1]
HAL_NVIC_SetPriorityGrouping
                        0x080fd2b9      0xc  Code  Gb  stm32f7xx_hal_cortex.o [1]
HAL_PWREx_EnableOverDrive
                        0x080fdbc9     0x76  Code  Gb  stm32f7xx_hal_pwr_ex.o [1]
HAL_RCCEx_PeriphCLKConfig
                        0x080fdc4d    0x6a8  Code  Gb  stm32f7xx_hal_rcc_ex.o [1]
HAL_RCC_ClockConfig     0x080fd871    0x256  Code  Gb  stm32f7xx_hal_rcc.o [1]
HAL_RCC_GetHCLKFreq     0x080fdb6b     0x28  Code  Gb  stm32f7xx_hal_rcc.o [1]
HAL_RCC_GetSysClockFreq
                        0x080fdac7     0xa4  Code  Gb  stm32f7xx_hal_rcc.o [1]
HAL_RCC_OscConfig       0x080fd359    0x518  Code  Gb  stm32f7xx_hal_rcc.o [1]
HAL_SPI_Init            0x080fe3a1     0xd8  Code  Gb  stm32f7xx_hal_spi.o [1]
HAL_SPI_MspInit         0x080fca37     0xf4  Code  Gb  main.o [1]
HAL_SYSTICK_CLKSourceConfig
                        0x080fd313     0x20  Code  Gb  stm32f7xx_hal_cortex.o [1]
HAL_SYSTICK_Config      0x080fd307      0xc  Code  Gb  stm32f7xx_hal_cortex.o [1]
HAL_UART_ErrorCallback  0x080ff247      0x2  Code  Wk  stm32f7xx_hal_uart.o [1]
HAL_UART_IRQHandler     0x080ff06d     0xf8  Code  Gb  stm32f7xx_hal_uart.o [1]
HAL_UART_RxCpltCallback
                        0x080ff245      0x2  Code  Wk  stm32f7xx_hal_uart.o [1]
HAL_UART_TxCpltCallback
                        0x080ff243      0x2  Code  Wk  stm32f7xx_hal_uart.o [1]
HCD_HC_IN_IRQHandler    0x080fa1d9    0x4f0  Code  Lc  stm32f7xx_hal_hcd.o [1]
HCD_HC_OUT_IRQHandler   0x080fa6c9    0x4d8  Code  Lc  stm32f7xx_hal_hcd.o [1]
HCD_Port_IRQHandler     0x080fac9d     0xde  Code  Lc  stm32f7xx_hal_hcd.o [1]
HCD_RXQLVL_IRQHandler   0x080faba1     0xf8  Code  Lc  stm32f7xx_hal_hcd.o [1]
HEAP$$Base              0x20020160            --   Gb  - Linker created -
HEAP$$Limit             0x20022160            --   Gb  - Linker created -
HardFault_Handler       0x080ff9f3      0x2  Code  Gb  stm32f7xx_it.o [1]
I2C1_EV_IRQHandler      0x080ffa35      0xa  Code  Gb  stm32f7xx_it.o [1]
I2C_IsAcknowledgeFailed
                        0x080fc5f7     0x9e  Code  Lc  stm32f7xx_hal_i2c.o [1]
I2C_MasterReceive_ISR   0x080fc1fd    0x152  Code  Lc  stm32f7xx_hal_i2c.o [1]
I2C_MasterTransmit_ISR  0x080fc0a9    0x152  Code  Lc  stm32f7xx_hal_i2c.o [1]
I2C_SlaveReceive_ISR    0x080fc411     0xae  Code  Lc  stm32f7xx_hal_i2c.o [1]
I2C_SlaveTransmit_ISR   0x080fc34f     0xc2  Code  Lc  stm32f7xx_hal_i2c.o [1]
I2C_TransferConfig      0x080fc695     0x2a  Code  Lc  stm32f7xx_hal_i2c.o [1]
I2C_WaitOnFlagUntilTimeout
                        0x080fc4c5     0x8e  Code  Lc  stm32f7xx_hal_i2c.o [1]
I2C_WaitOnSTOPFlagUntilTimeout
                        0x080fc5a7     0x50  Code  Lc  stm32f7xx_hal_i2c.o [1]
I2C_WaitOnTXISFlagUntilTimeout
                        0x080fc553     0x54  Code  Lc  stm32f7xx_hal_i2c.o [1]
I2S_DMAError            0x080ff03d     0x30  Code  Lc  stm32f7xx_hal_i2s.o [1]
I2S_DMATxCplt           0x080fefe9     0x42  Code  Lc  stm32f7xx_hal_i2s.o [1]
I2S_DMATxHalfCplt       0x080ff02d      0xe  Code  Lc  stm32f7xx_hal_i2s.o [1]
I2S_GetClockFreq        0x080fef6b     0x66  Code  Lc  stm32f7xx_hal_i2s.o [1]
InStream_Read           0x080ff4b9     0x22  Code  Lc  packbits_init.o [5]
LoadInt                 0x080fb681     0x4c  Code  Lc  xprintfsmall.o [3]
MX_I2C1_Init            0x080fc90f     0x62  Code  Gb  main.o [1]
MX_SPI5_Init            0x080fcb2b     0x7e  Code  Gb  main.o [1]
MemManage_Handler       0x080ff9f5      0x2  Code  Gb  stm32f7xx_it.o [1]
NMI_Handler             0x080ff9f1      0x2  Code  Gb  stm32f7xx_it.o [1]
NVIC_DisableIRQ         0x080fd211     0x14  Code  Lc  stm32f7xx_hal_cortex.o [1]
NVIC_EnableIRQ          0x080fd1fd     0x14  Code  Lc  stm32f7xx_hal_cortex.o [1]
NVIC_EncodePriority     0x080fd24b     0x3e  Code  Lc  stm32f7xx_hal_cortex.o [1]
NVIC_GetPriorityGrouping
                        0x080fd1f3      0xa  Code  Lc  stm32f7xx_hal_cortex.o [1]
NVIC_SetPriority        0x080fd225     0x26  Code  Lc  stm32f7xx_hal_cortex.o [1]
NVIC_SetPriorityGrouping
                        0x080fd1d5     0x1e  Code  Lc  stm32f7xx_hal_cortex.o [1]
OTG_FS_IRQHandler       0x080ffa3f      0xa  Code  Gb  stm32f7xx_it.o [1]
OutputDev               0x2001e154      0x1  Data  Gb  audio_codec.o [1]
PendSV_Handler          0x080ff9ff      0x2  Code  Gb  stm32f7xx_it.o [1]
Region$$Table$$Base     0x080ffc04            --   Gb  - Linker created -
Region$$Table$$Limit    0x080ffc30            --   Gb  - Linker created -
SCB_EnableDCache        0x080fc6f3     0x64  Code  Lc  main.o [1]
SCB_EnableICache        0x080fc6c9     0x2a  Code  Lc  main.o [1]
SPI3_IRQHandler         0x080fe733     0x20  Code  Gb  audio_codec.o [1]
SPI5_IRQHandler         0x080fcba9    0x144  Code  Gb  main.o [1]
SPI_I2S_ReceiveData     0x080fcced      0x6  Code  Lc  main.o [1]
SPI_I2S_SendData        0x080fea53      0x6  Code  Lc  audio_codec.o [1]
SVC_Handler             0x080ff9fb      0x2  Code  Gb  stm32f7xx_it.o [1]
SysTick_Config          0x080fd289     0x30  Code  Lc  stm32f7xx_hal_cortex.o [1]
SysTick_Handler         0x080ffa01     0x2a  Code  Gb  stm32f7xx_it.o [1]
SystemClock_Config      0x080fc82b     0xd8  Code  Lc  main.o [1]
SystemCoreClock         0x20010164      0x4  Data  Gb  system_stm32f7xx.o [1]
SystemInit              0x080ffa5d     0x4c  Code  Gb  system_stm32f7xx.o [1]
Toggle_Leds             0x080fc80f     0x1c  Code  Gb  main.o [1]
UART_EndTransmit_IT     0x080ff2f5     0x3c  Code  Lc  stm32f7xx_hal_uart.o [1]
UART_Receive_IT         0x080ff331     0xa6  Code  Lc  stm32f7xx_hal_uart.o [1]
UART_Transmit_IT        0x080ff249     0xac  Code  Lc  stm32f7xx_hal_uart.o [1]
UART_WaitOnFlagUntilTimeout
                        0x080ff165     0xde  Code  Gb  stm32f7xx_hal_uart.o [1]
USART6_IRQHandler       0x080ffa2b      0xa  Code  Gb  stm32f7xx_it.o [1]
USBH_FreePipe           0x080fb209     0x24  Code  Gb  usbh_pipes.o [1]
USBH_HandleSof          0x080fb163     0x1e  Code  Lc  usbh_core.o [1]
USBH_LL_Connect         0x080fb181     0x32  Code  Gb  usbh_core.o [1]
USBH_LL_Disconnect      0x080fb1b3     0x4c  Code  Gb  usbh_core.o [1]
USBH_LL_IncTimer        0x080fb14d     0x16  Code  Gb  usbh_core.o [1]
USBH_LL_Start           0x080fb12d     0x10  Code  Gb  usbh_conf.o [1]
USBH_LL_Stop            0x080fb13d     0x10  Code  Gb  usbh_conf.o [1]
USB_DisableGlobalInt    0x080fad8b      0xe  Code  Gb  stm32f7xx_ll_usb.o [1]
USB_DriveVbus           0x080fae71     0x4a  Code  Gb  stm32f7xx_ll_usb.o [1]
USB_EnableGlobalInt     0x080fad7d      0xe  Code  Gb  stm32f7xx_ll_usb.o [1]
USB_FlushRxFifo         0x080fadbd     0x20  Code  Gb  stm32f7xx_ll_usb.o [1]
USB_FlushTxFifo         0x080fad99     0x24  Code  Gb  stm32f7xx_ll_usb.o [1]
USB_GetMode             0x080fae17      0x8  Code  Gb  stm32f7xx_ll_usb.o [1]
USB_HC_Halt             0x080faec5    0x186  Code  Gb  stm32f7xx_ll_usb.o [1]
USB_HC_ReadInterrupt    0x080faebb      0xa  Code  Gb  stm32f7xx_ll_usb.o [1]
USB_InitFSLSPClkSel     0x080fae25     0x4c  Code  Gb  stm32f7xx_ll_usb.o [1]
USB_ReadInterrupts      0x080fae09      0xe  Code  Gb  stm32f7xx_ll_usb.o [1]
USB_ReadPacket          0x080faddd     0x2c  Code  Gb  stm32f7xx_ll_usb.o [1]
USB_StopHost            0x080fb04b     0xb4  Code  Gb  stm32f7xx_ll_usb.o [1]
UsageFault_Handler      0x080ff9f9      0x2  Code  Gb  stm32f7xx_it.o [1]
WavePlayerInit          0x080fcf49     0x14  Code  Gb  waveplayer _CS43L22.o [1]
_Close_all              0x080ffac9     0x58  Code  Gb  xcloseall.o [3]
_EncodingSb_Mbtowc      0x080fbba7     0x30  Code  Gb  xencoding_sb.o [3]
_EncodingSb_Wctomb      0x080fbb8d     0x1a  Code  Gb  xencoding_sb.o [3]
_Files                  0x20010134     0x20  Data  Gb  xfiles.o [3]
_Fofree                 0x080ff8c9     0x78  Code  Gb  xfofind.o [3]
_Fspos                  0x080ff591     0xd6  Code  Gb  xfspos.o [3]
_Fwprep                 0x080ff7f1     0xb6  Code  Gb  xfwprep.o [3]
_IsdstStr               0x20010004      0x4  Data  Gb  setlocale.o [3]
_LitobSmall             0x080fb8ff     0xce  Code  Lc  xprintfsmall.o [3]
_LocaleEncoding         0x080fbb79      0xe  Code  Gb  setlocale.o [3]
_LocaleReturnString     0x20010024     0x50  Data  Lc  setlocale.o [3]
_Locale_Profile         0x20010008     0x1c  Data  Gb  setlocale.o [3]
_Mbtowc                 0x080fba15     0x20  Code  Gb  xmbtowc.o [3]
_Nnl                    0x080ff719      0xa  Code  Gb  xfgpos.o [3]
_PrintfSmall            0x080fb251    0x430  Code  Gb  xprintfsmall.o [3]
_Prout                  0x080ffc7d     0x16  Code  Gb  xprout.o [3]
_PutcharsSmall          0x080fb9cd     0x2e  Code  Lc  xprintfsmall.o [3]
_PutstrSmall            0x080fb6cd    0x228  Code  Lc  xprintfsmall.o [3]
_TzoneStr               0x20010000      0x4  Data  Gb  setlocale.o [3]
_Wctomb                 0x080fbae7     0x1a  Code  Gb  xwctomb.o [3]
__aeabi_errno_addr      0x080ff771      0x6  Code  Gb  errno.o [3]
__cexit_closeall        0x080ffc57           Code  Gb  cexit.o [5]
__close                 0x080ff9bf     0x1a  Code  Gb  close.o [6]
__cmain                 0x080ffc31           Code  Gb  cmain.o [5]
__cstart_closeall       0x080ffe38           Data  Gb  cstart_closeall.o [5]
__data_GetMemChunk      0x080f9f95     0x2c  Code  Gb  xgetmemchunk.o [3]
__dwrite                0x080ff791     0x1e  Code  Gb  dwrite.o [6]
__exit                  0x080f9fc1     0x14  Code  Gb  exit.o [6]
__iar_Errno             0x20010168      0x4  Data  Gb  errno.o [3]
__iar_Lockfilelock      0x080ff77d      0x2  Code  Gb  xsyslock_nop.o [3]
__iar_Mbcurmax          0x080fbadd      0xa  Code  Gb  xmbcurmax.o [3]
__iar_Memchr            0x080fba85           Code  Gb  memchr.o [5]
__iar_Stderr            0x200100f4     0x40  Data  Gb  xfiles.o [3]
__iar_Stdin             0x20010074     0x40  Data  Gb  xfiles.o [3]
__iar_Stdout            0x200100b4     0x40  Data  Gb  xfiles.o [3]
__iar_Strchr            0x080fba35           Code  Gb  strchr.o [5]
__iar_Unlockfilelock    0x080ff77f      0x2  Code  Gb  xsyslock_nop.o [3]
__iar_close_ttio        0x080f9fd5     0x2e  Code  Gb  iarttio.o [6]
__iar_data_init3        0x080ffbb9     0x28  Code  Gb  data_init.o [5]
__iar_dlfree            0x080f9a73    0x510  Code  Gb  dlmalloc.o [3]
__iar_dlib_perthread_access
                        0x080fbbed      0x2  Code  Gb  xtls.o [3]
__iar_dlmalloc          0x080f97bd    0x2aa  Code  Gb  dlmalloc.o [3]
__iar_get_ttio          0x080fa005     0x38  Code  Gb  iarttio.o [6]
__iar_init_vfp          0x080ffbe1           Code  Gb  fpinit_M.o [4]
__iar_lookup_ttioh      0x080fa041      0x8  Code  Gb  XShttio.o [3]
__iar_packbits_init3    0x080ff4db     0xb6  Code  Gb  packbits_init.o [5]
__iar_program_start     0x080ffcc1           Code  Gb  cstartup_M.o [5]
__iar_sh_Discard        0x080ff3d9     0x44  Code  Gb  XShHandles.o [3]
__iar_sh_Move           0x080ff423     0x4c  Code  Gb  XShHandles.o [3]
__iar_sh_Pos            0x080ff46f     0x44  Code  Gb  XShHandles.o [3]
__iar_sh_stdout         0x080ff7af     0x20  Code  Gb  iarwstd.o [6]
__iar_sh_write          0x080ff7cf     0x22  Code  Gb  iarwrite.o [6]
__iar_ttio_handles      0x20010154      0x8  Data  Lc  XShttio.o [3]
__iar_unaligned___aeabi_memcpy
                        0x080fbb01           Code  Gb  ABImemcpy_unaligned.o [5]
__iar_unaligned___aeabi_memcpy4
                        0x080fbb21           Code  Gb  ABImemcpy_unaligned.o [5]
__iar_unaligned___aeabi_memcpy8
                        0x080fbb21           Code  Gb  ABImemcpy_unaligned.o [5]
__iar_zero_init3        0x080ffb77     0x40  Code  Gb  zero_init3.o [5]
__low_level_init        0x080ffc4b      0x4  Code  Gb  low_level_init.o [3]
__lseek                 0x080ff723     0x4c  Code  Gb  lseek.o [6]
__vector_table          0x08000000           Data  Gb  startup_stm32f746xx.o [1]
__write                 0x080ff781     0x10  Code  Gb  write.o [6]
_call_main              0x080ffc3d           Code  Gb  cmain.o [5]
_exit                   0x080ffc55           Code  Gb  cexit.o [5]
_gm_                    0x2001dc34    0x1d8  Data  Lc  dlmalloc.o [3]
_main                   0x080ffc47           Code  Gb  cmain.o [5]
abort                   0x080f9f8d      0x6  Code  Gb  abort.o [3]
cntOS                   0x2001e144      0x4  Data  Gb  stm32f7xx_it.o [1]
cntRisingEXTI           0x2001e150      0x2  Data  Gb  main.o [1]
ebuf                    0x2001dfb0     0x50  Data  Lc  xfiles.o [3]
exit                    0x080ffc4f      0x4  Code  Gb  exit.o [3]
fclose                  0x080ff945     0x7a  Code  Gb  fclose.o [3]
fflush                  0x080ff6df     0x34  Code  Gb  fflush.o [3]
fflushOne               0x080ff669     0x76  Code  Lc  fflush.o [3]
flg10ms                 0x2001e155      0x1  Data  Gb  main.o [1]
flgSTAIni               0x2001e156      0x1  Data  Gb  main.o [1]
fputc                   0x080ffb21     0x56  Code  Gb  fputc.o [3]
fseek                   0x080ff8a7     0x22  Code  Gb  fseek.o [3]
hhcd                    0x2001d9a0    0x294  Data  Gb  usbh_conf.o [1]
hi2c1                   0x2001e0d0     0x3c  Data  Gb  audio_codec.o [1]
hi2s3                   0x2001e050     0x40  Data  Gb  audio_codec.o [1]
hspi5                   0x2001defc     0x64  Data  Gb  main.o [1]
huart6                  0x2001de8c     0x70  Data  Gb  main.o [1]
idxSPI5DataBuf1         0x2001e14c      0x2  Data  Gb  main.o [1]
idxSPI5DataBuf2         0x2001e14e      0x2  Data  Gb  main.o [1]
init_mparams            0x080f8ab7     0x32  Code  Lc  dlmalloc.o [3]
init_top                0x080f8ae9     0x34  Code  Lc  dlmalloc.o [3]
main                    0x080fc757     0xb8  Code  Gb  main.o [1]
memchr                  0x080fba85           Code  Gb  memchr.o [5]
mparams                 0x2001e10c     0x18  Data  Lc  dlmalloc.o [3]
obuf                    0x2001e000     0x50  Data  Lc  xfiles.o [3]
prepend_alloc           0x080f8b1d    0x36c  Code  Lc  dlmalloc.o [3]
printf                  0x080fb22d     0x24  Code  Gb  printf.o [3]
putchar                 0x080ffc95      0xc  Code  Gb  putchar.o [3]
remove                  0x080ff9d9     0x16  Code  Gb  remove.o [6]
sFileInfo               0x2001de0c     0x80  Data  Lc  XShHandles.o [3]
segment_holding         0x080f8a9d     0x1a  Code  Lc  dlmalloc.o [3]
strchr                  0x080fba35           Code  Gb  strchr.o [5]
strlen                  0x080fba4d           Code  Gb  strlen.o [5]
sys_alloc               0x080f8e89    0x386  Code  Lc  dlmalloc.o [3]
tmalloc_large           0x080f921d    0x390  Code  Lc  dlmalloc.o [3]
tmalloc_small           0x080f95ad    0x210  Code  Lc  dlmalloc.o [3]
uwTick                  0x2001e140      0x4  Data  Lc  stm32f7xx_hal.o [1]
volume                  0x2001016c      0x1  Data  Gb  waveplayer _CS43L22.o [1]


[1] = H:\PhanLeSon\ActivNoise\Microphone\F7\Mic_Array_Project\Mic_Array\Projects\STM32746G\Applications\Audio\Mic_Array\EWARM\STM32F7\Obj
[2] = command line
[3] = dl7M_tlf.a
[4] = m7M_tls.a
[5] = rt7M_tl.a
[6] = shb_l.a

     44 640 bytes of readonly  code memory
  1 003 618 bytes of readonly  data memory
     74 070 bytes of readwrite data memory

Errors: none
Warnings: none
