###############################################################################
#
# IAR ELF Linker V7.50.2.10312/W32 for ARM                20/Feb/2016  20:49:08
# Copyright 2007-2015 IAR Systems AB.
#
#    Output file  =  
#        H:\PhanLeSon\ActivNoise\Microphone\F7\Mic_Array_Project\Mic_Array\Projects\STM32746G\Applications\Audio\Mic_Array\EWARM\STM32F7\Exe\Project.out
#    Map file     =  
#        H:\PhanLeSon\ActivNoise\Microphone\F7\Mic_Array_Project\Mic_Array\Projects\STM32746G\Applications\Audio\Mic_Array\EWARM\STM32F7\List\Project.map
#    Command line =  
#        H:\PhanLeSon\ActivNoise\Microphone\F7\Mic_Array_Project\Mic_Array\Projects\STM32746G\Applications\Audio\Mic_Array\EWARM\STM32F7\Obj\audio_application.o
#        H:\PhanLeSon\ActivNoise\Microphone\F7\Mic_Array_Project\Mic_Array\Projects\STM32746G\Applications\Audio\Mic_Array\EWARM\STM32F7\Obj\audio_codec.o
#        H:\PhanLeSon\ActivNoise\Microphone\F7\Mic_Array_Project\Mic_Array\Projects\STM32746G\Applications\Audio\Mic_Array\EWARM\STM32F7\Obj\DSP.o
#        H:\PhanLeSon\ActivNoise\Microphone\F7\Mic_Array_Project\Mic_Array\Projects\STM32746G\Applications\Audio\Mic_Array\EWARM\STM32F7\Obj\ff.o
#        H:\PhanLeSon\ActivNoise\Microphone\F7\Mic_Array_Project\Mic_Array\Projects\STM32746G\Applications\Audio\Mic_Array\EWARM\STM32F7\Obj\ft5336.o
#        H:\PhanLeSon\ActivNoise\Microphone\F7\Mic_Array_Project\Mic_Array\Middlewares\ST\STM32_Audio\Addons\PDM\libPDMFilter_CM7_IAR.a
#        H:\PhanLeSon\ActivNoise\Microphone\F7\Mic_Array_Project\Mic_Array\Projects\STM32746G\Applications\Audio\Mic_Array\EWARM\STM32F7\Obj\main.o
#        H:\PhanLeSon\ActivNoise\Microphone\F7\Mic_Array_Project\Mic_Array\Projects\STM32746G\Applications\Audio\Mic_Array\EWARM\STM32F7\Obj\sta321mp.o
#        H:\PhanLeSon\ActivNoise\Microphone\F7\Mic_Array_Project\Mic_Array\Projects\STM32746G\Applications\Audio\Mic_Array\EWARM\STM32F7\Obj\startup_stm32f746xx.o
#        H:\PhanLeSon\ActivNoise\Microphone\F7\Mic_Array_Project\Mic_Array\Projects\STM32746G\Applications\Audio\Mic_Array\EWARM\STM32F7\Obj\stm32746g_discovery.o
#        H:\PhanLeSon\ActivNoise\Microphone\F7\Mic_Array_Project\Mic_Array\Projects\STM32746G\Applications\Audio\Mic_Array\EWARM\STM32F7\Obj\stm32746g_discovery_lcd.o
#        H:\PhanLeSon\ActivNoise\Microphone\F7\Mic_Array_Project\Mic_Array\Projects\STM32746G\Applications\Audio\Mic_Array\EWARM\STM32F7\Obj\stm32746g_discovery_sdram.o
#        H:\PhanLeSon\ActivNoise\Microphone\F7\Mic_Array_Project\Mic_Array\Projects\STM32746G\Applications\Audio\Mic_Array\EWARM\STM32F7\Obj\stm32746g_discovery_ts.o
#        H:\PhanLeSon\ActivNoise\Microphone\F7\Mic_Array_Project\Mic_Array\Projects\STM32746G\Applications\Audio\Mic_Array\EWARM\STM32F7\Obj\stm32f7xx_hal.o
#        H:\PhanLeSon\ActivNoise\Microphone\F7\Mic_Array_Project\Mic_Array\Projects\STM32746G\Applications\Audio\Mic_Array\EWARM\STM32F7\Obj\stm32f7xx_hal_cortex.o
#        H:\PhanLeSon\ActivNoise\Microphone\F7\Mic_Array_Project\Mic_Array\Projects\STM32746G\Applications\Audio\Mic_Array\EWARM\STM32F7\Obj\stm32f7xx_hal_dma.o
#        H:\PhanLeSon\ActivNoise\Microphone\F7\Mic_Array_Project\Mic_Array\Projects\STM32746G\Applications\Audio\Mic_Array\EWARM\STM32F7\Obj\stm32f7xx_hal_dma2d.o
#        H:\PhanLeSon\ActivNoise\Microphone\F7\Mic_Array_Project\Mic_Array\Projects\STM32746G\Applications\Audio\Mic_Array\EWARM\STM32F7\Obj\stm32f7xx_hal_dma_ex.o
#        H:\PhanLeSon\ActivNoise\Microphone\F7\Mic_Array_Project\Mic_Array\Projects\STM32746G\Applications\Audio\Mic_Array\EWARM\STM32F7\Obj\stm32f7xx_hal_flash.o
#        H:\PhanLeSon\ActivNoise\Microphone\F7\Mic_Array_Project\Mic_Array\Projects\STM32746G\Applications\Audio\Mic_Array\EWARM\STM32F7\Obj\stm32f7xx_hal_flash_ex.o
#        H:\PhanLeSon\ActivNoise\Microphone\F7\Mic_Array_Project\Mic_Array\Projects\STM32746G\Applications\Audio\Mic_Array\EWARM\STM32F7\Obj\stm32f7xx_hal_gpio.o
#        H:\PhanLeSon\ActivNoise\Microphone\F7\Mic_Array_Project\Mic_Array\Projects\STM32746G\Applications\Audio\Mic_Array\EWARM\STM32F7\Obj\stm32f7xx_hal_hcd.o
#        H:\PhanLeSon\ActivNoise\Microphone\F7\Mic_Array_Project\Mic_Array\Projects\STM32746G\Applications\Audio\Mic_Array\EWARM\STM32F7\Obj\stm32f7xx_hal_i2c.o
#        H:\PhanLeSon\ActivNoise\Microphone\F7\Mic_Array_Project\Mic_Array\Projects\STM32746G\Applications\Audio\Mic_Array\EWARM\STM32F7\Obj\stm32f7xx_hal_i2c_ex.o
#        H:\PhanLeSon\ActivNoise\Microphone\F7\Mic_Array_Project\Mic_Array\Projects\STM32746G\Applications\Audio\Mic_Array\EWARM\STM32F7\Obj\stm32f7xx_hal_i2s.o
#        H:\PhanLeSon\ActivNoise\Microphone\F7\Mic_Array_Project\Mic_Array\Projects\STM32746G\Applications\Audio\Mic_Array\EWARM\STM32F7\Obj\stm32f7xx_hal_ltdc.o
#        H:\PhanLeSon\ActivNoise\Microphone\F7\Mic_Array_Project\Mic_Array\Projects\STM32746G\Applications\Audio\Mic_Array\EWARM\STM32F7\Obj\stm32f7xx_hal_pcd.o
#        H:\PhanLeSon\ActivNoise\Microphone\F7\Mic_Array_Project\Mic_Array\Projects\STM32746G\Applications\Audio\Mic_Array\EWARM\STM32F7\Obj\stm32f7xx_hal_pcd_ex.o
#        H:\PhanLeSon\ActivNoise\Microphone\F7\Mic_Array_Project\Mic_Array\Projects\STM32746G\Applications\Audio\Mic_Array\EWARM\STM32F7\Obj\stm32f7xx_hal_pwr.o
#        H:\PhanLeSon\ActivNoise\Microphone\F7\Mic_Array_Project\Mic_Array\Projects\STM32746G\Applications\Audio\Mic_Array\EWARM\STM32F7\Obj\stm32f7xx_hal_pwr_ex.o
#        H:\PhanLeSon\ActivNoise\Microphone\F7\Mic_Array_Project\Mic_Array\Projects\STM32746G\Applications\Audio\Mic_Array\EWARM\STM32F7\Obj\stm32f7xx_hal_rcc.o
#        H:\PhanLeSon\ActivNoise\Microphone\F7\Mic_Array_Project\Mic_Array\Projects\STM32746G\Applications\Audio\Mic_Array\EWARM\STM32F7\Obj\stm32f7xx_hal_rcc_ex.o
#        H:\PhanLeSon\ActivNoise\Microphone\F7\Mic_Array_Project\Mic_Array\Projects\STM32746G\Applications\Audio\Mic_Array\EWARM\STM32F7\Obj\stm32f7xx_hal_sai.o
#        H:\PhanLeSon\ActivNoise\Microphone\F7\Mic_Array_Project\Mic_Array\Projects\STM32746G\Applications\Audio\Mic_Array\EWARM\STM32F7\Obj\stm32f7xx_hal_sai_ex.o
#        H:\PhanLeSon\ActivNoise\Microphone\F7\Mic_Array_Project\Mic_Array\Projects\STM32746G\Applications\Audio\Mic_Array\EWARM\STM32F7\Obj\stm32f7xx_hal_sdram.o
#        H:\PhanLeSon\ActivNoise\Microphone\F7\Mic_Array_Project\Mic_Array\Projects\STM32746G\Applications\Audio\Mic_Array\EWARM\STM32F7\Obj\stm32f7xx_hal_spi.o
#        H:\PhanLeSon\ActivNoise\Microphone\F7\Mic_Array_Project\Mic_Array\Projects\STM32746G\Applications\Audio\Mic_Array\EWARM\STM32F7\Obj\stm32f7xx_hal_sram.o
#        H:\PhanLeSon\ActivNoise\Microphone\F7\Mic_Array_Project\Mic_Array\Projects\STM32746G\Applications\Audio\Mic_Array\EWARM\STM32F7\Obj\stm32f7xx_hal_tim.o
#        H:\PhanLeSon\ActivNoise\Microphone\F7\Mic_Array_Project\Mic_Array\Projects\STM32746G\Applications\Audio\Mic_Array\EWARM\STM32F7\Obj\stm32f7xx_hal_tim_ex.o
#        H:\PhanLeSon\ActivNoise\Microphone\F7\Mic_Array_Project\Mic_Array\Projects\STM32746G\Applications\Audio\Mic_Array\EWARM\STM32F7\Obj\stm32f7xx_hal_uart.o
#        H:\PhanLeSon\ActivNoise\Microphone\F7\Mic_Array_Project\Mic_Array\Projects\STM32746G\Applications\Audio\Mic_Array\EWARM\STM32F7\Obj\stm32f7xx_it.o
#        H:\PhanLeSon\ActivNoise\Microphone\F7\Mic_Array_Project\Mic_Array\Projects\STM32746G\Applications\Audio\Mic_Array\EWARM\STM32F7\Obj\stm32f7xx_ll_fmc.o
#        H:\PhanLeSon\ActivNoise\Microphone\F7\Mic_Array_Project\Mic_Array\Projects\STM32746G\Applications\Audio\Mic_Array\EWARM\STM32F7\Obj\stm32f7xx_ll_usb.o
#        H:\PhanLeSon\ActivNoise\Microphone\F7\Mic_Array_Project\Mic_Array\Projects\STM32746G\Applications\Audio\Mic_Array\EWARM\STM32F7\Obj\system_stm32f7xx.o
#        H:\PhanLeSon\ActivNoise\Microphone\F7\Mic_Array_Project\Mic_Array\Projects\STM32746G\Applications\Audio\Mic_Array\EWARM\STM32F7\Obj\usbd_audio_if.o
#        H:\PhanLeSon\ActivNoise\Microphone\F7\Mic_Array_Project\Mic_Array\Projects\STM32746G\Applications\Audio\Mic_Array\EWARM\STM32F7\Obj\usbd_audio_in.o
#        H:\PhanLeSon\ActivNoise\Microphone\F7\Mic_Array_Project\Mic_Array\Projects\STM32746G\Applications\Audio\Mic_Array\EWARM\STM32F7\Obj\usbd_conf_f4.o
#        H:\PhanLeSon\ActivNoise\Microphone\F7\Mic_Array_Project\Mic_Array\Projects\STM32746G\Applications\Audio\Mic_Array\EWARM\STM32F7\Obj\usbd_core.o
#        H:\PhanLeSon\ActivNoise\Microphone\F7\Mic_Array_Project\Mic_Array\Projects\STM32746G\Applications\Audio\Mic_Array\EWARM\STM32F7\Obj\usbd_ctlreq.o
#        H:\PhanLeSon\ActivNoise\Microphone\F7\Mic_Array_Project\Mic_Array\Projects\STM32746G\Applications\Audio\Mic_Array\EWARM\STM32F7\Obj\usbd_desc.o
#        H:\PhanLeSon\ActivNoise\Microphone\F7\Mic_Array_Project\Mic_Array\Projects\STM32746G\Applications\Audio\Mic_Array\EWARM\STM32F7\Obj\usbd_ioreq.o
#        H:\PhanLeSon\ActivNoise\Microphone\F7\Mic_Array_Project\Mic_Array\Projects\STM32746G\Applications\Audio\Mic_Array\EWARM\STM32F7\Obj\usbh_conf.o
#        H:\PhanLeSon\ActivNoise\Microphone\F7\Mic_Array_Project\Mic_Array\Projects\STM32746G\Applications\Audio\Mic_Array\EWARM\STM32F7\Obj\usbh_core.o
#        H:\PhanLeSon\ActivNoise\Microphone\F7\Mic_Array_Project\Mic_Array\Projects\STM32746G\Applications\Audio\Mic_Array\EWARM\STM32F7\Obj\usbh_ctlreq.o
#        H:\PhanLeSon\ActivNoise\Microphone\F7\Mic_Array_Project\Mic_Array\Projects\STM32746G\Applications\Audio\Mic_Array\EWARM\STM32F7\Obj\usbh_diskio.o
#        H:\PhanLeSon\ActivNoise\Microphone\F7\Mic_Array_Project\Mic_Array\Projects\STM32746G\Applications\Audio\Mic_Array\EWARM\STM32F7\Obj\usbh_ioreq.o
#        H:\PhanLeSon\ActivNoise\Microphone\F7\Mic_Array_Project\Mic_Array\Projects\STM32746G\Applications\Audio\Mic_Array\EWARM\STM32F7\Obj\usbh_msc.o
#        H:\PhanLeSon\ActivNoise\Microphone\F7\Mic_Array_Project\Mic_Array\Projects\STM32746G\Applications\Audio\Mic_Array\EWARM\STM32F7\Obj\usbh_msc_bot.o
#        H:\PhanLeSon\ActivNoise\Microphone\F7\Mic_Array_Project\Mic_Array\Projects\STM32746G\Applications\Audio\Mic_Array\EWARM\STM32F7\Obj\usbh_msc_scsi.o
#        H:\PhanLeSon\ActivNoise\Microphone\F7\Mic_Array_Project\Mic_Array\Projects\STM32746G\Applications\Audio\Mic_Array\EWARM\STM32F7\Obj\usbh_pipes.o
#        "H:\PhanLeSon\ActivNoise\Microphone\F7\Mic_Array_Project\Mic_Array\Projects\STM32746G\Applications\Audio\Mic_Array\EWARM\STM32F7\Obj\waveplayer
#        _CS43L22.o"
#        H:\PhanLeSon\ActivNoise\Microphone\F7\Mic_Array_Project\Mic_Array\Projects\STM32746G\Applications\Audio\Mic_Array\EWARM\STM32F7\Obj\waverecorder.o
#        --redirect _Printf=_PrintfSmall --redirect _Scanf=_ScanfSmall -o
#        H:\PhanLeSon\ActivNoise\Microphone\F7\Mic_Array_Project\Mic_Array\Projects\STM32746G\Applications\Audio\Mic_Array\EWARM\STM32F7\Exe\Project.out
#        --map
#        H:\PhanLeSon\ActivNoise\Microphone\F7\Mic_Array_Project\Mic_Array\Projects\STM32746G\Applications\Audio\Mic_Array\EWARM\STM32F7\List\Project.map
#        --config
#        H:\PhanLeSon\ActivNoise\Microphone\F7\Mic_Array_Project\Mic_Array\Projects\STM32746G\Applications\Audio\Mic_Array\EWARM\Project.icf
#        --semihosting --entry __iar_program_start --no_exceptions "D:\Program
#        Files (x86)\IAR Systems\Embedded Workbench
#        7.3\arm\CMSIS\Lib\IAR\iar_cortexM7ls_math.a" --vfe
#
###############################################################################

*******************************************************************************
*** RUNTIME MODEL ATTRIBUTES
***

CppFlavor                     = *
__Heap_Handler                = DLMalloc
__SystemLibrary               = DLib
__dlib_dynamic_initialization = normal


*******************************************************************************
*** PLACEMENT SUMMARY
***

"A1":  place at 0x08000000 { ro section .intvec };
"P1":  place in [from 0x00000000 to 0x00000000] |
                [from 0x08000000 to 0x080fffff] { ro };
"P3":  place in [from 0x20000000 to 0x2000ffff] |
                [from 0x20010000 to 0x2004ffff] { rw, block CSTACK, block HEAP };

  Section             Kind        Address     Size  Object
  -------             ----        -------     ----  ------
"A1":                                        0x1c8
  .intvec             ro code  0x08000000    0x1c8  startup_stm32f746xx.o [1]
                             - 0x080001c8    0x1c8

"P1":                                      0x29f08
  .rodata             const    0x080001c8   0x8800  arm_common_tables.o [4]
  .text               ro code  0x080089c8   0x8078  arm_rfft_init_f32.o [4]
  .text               ro code  0x08010a40     0xb0  arm_cfft_radix4_init_f32.o [4]
  .rodata             const    0x08010af0   0x8000  arm_rfft_init_f32.o [4]
  .text               ro code  0x08018af0   0x395c  stm32f7xx_hal_dma.o [1]
  .text               ro code  0x0801c44c   0x17b0  waverecorder.o [1]
  .text               ro code  0x0801dbfc    0x26c  stm32f7xx_hal_gpio.o [1]
  .text               ro code  0x0801de68    0x550  pdm_filter.o [5]
  .text               ro code  0x0801e3b8    0x852  stm32f7xx_hal_spi.o [1]
  .text               ro code  0x0801ec0c    0x1a4  stm32f7xx_hal_i2s.o [1]
  .text               ro code  0x0801edb0    0x164  stm32f7xx_hal_cortex.o [1]
  .text               ro code  0x0801ef14     0x1c  FltCmpEq.o [6]
  .text               ro code  0x0801ef30      0xe  U32ToFlt.o [6]
  .text               ro code  0x0801ef40     0x24  FltCmpLe.o [6]
  .text               ro code  0x0801ef64     0x12  FltMul.o [6]
  .text               ro code  0x0801ef78     0x4e  FltToDbl.o [6]
  .text               ro code  0x0801efc8     0x30  I32ToDbl.o [6]
  .text               ro code  0x0801eff8    0x256  DblDiv.o [6]
  .text               ro code  0x0801f250     0xe8  DblAdd.o [6]
  .text               ro code  0x0801f338     0x4c  DblToI32.o [6]
  .text               ro code  0x0801f384    0x1a2  DblMul.o [6]
  .text               ro code  0x0801f528     0x90  DblToFlt.o [6]
  .text               ro code  0x0801f5b8    0x450  xsin.o [6]
  .text               ro code  0x0801fa08    0x180  DblSub.o [6]
  .text               ro code  0x0801fb88     0xf0  sqrt.o [6]
  .text               ro code  0x0801fc78     0x7c  stm32f7xx_hal.o [1]
  .text               ro code  0x0801fcf4   0x106c  audio_codec.o [1]
  .text               ro code  0x08020d60     0x2e  DblCmpLe.o [6]
  .text               ro code  0x08020d90     0x2e  DblCmpGe.o [6]
  .text               ro code  0x08020dc0      0xc  errno.o [3]
  .text               ro code  0x08020dcc    0x168  xquad.o [6]
  .text               ro code  0x08020f34      0xc  iarEdom.o [7]
  .text               ro code  0x08020f40    0x870  stm32f7xx_hal_rcc.o [1]
  .text               ro code  0x080217b0    0xb58  main.o [1]
  .text               ro code  0x08022308    0xad8  stm32f7xx_hal_i2c.o [1]
  .text               ro code  0x08022de0     0x98  waveplayer _CS43L22.o [1]
  .text               ro code  0x08022e78     0x84  stm32f7xx_hal_i2c_ex.o [1]
  .text               ro code  0x08022efc      0x2  xtls.o [3]
  .text               ro code  0x08022efe     0x7a  xdint.o [6]
  .text               ro code  0x08022f78     0x20  DblCmpEq.o [6]
  .text               ro code  0x08022f98    0x1a8  fmod.o [6]
  .text               ro code  0x08023140    0x116  DSP.o [1]
  .text               ro code  0x08023258     0xd0  audio_application.o [1]
  .text               ro code  0x08023328    0x36c  stm32746g_discovery_sdram.o [1]
  .text               ro code  0x08023694    0x118  stm32746g_discovery.o [1]
  .text               ro code  0x080237ac    0xac8  usbd_audio_in.o [1]
  .text               ro code  0x08024274    0x346  usbd_core.o [1]
  .text               ro code  0x080245bc    0x910  sta321mp.o [1]
  .text               ro code  0x08024ecc     0x84  stm32f7xx_hal_pwr_ex.o [1]
  .text               ro code  0x08024f50    0x8a0  stm32f7xx_hal_rcc_ex.o [1]
  .text               ro code  0x080257f0     0x80  usbd_audio_if.o [1]
  .text               ro code  0x08025870     0xac  stm32f7xx_hal_sdram.o [1]
  .text               ro code  0x0802591c    0x350  usbd_conf_f4.o [1]
  .text               ro code  0x08025c6c    0x65e  usbd_ctlreq.o [1]
  .text               ro code  0x080262ca     0xbc  usbd_ioreq.o [1]
  .text               ro code  0x08026388     0x66  ABImemset.o [7]
  .text               ro code  0x080263f0   0x14f0  dlmalloc.o [3]
  .text               ro code  0x080278e0     0x76  ABImemcpy_unaligned.o [7]
  .text               ro code  0x08027956      0x8  abs.o [3]
  .text               ro code  0x08027960    0x17c  stm32f7xx_ll_fmc.o [1]
  .text               ro code  0x08027adc    0xa7a  stm32f7xx_hal_pcd.o [1]
  .text               ro code  0x08028558     0x98  stm32f7xx_hal_pcd_ex.o [1]
  .text               ro code  0x080285f0      0x6  abort.o [3]
  .text               ro code  0x080285f8     0x2c  xgetmemchunk.o [3]
  .text               ro code  0x08028624    0xd50  stm32f7xx_ll_usb.o [1]
  .text               ro code  0x08029374     0x14  exit.o [8]
  .text               ro code  0x08029388     0x30  iarttio.o [8]
  .text               ro code  0x080293b8      0x8  XShttio.o [3]
  .text               ro code  0x080293c0    0x36a  stm32f7xx_hal_uart.o [1]
  .text               ro code  0x0802972c     0xe8  usbd_desc.o [1]
  .text               ro code  0x08029814     0x88  stm32f7xx_it.o [1]
  .rodata             const    0x0802989c     0x84  usbd_audio_if.o [1]
  .text               ro code  0x08029920     0x6c  system_stm32f7xx.o [1]
  .text               ro code  0x0802998c     0x40  zero_init3.o [7]
  .text               ro code  0x080299cc     0x2c  copy_init3.o [7]
  .text               ro code  0x080299f8     0x28  data_init.o [7]
  .rodata             const    0x08029a20     0x24  usbd_desc.o [1]
  .rodata             const    0x08029a44     0x24  usbd_desc.o [1]
  .text               ro code  0x08029a68     0x22  fpinit_M.o [6]
  .iar.init_table     const    0x08029a8c     0x2c  - Linker created -
  .text               ro code  0x08029ab8     0x1a  cmain.o [7]
  .text               ro code  0x08029ad2      0x4  low_level_init.o [3]
  .text               ro code  0x08029ad6      0x4  exit.o [3]
  .text               ro code  0x08029adc      0xa  cexit.o [7]
  .rodata             const    0x08029ae8     0x14  usbd_desc.o [1]
  .rodata             const    0x08029afc     0x10  stm32f7xx_hal_rcc.o [1]
  .rodata             const    0x08029b0c     0x10  usbd_desc.o [1]
  .rodata             const    0x08029b1c     0x10  usbd_desc.o [1]
  .rodata             const    0x08029b2c     0x10  usbd_desc.o [1]
  .rodata             const    0x08029b3c     0x10  usbd_desc.o [1]
  .text               ro code  0x08029b4c     0x10  startup_stm32f746xx.o [1]
  .text               ro code  0x08029b5c      0xc  cstartup_M.o [7]
  .rodata             const    0x08029b68      0x8  stm32746g_discovery.o [1]
  .text               ro code  0x08029b70      0x4  startup_stm32f746xx.o [1]
  .text               ro code  0x08029b74      0x4  startup_stm32f746xx.o [1]
  .text               ro code  0x08029b78      0x4  startup_stm32f746xx.o [1]
  .text               ro code  0x08029b7c      0x4  startup_stm32f746xx.o [1]
  .text               ro code  0x08029b80      0x4  startup_stm32f746xx.o [1]
  .text               ro code  0x08029b84      0x4  startup_stm32f746xx.o [1]
  .text               ro code  0x08029b88      0x4  startup_stm32f746xx.o [1]
  .text               ro code  0x08029b8c      0x4  startup_stm32f746xx.o [1]
  .text               ro code  0x08029b90      0x4  startup_stm32f746xx.o [1]
  .text               ro code  0x08029b94      0x4  startup_stm32f746xx.o [1]
  .text               ro code  0x08029b98      0x4  startup_stm32f746xx.o [1]
  .text               ro code  0x08029b9c      0x4  startup_stm32f746xx.o [1]
  .text               ro code  0x08029ba0      0x4  startup_stm32f746xx.o [1]
  .text               ro code  0x08029ba4      0x4  startup_stm32f746xx.o [1]
  .text               ro code  0x08029ba8      0x4  startup_stm32f746xx.o [1]
  .text               ro code  0x08029bac      0x4  startup_stm32f746xx.o [1]
  .text               ro code  0x08029bb0      0x4  startup_stm32f746xx.o [1]
  .text               ro code  0x08029bb4      0x4  startup_stm32f746xx.o [1]
  .text               ro code  0x08029bb8      0x4  startup_stm32f746xx.o [1]
  .text               ro code  0x08029bbc      0x4  startup_stm32f746xx.o [1]
  .text               ro code  0x08029bc0      0x4  startup_stm32f746xx.o [1]
  .text               ro code  0x08029bc4      0x4  startup_stm32f746xx.o [1]
  .text               ro code  0x08029bc8      0x4  startup_stm32f746xx.o [1]
  .text               ro code  0x08029bcc      0x4  startup_stm32f746xx.o [1]
  .text               ro code  0x08029bd0      0x4  startup_stm32f746xx.o [1]
  .text               ro code  0x08029bd4      0x4  startup_stm32f746xx.o [1]
  .text               ro code  0x08029bd8      0x4  startup_stm32f746xx.o [1]
  .text               ro code  0x08029bdc      0x4  startup_stm32f746xx.o [1]
  .text               ro code  0x08029be0      0x4  startup_stm32f746xx.o [1]
  .text               ro code  0x08029be4      0x4  startup_stm32f746xx.o [1]
  .text               ro code  0x08029be8      0x4  startup_stm32f746xx.o [1]
  .text               ro code  0x08029bec      0x4  startup_stm32f746xx.o [1]
  .text               ro code  0x08029bf0      0x4  startup_stm32f746xx.o [1]
  .text               ro code  0x08029bf4      0x4  startup_stm32f746xx.o [1]
  .text               ro code  0x08029bf8      0x4  startup_stm32f746xx.o [1]
  .text               ro code  0x08029bfc      0x4  startup_stm32f746xx.o [1]
  .text               ro code  0x08029c00      0x4  startup_stm32f746xx.o [1]
  .text               ro code  0x08029c04      0x4  startup_stm32f746xx.o [1]
  .text               ro code  0x08029c08      0x4  startup_stm32f746xx.o [1]
  .text               ro code  0x08029c0c      0x4  startup_stm32f746xx.o [1]
  .text               ro code  0x08029c10      0x4  startup_stm32f746xx.o [1]
  .text               ro code  0x08029c14      0x4  startup_stm32f746xx.o [1]
  .text               ro code  0x08029c18      0x4  startup_stm32f746xx.o [1]
  .text               ro code  0x08029c1c      0x4  startup_stm32f746xx.o [1]
  .text               ro code  0x08029c20      0x4  startup_stm32f746xx.o [1]
  .text               ro code  0x08029c24      0x4  startup_stm32f746xx.o [1]
  .text               ro code  0x08029c28      0x4  startup_stm32f746xx.o [1]
  .text               ro code  0x08029c2c      0x4  startup_stm32f746xx.o [1]
  .text               ro code  0x08029c30      0x4  startup_stm32f746xx.o [1]
  .text               ro code  0x08029c34      0x4  startup_stm32f746xx.o [1]
  .text               ro code  0x08029c38      0x4  startup_stm32f746xx.o [1]
  .text               ro code  0x08029c3c      0x4  startup_stm32f746xx.o [1]
  .text               ro code  0x08029c40      0x4  startup_stm32f746xx.o [1]
  .text               ro code  0x08029c44      0x4  startup_stm32f746xx.o [1]
  .text               ro code  0x08029c48      0x4  startup_stm32f746xx.o [1]
  .text               ro code  0x08029c4c      0x4  startup_stm32f746xx.o [1]
  .text               ro code  0x08029c50      0x4  startup_stm32f746xx.o [1]
  .text               ro code  0x08029c54      0x4  startup_stm32f746xx.o [1]
  .text               ro code  0x08029c58      0x4  startup_stm32f746xx.o [1]
  .text               ro code  0x08029c5c      0x4  startup_stm32f746xx.o [1]
  .text               ro code  0x08029c60      0x4  startup_stm32f746xx.o [1]
  .text               ro code  0x08029c64      0x4  startup_stm32f746xx.o [1]
  .text               ro code  0x08029c68      0x4  startup_stm32f746xx.o [1]
  .text               ro code  0x08029c6c      0x4  startup_stm32f746xx.o [1]
  .text               ro code  0x08029c70      0x4  startup_stm32f746xx.o [1]
  .text               ro code  0x08029c74      0x4  startup_stm32f746xx.o [1]
  .text               ro code  0x08029c78      0x4  startup_stm32f746xx.o [1]
  .text               ro code  0x08029c7c      0x4  startup_stm32f746xx.o [1]
  .text               ro code  0x08029c80      0x4  startup_stm32f746xx.o [1]
  .text               ro code  0x08029c84      0x4  startup_stm32f746xx.o [1]
  .text               ro code  0x08029c88      0x4  startup_stm32f746xx.o [1]
  .text               ro code  0x08029c8c      0x4  startup_stm32f746xx.o [1]
  .text               ro code  0x08029c90      0x4  startup_stm32f746xx.o [1]
  .text               ro code  0x08029c94      0x4  startup_stm32f746xx.o [1]
  .text               ro code  0x08029c98      0x4  startup_stm32f746xx.o [1]
  .text               ro code  0x08029c9c      0x4  startup_stm32f746xx.o [1]
  .text               ro code  0x08029ca0      0x4  startup_stm32f746xx.o [1]
  .rodata             const    0x08029ca4      0x0  zero_init3.o [7]
  .rodata             const    0x08029ca4      0x0  copy_init3.o [7]
  Initializer bytes   const    0x08029ca4    0x42c  <for P3 s0>
                             - 0x0802a0d0  0x29f08

"P3", part 1 of 3:                           0x42c
  P3 s0                        0x20010000    0x42c  <Init block>
    .data             inited   0x20010000    0x304  pdm_filter.o [5]
    .data             inited   0x20010304     0x50  sta321mp.o [1]
    .data             inited   0x20010354     0x38  usbd_audio_in.o [1]
    .data             inited   0x2001038c     0x24  sta321mp.o [1]
    .data             inited   0x200103b0     0x24  usbd_audio_if.o [1]
    .data             inited   0x200103d4     0x1c  usbd_desc.o [1]
    .data             inited   0x200103f0     0x14  usbd_desc.o [1]
    .data             inited   0x20010404      0xc  usbd_audio_in.o [1]
    .data             inited   0x20010410      0x8  XShttio.o [3]
    .data             inited   0x20010418      0x4  system_stm32f7xx.o [1]
    .data             inited   0x2001041c      0x4  usbd_desc.o [1]
    __DLIB_PERTHREAD  inited   0x20010420      0x4  errno.o [3]
    .data             inited   0x20010424      0x1  audio_codec.o [1]
    .data             inited   0x20010425      0x1  main.o [1]
    .data             inited   0x20010426      0x1  main.o [1]
    .data             inited   0x20010427      0x1  stm32746g_discovery_sdram.o [1]
    .data             inited   0x20010428      0x1  waveplayer _CS43L22.o [1]
                             - 0x2001042c    0x42c

"P3", part 2 of 3:                          0xfa68
  .bss                zero     0x2001042c   0x2000  waverecorder.o [1]
  .bss                zero     0x2001242c   0x2000  waverecorder.o [1]
  .bss                zero     0x2001442c   0x2000  waverecorder.o [1]
  .bss                zero     0x2001642c   0x2000  waverecorder.o [1]
  .bss                zero     0x2001842c   0x2000  waverecorder.o [1]
  .bss                zero     0x2001a42c   0x2000  waverecorder.o [1]
  .bss                zero     0x2001c42c   0x2000  waverecorder.o [1]
  .bss                zero     0x2001e42c    0x800  main.o [1]
  .bss                zero     0x2001ec2c    0x3c0  usbd_conf_f4.o [1]
  .bss                zero     0x2001efec    0x224  main.o [1]
  .bss                zero     0x2001f210    0x1d8  dlmalloc.o [3]
  .bss                zero     0x2001f3e8    0x180  usbd_audio_in.o [1]
  .bss                zero     0x2001f568     0xc8  usbd_desc.o [1]
  .bss                zero     0x2001f630     0x80  waverecorder.o [1]
  .bss                zero     0x2001f6b0     0x80  waverecorder.o [1]
  .bss                zero     0x2001f730     0x78  usbd_audio_in.o [1]
  .bss                zero     0x2001f7a8     0x70  main.o [1]
  .bss                zero     0x2001f818     0x68  waverecorder.o [1]
  .bss                zero     0x2001f880     0x64  main.o [1]
  .bss                zero     0x2001f8e4     0x64  usbd_audio_in.o [1]
  .bss                zero     0x2001f948     0x64  waverecorder.o [1]
  .bss                zero     0x2001f9ac     0x64  waverecorder.o [1]
  .bss                zero     0x2001fa10     0x50  audio_codec.o [1]
  .bss                zero     0x2001fa60     0x50  stm32746g_discovery_sdram.o [1]
  .bss                zero     0x2001fab0     0x50  waverecorder.o [1]
  .bss                zero     0x2001fb00     0x50  waverecorder.o [1]
  .bss                zero     0x2001fb50     0x40  waveplayer _CS43L22.o [1]
  .bss                zero     0x2001fb90     0x40  waverecorder.o [1]
  .bss                zero     0x2001fbd0     0x40  waverecorder.o [1]
  .bss                zero     0x2001fc10     0x3c  audio_codec.o [1]
  .bss                zero     0x2001fc4c     0x3c  audio_codec.o [1]
  .bss                zero     0x2001fc88     0x34  stm32746g_discovery_sdram.o [1]
  .bss                zero     0x2001fcbc     0x1c  stm32746g_discovery_sdram.o [1]
  .bss                zero     0x2001fcd8     0x18  main.o [1]
  .bss                zero     0x2001fcf0     0x18  main.o [1]
  .bss                zero     0x2001fd08     0x18  main.o [1]
  .bss                zero     0x2001fd20     0x18  main.o [1]
  .bss                zero     0x2001fd38     0x18  main.o [1]
  .bss                zero     0x2001fd50     0x18  main.o [1]
  .bss                zero     0x2001fd68     0x18  dlmalloc.o [3]
  .bss                zero     0x2001fd80     0x14  main.o [1]
  .bss                zero     0x2001fd94     0x14  main.o [1]
  .bss                zero     0x2001fda8     0x14  main.o [1]
  .bss                zero     0x2001fdbc     0x14  main.o [1]
  .bss                zero     0x2001fdd0     0x14  main.o [1]
  .bss                zero     0x2001fde4     0x14  main.o [1]
  .bss                zero     0x2001fdf8     0x10  sta321mp.o [1]
  .bss                zero     0x2001fe08     0x10  stm32746g_discovery_sdram.o [1]
  .bss                zero     0x2001fe18      0x4  DSP.o [1]
  .bss                zero     0x2001fe1c      0x4  stm32f7xx_hal.o [1]
  .bss                zero     0x2001fe20      0x4  stm32f7xx_it.o [1]
  .bss                zero     0x2001fe24      0x4  waveplayer _CS43L22.o [1]
  .bss                zero     0x2001fe28      0x4  waverecorder.o [1]
  .bss                zero     0x2001fe2c      0x4  waverecorder.o [1]
  .bss                zero     0x2001fe30      0x4  xgetmemchunk.o [3]
  .bss                zero     0x2001fe34      0x2  audio_application.o [1]
  .bss                zero     0x2001fe36      0x2  main.o [1]
  .bss                zero     0x2001fe38      0x2  main.o [1]
  .bss                zero     0x2001fe3a      0x2  main.o [1]
  .bss                zero     0x2001fe3c      0x2  main.o [1]
  .bss                zero     0x2001fe3e      0x2  main.o [1]
  .bss                zero     0x2001fe40      0x2  main.o [1]
  .bss                zero     0x2001fe42      0x2  main.o [1]
  .bss                zero     0x2001fe44      0x2  main.o [1]
  .bss                zero     0x2001fe46      0x2  main.o [1]
  .bss                zero     0x2001fe48      0x2  main.o [1]
  .bss                zero     0x2001fe4a      0x2  main.o [1]
  .bss                zero     0x2001fe4c      0x2  main.o [1]
  .bss                zero     0x2001fe4e      0x2  main.o [1]
  .bss                zero     0x2001fe50      0x2  main.o [1]
  .bss                zero     0x2001fe52      0x2  main.o [1]
  .bss                zero     0x2001fe54      0x2  main.o [1]
  .bss                zero     0x2001fe56      0x2  sta321mp.o [1]
  .bss                zero     0x2001fe58      0x2  usbd_audio_in.o [1]
  .bss                zero     0x2001fe5a      0x2  waverecorder.o [1]
  .bss                zero     0x2001fe5c      0x2  waverecorder.o [1]
  .bss                zero     0x2001fe5e      0x2  waverecorder.o [1]
  .bss                zero     0x2001fe60      0x2  waverecorder.o [1]
  .bss                zero     0x2001fe62      0x2  waverecorder.o [1]
  .bss                zero     0x2001fe64      0x2  waverecorder.o [1]
  .bss                zero     0x2001fe66      0x2  waverecorder.o [1]
  .bss                zero     0x2001fe68      0x2  waverecorder.o [1]
  .bss                zero     0x2001fe6a      0x2  waverecorder.o [1]
  .bss                zero     0x2001fe6c      0x2  waverecorder.o [1]
  .bss                zero     0x2001fe6e      0x2  waverecorder.o [1]
  .bss                zero     0x2001fe70      0x2  waverecorder.o [1]
  .bss                zero     0x2001fe72      0x2  waverecorder.o [1]
  .bss                zero     0x2001fe74      0x2  waverecorder.o [1]
  .bss                zero     0x2001fe76      0x2  waverecorder.o [1]
  .bss                zero     0x2001fe78      0x2  waverecorder.o [1]
  .bss                zero     0x2001fe7a      0x2  waverecorder.o [1]
  .bss                zero     0x2001fe7c      0x1  audio_codec.o [1]
  .bss                zero     0x2001fe7d      0x1  main.o [1]
  .bss                zero     0x2001fe7e      0x1  main.o [1]
  .bss                zero     0x2001fe7f      0x1  main.o [1]
  .bss                zero     0x2001fe80      0x1  main.o [1]
  .bss                zero     0x2001fe81      0x1  main.o [1]
  .bss                zero     0x2001fe82      0x1  usbd_ctlreq.o [1]
  .bss                zero     0x2001fe83      0x1  waverecorder.o [1]
  .bss                zero     0x2001fe84      0x1  waverecorder.o [1]
  .bss                zero     0x2001fe85      0x1  waverecorder.o [1]
  .bss                zero     0x2001fe86      0x1  waverecorder.o [1]
  .bss                zero     0x2001fe87      0x1  waverecorder.o [1]
  .bss                zero     0x2001fe88      0x1  waverecorder.o [1]
  .bss                zero     0x2001fe89      0x1  waverecorder.o [1]
  .bss                zero     0x2001fe8a      0x1  waverecorder.o [1]
  .bss                zero     0x2001fe8b      0x1  waverecorder.o [1]
  .bss                zero     0x2001fe8c      0x1  waverecorder.o [1]
  .bss                zero     0x2001fe8d      0x1  waverecorder.o [1]
  .bss                zero     0x2001fe8e      0x1  waverecorder.o [1]
  .bss                zero     0x2001fe8f      0x1  waverecorder.o [1]
  .bss                zero     0x2001fe90      0x1  waverecorder.o [1]
                             - 0x2001fe91   0xfa65

"P3", part 3 of 3:                          0x4000
  CSTACK                       0x2001fe98   0x2000  <Block>
    CSTACK            uninit   0x2001fe98   0x2000  <Block tail>
  HEAP                         0x20021e98   0x2000  <Block>
    HEAP              uninit   0x20021e98   0x2000  <Block tail>
                             - 0x20023e98   0x4000

Absolute sections:                         0x191e0
  .bss                zero     0xc0000000   0x80a0  waverecorder.o [1]
  .bss                zero     0xc00080a0   0x80a0  waverecorder.o [1]
  .bss                zero     0xc0010140   0x80a0  waverecorder.o [1]
  .bss                zero     0xc00181e0   0x1000  audio_application.o [1]
                             - 0xc00191e0  0x191e0


*******************************************************************************
*** INIT TABLE
***

          Address     Size
          -------     ----
Zero (__iar_zero_init3)
    2 destination ranges, total size 0x28c45:
          0x2001042c   0xfa65
          0xc0000000  0x191e0

Copy (__iar_copy_init3)
    1 source range, total size 0x42c (100% of destination):
          0x08029ca4    0x42c
    1 destination range, total size 0x429:
          0x20010000    0x429



*******************************************************************************
*** MODULE SUMMARY
***

    Module                       ro code  ro data  rw data  rw data
                                                             (abs)
    ------                       -------  -------  -------  -------
H:\PhanLeSon\ActivNoise\Microphone\F7\Mic_Array_Project\Mic_Array\Projects\STM32746G\Applications\Audio\Mic_Array\EWARM\STM32F7\Obj: [1]
    DSP.o                            278                 4
    audio_application.o              208                 2    4 096
    audio_codec.o                  4 204        1      202
    main.o                         2 904        2    3 111
    sta321mp.o                     2 320      116      134
    startup_stm32f746xx.o            780
    stm32746g_discovery.o            280        8
    stm32746g_discovery_sdram.o      876        1      177
    stm32f7xx_hal.o                  124                 4
    stm32f7xx_hal_cortex.o           356
    stm32f7xx_hal_dma.o           14 684
    stm32f7xx_hal_gpio.o             620
    stm32f7xx_hal_i2c.o            2 776
    stm32f7xx_hal_i2c_ex.o           132
    stm32f7xx_hal_i2s.o              420
    stm32f7xx_hal_pcd.o            2 682
    stm32f7xx_hal_pcd_ex.o           152
    stm32f7xx_hal_pwr_ex.o           132
    stm32f7xx_hal_rcc.o            2 160       16
    stm32f7xx_hal_rcc_ex.o         2 208
    stm32f7xx_hal_sdram.o            172
    stm32f7xx_hal_spi.o            2 130
    stm32f7xx_hal_uart.o             874
    stm32f7xx_it.o                   136                 4
    stm32f7xx_ll_fmc.o               380
    stm32f7xx_ll_usb.o             3 408
    system_stm32f7xx.o               108        4        4
    usbd_audio_if.o                  128      168       36
    usbd_audio_in.o                2 760       68      674
    usbd_conf_f4.o                   848               960
    usbd_core.o                      838
    usbd_ctlreq.o                  1 630                 1
    usbd_desc.o                      232      208      252
    usbd_ioreq.o                     188
    waveplayer _CS43L22.o            152        1       69
    waverecorder.o                 6 064            58 248   98 784
    ---------------------------------------------------------------
    Total:                        58 344      593   63 882  102 880

command line: [2]
    ---------------------------------------------------------------
    Total:

dl7M_tlf.a: [3]
    XShttio.o                          8        8        8
    abort.o                            6
    abs.o                              8
    dlmalloc.o                     5 360               496
    errno.o                           12        4        4
    exit.o                             4
    low_level_init.o                   4
    xgetmemchunk.o                    44                 4
    xtls.o                             2
    ---------------------------------------------------------------
    Total:                         5 448       12      512

iar_cortexM7ls_math.a: [4]
    arm_cfft_radix4_init_f32.o       176
    arm_common_tables.o                    34 816
    arm_rfft_init_f32.o           32 888   32 768
    ---------------------------------------------------------------
    Total:                        33 064   67 584

libPDMFilter_CM7_IAR.a: [5]
    pdm_filter.o                   1 360      772      772
    ---------------------------------------------------------------
    Total:                         1 360      772      772

m7M_tls.a: [6]
    DblAdd.o                         232
    DblCmpEq.o                        32
    DblCmpGe.o                        46
    DblCmpLe.o                        46
    DblDiv.o                         598
    DblMul.o                         418
    DblSub.o                         384
    DblToFlt.o                       144
    DblToI32.o                        76
    FltCmpEq.o                        28
    FltCmpLe.o                        36
    FltMul.o                          18
    FltToDbl.o                        78
    I32ToDbl.o                        48
    U32ToFlt.o                        14
    fmod.o                           424
    fpinit_M.o                        34
    sqrt.o                           240
    xdint.o                          122
    xquad.o                          360
    xsin.o                         1 104
    ---------------------------------------------------------------
    Total:                         4 482

rt7M_tl.a: [7]
    ABImemcpy_unaligned.o            118
    ABImemset.o                      102
    cexit.o                           10
    cmain.o                           26
    copy_init3.o                      44
    cstartup_M.o                      12
    data_init.o                       40
    iarEdom.o                         12
    zero_init3.o                      64
    ---------------------------------------------------------------
    Total:                           428

shb_l.a: [8]
    exit.o                            20
    iarttio.o                         48
    ---------------------------------------------------------------
    Total:                            68

    Gaps                              34        4
    Linker created                             47   16 384
-------------------------------------------------------------------
    Grand Total:                 103 228   69 012   81 550  102 880


*******************************************************************************
*** ENTRY LIST
***

Entry                      Address    Size  Type      Object
-----                      -------    ----  ----      ------
.iar.init_table$$Base   0x08029a8c           --   Gb  - Linker created -
.iar.init_table$$Limit  0x08029ab8           --   Gb  - Linker created -
?main                   0x08029ab9          Code  Gb  cmain.o [7]
APBAHBPrescTable        0x08029afc    0x10  Data  Gb  stm32f7xx_hal_rcc.o [1]
AUDIO_Desc              0x200103d4    0x1c  Data  Gb  usbd_desc.o [1]
AUDIO_Init              0x0801fcf5    0x38  Code  Gb  audio_codec.o [1]
AUDIO_InitApplication   0x08022e6d     0xc  Code  Gb  waveplayer _CS43L22.o [1]
AUDIO_REQ_GetCurrent    0x08023b37    0x30  Code  Lc  usbd_audio_in.o [1]
AUDIO_REQ_GetMaximum    0x08023ad1    0x22  Code  Lc  usbd_audio_in.o [1]
AUDIO_REQ_GetMinimum    0x08023af3    0x22  Code  Lc  usbd_audio_in.o [1]
AUDIO_REQ_GetResolution
                        0x08023b15    0x22  Code  Lc  usbd_audio_in.o [1]
AUDIO_REQ_SetCurrent    0x08023b67    0x34  Code  Lc  usbd_audio_in.o [1]
AudioMerging            0x08023287    0x8a  Code  Gb  audio_application.o [1]
AudioProcess            0x08023259    0x2e  Code  Gb  audio_application.o [1]
Audio_CommandMgr        0x0802584d     0x6  Code  Lc  usbd_audio_if.o [1]
Audio_DeInit            0x080257f7     0x6  Code  Lc  usbd_audio_if.o [1]
Audio_Init              0x080257f1     0x6  Code  Lc  usbd_audio_if.o [1]
Audio_MAL_Play          0x08020911    0xbc  Code  Gb  audio_codec.o [1]
Audio_MuteCtl           0x0802583b     0x6  Code  Lc  usbd_audio_if.o [1]
Audio_Pause             0x08025845     0x4  Code  Lc  usbd_audio_if.o [1]
Audio_Play_Out          0x0802199f    0xe2  Code  Lc  main.o [1]
Audio_Record            0x080257fd     0x4  Code  Lc  usbd_audio_if.o [1]
Audio_Resume            0x08025849     0x4  Code  Lc  usbd_audio_if.o [1]
Audio_Stop              0x08025841     0x4  Code  Lc  usbd_audio_if.o [1]
Audio_VolumeCtl         0x08025801    0x3a  Code  Lc  usbd_audio_if.o [1]
BSP_AUDIO_OUT_ClockConfig
                        0x08021d8f    0x70  Code  Gb  main.o [1]
BSP_LED_Init            0x08023695    0xc8  Code  Gb  stm32746g_discovery.o [1]
BSP_LED_Toggle          0x0802375d    0x42  Code  Gb  stm32746g_discovery.o [1]
BSP_SDRAM_Init          0x08023329    0xd6  Code  Gb  stm32746g_discovery_sdram.o [1]
BSP_SDRAM_Initialization_sequence
                        0x080233ff    0xb0  Code  Gb  stm32746g_discovery_sdram.o [1]
BSP_SDRAM_MspInit       0x080234af   0x1a8  Code  Wk  stm32746g_discovery_sdram.o [1]
Buffer1                 0xc0000000  0x80a0  Data  Gb  waverecorder.o [1]
Buffer2                 0xc00080a0  0x80a0  Data  Gb  waverecorder.o [1]
Buffer3                 0xc0010140  0x80a0  Data  Gb  waverecorder.o [1]
BusFault_Handler        0x0802981b     0x2  Code  Gb  stm32f7xx_it.o [1]
ButtonInit              0x080220eb    0x4e  Code  Gb  main.o [1]
CPU_CACHE_Enable        0x08021dff     0xc  Code  Lc  main.o [1]
CSTACK$$Base            0x2001fe98           --   Gb  - Linker created -
CSTACK$$Limit           0x20021e98           --   Gb  - Linker created -
Codec_AudioInterface_Init
                        0x0802087d     0xc  Code  Lc  audio_codec.o [1]
Codec_CtrlInterface_Init
                        0x08020875     0x8  Code  Lc  audio_codec.o [1]
Codec_GPIO_Init         0x08020889    0x40  Code  Lc  audio_codec.o [1]
Codec_Init              0x0802064b    0xf6  Code  Lc  audio_codec.o [1]
Codec_ReadRegister      0x08020811    0x64  Code  Lc  audio_codec.o [1]
Codec_Reset             0x080207a5    0x24  Code  Lc  audio_codec.o [1]
Codec_TIMEOUT_UserCallback
                        0x08022df3     0x4  Code  Gb  waveplayer _CS43L22.o [1]
Codec_VolumeCtrl        0x08020741    0x64  Code  Lc  audio_codec.o [1]
Codec_WriteRegister     0x080207cb    0x3e  Code  Lc  audio_codec.o [1]
Command                 0x2001fe08    0x10  Data  Lc  stm32746g_discovery_sdram.o [1]
Command_index           0x20010426     0x1  Data  Gb  main.o [1]
CrssCor                 0x08023141    0xf6  Code  Gb  DSP.o [1]
DFT_Init                0x08021f83    0x5e  Code  Gb  main.o [1]
DMA1_Stream0_IRQHandler
                        0x0802063f     0x2  Code  Gb  audio_codec.o [1]
DMA1_Stream7_IRQHandler
                        0x0801fd2d   0x912  Code  Gb  audio_codec.o [1]
DMA2_Stream4_IRQHandler
                        0x08029899     0x2  Code  Gb  stm32f7xx_it.o [1]
DMA2_Stream5_IRQHandler
                        0x0801d6c3     0xc  Code  Gb  waverecorder.o [1]
DMA2_Stream6_IRQHandler
                        0x0801d6cf     0xc  Code  Gb  waverecorder.o [1]
DMA2_Stream7_IRQHandler
                        0x0802989b     0x2  Code  Gb  stm32f7xx_it.o [1]
DMA_SetConfig           0x08018af1    0x2e  Code  Gb  stm32f7xx_hal_dma.o [1]
DebugMon_Handler        0x08029821     0x2  Code  Gb  stm32f7xx_it.o [1]
Delay                   0x080208fd    0x14  Code  Lc  audio_codec.o [1]
DmaHandle               0x2001fa10    0x50  Data  Gb  audio_codec.o [1]
EXTI15_10_IRQHandler    0x08021f2f     0x2  Code  Gb  main.o [1]
EXTI4_IRQHandler        0x08021ef1    0x3e  Code  Gb  main.o [1]
EXTI9_5_IRQHandler      0x08021f31    0x52  Code  Gb  main.o [1]
EnergySound             0x2001fe18     0x4  Data  Gb  DSP.o [1]
FFT_Update              0x0802183f   0x160  Code  Lc  main.o [1]
FMC_SDRAM_Init          0x08027961    0x7c  Code  Gb  stm32f7xx_ll_fmc.o [1]
FMC_SDRAM_ProgramRefreshRate
                        0x08027acf     0xe  Code  Gb  stm32f7xx_ll_fmc.o [1]
FMC_SDRAM_SendCommand   0x08027a7b    0x54  Code  Gb  stm32f7xx_ll_fmc.o [1]
FMC_SDRAM_Timing_Init   0x080279dd    0x9e  Code  Gb  stm32f7xx_ll_fmc.o [1]
FacMic                  0x2001fcd8    0x18  Data  Gb  main.o [1]
FactorUpd               0x0802323d    0x1a  Code  Gb  DSP.o [1]
Filter                  0x2001f818    0x68  Data  Gb  waverecorder.o [1]
GPIO_INS                0x2001fd80    0x14  Data  Gb  main.o [1]
GPIO_PIN                0x08029b68     0x8  Data  Gb  stm32746g_discovery.o [1]
HAL_DMA_DeInit          0x08018ba1   0xfe8  Code  Gb  stm32f7xx_hal_dma.o [1]
HAL_DMA_IRQHandler      0x08019c61  0x2798  Code  Gb  stm32f7xx_hal_dma.o [1]
HAL_DMA_Init            0x08018b1f    0x7c  Code  Gb  stm32f7xx_hal_dma.o [1]
HAL_DMA_Start_IT        0x08019bd9    0x86  Code  Gb  stm32f7xx_hal_dma.o [1]
HAL_Delay               0x0801fcd3    0x1a  Code  Wk  stm32f7xx_hal.o [1]
HAL_GPIO_Init           0x0801dbfd   0x1f6  Code  Gb  stm32f7xx_hal_gpio.o [1]
HAL_GPIO_ReadPin        0x0801ddf3    0x18  Code  Gb  stm32f7xx_hal_gpio.o [1]
HAL_GPIO_TogglePin      0x0801de1f     0xa  Code  Gb  stm32f7xx_hal_gpio.o [1]
HAL_GPIO_WritePin       0x0801de0b    0x14  Code  Gb  stm32f7xx_hal_gpio.o [1]
HAL_GetTick             0x0801fccd     0x6  Code  Wk  stm32f7xx_hal.o [1]
HAL_I2CEx_ConfigAnalogFilter
                        0x08022e79    0x84  Code  Gb  stm32f7xx_hal_i2c_ex.o [1]
HAL_I2C_EV_IRQHandler   0x08022681   0x12e  Code  Gb  stm32f7xx_hal_i2c.o [1]
HAL_I2C_ErrorCallback   0x080227bb     0x2  Code  Wk  stm32f7xx_hal_i2c.o [1]
HAL_I2C_GetError        0x080227bd     0x4  Code  Gb  stm32f7xx_hal_i2c.o [1]
HAL_I2C_Init            0x08022309    0xbc  Code  Gb  stm32f7xx_hal_i2c.o [1]
HAL_I2C_MasterRxCpltCallback
                        0x080227b1     0x2  Code  Wk  stm32f7xx_hal_i2c.o [1]
HAL_I2C_MasterTxCpltCallback
                        0x080227af     0x2  Code  Wk  stm32f7xx_hal_i2c.o [1]
HAL_I2C_Master_Receive  0x08022523   0x158  Code  Gb  stm32f7xx_hal_i2c.o [1]
HAL_I2C_Master_Transmit
                        0x080223c5   0x15e  Code  Gb  stm32f7xx_hal_i2c.o [1]
HAL_I2C_MemRxCpltCallback
                        0x080227b9     0x2  Code  Wk  stm32f7xx_hal_i2c.o [1]
HAL_I2C_MemTxCpltCallback
                        0x080227b7     0x2  Code  Wk  stm32f7xx_hal_i2c.o [1]
HAL_I2C_MspInit         0x08021e0b    0xe6  Code  Gb  main.o [1]
HAL_I2C_SlaveRxCpltCallback
                        0x080227b5     0x2  Code  Wk  stm32f7xx_hal_i2c.o [1]
HAL_I2C_SlaveTxCpltCallback
                        0x080227b3     0x2  Code  Wk  stm32f7xx_hal_i2c.o [1]
HAL_I2S_Init            0x0801ec0d   0x126  Code  Gb  stm32f7xx_hal_i2s.o [1]
HAL_I2S_MspInit         0x080209f1   0x2d2  Code  Gb  audio_codec.o [1]
HAL_I2S_TxCpltCallback  0x08022195    0x22  Code  Gb  main.o [1]
HAL_IncTick             0x0801fcc1     0xc  Code  Wk  stm32f7xx_hal.o [1]
HAL_Init                0x0801fc79    0x22  Code  Gb  stm32f7xx_hal.o [1]
HAL_InitTick            0x0801fc9d    0x24  Code  Wk  stm32f7xx_hal.o [1]
HAL_MspInit             0x0801fc9b     0x2  Code  Wk  stm32f7xx_hal.o [1]
HAL_NVIC_DisableIRQ     0x0801eed5     0xe  Code  Gb  stm32f7xx_hal_cortex.o [1]
HAL_NVIC_EnableIRQ      0x0801eec7     0xe  Code  Gb  stm32f7xx_hal_cortex.o [1]
HAL_NVIC_SetPriority    0x0801eea1    0x26  Code  Gb  stm32f7xx_hal_cortex.o [1]
HAL_NVIC_SetPriorityGrouping
                        0x0801ee95     0xc  Code  Gb  stm32f7xx_hal_cortex.o [1]
HAL_PCDEx_ActivateLPM   0x080285c7    0x28  Code  Gb  stm32f7xx_hal_pcd_ex.o [1]
HAL_PCDEx_LPM_Callback  0x080285ef     0x2  Code  Wk  stm32f7xx_hal_pcd_ex.o [1]
HAL_PCDEx_SetRxFiFo     0x080285bb     0xc  Code  Gb  stm32f7xx_hal_pcd_ex.o [1]
HAL_PCDEx_SetTxFiFo     0x08028559    0x62  Code  Gb  stm32f7xx_hal_pcd_ex.o [1]
HAL_PCD_ConnectCallback
                        0x08025aa5     0xe  Code  Gb  usbd_conf_f4.o [1]
HAL_PCD_DataInStageCallback
                        0x080259fd    0x1e  Code  Gb  usbd_conf_f4.o [1]
HAL_PCD_DataOutStageCallback
                        0x080259dd    0x20  Code  Gb  usbd_conf_f4.o [1]
HAL_PCD_DisconnectCallback
                        0x08025ab3     0xe  Code  Gb  usbd_conf_f4.o [1]
HAL_PCD_EP_Close        0x0802821b    0x62  Code  Gb  stm32f7xx_hal_pcd.o [1]
HAL_PCD_EP_ClrStall     0x080283f5    0x62  Code  Gb  stm32f7xx_hal_pcd.o [1]
HAL_PCD_EP_Flush        0x08028457    0x3c  Code  Gb  stm32f7xx_hal_pcd.o [1]
HAL_PCD_EP_Open         0x08028181    0x9a  Code  Gb  stm32f7xx_hal_pcd.o [1]
HAL_PCD_EP_Receive      0x0802827d    0x82  Code  Gb  stm32f7xx_hal_pcd.o [1]
HAL_PCD_EP_SetStall     0x0802837f    0x76  Code  Gb  stm32f7xx_hal_pcd.o [1]
HAL_PCD_EP_Transmit     0x080282ff    0x80  Code  Gb  stm32f7xx_hal_pcd.o [1]
HAL_PCD_IRQHandler      0x08027c33   0x522  Code  Gb  stm32f7xx_hal_pcd.o [1]
HAL_PCD_ISOINIncompleteCallback
                        0x08025a91    0x14  Code  Gb  usbd_conf_f4.o [1]
HAL_PCD_ISOOUTIncompleteCallback
                        0x08025a7d    0x14  Code  Gb  usbd_conf_f4.o [1]
HAL_PCD_Init            0x08027add   0x12a  Code  Gb  stm32f7xx_hal_pcd.o [1]
HAL_PCD_MspInit         0x08025943    0x88  Code  Gb  usbd_conf_f4.o [1]
HAL_PCD_ResetCallback   0x08025a29    0x38  Code  Gb  usbd_conf_f4.o [1]
HAL_PCD_ResumeCallback  0x08025a6f     0xe  Code  Gb  usbd_conf_f4.o [1]
HAL_PCD_SOFCallback     0x08025a1b     0xe  Code  Gb  usbd_conf_f4.o [1]
HAL_PCD_SetAddress      0x08028155    0x2c  Code  Gb  stm32f7xx_hal_pcd.o [1]
HAL_PCD_SetupStageCallback
                        0x080259cb    0x12  Code  Gb  usbd_conf_f4.o [1]
HAL_PCD_Start           0x08027c07    0x2c  Code  Gb  stm32f7xx_hal_pcd.o [1]
HAL_PCD_SuspendCallback
                        0x08025a61     0xe  Code  Gb  usbd_conf_f4.o [1]
HAL_PWREx_EnableOverDrive
                        0x08024ecd    0x76  Code  Gb  stm32f7xx_hal_pwr_ex.o [1]
HAL_RCCEx_GetPeriphCLKConfig
                        0x080255f9   0x1c6  Code  Gb  stm32f7xx_hal_rcc_ex.o [1]
HAL_RCCEx_PeriphCLKConfig
                        0x08024f51   0x6a8  Code  Gb  stm32f7xx_hal_rcc_ex.o [1]
HAL_RCC_ClockConfig     0x08021459   0x256  Code  Gb  stm32f7xx_hal_rcc.o [1]
HAL_RCC_GetHCLKFreq     0x08021753    0x28  Code  Gb  stm32f7xx_hal_rcc.o [1]
HAL_RCC_GetSysClockFreq
                        0x080216af    0xa4  Code  Gb  stm32f7xx_hal_rcc.o [1]
HAL_RCC_OscConfig       0x08020f41   0x518  Code  Gb  stm32f7xx_hal_rcc.o [1]
HAL_SDRAM_Init          0x08025871    0x44  Code  Gb  stm32f7xx_hal_sdram.o [1]
HAL_SDRAM_MspInit       0x080258b5     0x2  Code  Wk  stm32f7xx_hal_sdram.o [1]
HAL_SDRAM_ProgramRefreshRate
                        0x080258f3    0x2a  Code  Gb  stm32f7xx_hal_sdram.o [1]
HAL_SDRAM_SendCommand   0x080258b7    0x3c  Code  Gb  stm32f7xx_hal_sdram.o [1]
HAL_SPI_ErrorCallback   0x0801e7f5     0x2  Code  Wk  stm32f7xx_hal_spi.o [1]
HAL_SPI_Init            0x0801e3b9    0xd8  Code  Gb  stm32f7xx_hal_spi.o [1]
HAL_SPI_MspInit         0x0801d0b1   0x5ca  Code  Gb  waverecorder.o [1]
HAL_SPI_Receive_DMA     0x0801e491   0x14c  Code  Gb  stm32f7xx_hal_spi.o [1]
HAL_SPI_RxCpltCallback  0x0801d6ed    0xb8  Code  Gb  waverecorder.o [1]
HAL_SPI_RxHalfCpltCallback
                        0x0801e7f1     0x2  Code  Wk  stm32f7xx_hal_spi.o [1]
HAL_SPI_TransmitReceive_DMA
                        0x0801e5dd   0x212  Code  Gb  stm32f7xx_hal_spi.o [1]
HAL_SPI_TxRxCpltCallback
                        0x0801e7ef     0x2  Code  Wk  stm32f7xx_hal_spi.o [1]
HAL_SPI_TxRxHalfCpltCallback
                        0x0801e7f3     0x2  Code  Wk  stm32f7xx_hal_spi.o [1]
HAL_SYSTICK_Config      0x0801eee3     0xc  Code  Gb  stm32f7xx_hal_cortex.o [1]
HAL_UART_ErrorCallback  0x0802959b     0x2  Code  Wk  stm32f7xx_hal_uart.o [1]
HAL_UART_IRQHandler     0x080293c1    0xf8  Code  Gb  stm32f7xx_hal_uart.o [1]
HAL_UART_RxCpltCallback
                        0x08029599     0x2  Code  Wk  stm32f7xx_hal_uart.o [1]
HAL_UART_TxCpltCallback
                        0x08029597     0x2  Code  Wk  stm32f7xx_hal_uart.o [1]
HEAP$$Base              0x20021e98           --   Gb  - Linker created -
HEAP$$Limit             0x20023e98           --   Gb  - Linker created -
HardFault_Handler       0x08029817     0x2  Code  Gb  stm32f7xx_it.o [1]
I2C1_EV_IRQHandler      0x08029863     0xa  Code  Gb  stm32f7xx_it.o [1]
I2C2_EV_IRQHandler      0x0802986d     0xa  Code  Gb  stm32f7xx_it.o [1]
I2C_IsAcknowledgeFailed
                        0x08022d0f    0x9e  Code  Lc  stm32f7xx_hal_i2c.o [1]
I2C_MasterReceive_ISR   0x08022915   0x152  Code  Lc  stm32f7xx_hal_i2c.o [1]
I2C_MasterTransmit_ISR  0x080227c1   0x152  Code  Lc  stm32f7xx_hal_i2c.o [1]
I2C_SlaveReceive_ISR    0x08022b29    0xae  Code  Lc  stm32f7xx_hal_i2c.o [1]
I2C_SlaveTransmit_ISR   0x08022a67    0xc2  Code  Lc  stm32f7xx_hal_i2c.o [1]
I2C_TransferConfig      0x08022dad    0x2a  Code  Lc  stm32f7xx_hal_i2c.o [1]
I2C_WaitOnFlagUntilTimeout
                        0x08022bdd    0x8e  Code  Lc  stm32f7xx_hal_i2c.o [1]
I2C_WaitOnSTOPFlagUntilTimeout
                        0x08022cbf    0x50  Code  Lc  stm32f7xx_hal_i2c.o [1]
I2C_WaitOnTXISFlagUntilTimeout
                        0x08022c6b    0x54  Code  Lc  stm32f7xx_hal_i2c.o [1]
I2S1_Init               0x0801cd5f    0x5e  Code  Lc  waverecorder.o [1]
I2S1_stNipple           0x2001fe72     0x2  Data  Gb  waverecorder.o [1]
I2S1_stPosShft          0x2001fe88     0x1  Data  Gb  waverecorder.o [1]
I2S2_Init               0x0801cdbd    0x5e  Code  Lc  waverecorder.o [1]
I2S2_idxTmp             0x2001fe3a     0x2  Data  Gb  main.o [1]
I2S2_stNipple           0x2001fe74     0x2  Data  Gb  waverecorder.o [1]
I2S2_stPosShft          0x2001fe89     0x1  Data  Gb  waverecorder.o [1]
I2S3_Init               0x08022df7    0x68  Code  Gb  waveplayer _CS43L22.o [1]
I2S_GetClockFreq        0x0801ed33    0x66  Code  Lc  stm32f7xx_hal_i2s.o [1]
IS                      0x2001fd50    0x18  Data  Gb  main.o [1]
ISS                     0x2001fde4    0x14  Data  Gb  main.o [1]
IsocInBuffDummy         0x2001f3e8   0x180  Data  Lc  usbd_audio_in.o [1]
MIC1TO6_Init            0x0801cccf    0x90  Code  Gb  waverecorder.o [1]
MX_I2C1_Init            0x08020cc9    0x48  Code  Gb  audio_codec.o [1]
MX_I2C2_Init            0x0802213d    0x50  Code  Gb  main.o [1]
MemManage_Handler       0x08029819     0x2  Code  Gb  stm32f7xx_it.o [1]
NMI_Handler             0x08029815     0x2  Code  Gb  stm32f7xx_it.o [1]
NVIC_DisableIRQ         0x0801eded    0x14  Code  Lc  stm32f7xx_hal_cortex.o [1]
NVIC_EnableIRQ          0x0801edd9    0x14  Code  Lc  stm32f7xx_hal_cortex.o [1]
NVIC_EncodePriority     0x0801ee27    0x3e  Code  Lc  stm32f7xx_hal_cortex.o [1]
NVIC_GetPriorityGrouping
                        0x0801edcf     0xa  Code  Lc  stm32f7xx_hal_cortex.o [1]
NVIC_SetPriority        0x0801ee01    0x26  Code  Lc  stm32f7xx_hal_cortex.o [1]
NVIC_SetPriority        0x0802591d    0x26  Code  Lc  usbd_conf_f4.o [1]
NVIC_SetPriorityGrouping
                        0x0801edb1    0x1e  Code  Lc  stm32f7xx_hal_cortex.o [1]
OTG_FS_IRQHandler       0x08029877     0xa  Code  Gb  stm32f7xx_it.o [1]
OutputDev               0x2001fe7c     0x1  Data  Gb  audio_codec.o [1]
PCD_WriteEmptyTxFifo    0x08028493    0xc4  Code  Lc  stm32f7xx_hal_pcd.o [1]
PCM_Buffer1             0xc00181e0  0x1000  Data  Gb  audio_application.o [1]
PDM2PCMSDO78            0x0801d7cd   0x3b0  Code  Gb  waverecorder.o [1]
PDM_Filter_64_LSB       0x0801e069   0x31e  Code  Gb  pdm_filter.o [5]
PDM_Filter_Init         0x0801de69   0x1fe  Code  Gb  pdm_filter.o [5]
PendSV_Handler          0x08029823     0x2  Code  Gb  stm32f7xx_it.o [1]
Region$$Table$$Base     0x08029a8c           --   Gb  - Linker created -
Region$$Table$$Limit    0x08029ab8           --   Gb  - Linker created -
S1                      0x2001fcf0    0x18  Data  Gb  main.o [1]
S2                      0x2001fd08    0x18  Data  Gb  main.o [1]
S3                      0x2001fd20    0x18  Data  Gb  main.o [1]
S4                      0x2001fd38    0x18  Data  Gb  main.o [1]
SCB_EnableDCache        0x080217db    0x64  Code  Lc  main.o [1]
SCB_EnableICache        0x080217b1    0x2a  Code  Lc  main.o [1]
SPI1_IRQHandler         0x0801c44d   0x232  Code  Gb  waverecorder.o [1]
SPI1_stNipple           0x2001fe70     0x2  Data  Gb  waverecorder.o [1]
SPI2_IRQHandler         0x0801c67f   0x242  Code  Gb  waverecorder.o [1]
SPI3_IRQHandler         0x08020641     0xa  Code  Gb  audio_codec.o [1]
SPI4_IRQHandler         0x0801c8c1   0x242  Code  Gb  waverecorder.o [1]
SPI4_Init               0x0801ce1b    0x7c  Code  Gb  waverecorder.o [1]
SPI4_stPosShft          0x2001fe8a     0x1  Data  Gb  waverecorder.o [1]
SPI5_IRQHandler         0x0801cb03    0xec  Code  Gb  waverecorder.o [1]
SPI5_Init               0x0801ce9d    0xfe  Code  Gb  waverecorder.o [1]
SPI6_IRQHandler         0x0801cbef    0xe0  Code  Gb  waverecorder.o [1]
SPI6_Init               0x0801cfb1    0x7c  Code  Gb  waverecorder.o [1]
SPI_DMAError            0x0801e9cd    0x28  Code  Lc  stm32f7xx_hal_spi.o [1]
SPI_DMAHalfReceiveCplt  0x0801e9ad     0xe  Code  Lc  stm32f7xx_hal_spi.o [1]
SPI_DMAHalfTransmitReceiveCplt
                        0x0801e9bd     0xe  Code  Lc  stm32f7xx_hal_spi.o [1]
SPI_DMAReceiveCplt      0x0801e7f9    0xe4  Code  Lc  stm32f7xx_hal_spi.o [1]
SPI_DMATransmitReceiveCplt
                        0x0801e8dd    0xd0  Code  Lc  stm32f7xx_hal_spi.o [1]
SPI_EndRxTransaction    0x0801eb41    0x68  Code  Lc  stm32f7xx_hal_spi.o [1]
SPI_EndRxTxTransaction  0x0801eba9    0x62  Code  Lc  stm32f7xx_hal_spi.o [1]
SPI_I2S_ReceiveData     0x0801d6bd     0x6  Code  Lc  waverecorder.o [1]
SPI_WaitFifoStateUntilTimeout
                        0x0801ea8f    0xb2  Code  Lc  stm32f7xx_hal_spi.o [1]
SPI_WaitFlagStateUntilTimeout
                        0x0801e9f5    0x9a  Code  Lc  stm32f7xx_hal_spi.o [1]
SS1                     0x2001fd94    0x14  Data  Gb  main.o [1]
SS2                     0x2001fda8    0x14  Data  Gb  main.o [1]
SS3                     0x2001fdbc    0x14  Data  Gb  main.o [1]
SS4                     0x2001fdd0    0x14  Data  Gb  main.o [1]
STA321MP_DefautLoad     0x08024e6f    0x2c  Code  Lc  sta321mp.o [1]
STA321MP_Ini            0x080245bd   0x254  Code  Gb  sta321mp.o [1]
STACoefSet              0x0802486d   0x332  Code  Gb  sta321mp.o [1]
SVC_Handler             0x0802981f     0x2  Code  Gb  stm32f7xx_it.o [1]
Send_Audio_to_USB       0x08025853    0x14  Code  Gb  usbd_audio_if.o [1]
SetCoefValue            0x08024c4d    0x6a  Code  Gb  sta321mp.o [1]
SumDelay                0x08021fe1   0x10a  Code  Gb  main.o [1]
SysTick_Config          0x0801ee65    0x30  Code  Lc  stm32f7xx_hal_cortex.o [1]
SysTick_Handler         0x08029825    0x32  Code  Gb  stm32f7xx_it.o [1]
SystemClock_Config      0x08021cdf    0xb0  Code  Lc  main.o [1]
SystemCoreClock         0x20010418     0x4  Data  Gb  system_stm32f7xx.o [1]
SystemInit              0x08029921    0x4c  Code  Gb  system_stm32f7xx.o [1]
T0                      0x20010004   0x100  Data  Gb  pdm_filter.o [5]
T1                      0x20010104   0x100  Data  Gb  pdm_filter.o [5]
T2                      0x20010204   0x100  Data  Gb  pdm_filter.o [5]
TestSDO12               0x2001042c  0x2000  Data  Gb  waverecorder.o [1]
TestSDO34               0x2001242c  0x2000  Data  Gb  waverecorder.o [1]
TestSDO56               0x2001442c  0x2000  Data  Gb  waverecorder.o [1]
TestSDO7                0x2001642c  0x2000  Data  Gb  waverecorder.o [1]
TestSDO7_1              0x2001a42c  0x2000  Data  Gb  waverecorder.o [1]
TestSDO8                0x2001842c  0x2000  Data  Gb  waverecorder.o [1]
TestSDO8_1              0x2001c42c  0x2000  Data  Gb  waverecorder.o [1]
Timing                  0x2001fcbc    0x1c  Data  Lc  stm32746g_discovery_sdram.o [1]
UART_EndTransmit_IT     0x08029649    0x3c  Code  Lc  stm32f7xx_hal_uart.o [1]
UART_Receive_IT         0x08029685    0xa6  Code  Lc  stm32f7xx_hal_uart.o [1]
UART_Transmit_IT        0x0802959d    0xac  Code  Lc  stm32f7xx_hal_uart.o [1]
UART_WaitOnFlagUntilTimeout
                        0x080294b9    0xde  Code  Gb  stm32f7xx_hal_uart.o [1]
USART3_IRQHandler       0x08029859     0xa  Code  Gb  stm32f7xx_it.o [1]
USART6_IRQHandler       0x08029857     0x2  Code  Gb  stm32f7xx_it.o [1]
USBD_AUDIO              0x20010354    0x38  Data  Gb  usbd_audio_in.o [1]
USBD_AUDIO_CfgDesc      0x2001f730    0x78  Data  Lc  usbd_audio_in.o [1]
USBD_AUDIO_ConfigStrDescriptor
                        0x080297a1    0x26  Code  Gb  usbd_desc.o [1]
USBD_AUDIO_DataIn       0x08023941   0x122  Code  Lc  usbd_audio_in.o [1]
USBD_AUDIO_DataOut      0x08023abf     0x6  Code  Lc  usbd_audio_in.o [1]
USBD_AUDIO_Data_Transfer
                        0x08023b9b   0x186  Code  Gb  usbd_audio_in.o [1]
USBD_AUDIO_DeInit       0x0802382b    0x2c  Code  Lc  usbd_audio_in.o [1]
USBD_AUDIO_DeviceDescriptor
                        0x0802972d     0xa  Code  Gb  usbd_desc.o [1]
USBD_AUDIO_DeviceQualifierDesc
                        0x20010404     0xc  Data  Lc  usbd_audio_in.o [1]
USBD_AUDIO_EP0_RxReady  0x08023a63    0x44  Code  Lc  usbd_audio_in.o [1]
USBD_AUDIO_EP0_TxReady  0x08023aa7     0x6  Code  Lc  usbd_audio_in.o [1]
USBD_AUDIO_GetCfgDesc   0x08023935     0xc  Code  Lc  usbd_audio_in.o [1]
USBD_AUDIO_GetDeviceQualifierDesc
                        0x08023ac5     0xc  Code  Lc  usbd_audio_in.o [1]
USBD_AUDIO_Init         0x080237ad    0x7e  Code  Lc  usbd_audio_in.o [1]
USBD_AUDIO_Init_Microphone_Descriptor
                        0x08023d2f   0x52e  Code  Gb  usbd_audio_in.o [1]
USBD_AUDIO_InterfaceStrDescriptor
                        0x080297c7    0x26  Code  Gb  usbd_desc.o [1]
USBD_AUDIO_IsoINIncomplete
                        0x08023ab3     0x6  Code  Lc  usbd_audio_in.o [1]
USBD_AUDIO_IsoOutIncomplete
                        0x08023ab9     0x6  Code  Lc  usbd_audio_in.o [1]
USBD_AUDIO_LangIDStrDescriptor
                        0x08029737     0xa  Code  Gb  usbd_desc.o [1]
USBD_AUDIO_ManufacturerStrDescriptor
                        0x08029767    0x14  Code  Gb  usbd_desc.o [1]
USBD_AUDIO_ProductStrDescriptor
                        0x08029741    0x26  Code  Gb  usbd_desc.o [1]
USBD_AUDIO_RegisterInterface
                        0x08023d21     0xe  Code  Gb  usbd_audio_in.o [1]
USBD_AUDIO_SOF          0x08023aad     0x6  Code  Lc  usbd_audio_in.o [1]
USBD_AUDIO_SerialStrDescriptor
                        0x0802977b    0x26  Code  Gb  usbd_desc.o [1]
USBD_AUDIO_Setup        0x08023857    0xde  Code  Lc  usbd_audio_in.o [1]
USBD_AUDIO_fops         0x200103b0    0x24  Data  Gb  usbd_audio_if.o [1]
USBD_ClrClassConfig     0x08024307    0x18  Code  Gb  usbd_core.o [1]
USBD_ClrFeature         0x080261f7    0x3a  Code  Lc  usbd_ctlreq.o [1]
USBD_CtlContinueRx      0x08026339    0x1a  Code  Gb  usbd_ioreq.o [1]
USBD_CtlContinueSendData
                        0x080262f3    0x1a  Code  Gb  usbd_ioreq.o [1]
USBD_CtlError           0x08026259    0x18  Code  Gb  usbd_ctlreq.o [1]
USBD_CtlPrepareRx       0x0802630d    0x2c  Code  Gb  usbd_ioreq.o [1]
USBD_CtlReceiveStatus   0x0802636d    0x1a  Code  Gb  usbd_ioreq.o [1]
USBD_CtlSendData        0x080262cb    0x28  Code  Gb  usbd_ioreq.o [1]
USBD_CtlSendStatus      0x08026353    0x1a  Code  Gb  usbd_ioreq.o [1]
USBD_GetConfig          0x08026149    0x4c  Code  Lc  usbd_ctlreq.o [1]
USBD_GetDescriptor      0x08025ea5   0x164  Code  Lc  usbd_ctlreq.o [1]
USBD_GetLen             0x080262b7    0x14  Code  Lc  usbd_ctlreq.o [1]
USBD_GetStatus          0x08026195    0x3c  Code  Lc  usbd_ctlreq.o [1]
USBD_GetString          0x08026271    0x46  Code  Gb  usbd_ctlreq.o [1]
USBD_Init               0x08024275    0x38  Code  Gb  usbd_core.o [1]
USBD_LL_ClearStallEP    0x08025bd1    0x16  Code  Gb  usbd_conf_f4.o [1]
USBD_LL_CloseEP         0x08025b8f    0x16  Code  Gb  usbd_conf_f4.o [1]
USBD_LL_DataInStage     0x08024417    0xe2  Code  Gb  usbd_core.o [1]
USBD_LL_DataOutStage    0x08024389    0x8e  Code  Gb  usbd_core.o [1]
USBD_LL_DevConnected    0x08024599     0x6  Code  Gb  usbd_core.o [1]
USBD_LL_DevDisconnected
                        0x0802459f    0x1c  Code  Gb  usbd_core.o [1]
USBD_LL_FlushEP         0x08025ba5    0x16  Code  Gb  usbd_conf_f4.o [1]
USBD_LL_Init            0x08025ac1    0x7e  Code  Gb  usbd_conf_f4.o [1]
USBD_LL_IsStallEP       0x08025be7    0x30  Code  Gb  usbd_conf_f4.o [1]
USBD_LL_IsoINIncomplete
                        0x0802458d     0x6  Code  Gb  usbd_core.o [1]
USBD_LL_IsoOUTIncomplete
                        0x08024593     0x6  Code  Gb  usbd_core.o [1]
USBD_LL_OpenEP          0x08025b6d    0x22  Code  Gb  usbd_conf_f4.o [1]
USBD_LL_PrepareReceive  0x08025c4d    0x20  Code  Gb  usbd_conf_f4.o [1]
USBD_LL_Reset           0x080244f9    0x46  Code  Gb  usbd_core.o [1]
USBD_LL_Resume          0x0802455b     0xe  Code  Gb  usbd_core.o [1]
USBD_LL_SOF             0x08024569    0x24  Code  Gb  usbd_core.o [1]
USBD_LL_SetSpeed        0x0802453f     0x8  Code  Gb  usbd_core.o [1]
USBD_LL_SetUSBAddress   0x08025c17    0x16  Code  Gb  usbd_conf_f4.o [1]
USBD_LL_SetupStage      0x0802431f    0x6a  Code  Gb  usbd_core.o [1]
USBD_LL_StallEP         0x08025bbb    0x16  Code  Gb  usbd_conf_f4.o [1]
USBD_LL_Start           0x08025b5d    0x10  Code  Gb  usbd_conf_f4.o [1]
USBD_LL_Suspend         0x08024547    0x14  Code  Gb  usbd_core.o [1]
USBD_LL_Transmit        0x08025c2d    0x20  Code  Gb  usbd_conf_f4.o [1]
USBD_LangIDDesc         0x2001041c     0x4  Data  Gb  usbd_desc.o [1]
USBD_ParseSetupRequest  0x08026231    0x28  Code  Gb  usbd_ctlreq.o [1]
USBD_RegisterClass      0x080242ad    0x1a  Code  Gb  usbd_core.o [1]
USBD_RunTestMode        0x080242d5     0x6  Code  Gb  usbd_core.o [1]
USBD_SetAddress         0x08026009    0x60  Code  Lc  usbd_ctlreq.o [1]
USBD_SetClassConfig     0x080242db    0x2c  Code  Gb  usbd_core.o [1]
USBD_SetConfig          0x08026069    0xda  Code  Lc  usbd_ctlreq.o [1]
USBD_SetFeature         0x080261d1    0x26  Code  Lc  usbd_ctlreq.o [1]
USBD_Start              0x080242c7     0xe  Code  Gb  usbd_core.o [1]
USBD_StdDevReq          0x08025c6d    0x7c  Code  Gb  usbd_ctlreq.o [1]
USBD_StdEPReq           0x08025d35   0x170  Code  Gb  usbd_ctlreq.o [1]
USBD_StdItfReq          0x08025ce9    0x4c  Code  Gb  usbd_ctlreq.o [1]
USBD_StrDesc            0x2001f568    0xc8  Data  Gb  usbd_desc.o [1]
USB_ActivateEndpoint    0x0802894d    0xc4  Code  Gb  stm32f7xx_ll_usb.o [1]
USB_ActivateSetup       0x0802928f    0x44  Code  Gb  stm32f7xx_ll_usb.o [1]
USB_CoreInit            0x08028625    0x6e  Code  Gb  stm32f7xx_ll_usb.o [1]
USB_CoreReset           0x0802932b    0x38  Code  Lc  stm32f7xx_ll_usb.o [1]
USB_DeactivateEndpoint  0x08028a11    0xaa  Code  Gb  stm32f7xx_ll_usb.o [1]
USB_DevConnect          0x080291c3    0x1e  Code  Gb  stm32f7xx_ll_usb.o [1]
USB_DevDisconnect       0x080291e1    0x1e  Code  Gb  stm32f7xx_ll_usb.o [1]
USB_DevInit             0x080286e5   0x1c0  Code  Gb  stm32f7xx_ll_usb.o [1]
USB_DisableGlobalInt    0x080286a1     0xe  Code  Gb  stm32f7xx_ll_usb.o [1]
USB_EP0StartXfer        0x08028e05   0x1ec  Code  Gb  stm32f7xx_ll_usb.o [1]
USB_EP0_OutStart        0x080292d3    0x58  Code  Gb  stm32f7xx_ll_usb.o [1]
USB_EPClearStall        0x08029101    0x96  Code  Gb  stm32f7xx_ll_usb.o [1]
USB_EPSetStall          0x08029063    0x9e  Code  Gb  stm32f7xx_ll_usb.o [1]
USB_EPStartXfer         0x08028abb   0x342  Code  Gb  stm32f7xx_ll_usb.o [1]
USB_EnableGlobalInt     0x08028693     0xe  Code  Gb  stm32f7xx_ll_usb.o [1]
USB_FlushRxFifo         0x080288c9    0x20  Code  Gb  stm32f7xx_ll_usb.o [1]
USB_FlushTxFifo         0x080288a5    0x24  Code  Gb  stm32f7xx_ll_usb.o [1]
USB_GetDevSpeed         0x080288ff    0x4e  Code  Gb  stm32f7xx_ll_usb.o [1]
USB_GetMode             0x08029287     0x8  Code  Gb  stm32f7xx_ll_usb.o [1]
USB_ReadDevAllInEpInterrupt
                        0x08029223    0x16  Code  Gb  stm32f7xx_ll_usb.o [1]
USB_ReadDevAllOutEpInterrupt
                        0x0802920d    0x16  Code  Gb  stm32f7xx_ll_usb.o [1]
USB_ReadDevInEPInterrupt
                        0x08029253    0x34  Code  Gb  stm32f7xx_ll_usb.o [1]
USB_ReadDevOutEPInterrupt
                        0x08029239    0x1a  Code  Gb  stm32f7xx_ll_usb.o [1]
USB_ReadInterrupts      0x080291ff     0xe  Code  Gb  stm32f7xx_ll_usb.o [1]
USB_ReadPacket          0x08029037    0x2c  Code  Gb  stm32f7xx_ll_usb.o [1]
USB_SetCurrentMode      0x080286af    0x36  Code  Gb  stm32f7xx_ll_usb.o [1]
USB_SetDevAddress       0x08029197    0x2c  Code  Gb  stm32f7xx_ll_usb.o [1]
USB_SetDevSpeed         0x080288e9    0x16  Code  Gb  stm32f7xx_ll_usb.o [1]
USB_WritePacket         0x08028ff1    0x46  Code  Gb  stm32f7xx_ll_usb.o [1]
UsageFault_Handler      0x0802981d     0x2  Code  Gb  stm32f7xx_it.o [1]
VOL_CUR                 0x2001fe58     0x2  Data  Lc  usbd_audio_in.o [1]
Volume                  0x20010424     0x1  Data  Gb  audio_codec.o [1]
WavePlayerInit          0x08022de1    0x12  Code  Gb  waveplayer _CS43L22.o [1]
WaveRec_idxSens1        0x2001fe3c     0x2  Data  Gb  main.o [1]
WaveRec_idxSens2        0x2001fe3e     0x2  Data  Gb  main.o [1]
WaveRec_idxSens3        0x2001fe38     0x2  Data  Gb  main.o [1]
WaveRec_idxSens4        0x2001fe36     0x2  Data  Gb  main.o [1]
WaveRec_idxSens5        0x2001fe40     0x2  Data  Gb  main.o [1]
WaveRec_idxSens6        0x2001fe42     0x2  Data  Gb  main.o [1]
WaveRecord_flgIni       0x2001fe83     0x1  Data  Gb  waverecorder.o [1]
WaveRecord_flgSDO7Finish
                        0x2001fe86     0x1  Data  Gb  waverecorder.o [1]
WaveRecord_flgSDO8Finish
                        0x2001fe87     0x1  Data  Gb  waverecorder.o [1]
WriteCoef               0x08024b9f    0xae  Code  Gb  sta321mp.o [1]
WriteSTAByte            0x08024811    0x5c  Code  Gb  sta321mp.o [1]
XferCplt                0x2001fe24     0x4  Data  Gb  waveplayer _CS43L22.o [1]
__aeabi_cdcmpeq         0x08022f79          Code  Gb  DblCmpEq.o [6]
__aeabi_cdcmple         0x08020d61          Code  Gb  DblCmpLe.o [6]
__aeabi_cdrcmple        0x08020d91          Code  Gb  DblCmpGe.o [6]
__aeabi_cfcmpeq         0x0801ef15          Code  Gb  FltCmpEq.o [6]
__aeabi_cfcmple         0x0801ef41          Code  Gb  FltCmpLe.o [6]
__aeabi_d2f             0x0801f529          Code  Gb  DblToFlt.o [6]
__aeabi_d2iz            0x0801f339          Code  Gb  DblToI32.o [6]
__aeabi_dadd            0x0801f251          Code  Gb  DblAdd.o [6]
__aeabi_ddiv            0x0801eff9          Code  Gb  DblDiv.o [6]
__aeabi_dmul            0x0801f385          Code  Gb  DblMul.o [6]
__aeabi_dsub            0x0801fa09          Code  Gb  DblSub.o [6]
__aeabi_errno_addr      0x08020dc1     0x6  Code  Gb  errno.o [3]
__aeabi_f2d             0x0801ef79          Code  Gb  FltToDbl.o [6]
__aeabi_fmul            0x0801ef65    0x12  Code  Gb  FltMul.o [6]
__aeabi_i2d             0x0801efc9          Code  Gb  I32ToDbl.o [6]
__aeabi_memset          0x08026389          Code  Gb  ABImemset.o [7]
__aeabi_ui2d            0x0801efdd          Code  Gb  I32ToDbl.o [6]
__aeabi_ui2f            0x0801ef31     0xe  Code  Gb  U32ToFlt.o [6]
__cmain                 0x08029ab9          Code  Gb  cmain.o [7]
__data_GetMemChunk      0x080285f9    0x2c  Code  Gb  xgetmemchunk.o [3]
__exit                  0x08029375    0x14  Code  Gb  exit.o [8]
__iar_Dint              0x08022eff    0x7a  Code  Gb  xdint.o [6]
__iar_Errno             0x20010420     0x4  Data  Gb  errno.o [3]
__iar_Memset            0x08026389          Code  Gb  ABImemset.o [7]
__iar_Memset_word       0x08026391          Code  Gb  ABImemset.o [7]
__iar_Quad              0x08020dcd   0x12c  Code  Gb  xquad.o [6]
__iar_Sin               0x0801f5b9   0x3b2  Code  Gb  xsin.o [6]
__iar_close_ttio        0x08029389    0x2e  Code  Gb  iarttio.o [8]
__iar_copy_init3        0x080299cd    0x2c  Code  Gb  copy_init3.o [7]
__iar_d2uiz             0x0801f365          Code  Gb  DblToI32.o [6]
__iar_dadd              0x0801f265          Code  Gb  DblAdd.o [6]
__iar_data_init3        0x080299f9    0x28  Code  Gb  data_init.o [7]
__iar_dlfree            0x080273c7   0x510  Code  Gb  dlmalloc.o [3]
__iar_dlib_perthread_access
                        0x08022efd     0x2  Code  Gb  xtls.o [3]
__iar_dlmalloc          0x08027111   0x2aa  Code  Gb  dlmalloc.o [3]
__iar_dsub              0x0801fa1d          Code  Gb  DblSub.o [6]
__iar_dsubStart         0x0801fa2f          Code  Gb  DblSub.o [6]
__iar_edom              0x08020f35          Code  Gb  iarEdom.o [7]
__iar_fmod              0x08022f99          Code  Gb  fmod.o [6]
__iar_fmodl             0x08022f99          Code  Gb  fmod.o [6]
__iar_init_vfp          0x08029a69          Code  Gb  fpinit_M.o [6]
__iar_lookup_ttioh      0x080293b9     0x8  Code  Gb  XShttio.o [3]
__iar_program_start     0x08029b5d          Code  Gb  cstartup_M.o [7]
__iar_sqrt              0x0801fb89          Code  Gb  sqrt.o [6]
__iar_ttio_handles      0x20010410     0x8  Data  Lc  XShttio.o [3]
__iar_ui2d              0x0801efe1          Code  Gb  I32ToDbl.o [6]
__iar_unaligned___aeabi_memcpy
                        0x080278e1          Code  Gb  ABImemcpy_unaligned.o [7]
__iar_unaligned___aeabi_memcpy4
                        0x08027901          Code  Gb  ABImemcpy_unaligned.o [7]
__iar_unaligned___aeabi_memcpy8
                        0x08027901          Code  Gb  ABImemcpy_unaligned.o [7]
__iar_zero_init3        0x0802998d    0x40  Code  Gb  zero_init3.o [7]
__low_level_init        0x08029ad3     0x4  Code  Gb  low_level_init.o [3]
__vector_table          0x08000000          Data  Gb  startup_stm32f746xx.o [1]
_call_main              0x08029ac5          Code  Gb  cmain.o [7]
_exit                   0x08029add          Code  Gb  cexit.o [7]
_gm_                    0x2001f210   0x1d8  Data  Lc  dlmalloc.o [3]
_main                   0x08029acf          Code  Gb  cmain.o [7]
abort                   0x080285f1     0x6  Code  Gb  abort.o [3]
abs                     0x08027957     0x8  Code  Gb  abs.o [3]
armBitRevTable          0x080001c8   0x800  Data  Gb  arm_common_tables.o [4]
arm_cfft_radix4_init_f32
                        0x08010a41    0xb0  Code  Gb  arm_cfft_radix4_init_f32.o [4]
arm_rfft_init_f32       0x080089c9    0x72  Code  Gb  arm_rfft_init_f32.o [4]
btnSW1                  0x2001fe7d     0x1  Data  Gb  main.o [1]
btnSW2                  0x2001fe7e     0x1  Data  Gb  main.o [1]
bufCoefBiquad           0x2001fdf8    0x10  Data  Gb  sta321mp.o [1]
bufPCMSens7             0x2001fe28     0x4  Data  Gb  waverecorder.o [1]
bufPCMSens8             0x2001fe2c     0x4  Data  Gb  waverecorder.o [1]
bufferSum               0x2001e42c   0x800  Data  Gb  main.o [1]
buffer_switch           0x20010425     0x1  Data  Gb  main.o [1]
cntFrm                  0x2001fe34     0x2  Data  Gb  audio_application.o [1]
cntOS                   0x2001fe20     0x4  Data  Gb  stm32f7xx_it.o [1]
cntPos                  0x2001fe5e     0x2  Data  Gb  waverecorder.o [1]
cntPos7                 0x2001fe60     0x2  Data  Gb  waverecorder.o [1]
cntRisingEXTI           0x2001fe46     0x2  Data  Gb  main.o [1]
cntStrt                 0x2001fe62     0x2  Data  Gb  waverecorder.o [1]
cntTime200              0x2001fe54     0x2  Data  Gb  main.o [1]
exit                    0x08029ad7     0x4  Code  Gb  exit.o [3]
flg10ms                 0x2001fe81     0x1  Data  Gb  main.o [1]
flgDlyUpd               0x2001fe7f     0x1  Data  Gb  main.o [1]
fmod                    0x08022f99          Code  Gb  fmod.o [6]
fmodl                   0x08022f99          Code  Gb  fmod.o [6]
hUSBDDevice             0x2001efec   0x224  Data  Gb  main.o [1]
hUSBDDeviceDesc         0x200103f0    0x14  Data  Gb  usbd_desc.o [1]
haudioInstance          0x2001f8e4    0x64  Data  Lc  usbd_audio_in.o [1]
hdma_spi5_rx            0x2001fab0    0x50  Data  Gb  waverecorder.o [1]
hdma_spi6_rx            0x2001fb00    0x50  Data  Gb  waverecorder.o [1]
hi2c1                   0x2001fc10    0x3c  Data  Gb  audio_codec.o [1]
hi2c2                   0x2001fc4c    0x3c  Data  Gb  audio_codec.o [1]
hi2s1                   0x2001fb90    0x40  Data  Gb  waverecorder.o [1]
hi2s2                   0x2001fbd0    0x40  Data  Gb  waverecorder.o [1]
hi2s3                   0x2001fb50    0x40  Data  Gb  waveplayer _CS43L22.o [1]
hpcd                    0x2001ec2c   0x3c0  Data  Gb  usbd_conf_f4.o [1]
hspi4                   0x2001f880    0x64  Data  Gb  main.o [1]
hspi5                   0x2001f948    0x64  Data  Gb  waverecorder.o [1]
hspi6                   0x2001f9ac    0x64  Data  Gb  waverecorder.o [1]
huart3                  0x2001f7a8    0x70  Data  Gb  main.o [1]
iSDO12                  0x2001fe76     0x2  Data  Gb  waverecorder.o [1]
iSDO34                  0x2001fe78     0x2  Data  Gb  waverecorder.o [1]
iSDO56                  0x2001fe7a     0x2  Data  Gb  waverecorder.o [1]
idxLatency12            0x2001fe4a     0x2  Data  Gb  main.o [1]
idxLatency13            0x2001fe48     0x2  Data  Gb  main.o [1]
idxLatency14            0x2001fe4c     0x2  Data  Gb  main.o [1]
idxLatency25            0x2001fe4e     0x2  Data  Gb  main.o [1]
idxLatency63            0x2001fe50     0x2  Data  Gb  main.o [1]
idxLatency78            0x2001fe52     0x2  Data  Gb  main.o [1]
idxMic7                 0x2001fe5c     0x2  Data  Gb  waverecorder.o [1]
idxMic8                 0x2001fe5a     0x2  Data  Gb  waverecorder.o [1]
idxSPI5DataBuf3         0x2001fe44     0x2  Data  Gb  main.o [1]
init_mparams            0x0802640b    0x32  Code  Lc  dlmalloc.o [3]
init_top                0x0802643d    0x34  Code  Lc  dlmalloc.o [3]
main                    0x08021a81   0x25e  Code  Gb  main.o [1]
mparams                 0x2001fd68    0x18  Data  Lc  dlmalloc.o [3]
pDataMic7               0x2001f6b0    0x80  Data  Gb  waverecorder.o [1]
pDataMic8               0x2001f630    0x80  Data  Gb  waverecorder.o [1]
pcSTAComnd              0x20010304    0x50  Data  Gb  sta321mp.o [1]
pcSTAComnd1             0x2001fe56     0x2  Data  Gb  sta321mp.o [1]
pcSTAComnd2             0x2001038c    0x24  Data  Gb  sta321mp.o [1]
prepend_alloc           0x08026471   0x36c  Code  Lc  dlmalloc.o [3]
realCoefA               0x08008a40  0x8000  Data  Lc  arm_rfft_init_f32.o [4]
realCoefB               0x08010af0  0x8000  Data  Lc  arm_rfft_init_f32.o [4]
sdramHandle             0x2001fc88    0x34  Data  Lc  stm32746g_discovery_sdram.o [1]
segment_holding         0x080263f1    0x1a  Code  Lc  dlmalloc.o [3]
sqrt                    0x0801fb89          Code  Gb  sqrt.o [6]
sqrtl                   0x0801fb89          Code  Gb  sqrt.o [6]
stFrstFrmStore          0x2001fe80     0x1  Data  Gb  main.o [1]
sta321mp_biquad         0x08024d0f   0x160  Code  Lc  sta321mp.o [1]
sta321mp_mixer          0x08024cb7    0x2a  Code  Lc  sta321mp.o [1]
sta321mp_postscale      0x08024cf9    0x16  Code  Lc  sta321mp.o [1]
sta321mp_prescale       0x08024ce1    0x18  Code  Lc  sta321mp.o [1]
stm32_crc               0x20010000     0x4  Data  Gb  pdm_filter.o [5]
swtSDO7                 0x2001fe84     0x1  Data  Gb  waverecorder.o [1]
swtSDO8                 0x2001fe85     0x1  Data  Gb  waverecorder.o [1]
sys_alloc               0x080267dd   0x386  Code  Lc  dlmalloc.o [3]
tmalloc_large           0x08026b71   0x390  Code  Lc  dlmalloc.o [3]
tmalloc_small           0x08026f01   0x210  Code  Lc  dlmalloc.o [3]
twiddleCoef_4096        0x080009c8  0x8000  Data  Gb  arm_common_tables.o [4]
uwTick                  0x2001fe1c     0x4  Data  Lc  stm32f7xx_hal.o [1]
vRawSens1               0x2001fe64     0x2  Data  Gb  waverecorder.o [1]
vRawSens2               0x2001fe66     0x2  Data  Gb  waverecorder.o [1]
vRawSens3               0x2001fe6a     0x2  Data  Gb  waverecorder.o [1]
vRawSens4               0x2001fe68     0x2  Data  Gb  waverecorder.o [1]
vRawSens5               0x2001fe6c     0x2  Data  Gb  waverecorder.o [1]
vRawSens6               0x2001fe6e     0x2  Data  Gb  waverecorder.o [1]
vol_table               0x0802989c    0x84  Data  Gb  usbd_audio_if.o [1]
volume                  0x20010428     0x1  Data  Gb  waveplayer _CS43L22.o [1]


[1] = H:\PhanLeSon\ActivNoise\Microphone\F7\Mic_Array_Project\Mic_Array\Projects\STM32746G\Applications\Audio\Mic_Array\EWARM\STM32F7\Obj
[2] = command line
[3] = dl7M_tlf.a
[4] = iar_cortexM7ls_math.a
[5] = libPDMFilter_CM7_IAR.a
[6] = m7M_tls.a
[7] = rt7M_tl.a
[8] = shb_l.a

  103 228 bytes of readonly  code memory
   69 012 bytes of readonly  data memory
   81 550 bytes of readwrite data memory (+ 102 880 absolute)

Errors: none
Warnings: none
