###############################################################################
#
# IAR ELF Linker V7.50.2.10312/W32 for ARM                22/Feb/2016  14:50:45
# Copyright 2007-2015 IAR Systems AB.
#
#    Output file  =  
#        D:\sop1hc\Github\data\Mic_Array_V00\USB_STREAMING\Mic_Array\Projects\STM32746G\Applications\Audio\Mic_Array\EWARM\STM32F7\Exe\Project.out
#    Map file     =  
#        D:\sop1hc\Github\data\Mic_Array_V00\USB_STREAMING\Mic_Array\Projects\STM32746G\Applications\Audio\Mic_Array\EWARM\STM32F7\List\Project.map
#    Command line =  
#        D:\sop1hc\Github\data\Mic_Array_V00\USB_STREAMING\Mic_Array\Projects\STM32746G\Applications\Audio\Mic_Array\EWARM\STM32F7\Obj\audio_application.o
#        D:\sop1hc\Github\data\Mic_Array_V00\USB_STREAMING\Mic_Array\Projects\STM32746G\Applications\Audio\Mic_Array\EWARM\STM32F7\Obj\audio_codec.o
#        D:\sop1hc\Github\data\Mic_Array_V00\USB_STREAMING\Mic_Array\Projects\STM32746G\Applications\Audio\Mic_Array\EWARM\STM32F7\Obj\DSP.o
#        D:\sop1hc\Github\data\Mic_Array_V00\USB_STREAMING\Mic_Array\Projects\STM32746G\Applications\Audio\Mic_Array\EWARM\STM32F7\Obj\ff.o
#        D:\sop1hc\Github\data\Mic_Array_V00\USB_STREAMING\Mic_Array\Projects\STM32746G\Applications\Audio\Mic_Array\EWARM\STM32F7\Obj\ft5336.o
#        D:\sop1hc\Github\data\Mic_Array_V00\USB_STREAMING\Mic_Array\Middlewares\ST\STM32_Audio\Addons\PDM\libPDMFilter_CM7_IAR.a
#        D:\sop1hc\Github\data\Mic_Array_V00\USB_STREAMING\Mic_Array\Projects\STM32746G\Applications\Audio\Mic_Array\EWARM\STM32F7\Obj\main.o
#        D:\sop1hc\Github\data\Mic_Array_V00\USB_STREAMING\Mic_Array\Projects\STM32746G\Applications\Audio\Mic_Array\EWARM\STM32F7\Obj\sta321mp.o
#        D:\sop1hc\Github\data\Mic_Array_V00\USB_STREAMING\Mic_Array\Projects\STM32746G\Applications\Audio\Mic_Array\EWARM\STM32F7\Obj\startup_stm32f746xx.o
#        D:\sop1hc\Github\data\Mic_Array_V00\USB_STREAMING\Mic_Array\Projects\STM32746G\Applications\Audio\Mic_Array\EWARM\STM32F7\Obj\stm32746g_discovery.o
#        D:\sop1hc\Github\data\Mic_Array_V00\USB_STREAMING\Mic_Array\Projects\STM32746G\Applications\Audio\Mic_Array\EWARM\STM32F7\Obj\stm32746g_discovery_lcd.o
#        D:\sop1hc\Github\data\Mic_Array_V00\USB_STREAMING\Mic_Array\Projects\STM32746G\Applications\Audio\Mic_Array\EWARM\STM32F7\Obj\stm32746g_discovery_sdram.o
#        D:\sop1hc\Github\data\Mic_Array_V00\USB_STREAMING\Mic_Array\Projects\STM32746G\Applications\Audio\Mic_Array\EWARM\STM32F7\Obj\stm32746g_discovery_ts.o
#        D:\sop1hc\Github\data\Mic_Array_V00\USB_STREAMING\Mic_Array\Projects\STM32746G\Applications\Audio\Mic_Array\EWARM\STM32F7\Obj\stm32f7xx_hal.o
#        D:\sop1hc\Github\data\Mic_Array_V00\USB_STREAMING\Mic_Array\Projects\STM32746G\Applications\Audio\Mic_Array\EWARM\STM32F7\Obj\stm32f7xx_hal_cortex.o
#        D:\sop1hc\Github\data\Mic_Array_V00\USB_STREAMING\Mic_Array\Projects\STM32746G\Applications\Audio\Mic_Array\EWARM\STM32F7\Obj\stm32f7xx_hal_dma.o
#        D:\sop1hc\Github\data\Mic_Array_V00\USB_STREAMING\Mic_Array\Projects\STM32746G\Applications\Audio\Mic_Array\EWARM\STM32F7\Obj\stm32f7xx_hal_dma2d.o
#        D:\sop1hc\Github\data\Mic_Array_V00\USB_STREAMING\Mic_Array\Projects\STM32746G\Applications\Audio\Mic_Array\EWARM\STM32F7\Obj\stm32f7xx_hal_dma_ex.o
#        D:\sop1hc\Github\data\Mic_Array_V00\USB_STREAMING\Mic_Array\Projects\STM32746G\Applications\Audio\Mic_Array\EWARM\STM32F7\Obj\stm32f7xx_hal_flash.o
#        D:\sop1hc\Github\data\Mic_Array_V00\USB_STREAMING\Mic_Array\Projects\STM32746G\Applications\Audio\Mic_Array\EWARM\STM32F7\Obj\stm32f7xx_hal_flash_ex.o
#        D:\sop1hc\Github\data\Mic_Array_V00\USB_STREAMING\Mic_Array\Projects\STM32746G\Applications\Audio\Mic_Array\EWARM\STM32F7\Obj\stm32f7xx_hal_gpio.o
#        D:\sop1hc\Github\data\Mic_Array_V00\USB_STREAMING\Mic_Array\Projects\STM32746G\Applications\Audio\Mic_Array\EWARM\STM32F7\Obj\stm32f7xx_hal_hcd.o
#        D:\sop1hc\Github\data\Mic_Array_V00\USB_STREAMING\Mic_Array\Projects\STM32746G\Applications\Audio\Mic_Array\EWARM\STM32F7\Obj\stm32f7xx_hal_i2c.o
#        D:\sop1hc\Github\data\Mic_Array_V00\USB_STREAMING\Mic_Array\Projects\STM32746G\Applications\Audio\Mic_Array\EWARM\STM32F7\Obj\stm32f7xx_hal_i2c_ex.o
#        D:\sop1hc\Github\data\Mic_Array_V00\USB_STREAMING\Mic_Array\Projects\STM32746G\Applications\Audio\Mic_Array\EWARM\STM32F7\Obj\stm32f7xx_hal_i2s.o
#        D:\sop1hc\Github\data\Mic_Array_V00\USB_STREAMING\Mic_Array\Projects\STM32746G\Applications\Audio\Mic_Array\EWARM\STM32F7\Obj\stm32f7xx_hal_ltdc.o
#        D:\sop1hc\Github\data\Mic_Array_V00\USB_STREAMING\Mic_Array\Projects\STM32746G\Applications\Audio\Mic_Array\EWARM\STM32F7\Obj\stm32f7xx_hal_pcd.o
#        D:\sop1hc\Github\data\Mic_Array_V00\USB_STREAMING\Mic_Array\Projects\STM32746G\Applications\Audio\Mic_Array\EWARM\STM32F7\Obj\stm32f7xx_hal_pcd_ex.o
#        D:\sop1hc\Github\data\Mic_Array_V00\USB_STREAMING\Mic_Array\Projects\STM32746G\Applications\Audio\Mic_Array\EWARM\STM32F7\Obj\stm32f7xx_hal_pwr.o
#        D:\sop1hc\Github\data\Mic_Array_V00\USB_STREAMING\Mic_Array\Projects\STM32746G\Applications\Audio\Mic_Array\EWARM\STM32F7\Obj\stm32f7xx_hal_pwr_ex.o
#        D:\sop1hc\Github\data\Mic_Array_V00\USB_STREAMING\Mic_Array\Projects\STM32746G\Applications\Audio\Mic_Array\EWARM\STM32F7\Obj\stm32f7xx_hal_rcc.o
#        D:\sop1hc\Github\data\Mic_Array_V00\USB_STREAMING\Mic_Array\Projects\STM32746G\Applications\Audio\Mic_Array\EWARM\STM32F7\Obj\stm32f7xx_hal_rcc_ex.o
#        D:\sop1hc\Github\data\Mic_Array_V00\USB_STREAMING\Mic_Array\Projects\STM32746G\Applications\Audio\Mic_Array\EWARM\STM32F7\Obj\stm32f7xx_hal_sai.o
#        D:\sop1hc\Github\data\Mic_Array_V00\USB_STREAMING\Mic_Array\Projects\STM32746G\Applications\Audio\Mic_Array\EWARM\STM32F7\Obj\stm32f7xx_hal_sai_ex.o
#        D:\sop1hc\Github\data\Mic_Array_V00\USB_STREAMING\Mic_Array\Projects\STM32746G\Applications\Audio\Mic_Array\EWARM\STM32F7\Obj\stm32f7xx_hal_sdram.o
#        D:\sop1hc\Github\data\Mic_Array_V00\USB_STREAMING\Mic_Array\Projects\STM32746G\Applications\Audio\Mic_Array\EWARM\STM32F7\Obj\stm32f7xx_hal_spi.o
#        D:\sop1hc\Github\data\Mic_Array_V00\USB_STREAMING\Mic_Array\Projects\STM32746G\Applications\Audio\Mic_Array\EWARM\STM32F7\Obj\stm32f7xx_hal_sram.o
#        D:\sop1hc\Github\data\Mic_Array_V00\USB_STREAMING\Mic_Array\Projects\STM32746G\Applications\Audio\Mic_Array\EWARM\STM32F7\Obj\stm32f7xx_hal_tim.o
#        D:\sop1hc\Github\data\Mic_Array_V00\USB_STREAMING\Mic_Array\Projects\STM32746G\Applications\Audio\Mic_Array\EWARM\STM32F7\Obj\stm32f7xx_hal_tim_ex.o
#        D:\sop1hc\Github\data\Mic_Array_V00\USB_STREAMING\Mic_Array\Projects\STM32746G\Applications\Audio\Mic_Array\EWARM\STM32F7\Obj\stm32f7xx_hal_uart.o
#        D:\sop1hc\Github\data\Mic_Array_V00\USB_STREAMING\Mic_Array\Projects\STM32746G\Applications\Audio\Mic_Array\EWARM\STM32F7\Obj\stm32f7xx_it.o
#        D:\sop1hc\Github\data\Mic_Array_V00\USB_STREAMING\Mic_Array\Projects\STM32746G\Applications\Audio\Mic_Array\EWARM\STM32F7\Obj\stm32f7xx_ll_fmc.o
#        D:\sop1hc\Github\data\Mic_Array_V00\USB_STREAMING\Mic_Array\Projects\STM32746G\Applications\Audio\Mic_Array\EWARM\STM32F7\Obj\stm32f7xx_ll_usb.o
#        D:\sop1hc\Github\data\Mic_Array_V00\USB_STREAMING\Mic_Array\Projects\STM32746G\Applications\Audio\Mic_Array\EWARM\STM32F7\Obj\system_stm32f7xx.o
#        D:\sop1hc\Github\data\Mic_Array_V00\USB_STREAMING\Mic_Array\Projects\STM32746G\Applications\Audio\Mic_Array\EWARM\STM32F7\Obj\usbd_audio_if.o
#        D:\sop1hc\Github\data\Mic_Array_V00\USB_STREAMING\Mic_Array\Projects\STM32746G\Applications\Audio\Mic_Array\EWARM\STM32F7\Obj\usbd_audio_in.o
#        D:\sop1hc\Github\data\Mic_Array_V00\USB_STREAMING\Mic_Array\Projects\STM32746G\Applications\Audio\Mic_Array\EWARM\STM32F7\Obj\usbd_conf_f4.o
#        D:\sop1hc\Github\data\Mic_Array_V00\USB_STREAMING\Mic_Array\Projects\STM32746G\Applications\Audio\Mic_Array\EWARM\STM32F7\Obj\usbd_core.o
#        D:\sop1hc\Github\data\Mic_Array_V00\USB_STREAMING\Mic_Array\Projects\STM32746G\Applications\Audio\Mic_Array\EWARM\STM32F7\Obj\usbd_ctlreq.o
#        D:\sop1hc\Github\data\Mic_Array_V00\USB_STREAMING\Mic_Array\Projects\STM32746G\Applications\Audio\Mic_Array\EWARM\STM32F7\Obj\usbd_desc.o
#        D:\sop1hc\Github\data\Mic_Array_V00\USB_STREAMING\Mic_Array\Projects\STM32746G\Applications\Audio\Mic_Array\EWARM\STM32F7\Obj\usbd_ioreq.o
#        D:\sop1hc\Github\data\Mic_Array_V00\USB_STREAMING\Mic_Array\Projects\STM32746G\Applications\Audio\Mic_Array\EWARM\STM32F7\Obj\usbh_conf.o
#        D:\sop1hc\Github\data\Mic_Array_V00\USB_STREAMING\Mic_Array\Projects\STM32746G\Applications\Audio\Mic_Array\EWARM\STM32F7\Obj\usbh_core.o
#        D:\sop1hc\Github\data\Mic_Array_V00\USB_STREAMING\Mic_Array\Projects\STM32746G\Applications\Audio\Mic_Array\EWARM\STM32F7\Obj\usbh_ctlreq.o
#        D:\sop1hc\Github\data\Mic_Array_V00\USB_STREAMING\Mic_Array\Projects\STM32746G\Applications\Audio\Mic_Array\EWARM\STM32F7\Obj\usbh_diskio.o
#        D:\sop1hc\Github\data\Mic_Array_V00\USB_STREAMING\Mic_Array\Projects\STM32746G\Applications\Audio\Mic_Array\EWARM\STM32F7\Obj\usbh_ioreq.o
#        D:\sop1hc\Github\data\Mic_Array_V00\USB_STREAMING\Mic_Array\Projects\STM32746G\Applications\Audio\Mic_Array\EWARM\STM32F7\Obj\usbh_msc.o
#        D:\sop1hc\Github\data\Mic_Array_V00\USB_STREAMING\Mic_Array\Projects\STM32746G\Applications\Audio\Mic_Array\EWARM\STM32F7\Obj\usbh_msc_bot.o
#        D:\sop1hc\Github\data\Mic_Array_V00\USB_STREAMING\Mic_Array\Projects\STM32746G\Applications\Audio\Mic_Array\EWARM\STM32F7\Obj\usbh_msc_scsi.o
#        D:\sop1hc\Github\data\Mic_Array_V00\USB_STREAMING\Mic_Array\Projects\STM32746G\Applications\Audio\Mic_Array\EWARM\STM32F7\Obj\usbh_pipes.o
#        "D:\sop1hc\Github\data\Mic_Array_V00\USB_STREAMING\Mic_Array\Projects\STM32746G\Applications\Audio\Mic_Array\EWARM\STM32F7\Obj\waveplayer
#        _CS43L22.o"
#        D:\sop1hc\Github\data\Mic_Array_V00\USB_STREAMING\Mic_Array\Projects\STM32746G\Applications\Audio\Mic_Array\EWARM\STM32F7\Obj\waverecorder.o
#        --redirect _Printf=_PrintfSmall --redirect _Scanf=_ScanfSmall -o
#        D:\sop1hc\Github\data\Mic_Array_V00\USB_STREAMING\Mic_Array\Projects\STM32746G\Applications\Audio\Mic_Array\EWARM\STM32F7\Exe\Project.out
#        --map
#        D:\sop1hc\Github\data\Mic_Array_V00\USB_STREAMING\Mic_Array\Projects\STM32746G\Applications\Audio\Mic_Array\EWARM\STM32F7\List\Project.map
#        --config
#        D:\sop1hc\Github\data\Mic_Array_V00\USB_STREAMING\Mic_Array\Projects\STM32746G\Applications\Audio\Mic_Array\EWARM\Project.icf
#        --semihosting --entry __iar_program_start --no_exceptions "D:\Program
#        Files (x86)\IAR Systems\Embedded Workbench
#        7.3\arm\CMSIS\Lib\IAR\iar_cortexM7ls_math.a" --vfe
#
###############################################################################

*******************************************************************************
*** RUNTIME MODEL ATTRIBUTES
***

CppFlavor                     = *
__Heap_Handler                = DLMalloc
__SystemLibrary               = DLib
__dlib_dynamic_initialization = normal


*******************************************************************************
*** PLACEMENT SUMMARY
***

"A1":  place at 0x08000000 { ro section .intvec };
"P1":  place in [from 0x00000000 to 0x00000000] |
                [from 0x08000000 to 0x080fffff] { ro };
"P3":  place in [from 0x20000000 to 0x2000ffff] |
                [from 0x20010000 to 0x2004ffff] { rw, block CSTACK, block HEAP };

  Section             Kind        Address     Size  Object
  -------             ----        -------     ----  ------
"A1":                                        0x1c8
  .intvec             ro code  0x08000000    0x1c8  startup_stm32f746xx.o [1]
                             - 0x080001c8    0x1c8

"P1":                                      0x24afe
  .rodata             const    0x080001c8   0x8800  arm_common_tables.o [4]
  .text               ro code  0x080089c8   0x8078  arm_rfft_init_f32.o [4]
  .text               ro code  0x08010a40     0xb0  arm_cfft_radix4_init_f32.o [4]
  .rodata             const    0x08010af0   0x8000  arm_rfft_init_f32.o [4]
  .text               ro code  0x08018af0   0x14f0  dlmalloc.o [3]
  .text               ro code  0x08019fe0      0x6  abort.o [3]
  .text               ro code  0x08019fe8     0x2c  xgetmemchunk.o [3]
  .text               ro code  0x0801a014     0x14  exit.o [8]
  .text               ro code  0x0801a028     0x30  iarttio.o [8]
  .text               ro code  0x0801a058      0x8  XShttio.o [3]
  .text               ro code  0x0801a060    0xfd0  stm32f7xx_hal_dma.o [1]
  .text               ro code  0x0801b030    0xf9c  waverecorder.o [1]
  .text               ro code  0x0801bfcc    0x228  stm32f7xx_hal_gpio.o [1]
  .text               ro code  0x0801c1f4    0x550  pdm_filter.o [5]
  .text               ro code  0x0801c744    0x110  stm32f7xx_hal_i2s.o [1]
  .text               ro code  0x0801c854    0x7d4  stm32f7xx_hal_spi.o [1]
  .text               ro code  0x0801d028     0xd0  stm32f7xx_hal_cortex.o [1]
  .text               ro code  0x0801d0f8     0x4c  audio_application.o [1]
  .text               ro code  0x0801d144     0x1c  FltCmpEq.o [6]
  .text               ro code  0x0801d160      0xe  U32ToFlt.o [6]
  .text               ro code  0x0801d170     0x24  FltCmpLe.o [6]
  .text               ro code  0x0801d194     0x12  FltMul.o [6]
  .text               ro code  0x0801d1a8     0x4e  FltToDbl.o [6]
  .text               ro code  0x0801d1f8     0x30  I32ToDbl.o [6]
  .text               ro code  0x0801d228    0x256  DblDiv.o [6]
  .text               ro code  0x0801d480     0xe8  DblAdd.o [6]
  .text               ro code  0x0801d568     0x4c  DblToI32.o [6]
  .text               ro code  0x0801d5b4    0x1a2  DblMul.o [6]
  .text               ro code  0x0801d758     0x90  DblToFlt.o [6]
  .text               ro code  0x0801d7e8    0x450  xsin.o [6]
  .text               ro code  0x0801dc38    0x180  DblSub.o [6]
  .text               ro code  0x0801ddb8     0xf0  sqrt.o [6]
  .text               ro code  0x0801dea8    0x9cc  audio_codec.o [1]
  .text               ro code  0x0801e874     0x80  stm32f7xx_hal.o [1]
  .text               ro code  0x0801e8f4     0xe0  usbd_audio_if.o [1]
  .text               ro code  0x0801e9d4     0x76  ABImemcpy_unaligned.o [7]
  .text               ro code  0x0801ea4c     0x2e  DblCmpLe.o [6]
  .text               ro code  0x0801ea7c     0x2e  DblCmpGe.o [6]
  .text               ro code  0x0801eaac      0xc  errno.o [3]
  .text               ro code  0x0801eab8    0x168  xquad.o [6]
  .text               ro code  0x0801ec20      0xc  iarEdom.o [7]
  .text               ro code  0x0801ec2c    0x778  main.o [1]
  .text               ro code  0x0801f3a4    0x998  stm32f7xx_hal_i2c.o [1]
  .text               ro code  0x0801fd3c     0x60  waveplayer _CS43L22.o [1]
  .text               ro code  0x0801fd9c     0x76  stm32f7xx_hal_i2c_ex.o [1]
  .text               ro code  0x0801fe14    0x5d4  stm32f7xx_hal_rcc.o [1]
  .text               ro code  0x080203e8    0x84c  usbd_audio_in.o [1]
  .text               ro code  0x08020c34      0x2  xtls.o [3]
  .text               ro code  0x08020c36     0x7a  xdint.o [6]
  .text               ro code  0x08020cb0     0x20  DblCmpEq.o [6]
  .text               ro code  0x08020cd0    0x1a8  fmod.o [6]
  .text               ro code  0x08020e78     0xee  DSP.o [1]
  .text               ro code  0x08020f68    0x660  stm32f7xx_hal_rcc_ex.o [1]
  .text               ro code  0x080215c8    0x28c  stm32746g_discovery_sdram.o [1]
  .text               ro code  0x08021854     0xc4  stm32746g_discovery.o [1]
  .text               ro code  0x08021918    0x2a6  usbd_core.o [1]
  .text               ro code  0x08021bc0    0x9a4  sta321mp.o [1]
  .text               ro code  0x08022564     0x74  stm32f7xx_hal_pwr_ex.o [1]
  .text               ro code  0x080225d8    0x236  usbd_conf_f4.o [1]
  .text               ro code  0x0802280e     0x9c  usbd_ioreq.o [1]
  .text               ro code  0x080228ac    0x454  usbd_ctlreq.o [1]
  .text               ro code  0x08022d00      0x6  ABImemclr.o [7]
  .text               ro code  0x08022d08     0x96  stm32f7xx_hal_sdram.o [1]
  .text               ro code  0x08022d9e    0x838  stm32f7xx_hal_pcd.o [1]
  .text               ro code  0x080235d8     0x72  stm32f7xx_hal_pcd_ex.o [1]
  .text               ro code  0x0802364c     0x5e  ABImemset.o [7]
  .text               ro code  0x080236ac    0x158  stm32f7xx_ll_fmc.o [1]
  .text               ro code  0x08023804    0x928  stm32f7xx_ll_usb.o [1]
  .text               ro code  0x0802412c    0x27c  stm32f7xx_hal_uart.o [1]
  .text               ro code  0x080243a8    0x1c4  lz77_init.o [7]
  .text               ro code  0x0802456c    0x12c  usbd_desc.o [1]
  .text               ro code  0x08024698     0x68  stm32f7xx_it.o [1]
  .text               ro code  0x08024700     0x4c  system_stm32f7xx.o [1]
  .text               ro code  0x0802474c     0x40  zero_init3.o [7]
  .text               ro code  0x0802478c     0x28  data_init.o [7]
  .text               ro code  0x080247b4     0x22  fpinit_M.o [6]
  .iar.init_table     const    0x080247d8     0x34  - Linker created -
  .text               ro code  0x0802480c     0x1a  cmain.o [7]
  .text               ro code  0x08024826      0x4  low_level_init.o [3]
  .text               ro code  0x0802482a      0x4  exit.o [3]
  .text               ro code  0x08024830      0xa  cexit.o [7]
  .text               ro code  0x0802483c     0x10  startup_stm32f746xx.o [1]
  .text               ro code  0x0802484c      0xc  cstartup_M.o [7]
  .text               ro code  0x08024858      0x4  startup_stm32f746xx.o [1]
  .text               ro code  0x0802485c      0x4  startup_stm32f746xx.o [1]
  .text               ro code  0x08024860      0x4  startup_stm32f746xx.o [1]
  .text               ro code  0x08024864      0x4  startup_stm32f746xx.o [1]
  .text               ro code  0x08024868      0x4  startup_stm32f746xx.o [1]
  .text               ro code  0x0802486c      0x4  startup_stm32f746xx.o [1]
  .text               ro code  0x08024870      0x4  startup_stm32f746xx.o [1]
  .text               ro code  0x08024874      0x4  startup_stm32f746xx.o [1]
  .text               ro code  0x08024878      0x4  startup_stm32f746xx.o [1]
  .text               ro code  0x0802487c      0x4  startup_stm32f746xx.o [1]
  .text               ro code  0x08024880      0x4  startup_stm32f746xx.o [1]
  .text               ro code  0x08024884      0x4  startup_stm32f746xx.o [1]
  .text               ro code  0x08024888      0x4  startup_stm32f746xx.o [1]
  .text               ro code  0x0802488c      0x4  startup_stm32f746xx.o [1]
  .text               ro code  0x08024890      0x4  startup_stm32f746xx.o [1]
  .text               ro code  0x08024894      0x4  startup_stm32f746xx.o [1]
  .text               ro code  0x08024898      0x4  startup_stm32f746xx.o [1]
  .text               ro code  0x0802489c      0x4  startup_stm32f746xx.o [1]
  .text               ro code  0x080248a0      0x4  startup_stm32f746xx.o [1]
  .text               ro code  0x080248a4      0x4  startup_stm32f746xx.o [1]
  .text               ro code  0x080248a8      0x4  startup_stm32f746xx.o [1]
  .text               ro code  0x080248ac      0x4  startup_stm32f746xx.o [1]
  .text               ro code  0x080248b0      0x4  startup_stm32f746xx.o [1]
  .text               ro code  0x080248b4      0x4  startup_stm32f746xx.o [1]
  .text               ro code  0x080248b8      0x4  startup_stm32f746xx.o [1]
  .text               ro code  0x080248bc      0x4  startup_stm32f746xx.o [1]
  .text               ro code  0x080248c0      0x4  startup_stm32f746xx.o [1]
  .text               ro code  0x080248c4      0x4  startup_stm32f746xx.o [1]
  .text               ro code  0x080248c8      0x4  startup_stm32f746xx.o [1]
  .text               ro code  0x080248cc      0x4  startup_stm32f746xx.o [1]
  .text               ro code  0x080248d0      0x4  startup_stm32f746xx.o [1]
  .text               ro code  0x080248d4      0x4  startup_stm32f746xx.o [1]
  .text               ro code  0x080248d8      0x4  startup_stm32f746xx.o [1]
  .text               ro code  0x080248dc      0x4  startup_stm32f746xx.o [1]
  .text               ro code  0x080248e0      0x4  startup_stm32f746xx.o [1]
  .text               ro code  0x080248e4      0x4  startup_stm32f746xx.o [1]
  .text               ro code  0x080248e8      0x4  startup_stm32f746xx.o [1]
  .text               ro code  0x080248ec      0x4  startup_stm32f746xx.o [1]
  .text               ro code  0x080248f0      0x4  startup_stm32f746xx.o [1]
  .text               ro code  0x080248f4      0x4  startup_stm32f746xx.o [1]
  .text               ro code  0x080248f8      0x4  startup_stm32f746xx.o [1]
  .text               ro code  0x080248fc      0x4  startup_stm32f746xx.o [1]
  .text               ro code  0x08024900      0x4  startup_stm32f746xx.o [1]
  .text               ro code  0x08024904      0x4  startup_stm32f746xx.o [1]
  .text               ro code  0x08024908      0x4  startup_stm32f746xx.o [1]
  .text               ro code  0x0802490c      0x4  startup_stm32f746xx.o [1]
  .text               ro code  0x08024910      0x4  startup_stm32f746xx.o [1]
  .text               ro code  0x08024914      0x4  startup_stm32f746xx.o [1]
  .text               ro code  0x08024918      0x4  startup_stm32f746xx.o [1]
  .text               ro code  0x0802491c      0x4  startup_stm32f746xx.o [1]
  .text               ro code  0x08024920      0x4  startup_stm32f746xx.o [1]
  .text               ro code  0x08024924      0x4  startup_stm32f746xx.o [1]
  .text               ro code  0x08024928      0x4  startup_stm32f746xx.o [1]
  .text               ro code  0x0802492c      0x4  startup_stm32f746xx.o [1]
  .text               ro code  0x08024930      0x4  startup_stm32f746xx.o [1]
  .text               ro code  0x08024934      0x4  startup_stm32f746xx.o [1]
  .text               ro code  0x08024938      0x4  startup_stm32f746xx.o [1]
  .text               ro code  0x0802493c      0x4  startup_stm32f746xx.o [1]
  .text               ro code  0x08024940      0x4  startup_stm32f746xx.o [1]
  .text               ro code  0x08024944      0x4  startup_stm32f746xx.o [1]
  .text               ro code  0x08024948      0x4  startup_stm32f746xx.o [1]
  .text               ro code  0x0802494c      0x4  startup_stm32f746xx.o [1]
  .text               ro code  0x08024950      0x4  startup_stm32f746xx.o [1]
  .text               ro code  0x08024954      0x4  startup_stm32f746xx.o [1]
  .text               ro code  0x08024958      0x4  startup_stm32f746xx.o [1]
  .text               ro code  0x0802495c      0x4  startup_stm32f746xx.o [1]
  .text               ro code  0x08024960      0x4  startup_stm32f746xx.o [1]
  .text               ro code  0x08024964      0x4  startup_stm32f746xx.o [1]
  .text               ro code  0x08024968      0x4  startup_stm32f746xx.o [1]
  .text               ro code  0x0802496c      0x4  startup_stm32f746xx.o [1]
  .text               ro code  0x08024970      0x4  startup_stm32f746xx.o [1]
  .text               ro code  0x08024974      0x4  startup_stm32f746xx.o [1]
  .text               ro code  0x08024978      0x4  startup_stm32f746xx.o [1]
  .text               ro code  0x0802497c      0x4  startup_stm32f746xx.o [1]
  .text               ro code  0x08024980      0x4  startup_stm32f746xx.o [1]
  .text               ro code  0x08024984      0x4  startup_stm32f746xx.o [1]
  .text               ro code  0x08024988      0x4  startup_stm32f746xx.o [1]
  .rodata             const    0x0802498c      0x0  zero_init3.o [7]
  .rodata             const    0x0802498c      0x0  lz77_init.o [7]
  Initializer bytes   const    0x0802498c    0x33a  <for P3 s0>
                             - 0x08024cc6  0x24afe

"P3", part 1 of 3:                           0xfc0
  P3 s0                        0x20010000    0xfc0  <Init block>
    .data             inited   0x20010000    0xa78  main.o [1]
    .data             inited   0x20010a78    0x304  pdm_filter.o [5]
    .data             inited   0x20010d7c     0x9c  audio_codec.o [1]
    .data             inited   0x20010e18     0x88  sta321mp.o [1]
    .data             inited   0x20010ea0     0x62  stm32746g_discovery_sdram.o [1]
    .data             inited   0x20010f02      0x1  waveplayer _CS43L22.o [1]
    .data             inited   0x20010f04     0x38  usbd_audio_in.o [1]
    .data             inited   0x20010f3c     0x24  usbd_audio_if.o [1]
    .data             inited   0x20010f60     0x1c  usbd_desc.o [1]
    .data             inited   0x20010f7c     0x14  system_stm32f7xx.o [1]
    .data             inited   0x20010f90     0x14  usbd_desc.o [1]
    .data             inited   0x20010fa4      0xc  usbd_audio_in.o [1]
    .data             inited   0x20010fb0      0x8  XShttio.o [3]
    .data             inited   0x20010fb8      0x4  usbd_desc.o [1]
    __DLIB_PERTHREAD  inited   0x20010fbc      0x4  errno.o [3]
                             - 0x20010fc0    0xfc0

"P3", part 2 of 3:                          0xcef8
  .bss                zero     0x20010fc0   0x2018  waverecorder.o [1]
  .bss                zero     0x20012fd8   0x2008  waverecorder.o [1]
  .bss                zero     0x20014fe0   0x2000  waverecorder.o [1]
  .bss                zero     0x20016fe0   0x2000  waverecorder.o [1]
  .bss                zero     0x20018fe0   0x2000  waverecorder.o [1]
  .bss                zero     0x2001afe0   0x2000  waverecorder.o [1]
  .bss                zero     0x2001cfe0    0x3c0  usbd_conf_f4.o [1]
  .bss                zero     0x2001d3a0    0x2c8  waverecorder.o [1]
  .bss                zero     0x2001d668    0x260  usbd_audio_in.o [1]
  .bss                zero     0x2001d8c8    0x1d8  dlmalloc.o [3]
  .bss                zero     0x2001daa0     0xdc  main.o [1]
  .bss                zero     0x2001db7c     0xc8  usbd_desc.o [1]
  .bss                zero     0x2001dc44     0xa0  waverecorder.o [1]
  .bss                zero     0x2001dce4     0x70  main.o [1]
  .bss                zero     0x2001dd54     0x64  main.o [1]
  .bss                zero     0x2001ddb8     0x50  stm32746g_discovery_sdram.o [1]
  .bss                zero     0x2001de08     0x40  waveplayer _CS43L22.o [1]
  .bss                zero     0x2001de48     0x3c  audio_codec.o [1]
  .bss                zero     0x2001de84     0x18  dlmalloc.o [3]
  .bss                zero     0x2001de9c      0x4  DSP.o [1]
  .bss                zero     0x2001dea0      0x4  stm32f7xx_hal.o [1]
  .bss                zero     0x2001dea4      0x4  stm32f7xx_it.o [1]
  .bss                zero     0x2001dea8      0x4  waveplayer _CS43L22.o [1]
  .bss                zero     0x2001deac      0x4  xgetmemchunk.o [3]
  .bss                zero     0x2001deb0      0x2  main.o [1]
  .bss                zero     0x2001deb2      0x2  waverecorder.o [1]
  .bss                zero     0x2001deb4      0x1  usbd_ctlreq.o [1]
  .bss                zero     0x2001deb5      0x1  waverecorder.o [1]
                             - 0x2001deb6   0xcef6

"P3", part 3 of 3:                          0x4000
  CSTACK                       0x2001deb8   0x2000  <Block>
    CSTACK            uninit   0x2001deb8   0x2000  <Block tail>
  HEAP                         0x2001feb8   0x2000  <Block>
    HEAP              uninit   0x2001feb8   0x2000  <Block tail>
                             - 0x20021eb8   0x4000

Absolute sections:                         0x191e0
  .bss                zero     0xc0000000   0x80a0  waverecorder.o [1]
  .bss                zero     0xc00080a0   0x80a0  waverecorder.o [1]
  .bss                zero     0xc0010140   0x80a0  waverecorder.o [1]
  .bss                zero     0xc00181e0   0x1000  audio_application.o [1]
                             - 0xc00191e0  0x191e0


*******************************************************************************
*** INIT TABLE
***

          Address     Size
          -------     ----
Zero (__iar_zero_init3)
    2 destination ranges, total size 0x260d6:
          0x20010fc0   0xcef6
          0xc0000000  0x191e0

Copy/lz77 (__iar_lz77_init3)
    1 source range, total size 0x33a (20% of destination):
          0x0802498c    0x33a
    1 destination range, total size 0xfc0:
          0x20010000    0xfc0



*******************************************************************************
*** MODULE SUMMARY
***

    Module                       ro code  ro data  rw data  rw data
                                                             (abs)
    ------                       -------  -------  -------  -------
D:\sop1hc\Github\data\Mic_Array_V00\USB_STREAMING\Mic_Array\Projects\STM32746G\Applications\Audio\Mic_Array\EWARM\STM32F7\Obj: [1]
    DSP.o                            238                 4
    audio_application.o               76                      4 096
    audio_codec.o                  2 508       32      216
    main.o                         1 912      549    3 114
    sta321mp.o                     2 468       28      136
    startup_stm32f746xx.o            780
    stm32746g_discovery.o            196
    stm32746g_discovery_sdram.o      652       20      178
    stm32f7xx_hal.o                  128                 4
    stm32f7xx_hal_cortex.o           208
    stm32f7xx_hal_dma.o            4 048
    stm32f7xx_hal_gpio.o             552
    stm32f7xx_hal_i2c.o            2 456
    stm32f7xx_hal_i2c_ex.o           118
    stm32f7xx_hal_i2s.o              272
    stm32f7xx_hal_pcd.o            2 104
    stm32f7xx_hal_pcd_ex.o           114
    stm32f7xx_hal_pwr_ex.o           116
    stm32f7xx_hal_rcc.o            1 492
    stm32f7xx_hal_rcc_ex.o         1 632
    stm32f7xx_hal_sdram.o            150
    stm32f7xx_hal_spi.o            2 004
    stm32f7xx_hal_uart.o             636
    stm32f7xx_it.o                   104                 4
    stm32f7xx_ll_fmc.o               344
    stm32f7xx_ll_usb.o             2 344
    system_stm32f7xx.o                76        4       20
    usbd_audio_if.o                  224        8       36
    usbd_audio_in.o                2 124       13      676
    usbd_conf_f4.o                   566               960
    usbd_core.o                      678
    usbd_ctlreq.o                  1 108                 1
    usbd_desc.o                      300       11      252
    usbd_ioreq.o                     156
    waveplayer _CS43L22.o             96                69
    waverecorder.o                 3 996            50 059   98 784
    ---------------------------------------------------------------
    Total:                        36 976      665   55 729  102 880

command line: [2]
    ---------------------------------------------------------------
    Total:

dl7M_tlf.a: [3]
    XShttio.o                          8        2        8
    abort.o                            6
    dlmalloc.o                     5 360               496
    errno.o                           12        1        4
    exit.o                             4
    low_level_init.o                   4
    xgetmemchunk.o                    44                 4
    xtls.o                             2
    ---------------------------------------------------------------
    Total:                         5 440        3      512

iar_cortexM7ls_math.a: [4]
    arm_cfft_radix4_init_f32.o       176
    arm_common_tables.o                    34 816
    arm_rfft_init_f32.o           32 888   32 768
    ---------------------------------------------------------------
    Total:                        33 064   67 584

libPDMFilter_CM7_IAR.a: [5]
    pdm_filter.o                   1 360      158      772
    ---------------------------------------------------------------
    Total:                         1 360      158      772

m7M_tls.a: [6]
    DblAdd.o                         232
    DblCmpEq.o                        32
    DblCmpGe.o                        46
    DblCmpLe.o                        46
    DblDiv.o                         598
    DblMul.o                         418
    DblSub.o                         384
    DblToFlt.o                       144
    DblToI32.o                        76
    FltCmpEq.o                        28
    FltCmpLe.o                        36
    FltMul.o                          18
    FltToDbl.o                        78
    I32ToDbl.o                        48
    U32ToFlt.o                        14
    fmod.o                           424
    fpinit_M.o                        34
    sqrt.o                           240
    xdint.o                          122
    xquad.o                          360
    xsin.o                         1 104
    ---------------------------------------------------------------
    Total:                         4 482

rt7M_tl.a: [7]
    ABImemclr.o                        6
    ABImemcpy_unaligned.o            118
    ABImemset.o                       94
    cexit.o                           10
    cmain.o                           26
    cstartup_M.o                      12
    data_init.o                       40
    iarEdom.o                         12
    lz77_init.o                      452
    zero_init3.o                      64
    ---------------------------------------------------------------
    Total:                           834

shb_l.a: [8]
    exit.o                            20
    iarttio.o                         48
    ---------------------------------------------------------------
    Total:                            68

    Gaps                              38        2        1
    Linker created                             52   16 384
-------------------------------------------------------------------
    Grand Total:                  82 262   68 464   73 398  102 880


*******************************************************************************
*** ENTRY LIST
***

Entry                      Address    Size  Type      Object
-----                      -------    ----  ----      ------
.iar.init_table$$Base   0x080247d8           --   Gb  - Linker created -
.iar.init_table$$Limit  0x0802480c           --   Gb  - Linker created -
?main                   0x0802480d          Code  Gb  cmain.o [7]
AHBPrescTable           0x20010f80    0x10  Data  Gb  system_stm32f7xx.o [1]
APBAHBPrescTable        0x080203d8    0x10  Data  Gb  stm32f7xx_hal_rcc.o [1]
AUDIO_Desc              0x20010f60    0x1c  Data  Gb  usbd_desc.o [1]
AUDIO_Init              0x0801dea9    0x2c  Code  Gb  audio_codec.o [1]
AUDIO_InitApplication   0x0801fd91     0xc  Code  Gb  waveplayer _CS43L22.o [1]
AudioMerging            0x0801d105    0x2a  Code  Gb  audio_application.o [1]
AudioProcess            0x0801d0f9     0xc  Code  Gb  audio_application.o [1]
AudioRemSize            0x20010e10     0x4  Data  Gb  audio_codec.o [1]
AudioTotalSize          0x20010e0c     0x4  Data  Gb  audio_codec.o [1]
Audio_CommandMgr        0x0801e93f     0x4  Code  Lc  usbd_audio_if.o [1]
Audio_DeInit            0x0801e8f9     0x4  Code  Lc  usbd_audio_if.o [1]
Audio_Init              0x0801e8f5     0x4  Code  Lc  usbd_audio_if.o [1]
Audio_MAL_Play          0x0801e519    0x54  Code  Gb  audio_codec.o [1]
Audio_MuteCtl           0x0801e92f     0x4  Code  Lc  usbd_audio_if.o [1]
Audio_Pause             0x0801e937     0x4  Code  Lc  usbd_audio_if.o [1]
Audio_Record            0x0801e8fd     0x4  Code  Lc  usbd_audio_if.o [1]
Audio_Resume            0x0801e93b     0x4  Code  Lc  usbd_audio_if.o [1]
Audio_Stop              0x0801e933     0x4  Code  Lc  usbd_audio_if.o [1]
Audio_VolumeCtl         0x0801e901    0x2e  Code  Lc  usbd_audio_if.o [1]
BSP_LED_Init            0x08021855    0x86  Code  Gb  stm32746g_discovery.o [1]
BSP_LED_Toggle          0x080218db    0x2e  Code  Gb  stm32746g_discovery.o [1]
BSP_SDRAM_Init          0x080215c9   0x106  Code  Gb  stm32746g_discovery_sdram.o [1]
BSP_SDRAM_MspInit       0x080216cf   0x15a  Code  Wk  stm32746g_discovery_sdram.o [1]
Buffer1                 0xc0000000  0x80a0  Data  Gb  waverecorder.o [1]
Buffer2                 0xc00080a0  0x80a0  Data  Gb  waverecorder.o [1]
Buffer3                 0xc0010140  0x80a0  Data  Gb  waverecorder.o [1]
BusFault_Handler        0x0802469f     0x2  Code  Gb  stm32f7xx_it.o [1]
ButtonInit              0x0801f22b    0x48  Code  Gb  main.o [1]
CSTACK$$Base            0x2001deb8           --   Gb  - Linker created -
CSTACK$$Limit           0x2001feb8           --   Gb  - Linker created -
Codec_Init              0x0801e0b5   0x464  Code  Lc  audio_codec.o [1]
Codec_TIMEOUT_UserCallback
                        0x0801fd3d     0x4  Code  Gb  waveplayer _CS43L22.o [1]
Command                 0x20010ef0    0x10  Data  Lc  stm32746g_discovery_sdram.o [1]
Command_index           0x20010032     0x1  Data  Gb  main.o [1]
CrssCor                 0x08020e79    0xd2  Code  Gb  DSP.o [1]
CurrentPos              0x20010e14     0x4  Data  Gb  audio_codec.o [1]
DFT_Init                0x0801f0e3    0x76  Code  Gb  main.o [1]
DMA1_Stream0_IRQHandler
                        0x0801e0a9     0x2  Code  Gb  audio_codec.o [1]
DMA1_Stream7_IRQHandler
                        0x0801ded5   0x1d4  Code  Gb  audio_codec.o [1]
DMA2_Stream4_IRQHandler
                        0x080246fd     0x2  Code  Gb  stm32f7xx_it.o [1]
DMA2_Stream5_IRQHandler
                        0x0801bac9     0x8  Code  Gb  waverecorder.o [1]
DMA2_Stream6_IRQHandler
                        0x0801bad1     0x8  Code  Gb  waverecorder.o [1]
DMA2_Stream7_IRQHandler
                        0x080246ff     0x2  Code  Gb  stm32f7xx_it.o [1]
DebugMon_Handler        0x080246a5     0x2  Code  Gb  stm32f7xx_it.o [1]
DmaHandle               0x20010d7c    0x50  Data  Gb  audio_codec.o [1]
EXTI15_10_IRQHandler    0x0801f09d     0x2  Code  Gb  main.o [1]
EXTI4_IRQHandler        0x0801f073    0x2a  Code  Gb  main.o [1]
EXTI9_5_IRQHandler      0x0801f09f    0x44  Code  Gb  main.o [1]
EnergySound             0x2001de9c     0x4  Data  Gb  DSP.o [1]
FFT_Update              0x0801ec2d    0xb0  Code  Lc  main.o [1]
FMC_SDRAM_Init          0x080236ad    0x78  Code  Gb  stm32f7xx_ll_fmc.o [1]
FMC_SDRAM_ProgramRefreshRate
                        0x080237f9     0xc  Code  Gb  stm32f7xx_ll_fmc.o [1]
FMC_SDRAM_SendCommand   0x080237a3    0x56  Code  Gb  stm32f7xx_ll_fmc.o [1]
FMC_SDRAM_Timing_Init   0x08023725    0x7e  Code  Gb  stm32f7xx_ll_fmc.o [1]
FacMic                  0x20010014    0x18  Data  Gb  main.o [1]
FactorUpd               0x08020f51    0x16  Code  Gb  DSP.o [1]
Filter                  0x2001d4e8    0x68  Data  Gb  waverecorder.o [1]
GPIO_INS                0x20010000    0x14  Data  Gb  main.o [1]
GPIO_PIN                0x08021910     0x8  Data  Gb  stm32746g_discovery.o [1]
HAL_DMA_DeInit          0x0801a0cf   0x3e0  Code  Gb  stm32f7xx_hal_dma.o [1]
HAL_DMA_IRQHandler      0x0801a587   0xa60  Code  Gb  stm32f7xx_hal_dma.o [1]
HAL_DMA_Init            0x0801a061    0x6e  Code  Gb  stm32f7xx_hal_dma.o [1]
HAL_DMA_Start_IT        0x0801a4fd    0x8a  Code  Gb  stm32f7xx_hal_dma.o [1]
HAL_Delay               0x0801e8d1    0x1c  Code  Wk  stm32f7xx_hal.o [1]
HAL_GPIO_Init           0x0801bfcd   0x1d4  Code  Gb  stm32f7xx_hal_gpio.o [1]
HAL_GPIO_ReadPin        0x0801c1a1     0xe  Code  Gb  stm32f7xx_hal_gpio.o [1]
HAL_GPIO_TogglePin      0x0801c1b7     0x8  Code  Gb  stm32f7xx_hal_gpio.o [1]
HAL_GPIO_WritePin       0x0801c1af     0x8  Code  Gb  stm32f7xx_hal_gpio.o [1]
HAL_GetTick             0x0801e8c9     0x6  Code  Wk  stm32f7xx_hal.o [1]
HAL_I2CEx_ConfigAnalogFilter
                        0x0801fd9d    0x76  Code  Gb  stm32f7xx_hal_i2c_ex.o [1]
HAL_I2C_EV_IRQHandler   0x0801f7dd    0xfe  Code  Gb  stm32f7xx_hal_i2c.o [1]
HAL_I2C_ErrorCallback   0x0801f8e7     0x2  Code  Wk  stm32f7xx_hal_i2c.o [1]
HAL_I2C_GetError        0x0801f8e9     0x4  Code  Gb  stm32f7xx_hal_i2c.o [1]
HAL_I2C_Init            0x0801f3a5    0xa2  Code  Gb  stm32f7xx_hal_i2c.o [1]
HAL_I2C_MasterRxCpltCallback
                        0x0801f8dd     0x2  Code  Wk  stm32f7xx_hal_i2c.o [1]
HAL_I2C_MasterTxCpltCallback
                        0x0801f8db     0x2  Code  Wk  stm32f7xx_hal_i2c.o [1]
HAL_I2C_Master_Receive  0x0801f61d   0x1b4  Code  Gb  stm32f7xx_hal_i2c.o [1]
HAL_I2C_Master_Transmit
                        0x0801f449   0x1d2  Code  Gb  stm32f7xx_hal_i2c.o [1]
HAL_I2C_MemRxCpltCallback
                        0x0801f8e5     0x2  Code  Wk  stm32f7xx_hal_i2c.o [1]
HAL_I2C_MemTxCpltCallback
                        0x0801f8e3     0x2  Code  Wk  stm32f7xx_hal_i2c.o [1]
HAL_I2C_MspInit         0x0801efb7    0xbc  Code  Gb  main.o [1]
HAL_I2C_SlaveRxCpltCallback
                        0x0801f8e1     0x2  Code  Wk  stm32f7xx_hal_i2c.o [1]
HAL_I2C_SlaveTxCpltCallback
                        0x0801f8df     0x2  Code  Wk  stm32f7xx_hal_i2c.o [1]
HAL_I2S_Init            0x0801c745    0xfc  Code  Gb  stm32f7xx_hal_i2s.o [1]
HAL_I2S_MspInit         0x0801e581   0x248  Code  Gb  audio_codec.o [1]
HAL_I2S_TxCpltCallback  0x0801f29f    0x9a  Code  Gb  main.o [1]
HAL_IncTick             0x0801e8bf     0xa  Code  Wk  stm32f7xx_hal.o [1]
HAL_Init                0x0801e875    0x24  Code  Gb  stm32f7xx_hal.o [1]
HAL_InitTick            0x0801e89b    0x24  Code  Wk  stm32f7xx_hal.o [1]
HAL_MspInit             0x0801e899     0x2  Code  Wk  stm32f7xx_hal.o [1]
HAL_NVIC_DisableIRQ     0x0801d0a7    0x12  Code  Gb  stm32f7xx_hal_cortex.o [1]
HAL_NVIC_EnableIRQ      0x0801d095    0x12  Code  Gb  stm32f7xx_hal_cortex.o [1]
HAL_NVIC_SetPriority    0x0801d043    0x52  Code  Gb  stm32f7xx_hal_cortex.o [1]
HAL_NVIC_SetPriorityGrouping
                        0x0801d029    0x1a  Code  Gb  stm32f7xx_hal_cortex.o [1]
HAL_PCDEx_ActivateLPM   0x08023623    0x26  Code  Gb  stm32f7xx_hal_pcd_ex.o [1]
HAL_PCDEx_LPM_Callback  0x08023649     0x2  Code  Wk  stm32f7xx_hal_pcd_ex.o [1]
HAL_PCDEx_SetRxFiFo     0x0802361b     0x8  Code  Gb  stm32f7xx_hal_pcd_ex.o [1]
HAL_PCDEx_SetTxFiFo     0x080235d9    0x42  Code  Gb  stm32f7xx_hal_pcd_ex.o [1]
HAL_PCD_ConnectCallback
                        0x080226cb     0x8  Code  Gb  usbd_conf_f4.o [1]
HAL_PCD_DataInStageCallback
                        0x08022671    0x12  Code  Gb  usbd_conf_f4.o [1]
HAL_PCD_DataOutStageCallback
                        0x0802265d    0x14  Code  Gb  usbd_conf_f4.o [1]
HAL_PCD_DisconnectCallback
                        0x080226d3     0x8  Code  Gb  usbd_conf_f4.o [1]
HAL_PCD_EP_Close        0x0802333f    0x46  Code  Gb  stm32f7xx_hal_pcd.o [1]
HAL_PCD_EP_ClrStall     0x080234ab    0x54  Code  Gb  stm32f7xx_hal_pcd.o [1]
HAL_PCD_EP_Flush        0x080234ff    0x38  Code  Gb  stm32f7xx_hal_pcd.o [1]
HAL_PCD_EP_Open         0x080232e1    0x5e  Code  Gb  stm32f7xx_hal_pcd.o [1]
HAL_PCD_EP_Receive      0x08023385    0x60  Code  Gb  stm32f7xx_hal_pcd.o [1]
HAL_PCD_EP_SetStall     0x08023445    0x66  Code  Gb  stm32f7xx_hal_pcd.o [1]
HAL_PCD_EP_Transmit     0x080233e5    0x60  Code  Gb  stm32f7xx_hal_pcd.o [1]
HAL_PCD_IRQHandler      0x08022e87   0x436  Code  Gb  stm32f7xx_hal_pcd.o [1]
HAL_PCD_ISOINIncompleteCallback
                        0x080226c3     0x8  Code  Gb  usbd_conf_f4.o [1]
HAL_PCD_ISOOUTIncompleteCallback
                        0x080226bb     0x8  Code  Gb  usbd_conf_f4.o [1]
HAL_PCD_Init            0x08022d9f    0xbe  Code  Gb  stm32f7xx_hal_pcd.o [1]
HAL_PCD_MspInit         0x080225d9    0x78  Code  Gb  usbd_conf_f4.o [1]
HAL_PCD_ResetCallback   0x0802268b    0x20  Code  Gb  usbd_conf_f4.o [1]
HAL_PCD_ResumeCallback  0x080226b3     0x8  Code  Gb  usbd_conf_f4.o [1]
HAL_PCD_SOFCallback     0x08022683     0x8  Code  Gb  usbd_conf_f4.o [1]
HAL_PCD_SetAddress      0x080232bd    0x24  Code  Gb  stm32f7xx_hal_pcd.o [1]
HAL_PCD_SetupStageCallback
                        0x08022651     0xc  Code  Gb  usbd_conf_f4.o [1]
HAL_PCD_Start           0x08022e5d    0x2a  Code  Gb  stm32f7xx_hal_pcd.o [1]
HAL_PCD_SuspendCallback
                        0x080226ab     0x8  Code  Gb  usbd_conf_f4.o [1]
HAL_PWREx_EnableOverDrive
                        0x08022565    0x6c  Code  Gb  stm32f7xx_hal_pwr_ex.o [1]
HAL_RCCEx_GetPeriphCLKConfig
                        0x08021469   0x14c  Code  Gb  stm32f7xx_hal_rcc_ex.o [1]
HAL_RCCEx_PeriphCLKConfig
                        0x08020f69   0x500  Code  Gb  stm32f7xx_hal_rcc_ex.o [1]
HAL_RCC_ClockConfig     0x08020177   0x1e0  Code  Gb  stm32f7xx_hal_rcc.o [1]
HAL_RCC_GetHCLKFreq     0x0802039b    0x22  Code  Gb  stm32f7xx_hal_rcc.o [1]
HAL_RCC_GetSysClockFreq
                        0x08020357    0x44  Code  Gb  stm32f7xx_hal_rcc.o [1]
HAL_RCC_OscConfig       0x0801fe15   0x362  Code  Gb  stm32f7xx_hal_rcc.o [1]
HAL_SDRAM_Init          0x08022d09    0x42  Code  Gb  stm32f7xx_hal_sdram.o [1]
HAL_SDRAM_MspInit       0x08022d4b     0x2  Code  Wk  stm32f7xx_hal_sdram.o [1]
HAL_SDRAM_ProgramRefreshRate
                        0x08022d7d    0x22  Code  Gb  stm32f7xx_hal_sdram.o [1]
HAL_SDRAM_SendCommand   0x08022d4d    0x30  Code  Gb  stm32f7xx_hal_sdram.o [1]
HAL_SPI_ErrorCallback   0x0801cbab     0x2  Code  Wk  stm32f7xx_hal_spi.o [1]
HAL_SPI_Init            0x0801c855    0xba  Code  Gb  stm32f7xx_hal_spi.o [1]
HAL_SPI_MspInit         0x0801b6ad   0x412  Code  Gb  waverecorder.o [1]
HAL_SPI_Receive_DMA     0x0801c90f   0x108  Code  Gb  stm32f7xx_hal_spi.o [1]
HAL_SPI_RxCpltCallback  0x0801bb11   0x218  Code  Gb  waverecorder.o [1]
HAL_SPI_RxHalfCpltCallback
                        0x0801cba7     0x2  Code  Wk  stm32f7xx_hal_spi.o [1]
HAL_SPI_TransmitReceive_DMA
                        0x0801ca17   0x18e  Code  Gb  stm32f7xx_hal_spi.o [1]
HAL_SPI_TxRxCpltCallback
                        0x0801cba5     0x2  Code  Wk  stm32f7xx_hal_spi.o [1]
HAL_SPI_TxRxHalfCpltCallback
                        0x0801cba9     0x2  Code  Wk  stm32f7xx_hal_spi.o [1]
HAL_SYSTICK_Config      0x0801d0b9    0x22  Code  Gb  stm32f7xx_hal_cortex.o [1]
HAL_UART_ErrorCallback  0x08024233     0x2  Code  Wk  stm32f7xx_hal_uart.o [1]
HAL_UART_IRQHandler     0x0802412d   0x102  Code  Gb  stm32f7xx_hal_uart.o [1]
HAL_UART_RxCpltCallback
                        0x08024231     0x2  Code  Wk  stm32f7xx_hal_uart.o [1]
HAL_UART_TxCpltCallback
                        0x0802422f     0x2  Code  Wk  stm32f7xx_hal_uart.o [1]
HEAP$$Base              0x2001feb8           --   Gb  - Linker created -
HEAP$$Limit             0x20021eb8           --   Gb  - Linker created -
HardFault_Handler       0x0802469b     0x2  Code  Gb  stm32f7xx_it.o [1]
I2C1_EV_IRQHandler      0x080246d1     0x6  Code  Gb  stm32f7xx_it.o [1]
I2C2_EV_IRQHandler      0x080246d7     0x6  Code  Gb  stm32f7xx_it.o [1]
I2C_IsAcknowledgeFailed
                        0x0801fca9    0x8e  Code  Lc  stm32f7xx_hal_i2c.o [1]
I2C_MasterReceive_ISR   0x0801fa0f   0x122  Code  Lc  stm32f7xx_hal_i2c.o [1]
I2C_MasterTransmit_ISR  0x0801f8ed   0x122  Code  Lc  stm32f7xx_hal_i2c.o [1]
I2C_SlaveReceive_ISR    0x0801fbf1    0xac  Code  Lc  stm32f7xx_hal_i2c.o [1]
I2C_SlaveTransmit_ISR   0x0801fb31    0xc0  Code  Lc  stm32f7xx_hal_i2c.o [1]
I2S1_stNipple           0x20010fd4     0x2  Data  Gb  waverecorder.o [1]
I2S1_stPosShft          0x20010fc1     0x1  Data  Gb  waverecorder.o [1]
I2S2_idxTmp             0x20010038     0x2  Data  Gb  main.o [1]
I2S2_stNipple           0x20012fda     0x2  Data  Gb  waverecorder.o [1]
I2S2_stPosShft          0x20012fd8     0x1  Data  Gb  waverecorder.o [1]
I2S3_Init               0x0801fd41    0x42  Code  Gb  waveplayer _CS43L22.o [1]
IS                      0x2001db64    0x18  Data  Gb  main.o [1]
ISS                     0x2001daf0    0x14  Data  Gb  main.o [1]
InStream_Read           0x080243a9    0x22  Code  Lc  lz77_init.o [7]
IsocInBuffDummy         0x2001d748   0x180  Data  Lc  usbd_audio_in.o [1]
MIC1TO6_Init            0x0801b45f   0x11e  Code  Gb  waverecorder.o [1]
MX_I2C1_Init            0x0801e7c9    0x36  Code  Gb  audio_codec.o [1]
MX_I2C2_Init            0x0801f273    0x2c  Code  Gb  main.o [1]
MemManage_Handler       0x0802469d     0x2  Code  Gb  stm32f7xx_it.o [1]
NMI_Handler             0x08024699     0x2  Code  Gb  stm32f7xx_it.o [1]
OTG_FS_IRQHandler       0x080246dd     0x6  Code  Gb  stm32f7xx_it.o [1]
OutStream_Write         0x080243cb    0x40  Code  Lc  lz77_init.o [7]
OutputDev               0x20010e08     0x1  Data  Gb  audio_codec.o [1]
PCD_WriteEmptyTxFifo    0x08023537    0xa0  Code  Lc  stm32f7xx_hal_pcd.o [1]
PCM_Buffer1             0xc00181e0  0x1000  Data  Gb  audio_application.o [1]
PDM2PCMSDO78            0x0801bd41   0x230  Code  Gb  waverecorder.o [1]
PDM_Filter_64_LSB       0x0801c3f5   0x31e  Code  Gb  pdm_filter.o [5]
PDM_Filter_Init         0x0801c1f5   0x1fe  Code  Gb  pdm_filter.o [5]
PendSV_Handler          0x080246a7     0x2  Code  Gb  stm32f7xx_it.o [1]
Region$$Table$$Base     0x080247d8           --   Gb  - Linker created -
Region$$Table$$Limit    0x0802480c           --   Gb  - Linker created -
S1                      0x2001db04    0x18  Data  Gb  main.o [1]
S2                      0x2001db1c    0x18  Data  Gb  main.o [1]
S3                      0x2001db34    0x18  Data  Gb  main.o [1]
S4                      0x2001db4c    0x18  Data  Gb  main.o [1]
SPI1_IRQHandler         0x0801b031    0xf4  Code  Gb  waverecorder.o [1]
SPI1_stNipple           0x20010fd2     0x2  Data  Gb  waverecorder.o [1]
SPI2_IRQHandler         0x0801b125   0x10e  Code  Gb  waverecorder.o [1]
SPI3_IRQHandler         0x0801e0ab     0xa  Code  Gb  audio_codec.o [1]
SPI4_IRQHandler         0x0801b233   0x11e  Code  Gb  waverecorder.o [1]
SPI4_Init               0x0801b57d    0x52  Code  Gb  waverecorder.o [1]
SPI4_stPosShft          0x20010fc2     0x1  Data  Gb  waverecorder.o [1]
SPI5_IRQHandler         0x0801b351    0x8a  Code  Gb  waverecorder.o [1]
SPI5_Init               0x0801b5d1    0x8c  Code  Gb  waverecorder.o [1]
SPI6_IRQHandler         0x0801b3db    0x84  Code  Gb  waverecorder.o [1]
SPI6_Init               0x0801b65d    0x4a  Code  Gb  waverecorder.o [1]
SPI_DMAError            0x0801d001    0x26  Code  Lc  stm32f7xx_hal_spi.o [1]
SPI_DMAHalfReceiveCplt  0x0801cfe1     0xe  Code  Lc  stm32f7xx_hal_spi.o [1]
SPI_DMAHalfTransmitReceiveCplt
                        0x0801cff1     0xe  Code  Lc  stm32f7xx_hal_spi.o [1]
SPI_DMAReceiveCplt      0x0801cbad   0x220  Code  Lc  stm32f7xx_hal_spi.o [1]
SPI_DMATransmitReceiveCplt
                        0x0801cdcd   0x214  Code  Lc  stm32f7xx_hal_spi.o [1]
SS1                     0x2001daa0    0x14  Data  Gb  main.o [1]
SS2                     0x2001dab4    0x14  Data  Gb  main.o [1]
SS3                     0x2001dac8    0x14  Data  Gb  main.o [1]
SS4                     0x2001dadc    0x14  Data  Gb  main.o [1]
STA321MP_Ini            0x08021bc1   0x47e  Code  Gb  sta321mp.o [1]
STACoefSet              0x0802209d   0x2c0  Code  Gb  sta321mp.o [1]
SVC_Handler             0x080246a3     0x2  Code  Gb  stm32f7xx_it.o [1]
Send_Audio_to_USB       0x0801e943     0xa  Code  Gb  usbd_audio_if.o [1]
SumDelay                0x0801f159    0xd2  Code  Gb  main.o [1]
SysTick_Handler         0x080246a9    0x20  Code  Gb  stm32f7xx_it.o [1]
SystemClock_Config      0x0801ef17    0xa0  Code  Lc  main.o [1]
SystemCoreClock         0x20010f7c     0x4  Data  Gb  system_stm32f7xx.o [1]
SystemInit              0x08024701    0x3c  Code  Gb  system_stm32f7xx.o [1]
T0                      0x20010a7c   0x100  Data  Gb  pdm_filter.o [5]
T1                      0x20010b7c   0x100  Data  Gb  pdm_filter.o [5]
T2                      0x20010c7c   0x100  Data  Gb  pdm_filter.o [5]
TestSDO12               0x20010fd8  0x2000  Data  Gb  waverecorder.o [1]
TestSDO34               0x20012fe0  0x2000  Data  Gb  waverecorder.o [1]
TestSDO7                0x20014fe0  0x2000  Data  Gb  waverecorder.o [1]
TestSDO7_1              0x20018fe0  0x2000  Data  Gb  waverecorder.o [1]
TestSDO8                0x20016fe0  0x2000  Data  Gb  waverecorder.o [1]
TestSDO8_1              0x2001afe0  0x2000  Data  Gb  waverecorder.o [1]
Timing                  0x20010ed4    0x1c  Data  Lc  stm32746g_discovery_sdram.o [1]
UART_Receive_IT         0x08024315    0x94  Code  Lc  stm32f7xx_hal_uart.o [1]
UART_Transmit_IT        0x08024235    0xe0  Code  Lc  stm32f7xx_hal_uart.o [1]
USART3_IRQHandler       0x080246cb     0x6  Code  Gb  stm32f7xx_it.o [1]
USART6_IRQHandler       0x080246c9     0x2  Code  Gb  stm32f7xx_it.o [1]
USBD_AUDIO              0x20010f04    0x38  Data  Gb  usbd_audio_in.o [1]
USBD_AUDIO_CfgDesc      0x2001d6cc    0x78  Data  Lc  usbd_audio_in.o [1]
USBD_AUDIO_ConfigStrDescriptor
                        0x080245c9    0x14  Code  Gb  usbd_desc.o [1]
USBD_AUDIO_DataIn       0x0802056f    0xc6  Code  Lc  usbd_audio_in.o [1]
USBD_AUDIO_DataOut      0x0802067d     0x4  Code  Lc  usbd_audio_in.o [1]
USBD_AUDIO_Data_Transfer
                        0x0802068b    0xe0  Code  Gb  usbd_audio_in.o [1]
USBD_AUDIO_DeInit       0x08020451    0x26  Code  Lc  usbd_audio_in.o [1]
USBD_AUDIO_DeviceDescriptor
                        0x0802456d     0x8  Code  Gb  usbd_desc.o [1]
USBD_AUDIO_DeviceQualifierDesc
                        0x20010fa4     0xc  Data  Lc  usbd_audio_in.o [1]
USBD_AUDIO_EP0_RxReady  0x08020635    0x38  Code  Lc  usbd_audio_in.o [1]
USBD_AUDIO_EP0_TxReady  0x0802066d     0x4  Code  Lc  usbd_audio_in.o [1]
USBD_AUDIO_GetCfgDesc   0x08020565     0xa  Code  Lc  usbd_audio_in.o [1]
USBD_AUDIO_GetDeviceQualifierDesc
                        0x08020681     0xa  Code  Lc  usbd_audio_in.o [1]
USBD_AUDIO_Init         0x080203e9    0x68  Code  Lc  usbd_audio_in.o [1]
USBD_AUDIO_Init_Microphone_Descriptor
                        0x08020775   0x4a8  Code  Gb  usbd_audio_in.o [1]
USBD_AUDIO_InterfaceStrDescriptor
                        0x080245dd    0x14  Code  Gb  usbd_desc.o [1]
USBD_AUDIO_IsoINIncomplete
                        0x08020675     0x4  Code  Lc  usbd_audio_in.o [1]
USBD_AUDIO_IsoOutIncomplete
                        0x08020679     0x4  Code  Lc  usbd_audio_in.o [1]
USBD_AUDIO_LangIDStrDescriptor
                        0x08024575     0x8  Code  Gb  usbd_desc.o [1]
USBD_AUDIO_ManufacturerStrDescriptor
                        0x08024599    0x14  Code  Gb  usbd_desc.o [1]
USBD_AUDIO_ProductStrDescriptor
                        0x0802457d    0x1c  Code  Gb  usbd_desc.o [1]
USBD_AUDIO_RegisterInterface
                        0x0802076b     0xa  Code  Gb  usbd_audio_in.o [1]
USBD_AUDIO_SOF          0x08020671     0x4  Code  Lc  usbd_audio_in.o [1]
USBD_AUDIO_SerialStrDescriptor
                        0x080245ad    0x1c  Code  Gb  usbd_desc.o [1]
USBD_AUDIO_Setup        0x08020477    0xee  Code  Lc  usbd_audio_in.o [1]
USBD_AUDIO_fops         0x20010f3c    0x24  Data  Gb  usbd_audio_if.o [1]
USBD_ClrClassConfig     0x0802197d    0x12  Code  Gb  usbd_core.o [1]
USBD_CtlContinueRx      0x08022863    0x14  Code  Gb  usbd_ioreq.o [1]
USBD_CtlContinueSendData
                        0x0802282d    0x14  Code  Gb  usbd_ioreq.o [1]
USBD_CtlError           0x08022c9d    0x16  Code  Gb  usbd_ctlreq.o [1]
USBD_CtlPrepareRx       0x08022841    0x22  Code  Gb  usbd_ioreq.o [1]
USBD_CtlReceiveStatus   0x08022891    0x1a  Code  Gb  usbd_ioreq.o [1]
USBD_CtlSendData        0x0802280f    0x1e  Code  Gb  usbd_ioreq.o [1]
USBD_CtlSendStatus      0x08022877    0x1a  Code  Gb  usbd_ioreq.o [1]
USBD_GetDescriptor      0x08022b65   0x110  Code  Lc  usbd_ctlreq.o [1]
USBD_GetString          0x08022cb5    0x4c  Code  Gb  usbd_ctlreq.o [1]
USBD_Init               0x08021919    0x30  Code  Gb  usbd_core.o [1]
USBD_LL_ClearStallEP    0x080227a9    0x12  Code  Gb  usbd_conf_f4.o [1]
USBD_LL_CloseEP         0x08022773    0x12  Code  Gb  usbd_conf_f4.o [1]
USBD_LL_DataInStage     0x08021a61    0xb2  Code  Gb  usbd_core.o [1]
USBD_LL_DataOutStage    0x080219f3    0x6e  Code  Gb  usbd_core.o [1]
USBD_LL_DevConnected    0x08021b9f     0x4  Code  Gb  usbd_core.o [1]
USBD_LL_DevDisconnected
                        0x08021ba3    0x1c  Code  Gb  usbd_core.o [1]
USBD_LL_FlushEP         0x08022785    0x12  Code  Gb  usbd_conf_f4.o [1]
USBD_LL_Init            0x080226db    0x60  Code  Gb  usbd_conf_f4.o [1]
USBD_LL_IsStallEP       0x080227bb    0x1e  Code  Gb  usbd_conf_f4.o [1]
USBD_LL_IsoINIncomplete
                        0x08021b97     0x4  Code  Gb  usbd_core.o [1]
USBD_LL_IsoOUTIncomplete
                        0x08021b9b     0x4  Code  Gb  usbd_core.o [1]
USBD_LL_OpenEP          0x0802275f    0x14  Code  Gb  usbd_conf_f4.o [1]
USBD_LL_PrepareReceive  0x080227fd    0x12  Code  Gb  usbd_conf_f4.o [1]
USBD_LL_Reset           0x08021b13    0x42  Code  Gb  usbd_core.o [1]
USBD_LL_Resume          0x08021b6d     0xc  Code  Gb  usbd_core.o [1]
USBD_LL_SOF             0x08021b79    0x1e  Code  Gb  usbd_core.o [1]
USBD_LL_SetSpeed        0x08021b55     0x6  Code  Gb  usbd_core.o [1]
USBD_LL_SetUSBAddress   0x080227d9    0x12  Code  Gb  usbd_conf_f4.o [1]
USBD_LL_SetupStage      0x0802198f    0x64  Code  Gb  usbd_core.o [1]
USBD_LL_StallEP         0x08022797    0x12  Code  Gb  usbd_conf_f4.o [1]
USBD_LL_Start           0x0802274d    0x12  Code  Gb  usbd_conf_f4.o [1]
USBD_LL_Suspend         0x08021b5b    0x12  Code  Gb  usbd_core.o [1]
USBD_LL_Transmit        0x080227eb    0x12  Code  Gb  usbd_conf_f4.o [1]
USBD_LangIDDesc         0x20010fb8     0x4  Data  Gb  usbd_desc.o [1]
USBD_ParseSetupRequest  0x08022c75    0x28  Code  Gb  usbd_ctlreq.o [1]
USBD_RegisterClass      0x08021949    0x10  Code  Gb  usbd_core.o [1]
USBD_SetClassConfig     0x08021967    0x16  Code  Gb  usbd_core.o [1]
USBD_Start              0x08021959     0xe  Code  Gb  usbd_core.o [1]
USBD_StdDevReq          0x080228ad   0x15e  Code  Gb  usbd_ctlreq.o [1]
USBD_StdEPReq           0x08022a59   0x10c  Code  Gb  usbd_ctlreq.o [1]
USBD_StdItfReq          0x08022a11    0x46  Code  Gb  usbd_ctlreq.o [1]
USBD_StrDesc            0x2001db7c    0xc8  Data  Gb  usbd_desc.o [1]
USB_ActivateEndpoint    0x08023a9d    0x8c  Code  Gb  stm32f7xx_ll_usb.o [1]
USB_ActivateSetup       0x080240b3    0x2e  Code  Gb  stm32f7xx_ll_usb.o [1]
USB_CoreInit            0x08023805    0xa0  Code  Gb  stm32f7xx_ll_usb.o [1]
USB_DeactivateEndpoint  0x08023b29    0x68  Code  Gb  stm32f7xx_ll_usb.o [1]
USB_DevConnect          0x0802401b    0x1c  Code  Gb  stm32f7xx_ll_usb.o [1]
USB_DevDisconnect       0x08024037    0x1c  Code  Gb  stm32f7xx_ll_usb.o [1]
USB_DevInit             0x080238ed   0x144  Code  Gb  stm32f7xx_ll_usb.o [1]
USB_DisableGlobalInt    0x080238b1     0xc  Code  Gb  stm32f7xx_ll_usb.o [1]
USB_EP0StartXfer        0x08023db9   0x146  Code  Gb  stm32f7xx_ll_usb.o [1]
USB_EP0_OutStart        0x080240e1    0x30  Code  Gb  stm32f7xx_ll_usb.o [1]
USB_EPClearStall        0x08023fa5    0x5a  Code  Gb  stm32f7xx_ll_usb.o [1]
USB_EPSetStall          0x08023f53    0x52  Code  Gb  stm32f7xx_ll_usb.o [1]
USB_EPStartXfer         0x08023b91   0x228  Code  Gb  stm32f7xx_ll_usb.o [1]
USB_EnableGlobalInt     0x080238a5     0xc  Code  Gb  stm32f7xx_ll_usb.o [1]
USB_FlushRxFifo         0x08023a4f    0x1a  Code  Gb  stm32f7xx_ll_usb.o [1]
USB_FlushTxFifo         0x08023a31    0x1e  Code  Gb  stm32f7xx_ll_usb.o [1]
USB_GetDevSpeed         0x08023a69    0x34  Code  Gb  stm32f7xx_ll_usb.o [1]
USB_GetMode             0x080240ab     0x8  Code  Gb  stm32f7xx_ll_usb.o [1]
USB_ReadDevAllInEpInterrupt
                        0x08024069     0xe  Code  Gb  stm32f7xx_ll_usb.o [1]
USB_ReadDevAllOutEpInterrupt
                        0x0802405b     0xe  Code  Gb  stm32f7xx_ll_usb.o [1]
USB_ReadDevInEPInterrupt
                        0x0802408b    0x20  Code  Gb  stm32f7xx_ll_usb.o [1]
USB_ReadDevOutEPInterrupt
                        0x08024077    0x14  Code  Gb  stm32f7xx_ll_usb.o [1]
USB_ReadInterrupts      0x08024053     0x8  Code  Gb  stm32f7xx_ll_usb.o [1]
USB_ReadPacket          0x08023f35    0x1e  Code  Gb  stm32f7xx_ll_usb.o [1]
USB_SetCurrentMode      0x080238bd    0x2e  Code  Gb  stm32f7xx_ll_usb.o [1]
USB_SetDevAddress       0x08023fff    0x1c  Code  Gb  stm32f7xx_ll_usb.o [1]
USB_WritePacket         0x08023f01    0x34  Code  Gb  stm32f7xx_ll_usb.o [1]
UsageFault_Handler      0x080246a1     0x2  Code  Gb  stm32f7xx_it.o [1]
VOL_CUR                 0x2001d744     0x2  Data  Lc  usbd_audio_in.o [1]
Volume                  0x20010e09     0x1  Data  Gb  audio_codec.o [1]
WaveRec_idxSens1        0x2001003a     0x2  Data  Gb  main.o [1]
WaveRec_idxSens2        0x2001003c     0x2  Data  Gb  main.o [1]
WaveRec_idxSens3        0x20010036     0x2  Data  Gb  main.o [1]
WaveRec_idxSens4        0x20010034     0x2  Data  Gb  main.o [1]
WaveRec_idxSens5        0x2001003e     0x2  Data  Gb  main.o [1]
WaveRec_idxSens6        0x20010040     0x2  Data  Gb  main.o [1]
WaveRecord_flgIni       0x2001deb5     0x1  Data  Gb  waverecorder.o [1]
WaveRecord_flgInt       0x20010fc0     0x1  Data  Gb  waverecorder.o [1]
WaveRecord_flgSDO7Finish
                        0x2001d552     0x1  Data  Gb  waverecorder.o [1]
WaveRecord_flgSDO8Finish
                        0x2001d553     0x1  Data  Gb  waverecorder.o [1]
WriteCoef               0x0802235d   0x1fa  Code  Gb  sta321mp.o [1]
WriteSTAByte            0x08022041    0x5a  Code  Gb  sta321mp.o [1]
XferCplt                0x2001dea8     0x4  Data  Gb  waveplayer _CS43L22.o [1]
__aeabi_cdcmpeq         0x08020cb1          Code  Gb  DblCmpEq.o [6]
__aeabi_cdcmple         0x0801ea4d          Code  Gb  DblCmpLe.o [6]
__aeabi_cdrcmple        0x0801ea7d          Code  Gb  DblCmpGe.o [6]
__aeabi_cfcmpeq         0x0801d145          Code  Gb  FltCmpEq.o [6]
__aeabi_cfcmple         0x0801d171          Code  Gb  FltCmpLe.o [6]
__aeabi_d2f             0x0801d759          Code  Gb  DblToFlt.o [6]
__aeabi_d2iz            0x0801d569          Code  Gb  DblToI32.o [6]
__aeabi_dadd            0x0801d481          Code  Gb  DblAdd.o [6]
__aeabi_ddiv            0x0801d229          Code  Gb  DblDiv.o [6]
__aeabi_dmul            0x0801d5b5          Code  Gb  DblMul.o [6]
__aeabi_dsub            0x0801dc39          Code  Gb  DblSub.o [6]
__aeabi_errno_addr      0x0801eaad     0x6  Code  Gb  errno.o [3]
__aeabi_f2d             0x0801d1a9          Code  Gb  FltToDbl.o [6]
__aeabi_fmul            0x0801d195    0x12  Code  Gb  FltMul.o [6]
__aeabi_i2d             0x0801d1f9          Code  Gb  I32ToDbl.o [6]
__aeabi_memclr          0x08022d01          Code  Gb  ABImemclr.o [7]
__aeabi_ui2d            0x0801d20d          Code  Gb  I32ToDbl.o [6]
__aeabi_ui2f            0x0801d161     0xe  Code  Gb  U32ToFlt.o [6]
__cmain                 0x0802480d          Code  Gb  cmain.o [7]
__data_GetMemChunk      0x08019fe9    0x2c  Code  Gb  xgetmemchunk.o [3]
__exit                  0x0801a015    0x14  Code  Gb  exit.o [8]
__iar_Dint              0x08020c37    0x7a  Code  Gb  xdint.o [6]
__iar_Errno             0x20010fbc     0x4  Data  Gb  errno.o [3]
__iar_Memset_word       0x0802364d          Code  Gb  ABImemset.o [7]
__iar_Quad              0x0801eab9   0x12c  Code  Gb  xquad.o [6]
__iar_Sin               0x0801d7e9   0x3b2  Code  Gb  xsin.o [6]
__iar_close_ttio        0x0801a029    0x2e  Code  Gb  iarttio.o [8]
__iar_d2uiz             0x0801d595          Code  Gb  DblToI32.o [6]
__iar_dadd              0x0801d495          Code  Gb  DblAdd.o [6]
__iar_data_init3        0x0802478d    0x28  Code  Gb  data_init.o [7]
__iar_dlfree            0x08019ac7   0x510  Code  Gb  dlmalloc.o [3]
__iar_dlib_perthread_access
                        0x08020c35     0x2  Code  Gb  xtls.o [3]
__iar_dlmalloc          0x08019811   0x2aa  Code  Gb  dlmalloc.o [3]
__iar_dsub              0x0801dc4d          Code  Gb  DblSub.o [6]
__iar_dsubStart         0x0801dc5f          Code  Gb  DblSub.o [6]
__iar_edom              0x0801ec21          Code  Gb  iarEdom.o [7]
__iar_fmod              0x08020cd1          Code  Gb  fmod.o [6]
__iar_fmodl             0x08020cd1          Code  Gb  fmod.o [6]
__iar_init_vfp          0x080247b5          Code  Gb  fpinit_M.o [6]
__iar_lookup_ttioh      0x0801a059     0x8  Code  Gb  XShttio.o [3]
__iar_lz77_init3        0x0802440b   0x162  Code  Gb  lz77_init.o [7]
__iar_program_start     0x0802484d          Code  Gb  cstartup_M.o [7]
__iar_sqrt              0x0801ddb9          Code  Gb  sqrt.o [6]
__iar_ttio_handles      0x20010fb0     0x8  Data  Lc  XShttio.o [3]
__iar_ui2d              0x0801d211          Code  Gb  I32ToDbl.o [6]
__iar_unaligned___aeabi_memcpy
                        0x0801e9d5          Code  Gb  ABImemcpy_unaligned.o [7]
__iar_unaligned___aeabi_memcpy4
                        0x0801e9f5          Code  Gb  ABImemcpy_unaligned.o [7]
__iar_unaligned___aeabi_memcpy8
                        0x0801e9f5          Code  Gb  ABImemcpy_unaligned.o [7]
__iar_zero_init3        0x0802474d    0x40  Code  Gb  zero_init3.o [7]
__low_level_init        0x08024827     0x4  Code  Gb  low_level_init.o [3]
__vector_table          0x08000000          Data  Gb  startup_stm32f746xx.o [1]
_call_main              0x08024819          Code  Gb  cmain.o [7]
_exit                   0x08024831          Code  Gb  cexit.o [7]
_gm_                    0x2001d8c8   0x1d8  Data  Lc  dlmalloc.o [3]
_main                   0x08024823          Code  Gb  cmain.o [7]
abort                   0x08019fe1     0x6  Code  Gb  abort.o [3]
armBitRevTable          0x080001c8   0x800  Data  Gb  arm_common_tables.o [4]
arm_cfft_radix4_init_f32
                        0x08010a41    0xb0  Code  Gb  arm_cfft_radix4_init_f32.o [4]
arm_rfft_init_f32       0x080089c9    0x72  Code  Gb  arm_rfft_init_f32.o [4]
btnSW1                  0x2001002c     0x1  Data  Gb  main.o [1]
btnSW2                  0x2001002d     0x1  Data  Gb  main.o [1]
bufCoefBiquad           0x20010e18    0x10  Data  Gb  sta321mp.o [1]
bufPCMSens7             0x2001d560     0x4  Data  Gb  waverecorder.o [1]
bufPCMSens8             0x2001d564     0x4  Data  Gb  waverecorder.o [1]
bufferSum               0x20010054   0x800  Data  Gb  main.o [1]
buffer_switch           0x20010031     0x1  Data  Gb  main.o [1]
cntOS                   0x2001dea4     0x4  Data  Gb  stm32f7xx_it.o [1]
cntPos                  0x2001d55a     0x2  Data  Gb  waverecorder.o [1]
cntPos7                 0x2001d55c     0x2  Data  Gb  waverecorder.o [1]
cntRisingEXTI           0x2001deb0     0x2  Data  Gb  main.o [1]
cntStrt                 0x2001deb2     0x2  Data  Gb  waverecorder.o [1]
cntTime200              0x20010050     0x2  Data  Gb  main.o [1]
exit                    0x0802482b     0x4  Code  Gb  exit.o [3]
flg10ms                 0x20010030     0x1  Data  Gb  main.o [1]
flgDlyUpd               0x2001002e     0x1  Data  Gb  main.o [1]
fmod                    0x08020cd1          Code  Gb  fmod.o [6]
fmodl                   0x08020cd1          Code  Gb  fmod.o [6]
hUSBDDevice             0x20010854   0x224  Data  Gb  main.o [1]
hUSBDDeviceDesc         0x20010f90    0x14  Data  Gb  usbd_desc.o [1]
haudioInstance          0x2001d668    0x64  Data  Lc  usbd_audio_in.o [1]
hdma_spi5_rx            0x2001dc44    0x50  Data  Gb  waverecorder.o [1]
hdma_spi6_rx            0x2001dc94    0x50  Data  Gb  waverecorder.o [1]
hi2c1                   0x20010dcc    0x3c  Data  Gb  audio_codec.o [1]
hi2c2                   0x2001de48    0x3c  Data  Gb  audio_codec.o [1]
hi2s1                   0x2001d468    0x40  Data  Gb  waverecorder.o [1]
hi2s2                   0x2001d4a8    0x40  Data  Gb  waverecorder.o [1]
hi2s3                   0x2001de08    0x40  Data  Gb  waveplayer _CS43L22.o [1]
hpcd                    0x2001cfe0   0x3c0  Data  Gb  usbd_conf_f4.o [1]
hspi4                   0x2001dd54    0x64  Data  Gb  main.o [1]
hspi5                   0x2001d3a0    0x64  Data  Gb  waverecorder.o [1]
hspi6                   0x2001d404    0x64  Data  Gb  waverecorder.o [1]
huart3                  0x2001dce4    0x70  Data  Gb  main.o [1]
iSDO12                  0x20010fd6     0x2  Data  Gb  waverecorder.o [1]
iSDO34                  0x20012fdc     0x2  Data  Gb  waverecorder.o [1]
idxFrmPDMMic8           0x2001d558     0x2  Data  Gb  waverecorder.o [1]
idxLatency12            0x20010046     0x2  Data  Gb  main.o [1]
idxLatency13            0x20010044     0x2  Data  Gb  main.o [1]
idxLatency14            0x20010048     0x2  Data  Gb  main.o [1]
idxLatency25            0x2001004a     0x2  Data  Gb  main.o [1]
idxLatency63            0x2001004c     0x2  Data  Gb  main.o [1]
idxLatency78            0x2001004e     0x2  Data  Gb  main.o [1]
idxMic7                 0x2001d556     0x2  Data  Gb  waverecorder.o [1]
idxMic8                 0x2001d554     0x2  Data  Gb  waverecorder.o [1]
idxSPI5DataBuf3         0x20010042     0x2  Data  Gb  main.o [1]
init_mparams            0x08018b0b    0x32  Code  Lc  dlmalloc.o [3]
init_top                0x08018b3d    0x34  Code  Lc  dlmalloc.o [3]
main                    0x0801ecdd   0x23a  Code  Gb  main.o [1]
mparams                 0x2001de84    0x18  Data  Lc  dlmalloc.o [3]
pDataMic7               0x2001d5e8    0x80  Data  Gb  waverecorder.o [1]
pDataMic8               0x2001d568    0x80  Data  Gb  waverecorder.o [1]
pcSTAComnd              0x20010e28    0x50  Data  Gb  sta321mp.o [1]
pcSTAComnd1             0x20010e78     0x2  Data  Gb  sta321mp.o [1]
pcSTAComnd2             0x20010e7c    0x24  Data  Gb  sta321mp.o [1]
prepend_alloc           0x08018b71   0x36c  Code  Lc  dlmalloc.o [3]
realCoefA               0x08008a40  0x8000  Data  Lc  arm_rfft_init_f32.o [4]
realCoefB               0x08010af0  0x8000  Data  Lc  arm_rfft_init_f32.o [4]
sdramHandle             0x20010ea0    0x34  Data  Lc  stm32746g_discovery_sdram.o [1]
segment_holding         0x08018af1    0x1a  Code  Lc  dlmalloc.o [3]
sqrt                    0x0801ddb9          Code  Gb  sqrt.o [6]
sqrtl                   0x0801ddb9          Code  Gb  sqrt.o [6]
stFrstFrmStore          0x2001002f     0x1  Data  Gb  main.o [1]
stm32_crc               0x20010a78     0x4  Data  Gb  pdm_filter.o [5]
swtSDO7                 0x2001d550     0x1  Data  Gb  waverecorder.o [1]
swtSDO8                 0x2001d551     0x1  Data  Gb  waverecorder.o [1]
sys_alloc               0x08018edd   0x386  Code  Lc  dlmalloc.o [3]
tmalloc_large           0x08019271   0x390  Code  Lc  dlmalloc.o [3]
tmalloc_small           0x08019601   0x210  Code  Lc  dlmalloc.o [3]
twiddleCoef_4096        0x080009c8  0x8000  Data  Gb  arm_common_tables.o [4]
uwTick                  0x2001dea0     0x4  Data  Lc  stm32f7xx_hal.o [1]
vRawSens1               0x20010fc6     0x2  Data  Gb  waverecorder.o [1]
vRawSens2               0x20010fc8     0x2  Data  Gb  waverecorder.o [1]
vRawSens3               0x20010fcc     0x2  Data  Gb  waverecorder.o [1]
vRawSens4               0x20010fca     0x2  Data  Gb  waverecorder.o [1]
vRawSens5               0x20010fce     0x2  Data  Gb  waverecorder.o [1]
vRawSens6               0x20010fd0     0x2  Data  Gb  waverecorder.o [1]
vol_table               0x0801e950    0x84  Data  Gb  usbd_audio_if.o [1]
volume                  0x20010f02     0x1  Data  Gb  waveplayer _CS43L22.o [1]


[1] = D:\sop1hc\Github\data\Mic_Array_V00\USB_STREAMING\Mic_Array\Projects\STM32746G\Applications\Audio\Mic_Array\EWARM\STM32F7\Obj
[2] = command line
[3] = dl7M_tlf.a
[4] = iar_cortexM7ls_math.a
[5] = libPDMFilter_CM7_IAR.a
[6] = m7M_tls.a
[7] = rt7M_tl.a
[8] = shb_l.a

  82 262 bytes of readonly  code memory
  68 464 bytes of readonly  data memory
  73 398 bytes of readwrite data memory (+ 102 880 absolute)

Errors: none
Warnings: none
