###############################################################################
#
# IAR ELF Linker V7.50.2.10312/W32 for ARM                06/Apr/2016  18:05:36
# Copyright 2007-2015 IAR Systems AB.
#
#    Output file  =  
#        D:\sop1hc\Github\data\Mic_Array_V00\USB_STREAMING\Mic_Array\Projects\STM32746G\Applications\Audio\Mic_Array\EWARM\STM32F7\Exe\Project.out
#    Map file     =  
#        D:\sop1hc\Github\data\Mic_Array_V00\USB_STREAMING\Mic_Array\Projects\STM32746G\Applications\Audio\Mic_Array\EWARM\STM32F7\List\Project.map
#    Command line =  
#        D:\sop1hc\Github\data\Mic_Array_V00\USB_STREAMING\Mic_Array\Projects\STM32746G\Applications\Audio\Mic_Array\EWARM\STM32F7\Obj\audio_application.o
#        D:\sop1hc\Github\data\Mic_Array_V00\USB_STREAMING\Mic_Array\Projects\STM32746G\Applications\Audio\Mic_Array\EWARM\STM32F7\Obj\audio_codec.o
#        D:\sop1hc\Github\data\Mic_Array_V00\USB_STREAMING\Mic_Array\Projects\STM32746G\Applications\Audio\Mic_Array\EWARM\STM32F7\Obj\DSP.o
#        D:\sop1hc\Github\data\Mic_Array_V00\USB_STREAMING\Mic_Array\Projects\STM32746G\Applications\Audio\Mic_Array\EWARM\STM32F7\Obj\ff.o
#        D:\sop1hc\Github\data\Mic_Array_V00\USB_STREAMING\Mic_Array\Projects\STM32746G\Applications\Audio\Mic_Array\EWARM\STM32F7\Obj\ft5336.o
#        D:\sop1hc\Github\data\Mic_Array_V00\USB_STREAMING\Mic_Array\Middlewares\ST\STM32_Audio\Addons\PDM\libPDMFilter_CM7_IAR.a
#        D:\sop1hc\Github\data\Mic_Array_V00\USB_STREAMING\Mic_Array\Projects\STM32746G\Applications\Audio\Mic_Array\EWARM\STM32F7\Obj\main.o
#        D:\sop1hc\Github\data\Mic_Array_V00\USB_STREAMING\Mic_Array\Projects\STM32746G\Applications\Audio\Mic_Array\EWARM\STM32F7\Obj\sta321mp.o
#        D:\sop1hc\Github\data\Mic_Array_V00\USB_STREAMING\Mic_Array\Projects\STM32746G\Applications\Audio\Mic_Array\EWARM\STM32F7\Obj\startup_stm32f746xx.o
#        D:\sop1hc\Github\data\Mic_Array_V00\USB_STREAMING\Mic_Array\Projects\STM32746G\Applications\Audio\Mic_Array\EWARM\STM32F7\Obj\stm32746g_discovery.o
#        D:\sop1hc\Github\data\Mic_Array_V00\USB_STREAMING\Mic_Array\Projects\STM32746G\Applications\Audio\Mic_Array\EWARM\STM32F7\Obj\stm32746g_discovery_lcd.o
#        D:\sop1hc\Github\data\Mic_Array_V00\USB_STREAMING\Mic_Array\Projects\STM32746G\Applications\Audio\Mic_Array\EWARM\STM32F7\Obj\stm32746g_discovery_sdram.o
#        D:\sop1hc\Github\data\Mic_Array_V00\USB_STREAMING\Mic_Array\Projects\STM32746G\Applications\Audio\Mic_Array\EWARM\STM32F7\Obj\stm32746g_discovery_ts.o
#        D:\sop1hc\Github\data\Mic_Array_V00\USB_STREAMING\Mic_Array\Projects\STM32746G\Applications\Audio\Mic_Array\EWARM\STM32F7\Obj\stm32f7xx_hal.o
#        D:\sop1hc\Github\data\Mic_Array_V00\USB_STREAMING\Mic_Array\Projects\STM32746G\Applications\Audio\Mic_Array\EWARM\STM32F7\Obj\stm32f7xx_hal_cortex.o
#        D:\sop1hc\Github\data\Mic_Array_V00\USB_STREAMING\Mic_Array\Projects\STM32746G\Applications\Audio\Mic_Array\EWARM\STM32F7\Obj\stm32f7xx_hal_dma.o
#        D:\sop1hc\Github\data\Mic_Array_V00\USB_STREAMING\Mic_Array\Projects\STM32746G\Applications\Audio\Mic_Array\EWARM\STM32F7\Obj\stm32f7xx_hal_dma2d.o
#        D:\sop1hc\Github\data\Mic_Array_V00\USB_STREAMING\Mic_Array\Projects\STM32746G\Applications\Audio\Mic_Array\EWARM\STM32F7\Obj\stm32f7xx_hal_dma_ex.o
#        D:\sop1hc\Github\data\Mic_Array_V00\USB_STREAMING\Mic_Array\Projects\STM32746G\Applications\Audio\Mic_Array\EWARM\STM32F7\Obj\stm32f7xx_hal_flash.o
#        D:\sop1hc\Github\data\Mic_Array_V00\USB_STREAMING\Mic_Array\Projects\STM32746G\Applications\Audio\Mic_Array\EWARM\STM32F7\Obj\stm32f7xx_hal_flash_ex.o
#        D:\sop1hc\Github\data\Mic_Array_V00\USB_STREAMING\Mic_Array\Projects\STM32746G\Applications\Audio\Mic_Array\EWARM\STM32F7\Obj\stm32f7xx_hal_gpio.o
#        D:\sop1hc\Github\data\Mic_Array_V00\USB_STREAMING\Mic_Array\Projects\STM32746G\Applications\Audio\Mic_Array\EWARM\STM32F7\Obj\stm32f7xx_hal_hcd.o
#        D:\sop1hc\Github\data\Mic_Array_V00\USB_STREAMING\Mic_Array\Projects\STM32746G\Applications\Audio\Mic_Array\EWARM\STM32F7\Obj\stm32f7xx_hal_i2c.o
#        D:\sop1hc\Github\data\Mic_Array_V00\USB_STREAMING\Mic_Array\Projects\STM32746G\Applications\Audio\Mic_Array\EWARM\STM32F7\Obj\stm32f7xx_hal_i2c_ex.o
#        D:\sop1hc\Github\data\Mic_Array_V00\USB_STREAMING\Mic_Array\Projects\STM32746G\Applications\Audio\Mic_Array\EWARM\STM32F7\Obj\stm32f7xx_hal_i2s.o
#        D:\sop1hc\Github\data\Mic_Array_V00\USB_STREAMING\Mic_Array\Projects\STM32746G\Applications\Audio\Mic_Array\EWARM\STM32F7\Obj\stm32f7xx_hal_ltdc.o
#        D:\sop1hc\Github\data\Mic_Array_V00\USB_STREAMING\Mic_Array\Projects\STM32746G\Applications\Audio\Mic_Array\EWARM\STM32F7\Obj\stm32f7xx_hal_pcd.o
#        D:\sop1hc\Github\data\Mic_Array_V00\USB_STREAMING\Mic_Array\Projects\STM32746G\Applications\Audio\Mic_Array\EWARM\STM32F7\Obj\stm32f7xx_hal_pcd_ex.o
#        D:\sop1hc\Github\data\Mic_Array_V00\USB_STREAMING\Mic_Array\Projects\STM32746G\Applications\Audio\Mic_Array\EWARM\STM32F7\Obj\stm32f7xx_hal_pwr.o
#        D:\sop1hc\Github\data\Mic_Array_V00\USB_STREAMING\Mic_Array\Projects\STM32746G\Applications\Audio\Mic_Array\EWARM\STM32F7\Obj\stm32f7xx_hal_pwr_ex.o
#        D:\sop1hc\Github\data\Mic_Array_V00\USB_STREAMING\Mic_Array\Projects\STM32746G\Applications\Audio\Mic_Array\EWARM\STM32F7\Obj\stm32f7xx_hal_rcc.o
#        D:\sop1hc\Github\data\Mic_Array_V00\USB_STREAMING\Mic_Array\Projects\STM32746G\Applications\Audio\Mic_Array\EWARM\STM32F7\Obj\stm32f7xx_hal_rcc_ex.o
#        D:\sop1hc\Github\data\Mic_Array_V00\USB_STREAMING\Mic_Array\Projects\STM32746G\Applications\Audio\Mic_Array\EWARM\STM32F7\Obj\stm32f7xx_hal_sai.o
#        D:\sop1hc\Github\data\Mic_Array_V00\USB_STREAMING\Mic_Array\Projects\STM32746G\Applications\Audio\Mic_Array\EWARM\STM32F7\Obj\stm32f7xx_hal_sai_ex.o
#        D:\sop1hc\Github\data\Mic_Array_V00\USB_STREAMING\Mic_Array\Projects\STM32746G\Applications\Audio\Mic_Array\EWARM\STM32F7\Obj\stm32f7xx_hal_sdram.o
#        D:\sop1hc\Github\data\Mic_Array_V00\USB_STREAMING\Mic_Array\Projects\STM32746G\Applications\Audio\Mic_Array\EWARM\STM32F7\Obj\stm32f7xx_hal_spi.o
#        D:\sop1hc\Github\data\Mic_Array_V00\USB_STREAMING\Mic_Array\Projects\STM32746G\Applications\Audio\Mic_Array\EWARM\STM32F7\Obj\stm32f7xx_hal_sram.o
#        D:\sop1hc\Github\data\Mic_Array_V00\USB_STREAMING\Mic_Array\Projects\STM32746G\Applications\Audio\Mic_Array\EWARM\STM32F7\Obj\stm32f7xx_hal_tim.o
#        D:\sop1hc\Github\data\Mic_Array_V00\USB_STREAMING\Mic_Array\Projects\STM32746G\Applications\Audio\Mic_Array\EWARM\STM32F7\Obj\stm32f7xx_hal_tim_ex.o
#        D:\sop1hc\Github\data\Mic_Array_V00\USB_STREAMING\Mic_Array\Projects\STM32746G\Applications\Audio\Mic_Array\EWARM\STM32F7\Obj\stm32f7xx_hal_uart.o
#        D:\sop1hc\Github\data\Mic_Array_V00\USB_STREAMING\Mic_Array\Projects\STM32746G\Applications\Audio\Mic_Array\EWARM\STM32F7\Obj\stm32f7xx_it.o
#        D:\sop1hc\Github\data\Mic_Array_V00\USB_STREAMING\Mic_Array\Projects\STM32746G\Applications\Audio\Mic_Array\EWARM\STM32F7\Obj\stm32f7xx_ll_fmc.o
#        D:\sop1hc\Github\data\Mic_Array_V00\USB_STREAMING\Mic_Array\Projects\STM32746G\Applications\Audio\Mic_Array\EWARM\STM32F7\Obj\stm32f7xx_ll_usb.o
#        D:\sop1hc\Github\data\Mic_Array_V00\USB_STREAMING\Mic_Array\Projects\STM32746G\Applications\Audio\Mic_Array\EWARM\STM32F7\Obj\system_stm32f7xx.o
#        D:\sop1hc\Github\data\Mic_Array_V00\USB_STREAMING\Mic_Array\Projects\STM32746G\Applications\Audio\Mic_Array\EWARM\STM32F7\Obj\usbd_audio_if.o
#        D:\sop1hc\Github\data\Mic_Array_V00\USB_STREAMING\Mic_Array\Projects\STM32746G\Applications\Audio\Mic_Array\EWARM\STM32F7\Obj\usbd_audio_in.o
#        D:\sop1hc\Github\data\Mic_Array_V00\USB_STREAMING\Mic_Array\Projects\STM32746G\Applications\Audio\Mic_Array\EWARM\STM32F7\Obj\usbd_conf_f4.o
#        D:\sop1hc\Github\data\Mic_Array_V00\USB_STREAMING\Mic_Array\Projects\STM32746G\Applications\Audio\Mic_Array\EWARM\STM32F7\Obj\usbd_core.o
#        D:\sop1hc\Github\data\Mic_Array_V00\USB_STREAMING\Mic_Array\Projects\STM32746G\Applications\Audio\Mic_Array\EWARM\STM32F7\Obj\usbd_ctlreq.o
#        D:\sop1hc\Github\data\Mic_Array_V00\USB_STREAMING\Mic_Array\Projects\STM32746G\Applications\Audio\Mic_Array\EWARM\STM32F7\Obj\usbd_desc.o
#        D:\sop1hc\Github\data\Mic_Array_V00\USB_STREAMING\Mic_Array\Projects\STM32746G\Applications\Audio\Mic_Array\EWARM\STM32F7\Obj\usbd_ioreq.o
#        D:\sop1hc\Github\data\Mic_Array_V00\USB_STREAMING\Mic_Array\Projects\STM32746G\Applications\Audio\Mic_Array\EWARM\STM32F7\Obj\usbh_conf.o
#        D:\sop1hc\Github\data\Mic_Array_V00\USB_STREAMING\Mic_Array\Projects\STM32746G\Applications\Audio\Mic_Array\EWARM\STM32F7\Obj\usbh_core.o
#        D:\sop1hc\Github\data\Mic_Array_V00\USB_STREAMING\Mic_Array\Projects\STM32746G\Applications\Audio\Mic_Array\EWARM\STM32F7\Obj\usbh_ctlreq.o
#        D:\sop1hc\Github\data\Mic_Array_V00\USB_STREAMING\Mic_Array\Projects\STM32746G\Applications\Audio\Mic_Array\EWARM\STM32F7\Obj\usbh_diskio.o
#        D:\sop1hc\Github\data\Mic_Array_V00\USB_STREAMING\Mic_Array\Projects\STM32746G\Applications\Audio\Mic_Array\EWARM\STM32F7\Obj\usbh_ioreq.o
#        D:\sop1hc\Github\data\Mic_Array_V00\USB_STREAMING\Mic_Array\Projects\STM32746G\Applications\Audio\Mic_Array\EWARM\STM32F7\Obj\usbh_msc.o
#        D:\sop1hc\Github\data\Mic_Array_V00\USB_STREAMING\Mic_Array\Projects\STM32746G\Applications\Audio\Mic_Array\EWARM\STM32F7\Obj\usbh_msc_bot.o
#        D:\sop1hc\Github\data\Mic_Array_V00\USB_STREAMING\Mic_Array\Projects\STM32746G\Applications\Audio\Mic_Array\EWARM\STM32F7\Obj\usbh_msc_scsi.o
#        D:\sop1hc\Github\data\Mic_Array_V00\USB_STREAMING\Mic_Array\Projects\STM32746G\Applications\Audio\Mic_Array\EWARM\STM32F7\Obj\usbh_pipes.o
#        "D:\sop1hc\Github\data\Mic_Array_V00\USB_STREAMING\Mic_Array\Projects\STM32746G\Applications\Audio\Mic_Array\EWARM\STM32F7\Obj\waveplayer
#        _CS43L22.o"
#        D:\sop1hc\Github\data\Mic_Array_V00\USB_STREAMING\Mic_Array\Projects\STM32746G\Applications\Audio\Mic_Array\EWARM\STM32F7\Obj\waverecorder.o
#        --redirect _Printf=_PrintfSmall --redirect _Scanf=_ScanfSmall -o
#        D:\sop1hc\Github\data\Mic_Array_V00\USB_STREAMING\Mic_Array\Projects\STM32746G\Applications\Audio\Mic_Array\EWARM\STM32F7\Exe\Project.out
#        --map
#        D:\sop1hc\Github\data\Mic_Array_V00\USB_STREAMING\Mic_Array\Projects\STM32746G\Applications\Audio\Mic_Array\EWARM\STM32F7\List\Project.map
#        --config
#        D:\sop1hc\Github\data\Mic_Array_V00\USB_STREAMING\Mic_Array\Projects\STM32746G\Applications\Audio\Mic_Array\EWARM\Project.icf
#        --semihosting --entry __iar_program_start --no_exceptions "D:\Program
#        Files (x86)\IAR Systems\Embedded Workbench
#        7.3\arm\CMSIS\Lib\IAR\iar_cortexM7ls_math.a" --vfe
#
###############################################################################

*******************************************************************************
*** RUNTIME MODEL ATTRIBUTES
***

CppFlavor                     = *
__Heap_Handler                = DLMalloc
__SystemLibrary               = DLib
__dlib_dynamic_initialization = normal


*******************************************************************************
*** PLACEMENT SUMMARY
***

"A1":  place at 0x08000000 { ro section .intvec };
"P1":  place in [from 0x00000000 to 0x00000000] |
                [from 0x08000000 to 0x080fffff] { ro };
"P3":  place in [from 0x20000000 to 0x2000ffff] |
                [from 0x20010000 to 0x2004ffff] { rw, block CSTACK, block HEAP };

  Section             Kind        Address     Size  Object
  -------             ----        -------     ----  ------
"A1":                                        0x1c8
  .intvec             ro code  0x08000000    0x1c8  startup_stm32f746xx.o [1]
                             - 0x080001c8    0x1c8

"P1":                                      0x1f02f
  .rodata             const    0x080001c8  0x13458  arm_common_tables.o [4]
  .text               ro code  0x08013620   0x14f0  dlmalloc.o [3]
  .text               ro code  0x08014b10      0x6  abort.o [3]
  .text               ro code  0x08014b18     0x2c  xgetmemchunk.o [3]
  .text               ro code  0x08014b44     0x14  exit.o [8]
  .text               ro code  0x08014b58     0x30  iarttio.o [8]
  .text               ro code  0x08014b88      0x8  XShttio.o [3]
  .text               ro code  0x08014b90    0xd10  waverecorder.o [1]
  .text               ro code  0x080158a0    0x22c  stm32f7xx_hal_gpio.o [1]
  .text               ro code  0x08015acc    0x550  pdm_filter.o [5]
  .text               ro code  0x0801601c    0x110  stm32f7xx_hal_i2s.o [1]
  .text               ro code  0x0801612c    0x7d4  stm32f7xx_hal_spi.o [1]
  .text               ro code  0x08016900     0xd0  stm32f7xx_hal_cortex.o [1]
  .text               ro code  0x080169d0    0x314  stm32f7xx_hal_dma.o [1]
  .text               ro code  0x08016ce4     0x1c  FltCmpEq.o [6]
  .text               ro code  0x08016d00      0xe  U32ToFlt.o [6]
  .text               ro code  0x08016d10     0x24  FltCmpLe.o [6]
  .text               ro code  0x08016d34     0x12  FltMul.o [6]
  .text               ro code  0x08016d48     0x4e  FltToDbl.o [6]
  .text               ro code  0x08016d98     0x30  I32ToDbl.o [6]
  .text               ro code  0x08016dc8    0x256  DblDiv.o [6]
  .text               ro code  0x08017020     0xe8  DblAdd.o [6]
  .text               ro code  0x08017108     0x4c  DblToI32.o [6]
  .text               ro code  0x08017154    0x1a2  DblMul.o [6]
  .text               ro code  0x080172f8     0x90  DblToFlt.o [6]
  .text               ro code  0x08017388    0x462  xsin.o [6]
  .text               ro code  0x080177ec    0x180  DblSub.o [6]
  .text               ro code  0x0801796c     0xf0  sqrt.o [6]
  .text               ro code  0x08017a5c    0xa18  audio_codec.o [1]
  .text               ro code  0x08018474     0x80  stm32f7xx_hal.o [1]
  .text               ro code  0x080184f4     0x2e  DblCmpLe.o [6]
  .text               ro code  0x08018524     0x2e  DblCmpGe.o [6]
  .text               ro code  0x08018554      0xc  errno.o [3]
  .text               ro code  0x08018560    0x168  xquad.o [6]
  .text               ro code  0x080186c8      0xc  iarEdom.o [7]
  .text               ro code  0x080186d4    0x69c  main.o [1]
  .text               ro code  0x08018d70    0xa18  stm32f7xx_hal_i2c.o [1]
  .text               ro code  0x08019788     0x64  waveplayer _CS43L22.o [1]
  .text               ro code  0x080197ec     0x76  stm32f7xx_hal_i2c_ex.o [1]
  .text               ro code  0x08019864    0x5d8  stm32f7xx_hal_rcc.o [1]
  .text               ro code  0x08019e3c      0x2  xtls.o [3]
  .text               ro code  0x08019e3e     0x7a  xdint.o [6]
  .text               ro code  0x08019eb8     0x20  DblCmpEq.o [6]
  .text               ro code  0x08019ed8    0x1a8  fmod.o [6]
  .text               ro code  0x0801a080    0x664  stm32f7xx_hal_rcc_ex.o [1]
  .text               ro code  0x0801a6e4     0xcc  stm32746g_discovery.o [1]
  .text               ro code  0x0801a7b0    0x144  arm_rfft_fast_init_f32.o [4]
  .text               ro code  0x0801a8f4    0x84c  usbd_audio_in.o [1]
  .text               ro code  0x0801b140    0x2a6  usbd_core.o [1]
  .text               ro code  0x0801b3e8    0xaa4  sta321mp.o [1]
  .text               ro code  0x0801be8c    0x8e4  DSP.o [1]
  .text               ro code  0x0801c770    0x210  audio_application.o [1]
  .text               ro code  0x0801c980     0x78  stm32f7xx_hal_pwr_ex.o [1]
  .text               ro code  0x0801c9f8    0x242  usbd_conf_f4.o [1]
  .text               ro code  0x0801cc3a     0x9c  usbd_ioreq.o [1]
  .text               ro code  0x0801ccd8    0x454  usbd_ctlreq.o [1]
  .text               ro code  0x0801d12c      0x6  ABImemclr.o [7]
  .text               ro code  0x0801d134     0x76  ABImemcpy_unaligned.o [7]
  .text               ro code  0x0801d1ac    0x132  I64DivMod.o [7]
  .text               ro code  0x0801d2e0     0xe0  usbd_audio_if.o [1]
  .text               ro code  0x0801d3c0    0x842  stm32f7xx_hal_pcd.o [1]
  .text               ro code  0x0801dc04     0x72  stm32f7xx_hal_pcd_ex.o [1]
  .text               ro code  0x0801dc78     0x5e  ABImemset.o [7]
  .text               ro code  0x0801dcd8      0x2  I64DivZer.o [7]
  .text               ro code  0x0801dcdc    0x928  stm32f7xx_ll_usb.o [1]
  .text               ro code  0x0801e604    0x23e  stm32f7xx_hal_uart.o [1]
  .text               ro code  0x0801e842    0x1c4  lz77_init.o [7]
  .text               ro code  0x0801ea08     0xf0  usbd_desc.o [1]
  .text               ro code  0x0801eaf8     0xc0  arm_bitreversal2.o [4]
  .text               ro code  0x0801ebb8     0x68  stm32f7xx_it.o [1]
  .text               ro code  0x0801ec20     0x4c  system_stm32f7xx.o [1]
  .text               ro code  0x0801ec6c     0x40  zero_init3.o [7]
  .text               ro code  0x0801ecac     0x28  data_init.o [7]
  .text               ro code  0x0801ecd4     0x22  fpinit_M.o [6]
  .iar.init_table     const    0x0801ecf8     0x2c  - Linker created -
  .text               ro code  0x0801ed24     0x1a  cmain.o [7]
  .text               ro code  0x0801ed3e      0x4  low_level_init.o [3]
  .text               ro code  0x0801ed42      0x4  exit.o [3]
  .text               ro code  0x0801ed48      0xa  cexit.o [7]
  .text               ro code  0x0801ed54     0x10  startup_stm32f746xx.o [1]
  .text               ro code  0x0801ed64      0xc  cstartup_M.o [7]
  .text               ro code  0x0801ed70      0x4  startup_stm32f746xx.o [1]
  .text               ro code  0x0801ed74      0x4  startup_stm32f746xx.o [1]
  .text               ro code  0x0801ed78      0x4  startup_stm32f746xx.o [1]
  .text               ro code  0x0801ed7c      0x4  startup_stm32f746xx.o [1]
  .text               ro code  0x0801ed80      0x4  startup_stm32f746xx.o [1]
  .text               ro code  0x0801ed84      0x4  startup_stm32f746xx.o [1]
  .text               ro code  0x0801ed88      0x4  startup_stm32f746xx.o [1]
  .text               ro code  0x0801ed8c      0x4  startup_stm32f746xx.o [1]
  .text               ro code  0x0801ed90      0x4  startup_stm32f746xx.o [1]
  .text               ro code  0x0801ed94      0x4  startup_stm32f746xx.o [1]
  .text               ro code  0x0801ed98      0x4  startup_stm32f746xx.o [1]
  .text               ro code  0x0801ed9c      0x4  startup_stm32f746xx.o [1]
  .text               ro code  0x0801eda0      0x4  startup_stm32f746xx.o [1]
  .text               ro code  0x0801eda4      0x4  startup_stm32f746xx.o [1]
  .text               ro code  0x0801eda8      0x4  startup_stm32f746xx.o [1]
  .text               ro code  0x0801edac      0x4  startup_stm32f746xx.o [1]
  .text               ro code  0x0801edb0      0x4  startup_stm32f746xx.o [1]
  .text               ro code  0x0801edb4      0x4  startup_stm32f746xx.o [1]
  .text               ro code  0x0801edb8      0x4  startup_stm32f746xx.o [1]
  .text               ro code  0x0801edbc      0x4  startup_stm32f746xx.o [1]
  .text               ro code  0x0801edc0      0x4  startup_stm32f746xx.o [1]
  .text               ro code  0x0801edc4      0x4  startup_stm32f746xx.o [1]
  .text               ro code  0x0801edc8      0x4  startup_stm32f746xx.o [1]
  .text               ro code  0x0801edcc      0x4  startup_stm32f746xx.o [1]
  .text               ro code  0x0801edd0      0x4  startup_stm32f746xx.o [1]
  .text               ro code  0x0801edd4      0x4  startup_stm32f746xx.o [1]
  .text               ro code  0x0801edd8      0x4  startup_stm32f746xx.o [1]
  .text               ro code  0x0801eddc      0x4  startup_stm32f746xx.o [1]
  .text               ro code  0x0801ede0      0x4  startup_stm32f746xx.o [1]
  .text               ro code  0x0801ede4      0x4  startup_stm32f746xx.o [1]
  .text               ro code  0x0801ede8      0x4  startup_stm32f746xx.o [1]
  .text               ro code  0x0801edec      0x4  startup_stm32f746xx.o [1]
  .text               ro code  0x0801edf0      0x4  startup_stm32f746xx.o [1]
  .text               ro code  0x0801edf4      0x4  startup_stm32f746xx.o [1]
  .text               ro code  0x0801edf8      0x4  startup_stm32f746xx.o [1]
  .text               ro code  0x0801edfc      0x4  startup_stm32f746xx.o [1]
  .text               ro code  0x0801ee00      0x4  startup_stm32f746xx.o [1]
  .text               ro code  0x0801ee04      0x4  startup_stm32f746xx.o [1]
  .text               ro code  0x0801ee08      0x4  startup_stm32f746xx.o [1]
  .text               ro code  0x0801ee0c      0x4  startup_stm32f746xx.o [1]
  .text               ro code  0x0801ee10      0x4  startup_stm32f746xx.o [1]
  .text               ro code  0x0801ee14      0x4  startup_stm32f746xx.o [1]
  .text               ro code  0x0801ee18      0x4  startup_stm32f746xx.o [1]
  .text               ro code  0x0801ee1c      0x4  startup_stm32f746xx.o [1]
  .text               ro code  0x0801ee20      0x4  startup_stm32f746xx.o [1]
  .text               ro code  0x0801ee24      0x4  startup_stm32f746xx.o [1]
  .text               ro code  0x0801ee28      0x4  startup_stm32f746xx.o [1]
  .text               ro code  0x0801ee2c      0x4  startup_stm32f746xx.o [1]
  .text               ro code  0x0801ee30      0x4  startup_stm32f746xx.o [1]
  .text               ro code  0x0801ee34      0x4  startup_stm32f746xx.o [1]
  .text               ro code  0x0801ee38      0x4  startup_stm32f746xx.o [1]
  .text               ro code  0x0801ee3c      0x4  startup_stm32f746xx.o [1]
  .text               ro code  0x0801ee40      0x4  startup_stm32f746xx.o [1]
  .text               ro code  0x0801ee44      0x4  startup_stm32f746xx.o [1]
  .text               ro code  0x0801ee48      0x4  startup_stm32f746xx.o [1]
  .text               ro code  0x0801ee4c      0x4  startup_stm32f746xx.o [1]
  .text               ro code  0x0801ee50      0x4  startup_stm32f746xx.o [1]
  .text               ro code  0x0801ee54      0x4  startup_stm32f746xx.o [1]
  .text               ro code  0x0801ee58      0x4  startup_stm32f746xx.o [1]
  .text               ro code  0x0801ee5c      0x4  startup_stm32f746xx.o [1]
  .text               ro code  0x0801ee60      0x4  startup_stm32f746xx.o [1]
  .text               ro code  0x0801ee64      0x4  startup_stm32f746xx.o [1]
  .text               ro code  0x0801ee68      0x4  startup_stm32f746xx.o [1]
  .text               ro code  0x0801ee6c      0x4  startup_stm32f746xx.o [1]
  .text               ro code  0x0801ee70      0x4  startup_stm32f746xx.o [1]
  .text               ro code  0x0801ee74      0x4  startup_stm32f746xx.o [1]
  .text               ro code  0x0801ee78      0x4  startup_stm32f746xx.o [1]
  .text               ro code  0x0801ee7c      0x4  startup_stm32f746xx.o [1]
  .text               ro code  0x0801ee80      0x4  startup_stm32f746xx.o [1]
  .text               ro code  0x0801ee84      0x4  startup_stm32f746xx.o [1]
  .text               ro code  0x0801ee88      0x4  startup_stm32f746xx.o [1]
  .text               ro code  0x0801ee8c      0x4  startup_stm32f746xx.o [1]
  .text               ro code  0x0801ee90      0x4  startup_stm32f746xx.o [1]
  .text               ro code  0x0801ee94      0x4  startup_stm32f746xx.o [1]
  .text               ro code  0x0801ee98      0x4  startup_stm32f746xx.o [1]
  .text               ro code  0x0801ee9c      0x4  startup_stm32f746xx.o [1]
  .text               ro code  0x0801eea0      0x4  startup_stm32f746xx.o [1]
  .rodata             const    0x0801eea4      0x0  zero_init3.o [7]
  .rodata             const    0x0801eea4      0x0  lz77_init.o [7]
  Initializer bytes   const    0x0801eea4    0x353  <for P3 s0>
                             - 0x0801f1f7  0x1f02f

"P3", part 1 of 3:                          0x1785
  P3 s0                        0x20010000   0x1785  <Init block>
    .data             inited   0x20010000   0x1280  main.o [1]
    .data             inited   0x20011280    0x304  pdm_filter.o [5]
    .data             inited   0x20011584     0xa4  audio_codec.o [1]
    .data             inited   0x20011628     0x9c  sta321mp.o [1]
    .data             inited   0x200116c4     0x38  usbd_audio_in.o [1]
    .data             inited   0x200116fc     0x24  usbd_audio_if.o [1]
    .data             inited   0x20011720     0x1c  usbd_desc.o [1]
    .data             inited   0x2001173c     0x14  system_stm32f7xx.o [1]
    .data             inited   0x20011750     0x14  usbd_desc.o [1]
    .data             inited   0x20011764      0xc  usbd_audio_in.o [1]
    .data             inited   0x20011770      0x8  XShttio.o [3]
    .data             inited   0x20011778      0x4  main.o [1]
    .data             inited   0x2001177c      0x4  usbd_desc.o [1]
    __DLIB_PERTHREAD  inited   0x20011780      0x4  errno.o [3]
    .data             inited   0x20011784      0x1  waveplayer _CS43L22.o [1]
                             - 0x20011785   0x1785

"P3", part 2 of 3:                         0x1fde0
  .bss                zero     0x20011788   0xc000  waverecorder.o [1]
  .bss                zero     0x2001d788   0x4000  audio_application.o [1]
  .bss                zero     0x20021788   0x4000  audio_application.o [1]
  .bss                zero     0x20025788   0x3014  main.o [1]
  .bss                zero     0x2002879c   0x2000  waverecorder.o [1]
  .bss                zero     0x2002a79c   0x2000  waverecorder.o [1]
  .bss                zero     0x2002c79c   0x2000  waverecorder.o [1]
  .bss                zero     0x2002e79c   0x2000  waverecorder.o [1]
  .bss                zero     0x2003079c    0x3c0  usbd_conf_f4.o [1]
  .bss                zero     0x20030b5c    0x260  usbd_audio_in.o [1]
  .bss                zero     0x20030dbc    0x244  waverecorder.o [1]
  .bss                zero     0x20031000    0x1d8  dlmalloc.o [3]
  .bss                zero     0x200311d8     0xc8  usbd_desc.o [1]
  .bss                zero     0x200312a0     0xb0  waverecorder.o [1]
  .bss                zero     0x20031350     0x96  waverecorder.o [1]
  .bss                zero     0x200313e6      0x2  main.o [1]
  .bss                zero     0x200313e8     0x70  main.o [1]
  .bss                zero     0x20031458     0x64  main.o [1]
  .bss                zero     0x200314bc     0x40  waveplayer _CS43L22.o [1]
  .bss                zero     0x200314fc     0x3c  audio_codec.o [1]
  .bss                zero     0x20031538     0x18  dlmalloc.o [3]
  .bss                zero     0x20031550      0x4  DSP.o [1]
  .bss                zero     0x20031554      0x4  stm32f7xx_hal.o [1]
  .bss                zero     0x20031558      0x4  stm32f7xx_it.o [1]
  .bss                zero     0x2003155c      0x4  xgetmemchunk.o [3]
  .bss                zero     0x20031560      0x2  waverecorder.o [1]
  .bss                zero     0x20031562      0x2  waverecorder.o [1]
  .bss                zero     0x20031564      0x1  audio_application.o [1]
  .bss                zero     0x20031565      0x1  usbd_ctlreq.o [1]
  .bss                zero     0x20031566      0x1  waverecorder.o [1]
  .bss                zero     0x20031567      0x1  waverecorder.o [1]
                             - 0x20031568  0x1fde0

"P3", part 3 of 3:                          0x4000
  CSTACK                       0x20031568   0x2000  <Block>
    CSTACK            uninit   0x20031568   0x2000  <Block tail>
  HEAP                         0x20033568   0x2000  <Block>
    HEAP              uninit   0x20033568   0x2000  <Block tail>
                             - 0x20035568   0x4000


*******************************************************************************
*** INIT TABLE
***

          Address     Size
          -------     ----
Zero (__iar_zero_init3)
    1 destination range, total size 0x1fde0:
          0x20011788  0x1fde0

Copy/lz77 (__iar_lz77_init3)
    1 source range, total size 0x353 (14% of destination):
          0x0801eea4    0x353
    1 destination range, total size 0x1785:
          0x20010000   0x1785



*******************************************************************************
*** MODULE SUMMARY
***

    Module                    ro code  ro data  rw data
    ------                    -------  -------  -------
D:\sop1hc\Github\data\Mic_Array_V00\USB_STREAMING\Mic_Array\Projects\STM32746G\Applications\Audio\Mic_Array\EWARM\STM32F7\Obj: [1]
    DSP.o                       2 276                 4
    audio_application.o           528            32 769
    audio_codec.o               2 584       23      224
    main.o                      1 692      669   17 262
    sta321mp.o                  2 724       22      156
    startup_stm32f746xx.o         780
    stm32746g_discovery.o         204
    stm32f7xx_hal.o               128                 4
    stm32f7xx_hal_cortex.o        208
    stm32f7xx_hal_dma.o           788
    stm32f7xx_hal_gpio.o          556
    stm32f7xx_hal_i2c.o         2 584
    stm32f7xx_hal_i2c_ex.o        118
    stm32f7xx_hal_i2s.o           272
    stm32f7xx_hal_pcd.o         2 114
    stm32f7xx_hal_pcd_ex.o        114
    stm32f7xx_hal_pwr_ex.o        120
    stm32f7xx_hal_rcc.o         1 496
    stm32f7xx_hal_rcc_ex.o      1 636
    stm32f7xx_hal_spi.o         2 004
    stm32f7xx_hal_uart.o          574
    stm32f7xx_it.o                104                 4
    stm32f7xx_ll_usb.o          2 344
    system_stm32f7xx.o             76        3       20
    usbd_audio_if.o               224        5       36
    usbd_audio_in.o             2 124       10      676
    usbd_conf_f4.o                578               960
    usbd_core.o                   678
    usbd_ctlreq.o               1 108                 1
    usbd_desc.o                   240        8      252
    usbd_ioreq.o                  156
    waveplayer _CS43L22.o         100        1       65
    waverecorder.o              3 344            82 832
    ---------------------------------------------------
    Total:                     34 576      741  135 265

command line: [2]
    ---------------------------------------------------
    Total:

dl7M_tlf.a: [3]
    XShttio.o                       8        1        8
    abort.o                         6
    dlmalloc.o                  5 360               496
    errno.o                        12                 4
    exit.o                          4
    low_level_init.o                4
    xgetmemchunk.o                 44                 4
    xtls.o                          2
    ---------------------------------------------------
    Total:                      5 440        1      512

iar_cortexM7ls_math.a: [4]
    arm_bitreversal2.o            192
    arm_common_tables.o                 78 936
    arm_rfft_fast_init_f32.o      324
    ---------------------------------------------------
    Total:                        516   78 936

libPDMFilter_CM7_IAR.a: [5]
    pdm_filter.o                1 360      109      772
    ---------------------------------------------------
    Total:                      1 360      109      772

m7M_tls.a: [6]
    DblAdd.o                      232
    DblCmpEq.o                     32
    DblCmpGe.o                     46
    DblCmpLe.o                     46
    DblDiv.o                      598
    DblMul.o                      418
    DblSub.o                      384
    DblToFlt.o                    144
    DblToI32.o                     76
    FltCmpEq.o                     28
    FltCmpLe.o                     36
    FltMul.o                       18
    FltToDbl.o                     78
    I32ToDbl.o                     48
    U32ToFlt.o                     14
    fmod.o                        424
    fpinit_M.o                     34
    sqrt.o                        240
    xdint.o                       122
    xquad.o                       360
    xsin.o                      1 122
    ---------------------------------------------------
    Total:                      4 500

rt7M_tl.a: [7]
    ABImemclr.o                     6
    ABImemcpy_unaligned.o         118
    ABImemset.o                    94
    I64DivMod.o                   306
    I64DivZer.o                     2
    cexit.o                        10
    cmain.o                        26
    cstartup_M.o                   12
    data_init.o                    40
    iarEdom.o                      12
    lz77_init.o                   452
    zero_init3.o                   64
    ---------------------------------------------------
    Total:                      1 142

shb_l.a: [8]
    exit.o                         20
    iarttio.o                      48
    ---------------------------------------------------
    Total:                         68

    Gaps                           44        2
    Linker created                          44   16 384
-------------------------------------------------------
    Grand Total:               47 646   79 833  152 933


*******************************************************************************
*** ENTRY LIST
***

Entry                      Address    Size  Type      Object
-----                      -------    ----  ----      ------
.iar.init_table$$Base   0x0801ecf8           --   Gb  - Linker created -
.iar.init_table$$Limit  0x0801ed24           --   Gb  - Linker created -
?main                   0x0801ed25          Code  Gb  cmain.o [7]
AHBPrescTable           0x20011740    0x10  Data  Gb  system_stm32f7xx.o [1]
APBAHBPrescTable        0x08019e2c    0x10  Data  Gb  stm32f7xx_hal_rcc.o [1]
AUDIO_Desc              0x20011720    0x1c  Data  Gb  usbd_desc.o [1]
AUDIO_Init              0x08017a5d    0x2c  Code  Gb  audio_codec.o [1]
AUDIO_InitApplication   0x080197e1     0xc  Code  Gb  waveplayer _CS43L22.o [1]
AudioPlayerUpd          0x0801c789   0x1dc  Code  Gb  audio_application.o [1]
AudioRemSize            0x20011620     0x4  Data  Gb  audio_codec.o [1]
AudioTotalSize          0x2001161c     0x4  Data  Gb  audio_codec.o [1]
AudioUSBSend            0x0801c771    0x18  Code  Gb  audio_application.o [1]
Audio_CommandMgr        0x0801d32b     0x4  Code  Lc  usbd_audio_if.o [1]
Audio_DeInit            0x0801d2e5     0x4  Code  Lc  usbd_audio_if.o [1]
Audio_Init              0x0801d2e1     0x4  Code  Lc  usbd_audio_if.o [1]
Audio_MAL_Play          0x080180d1    0x54  Code  Gb  audio_codec.o [1]
Audio_MuteCtl           0x0801d31b     0x4  Code  Lc  usbd_audio_if.o [1]
Audio_Pause             0x0801d323     0x4  Code  Lc  usbd_audio_if.o [1]
Audio_Record            0x0801d2e9     0x4  Code  Lc  usbd_audio_if.o [1]
Audio_Resume            0x0801d327     0x4  Code  Lc  usbd_audio_if.o [1]
Audio_Stop              0x0801d31f     0x4  Code  Lc  usbd_audio_if.o [1]
Audio_VolumeCtl         0x0801d2ed    0x2e  Code  Lc  usbd_audio_if.o [1]
BSP_LED_Init            0x0801a6e5    0x8c  Code  Gb  stm32746g_discovery.o [1]
BSP_LED_Toggle          0x0801a771    0x2e  Code  Gb  stm32746g_discovery.o [1]
Buffer1                 0x20011788  0x4000  Data  Gb  waverecorder.o [1]
Buffer2                 0x20015788  0x4000  Data  Gb  waverecorder.o [1]
Buffer3                 0x20019788  0x4000  Data  Gb  waverecorder.o [1]
BusFault_Handler        0x0801ebbf     0x2  Code  Gb  stm32f7xx_it.o [1]
ButtonInit              0x08018c1b    0x4c  Code  Gb  main.o [1]
CSTACK$$Base            0x20031568           --   Gb  - Linker created -
CSTACK$$Limit           0x20033568           --   Gb  - Linker created -
Codec_Init              0x08017c69   0x468  Code  Lc  audio_codec.o [1]
Codec_TIMEOUT_UserCallback
                        0x08019789     0x4  Code  Gb  waveplayer _CS43L22.o [1]
Command_index           0x2001177b     0x1  Data  Gb  main.o [1]
CurrentPos              0x20011624     0x4  Data  Gb  audio_codec.o [1]
DMA1_Stream0_IRQHandler
                        0x08017c5d     0x2  Code  Gb  audio_codec.o [1]
DMA1_Stream7_IRQHandler
                        0x08017a89   0x1d4  Code  Gb  audio_codec.o [1]
DMA2_Stream4_IRQHandler
                        0x0801ec1d     0x2  Code  Gb  stm32f7xx_it.o [1]
DMA2_Stream5_IRQHandler
                        0x08015635     0x6  Code  Gb  waverecorder.o [1]
DMA2_Stream6_IRQHandler
                        0x08015641     0x6  Code  Gb  waverecorder.o [1]
DMA2_Stream7_IRQHandler
                        0x0801ec1f     0x2  Code  Gb  stm32f7xx_it.o [1]
DebugMon_Handler        0x0801ebc5     0x2  Code  Gb  stm32f7xx_it.o [1]
DmaHandle               0x20011584    0x58  Data  Gb  audio_codec.o [1]
EXTI15_10_IRQHandler    0x08018b51     0x2  Code  Gb  main.o [1]
EXTI4_IRQHandler        0x08018b27    0x2a  Code  Gb  main.o [1]
EXTI9_5_IRQHandler      0x08018b53    0x4e  Code  Gb  main.o [1]
EnergyError             0x20031550     0x4  Data  Gb  DSP.o [1]
EnergyNoiseCalc         0x0801bf39    0x30  Code  Gb  DSP.o [1]
FacMic                  0x20010014    0x18  Data  Gb  main.o [1]
FactorUpd               0x0801bf21    0x16  Code  Gb  DSP.o [1]
Filter                  0x20030e84    0x68  Data  Gb  waverecorder.o [1]
GPIO_INS                0x20010000    0x14  Data  Gb  main.o [1]
GPIO_PIN                0x0801a7a8     0x8  Data  Gb  stm32746g_discovery.o [1]
GPIO_STA                0x20011638    0x14  Data  Gb  sta321mp.o [1]
HAL_DMA_DeInit          0x08016a5f    0x6e  Code  Gb  stm32f7xx_hal_dma.o [1]
HAL_DMA_IRQHandler      0x08016b39   0x198  Code  Gb  stm32f7xx_hal_dma.o [1]
HAL_DMA_Init            0x080169d1    0x8e  Code  Gb  stm32f7xx_hal_dma.o [1]
HAL_DMA_Start_IT        0x08016acd    0x6c  Code  Gb  stm32f7xx_hal_dma.o [1]
HAL_Delay               0x080184d1    0x1c  Code  Wk  stm32f7xx_hal.o [1]
HAL_GPIO_Init           0x080158a1   0x1d8  Code  Gb  stm32f7xx_hal_gpio.o [1]
HAL_GPIO_ReadPin        0x08015a79     0xe  Code  Gb  stm32f7xx_hal_gpio.o [1]
HAL_GPIO_TogglePin      0x08015a8f     0x8  Code  Gb  stm32f7xx_hal_gpio.o [1]
HAL_GPIO_WritePin       0x08015a87     0x8  Code  Gb  stm32f7xx_hal_gpio.o [1]
HAL_GetTick             0x080184c9     0x6  Code  Wk  stm32f7xx_hal.o [1]
HAL_I2CEx_ConfigAnalogFilter
                        0x080197ed    0x76  Code  Gb  stm32f7xx_hal_i2c_ex.o [1]
HAL_I2C_EV_IRQHandler   0x080191d1    0xfe  Code  Gb  stm32f7xx_hal_i2c.o [1]
HAL_I2C_ErrorCallback   0x080192db     0x2  Code  Wk  stm32f7xx_hal_i2c.o [1]
HAL_I2C_GetError        0x080192dd     0x4  Code  Gb  stm32f7xx_hal_i2c.o [1]
HAL_I2C_Init            0x08018d71    0xa2  Code  Gb  stm32f7xx_hal_i2c.o [1]
HAL_I2C_MasterRxCpltCallback
                        0x080192d1     0x2  Code  Wk  stm32f7xx_hal_i2c.o [1]
HAL_I2C_MasterTxCpltCallback
                        0x080192cf     0x2  Code  Wk  stm32f7xx_hal_i2c.o [1]
HAL_I2C_Master_Receive  0x08018fe9   0x1dc  Code  Gb  stm32f7xx_hal_i2c.o [1]
HAL_I2C_Master_Transmit
                        0x08018e15   0x1d2  Code  Gb  stm32f7xx_hal_i2c.o [1]
HAL_I2C_MemRxCpltCallback
                        0x080192d9     0x2  Code  Wk  stm32f7xx_hal_i2c.o [1]
HAL_I2C_MemTxCpltCallback
                        0x080192d7     0x2  Code  Wk  stm32f7xx_hal_i2c.o [1]
HAL_I2C_MspInit         0x08018a5f    0xc8  Code  Gb  main.o [1]
HAL_I2C_SlaveRxCpltCallback
                        0x080192d5     0x2  Code  Wk  stm32f7xx_hal_i2c.o [1]
HAL_I2C_SlaveTxCpltCallback
                        0x080192d3     0x2  Code  Wk  stm32f7xx_hal_i2c.o [1]
HAL_I2S_Init            0x0801601d    0xfc  Code  Gb  stm32f7xx_hal_i2s.o [1]
HAL_I2S_MspInit         0x08018135   0x296  Code  Gb  audio_codec.o [1]
HAL_I2S_TxCpltCallback  0x08018c93    0x66  Code  Gb  main.o [1]
HAL_IncTick             0x080184bf     0xa  Code  Wk  stm32f7xx_hal.o [1]
HAL_Init                0x08018475    0x24  Code  Gb  stm32f7xx_hal.o [1]
HAL_InitTick            0x0801849b    0x24  Code  Wk  stm32f7xx_hal.o [1]
HAL_MspInit             0x08018499     0x2  Code  Wk  stm32f7xx_hal.o [1]
HAL_NVIC_DisableIRQ     0x0801697f    0x12  Code  Gb  stm32f7xx_hal_cortex.o [1]
HAL_NVIC_EnableIRQ      0x0801696d    0x12  Code  Gb  stm32f7xx_hal_cortex.o [1]
HAL_NVIC_SetPriority    0x0801691b    0x52  Code  Gb  stm32f7xx_hal_cortex.o [1]
HAL_NVIC_SetPriorityGrouping
                        0x08016901    0x1a  Code  Gb  stm32f7xx_hal_cortex.o [1]
HAL_PCDEx_ActivateLPM   0x0801dc4f    0x26  Code  Gb  stm32f7xx_hal_pcd_ex.o [1]
HAL_PCDEx_LPM_Callback  0x0801dc75     0x2  Code  Wk  stm32f7xx_hal_pcd_ex.o [1]
HAL_PCDEx_SetRxFiFo     0x0801dc47     0x8  Code  Gb  stm32f7xx_hal_pcd_ex.o [1]
HAL_PCDEx_SetTxFiFo     0x0801dc05    0x42  Code  Gb  stm32f7xx_hal_pcd_ex.o [1]
HAL_PCD_ConnectCallback
                        0x0801caf7     0x8  Code  Gb  usbd_conf_f4.o [1]
HAL_PCD_DataInStageCallback
                        0x0801ca9d    0x12  Code  Gb  usbd_conf_f4.o [1]
HAL_PCD_DataOutStageCallback
                        0x0801ca89    0x14  Code  Gb  usbd_conf_f4.o [1]
HAL_PCD_DisconnectCallback
                        0x0801caff     0x8  Code  Gb  usbd_conf_f4.o [1]
HAL_PCD_EP_Close        0x0801d96b    0x46  Code  Gb  stm32f7xx_hal_pcd.o [1]
HAL_PCD_EP_ClrStall     0x0801dad7    0x54  Code  Gb  stm32f7xx_hal_pcd.o [1]
HAL_PCD_EP_Flush        0x0801db2b    0x38  Code  Gb  stm32f7xx_hal_pcd.o [1]
HAL_PCD_EP_Open         0x0801d90d    0x5e  Code  Gb  stm32f7xx_hal_pcd.o [1]
HAL_PCD_EP_Receive      0x0801d9b1    0x60  Code  Gb  stm32f7xx_hal_pcd.o [1]
HAL_PCD_EP_SetStall     0x0801da71    0x66  Code  Gb  stm32f7xx_hal_pcd.o [1]
HAL_PCD_EP_Transmit     0x0801da11    0x60  Code  Gb  stm32f7xx_hal_pcd.o [1]
HAL_PCD_IRQHandler      0x0801d4a9   0x440  Code  Gb  stm32f7xx_hal_pcd.o [1]
HAL_PCD_ISOINIncompleteCallback
                        0x0801caef     0x8  Code  Gb  usbd_conf_f4.o [1]
HAL_PCD_ISOOUTIncompleteCallback
                        0x0801cae7     0x8  Code  Gb  usbd_conf_f4.o [1]
HAL_PCD_Init            0x0801d3c1    0xbe  Code  Gb  stm32f7xx_hal_pcd.o [1]
HAL_PCD_MspInit         0x0801c9f9    0x84  Code  Gb  usbd_conf_f4.o [1]
HAL_PCD_ResetCallback   0x0801cab7    0x20  Code  Gb  usbd_conf_f4.o [1]
HAL_PCD_ResumeCallback  0x0801cadf     0x8  Code  Gb  usbd_conf_f4.o [1]
HAL_PCD_SOFCallback     0x0801caaf     0x8  Code  Gb  usbd_conf_f4.o [1]
HAL_PCD_SetAddress      0x0801d8e9    0x24  Code  Gb  stm32f7xx_hal_pcd.o [1]
HAL_PCD_SetupStageCallback
                        0x0801ca7d     0xc  Code  Gb  usbd_conf_f4.o [1]
HAL_PCD_Start           0x0801d47f    0x2a  Code  Gb  stm32f7xx_hal_pcd.o [1]
HAL_PCD_SuspendCallback
                        0x0801cad7     0x8  Code  Gb  usbd_conf_f4.o [1]
HAL_PWREx_EnableOverDrive
                        0x0801c981    0x70  Code  Gb  stm32f7xx_hal_pwr_ex.o [1]
HAL_RCCEx_GetPeriphCLKConfig
                        0x0801a585   0x14c  Code  Gb  stm32f7xx_hal_rcc_ex.o [1]
HAL_RCCEx_PeriphCLKConfig
                        0x0801a081   0x504  Code  Gb  stm32f7xx_hal_rcc_ex.o [1]
HAL_RCC_ClockConfig     0x08019bcb   0x1e0  Code  Gb  stm32f7xx_hal_rcc.o [1]
HAL_RCC_GetHCLKFreq     0x08019def    0x22  Code  Gb  stm32f7xx_hal_rcc.o [1]
HAL_RCC_GetSysClockFreq
                        0x08019dab    0x44  Code  Gb  stm32f7xx_hal_rcc.o [1]
HAL_RCC_OscConfig       0x08019865   0x366  Code  Gb  stm32f7xx_hal_rcc.o [1]
HAL_SPI_ErrorCallback   0x08016483     0x2  Code  Wk  stm32f7xx_hal_spi.o [1]
HAL_SPI_Init            0x0801612d    0xba  Code  Gb  stm32f7xx_hal_spi.o [1]
HAL_SPI_MspInit         0x080151a9   0x474  Code  Gb  waverecorder.o [1]
HAL_SPI_Receive_DMA     0x080161e7   0x108  Code  Gb  stm32f7xx_hal_spi.o [1]
HAL_SPI_RxCpltCallback  0x08015647    0x64  Code  Gb  waverecorder.o [1]
HAL_SPI_RxHalfCpltCallback
                        0x0801647f     0x2  Code  Wk  stm32f7xx_hal_spi.o [1]
HAL_SPI_TransmitReceive_DMA
                        0x080162ef   0x18e  Code  Gb  stm32f7xx_hal_spi.o [1]
HAL_SPI_TxRxCpltCallback
                        0x0801647d     0x2  Code  Wk  stm32f7xx_hal_spi.o [1]
HAL_SPI_TxRxHalfCpltCallback
                        0x08016481     0x2  Code  Wk  stm32f7xx_hal_spi.o [1]
HAL_SYSTICK_Config      0x08016991    0x22  Code  Gb  stm32f7xx_hal_cortex.o [1]
HAL_UART_ErrorCallback  0x0801e7ad     0x2  Code  Wk  stm32f7xx_hal_uart.o [1]
HAL_UART_IRQHandler     0x0801e605   0x1a4  Code  Gb  stm32f7xx_hal_uart.o [1]
HAL_UART_RxCpltCallback
                        0x0801e7ab     0x2  Code  Wk  stm32f7xx_hal_uart.o [1]
HAL_UART_TxCpltCallback
                        0x0801e7a9     0x2  Code  Wk  stm32f7xx_hal_uart.o [1]
HEAP$$Base              0x20033568           --   Gb  - Linker created -
HEAP$$Limit             0x20035568           --   Gb  - Linker created -
HardFault_Handler       0x0801ebbb     0x2  Code  Gb  stm32f7xx_it.o [1]
I2C1_EV_IRQHandler      0x0801ebf1     0x6  Code  Gb  stm32f7xx_it.o [1]
I2C2_EV_IRQHandler      0x0801ebf7     0x6  Code  Gb  stm32f7xx_it.o [1]
I2C_IsAcknowledgeFailed
                        0x0801970d    0x76  Code  Lc  stm32f7xx_hal_i2c.o [1]
I2C_MasterReceive_ISR   0x08019441   0x154  Code  Lc  stm32f7xx_hal_i2c.o [1]
I2C_MasterTransmit_ISR  0x080192e1   0x160  Code  Lc  stm32f7xx_hal_i2c.o [1]
I2C_SlaveReceive_ISR    0x08019655    0xac  Code  Lc  stm32f7xx_hal_i2c.o [1]
I2C_SlaveTransmit_ISR   0x08019595    0xc0  Code  Lc  stm32f7xx_hal_i2c.o [1]
I2S2_idxTmp             0x20010034     0x2  Data  Gb  main.o [1]
I2S2_stLR               0x200313d2     0x1  Data  Gb  waverecorder.o [1]
I2S2_stLROld            0x200313d3     0x1  Data  Gb  waverecorder.o [1]
I2S3_Init               0x0801978d    0x46  Code  Gb  waveplayer _CS43L22.o [1]
InStream_Read           0x0801e843    0x22  Code  Lc  lz77_init.o [7]
IsocInBuffDummy         0x20030c3c   0x180  Data  Lc  usbd_audio_in.o [1]
MIC1TO8_Init            0x08014fbf    0x82  Code  Gb  waverecorder.o [1]
MX_I2C1_Init            0x080183cb    0x36  Code  Gb  audio_codec.o [1]
MX_I2C2_Init            0x08018c67    0x2c  Code  Gb  main.o [1]
MemManage_Handler       0x0801ebbd     0x2  Code  Gb  stm32f7xx_it.o [1]
NMI_Handler             0x0801ebb9     0x2  Code  Gb  stm32f7xx_it.o [1]
NoiseBG                 0x0801bf70   0x800  Data  Gb  DSP.o [1]
OTG_FS_IRQHandler       0x0801ebfd     0x6  Code  Gb  stm32f7xx_it.o [1]
OutStream_Write         0x0801e865    0x40  Code  Lc  lz77_init.o [7]
OutputDev               0x20011618     0x1  Data  Gb  audio_codec.o [1]
PCD_WriteEmptyTxFifo    0x0801db63    0xa0  Code  Lc  stm32f7xx_hal_pcd.o [1]
PCM_Buffer1             0x2001d788  0x4000  Data  Gb  audio_application.o [1]
PCM_Buffer2             0x20021788  0x4000  Data  Gb  audio_application.o [1]
PDM2PCMSDO78            0x080156cd   0x16e  Code  Gb  waverecorder.o [1]
PDM_Filter_64_LSB       0x08015ccd   0x31e  Code  Gb  pdm_filter.o [5]
PDM_Filter_Init         0x08015acd   0x1fe  Code  Gb  pdm_filter.o [5]
PendSV_Handler          0x0801ebc7     0x2  Code  Gb  stm32f7xx_it.o [1]
Region$$Table$$Base     0x0801ecf8           --   Gb  - Linker created -
Region$$Table$$Limit    0x0801ed24           --   Gb  - Linker created -
S                       0x20011268    0x18  Data  Gb  main.o [1]
SPI1_IRQHandler         0x08014b91   0x110  Code  Gb  waverecorder.o [1]
SPI2_IRQHandler         0x08014ca1    0xf2  Code  Gb  waverecorder.o [1]
SPI3_IRQHandler         0x08017c5f     0xa  Code  Gb  audio_codec.o [1]
SPI4_IRQHandler         0x08014d93   0x12a  Code  Gb  waverecorder.o [1]
SPI4_Init               0x08015071    0x56  Code  Gb  waverecorder.o [1]
SPI4_stNipple           0x200313e4     0x2  Data  Gb  waverecorder.o [1]
SPI4_stPosShft          0x200313d1     0x1  Data  Gb  waverecorder.o [1]
SPI5_IRQHandler         0x08014ebd    0x84  Code  Gb  waverecorder.o [1]
SPI5_Init               0x080150c9    0x8e  Code  Gb  waverecorder.o [1]
SPI6_IRQHandler         0x08014f41    0x7e  Code  Gb  waverecorder.o [1]
SPI6_Init               0x08015157    0x4c  Code  Gb  waverecorder.o [1]
SPI_DMAError            0x080168d9    0x26  Code  Lc  stm32f7xx_hal_spi.o [1]
SPI_DMAHalfReceiveCplt  0x080168b9     0xe  Code  Lc  stm32f7xx_hal_spi.o [1]
SPI_DMAHalfTransmitReceiveCplt
                        0x080168c9     0xe  Code  Lc  stm32f7xx_hal_spi.o [1]
SPI_DMAReceiveCplt      0x08016485   0x220  Code  Lc  stm32f7xx_hal_spi.o [1]
SPI_DMATransmitReceiveCplt
                        0x080166a5   0x214  Code  Lc  stm32f7xx_hal_spi.o [1]
STA321MP_Ini            0x0801b3e9   0x54e  Code  Gb  sta321mp.o [1]
STACoefSet              0x0801b995   0x2e4  Code  Gb  sta321mp.o [1]
SVC_Handler             0x0801ebc3     0x2  Code  Gb  stm32f7xx_it.o [1]
Send_Audio_to_USB       0x0801d32f     0xa  Code  Gb  usbd_audio_if.o [1]
StartRecMic7_8          0x08015041    0x30  Code  Gb  waverecorder.o [1]
SumDelay                0x08018ba1    0x7a  Code  Gb  main.o [1]
SysTick_Handler         0x0801ebc9    0x20  Code  Gb  stm32f7xx_it.o [1]
SystemClock_Config      0x080189bf    0xa0  Code  Lc  main.o [1]
SystemCoreClock         0x2001173c     0x4  Data  Gb  system_stm32f7xx.o [1]
SystemInit              0x0801ec21    0x3c  Code  Gb  system_stm32f7xx.o [1]
T0                      0x20011284   0x100  Data  Gb  pdm_filter.o [5]
T1                      0x20011384   0x100  Data  Gb  pdm_filter.o [5]
T2                      0x20011484   0x100  Data  Gb  pdm_filter.o [5]
TestSDO7                0x2002879c  0x2000  Data  Gb  waverecorder.o [1]
TestSDO7_1              0x2002c79c  0x2000  Data  Gb  waverecorder.o [1]
TestSDO8                0x2002a79c  0x2000  Data  Gb  waverecorder.o [1]
TestSDO8_1              0x2002e79c  0x2000  Data  Gb  waverecorder.o [1]
UART_Receive_IT         0x0801e7af    0x94  Code  Lc  stm32f7xx_hal_uart.o [1]
USART3_IRQHandler       0x0801ebeb     0x6  Code  Gb  stm32f7xx_it.o [1]
USART6_IRQHandler       0x0801ebe9     0x2  Code  Gb  stm32f7xx_it.o [1]
USBD_AUDIO              0x200116c4    0x38  Data  Gb  usbd_audio_in.o [1]
USBD_AUDIO_CfgDesc      0x20030bc0    0x78  Data  Lc  usbd_audio_in.o [1]
USBD_AUDIO_ConfigStrDescriptor
                        0x0801ea5d    0x14  Code  Gb  usbd_desc.o [1]
USBD_AUDIO_DataIn       0x0801aa7b    0xc6  Code  Lc  usbd_audio_in.o [1]
USBD_AUDIO_DataOut      0x0801ab89     0x4  Code  Lc  usbd_audio_in.o [1]
USBD_AUDIO_Data_Transfer
                        0x0801ab97    0xe0  Code  Gb  usbd_audio_in.o [1]
USBD_AUDIO_DeInit       0x0801a95d    0x26  Code  Lc  usbd_audio_in.o [1]
USBD_AUDIO_DeviceDescriptor
                        0x0801ea09     0x8  Code  Gb  usbd_desc.o [1]
USBD_AUDIO_DeviceQualifierDesc
                        0x20011764     0xc  Data  Lc  usbd_audio_in.o [1]
USBD_AUDIO_EP0_RxReady  0x0801ab41    0x38  Code  Lc  usbd_audio_in.o [1]
USBD_AUDIO_EP0_TxReady  0x0801ab79     0x4  Code  Lc  usbd_audio_in.o [1]
USBD_AUDIO_GetCfgDesc   0x0801aa71     0xa  Code  Lc  usbd_audio_in.o [1]
USBD_AUDIO_GetDeviceQualifierDesc
                        0x0801ab8d     0xa  Code  Lc  usbd_audio_in.o [1]
USBD_AUDIO_Init         0x0801a8f5    0x68  Code  Lc  usbd_audio_in.o [1]
USBD_AUDIO_Init_Microphone_Descriptor
                        0x0801ac81   0x4a8  Code  Gb  usbd_audio_in.o [1]
USBD_AUDIO_InterfaceStrDescriptor
                        0x0801ea71    0x14  Code  Gb  usbd_desc.o [1]
USBD_AUDIO_IsoINIncomplete
                        0x0801ab81     0x4  Code  Lc  usbd_audio_in.o [1]
USBD_AUDIO_IsoOutIncomplete
                        0x0801ab85     0x4  Code  Lc  usbd_audio_in.o [1]
USBD_AUDIO_LangIDStrDescriptor
                        0x0801ea11     0x8  Code  Gb  usbd_desc.o [1]
USBD_AUDIO_ManufacturerStrDescriptor
                        0x0801ea2d    0x14  Code  Gb  usbd_desc.o [1]
USBD_AUDIO_ProductStrDescriptor
                        0x0801ea19    0x14  Code  Gb  usbd_desc.o [1]
USBD_AUDIO_RegisterInterface
                        0x0801ac77     0xa  Code  Gb  usbd_audio_in.o [1]
USBD_AUDIO_SOF          0x0801ab7d     0x4  Code  Lc  usbd_audio_in.o [1]
USBD_AUDIO_SerialStrDescriptor
                        0x0801ea41    0x1c  Code  Gb  usbd_desc.o [1]
USBD_AUDIO_Setup        0x0801a983    0xee  Code  Lc  usbd_audio_in.o [1]
USBD_AUDIO_fops         0x200116fc    0x24  Data  Gb  usbd_audio_if.o [1]
USBD_ClrClassConfig     0x0801b1a5    0x12  Code  Gb  usbd_core.o [1]
USBD_CtlContinueRx      0x0801cc8f    0x14  Code  Gb  usbd_ioreq.o [1]
USBD_CtlContinueSendData
                        0x0801cc59    0x14  Code  Gb  usbd_ioreq.o [1]
USBD_CtlError           0x0801d0c9    0x16  Code  Gb  usbd_ctlreq.o [1]
USBD_CtlPrepareRx       0x0801cc6d    0x22  Code  Gb  usbd_ioreq.o [1]
USBD_CtlReceiveStatus   0x0801ccbd    0x1a  Code  Gb  usbd_ioreq.o [1]
USBD_CtlSendData        0x0801cc3b    0x1e  Code  Gb  usbd_ioreq.o [1]
USBD_CtlSendStatus      0x0801cca3    0x1a  Code  Gb  usbd_ioreq.o [1]
USBD_GetDescriptor      0x0801cf91   0x110  Code  Lc  usbd_ctlreq.o [1]
USBD_GetString          0x0801d0e1    0x4c  Code  Gb  usbd_ctlreq.o [1]
USBD_Init               0x0801b141    0x30  Code  Gb  usbd_core.o [1]
USBD_LL_ClearStallEP    0x0801cbd5    0x12  Code  Gb  usbd_conf_f4.o [1]
USBD_LL_CloseEP         0x0801cb9f    0x12  Code  Gb  usbd_conf_f4.o [1]
USBD_LL_DataInStage     0x0801b289    0xb2  Code  Gb  usbd_core.o [1]
USBD_LL_DataOutStage    0x0801b21b    0x6e  Code  Gb  usbd_core.o [1]
USBD_LL_DevConnected    0x0801b3c7     0x4  Code  Gb  usbd_core.o [1]
USBD_LL_DevDisconnected
                        0x0801b3cb    0x1c  Code  Gb  usbd_core.o [1]
USBD_LL_FlushEP         0x0801cbb1    0x12  Code  Gb  usbd_conf_f4.o [1]
USBD_LL_Init            0x0801cb07    0x60  Code  Gb  usbd_conf_f4.o [1]
USBD_LL_IsStallEP       0x0801cbe7    0x1e  Code  Gb  usbd_conf_f4.o [1]
USBD_LL_IsoINIncomplete
                        0x0801b3bf     0x4  Code  Gb  usbd_core.o [1]
USBD_LL_IsoOUTIncomplete
                        0x0801b3c3     0x4  Code  Gb  usbd_core.o [1]
USBD_LL_OpenEP          0x0801cb8b    0x14  Code  Gb  usbd_conf_f4.o [1]
USBD_LL_PrepareReceive  0x0801cc29    0x12  Code  Gb  usbd_conf_f4.o [1]
USBD_LL_Reset           0x0801b33b    0x42  Code  Gb  usbd_core.o [1]
USBD_LL_Resume          0x0801b395     0xc  Code  Gb  usbd_core.o [1]
USBD_LL_SOF             0x0801b3a1    0x1e  Code  Gb  usbd_core.o [1]
USBD_LL_SetSpeed        0x0801b37d     0x6  Code  Gb  usbd_core.o [1]
USBD_LL_SetUSBAddress   0x0801cc05    0x12  Code  Gb  usbd_conf_f4.o [1]
USBD_LL_SetupStage      0x0801b1b7    0x64  Code  Gb  usbd_core.o [1]
USBD_LL_StallEP         0x0801cbc3    0x12  Code  Gb  usbd_conf_f4.o [1]
USBD_LL_Start           0x0801cb79    0x12  Code  Gb  usbd_conf_f4.o [1]
USBD_LL_Suspend         0x0801b383    0x12  Code  Gb  usbd_core.o [1]
USBD_LL_Transmit        0x0801cc17    0x12  Code  Gb  usbd_conf_f4.o [1]
USBD_LangIDDesc         0x2001177c     0x4  Data  Gb  usbd_desc.o [1]
USBD_ParseSetupRequest  0x0801d0a1    0x28  Code  Gb  usbd_ctlreq.o [1]
USBD_RegisterClass      0x0801b171    0x10  Code  Gb  usbd_core.o [1]
USBD_SetClassConfig     0x0801b18f    0x16  Code  Gb  usbd_core.o [1]
USBD_Start              0x0801b181     0xe  Code  Gb  usbd_core.o [1]
USBD_StdDevReq          0x0801ccd9   0x15e  Code  Gb  usbd_ctlreq.o [1]
USBD_StdEPReq           0x0801ce85   0x10c  Code  Gb  usbd_ctlreq.o [1]
USBD_StdItfReq          0x0801ce3d    0x46  Code  Gb  usbd_ctlreq.o [1]
USBD_StrDesc            0x200311d8    0xc8  Data  Gb  usbd_desc.o [1]
USB_ActivateEndpoint    0x0801df75    0x8c  Code  Gb  stm32f7xx_ll_usb.o [1]
USB_ActivateSetup       0x0801e58b    0x2e  Code  Gb  stm32f7xx_ll_usb.o [1]
USB_CoreInit            0x0801dcdd    0xa0  Code  Gb  stm32f7xx_ll_usb.o [1]
USB_DeactivateEndpoint  0x0801e001    0x68  Code  Gb  stm32f7xx_ll_usb.o [1]
USB_DevConnect          0x0801e4f3    0x1c  Code  Gb  stm32f7xx_ll_usb.o [1]
USB_DevDisconnect       0x0801e50f    0x1c  Code  Gb  stm32f7xx_ll_usb.o [1]
USB_DevInit             0x0801ddc5   0x144  Code  Gb  stm32f7xx_ll_usb.o [1]
USB_DisableGlobalInt    0x0801dd89     0xc  Code  Gb  stm32f7xx_ll_usb.o [1]
USB_EP0StartXfer        0x0801e291   0x146  Code  Gb  stm32f7xx_ll_usb.o [1]
USB_EP0_OutStart        0x0801e5b9    0x30  Code  Gb  stm32f7xx_ll_usb.o [1]
USB_EPClearStall        0x0801e47d    0x5a  Code  Gb  stm32f7xx_ll_usb.o [1]
USB_EPSetStall          0x0801e42b    0x52  Code  Gb  stm32f7xx_ll_usb.o [1]
USB_EPStartXfer         0x0801e069   0x228  Code  Gb  stm32f7xx_ll_usb.o [1]
USB_EnableGlobalInt     0x0801dd7d     0xc  Code  Gb  stm32f7xx_ll_usb.o [1]
USB_FlushRxFifo         0x0801df27    0x1a  Code  Gb  stm32f7xx_ll_usb.o [1]
USB_FlushTxFifo         0x0801df09    0x1e  Code  Gb  stm32f7xx_ll_usb.o [1]
USB_GetDevSpeed         0x0801df41    0x34  Code  Gb  stm32f7xx_ll_usb.o [1]
USB_GetMode             0x0801e583     0x8  Code  Gb  stm32f7xx_ll_usb.o [1]
USB_ReadDevAllInEpInterrupt
                        0x0801e541     0xe  Code  Gb  stm32f7xx_ll_usb.o [1]
USB_ReadDevAllOutEpInterrupt
                        0x0801e533     0xe  Code  Gb  stm32f7xx_ll_usb.o [1]
USB_ReadDevInEPInterrupt
                        0x0801e563    0x20  Code  Gb  stm32f7xx_ll_usb.o [1]
USB_ReadDevOutEPInterrupt
                        0x0801e54f    0x14  Code  Gb  stm32f7xx_ll_usb.o [1]
USB_ReadInterrupts      0x0801e52b     0x8  Code  Gb  stm32f7xx_ll_usb.o [1]
USB_ReadPacket          0x0801e40d    0x1e  Code  Gb  stm32f7xx_ll_usb.o [1]
USB_SetCurrentMode      0x0801dd95    0x2e  Code  Gb  stm32f7xx_ll_usb.o [1]
USB_SetDevAddress       0x0801e4d7    0x1c  Code  Gb  stm32f7xx_ll_usb.o [1]
USB_WritePacket         0x0801e3d9    0x34  Code  Gb  stm32f7xx_ll_usb.o [1]
UsageFault_Handler      0x0801ebc1     0x2  Code  Gb  stm32f7xx_it.o [1]
VOL_CUR                 0x20030c38     0x2  Data  Lc  usbd_audio_in.o [1]
Volume                  0x20011619     0x1  Data  Gb  audio_codec.o [1]
WaveRec_idxSens1        0x20010036     0x2  Data  Gb  main.o [1]
WaveRec_idxSens2        0x20010038     0x2  Data  Gb  main.o [1]
WaveRec_idxSens3        0x20010032     0x2  Data  Gb  main.o [1]
WaveRec_idxSens4        0x20010030     0x2  Data  Gb  main.o [1]
WaveRec_idxSens5        0x2001003a     0x2  Data  Gb  main.o [1]
WaveRec_idxSens6        0x2001003c     0x2  Data  Gb  main.o [1]
WaveRec_idxTest         0x200313d6     0x2  Data  Gb  waverecorder.o [1]
WaveRecord_flgIni       0x20031567     0x1  Data  Gb  waverecorder.o [1]
WaveRecord_flgInt       0x200313d0     0x1  Data  Gb  waverecorder.o [1]
WaveRecord_flgSDO7Finish
                        0x20030eee     0x1  Data  Gb  waverecorder.o [1]
WaveRecord_flgSDO8Finish
                        0x20030eef     0x1  Data  Gb  waverecorder.o [1]
Window                  0x0801be8d    0x72  Code  Gb  DSP.o [1]
WriteCoef               0x0801bc79   0x1fe  Code  Gb  sta321mp.o [1]
WriteSTAByte            0x0801b939    0x5a  Code  Gb  sta321mp.o [1]
__aeabi_cdcmpeq         0x08019eb9          Code  Gb  DblCmpEq.o [6]
__aeabi_cdcmple         0x080184f5          Code  Gb  DblCmpLe.o [6]
__aeabi_cdrcmple        0x08018525          Code  Gb  DblCmpGe.o [6]
__aeabi_cfcmpeq         0x08016ce5          Code  Gb  FltCmpEq.o [6]
__aeabi_cfcmple         0x08016d11          Code  Gb  FltCmpLe.o [6]
__aeabi_d2f             0x080172f9          Code  Gb  DblToFlt.o [6]
__aeabi_d2iz            0x08017109          Code  Gb  DblToI32.o [6]
__aeabi_dadd            0x08017021          Code  Gb  DblAdd.o [6]
__aeabi_ddiv            0x08016dc9          Code  Gb  DblDiv.o [6]
__aeabi_dmul            0x08017155          Code  Gb  DblMul.o [6]
__aeabi_dsub            0x080177ed          Code  Gb  DblSub.o [6]
__aeabi_errno_addr      0x08018555     0x6  Code  Gb  errno.o [3]
__aeabi_f2d             0x08016d49          Code  Gb  FltToDbl.o [6]
__aeabi_fmul            0x08016d35    0x12  Code  Gb  FltMul.o [6]
__aeabi_i2d             0x08016d99          Code  Gb  I32ToDbl.o [6]
__aeabi_ldiv0           0x0801dcd9          Code  Gb  I64DivZer.o [7]
__aeabi_ldivmod         0x0801d1ad          Code  Gb  I64DivMod.o [7]
__aeabi_memclr          0x0801d12d          Code  Gb  ABImemclr.o [7]
__aeabi_ui2d            0x08016dad          Code  Gb  I32ToDbl.o [6]
__aeabi_ui2f            0x08016d01     0xe  Code  Gb  U32ToFlt.o [6]
__aeabi_uldivmod        0x0801d1f1          Code  Gb  I64DivMod.o [7]
__cmain                 0x0801ed25          Code  Gb  cmain.o [7]
__data_GetMemChunk      0x08014b19    0x2c  Code  Gb  xgetmemchunk.o [3]
__exit                  0x08014b45    0x14  Code  Gb  exit.o [8]
__iar_Dint              0x08019e3f    0x7a  Code  Gb  xdint.o [6]
__iar_Errno             0x20011780     0x4  Data  Gb  errno.o [3]
__iar_Memset_word       0x0801dc79          Code  Gb  ABImemset.o [7]
__iar_Quad              0x08018561   0x12c  Code  Gb  xquad.o [6]
__iar_Sin               0x08017389   0x3b2  Code  Gb  xsin.o [6]
__iar_close_ttio        0x08014b59    0x2e  Code  Gb  iarttio.o [8]
__iar_d2uiz             0x08017135          Code  Gb  DblToI32.o [6]
__iar_dadd              0x08017035          Code  Gb  DblAdd.o [6]
__iar_data_init3        0x0801ecad    0x28  Code  Gb  data_init.o [7]
__iar_dlfree            0x080145f7   0x510  Code  Gb  dlmalloc.o [3]
__iar_dlib_perthread_access
                        0x08019e3d     0x2  Code  Gb  xtls.o [3]
__iar_dlmalloc          0x08014341   0x2aa  Code  Gb  dlmalloc.o [3]
__iar_dsub              0x08017801          Code  Gb  DblSub.o [6]
__iar_dsubStart         0x08017813          Code  Gb  DblSub.o [6]
__iar_edom              0x080186c9          Code  Gb  iarEdom.o [7]
__iar_fmod              0x08019ed9          Code  Gb  fmod.o [6]
__iar_fmodl             0x08019ed9          Code  Gb  fmod.o [6]
__iar_init_vfp          0x0801ecd5          Code  Gb  fpinit_M.o [6]
__iar_lookup_ttioh      0x08014b89     0x8  Code  Gb  XShttio.o [3]
__iar_lz77_init3        0x0801e8a5   0x162  Code  Gb  lz77_init.o [7]
__iar_program_start     0x0801ed65          Code  Gb  cstartup_M.o [7]
__iar_sqrt              0x0801796d          Code  Gb  sqrt.o [6]
__iar_ttio_handles      0x20011770     0x8  Data  Lc  XShttio.o [3]
__iar_ui2d              0x08016db1          Code  Gb  I32ToDbl.o [6]
__iar_unaligned___aeabi_memcpy
                        0x0801d135          Code  Gb  ABImemcpy_unaligned.o [7]
__iar_unaligned___aeabi_memcpy4
                        0x0801d155          Code  Gb  ABImemcpy_unaligned.o [7]
__iar_unaligned___aeabi_memcpy8
                        0x0801d155          Code  Gb  ABImemcpy_unaligned.o [7]
__iar_vfp___iar_Sin     0x080177d9    0x12  Code  Gb  xsin.o [6]
__iar_zero_init3        0x0801ec6d    0x40  Code  Gb  zero_init3.o [7]
__low_level_init        0x0801ed3f     0x4  Code  Gb  low_level_init.o [3]
__vector_table          0x08000000          Data  Gb  startup_stm32f746xx.o [1]
_call_main              0x0801ed31          Code  Gb  cmain.o [7]
_exit                   0x0801ed49          Code  Gb  cexit.o [7]
_gm_                    0x20031000   0x1d8  Data  Lc  dlmalloc.o [3]
_main                   0x0801ed3b          Code  Gb  cmain.o [7]
abort                   0x08014b11     0x6  Code  Gb  abort.o [3]
armBitRevIndexTable1024
                        0x08008ad0   0xe10  Data  Gb  arm_common_tables.o [4]
armBitRevIndexTable128  0x08008240   0x1a0  Data  Gb  arm_common_tables.o [4]
armBitRevIndexTable16   0x08008148    0x28  Data  Gb  arm_common_tables.o [4]
armBitRevIndexTable2048
                        0x080098e0  0x1dc0  Data  Gb  arm_common_tables.o [4]
armBitRevIndexTable256  0x080083e0   0x370  Data  Gb  arm_common_tables.o [4]
armBitRevIndexTable32   0x08008170    0x60  Data  Gb  arm_common_tables.o [4]
armBitRevIndexTable512  0x08008750   0x380  Data  Gb  arm_common_tables.o [4]
armBitRevIndexTable64   0x080081d0    0x70  Data  Gb  arm_common_tables.o [4]
arm_bitreversal_16      0x0801eb63          Code  Gb  arm_bitreversal2.o [4]
arm_bitreversal_32      0x0801eaf9          Code  Gb  arm_bitreversal2.o [4]
arm_rfft_fast_init_f32  0x0801a7b1   0x144  Code  Gb  arm_rfft_fast_init_f32.o [4]
btnSW1                  0x20011778     0x1  Data  Gb  main.o [1]
btnSW2                  0x20011779     0x1  Data  Gb  main.o [1]
bufCoefBiquad           0x20011628    0x10  Data  Gb  sta321mp.o [1]
bufPCMSens7             0x20030ef8     0x4  Data  Gb  waverecorder.o [1]
bufPCMSens8             0x20030efc     0x4  Data  Gb  waverecorder.o [1]
bufferSum               0x20025788  0x3014  Data  Gb  main.o [1]
buffer_switch           0x2001002e     0x1  Data  Gb  main.o [1]
cntBtnPress             0x2001177a     0x1  Data  Gb  main.o [1]
cntOS                   0x20031558     0x4  Data  Gb  stm32f7xx_it.o [1]
cntPos                  0x20030ef4     0x2  Data  Gb  waverecorder.o [1]
cntPos7                 0x20030ef6     0x2  Data  Gb  waverecorder.o [1]
cntRisingEXTI           0x200313e6     0x2  Data  Gb  main.o [1]
cntStrt                 0x20031562     0x2  Data  Gb  waverecorder.o [1]
cntTime200              0x20010040     0x2  Data  Gb  main.o [1]
exit                    0x0801ed43     0x4  Code  Gb  exit.o [3]
fir256Coff              0x20010268  0x1000  Data  Gb  main.o [1]
flg10ms                 0x2001002d     0x1  Data  Gb  main.o [1]
flgDlyUpd               0x2001002c     0x1  Data  Gb  main.o [1]
flgRacing               0x20031566     0x1  Data  Gb  waverecorder.o [1]
fmod                    0x08019ed9          Code  Gb  fmod.o [6]
fmodl                   0x08019ed9          Code  Gb  fmod.o [6]
hUSBDDevice             0x20010044   0x224  Data  Gb  main.o [1]
hUSBDDeviceDesc         0x20011750    0x14  Data  Gb  usbd_desc.o [1]
haudioInstance          0x20030b5c    0x64  Data  Lc  usbd_audio_in.o [1]
hdma_spi5_rx            0x200312a0    0x58  Data  Gb  waverecorder.o [1]
hdma_spi6_rx            0x200312f8    0x58  Data  Gb  waverecorder.o [1]
hi2c1                   0x200115dc    0x3c  Data  Gb  audio_codec.o [1]
hi2c2                   0x200314fc    0x3c  Data  Gb  audio_codec.o [1]
hi2s1                   0x20031350    0x40  Data  Gb  waverecorder.o [1]
hi2s2                   0x20031390    0x40  Data  Gb  waverecorder.o [1]
hi2s3                   0x200314bc    0x40  Data  Gb  waveplayer _CS43L22.o [1]
hpcd                    0x2003079c   0x3c0  Data  Gb  usbd_conf_f4.o [1]
hspi4                   0x20031458    0x64  Data  Gb  main.o [1]
hspi5                   0x20030dbc    0x64  Data  Gb  waverecorder.o [1]
hspi6                   0x20030e20    0x64  Data  Gb  waverecorder.o [1]
huart3                  0x200313e8    0x70  Data  Gb  main.o [1]
idxFrmPDMMic8           0x20031560     0x2  Data  Gb  waverecorder.o [1]
idxMic7                 0x20030ef2     0x2  Data  Gb  waverecorder.o [1]
idxMic8                 0x20030ef0     0x2  Data  Gb  waverecorder.o [1]
idxSPI5DataBuf3         0x2001003e     0x2  Data  Gb  main.o [1]
init_mparams            0x0801363b    0x32  Code  Lc  dlmalloc.o [3]
init_top                0x0801366d    0x34  Code  Lc  dlmalloc.o [3]
main                    0x080186d5   0x2ea  Code  Gb  main.o [1]
mparams                 0x20031538    0x18  Data  Lc  dlmalloc.o [3]
pDataMic7               0x20030f80    0x80  Data  Gb  waverecorder.o [1]
pDataMic8               0x20030f00    0x80  Data  Gb  waverecorder.o [1]
pcSTAComnd              0x2001164c    0x50  Data  Gb  sta321mp.o [1]
pcSTAComnd1             0x2001169c     0x2  Data  Gb  sta321mp.o [1]
pcSTAComnd2             0x200116a0    0x24  Data  Gb  sta321mp.o [1]
prepend_alloc           0x080136a1   0x36c  Code  Lc  dlmalloc.o [3]
segment_holding         0x08013621    0x1a  Code  Lc  dlmalloc.o [3]
sqrt                    0x0801796d          Code  Gb  sqrt.o [6]
sqrtl                   0x0801796d          Code  Gb  sqrt.o [6]
stm32_crc               0x20011280     0x4  Data  Gb  pdm_filter.o [5]
swtBufUSBOut            0x20031564     0x1  Data  Gb  audio_application.o [1]
swtSDO7                 0x20030eec     0x1  Data  Gb  waverecorder.o [1]
swtSDO8                 0x20030eed     0x1  Data  Gb  waverecorder.o [1]
sys_alloc               0x08013a0d   0x386  Code  Lc  dlmalloc.o [3]
tmalloc_large           0x08013da1   0x390  Code  Lc  dlmalloc.o [3]
tmalloc_small           0x08014131   0x210  Code  Lc  dlmalloc.o [3]
twiddleCoef_1024        0x08002148  0x2000  Data  Gb  arm_common_tables.o [4]
twiddleCoef_128         0x08000548   0x400  Data  Gb  arm_common_tables.o [4]
twiddleCoef_16          0x080001c8    0x80  Data  Gb  arm_common_tables.o [4]
twiddleCoef_2048        0x08004148  0x4000  Data  Gb  arm_common_tables.o [4]
twiddleCoef_256         0x08000948   0x800  Data  Gb  arm_common_tables.o [4]
twiddleCoef_32          0x08000248   0x100  Data  Gb  arm_common_tables.o [4]
twiddleCoef_512         0x08001148  0x1000  Data  Gb  arm_common_tables.o [4]
twiddleCoef_64          0x08000348   0x200  Data  Gb  arm_common_tables.o [4]
twiddleCoef_rfft_1024   0x0800c620  0x1000  Data  Gb  arm_common_tables.o [4]
twiddleCoef_rfft_128    0x0800b820   0x200  Data  Gb  arm_common_tables.o [4]
twiddleCoef_rfft_2048   0x0800d620  0x2000  Data  Gb  arm_common_tables.o [4]
twiddleCoef_rfft_256    0x0800ba20   0x400  Data  Gb  arm_common_tables.o [4]
twiddleCoef_rfft_32     0x0800b6a0    0x80  Data  Gb  arm_common_tables.o [4]
twiddleCoef_rfft_4096   0x0800f620  0x4000  Data  Gb  arm_common_tables.o [4]
twiddleCoef_rfft_512    0x0800be20   0x800  Data  Gb  arm_common_tables.o [4]
twiddleCoef_rfft_64     0x0800b720   0x100  Data  Gb  arm_common_tables.o [4]
uwTick                  0x20031554     0x4  Data  Lc  stm32f7xx_hal.o [1]
vRawSens1               0x200313d8     0x2  Data  Gb  waverecorder.o [1]
vRawSens2               0x200313da     0x2  Data  Gb  waverecorder.o [1]
vRawSens3               0x200313de     0x2  Data  Gb  waverecorder.o [1]
vRawSens4               0x200313dc     0x2  Data  Gb  waverecorder.o [1]
vRawSens5               0x200313e0     0x2  Data  Gb  waverecorder.o [1]
vRawSens6               0x200313e2     0x2  Data  Gb  waverecorder.o [1]
vol_table               0x0801d33c    0x84  Data  Gb  usbd_audio_if.o [1]
volume                  0x20011784     0x1  Data  Gb  waveplayer _CS43L22.o [1]


[1] = D:\sop1hc\Github\data\Mic_Array_V00\USB_STREAMING\Mic_Array\Projects\STM32746G\Applications\Audio\Mic_Array\EWARM\STM32F7\Obj
[2] = command line
[3] = dl7M_tlf.a
[4] = iar_cortexM7ls_math.a
[5] = libPDMFilter_CM7_IAR.a
[6] = m7M_tls.a
[7] = rt7M_tl.a
[8] = shb_l.a

   47 646 bytes of readonly  code memory
   79 833 bytes of readonly  data memory
  152 933 bytes of readwrite data memory

Errors: none
Warnings: none
