###############################################################################
#
# IAR ELF Linker V7.50.2.10312/W32 for ARM                27/Apr/2016  12:04:34
# Copyright 2007-2015 IAR Systems AB.
#
#    Output file  =  
#        D:\sop1hc\Github\data\Mic_Array_V00\USB_STREAMING\Mic_Array\Projects\STM32746G\Applications\Audio\Mic_Array\EWARM\STM32F7\Exe\Project.out
#    Map file     =  
#        D:\sop1hc\Github\data\Mic_Array_V00\USB_STREAMING\Mic_Array\Projects\STM32746G\Applications\Audio\Mic_Array\EWARM\STM32F7\List\Project.map
#    Command line =  
#        D:\sop1hc\Github\data\Mic_Array_V00\USB_STREAMING\Mic_Array\Projects\STM32746G\Applications\Audio\Mic_Array\EWARM\STM32F7\Obj\audio_application.o
#        D:\sop1hc\Github\data\Mic_Array_V00\USB_STREAMING\Mic_Array\Projects\STM32746G\Applications\Audio\Mic_Array\EWARM\STM32F7\Obj\audio_codec.o
#        D:\sop1hc\Github\data\Mic_Array_V00\USB_STREAMING\Mic_Array\Projects\STM32746G\Applications\Audio\Mic_Array\EWARM\STM32F7\Obj\DSP.o
#        D:\sop1hc\Github\data\Mic_Array_V00\USB_STREAMING\Mic_Array\Projects\STM32746G\Applications\Audio\Mic_Array\EWARM\STM32F7\Obj\ff.o
#        D:\sop1hc\Github\data\Mic_Array_V00\USB_STREAMING\Mic_Array\Projects\STM32746G\Applications\Audio\Mic_Array\EWARM\STM32F7\Obj\ft5336.o
#        D:\sop1hc\Github\data\Mic_Array_V00\USB_STREAMING\Mic_Array\Middlewares\ST\STM32_Audio\Addons\PDM\libPDMFilter_CM7_IAR.a
#        D:\sop1hc\Github\data\Mic_Array_V00\USB_STREAMING\Mic_Array\Projects\STM32746G\Applications\Audio\Mic_Array\EWARM\STM32F7\Obj\main.o
#        D:\sop1hc\Github\data\Mic_Array_V00\USB_STREAMING\Mic_Array\Projects\STM32746G\Applications\Audio\Mic_Array\EWARM\STM32F7\Obj\sta321mp.o
#        D:\sop1hc\Github\data\Mic_Array_V00\USB_STREAMING\Mic_Array\Projects\STM32746G\Applications\Audio\Mic_Array\EWARM\STM32F7\Obj\startup_stm32f746xx.o
#        D:\sop1hc\Github\data\Mic_Array_V00\USB_STREAMING\Mic_Array\Projects\STM32746G\Applications\Audio\Mic_Array\EWARM\STM32F7\Obj\stm32746g_discovery.o
#        D:\sop1hc\Github\data\Mic_Array_V00\USB_STREAMING\Mic_Array\Projects\STM32746G\Applications\Audio\Mic_Array\EWARM\STM32F7\Obj\stm32746g_discovery_lcd.o
#        D:\sop1hc\Github\data\Mic_Array_V00\USB_STREAMING\Mic_Array\Projects\STM32746G\Applications\Audio\Mic_Array\EWARM\STM32F7\Obj\stm32746g_discovery_sdram.o
#        D:\sop1hc\Github\data\Mic_Array_V00\USB_STREAMING\Mic_Array\Projects\STM32746G\Applications\Audio\Mic_Array\EWARM\STM32F7\Obj\stm32746g_discovery_ts.o
#        D:\sop1hc\Github\data\Mic_Array_V00\USB_STREAMING\Mic_Array\Projects\STM32746G\Applications\Audio\Mic_Array\EWARM\STM32F7\Obj\stm32f7xx_hal.o
#        D:\sop1hc\Github\data\Mic_Array_V00\USB_STREAMING\Mic_Array\Projects\STM32746G\Applications\Audio\Mic_Array\EWARM\STM32F7\Obj\stm32f7xx_hal_cortex.o
#        D:\sop1hc\Github\data\Mic_Array_V00\USB_STREAMING\Mic_Array\Projects\STM32746G\Applications\Audio\Mic_Array\EWARM\STM32F7\Obj\stm32f7xx_hal_dma.o
#        D:\sop1hc\Github\data\Mic_Array_V00\USB_STREAMING\Mic_Array\Projects\STM32746G\Applications\Audio\Mic_Array\EWARM\STM32F7\Obj\stm32f7xx_hal_dma2d.o
#        D:\sop1hc\Github\data\Mic_Array_V00\USB_STREAMING\Mic_Array\Projects\STM32746G\Applications\Audio\Mic_Array\EWARM\STM32F7\Obj\stm32f7xx_hal_dma_ex.o
#        D:\sop1hc\Github\data\Mic_Array_V00\USB_STREAMING\Mic_Array\Projects\STM32746G\Applications\Audio\Mic_Array\EWARM\STM32F7\Obj\stm32f7xx_hal_flash.o
#        D:\sop1hc\Github\data\Mic_Array_V00\USB_STREAMING\Mic_Array\Projects\STM32746G\Applications\Audio\Mic_Array\EWARM\STM32F7\Obj\stm32f7xx_hal_flash_ex.o
#        D:\sop1hc\Github\data\Mic_Array_V00\USB_STREAMING\Mic_Array\Projects\STM32746G\Applications\Audio\Mic_Array\EWARM\STM32F7\Obj\stm32f7xx_hal_gpio.o
#        D:\sop1hc\Github\data\Mic_Array_V00\USB_STREAMING\Mic_Array\Projects\STM32746G\Applications\Audio\Mic_Array\EWARM\STM32F7\Obj\stm32f7xx_hal_hcd.o
#        D:\sop1hc\Github\data\Mic_Array_V00\USB_STREAMING\Mic_Array\Projects\STM32746G\Applications\Audio\Mic_Array\EWARM\STM32F7\Obj\stm32f7xx_hal_i2c.o
#        D:\sop1hc\Github\data\Mic_Array_V00\USB_STREAMING\Mic_Array\Projects\STM32746G\Applications\Audio\Mic_Array\EWARM\STM32F7\Obj\stm32f7xx_hal_i2c_ex.o
#        D:\sop1hc\Github\data\Mic_Array_V00\USB_STREAMING\Mic_Array\Projects\STM32746G\Applications\Audio\Mic_Array\EWARM\STM32F7\Obj\stm32f7xx_hal_i2s.o
#        D:\sop1hc\Github\data\Mic_Array_V00\USB_STREAMING\Mic_Array\Projects\STM32746G\Applications\Audio\Mic_Array\EWARM\STM32F7\Obj\stm32f7xx_hal_ltdc.o
#        D:\sop1hc\Github\data\Mic_Array_V00\USB_STREAMING\Mic_Array\Projects\STM32746G\Applications\Audio\Mic_Array\EWARM\STM32F7\Obj\stm32f7xx_hal_pcd.o
#        D:\sop1hc\Github\data\Mic_Array_V00\USB_STREAMING\Mic_Array\Projects\STM32746G\Applications\Audio\Mic_Array\EWARM\STM32F7\Obj\stm32f7xx_hal_pcd_ex.o
#        D:\sop1hc\Github\data\Mic_Array_V00\USB_STREAMING\Mic_Array\Projects\STM32746G\Applications\Audio\Mic_Array\EWARM\STM32F7\Obj\stm32f7xx_hal_pwr.o
#        D:\sop1hc\Github\data\Mic_Array_V00\USB_STREAMING\Mic_Array\Projects\STM32746G\Applications\Audio\Mic_Array\EWARM\STM32F7\Obj\stm32f7xx_hal_pwr_ex.o
#        D:\sop1hc\Github\data\Mic_Array_V00\USB_STREAMING\Mic_Array\Projects\STM32746G\Applications\Audio\Mic_Array\EWARM\STM32F7\Obj\stm32f7xx_hal_rcc.o
#        D:\sop1hc\Github\data\Mic_Array_V00\USB_STREAMING\Mic_Array\Projects\STM32746G\Applications\Audio\Mic_Array\EWARM\STM32F7\Obj\stm32f7xx_hal_rcc_ex.o
#        D:\sop1hc\Github\data\Mic_Array_V00\USB_STREAMING\Mic_Array\Projects\STM32746G\Applications\Audio\Mic_Array\EWARM\STM32F7\Obj\stm32f7xx_hal_sai.o
#        D:\sop1hc\Github\data\Mic_Array_V00\USB_STREAMING\Mic_Array\Projects\STM32746G\Applications\Audio\Mic_Array\EWARM\STM32F7\Obj\stm32f7xx_hal_sai_ex.o
#        D:\sop1hc\Github\data\Mic_Array_V00\USB_STREAMING\Mic_Array\Projects\STM32746G\Applications\Audio\Mic_Array\EWARM\STM32F7\Obj\stm32f7xx_hal_sdram.o
#        D:\sop1hc\Github\data\Mic_Array_V00\USB_STREAMING\Mic_Array\Projects\STM32746G\Applications\Audio\Mic_Array\EWARM\STM32F7\Obj\stm32f7xx_hal_spi.o
#        D:\sop1hc\Github\data\Mic_Array_V00\USB_STREAMING\Mic_Array\Projects\STM32746G\Applications\Audio\Mic_Array\EWARM\STM32F7\Obj\stm32f7xx_hal_sram.o
#        D:\sop1hc\Github\data\Mic_Array_V00\USB_STREAMING\Mic_Array\Projects\STM32746G\Applications\Audio\Mic_Array\EWARM\STM32F7\Obj\stm32f7xx_hal_tim.o
#        D:\sop1hc\Github\data\Mic_Array_V00\USB_STREAMING\Mic_Array\Projects\STM32746G\Applications\Audio\Mic_Array\EWARM\STM32F7\Obj\stm32f7xx_hal_tim_ex.o
#        D:\sop1hc\Github\data\Mic_Array_V00\USB_STREAMING\Mic_Array\Projects\STM32746G\Applications\Audio\Mic_Array\EWARM\STM32F7\Obj\stm32f7xx_hal_uart.o
#        D:\sop1hc\Github\data\Mic_Array_V00\USB_STREAMING\Mic_Array\Projects\STM32746G\Applications\Audio\Mic_Array\EWARM\STM32F7\Obj\stm32f7xx_it.o
#        D:\sop1hc\Github\data\Mic_Array_V00\USB_STREAMING\Mic_Array\Projects\STM32746G\Applications\Audio\Mic_Array\EWARM\STM32F7\Obj\stm32f7xx_ll_fmc.o
#        D:\sop1hc\Github\data\Mic_Array_V00\USB_STREAMING\Mic_Array\Projects\STM32746G\Applications\Audio\Mic_Array\EWARM\STM32F7\Obj\stm32f7xx_ll_usb.o
#        D:\sop1hc\Github\data\Mic_Array_V00\USB_STREAMING\Mic_Array\Projects\STM32746G\Applications\Audio\Mic_Array\EWARM\STM32F7\Obj\system_stm32f7xx.o
#        D:\sop1hc\Github\data\Mic_Array_V00\USB_STREAMING\Mic_Array\Projects\STM32746G\Applications\Audio\Mic_Array\EWARM\STM32F7\Obj\usbd_audio_if.o
#        D:\sop1hc\Github\data\Mic_Array_V00\USB_STREAMING\Mic_Array\Projects\STM32746G\Applications\Audio\Mic_Array\EWARM\STM32F7\Obj\usbd_audio_in.o
#        D:\sop1hc\Github\data\Mic_Array_V00\USB_STREAMING\Mic_Array\Projects\STM32746G\Applications\Audio\Mic_Array\EWARM\STM32F7\Obj\usbd_conf_f4.o
#        D:\sop1hc\Github\data\Mic_Array_V00\USB_STREAMING\Mic_Array\Projects\STM32746G\Applications\Audio\Mic_Array\EWARM\STM32F7\Obj\usbd_core.o
#        D:\sop1hc\Github\data\Mic_Array_V00\USB_STREAMING\Mic_Array\Projects\STM32746G\Applications\Audio\Mic_Array\EWARM\STM32F7\Obj\usbd_ctlreq.o
#        D:\sop1hc\Github\data\Mic_Array_V00\USB_STREAMING\Mic_Array\Projects\STM32746G\Applications\Audio\Mic_Array\EWARM\STM32F7\Obj\usbd_desc.o
#        D:\sop1hc\Github\data\Mic_Array_V00\USB_STREAMING\Mic_Array\Projects\STM32746G\Applications\Audio\Mic_Array\EWARM\STM32F7\Obj\usbd_ioreq.o
#        D:\sop1hc\Github\data\Mic_Array_V00\USB_STREAMING\Mic_Array\Projects\STM32746G\Applications\Audio\Mic_Array\EWARM\STM32F7\Obj\usbh_conf.o
#        D:\sop1hc\Github\data\Mic_Array_V00\USB_STREAMING\Mic_Array\Projects\STM32746G\Applications\Audio\Mic_Array\EWARM\STM32F7\Obj\usbh_core.o
#        D:\sop1hc\Github\data\Mic_Array_V00\USB_STREAMING\Mic_Array\Projects\STM32746G\Applications\Audio\Mic_Array\EWARM\STM32F7\Obj\usbh_ctlreq.o
#        D:\sop1hc\Github\data\Mic_Array_V00\USB_STREAMING\Mic_Array\Projects\STM32746G\Applications\Audio\Mic_Array\EWARM\STM32F7\Obj\usbh_diskio.o
#        D:\sop1hc\Github\data\Mic_Array_V00\USB_STREAMING\Mic_Array\Projects\STM32746G\Applications\Audio\Mic_Array\EWARM\STM32F7\Obj\usbh_ioreq.o
#        D:\sop1hc\Github\data\Mic_Array_V00\USB_STREAMING\Mic_Array\Projects\STM32746G\Applications\Audio\Mic_Array\EWARM\STM32F7\Obj\usbh_msc.o
#        D:\sop1hc\Github\data\Mic_Array_V00\USB_STREAMING\Mic_Array\Projects\STM32746G\Applications\Audio\Mic_Array\EWARM\STM32F7\Obj\usbh_msc_bot.o
#        D:\sop1hc\Github\data\Mic_Array_V00\USB_STREAMING\Mic_Array\Projects\STM32746G\Applications\Audio\Mic_Array\EWARM\STM32F7\Obj\usbh_msc_scsi.o
#        D:\sop1hc\Github\data\Mic_Array_V00\USB_STREAMING\Mic_Array\Projects\STM32746G\Applications\Audio\Mic_Array\EWARM\STM32F7\Obj\usbh_pipes.o
#        "D:\sop1hc\Github\data\Mic_Array_V00\USB_STREAMING\Mic_Array\Projects\STM32746G\Applications\Audio\Mic_Array\EWARM\STM32F7\Obj\waveplayer
#        _CS43L22.o"
#        D:\sop1hc\Github\data\Mic_Array_V00\USB_STREAMING\Mic_Array\Projects\STM32746G\Applications\Audio\Mic_Array\EWARM\STM32F7\Obj\waverecorder.o
#        --redirect _Printf=_PrintfSmall --redirect _Scanf=_ScanfSmall -o
#        D:\sop1hc\Github\data\Mic_Array_V00\USB_STREAMING\Mic_Array\Projects\STM32746G\Applications\Audio\Mic_Array\EWARM\STM32F7\Exe\Project.out
#        --map
#        D:\sop1hc\Github\data\Mic_Array_V00\USB_STREAMING\Mic_Array\Projects\STM32746G\Applications\Audio\Mic_Array\EWARM\STM32F7\List\Project.map
#        --config
#        D:\sop1hc\Github\data\Mic_Array_V00\USB_STREAMING\Mic_Array\Projects\STM32746G\Applications\Audio\Mic_Array\EWARM\Project.icf
#        --semihosting --entry __iar_program_start --no_exceptions "D:\Program
#        Files (x86)\IAR Systems\Embedded Workbench
#        7.3\arm\CMSIS\Lib\IAR\iar_cortexM7ls_math.a" --vfe
#
###############################################################################

*******************************************************************************
*** RUNTIME MODEL ATTRIBUTES
***

CppFlavor                     = *
__Heap_Handler                = DLMalloc
__SystemLibrary               = DLib
__dlib_dynamic_initialization = normal


*******************************************************************************
*** PLACEMENT SUMMARY
***

"A1":  place at 0x08000000 { ro section .intvec };
"P1":  place in [from 0x00000000 to 0x00000000] |
                [from 0x08000000 to 0x080fffff] { ro };
"P3":  place in [from 0x20000000 to 0x2000ffff] |
                [from 0x20010000 to 0x2004ffff] { rw, block CSTACK, block HEAP };

  Section             Kind        Address     Size  Object
  -------             ----        -------     ----  ------
"A1":                                        0x1c8
  .intvec             ro code  0x08000000    0x1c8  startup_stm32f746xx.o [1]
                             - 0x080001c8    0x1c8

"P1":                                      0x1f2af
  .rodata             const    0x080001c8  0x13458  arm_common_tables.o [4]
  .text               ro code  0x08013620   0x14f0  dlmalloc.o [3]
  .text               ro code  0x08014b10      0x6  abort.o [3]
  .text               ro code  0x08014b18     0x2c  xgetmemchunk.o [3]
  .text               ro code  0x08014b44     0x14  exit.o [8]
  .text               ro code  0x08014b58     0x30  iarttio.o [8]
  .text               ro code  0x08014b88      0x8  XShttio.o [3]
  .text               ro code  0x08014b90    0xf48  waverecorder.o [1]
  .text               ro code  0x08015ad8    0x6d8  main.o [1]
  .text               ro code  0x080161b0    0x22c  stm32f7xx_hal_gpio.o [1]
  .text               ro code  0x080163dc    0x550  pdm_filter.o [5]
  .text               ro code  0x0801692c    0x110  stm32f7xx_hal_i2s.o [1]
  .text               ro code  0x08016a3c    0x7d4  stm32f7xx_hal_spi.o [1]
  .text               ro code  0x08017210     0xd0  stm32f7xx_hal_cortex.o [1]
  .text               ro code  0x080172e0    0x314  stm32f7xx_hal_dma.o [1]
  .text               ro code  0x080175f4     0x80  stm32f7xx_hal.o [1]
  .text               ro code  0x08017674    0x664  stm32f7xx_hal_rcc_ex.o [1]
  .text               ro code  0x08017cd8     0xcc  stm32746g_discovery.o [1]
  .text               ro code  0x08017da4    0x144  arm_rfft_fast_init_f32.o [4]
  .text               ro code  0x08017ee8    0x84c  usbd_audio_in.o [1]
  .text               ro code  0x08018734    0x2a6  usbd_core.o [1]
  .text               ro code  0x080189dc     0x64  waveplayer _CS43L22.o [1]
  .text               ro code  0x08018a40    0xaa0  sta321mp.o [1]
  .text               ro code  0x080194e0    0x8e4  DSP.o [1]
  .text               ro code  0x08019dc4    0x228  audio_application.o [1]
  .text               ro code  0x08019fec    0x5d8  stm32f7xx_hal_rcc.o [1]
  .text               ro code  0x0801a5c4     0x78  stm32f7xx_hal_pwr_ex.o [1]
  .text               ro code  0x0801a63c    0xa18  stm32f7xx_hal_i2c.o [1]
  .text               ro code  0x0801b054    0xa10  audio_codec.o [1]
  .text               ro code  0x0801ba64     0x1c  FltCmpEq.o [6]
  .text               ro code  0x0801ba80      0xe  U32ToFlt.o [6]
  .text               ro code  0x0801ba90     0x24  FltCmpLe.o [6]
  .text               ro code  0x0801bab4     0x12  FltMul.o [6]
  .text               ro code  0x0801bac8     0x4e  FltToDbl.o [6]
  .text               ro code  0x0801bb18     0x30  I32ToDbl.o [6]
  .text               ro code  0x0801bb48    0x256  DblDiv.o [6]
  .text               ro code  0x0801bda0     0xe8  DblAdd.o [6]
  .text               ro code  0x0801be88     0x4c  DblToI32.o [6]
  .text               ro code  0x0801bed4    0x1a2  DblMul.o [6]
  .text               ro code  0x0801c078     0x90  DblToFlt.o [6]
  .text               ro code  0x0801c108    0x462  xsin.o [6]
  .text               ro code  0x0801c56c    0x180  DblSub.o [6]
  .text               ro code  0x0801c6ec     0xf0  sqrt.o [6]
  .text               ro code  0x0801c7dc    0x242  usbd_conf_f4.o [1]
  .text               ro code  0x0801ca1e     0x9c  usbd_ioreq.o [1]
  .text               ro code  0x0801cabc    0x454  usbd_ctlreq.o [1]
  .text               ro code  0x0801cf10      0x6  ABImemclr.o [7]
  .text               ro code  0x0801cf18     0x76  ABImemcpy_unaligned.o [7]
  .text               ro code  0x0801cf90    0x132  I64DivMod.o [7]
  .text               ro code  0x0801d0c4     0xe0  usbd_audio_if.o [1]
  .text               ro code  0x0801d1a4     0x76  stm32f7xx_hal_i2c_ex.o [1]
  .text               ro code  0x0801d21c     0x2e  DblCmpLe.o [6]
  .text               ro code  0x0801d24c     0x2e  DblCmpGe.o [6]
  .text               ro code  0x0801d27c      0xc  errno.o [3]
  .text               ro code  0x0801d288    0x168  xquad.o [6]
  .text               ro code  0x0801d3f0      0xc  iarEdom.o [7]
  .text               ro code  0x0801d3fc    0x842  stm32f7xx_hal_pcd.o [1]
  .text               ro code  0x0801dc40     0x72  stm32f7xx_hal_pcd_ex.o [1]
  .text               ro code  0x0801dcb4     0x5e  ABImemset.o [7]
  .text               ro code  0x0801dd14      0x2  I64DivZer.o [7]
  .text               ro code  0x0801dd16      0x2  xtls.o [3]
  .text               ro code  0x0801dd18     0x7a  xdint.o [6]
  .text               ro code  0x0801dd94     0x20  DblCmpEq.o [6]
  .text               ro code  0x0801ddb4    0x1a8  fmod.o [6]
  .text               ro code  0x0801df5c    0x928  stm32f7xx_ll_usb.o [1]
  .text               ro code  0x0801e884    0x23e  stm32f7xx_hal_uart.o [1]
  .text               ro code  0x0801eac2    0x1c4  lz77_init.o [7]
  .text               ro code  0x0801ec88     0xf0  usbd_desc.o [1]
  .text               ro code  0x0801ed78     0xc0  arm_bitreversal2.o [4]
  .text               ro code  0x0801ee38     0x68  stm32f7xx_it.o [1]
  .text               ro code  0x0801eea0     0x4c  system_stm32f7xx.o [1]
  .text               ro code  0x0801eeec     0x40  zero_init3.o [7]
  .text               ro code  0x0801ef2c     0x28  data_init.o [7]
  .text               ro code  0x0801ef54     0x22  fpinit_M.o [6]
  .iar.init_table     const    0x0801ef78     0x2c  - Linker created -
  .text               ro code  0x0801efa4     0x1a  cmain.o [7]
  .text               ro code  0x0801efbe      0x4  low_level_init.o [3]
  .text               ro code  0x0801efc2      0x4  exit.o [3]
  .text               ro code  0x0801efc8      0xa  cexit.o [7]
  .text               ro code  0x0801efd4     0x10  startup_stm32f746xx.o [1]
  .text               ro code  0x0801efe4      0xc  cstartup_M.o [7]
  .text               ro code  0x0801eff0      0x4  startup_stm32f746xx.o [1]
  .text               ro code  0x0801eff4      0x4  startup_stm32f746xx.o [1]
  .text               ro code  0x0801eff8      0x4  startup_stm32f746xx.o [1]
  .text               ro code  0x0801effc      0x4  startup_stm32f746xx.o [1]
  .text               ro code  0x0801f000      0x4  startup_stm32f746xx.o [1]
  .text               ro code  0x0801f004      0x4  startup_stm32f746xx.o [1]
  .text               ro code  0x0801f008      0x4  startup_stm32f746xx.o [1]
  .text               ro code  0x0801f00c      0x4  startup_stm32f746xx.o [1]
  .text               ro code  0x0801f010      0x4  startup_stm32f746xx.o [1]
  .text               ro code  0x0801f014      0x4  startup_stm32f746xx.o [1]
  .text               ro code  0x0801f018      0x4  startup_stm32f746xx.o [1]
  .text               ro code  0x0801f01c      0x4  startup_stm32f746xx.o [1]
  .text               ro code  0x0801f020      0x4  startup_stm32f746xx.o [1]
  .text               ro code  0x0801f024      0x4  startup_stm32f746xx.o [1]
  .text               ro code  0x0801f028      0x4  startup_stm32f746xx.o [1]
  .text               ro code  0x0801f02c      0x4  startup_stm32f746xx.o [1]
  .text               ro code  0x0801f030      0x4  startup_stm32f746xx.o [1]
  .text               ro code  0x0801f034      0x4  startup_stm32f746xx.o [1]
  .text               ro code  0x0801f038      0x4  startup_stm32f746xx.o [1]
  .text               ro code  0x0801f03c      0x4  startup_stm32f746xx.o [1]
  .text               ro code  0x0801f040      0x4  startup_stm32f746xx.o [1]
  .text               ro code  0x0801f044      0x4  startup_stm32f746xx.o [1]
  .text               ro code  0x0801f048      0x4  startup_stm32f746xx.o [1]
  .text               ro code  0x0801f04c      0x4  startup_stm32f746xx.o [1]
  .text               ro code  0x0801f050      0x4  startup_stm32f746xx.o [1]
  .text               ro code  0x0801f054      0x4  startup_stm32f746xx.o [1]
  .text               ro code  0x0801f058      0x4  startup_stm32f746xx.o [1]
  .text               ro code  0x0801f05c      0x4  startup_stm32f746xx.o [1]
  .text               ro code  0x0801f060      0x4  startup_stm32f746xx.o [1]
  .text               ro code  0x0801f064      0x4  startup_stm32f746xx.o [1]
  .text               ro code  0x0801f068      0x4  startup_stm32f746xx.o [1]
  .text               ro code  0x0801f06c      0x4  startup_stm32f746xx.o [1]
  .text               ro code  0x0801f070      0x4  startup_stm32f746xx.o [1]
  .text               ro code  0x0801f074      0x4  startup_stm32f746xx.o [1]
  .text               ro code  0x0801f078      0x4  startup_stm32f746xx.o [1]
  .text               ro code  0x0801f07c      0x4  startup_stm32f746xx.o [1]
  .text               ro code  0x0801f080      0x4  startup_stm32f746xx.o [1]
  .text               ro code  0x0801f084      0x4  startup_stm32f746xx.o [1]
  .text               ro code  0x0801f088      0x4  startup_stm32f746xx.o [1]
  .text               ro code  0x0801f08c      0x4  startup_stm32f746xx.o [1]
  .text               ro code  0x0801f090      0x4  startup_stm32f746xx.o [1]
  .text               ro code  0x0801f094      0x4  startup_stm32f746xx.o [1]
  .text               ro code  0x0801f098      0x4  startup_stm32f746xx.o [1]
  .text               ro code  0x0801f09c      0x4  startup_stm32f746xx.o [1]
  .text               ro code  0x0801f0a0      0x4  startup_stm32f746xx.o [1]
  .text               ro code  0x0801f0a4      0x4  startup_stm32f746xx.o [1]
  .text               ro code  0x0801f0a8      0x4  startup_stm32f746xx.o [1]
  .text               ro code  0x0801f0ac      0x4  startup_stm32f746xx.o [1]
  .text               ro code  0x0801f0b0      0x4  startup_stm32f746xx.o [1]
  .text               ro code  0x0801f0b4      0x4  startup_stm32f746xx.o [1]
  .text               ro code  0x0801f0b8      0x4  startup_stm32f746xx.o [1]
  .text               ro code  0x0801f0bc      0x4  startup_stm32f746xx.o [1]
  .text               ro code  0x0801f0c0      0x4  startup_stm32f746xx.o [1]
  .text               ro code  0x0801f0c4      0x4  startup_stm32f746xx.o [1]
  .text               ro code  0x0801f0c8      0x4  startup_stm32f746xx.o [1]
  .text               ro code  0x0801f0cc      0x4  startup_stm32f746xx.o [1]
  .text               ro code  0x0801f0d0      0x4  startup_stm32f746xx.o [1]
  .text               ro code  0x0801f0d4      0x4  startup_stm32f746xx.o [1]
  .text               ro code  0x0801f0d8      0x4  startup_stm32f746xx.o [1]
  .text               ro code  0x0801f0dc      0x4  startup_stm32f746xx.o [1]
  .text               ro code  0x0801f0e0      0x4  startup_stm32f746xx.o [1]
  .text               ro code  0x0801f0e4      0x4  startup_stm32f746xx.o [1]
  .text               ro code  0x0801f0e8      0x4  startup_stm32f746xx.o [1]
  .text               ro code  0x0801f0ec      0x4  startup_stm32f746xx.o [1]
  .text               ro code  0x0801f0f0      0x4  startup_stm32f746xx.o [1]
  .text               ro code  0x0801f0f4      0x4  startup_stm32f746xx.o [1]
  .text               ro code  0x0801f0f8      0x4  startup_stm32f746xx.o [1]
  .text               ro code  0x0801f0fc      0x4  startup_stm32f746xx.o [1]
  .text               ro code  0x0801f100      0x4  startup_stm32f746xx.o [1]
  .text               ro code  0x0801f104      0x4  startup_stm32f746xx.o [1]
  .text               ro code  0x0801f108      0x4  startup_stm32f746xx.o [1]
  .text               ro code  0x0801f10c      0x4  startup_stm32f746xx.o [1]
  .text               ro code  0x0801f110      0x4  startup_stm32f746xx.o [1]
  .text               ro code  0x0801f114      0x4  startup_stm32f746xx.o [1]
  .text               ro code  0x0801f118      0x4  startup_stm32f746xx.o [1]
  .text               ro code  0x0801f11c      0x4  startup_stm32f746xx.o [1]
  .text               ro code  0x0801f120      0x4  startup_stm32f746xx.o [1]
  .rodata             const    0x0801f124      0x0  zero_init3.o [7]
  .rodata             const    0x0801f124      0x0  lz77_init.o [7]
  Initializer bytes   const    0x0801f124    0x353  <for P3 s0>
                             - 0x0801f477  0x1f2af

"P3", part 1 of 3:                          0x1785
  P3 s0                        0x20010000   0x1785  <Init block>
    .data             inited   0x20010000   0x1280  main.o [1]
    .data             inited   0x20011280    0x304  pdm_filter.o [5]
    .data             inited   0x20011584     0xa4  audio_codec.o [1]
    .data             inited   0x20011628     0x9c  sta321mp.o [1]
    .data             inited   0x200116c4     0x38  usbd_audio_in.o [1]
    .data             inited   0x200116fc     0x24  usbd_audio_if.o [1]
    .data             inited   0x20011720     0x1c  usbd_desc.o [1]
    .data             inited   0x2001173c     0x14  system_stm32f7xx.o [1]
    .data             inited   0x20011750     0x14  usbd_desc.o [1]
    .data             inited   0x20011764      0xc  usbd_audio_in.o [1]
    .data             inited   0x20011770      0x8  XShttio.o [3]
    .data             inited   0x20011778      0x4  main.o [1]
    .data             inited   0x2001177c      0x4  usbd_desc.o [1]
    __DLIB_PERTHREAD  inited   0x20011780      0x4  errno.o [3]
    .data             inited   0x20011784      0x1  waveplayer _CS43L22.o [1]
                             - 0x20011785   0x1785

"P3", part 2 of 3:                         0x1fde4
  .bss                zero     0x20011788  0x14000  waverecorder.o [1]
  .bss                zero     0x20025788   0x4000  audio_application.o [1]
  .bss                zero     0x20029788   0x4000  audio_application.o [1]
  .bss                zero     0x2002d788   0x3014  main.o [1]
  .bss                zero     0x2003079c    0x3c0  usbd_conf_f4.o [1]
  .bss                zero     0x20030b5c    0x260  usbd_audio_in.o [1]
  .bss                zero     0x20030dbc    0x244  waverecorder.o [1]
  .bss                zero     0x20031000    0x1d8  dlmalloc.o [3]
  .bss                zero     0x200311d8     0xc8  usbd_desc.o [1]
  .bss                zero     0x200312a0     0xb0  waverecorder.o [1]
  .bss                zero     0x20031350     0x98  waverecorder.o [1]
  .bss                zero     0x200313e8     0x70  main.o [1]
  .bss                zero     0x20031458     0x64  main.o [1]
  .bss                zero     0x200314bc     0x40  waveplayer _CS43L22.o [1]
  .bss                zero     0x200314fc     0x3c  audio_codec.o [1]
  .bss                zero     0x20031538     0x18  dlmalloc.o [3]
  .bss                zero     0x20031550      0x4  DSP.o [1]
  .bss                zero     0x20031554      0x4  stm32f7xx_hal.o [1]
  .bss                zero     0x20031558      0x4  stm32f7xx_it.o [1]
  .bss                zero     0x2003155c      0x4  xgetmemchunk.o [3]
  .bss                zero     0x20031560      0x2  main.o [1]
  .bss                zero     0x20031562      0x2  waverecorder.o [1]
  .bss                zero     0x20031564      0x2  waverecorder.o [1]
  .bss                zero     0x20031566      0x1  audio_application.o [1]
  .bss                zero     0x20031567      0x1  usbd_ctlreq.o [1]
  .bss                zero     0x20031568      0x1  waverecorder.o [1]
                             - 0x20031569  0x1fde1

"P3", part 3 of 3:                          0x4000
  CSTACK                       0x20031570   0x2000  <Block>
    CSTACK            uninit   0x20031570   0x2000  <Block tail>
  HEAP                         0x20033570   0x2000  <Block>
    HEAP              uninit   0x20033570   0x2000  <Block tail>
                             - 0x20035570   0x4000


*******************************************************************************
*** INIT TABLE
***

          Address     Size
          -------     ----
Zero (__iar_zero_init3)
    1 destination range, total size 0x1fde1:
          0x20011788  0x1fde1

Copy/lz77 (__iar_lz77_init3)
    1 source range, total size 0x353 (14% of destination):
          0x0801f124    0x353
    1 destination range, total size 0x1785:
          0x20010000   0x1785



*******************************************************************************
*** MODULE SUMMARY
***

    Module                    ro code  ro data  rw data
    ------                    -------  -------  -------
D:\sop1hc\Github\data\Mic_Array_V00\USB_STREAMING\Mic_Array\Projects\STM32746G\Applications\Audio\Mic_Array\EWARM\STM32F7\Obj: [1]
    DSP.o                       2 276                 4
    audio_application.o           552            32 769
    audio_codec.o               2 576       23      224
    main.o                      1 752      669   17 262
    sta321mp.o                  2 720       22      156
    startup_stm32f746xx.o         780
    stm32746g_discovery.o         204
    stm32f7xx_hal.o               128                 4
    stm32f7xx_hal_cortex.o        208
    stm32f7xx_hal_dma.o           788
    stm32f7xx_hal_gpio.o          556
    stm32f7xx_hal_i2c.o         2 584
    stm32f7xx_hal_i2c_ex.o        118
    stm32f7xx_hal_i2s.o           272
    stm32f7xx_hal_pcd.o         2 114
    stm32f7xx_hal_pcd_ex.o        114
    stm32f7xx_hal_pwr_ex.o        120
    stm32f7xx_hal_rcc.o         1 496
    stm32f7xx_hal_rcc_ex.o      1 636
    stm32f7xx_hal_spi.o         2 004
    stm32f7xx_hal_uart.o          574
    stm32f7xx_it.o                104                 4
    stm32f7xx_ll_usb.o          2 344
    system_stm32f7xx.o             76        3       20
    usbd_audio_if.o               224        5       36
    usbd_audio_in.o             2 124       10      676
    usbd_conf_f4.o                578               960
    usbd_core.o                   678
    usbd_ctlreq.o               1 108                 1
    usbd_desc.o                   240        8      252
    usbd_ioreq.o                  156
    waveplayer _CS43L22.o         100        1       65
    waverecorder.o              3 912            82 833
    ---------------------------------------------------
    Total:                     35 216      741  135 266

command line: [2]
    ---------------------------------------------------
    Total:

dl7M_tlf.a: [3]
    XShttio.o                       8        1        8
    abort.o                         6
    dlmalloc.o                  5 360               496
    errno.o                        12                 4
    exit.o                          4
    low_level_init.o                4
    xgetmemchunk.o                 44                 4
    xtls.o                          2
    ---------------------------------------------------
    Total:                      5 440        1      512

iar_cortexM7ls_math.a: [4]
    arm_bitreversal2.o            192
    arm_common_tables.o                 78 936
    arm_rfft_fast_init_f32.o      324
    ---------------------------------------------------
    Total:                        516   78 936

libPDMFilter_CM7_IAR.a: [5]
    pdm_filter.o                1 360      109      772
    ---------------------------------------------------
    Total:                      1 360      109      772

m7M_tls.a: [6]
    DblAdd.o                      232
    DblCmpEq.o                     32
    DblCmpGe.o                     46
    DblCmpLe.o                     46
    DblDiv.o                      598
    DblMul.o                      418
    DblSub.o                      384
    DblToFlt.o                    144
    DblToI32.o                     76
    FltCmpEq.o                     28
    FltCmpLe.o                     36
    FltMul.o                       18
    FltToDbl.o                     78
    I32ToDbl.o                     48
    U32ToFlt.o                     14
    fmod.o                        424
    fpinit_M.o                     34
    sqrt.o                        240
    xdint.o                       122
    xquad.o                       360
    xsin.o                      1 122
    ---------------------------------------------------
    Total:                      4 500

rt7M_tl.a: [7]
    ABImemclr.o                     6
    ABImemcpy_unaligned.o         118
    ABImemset.o                    94
    I64DivMod.o                   306
    I64DivZer.o                     2
    cexit.o                        10
    cmain.o                        26
    cstartup_M.o                   12
    data_init.o                    40
    iarEdom.o                      12
    lz77_init.o                   452
    zero_init3.o                   64
    ---------------------------------------------------
    Total:                      1 142

shb_l.a: [8]
    exit.o                         20
    iarttio.o                      48
    ---------------------------------------------------
    Total:                         68

    Gaps                           44        2
    Linker created                          44   16 384
-------------------------------------------------------
    Grand Total:               48 286   79 833  152 934


*******************************************************************************
*** ENTRY LIST
***

Entry                      Address    Size  Type      Object
-----                      -------    ----  ----      ------
.iar.init_table$$Base   0x0801ef78           --   Gb  - Linker created -
.iar.init_table$$Limit  0x0801efa4           --   Gb  - Linker created -
?main                   0x0801efa5          Code  Gb  cmain.o [7]
AHBPrescTable           0x20011740    0x10  Data  Gb  system_stm32f7xx.o [1]
APBAHBPrescTable        0x0801a5b4    0x10  Data  Gb  stm32f7xx_hal_rcc.o [1]
AUDIO_Desc              0x20011720    0x1c  Data  Gb  usbd_desc.o [1]
AUDIO_Init              0x0801b055    0x2c  Code  Gb  audio_codec.o [1]
AUDIO_InitApplication   0x08018a35     0xc  Code  Gb  waveplayer _CS43L22.o [1]
AudioPlayerUpd          0x08019df5   0x1dc  Code  Gb  audio_application.o [1]
AudioRemSize            0x20011620     0x4  Data  Gb  audio_codec.o [1]
AudioTotalSize          0x2001161c     0x4  Data  Gb  audio_codec.o [1]
AudioUSBSend            0x08019dc5    0x2e  Code  Gb  audio_application.o [1]
Audio_CommandMgr        0x0801d10f     0x4  Code  Lc  usbd_audio_if.o [1]
Audio_DeInit            0x0801d0c9     0x4  Code  Lc  usbd_audio_if.o [1]
Audio_Init              0x0801d0c5     0x4  Code  Lc  usbd_audio_if.o [1]
Audio_MAL_Play          0x0801b6c9    0x54  Code  Gb  audio_codec.o [1]
Audio_MuteCtl           0x0801d0ff     0x4  Code  Lc  usbd_audio_if.o [1]
Audio_Pause             0x0801d107     0x4  Code  Lc  usbd_audio_if.o [1]
Audio_Record            0x0801d0cd     0x4  Code  Lc  usbd_audio_if.o [1]
Audio_Resume            0x0801d10b     0x4  Code  Lc  usbd_audio_if.o [1]
Audio_Stop              0x0801d103     0x4  Code  Lc  usbd_audio_if.o [1]
Audio_VolumeCtl         0x0801d0d1    0x2e  Code  Lc  usbd_audio_if.o [1]
BSP_LED_Init            0x08017cd9    0x8c  Code  Gb  stm32746g_discovery.o [1]
BSP_LED_Toggle          0x08017d65    0x2e  Code  Gb  stm32746g_discovery.o [1]
Buffer1                 0x20011788  0x4000  Data  Gb  waverecorder.o [1]
Buffer2                 0x20015788  0x4000  Data  Gb  waverecorder.o [1]
Buffer3                 0x20019788  0x4000  Data  Gb  waverecorder.o [1]
BusFault_Handler        0x0801ee3f     0x2  Code  Gb  stm32f7xx_it.o [1]
ButtonInit              0x08015ff3    0x4c  Code  Gb  main.o [1]
CSTACK$$Base            0x20031570           --   Gb  - Linker created -
CSTACK$$Limit           0x20033570           --   Gb  - Linker created -
Codec_Init              0x0801b261   0x468  Code  Lc  audio_codec.o [1]
Codec_TIMEOUT_UserCallback
                        0x080189dd     0x4  Code  Gb  waveplayer _CS43L22.o [1]
Command_index           0x2001177b     0x1  Data  Gb  main.o [1]
CurrentPos              0x20011624     0x4  Data  Gb  audio_codec.o [1]
DMA1_Stream0_IRQHandler
                        0x0801b255     0x2  Code  Gb  audio_codec.o [1]
DMA1_Stream7_IRQHandler
                        0x0801b081   0x1d4  Code  Gb  audio_codec.o [1]
DMA2_Stream4_IRQHandler
                        0x0801ee9d     0x2  Code  Gb  stm32f7xx_it.o [1]
DMA2_Stream5_IRQHandler
                        0x080158dd     0x6  Code  Gb  waverecorder.o [1]
DMA2_Stream6_IRQHandler
                        0x080158e3     0x6  Code  Gb  waverecorder.o [1]
DMA2_Stream7_IRQHandler
                        0x0801ee9f     0x2  Code  Gb  stm32f7xx_it.o [1]
DebugMon_Handler        0x0801ee45     0x2  Code  Gb  stm32f7xx_it.o [1]
DmaHandle               0x20011584    0x58  Data  Gb  audio_codec.o [1]
EXTI15_10_IRQHandler    0x08015f27     0x2  Code  Gb  main.o [1]
EXTI4_IRQHandler        0x08015efd    0x2a  Code  Gb  main.o [1]
EXTI9_5_IRQHandler      0x08015f29    0x4e  Code  Gb  main.o [1]
EnergyError             0x20031550     0x4  Data  Gb  DSP.o [1]
EnergyNoiseCalc         0x0801958d    0x30  Code  Gb  DSP.o [1]
FacMic                  0x20010014    0x18  Data  Gb  main.o [1]
FactorUpd               0x08019575    0x16  Code  Gb  DSP.o [1]
Filter                  0x20030e84    0x68  Data  Gb  waverecorder.o [1]
GPIO_INS                0x20010000    0x14  Data  Gb  main.o [1]
GPIO_PIN                0x08017d9c     0x8  Data  Gb  stm32746g_discovery.o [1]
GPIO_STA                0x20011638    0x14  Data  Gb  sta321mp.o [1]
HAL_DMA_DeInit          0x0801736f    0x6e  Code  Gb  stm32f7xx_hal_dma.o [1]
HAL_DMA_IRQHandler      0x08017449   0x198  Code  Gb  stm32f7xx_hal_dma.o [1]
HAL_DMA_Init            0x080172e1    0x8e  Code  Gb  stm32f7xx_hal_dma.o [1]
HAL_DMA_Start_IT        0x080173dd    0x6c  Code  Gb  stm32f7xx_hal_dma.o [1]
HAL_Delay               0x08017651    0x1c  Code  Wk  stm32f7xx_hal.o [1]
HAL_GPIO_Init           0x080161b1   0x1d8  Code  Gb  stm32f7xx_hal_gpio.o [1]
HAL_GPIO_ReadPin        0x08016389     0xe  Code  Gb  stm32f7xx_hal_gpio.o [1]
HAL_GPIO_TogglePin      0x0801639f     0x8  Code  Gb  stm32f7xx_hal_gpio.o [1]
HAL_GPIO_WritePin       0x08016397     0x8  Code  Gb  stm32f7xx_hal_gpio.o [1]
HAL_GetTick             0x08017649     0x6  Code  Wk  stm32f7xx_hal.o [1]
HAL_I2CEx_ConfigAnalogFilter
                        0x0801d1a5    0x76  Code  Gb  stm32f7xx_hal_i2c_ex.o [1]
HAL_I2C_EV_IRQHandler   0x0801aa9d    0xfe  Code  Gb  stm32f7xx_hal_i2c.o [1]
HAL_I2C_ErrorCallback   0x0801aba7     0x2  Code  Wk  stm32f7xx_hal_i2c.o [1]
HAL_I2C_GetError        0x0801aba9     0x4  Code  Gb  stm32f7xx_hal_i2c.o [1]
HAL_I2C_Init            0x0801a63d    0xa2  Code  Gb  stm32f7xx_hal_i2c.o [1]
HAL_I2C_MasterRxCpltCallback
                        0x0801ab9d     0x2  Code  Wk  stm32f7xx_hal_i2c.o [1]
HAL_I2C_MasterTxCpltCallback
                        0x0801ab9b     0x2  Code  Wk  stm32f7xx_hal_i2c.o [1]
HAL_I2C_Master_Receive  0x0801a8b5   0x1dc  Code  Gb  stm32f7xx_hal_i2c.o [1]
HAL_I2C_Master_Transmit
                        0x0801a6e1   0x1d2  Code  Gb  stm32f7xx_hal_i2c.o [1]
HAL_I2C_MemRxCpltCallback
                        0x0801aba5     0x2  Code  Wk  stm32f7xx_hal_i2c.o [1]
HAL_I2C_MemTxCpltCallback
                        0x0801aba3     0x2  Code  Wk  stm32f7xx_hal_i2c.o [1]
HAL_I2C_MspInit         0x08015e37    0xc6  Code  Gb  main.o [1]
HAL_I2C_SlaveRxCpltCallback
                        0x0801aba1     0x2  Code  Wk  stm32f7xx_hal_i2c.o [1]
HAL_I2C_SlaveTxCpltCallback
                        0x0801ab9f     0x2  Code  Wk  stm32f7xx_hal_i2c.o [1]
HAL_I2S_Init            0x0801692d    0xfc  Code  Gb  stm32f7xx_hal_i2s.o [1]
HAL_I2S_MspInit         0x0801b72d   0x28c  Code  Gb  audio_codec.o [1]
HAL_I2S_TxCpltCallback  0x0801606b     0x2  Code  Gb  main.o [1]
HAL_IncTick             0x0801763f     0xa  Code  Wk  stm32f7xx_hal.o [1]
HAL_Init                0x080175f5    0x24  Code  Gb  stm32f7xx_hal.o [1]
HAL_InitTick            0x0801761b    0x24  Code  Wk  stm32f7xx_hal.o [1]
HAL_MspInit             0x08017619     0x2  Code  Wk  stm32f7xx_hal.o [1]
HAL_NVIC_DisableIRQ     0x0801728f    0x12  Code  Gb  stm32f7xx_hal_cortex.o [1]
HAL_NVIC_EnableIRQ      0x0801727d    0x12  Code  Gb  stm32f7xx_hal_cortex.o [1]
HAL_NVIC_SetPriority    0x0801722b    0x52  Code  Gb  stm32f7xx_hal_cortex.o [1]
HAL_NVIC_SetPriorityGrouping
                        0x08017211    0x1a  Code  Gb  stm32f7xx_hal_cortex.o [1]
HAL_PCDEx_ActivateLPM   0x0801dc8b    0x26  Code  Gb  stm32f7xx_hal_pcd_ex.o [1]
HAL_PCDEx_LPM_Callback  0x0801dcb1     0x2  Code  Wk  stm32f7xx_hal_pcd_ex.o [1]
HAL_PCDEx_SetRxFiFo     0x0801dc83     0x8  Code  Gb  stm32f7xx_hal_pcd_ex.o [1]
HAL_PCDEx_SetTxFiFo     0x0801dc41    0x42  Code  Gb  stm32f7xx_hal_pcd_ex.o [1]
HAL_PCD_ConnectCallback
                        0x0801c8db     0x8  Code  Gb  usbd_conf_f4.o [1]
HAL_PCD_DataInStageCallback
                        0x0801c881    0x12  Code  Gb  usbd_conf_f4.o [1]
HAL_PCD_DataOutStageCallback
                        0x0801c86d    0x14  Code  Gb  usbd_conf_f4.o [1]
HAL_PCD_DisconnectCallback
                        0x0801c8e3     0x8  Code  Gb  usbd_conf_f4.o [1]
HAL_PCD_EP_Close        0x0801d9a7    0x46  Code  Gb  stm32f7xx_hal_pcd.o [1]
HAL_PCD_EP_ClrStall     0x0801db13    0x54  Code  Gb  stm32f7xx_hal_pcd.o [1]
HAL_PCD_EP_Flush        0x0801db67    0x38  Code  Gb  stm32f7xx_hal_pcd.o [1]
HAL_PCD_EP_Open         0x0801d949    0x5e  Code  Gb  stm32f7xx_hal_pcd.o [1]
HAL_PCD_EP_Receive      0x0801d9ed    0x60  Code  Gb  stm32f7xx_hal_pcd.o [1]
HAL_PCD_EP_SetStall     0x0801daad    0x66  Code  Gb  stm32f7xx_hal_pcd.o [1]
HAL_PCD_EP_Transmit     0x0801da4d    0x60  Code  Gb  stm32f7xx_hal_pcd.o [1]
HAL_PCD_IRQHandler      0x0801d4e5   0x440  Code  Gb  stm32f7xx_hal_pcd.o [1]
HAL_PCD_ISOINIncompleteCallback
                        0x0801c8d3     0x8  Code  Gb  usbd_conf_f4.o [1]
HAL_PCD_ISOOUTIncompleteCallback
                        0x0801c8cb     0x8  Code  Gb  usbd_conf_f4.o [1]
HAL_PCD_Init            0x0801d3fd    0xbe  Code  Gb  stm32f7xx_hal_pcd.o [1]
HAL_PCD_MspInit         0x0801c7dd    0x84  Code  Gb  usbd_conf_f4.o [1]
HAL_PCD_ResetCallback   0x0801c89b    0x20  Code  Gb  usbd_conf_f4.o [1]
HAL_PCD_ResumeCallback  0x0801c8c3     0x8  Code  Gb  usbd_conf_f4.o [1]
HAL_PCD_SOFCallback     0x0801c893     0x8  Code  Gb  usbd_conf_f4.o [1]
HAL_PCD_SetAddress      0x0801d925    0x24  Code  Gb  stm32f7xx_hal_pcd.o [1]
HAL_PCD_SetupStageCallback
                        0x0801c861     0xc  Code  Gb  usbd_conf_f4.o [1]
HAL_PCD_Start           0x0801d4bb    0x2a  Code  Gb  stm32f7xx_hal_pcd.o [1]
HAL_PCD_SuspendCallback
                        0x0801c8bb     0x8  Code  Gb  usbd_conf_f4.o [1]
HAL_PWREx_EnableOverDrive
                        0x0801a5c5    0x70  Code  Gb  stm32f7xx_hal_pwr_ex.o [1]
HAL_RCCEx_GetPeriphCLKConfig
                        0x08017b79   0x14c  Code  Gb  stm32f7xx_hal_rcc_ex.o [1]
HAL_RCCEx_PeriphCLKConfig
                        0x08017675   0x504  Code  Gb  stm32f7xx_hal_rcc_ex.o [1]
HAL_RCC_ClockConfig     0x0801a353   0x1e0  Code  Gb  stm32f7xx_hal_rcc.o [1]
HAL_RCC_GetHCLKFreq     0x0801a577    0x22  Code  Gb  stm32f7xx_hal_rcc.o [1]
HAL_RCC_GetSysClockFreq
                        0x0801a533    0x44  Code  Gb  stm32f7xx_hal_rcc.o [1]
HAL_RCC_OscConfig       0x08019fed   0x366  Code  Gb  stm32f7xx_hal_rcc.o [1]
HAL_SPI_ErrorCallback   0x08016d91     0x2  Code  Wk  stm32f7xx_hal_spi.o [1]
HAL_SPI_Init            0x08016a3d    0xba  Code  Gb  stm32f7xx_hal_spi.o [1]
HAL_SPI_MspInit         0x0801542d   0x49c  Code  Gb  waverecorder.o [1]
HAL_SPI_Receive_DMA     0x08016af7   0x108  Code  Gb  stm32f7xx_hal_spi.o [1]
HAL_SPI_RxCpltCallback  0x08015915    0x2a  Code  Gb  waverecorder.o [1]
HAL_SPI_RxHalfCpltCallback
                        0x080158e9    0x2c  Code  Gb  waverecorder.o [1]
HAL_SPI_TransmitReceive_DMA
                        0x08016bff   0x18e  Code  Gb  stm32f7xx_hal_spi.o [1]
HAL_SPI_TxRxCpltCallback
                        0x08016d8d     0x2  Code  Wk  stm32f7xx_hal_spi.o [1]
HAL_SPI_TxRxHalfCpltCallback
                        0x08016d8f     0x2  Code  Wk  stm32f7xx_hal_spi.o [1]
HAL_SYSTICK_Config      0x080172a1    0x22  Code  Gb  stm32f7xx_hal_cortex.o [1]
HAL_UART_ErrorCallback  0x0801ea2d     0x2  Code  Wk  stm32f7xx_hal_uart.o [1]
HAL_UART_IRQHandler     0x0801e885   0x1a4  Code  Gb  stm32f7xx_hal_uart.o [1]
HAL_UART_RxCpltCallback
                        0x0801ea2b     0x2  Code  Wk  stm32f7xx_hal_uart.o [1]
HAL_UART_TxCpltCallback
                        0x0801ea29     0x2  Code  Wk  stm32f7xx_hal_uart.o [1]
HEAP$$Base              0x20033570           --   Gb  - Linker created -
HEAP$$Limit             0x20035570           --   Gb  - Linker created -
HardFault_Handler       0x0801ee3b     0x2  Code  Gb  stm32f7xx_it.o [1]
I2C1_EV_IRQHandler      0x0801ee71     0x6  Code  Gb  stm32f7xx_it.o [1]
I2C2_EV_IRQHandler      0x0801ee77     0x6  Code  Gb  stm32f7xx_it.o [1]
I2C_IsAcknowledgeFailed
                        0x0801afd9    0x76  Code  Lc  stm32f7xx_hal_i2c.o [1]
I2C_MasterReceive_ISR   0x0801ad0d   0x154  Code  Lc  stm32f7xx_hal_i2c.o [1]
I2C_MasterTransmit_ISR  0x0801abad   0x160  Code  Lc  stm32f7xx_hal_i2c.o [1]
I2C_SlaveReceive_ISR    0x0801af21    0xac  Code  Lc  stm32f7xx_hal_i2c.o [1]
I2C_SlaveTransmit_ISR   0x0801ae61    0xc0  Code  Lc  stm32f7xx_hal_i2c.o [1]
I2S1_Enable             0x080152b1    0x18  Code  Gb  waverecorder.o [1]
I2S2_Enable             0x080152c9    0x18  Code  Gb  waverecorder.o [1]
I2S2_idxTmp             0x20010034     0x2  Data  Gb  main.o [1]
I2S2_stLR               0x200313d3     0x1  Data  Gb  waverecorder.o [1]
I2S2_stLROld            0x200313d4     0x1  Data  Gb  waverecorder.o [1]
I2S3_Init               0x080189e1    0x46  Code  Gb  waveplayer _CS43L22.o [1]
InStream_Read           0x0801eac3    0x22  Code  Lc  lz77_init.o [7]
IsocInBuffDummy         0x20030c3c   0x180  Data  Lc  usbd_audio_in.o [1]
MIC1TO8_Init            0x0801521d    0x5c  Code  Gb  waverecorder.o [1]
MX_I2C1_Init            0x0801b9bb    0x36  Code  Gb  audio_codec.o [1]
MX_I2C2_Init            0x0801603f    0x2c  Code  Gb  main.o [1]
MemManage_Handler       0x0801ee3d     0x2  Code  Gb  stm32f7xx_it.o [1]
NMI_Handler             0x0801ee39     0x2  Code  Gb  stm32f7xx_it.o [1]
NoiseBG                 0x080195c4   0x800  Data  Gb  DSP.o [1]
OTG_FS_IRQHandler       0x0801ee7d     0x6  Code  Gb  stm32f7xx_it.o [1]
OutStream_Write         0x0801eae5    0x40  Code  Lc  lz77_init.o [7]
OutputDev               0x20011618     0x1  Data  Gb  audio_codec.o [1]
PCD_WriteEmptyTxFifo    0x0801db9f    0xa0  Code  Lc  stm32f7xx_hal_pcd.o [1]
PCM_Buffer1             0x20025788  0x4000  Data  Gb  audio_application.o [1]
PCM_Buffer2             0x20029788  0x4000  Data  Gb  audio_application.o [1]
PDM2PCMSDO78            0x0801594d   0x126  Code  Gb  waverecorder.o [1]
PDM_Filter_64_LSB       0x080165dd   0x31e  Code  Gb  pdm_filter.o [5]
PDM_Filter_Init         0x080163dd   0x1fe  Code  Gb  pdm_filter.o [5]
PendSV_Handler          0x0801ee47     0x2  Code  Gb  stm32f7xx_it.o [1]
Region$$Table$$Base     0x0801ef78           --   Gb  - Linker created -
Region$$Table$$Limit    0x0801efa4           --   Gb  - Linker created -
S                       0x20011268    0x18  Data  Gb  main.o [1]
SPI1_IRQHandler         0x08014b91   0x1e2  Code  Gb  waverecorder.o [1]
SPI2_IRQHandler         0x08014d73   0x1c4  Code  Gb  waverecorder.o [1]
SPI3_IRQHandler         0x0801b257     0xa  Code  Gb  audio_codec.o [1]
SPI4_Enable             0x0801531f    0x18  Code  Gb  waverecorder.o [1]
SPI4_IRQHandler         0x08014f37   0x1e8  Code  Gb  waverecorder.o [1]
SPI4_Init               0x080152e1    0x3e  Code  Gb  waverecorder.o [1]
SPI4_stNipple           0x200313e6     0x2  Data  Gb  waverecorder.o [1]
SPI4_stPosShft          0x200313d2     0x1  Data  Gb  waverecorder.o [1]
SPI5_IRQHandler         0x0801511f    0x82  Code  Gb  waverecorder.o [1]
SPI5_Init               0x08015339    0x8a  Code  Gb  waverecorder.o [1]
SPI6_IRQHandler         0x080151a1    0x7c  Code  Gb  waverecorder.o [1]
SPI6_Init               0x080153c3    0x4c  Code  Gb  waverecorder.o [1]
SPI_DMAError            0x080171e9    0x26  Code  Lc  stm32f7xx_hal_spi.o [1]
SPI_DMAHalfReceiveCplt  0x080171c9     0xe  Code  Lc  stm32f7xx_hal_spi.o [1]
SPI_DMAHalfTransmitReceiveCplt
                        0x080171d9     0xe  Code  Lc  stm32f7xx_hal_spi.o [1]
SPI_DMAReceiveCplt      0x08016d95   0x220  Code  Lc  stm32f7xx_hal_spi.o [1]
SPI_DMATransmitReceiveCplt
                        0x08016fb5   0x214  Code  Lc  stm32f7xx_hal_spi.o [1]
STA321MP_Ini            0x08018a41   0x54e  Code  Gb  sta321mp.o [1]
STACoefSet              0x08018fed   0x2e0  Code  Gb  sta321mp.o [1]
SVC_Handler             0x0801ee43     0x2  Code  Gb  stm32f7xx_it.o [1]
Send_Audio_to_USB       0x0801d113     0xa  Code  Gb  usbd_audio_if.o [1]
StartPlay               0x0801606d    0x3e  Code  Gb  main.o [1]
StartRecMic7_8          0x08015279    0x38  Code  Gb  waverecorder.o [1]
SubFrameFinished        0x080160ab    0x8e  Code  Gb  main.o [1]
SumDelay                0x08015f79    0x7a  Code  Gb  main.o [1]
SysTick_Handler         0x0801ee49    0x20  Code  Gb  stm32f7xx_it.o [1]
SystemClock_Config      0x08015d97    0xa0  Code  Lc  main.o [1]
SystemCoreClock         0x2001173c     0x4  Data  Gb  system_stm32f7xx.o [1]
SystemInit              0x0801eea1    0x3c  Code  Gb  system_stm32f7xx.o [1]
T0                      0x20011284   0x100  Data  Gb  pdm_filter.o [5]
T1                      0x20011384   0x100  Data  Gb  pdm_filter.o [5]
T2                      0x20011484   0x100  Data  Gb  pdm_filter.o [5]
TestSDO7                0x2001d788  0x4000  Data  Gb  waverecorder.o [1]
TestSDO8                0x20021788  0x4000  Data  Gb  waverecorder.o [1]
UART_Receive_IT         0x0801ea2f    0x94  Code  Lc  stm32f7xx_hal_uart.o [1]
USART3_IRQHandler       0x0801ee6b     0x6  Code  Gb  stm32f7xx_it.o [1]
USART6_IRQHandler       0x0801ee69     0x2  Code  Gb  stm32f7xx_it.o [1]
USBD_AUDIO              0x200116c4    0x38  Data  Gb  usbd_audio_in.o [1]
USBD_AUDIO_CfgDesc      0x20030bc0    0x78  Data  Lc  usbd_audio_in.o [1]
USBD_AUDIO_ConfigStrDescriptor
                        0x0801ecdd    0x14  Code  Gb  usbd_desc.o [1]
USBD_AUDIO_DataIn       0x0801806f    0xc6  Code  Lc  usbd_audio_in.o [1]
USBD_AUDIO_DataOut      0x0801817d     0x4  Code  Lc  usbd_audio_in.o [1]
USBD_AUDIO_Data_Transfer
                        0x0801818b    0xe0  Code  Gb  usbd_audio_in.o [1]
USBD_AUDIO_DeInit       0x08017f51    0x26  Code  Lc  usbd_audio_in.o [1]
USBD_AUDIO_DeviceDescriptor
                        0x0801ec89     0x8  Code  Gb  usbd_desc.o [1]
USBD_AUDIO_DeviceQualifierDesc
                        0x20011764     0xc  Data  Lc  usbd_audio_in.o [1]
USBD_AUDIO_EP0_RxReady  0x08018135    0x38  Code  Lc  usbd_audio_in.o [1]
USBD_AUDIO_EP0_TxReady  0x0801816d     0x4  Code  Lc  usbd_audio_in.o [1]
USBD_AUDIO_GetCfgDesc   0x08018065     0xa  Code  Lc  usbd_audio_in.o [1]
USBD_AUDIO_GetDeviceQualifierDesc
                        0x08018181     0xa  Code  Lc  usbd_audio_in.o [1]
USBD_AUDIO_Init         0x08017ee9    0x68  Code  Lc  usbd_audio_in.o [1]
USBD_AUDIO_Init_Microphone_Descriptor
                        0x08018275   0x4a8  Code  Gb  usbd_audio_in.o [1]
USBD_AUDIO_InterfaceStrDescriptor
                        0x0801ecf1    0x14  Code  Gb  usbd_desc.o [1]
USBD_AUDIO_IsoINIncomplete
                        0x08018175     0x4  Code  Lc  usbd_audio_in.o [1]
USBD_AUDIO_IsoOutIncomplete
                        0x08018179     0x4  Code  Lc  usbd_audio_in.o [1]
USBD_AUDIO_LangIDStrDescriptor
                        0x0801ec91     0x8  Code  Gb  usbd_desc.o [1]
USBD_AUDIO_ManufacturerStrDescriptor
                        0x0801ecad    0x14  Code  Gb  usbd_desc.o [1]
USBD_AUDIO_ProductStrDescriptor
                        0x0801ec99    0x14  Code  Gb  usbd_desc.o [1]
USBD_AUDIO_RegisterInterface
                        0x0801826b     0xa  Code  Gb  usbd_audio_in.o [1]
USBD_AUDIO_SOF          0x08018171     0x4  Code  Lc  usbd_audio_in.o [1]
USBD_AUDIO_SerialStrDescriptor
                        0x0801ecc1    0x1c  Code  Gb  usbd_desc.o [1]
USBD_AUDIO_Setup        0x08017f77    0xee  Code  Lc  usbd_audio_in.o [1]
USBD_AUDIO_fops         0x200116fc    0x24  Data  Gb  usbd_audio_if.o [1]
USBD_ClrClassConfig     0x08018799    0x12  Code  Gb  usbd_core.o [1]
USBD_CtlContinueRx      0x0801ca73    0x14  Code  Gb  usbd_ioreq.o [1]
USBD_CtlContinueSendData
                        0x0801ca3d    0x14  Code  Gb  usbd_ioreq.o [1]
USBD_CtlError           0x0801cead    0x16  Code  Gb  usbd_ctlreq.o [1]
USBD_CtlPrepareRx       0x0801ca51    0x22  Code  Gb  usbd_ioreq.o [1]
USBD_CtlReceiveStatus   0x0801caa1    0x1a  Code  Gb  usbd_ioreq.o [1]
USBD_CtlSendData        0x0801ca1f    0x1e  Code  Gb  usbd_ioreq.o [1]
USBD_CtlSendStatus      0x0801ca87    0x1a  Code  Gb  usbd_ioreq.o [1]
USBD_GetDescriptor      0x0801cd75   0x110  Code  Lc  usbd_ctlreq.o [1]
USBD_GetString          0x0801cec5    0x4c  Code  Gb  usbd_ctlreq.o [1]
USBD_Init               0x08018735    0x30  Code  Gb  usbd_core.o [1]
USBD_LL_ClearStallEP    0x0801c9b9    0x12  Code  Gb  usbd_conf_f4.o [1]
USBD_LL_CloseEP         0x0801c983    0x12  Code  Gb  usbd_conf_f4.o [1]
USBD_LL_DataInStage     0x0801887d    0xb2  Code  Gb  usbd_core.o [1]
USBD_LL_DataOutStage    0x0801880f    0x6e  Code  Gb  usbd_core.o [1]
USBD_LL_DevConnected    0x080189bb     0x4  Code  Gb  usbd_core.o [1]
USBD_LL_DevDisconnected
                        0x080189bf    0x1c  Code  Gb  usbd_core.o [1]
USBD_LL_FlushEP         0x0801c995    0x12  Code  Gb  usbd_conf_f4.o [1]
USBD_LL_Init            0x0801c8eb    0x60  Code  Gb  usbd_conf_f4.o [1]
USBD_LL_IsStallEP       0x0801c9cb    0x1e  Code  Gb  usbd_conf_f4.o [1]
USBD_LL_IsoINIncomplete
                        0x080189b3     0x4  Code  Gb  usbd_core.o [1]
USBD_LL_IsoOUTIncomplete
                        0x080189b7     0x4  Code  Gb  usbd_core.o [1]
USBD_LL_OpenEP          0x0801c96f    0x14  Code  Gb  usbd_conf_f4.o [1]
USBD_LL_PrepareReceive  0x0801ca0d    0x12  Code  Gb  usbd_conf_f4.o [1]
USBD_LL_Reset           0x0801892f    0x42  Code  Gb  usbd_core.o [1]
USBD_LL_Resume          0x08018989     0xc  Code  Gb  usbd_core.o [1]
USBD_LL_SOF             0x08018995    0x1e  Code  Gb  usbd_core.o [1]
USBD_LL_SetSpeed        0x08018971     0x6  Code  Gb  usbd_core.o [1]
USBD_LL_SetUSBAddress   0x0801c9e9    0x12  Code  Gb  usbd_conf_f4.o [1]
USBD_LL_SetupStage      0x080187ab    0x64  Code  Gb  usbd_core.o [1]
USBD_LL_StallEP         0x0801c9a7    0x12  Code  Gb  usbd_conf_f4.o [1]
USBD_LL_Start           0x0801c95d    0x12  Code  Gb  usbd_conf_f4.o [1]
USBD_LL_Suspend         0x08018977    0x12  Code  Gb  usbd_core.o [1]
USBD_LL_Transmit        0x0801c9fb    0x12  Code  Gb  usbd_conf_f4.o [1]
USBD_LangIDDesc         0x2001177c     0x4  Data  Gb  usbd_desc.o [1]
USBD_ParseSetupRequest  0x0801ce85    0x28  Code  Gb  usbd_ctlreq.o [1]
USBD_RegisterClass      0x08018765    0x10  Code  Gb  usbd_core.o [1]
USBD_SetClassConfig     0x08018783    0x16  Code  Gb  usbd_core.o [1]
USBD_Start              0x08018775     0xe  Code  Gb  usbd_core.o [1]
USBD_StdDevReq          0x0801cabd   0x15e  Code  Gb  usbd_ctlreq.o [1]
USBD_StdEPReq           0x0801cc69   0x10c  Code  Gb  usbd_ctlreq.o [1]
USBD_StdItfReq          0x0801cc21    0x46  Code  Gb  usbd_ctlreq.o [1]
USBD_StrDesc            0x200311d8    0xc8  Data  Gb  usbd_desc.o [1]
USB_ActivateEndpoint    0x0801e1f5    0x8c  Code  Gb  stm32f7xx_ll_usb.o [1]
USB_ActivateSetup       0x0801e80b    0x2e  Code  Gb  stm32f7xx_ll_usb.o [1]
USB_CoreInit            0x0801df5d    0xa0  Code  Gb  stm32f7xx_ll_usb.o [1]
USB_DeactivateEndpoint  0x0801e281    0x68  Code  Gb  stm32f7xx_ll_usb.o [1]
USB_DevConnect          0x0801e773    0x1c  Code  Gb  stm32f7xx_ll_usb.o [1]
USB_DevDisconnect       0x0801e78f    0x1c  Code  Gb  stm32f7xx_ll_usb.o [1]
USB_DevInit             0x0801e045   0x144  Code  Gb  stm32f7xx_ll_usb.o [1]
USB_DisableGlobalInt    0x0801e009     0xc  Code  Gb  stm32f7xx_ll_usb.o [1]
USB_EP0StartXfer        0x0801e511   0x146  Code  Gb  stm32f7xx_ll_usb.o [1]
USB_EP0_OutStart        0x0801e839    0x30  Code  Gb  stm32f7xx_ll_usb.o [1]
USB_EPClearStall        0x0801e6fd    0x5a  Code  Gb  stm32f7xx_ll_usb.o [1]
USB_EPSetStall          0x0801e6ab    0x52  Code  Gb  stm32f7xx_ll_usb.o [1]
USB_EPStartXfer         0x0801e2e9   0x228  Code  Gb  stm32f7xx_ll_usb.o [1]
USB_EnableGlobalInt     0x0801dffd     0xc  Code  Gb  stm32f7xx_ll_usb.o [1]
USB_FlushRxFifo         0x0801e1a7    0x1a  Code  Gb  stm32f7xx_ll_usb.o [1]
USB_FlushTxFifo         0x0801e189    0x1e  Code  Gb  stm32f7xx_ll_usb.o [1]
USB_GetDevSpeed         0x0801e1c1    0x34  Code  Gb  stm32f7xx_ll_usb.o [1]
USB_GetMode             0x0801e803     0x8  Code  Gb  stm32f7xx_ll_usb.o [1]
USB_ReadDevAllInEpInterrupt
                        0x0801e7c1     0xe  Code  Gb  stm32f7xx_ll_usb.o [1]
USB_ReadDevAllOutEpInterrupt
                        0x0801e7b3     0xe  Code  Gb  stm32f7xx_ll_usb.o [1]
USB_ReadDevInEPInterrupt
                        0x0801e7e3    0x20  Code  Gb  stm32f7xx_ll_usb.o [1]
USB_ReadDevOutEPInterrupt
                        0x0801e7cf    0x14  Code  Gb  stm32f7xx_ll_usb.o [1]
USB_ReadInterrupts      0x0801e7ab     0x8  Code  Gb  stm32f7xx_ll_usb.o [1]
USB_ReadPacket          0x0801e68d    0x1e  Code  Gb  stm32f7xx_ll_usb.o [1]
USB_SetCurrentMode      0x0801e015    0x2e  Code  Gb  stm32f7xx_ll_usb.o [1]
USB_SetDevAddress       0x0801e757    0x1c  Code  Gb  stm32f7xx_ll_usb.o [1]
USB_WritePacket         0x0801e659    0x34  Code  Gb  stm32f7xx_ll_usb.o [1]
UsageFault_Handler      0x0801ee41     0x2  Code  Gb  stm32f7xx_it.o [1]
VOL_CUR                 0x20030c38     0x2  Data  Lc  usbd_audio_in.o [1]
Volume                  0x20011619     0x1  Data  Gb  audio_codec.o [1]
WaveRec_idxSens1        0x20010036     0x2  Data  Gb  main.o [1]
WaveRec_idxSens2        0x20010038     0x2  Data  Gb  main.o [1]
WaveRec_idxSens3        0x20010032     0x2  Data  Gb  main.o [1]
WaveRec_idxSens4        0x20010030     0x2  Data  Gb  main.o [1]
WaveRec_idxSens5        0x2001003a     0x2  Data  Gb  main.o [1]
WaveRec_idxSens6        0x2001003c     0x2  Data  Gb  main.o [1]
WaveRec_idxTest         0x200313d8     0x2  Data  Gb  waverecorder.o [1]
WaveRecord_flgIni       0x20031568     0x1  Data  Gb  waverecorder.o [1]
WaveRecord_flgInt       0x200313d1     0x1  Data  Gb  waverecorder.o [1]
WaveRecord_flgSDO7Finish
                        0x20030eee     0x1  Data  Gb  waverecorder.o [1]
WaveRecord_flgSDO8Finish
                        0x20030eef     0x1  Data  Gb  waverecorder.o [1]
Window                  0x080194e1    0x72  Code  Gb  DSP.o [1]
WriteCoef               0x080192cd   0x1fe  Code  Gb  sta321mp.o [1]
WriteSTAByte            0x08018f91    0x5a  Code  Gb  sta321mp.o [1]
__aeabi_cdcmpeq         0x0801dd95          Code  Gb  DblCmpEq.o [6]
__aeabi_cdcmple         0x0801d21d          Code  Gb  DblCmpLe.o [6]
__aeabi_cdrcmple        0x0801d24d          Code  Gb  DblCmpGe.o [6]
__aeabi_cfcmpeq         0x0801ba65          Code  Gb  FltCmpEq.o [6]
__aeabi_cfcmple         0x0801ba91          Code  Gb  FltCmpLe.o [6]
__aeabi_d2f             0x0801c079          Code  Gb  DblToFlt.o [6]
__aeabi_d2iz            0x0801be89          Code  Gb  DblToI32.o [6]
__aeabi_dadd            0x0801bda1          Code  Gb  DblAdd.o [6]
__aeabi_ddiv            0x0801bb49          Code  Gb  DblDiv.o [6]
__aeabi_dmul            0x0801bed5          Code  Gb  DblMul.o [6]
__aeabi_dsub            0x0801c56d          Code  Gb  DblSub.o [6]
__aeabi_errno_addr      0x0801d27d     0x6  Code  Gb  errno.o [3]
__aeabi_f2d             0x0801bac9          Code  Gb  FltToDbl.o [6]
__aeabi_fmul            0x0801bab5    0x12  Code  Gb  FltMul.o [6]
__aeabi_i2d             0x0801bb19          Code  Gb  I32ToDbl.o [6]
__aeabi_ldiv0           0x0801dd15          Code  Gb  I64DivZer.o [7]
__aeabi_ldivmod         0x0801cf91          Code  Gb  I64DivMod.o [7]
__aeabi_memclr          0x0801cf11          Code  Gb  ABImemclr.o [7]
__aeabi_ui2d            0x0801bb2d          Code  Gb  I32ToDbl.o [6]
__aeabi_ui2f            0x0801ba81     0xe  Code  Gb  U32ToFlt.o [6]
__aeabi_uldivmod        0x0801cfd5          Code  Gb  I64DivMod.o [7]
__cmain                 0x0801efa5          Code  Gb  cmain.o [7]
__data_GetMemChunk      0x08014b19    0x2c  Code  Gb  xgetmemchunk.o [3]
__exit                  0x08014b45    0x14  Code  Gb  exit.o [8]
__iar_Dint              0x0801dd19    0x7a  Code  Gb  xdint.o [6]
__iar_Errno             0x20011780     0x4  Data  Gb  errno.o [3]
__iar_Memset_word       0x0801dcb5          Code  Gb  ABImemset.o [7]
__iar_Quad              0x0801d289   0x12c  Code  Gb  xquad.o [6]
__iar_Sin               0x0801c109   0x3b2  Code  Gb  xsin.o [6]
__iar_close_ttio        0x08014b59    0x2e  Code  Gb  iarttio.o [8]
__iar_d2uiz             0x0801beb5          Code  Gb  DblToI32.o [6]
__iar_dadd              0x0801bdb5          Code  Gb  DblAdd.o [6]
__iar_data_init3        0x0801ef2d    0x28  Code  Gb  data_init.o [7]
__iar_dlfree            0x080145f7   0x510  Code  Gb  dlmalloc.o [3]
__iar_dlib_perthread_access
                        0x0801dd17     0x2  Code  Gb  xtls.o [3]
__iar_dlmalloc          0x08014341   0x2aa  Code  Gb  dlmalloc.o [3]
__iar_dsub              0x0801c581          Code  Gb  DblSub.o [6]
__iar_dsubStart         0x0801c593          Code  Gb  DblSub.o [6]
__iar_edom              0x0801d3f1          Code  Gb  iarEdom.o [7]
__iar_fmod              0x0801ddb5          Code  Gb  fmod.o [6]
__iar_fmodl             0x0801ddb5          Code  Gb  fmod.o [6]
__iar_init_vfp          0x0801ef55          Code  Gb  fpinit_M.o [6]
__iar_lookup_ttioh      0x08014b89     0x8  Code  Gb  XShttio.o [3]
__iar_lz77_init3        0x0801eb25   0x162  Code  Gb  lz77_init.o [7]
__iar_program_start     0x0801efe5          Code  Gb  cstartup_M.o [7]
__iar_sqrt              0x0801c6ed          Code  Gb  sqrt.o [6]
__iar_ttio_handles      0x20011770     0x8  Data  Lc  XShttio.o [3]
__iar_ui2d              0x0801bb31          Code  Gb  I32ToDbl.o [6]
__iar_unaligned___aeabi_memcpy
                        0x0801cf19          Code  Gb  ABImemcpy_unaligned.o [7]
__iar_unaligned___aeabi_memcpy4
                        0x0801cf39          Code  Gb  ABImemcpy_unaligned.o [7]
__iar_unaligned___aeabi_memcpy8
                        0x0801cf39          Code  Gb  ABImemcpy_unaligned.o [7]
__iar_vfp___iar_Sin     0x0801c559    0x12  Code  Gb  xsin.o [6]
__iar_zero_init3        0x0801eeed    0x40  Code  Gb  zero_init3.o [7]
__low_level_init        0x0801efbf     0x4  Code  Gb  low_level_init.o [3]
__vector_table          0x08000000          Data  Gb  startup_stm32f746xx.o [1]
_call_main              0x0801efb1          Code  Gb  cmain.o [7]
_exit                   0x0801efc9          Code  Gb  cexit.o [7]
_gm_                    0x20031000   0x1d8  Data  Lc  dlmalloc.o [3]
_main                   0x0801efbb          Code  Gb  cmain.o [7]
abort                   0x08014b11     0x6  Code  Gb  abort.o [3]
armBitRevIndexTable1024
                        0x08008ad0   0xe10  Data  Gb  arm_common_tables.o [4]
armBitRevIndexTable128  0x08008240   0x1a0  Data  Gb  arm_common_tables.o [4]
armBitRevIndexTable16   0x08008148    0x28  Data  Gb  arm_common_tables.o [4]
armBitRevIndexTable2048
                        0x080098e0  0x1dc0  Data  Gb  arm_common_tables.o [4]
armBitRevIndexTable256  0x080083e0   0x370  Data  Gb  arm_common_tables.o [4]
armBitRevIndexTable32   0x08008170    0x60  Data  Gb  arm_common_tables.o [4]
armBitRevIndexTable512  0x08008750   0x380  Data  Gb  arm_common_tables.o [4]
armBitRevIndexTable64   0x080081d0    0x70  Data  Gb  arm_common_tables.o [4]
arm_bitreversal_16      0x0801ede3          Code  Gb  arm_bitreversal2.o [4]
arm_bitreversal_32      0x0801ed79          Code  Gb  arm_bitreversal2.o [4]
arm_rfft_fast_init_f32  0x08017da5   0x144  Code  Gb  arm_rfft_fast_init_f32.o [4]
btnSW1                  0x20011778     0x1  Data  Gb  main.o [1]
btnSW2                  0x20011779     0x1  Data  Gb  main.o [1]
bufCoefBiquad           0x20011628    0x10  Data  Gb  sta321mp.o [1]
bufPCMSens7             0x20030ef8     0x4  Data  Gb  waverecorder.o [1]
bufPCMSens8             0x20030efc     0x4  Data  Gb  waverecorder.o [1]
bufferSum               0x2002d788  0x3014  Data  Gb  main.o [1]
buffer_switch           0x2001002e     0x1  Data  Gb  main.o [1]
cntBtnPress             0x2001177a     0x1  Data  Gb  main.o [1]
cntOS                   0x20031558     0x4  Data  Gb  stm32f7xx_it.o [1]
cntPos                  0x20030ef4     0x2  Data  Gb  waverecorder.o [1]
cntPos7                 0x20030ef6     0x2  Data  Gb  waverecorder.o [1]
cntRisingEXTI           0x20031560     0x2  Data  Gb  main.o [1]
cntStrt                 0x20031564     0x2  Data  Gb  waverecorder.o [1]
cntTime200              0x20010040     0x2  Data  Gb  main.o [1]
exit                    0x0801efc3     0x4  Code  Gb  exit.o [3]
fir256Coff              0x20010268  0x1000  Data  Gb  main.o [1]
flg10ms                 0x2001002d     0x1  Data  Gb  main.o [1]
flgDlyUpd               0x2001002c     0x1  Data  Gb  main.o [1]
flgRacing               0x200313d0     0x1  Data  Gb  waverecorder.o [1]
fmod                    0x0801ddb5          Code  Gb  fmod.o [6]
fmodl                   0x0801ddb5          Code  Gb  fmod.o [6]
hUSBDDevice             0x20010044   0x224  Data  Gb  main.o [1]
hUSBDDeviceDesc         0x20011750    0x14  Data  Gb  usbd_desc.o [1]
haudioInstance          0x20030b5c    0x64  Data  Lc  usbd_audio_in.o [1]
hdma_spi5_rx            0x200312a0    0x58  Data  Gb  waverecorder.o [1]
hdma_spi6_rx            0x200312f8    0x58  Data  Gb  waverecorder.o [1]
hi2c1                   0x200115dc    0x3c  Data  Gb  audio_codec.o [1]
hi2c2                   0x200314fc    0x3c  Data  Gb  audio_codec.o [1]
hi2s1                   0x20031350    0x40  Data  Gb  waverecorder.o [1]
hi2s2                   0x20031390    0x40  Data  Gb  waverecorder.o [1]
hi2s3                   0x200314bc    0x40  Data  Gb  waveplayer _CS43L22.o [1]
hpcd                    0x2003079c   0x3c0  Data  Gb  usbd_conf_f4.o [1]
hspi4                   0x20031458    0x64  Data  Gb  main.o [1]
hspi5                   0x20030dbc    0x64  Data  Gb  waverecorder.o [1]
hspi6                   0x20030e20    0x64  Data  Gb  waverecorder.o [1]
huart3                  0x200313e8    0x70  Data  Gb  main.o [1]
idxFrmPDMMic8           0x20031562     0x2  Data  Gb  waverecorder.o [1]
idxMic7                 0x20030ef2     0x2  Data  Gb  waverecorder.o [1]
idxMic8                 0x20030ef0     0x2  Data  Gb  waverecorder.o [1]
idxSPI5DataBuf3         0x2001003e     0x2  Data  Gb  main.o [1]
init_mparams            0x0801363b    0x32  Code  Lc  dlmalloc.o [3]
init_top                0x0801366d    0x34  Code  Lc  dlmalloc.o [3]
main                    0x08015ad9   0x2be  Code  Gb  main.o [1]
mparams                 0x20031538    0x18  Data  Lc  dlmalloc.o [3]
pDataMic7               0x20030f80    0x80  Data  Gb  waverecorder.o [1]
pDataMic8               0x20030f00    0x80  Data  Gb  waverecorder.o [1]
pcSTAComnd              0x2001164c    0x50  Data  Gb  sta321mp.o [1]
pcSTAComnd1             0x2001169c     0x2  Data  Gb  sta321mp.o [1]
pcSTAComnd2             0x200116a0    0x24  Data  Gb  sta321mp.o [1]
prepend_alloc           0x080136a1   0x36c  Code  Lc  dlmalloc.o [3]
segment_holding         0x08013621    0x1a  Code  Lc  dlmalloc.o [3]
sqrt                    0x0801c6ed          Code  Gb  sqrt.o [6]
sqrtl                   0x0801c6ed          Code  Gb  sqrt.o [6]
stm32_crc               0x20011280     0x4  Data  Gb  pdm_filter.o [5]
swtBufUSBOut            0x20031566     0x1  Data  Gb  audio_application.o [1]
swtSDO7                 0x20030eec     0x1  Data  Gb  waverecorder.o [1]
swtSDO8                 0x20030eed     0x1  Data  Gb  waverecorder.o [1]
sys_alloc               0x08013a0d   0x386  Code  Lc  dlmalloc.o [3]
tmalloc_large           0x08013da1   0x390  Code  Lc  dlmalloc.o [3]
tmalloc_small           0x08014131   0x210  Code  Lc  dlmalloc.o [3]
twiddleCoef_1024        0x08002148  0x2000  Data  Gb  arm_common_tables.o [4]
twiddleCoef_128         0x08000548   0x400  Data  Gb  arm_common_tables.o [4]
twiddleCoef_16          0x080001c8    0x80  Data  Gb  arm_common_tables.o [4]
twiddleCoef_2048        0x08004148  0x4000  Data  Gb  arm_common_tables.o [4]
twiddleCoef_256         0x08000948   0x800  Data  Gb  arm_common_tables.o [4]
twiddleCoef_32          0x08000248   0x100  Data  Gb  arm_common_tables.o [4]
twiddleCoef_512         0x08001148  0x1000  Data  Gb  arm_common_tables.o [4]
twiddleCoef_64          0x08000348   0x200  Data  Gb  arm_common_tables.o [4]
twiddleCoef_rfft_1024   0x0800c620  0x1000  Data  Gb  arm_common_tables.o [4]
twiddleCoef_rfft_128    0x0800b820   0x200  Data  Gb  arm_common_tables.o [4]
twiddleCoef_rfft_2048   0x0800d620  0x2000  Data  Gb  arm_common_tables.o [4]
twiddleCoef_rfft_256    0x0800ba20   0x400  Data  Gb  arm_common_tables.o [4]
twiddleCoef_rfft_32     0x0800b6a0    0x80  Data  Gb  arm_common_tables.o [4]
twiddleCoef_rfft_4096   0x0800f620  0x4000  Data  Gb  arm_common_tables.o [4]
twiddleCoef_rfft_512    0x0800be20   0x800  Data  Gb  arm_common_tables.o [4]
twiddleCoef_rfft_64     0x0800b720   0x100  Data  Gb  arm_common_tables.o [4]
uwTick                  0x20031554     0x4  Data  Lc  stm32f7xx_hal.o [1]
vRawSens1               0x200313da     0x2  Data  Gb  waverecorder.o [1]
vRawSens2               0x200313dc     0x2  Data  Gb  waverecorder.o [1]
vRawSens3               0x200313e0     0x2  Data  Gb  waverecorder.o [1]
vRawSens4               0x200313de     0x2  Data  Gb  waverecorder.o [1]
vRawSens5               0x200313e2     0x2  Data  Gb  waverecorder.o [1]
vRawSens6               0x200313e4     0x2  Data  Gb  waverecorder.o [1]
vol_table               0x0801d120    0x84  Data  Gb  usbd_audio_if.o [1]
volume                  0x20011784     0x1  Data  Gb  waveplayer _CS43L22.o [1]


[1] = D:\sop1hc\Github\data\Mic_Array_V00\USB_STREAMING\Mic_Array\Projects\STM32746G\Applications\Audio\Mic_Array\EWARM\STM32F7\Obj
[2] = command line
[3] = dl7M_tlf.a
[4] = iar_cortexM7ls_math.a
[5] = libPDMFilter_CM7_IAR.a
[6] = m7M_tls.a
[7] = rt7M_tl.a
[8] = shb_l.a

   48 286 bytes of readonly  code memory
   79 833 bytes of readonly  data memory
  152 934 bytes of readwrite data memory

Errors: none
Warnings: none
