###############################################################################
#
# IAR ELF Linker V7.40.3.8902/W32 for ARM                 17/Dec/2015  18:31:44
# Copyright 2007-2015 IAR Systems AB.
#
#    Output file  =  
#        D:\sop1hc\Github\data\Mic_Array_V00\Mic_Array\Projects\STM32746G\Applications\Audio\Mic_Array\EWARM\STM32F7-DISCO\Exe\Project.out
#    Map file     =  
#        D:\sop1hc\Github\data\Mic_Array_V00\Mic_Array\Projects\STM32746G\Applications\Audio\Mic_Array\EWARM\STM32F7-DISCO\List\Project.map
#    Command line =  
#        D:\sop1hc\Github\data\Mic_Array_V00\Mic_Array\Projects\STM32746G\Applications\Audio\Mic_Array\EWARM\STM32F7-DISCO\Obj\audio_codec.o
#        D:\sop1hc\Github\data\Mic_Array_V00\Mic_Array\Projects\STM32746G\Applications\Audio\Mic_Array\EWARM\STM32F7-DISCO\Obj\audio_sample.o
#        D:\sop1hc\Github\data\Mic_Array_V00\Mic_Array\Projects\STM32746G\Applications\Audio\Mic_Array\EWARM\STM32F7-DISCO\Obj\explorer.o
#        D:\sop1hc\Github\data\Mic_Array_V00\Mic_Array\Projects\STM32746G\Applications\Audio\Mic_Array\EWARM\STM32F7-DISCO\Obj\ff.o
#        D:\sop1hc\Github\data\Mic_Array_V00\Mic_Array\Projects\STM32746G\Applications\Audio\Mic_Array\EWARM\STM32F7-DISCO\Obj\ft5336.o
#        D:\sop1hc\Github\data\Mic_Array_V00\Mic_Array\Middlewares\ST\STM32_Audio\Addons\PDM\libPDMFilter_CM7_IAR.a
#        D:\sop1hc\Github\data\Mic_Array_V00\Mic_Array\Projects\STM32746G\Applications\Audio\Mic_Array\EWARM\STM32F7-DISCO\Obj\main.o
#        D:\sop1hc\Github\data\Mic_Array_V00\Mic_Array\Projects\STM32746G\Applications\Audio\Mic_Array\EWARM\STM32F7-DISCO\Obj\menu.o
#        D:\sop1hc\Github\data\Mic_Array_V00\Mic_Array\Projects\STM32746G\Applications\Audio\Mic_Array\EWARM\STM32F7-DISCO\Obj\sta321mp.o
#        D:\sop1hc\Github\data\Mic_Array_V00\Mic_Array\Projects\STM32746G\Applications\Audio\Mic_Array\EWARM\STM32F7-DISCO\Obj\startup_stm32f746xx.o
#        D:\sop1hc\Github\data\Mic_Array_V00\Mic_Array\Projects\STM32746G\Applications\Audio\Mic_Array\EWARM\STM32F7-DISCO\Obj\stm32746g_discovery.o
#        D:\sop1hc\Github\data\Mic_Array_V00\Mic_Array\Projects\STM32746G\Applications\Audio\Mic_Array\EWARM\STM32F7-DISCO\Obj\stm32746g_discovery_lcd.o
#        D:\sop1hc\Github\data\Mic_Array_V00\Mic_Array\Projects\STM32746G\Applications\Audio\Mic_Array\EWARM\STM32F7-DISCO\Obj\stm32746g_discovery_sdram.o
#        D:\sop1hc\Github\data\Mic_Array_V00\Mic_Array\Projects\STM32746G\Applications\Audio\Mic_Array\EWARM\STM32F7-DISCO\Obj\stm32746g_discovery_ts.o
#        D:\sop1hc\Github\data\Mic_Array_V00\Mic_Array\Projects\STM32746G\Applications\Audio\Mic_Array\EWARM\STM32F7-DISCO\Obj\stm32f4xx_dac.o
#        D:\sop1hc\Github\data\Mic_Array_V00\Mic_Array\Projects\STM32746G\Applications\Audio\Mic_Array\EWARM\STM32F7-DISCO\Obj\stm32f7xx_hal.o
#        D:\sop1hc\Github\data\Mic_Array_V00\Mic_Array\Projects\STM32746G\Applications\Audio\Mic_Array\EWARM\STM32F7-DISCO\Obj\stm32f7xx_hal_cortex.o
#        D:\sop1hc\Github\data\Mic_Array_V00\Mic_Array\Projects\STM32746G\Applications\Audio\Mic_Array\EWARM\STM32F7-DISCO\Obj\stm32f7xx_hal_dac.o
#        D:\sop1hc\Github\data\Mic_Array_V00\Mic_Array\Projects\STM32746G\Applications\Audio\Mic_Array\EWARM\STM32F7-DISCO\Obj\stm32f7xx_hal_dac_ex.o
#        D:\sop1hc\Github\data\Mic_Array_V00\Mic_Array\Projects\STM32746G\Applications\Audio\Mic_Array\EWARM\STM32F7-DISCO\Obj\stm32f7xx_hal_dma.o
#        D:\sop1hc\Github\data\Mic_Array_V00\Mic_Array\Projects\STM32746G\Applications\Audio\Mic_Array\EWARM\STM32F7-DISCO\Obj\stm32f7xx_hal_dma2d.o
#        D:\sop1hc\Github\data\Mic_Array_V00\Mic_Array\Projects\STM32746G\Applications\Audio\Mic_Array\EWARM\STM32F7-DISCO\Obj\stm32f7xx_hal_dma_ex.o
#        D:\sop1hc\Github\data\Mic_Array_V00\Mic_Array\Projects\STM32746G\Applications\Audio\Mic_Array\EWARM\STM32F7-DISCO\Obj\stm32f7xx_hal_flash.o
#        D:\sop1hc\Github\data\Mic_Array_V00\Mic_Array\Projects\STM32746G\Applications\Audio\Mic_Array\EWARM\STM32F7-DISCO\Obj\stm32f7xx_hal_flash_ex.o
#        D:\sop1hc\Github\data\Mic_Array_V00\Mic_Array\Projects\STM32746G\Applications\Audio\Mic_Array\EWARM\STM32F7-DISCO\Obj\stm32f7xx_hal_gpio.o
#        D:\sop1hc\Github\data\Mic_Array_V00\Mic_Array\Projects\STM32746G\Applications\Audio\Mic_Array\EWARM\STM32F7-DISCO\Obj\stm32f7xx_hal_hcd.o
#        D:\sop1hc\Github\data\Mic_Array_V00\Mic_Array\Projects\STM32746G\Applications\Audio\Mic_Array\EWARM\STM32F7-DISCO\Obj\stm32f7xx_hal_i2c.o
#        D:\sop1hc\Github\data\Mic_Array_V00\Mic_Array\Projects\STM32746G\Applications\Audio\Mic_Array\EWARM\STM32F7-DISCO\Obj\stm32f7xx_hal_i2c_ex.o
#        D:\sop1hc\Github\data\Mic_Array_V00\Mic_Array\Projects\STM32746G\Applications\Audio\Mic_Array\EWARM\STM32F7-DISCO\Obj\stm32f7xx_hal_i2s.o
#        D:\sop1hc\Github\data\Mic_Array_V00\Mic_Array\Projects\STM32746G\Applications\Audio\Mic_Array\EWARM\STM32F7-DISCO\Obj\stm32f7xx_hal_ltdc.o
#        D:\sop1hc\Github\data\Mic_Array_V00\Mic_Array\Projects\STM32746G\Applications\Audio\Mic_Array\EWARM\STM32F7-DISCO\Obj\stm32f7xx_hal_pwr.o
#        D:\sop1hc\Github\data\Mic_Array_V00\Mic_Array\Projects\STM32746G\Applications\Audio\Mic_Array\EWARM\STM32F7-DISCO\Obj\stm32f7xx_hal_pwr_ex.o
#        D:\sop1hc\Github\data\Mic_Array_V00\Mic_Array\Projects\STM32746G\Applications\Audio\Mic_Array\EWARM\STM32F7-DISCO\Obj\stm32f7xx_hal_rcc.o
#        D:\sop1hc\Github\data\Mic_Array_V00\Mic_Array\Projects\STM32746G\Applications\Audio\Mic_Array\EWARM\STM32F7-DISCO\Obj\stm32f7xx_hal_rcc_ex.o
#        D:\sop1hc\Github\data\Mic_Array_V00\Mic_Array\Projects\STM32746G\Applications\Audio\Mic_Array\EWARM\STM32F7-DISCO\Obj\stm32f7xx_hal_sai.o
#        D:\sop1hc\Github\data\Mic_Array_V00\Mic_Array\Projects\STM32746G\Applications\Audio\Mic_Array\EWARM\STM32F7-DISCO\Obj\stm32f7xx_hal_sai_ex.o
#        D:\sop1hc\Github\data\Mic_Array_V00\Mic_Array\Projects\STM32746G\Applications\Audio\Mic_Array\EWARM\STM32F7-DISCO\Obj\stm32f7xx_hal_sdram.o
#        D:\sop1hc\Github\data\Mic_Array_V00\Mic_Array\Projects\STM32746G\Applications\Audio\Mic_Array\EWARM\STM32F7-DISCO\Obj\stm32f7xx_hal_spi.o
#        D:\sop1hc\Github\data\Mic_Array_V00\Mic_Array\Projects\STM32746G\Applications\Audio\Mic_Array\EWARM\STM32F7-DISCO\Obj\stm32f7xx_hal_sram.o
#        D:\sop1hc\Github\data\Mic_Array_V00\Mic_Array\Projects\STM32746G\Applications\Audio\Mic_Array\EWARM\STM32F7-DISCO\Obj\stm32f7xx_hal_tim.o
#        D:\sop1hc\Github\data\Mic_Array_V00\Mic_Array\Projects\STM32746G\Applications\Audio\Mic_Array\EWARM\STM32F7-DISCO\Obj\stm32f7xx_hal_tim_ex.o
#        D:\sop1hc\Github\data\Mic_Array_V00\Mic_Array\Projects\STM32746G\Applications\Audio\Mic_Array\EWARM\STM32F7-DISCO\Obj\stm32f7xx_hal_uart.o
#        D:\sop1hc\Github\data\Mic_Array_V00\Mic_Array\Projects\STM32746G\Applications\Audio\Mic_Array\EWARM\STM32F7-DISCO\Obj\stm32f7xx_it.o
#        D:\sop1hc\Github\data\Mic_Array_V00\Mic_Array\Projects\STM32746G\Applications\Audio\Mic_Array\EWARM\STM32F7-DISCO\Obj\stm32f7xx_ll_fmc.o
#        D:\sop1hc\Github\data\Mic_Array_V00\Mic_Array\Projects\STM32746G\Applications\Audio\Mic_Array\EWARM\STM32F7-DISCO\Obj\stm32f7xx_ll_usb.o
#        D:\sop1hc\Github\data\Mic_Array_V00\Mic_Array\Projects\STM32746G\Applications\Audio\Mic_Array\EWARM\STM32F7-DISCO\Obj\system_stm32f7xx.o
#        D:\sop1hc\Github\data\Mic_Array_V00\Mic_Array\Projects\STM32746G\Applications\Audio\Mic_Array\EWARM\STM32F7-DISCO\Obj\usbh_conf.o
#        D:\sop1hc\Github\data\Mic_Array_V00\Mic_Array\Projects\STM32746G\Applications\Audio\Mic_Array\EWARM\STM32F7-DISCO\Obj\usbh_core.o
#        D:\sop1hc\Github\data\Mic_Array_V00\Mic_Array\Projects\STM32746G\Applications\Audio\Mic_Array\EWARM\STM32F7-DISCO\Obj\usbh_ctlreq.o
#        D:\sop1hc\Github\data\Mic_Array_V00\Mic_Array\Projects\STM32746G\Applications\Audio\Mic_Array\EWARM\STM32F7-DISCO\Obj\usbh_diskio.o
#        D:\sop1hc\Github\data\Mic_Array_V00\Mic_Array\Projects\STM32746G\Applications\Audio\Mic_Array\EWARM\STM32F7-DISCO\Obj\usbh_ioreq.o
#        D:\sop1hc\Github\data\Mic_Array_V00\Mic_Array\Projects\STM32746G\Applications\Audio\Mic_Array\EWARM\STM32F7-DISCO\Obj\usbh_msc.o
#        D:\sop1hc\Github\data\Mic_Array_V00\Mic_Array\Projects\STM32746G\Applications\Audio\Mic_Array\EWARM\STM32F7-DISCO\Obj\usbh_msc_bot.o
#        D:\sop1hc\Github\data\Mic_Array_V00\Mic_Array\Projects\STM32746G\Applications\Audio\Mic_Array\EWARM\STM32F7-DISCO\Obj\usbh_msc_scsi.o
#        D:\sop1hc\Github\data\Mic_Array_V00\Mic_Array\Projects\STM32746G\Applications\Audio\Mic_Array\EWARM\STM32F7-DISCO\Obj\usbh_pipes.o
#        "D:\sop1hc\Github\data\Mic_Array_V00\Mic_Array\Projects\STM32746G\Applications\Audio\Mic_Array\EWARM\STM32F7-DISCO\Obj\waveplayer
#        _CS43L22.o"
#        D:\sop1hc\Github\data\Mic_Array_V00\Mic_Array\Projects\STM32746G\Applications\Audio\Mic_Array\EWARM\STM32F7-DISCO\Obj\waveplayer.o
#        D:\sop1hc\Github\data\Mic_Array_V00\Mic_Array\Projects\STM32746G\Applications\Audio\Mic_Array\EWARM\STM32F7-DISCO\Obj\waverecorder.o
#        --redirect _Printf=_PrintfSmall --redirect _Scanf=_ScanfSmall -o
#        D:\sop1hc\Github\data\Mic_Array_V00\Mic_Array\Projects\STM32746G\Applications\Audio\Mic_Array\EWARM\STM32F7-DISCO\Exe\Project.out
#        --map
#        D:\sop1hc\Github\data\Mic_Array_V00\Mic_Array\Projects\STM32746G\Applications\Audio\Mic_Array\EWARM\STM32F7-DISCO\List\Project.map
#        --config
#        D:\sop1hc\Github\data\Mic_Array_V00\Mic_Array\Projects\STM32746G\Applications\Audio\Mic_Array\EWARM\stm32f746xx_flash.icf
#        --semihosting --entry __iar_program_start --vfe
#
###############################################################################

*******************************************************************************
*** RUNTIME MODEL ATTRIBUTES
***

CppFlavor                     = *
__Heap_Handler                = DLMalloc
__SystemLibrary               = DLib
__dlib_dynamic_initialization = normal


*******************************************************************************
*** PLACEMENT SUMMARY
***

"A1":  place at 0x08000000 { ro section .intvec };
"P1":  place in [from 0x08000000 to 0x080fffff] { ro };
"P2":  place in [from 0x20000000 to 0x2004ffff] { rw, block CSTACK, block HEAP };

  Section             Kind        Address     Size  Object
  -------             ----        -------     ----  ------
"A1":                                        0x1c8
  .intvec             ro code  0x08000000    0x1c8  startup_stm32f746xx.o [1]
                             - 0x080001c8    0x1c8

"P1":                                      0xfc3a5
  .rodata             const    0x080001c8  0xf4f78  audio_sample.o [1]
  .text               ro code  0x080f5140   0x1510  dlmalloc.o [3]
  .text               ro code  0x080f6650      0x6  abort.o [3]
  .text               ro code  0x080f6658     0x2c  xgetmemchunk.o [3]
  .text               ro code  0x080f6684     0x14  exit.o [7]
  .text               ro code  0x080f6698     0x6c  iarttio.o [7]
  .text               ro code  0x080f6704      0x8  XShttio.o [3]
  .text               ro code  0x080f670c    0xd70  audio_codec.o [1]
  .text               ro code  0x080f747c     0x84  stm32f7xx_hal_dma.o [1]
  .text               ro code  0x080f7500     0x38  waveplayer _CS43L22.o [1]
  .text               ro code  0x080f7538     0x24  stm32f4xx_dac.o [1]
  .text               ro code  0x080f755c    0x254  stm32f7xx_hal_gpio.o [1]
  .text               ro code  0x080f77b0    0x644  stm32f7xx_hal_i2c.o [1]
  .text               ro code  0x080f7df4    0x1a4  stm32f7xx_hal_i2s.o [1]
  .text               ro code  0x080f7f98     0x56  stm32f7xx_hal_dac.o [1]
  .text               ro code  0x080f7ff0    0x184  stm32f7xx_hal_cortex.o [1]
  .text               ro code  0x080f8174    0x6b8  main.o [1]
  .text               ro code  0x080f882c    0x238  waverecorder.o [1]
  .text               ro code  0x080f8a64     0x64  stm32f7xx_hal.o [1]
  .text               ro code  0x080f8ac8     0x98  stm32746g_discovery.o [1]
  .text               ro code  0x080f8b60    0x87c  stm32f7xx_hal_rcc.o [1]
  .text               ro code  0x080f93dc    0x6e8  stm32f7xx_hal_rcc_ex.o [1]
  .text               ro code  0x080f9ac4     0xd8  stm32f7xx_hal_spi.o [1]
  .text               ro code  0x080f9b9c    0xd36  stm32f7xx_hal_hcd.o [1]
  .text               ro code  0x080fa8d4    0x382  stm32f7xx_ll_usb.o [1]
  .text               ro code  0x080fac58     0x4c  usbh_conf.o [1]
  .text               ro code  0x080faca4     0xbc  usbh_core.o [1]
  .text               ro code  0x080fad60     0x24  usbh_pipes.o [1]
  .text               ro code  0x080fad84     0x24  printf.o [3]
  .text               ro code  0x080fada8    0x7a4  xprintfsmall.o [3]
  .text               ro code  0x080fb54c     0x20  xmbtowc.o [3]
  .text               ro code  0x080fb56c     0x16  strchr.o [6]
  .text               ro code  0x080fb584     0x36  strlen.o [6]
  .text               ro code  0x080fb5bc     0x58  memchr.o [6]
  .text               ro code  0x080fb614      0xa  xmbcurmax.o [3]
  .text               ro code  0x080fb61e     0x1a  xwctomb.o [3]
  .text               ro code  0x080fb638     0x76  ABImemcpy_unaligned.o [6]
  .text               ro code  0x080fb6b0     0x14  setlocale.o [3]
  .text               ro code  0x080fb6c4     0x60  xencoding_sb.o [3]
  .text               ro code  0x080fb724      0x2  xtls.o [3]
  .text               ro code  0x080fb728    0x36a  stm32f7xx_hal_uart.o [1]
  .text               ro code  0x080fba94     0xe0  XShHandles.o [3]
  .text               ro code  0x080fbb74     0xd6  xfspos.o [3]
  .text               ro code  0x080fbc4c     0xb0  fflush.o [3]
  .text               ro code  0x080fbcfc      0xc  xfgpos.o [3]
  .text               ro code  0x080fbd08     0x4c  lseek.o [7]
  .text               ro code  0x080fbd54      0xc  errno.o [3]
  .text               ro code  0x080fbd60      0x4  xsyslock_nop.o [3]
  .text               ro code  0x080fbd64     0x10  write.o [7]
  .text               ro code  0x080fbd74     0x1e  dwrite.o [7]
  .text               ro code  0x080fbd92     0x20  iarwstd.o [7]
  .text               ro code  0x080fbdb2     0x22  iarwrite.o [7]
  .text               ro code  0x080fbdd4     0xd0  packbits_init.o [6]
  .text               ro code  0x080fbea4     0xb6  xfwprep.o [3]
  .text               ro code  0x080fbf5a     0x22  fseek.o [3]
  .text               ro code  0x080fbf7c     0x7c  xfofind.o [3]
  .text               ro code  0x080fbff8     0x7a  fclose.o [3]
  .text               ro code  0x080fc072     0x1a  close.o [7]
  .text               ro code  0x080fc08c     0x16  remove.o [7]
  .text               ro code  0x080fc0a4     0x70  stm32f7xx_it.o [1]
  .text               ro code  0x080fc114     0x6c  system_stm32f7xx.o [1]
  .text               ro code  0x080fc180     0x58  xcloseall.o [3]
  .text               ro code  0x080fc1d8     0x56  fputc.o [3]
  .text               ro code  0x080fc22e     0x40  zero_init3.o [6]
  .text               ro code  0x080fc270     0x28  data_init.o [6]
  .text               ro code  0x080fc298     0x22  fpinit_M.o [5]
  .iar.init_table     const    0x080fc2bc     0x2c  - Linker created -
  .text               ro code  0x080fc2e8     0x1a  cmain.o [6]
  .text               ro code  0x080fc302      0x4  low_level_init.o [3]
  .text               ro code  0x080fc306      0x4  exit.o [3]
  .text               ro code  0x080fc30c      0xe  cexit.o [6]
  .rodata             const    0x080fc31c     0x18  usbh_core.o [1]
  .text               ro code  0x080fc334     0x16  xprout.o [3]
  .text               ro code  0x080fc34c      0xc  putchar.o [3]
  .rodata             const    0x080fc358     0x10  stm32f7xx_hal_rcc.o [1]
  .text               ro code  0x080fc368     0x10  startup_stm32f746xx.o [1]
  .text               ro code  0x080fc378      0xc  cstartup_M.o [6]
  .rodata             const    0x080fc384      0x4  stm32746g_discovery.o [1]
  .text               ro code  0x080fc388      0x4  startup_stm32f746xx.o [1]
  .text               ro code  0x080fc38c      0x4  startup_stm32f746xx.o [1]
  .text               ro code  0x080fc390      0x4  startup_stm32f746xx.o [1]
  .text               ro code  0x080fc394      0x4  startup_stm32f746xx.o [1]
  .text               ro code  0x080fc398      0x4  startup_stm32f746xx.o [1]
  .text               ro code  0x080fc39c      0x4  startup_stm32f746xx.o [1]
  .text               ro code  0x080fc3a0      0x4  startup_stm32f746xx.o [1]
  .text               ro code  0x080fc3a4      0x4  startup_stm32f746xx.o [1]
  .text               ro code  0x080fc3a8      0x4  startup_stm32f746xx.o [1]
  .text               ro code  0x080fc3ac      0x4  startup_stm32f746xx.o [1]
  .text               ro code  0x080fc3b0      0x4  startup_stm32f746xx.o [1]
  .text               ro code  0x080fc3b4      0x4  startup_stm32f746xx.o [1]
  .text               ro code  0x080fc3b8      0x4  startup_stm32f746xx.o [1]
  .text               ro code  0x080fc3bc      0x4  startup_stm32f746xx.o [1]
  .text               ro code  0x080fc3c0      0x4  startup_stm32f746xx.o [1]
  .text               ro code  0x080fc3c4      0x4  startup_stm32f746xx.o [1]
  .text               ro code  0x080fc3c8      0x4  startup_stm32f746xx.o [1]
  .text               ro code  0x080fc3cc      0x4  startup_stm32f746xx.o [1]
  .text               ro code  0x080fc3d0      0x4  startup_stm32f746xx.o [1]
  .text               ro code  0x080fc3d4      0x4  startup_stm32f746xx.o [1]
  .text               ro code  0x080fc3d8      0x4  startup_stm32f746xx.o [1]
  .text               ro code  0x080fc3dc      0x4  startup_stm32f746xx.o [1]
  .text               ro code  0x080fc3e0      0x4  startup_stm32f746xx.o [1]
  .text               ro code  0x080fc3e4      0x4  startup_stm32f746xx.o [1]
  .text               ro code  0x080fc3e8      0x4  startup_stm32f746xx.o [1]
  .text               ro code  0x080fc3ec      0x4  startup_stm32f746xx.o [1]
  .text               ro code  0x080fc3f0      0x4  startup_stm32f746xx.o [1]
  .text               ro code  0x080fc3f4      0x4  startup_stm32f746xx.o [1]
  .text               ro code  0x080fc3f8      0x4  startup_stm32f746xx.o [1]
  .text               ro code  0x080fc3fc      0x4  startup_stm32f746xx.o [1]
  .text               ro code  0x080fc400      0x4  startup_stm32f746xx.o [1]
  .text               ro code  0x080fc404      0x4  startup_stm32f746xx.o [1]
  .text               ro code  0x080fc408      0x4  startup_stm32f746xx.o [1]
  .text               ro code  0x080fc40c      0x4  startup_stm32f746xx.o [1]
  .text               ro code  0x080fc410      0x4  startup_stm32f746xx.o [1]
  .text               ro code  0x080fc414      0x4  startup_stm32f746xx.o [1]
  .text               ro code  0x080fc418      0x4  startup_stm32f746xx.o [1]
  .text               ro code  0x080fc41c      0x4  startup_stm32f746xx.o [1]
  .text               ro code  0x080fc420      0x4  startup_stm32f746xx.o [1]
  .text               ro code  0x080fc424      0x4  startup_stm32f746xx.o [1]
  .text               ro code  0x080fc428      0x4  startup_stm32f746xx.o [1]
  .text               ro code  0x080fc42c      0x4  startup_stm32f746xx.o [1]
  .text               ro code  0x080fc430      0x4  startup_stm32f746xx.o [1]
  .text               ro code  0x080fc434      0x4  startup_stm32f746xx.o [1]
  .text               ro code  0x080fc438      0x4  startup_stm32f746xx.o [1]
  .text               ro code  0x080fc43c      0x4  startup_stm32f746xx.o [1]
  .text               ro code  0x080fc440      0x4  startup_stm32f746xx.o [1]
  .text               ro code  0x080fc444      0x4  startup_stm32f746xx.o [1]
  .text               ro code  0x080fc448      0x4  startup_stm32f746xx.o [1]
  .text               ro code  0x080fc44c      0x4  startup_stm32f746xx.o [1]
  .text               ro code  0x080fc450      0x4  startup_stm32f746xx.o [1]
  .text               ro code  0x080fc454      0x4  startup_stm32f746xx.o [1]
  .text               ro code  0x080fc458      0x4  startup_stm32f746xx.o [1]
  .text               ro code  0x080fc45c      0x4  startup_stm32f746xx.o [1]
  .text               ro code  0x080fc460      0x4  startup_stm32f746xx.o [1]
  .text               ro code  0x080fc464      0x4  startup_stm32f746xx.o [1]
  .text               ro code  0x080fc468      0x4  startup_stm32f746xx.o [1]
  .text               ro code  0x080fc46c      0x4  startup_stm32f746xx.o [1]
  .text               ro code  0x080fc470      0x4  startup_stm32f746xx.o [1]
  .text               ro code  0x080fc474      0x4  startup_stm32f746xx.o [1]
  .text               ro code  0x080fc478      0x4  startup_stm32f746xx.o [1]
  .text               ro code  0x080fc47c      0x4  startup_stm32f746xx.o [1]
  .text               ro code  0x080fc480      0x4  startup_stm32f746xx.o [1]
  .text               ro code  0x080fc484      0x4  startup_stm32f746xx.o [1]
  .text               ro code  0x080fc488      0x4  startup_stm32f746xx.o [1]
  .text               ro code  0x080fc48c      0x4  startup_stm32f746xx.o [1]
  .text               ro code  0x080fc490      0x4  startup_stm32f746xx.o [1]
  .text               ro code  0x080fc494      0x4  startup_stm32f746xx.o [1]
  .text               ro code  0x080fc498      0x4  startup_stm32f746xx.o [1]
  .text               ro code  0x080fc49c      0x4  startup_stm32f746xx.o [1]
  .text               ro code  0x080fc4a0      0x4  startup_stm32f746xx.o [1]
  .text               ro code  0x080fc4a4      0x4  startup_stm32f746xx.o [1]
  .text               ro code  0x080fc4a8      0x4  startup_stm32f746xx.o [1]
  .text               ro code  0x080fc4ac      0x4  startup_stm32f746xx.o [1]
  .text               ro code  0x080fc4b0      0x4  startup_stm32f746xx.o [1]
  .text               ro code  0x080fc4b4      0x4  startup_stm32f746xx.o [1]
  .text               ro code  0x080fc4b8      0x4  startup_stm32f746xx.o [1]
  .text               ro code  0x080fc4bc      0x4  startup_stm32f746xx.o [1]
  .text               ro code  0x080fc4c0      0x4  startup_stm32f746xx.o [1]
  .text               ro code  0x080fc4c4      0x4  startup_stm32f746xx.o [1]
  .text               ro code  0x080fc4c8      0x4  startup_stm32f746xx.o [1]
  .text               ro code  0x080fc4cc      0x4  startup_stm32f746xx.o [1]
  .text               ro code  0x080fc4d0      0x4  startup_stm32f746xx.o [1]
  .text               ro code  0x080fc4d4      0x4  startup_stm32f746xx.o [1]
  .text               ro code  0x080fc4d8      0x4  startup_stm32f746xx.o [1]
  .text               ro code  0x080fc4dc      0x0  cstart_closeall.o [6]
  .rodata             const    0x080fc4dc      0x0  zero_init3.o [6]
  .rodata             const    0x080fc4dc      0x0  packbits_init.o [6]
  Initializer bytes   const    0x080fc4dc     0x91  <for P2 s0>
                             - 0x080fc56d  0xfc3a5

"P2":                                       0xee28
  P2 s0                        0x20000000    0x175  <Init block>
    __DLIB_PERTHREAD  inited   0x20000000     0x74  setlocale.o [3]
    .data             inited   0x20000074     0x40  xfiles.o [3]
    .data             inited   0x200000b4     0x40  xfiles.o [3]
    .data             inited   0x200000f4     0x40  xfiles.o [3]
    .data             inited   0x20000134     0x20  xfiles.o [3]
    .data             inited   0x20000154      0x8  XShttio.o [3]
    .data             inited   0x2000015c      0x4  audio_codec.o [1]
    .data             inited   0x20000160      0x4  audio_codec.o [1]
    .data             inited   0x20000164      0x4  audio_codec.o [1]
    .data             inited   0x20000168      0x4  audio_codec.o [1]
    .data             inited   0x2000016c      0x4  system_stm32f7xx.o [1]
    __DLIB_PERTHREAD  inited   0x20000170      0x4  errno.o [3]
    .data             inited   0x20000174      0x1  waveplayer _CS43L22.o [1]
  .bss                zero     0x20000178   0x4810  main.o [1]
  .bss                zero     0x20004988   0x4810  waverecorder.o [1]
  .bss                zero     0x20009198   0x4810  waverecorder.o [1]
  .bss                zero     0x2000d9a8    0x294  usbh_conf.o [1]
  .bss                zero     0x2000dc3c    0x1d8  dlmalloc.o [3]
  .bss                zero     0x2000de14     0x80  XShHandles.o [3]
  .bss                zero     0x2000de94     0x70  main.o [1]
  .bss                zero     0x2000df04     0x64  main.o [1]
  .bss                zero     0x2000df68     0x64  waverecorder.o [1]
  .bss                zero     0x2000dfcc     0x50  audio_codec.o [1]
  .bss                zero     0x2000e01c     0x50  xfiles.o [3]
  .bss                zero     0x2000e06c     0x50  xfiles.o [3]
  .bss                zero     0x2000e0bc     0x40  audio_codec.o [1]
  .bss                zero     0x2000e0fc     0x40  audio_codec.o [1]
  .bss                zero     0x2000e13c     0x40  waverecorder.o [1]
  .bss                zero     0x2000e17c     0x3c  audio_codec.o [1]
  .bss                zero     0x2000e1b8     0x18  dlmalloc.o [3]
  .bss                zero     0x2000e1d0     0x14  audio_codec.o [1]
  .bss                zero     0x2000e1e4     0x14  main.o [1]
  .bss                zero     0x2000e1f8      0x8  audio_codec.o [1]
  .bss                zero     0x2000e200      0x4  audio_codec.o [1]
  .bss                zero     0x2000e204      0x4  main.o [1]
  .bss                zero     0x2000e208      0x4  stm32f7xx_hal.o [1]
  .bss                zero     0x2000e20c      0x4  stm32f7xx_it.o [1]
  .bss                zero     0x2000e210      0x4  xgetmemchunk.o [3]
  .bss                zero     0x2000e214      0x2  main.o [1]
  .bss                zero     0x2000e216      0x2  main.o [1]
  .bss                zero     0x2000e218      0x2  main.o [1]
  .bss                zero     0x2000e21a      0x2  main.o [1]
  .bss                zero     0x2000e21c      0x1  audio_codec.o [1]
  .bss                zero     0x2000e21d      0x1  main.o [1]
  .bss                zero     0x2000e21e      0x1  main.o [1]
  .bss                zero     0x2000e21f      0x1  main.o [1]
  .bss                zero     0x2000e220      0x1  main.o [1]
  CSTACK                       0x2000e228    0x800  <Block>
    CSTACK            uninit   0x2000e228    0x800  <Block tail>
  HEAP                         0x2000ea28    0x400  <Block>
    HEAP              uninit   0x2000ea28    0x400  <Block tail>
                             - 0x2000ee28   0xee28


*******************************************************************************
*** INIT TABLE
***

          Address     Size
          -------     ----
Zero (__iar_zero_init3)
    1 destination range, total size 0xe0a9:
          0x20000178  0xe0a9

Copy/packbits (__iar_packbits_init3)
    1 source range, total size 0x91 (38% of destination):
          0x080fc4dc    0x91
    1 destination range, total size 0x175:
          0x20000000   0x175



*******************************************************************************
*** MODULE SUMMARY
***

    Module                  ro code    ro data  rw data
    ------                  -------    -------  -------
D:\sop1hc\Github\data\Mic_Array_V00\Mic_Array\Projects\STM32746G\Applications\Audio\Mic_Array\EWARM\STM32F7-DISCO\Obj: [1]
    audio_codec.o             3 440          6      317
    audio_sample.o                   1 003 384
    main.o                    1 720              18 696
    startup_stm32f746xx.o       812
    stm32746g_discovery.o       152          4
    stm32f4xx_dac.o              36
    stm32f7xx_hal.o             100                   4
    stm32f7xx_hal_cortex.o      388
    stm32f7xx_hal_dac.o          86
    stm32f7xx_hal_dma.o         132
    stm32f7xx_hal_gpio.o        596
    stm32f7xx_hal_hcd.o       3 382
    stm32f7xx_hal_i2c.o       1 604
    stm32f7xx_hal_i2s.o         420
    stm32f7xx_hal_rcc.o       2 172         16
    stm32f7xx_hal_rcc_ex.o    1 768
    stm32f7xx_hal_spi.o         216
    stm32f7xx_hal_uart.o        874
    stm32f7xx_it.o              112                   4
    stm32f7xx_ll_usb.o          898
    system_stm32f7xx.o          108          2        4
    usbh_conf.o                  76                 660
    usbh_core.o                 188         24
    usbh_pipes.o                 36
    waveplayer _CS43L22.o        56          1        1
    waverecorder.o              568              37 060
    ---------------------------------------------------
    Total:                   19 940  1 003 437   56 746

command line: [2]
    ---------------------------------------------------
    Total:

dl7M_tlf.a: [3]
    XShHandles.o                224                 128
    XShttio.o                     8          3        8
    abort.o                       6
    dlmalloc.o                5 392                 496
    errno.o                      12          1        4
    exit.o                        4
    fclose.o                    122
    fflush.o                    176
    fputc.o                      86
    fseek.o                      34
    low_level_init.o              4
    printf.o                     36
    putchar.o                    12
    setlocale.o                  20         45      116
    xcloseall.o                  88
    xencoding_sb.o               96
    xfgpos.o                     12
    xfiles.o                                87      384
    xfofind.o                   124
    xfspos.o                    214
    xfwprep.o                   182
    xgetmemchunk.o               44                   4
    xmbcurmax.o                  10
    xmbtowc.o                    32
    xprintfsmall.o            1 956
    xprout.o                     22
    xsyslock_nop.o                4
    xtls.o                        2
    xwctomb.o                    26
    ---------------------------------------------------
    Total:                    8 948        136    1 140

libPDMFilter_CM7_IAR.a: [4]
    ---------------------------------------------------
    Total:

m7M_tls.a: [5]
    fpinit_M.o                   34
    ---------------------------------------------------
    Total:                       34

rt7M_tl.a: [6]
    ABImemcpy_unaligned.o       118
    cexit.o                      14
    cmain.o                      26
    cstart_closeall.o
    cstartup_M.o                 12
    data_init.o                  40
    memchr.o                     88
    packbits_init.o             208
    strchr.o                     22
    strlen.o                     54
    zero_init3.o                 64
    ---------------------------------------------------
    Total:                      646

shb_l.a: [7]
    close.o                      26
    dwrite.o                     30
    exit.o                       20
    iarttio.o                   108
    iarwrite.o                   34
    iarwstd.o                    32
    lseek.o                      76
    remove.o                     22
    write.o                      16
    ---------------------------------------------------
    Total:                      364

    Gaps                         28          4        3
    Linker created                          44    3 072
-------------------------------------------------------
    Grand Total:             29 960  1 003 621   60 961


*******************************************************************************
*** ENTRY LIST
***

Entry                      Address     Size  Type      Object
-----                      -------     ----  ----      ------
.iar.init_table$$Base   0x080fc2bc            --   Gb  - Linker created -
.iar.init_table$$Limit  0x080fc2e8            --   Gb  - Linker created -
?main                   0x080fc2e9           Code  Gb  cmain.o [6]
APBAHBPrescTable        0x080fc358     0x10  Data  Gb  stm32f7xx_hal_rcc.o [1]
AUDIO_GetSampleCallBack
                        0x080f752b      0x4  Code  Gb  waveplayer _CS43L22.o [1]
AUDIO_Init              0x080f670d     0x3c  Code  Gb  audio_codec.o [1]
AUDIO_Play              0x080f6749     0x70  Code  Gb  audio_codec.o [1]
AUDIO_SAMPLE            0x080001c8  0xf4f78  Data  Gb  audio_sample.o [1]
AUDIO_TransferComplete_CallBack
                        0x080f7529      0x2  Code  Gb  waveplayer _CS43L22.o [1]
AudioFlashPlay          0x080f7515     0x14  Code  Gb  waveplayer _CS43L22.o [1]
AudioRemSize            0x20000160      0x4  Data  Gb  audio_codec.o [1]
AudioTotalSize          0x2000015c      0x4  Data  Gb  audio_codec.o [1]
Audio_MAL_IRQHandler    0x080f67b9    0x1ec  Code  Lc  audio_codec.o [1]
Audio_MAL_Init          0x080f717d     0xd4  Code  Lc  audio_codec.o [1]
Audio_MAL_Play          0x080f7255     0x3c  Code  Gb  audio_codec.o [1]
BSP_LED_Init            0x080f8ac9     0x68  Code  Gb  stm32746g_discovery.o [1]
BSP_LED_Toggle          0x080f8b31     0x24  Code  Gb  stm32746g_discovery.o [1]
Buffer1                 0x20004988   0x4810  Data  Gb  waverecorder.o [1]
Buffer2                 0x20009198   0x4810  Data  Gb  waverecorder.o [1]
Buffer3                 0x20000178   0x4810  Data  Gb  main.o [1]
BusFault_Handler        0x080fc0ab      0x2  Code  Gb  stm32f7xx_it.o [1]
CODECTimeout            0x20000164      0x4  Data  Gb  audio_codec.o [1]
CPU_CACHE_Enable        0x080f83d3      0xc  Code  Lc  main.o [1]
CSTACK$$Base            0x2000e228            --   Gb  - Linker created -
CSTACK$$Limit           0x2000ea28            --   Gb  - Linker created -
Codec_AudioInterface_Init
                        0x080f6f5f     0xd6  Code  Lc  audio_codec.o [1]
Codec_CtrlInterface_Init
                        0x080f6ebf     0xa0  Code  Lc  audio_codec.o [1]
Codec_GPIO_Init         0x080f7035    0x12e  Code  Lc  audio_codec.o [1]
Codec_Init              0x080f69ed    0x104  Code  Lc  audio_codec.o [1]
Codec_Play              0x080f6af1      0x4  Code  Lc  audio_codec.o [1]
Codec_ReadRegister      0x080f6cbf    0x200  Code  Lc  audio_codec.o [1]
Codec_Reset             0x080f6b47     0x24  Code  Lc  audio_codec.o [1]
Codec_TIMEOUT_UserCallback
                        0x080f752f      0x4  Code  Gb  waveplayer _CS43L22.o [1]
Codec_VolumeCtrl        0x080f6af5     0x52  Code  Lc  audio_codec.o [1]
Codec_WriteRegister     0x080f6b6b    0x154  Code  Lc  audio_codec.o [1]
CurrAudioInterface      0x20000168      0x4  Data  Gb  audio_codec.o [1]
CurrentPos              0x2000e200      0x4  Data  Gb  audio_codec.o [1]
DAC_SetChannel1Data     0x080f7539     0x1e  Code  Gb  stm32f4xx_dac.o [1]
DMA1_Stream0_IRQHandler
                        0x080f69ad      0x8  Code  Gb  audio_codec.o [1]
DMA1_Stream7_IRQHandler
                        0x080f69a5      0x8  Code  Gb  audio_codec.o [1]
DMA2_Stream4_IRQHandler
                        0x080fc111      0x2  Code  Gb  stm32f7xx_it.o [1]
DMA2_Stream7_IRQHandler
                        0x080fc113      0x2  Code  Gb  stm32f7xx_it.o [1]
DMA_Cmd                 0x080f7441     0x1a  Code  Lc  audio_codec.o [1]
DMA_DeInit              0x080f745b     0x22  Code  Lc  audio_codec.o [1]
DebugMon_Handler        0x080fc0b1      0x2  Code  Gb  stm32f7xx_it.o [1]
Delay                   0x080f7169     0x14  Code  Lc  audio_codec.o [1]
DmaHandle               0x2000dfcc     0x50  Data  Gb  audio_codec.o [1]
EXTI4_IRQHandler        0x080f8759     0x36  Code  Gb  main.o [1]
GPIO_INS                0x2000e1e4     0x14  Data  Gb  main.o [1]
GPIO_PIN                0x080fc384      0x4  Data  Gb  stm32746g_discovery.o [1]
HAL_DAC_ConfigChannel   0x080f7f99     0x56  Code  Gb  stm32f7xx_hal_dac.o [1]
HAL_DMA_Init            0x080f747d     0x7c  Code  Gb  stm32f7xx_hal_dma.o [1]
HAL_GPIO_Init           0x080f755d    0x1f6  Code  Gb  stm32f7xx_hal_gpio.o [1]
HAL_GPIO_TogglePin      0x080f7767      0xa  Code  Gb  stm32f7xx_hal_gpio.o [1]
HAL_GPIO_WritePin       0x080f7753     0x14  Code  Gb  stm32f7xx_hal_gpio.o [1]
HAL_GetTick             0x080f8ab9      0x6  Code  Wk  stm32f7xx_hal.o [1]
HAL_HCD_Connect_Callback
                        0x080fac67      0xe  Code  Gb  usbh_conf.o [1]
HAL_HCD_Disconnect_Callback
                        0x080fac75      0xe  Code  Gb  usbh_conf.o [1]
HAL_HCD_HC_NotifyURBChange_Callback
                        0x080fac83      0x2  Code  Gb  usbh_conf.o [1]
HAL_HCD_IRQHandler      0x080f9b9d    0x13c  Code  Gb  stm32f7xx_hal_hcd.o [1]
HAL_HCD_SOF_Callback    0x080fac59      0xe  Code  Gb  usbh_conf.o [1]
HAL_HCD_Start           0x080f9cd9     0x2e  Code  Gb  stm32f7xx_hal_hcd.o [1]
HAL_HCD_Stop            0x080f9d07     0x26  Code  Gb  stm32f7xx_hal_hcd.o [1]
HAL_I2C_EV_IRQHandler   0x080f786d    0x12e  Code  Gb  stm32f7xx_hal_i2c.o [1]
HAL_I2C_ErrorCallback   0x080f79a7      0x2  Code  Wk  stm32f7xx_hal_i2c.o [1]
HAL_I2C_Init            0x080f77b1     0xbc  Code  Gb  stm32f7xx_hal_i2c.o [1]
HAL_I2C_MasterRxCpltCallback
                        0x080f799d      0x2  Code  Wk  stm32f7xx_hal_i2c.o [1]
HAL_I2C_MasterTxCpltCallback
                        0x080f799b      0x2  Code  Wk  stm32f7xx_hal_i2c.o [1]
HAL_I2C_MemRxCpltCallback
                        0x080f79a5      0x2  Code  Wk  stm32f7xx_hal_i2c.o [1]
HAL_I2C_MemTxCpltCallback
                        0x080f79a3      0x2  Code  Wk  stm32f7xx_hal_i2c.o [1]
HAL_I2C_MspInit         0x080f83df     0xc8  Code  Gb  main.o [1]
HAL_I2C_SlaveRxCpltCallback
                        0x080f79a1      0x2  Code  Wk  stm32f7xx_hal_i2c.o [1]
HAL_I2C_SlaveTxCpltCallback
                        0x080f799f      0x2  Code  Wk  stm32f7xx_hal_i2c.o [1]
HAL_I2S_Init            0x080f7df5    0x126  Code  Gb  stm32f7xx_hal_i2s.o [1]
HAL_I2S_MspInit         0x080f886d    0x1bc  Code  Gb  waverecorder.o [1]
HAL_IncTick             0x080f8aad      0xc  Code  Wk  stm32f7xx_hal.o [1]
HAL_Init                0x080f8a65     0x22  Code  Gb  stm32f7xx_hal.o [1]
HAL_InitTick            0x080f8a89     0x24  Code  Wk  stm32f7xx_hal.o [1]
HAL_MspInit             0x080f8a87      0x2  Code  Wk  stm32f7xx_hal.o [1]
HAL_NVIC_DisableIRQ     0x080f8115      0xe  Code  Gb  stm32f7xx_hal_cortex.o [1]
HAL_NVIC_EnableIRQ      0x080f8107      0xe  Code  Gb  stm32f7xx_hal_cortex.o [1]
HAL_NVIC_SetPriority    0x080f80e1     0x26  Code  Gb  stm32f7xx_hal_cortex.o [1]
HAL_NVIC_SetPriorityGrouping
                        0x080f80d5      0xc  Code  Gb  stm32f7xx_hal_cortex.o [1]
HAL_RCCEx_PeriphCLKConfig
                        0x080f93dd    0x6c0  Code  Gb  stm32f7xx_hal_rcc_ex.o [1]
HAL_RCC_ClockConfig     0x080f9079    0x25a  Code  Gb  stm32f7xx_hal_rcc.o [1]
HAL_RCC_GetHCLKFreq     0x080f937d     0x2c  Code  Gb  stm32f7xx_hal_rcc.o [1]
HAL_RCC_GetSysClockFreq
                        0x080f92d3     0xaa  Code  Gb  stm32f7xx_hal_rcc.o [1]
HAL_RCC_OscConfig       0x080f8b61    0x518  Code  Gb  stm32f7xx_hal_rcc.o [1]
HAL_SPI_Init            0x080f9ac5     0xd8  Code  Gb  stm32f7xx_hal_spi.o [1]
HAL_SPI_MspInit         0x080f84a7     0xf2  Code  Gb  main.o [1]
HAL_SYSTICK_CLKSourceConfig
                        0x080f812f     0x20  Code  Gb  stm32f7xx_hal_cortex.o [1]
HAL_SYSTICK_Config      0x080f8123      0xc  Code  Gb  stm32f7xx_hal_cortex.o [1]
HAL_UART_ErrorCallback  0x080fb903      0x2  Code  Wk  stm32f7xx_hal_uart.o [1]
HAL_UART_IRQHandler     0x080fb729     0xf8  Code  Gb  stm32f7xx_hal_uart.o [1]
HAL_UART_RxCpltCallback
                        0x080fb901      0x2  Code  Wk  stm32f7xx_hal_uart.o [1]
HAL_UART_TxCpltCallback
                        0x080fb8ff      0x2  Code  Wk  stm32f7xx_hal_uart.o [1]
HCD_HC_IN_IRQHandler    0x080f9d2d    0x4f0  Code  Lc  stm32f7xx_hal_hcd.o [1]
HCD_HC_OUT_IRQHandler   0x080fa21d    0x4d8  Code  Lc  stm32f7xx_hal_hcd.o [1]
HCD_Port_IRQHandler     0x080fa7f5     0xde  Code  Lc  stm32f7xx_hal_hcd.o [1]
HCD_RXQLVL_IRQHandler   0x080fa6f5     0xf8  Code  Lc  stm32f7xx_hal_hcd.o [1]
HEAP$$Base              0x2000ea28            --   Gb  - Linker created -
HEAP$$Limit             0x2000ee28            --   Gb  - Linker created -
HardFault_Handler       0x080fc0a7      0x2  Code  Gb  stm32f7xx_it.o [1]
I2C1_EV_IRQHandler      0x080fc0e9      0xa  Code  Gb  stm32f7xx_it.o [1]
I2C_AcknowledgeConfig   0x080f7391     0x1c  Code  Lc  audio_codec.o [1]
I2C_CheckEvent          0x080f7305     0x24  Code  Lc  audio_codec.o [1]
I2C_ClearFlag           0x080f73b3     0x10  Code  Lc  audio_codec.o [1]
I2C_GenerateSTART       0x080f72d3     0x1c  Code  Lc  audio_codec.o [1]
I2C_GenerateSTOP        0x080f732f     0x1c  Code  Lc  audio_codec.o [1]
I2C_GetFlagStatus       0x080f734b     0x46  Code  Lc  audio_codec.o [1]
I2C_MasterReceive_ISR   0x080f7afd    0x152  Code  Lc  stm32f7xx_hal_i2c.o [1]
I2C_MasterTransmit_ISR  0x080f79a9    0x152  Code  Lc  stm32f7xx_hal_i2c.o [1]
I2C_ReceiveData         0x080f73ad      0x6  Code  Lc  audio_codec.o [1]
I2C_Send7bitAddress     0x080f72ef     0x16  Code  Lc  audio_codec.o [1]
I2C_SendData            0x080f7329      0x6  Code  Lc  audio_codec.o [1]
I2C_SlaveReceive_ISR    0x080f7d11     0xae  Code  Lc  stm32f7xx_hal_i2c.o [1]
I2C_SlaveTransmit_ISR   0x080f7c4f     0xc2  Code  Lc  stm32f7xx_hal_i2c.o [1]
I2C_TransferConfig      0x080f7dc5     0x2a  Code  Lc  stm32f7xx_hal_i2c.o [1]
I2S_Cmd                 0x080f73c3     0x1c  Code  Lc  audio_codec.o [1]
I2S_GetClockFreq        0x080f7f1b     0x66  Code  Lc  stm32f7xx_hal_i2s.o [1]
InStream_Read           0x080fbdd5     0x22  Code  Lc  packbits_init.o [6]
LoadInt                 0x080fb1c5     0x4c  Code  Lc  xprintfsmall.o [3]
MX_SPI5_Init            0x080f8599     0x7e  Code  Gb  main.o [1]
MemManage_Handler       0x080fc0a9      0x2  Code  Gb  stm32f7xx_it.o [1]
NMI_Handler             0x080fc0a5      0x2  Code  Gb  stm32f7xx_it.o [1]
NVIC_DisableIRQ         0x080f802d     0x14  Code  Lc  stm32f7xx_hal_cortex.o [1]
NVIC_EnableIRQ          0x080f8019     0x14  Code  Lc  stm32f7xx_hal_cortex.o [1]
NVIC_EncodePriority     0x080f8067     0x3e  Code  Lc  stm32f7xx_hal_cortex.o [1]
NVIC_GetPriorityGrouping
                        0x080f800f      0xa  Code  Lc  stm32f7xx_hal_cortex.o [1]
NVIC_SetPriority        0x080f8041     0x26  Code  Lc  stm32f7xx_hal_cortex.o [1]
NVIC_SetPriorityGrouping
                        0x080f7ff1     0x1e  Code  Lc  stm32f7xx_hal_cortex.o [1]
OTG_FS_IRQHandler       0x080fc0f3      0xa  Code  Gb  stm32f7xx_it.o [1]
OutputDev               0x2000e21c      0x1  Data  Gb  audio_codec.o [1]
PendSV_Handler          0x080fc0b3      0x2  Code  Gb  stm32f7xx_it.o [1]
Region$$Table$$Base     0x080fc2bc            --   Gb  - Linker created -
Region$$Table$$Limit    0x080fc2e8            --   Gb  - Linker created -
SCB_EnableDCache        0x080f819f     0x7a  Code  Lc  main.o [1]
SCB_EnableICache        0x080f8175     0x2a  Code  Lc  main.o [1]
SPI1_IRQHandler         0x080f882d     0x26  Code  Gb  waverecorder.o [1]
SPI2_IRQHandler         0x080f8853     0x1a  Code  Gb  waverecorder.o [1]
SPI3_IRQHandler         0x080f69b5     0x38  Code  Gb  audio_codec.o [1]
SPI5_IRQHandler         0x080f8617    0x13c  Code  Gb  main.o [1]
SPI_I2S_ReceiveData     0x080f8753      0x6  Code  Lc  main.o [1]
SPI_I2S_ReceiveData     0x080f8a5f      0x6  Code  Lc  waverecorder.o [1]
SPI_I2S_SendData        0x080f72cd      0x6  Code  Lc  audio_codec.o [1]
SPI_I2S_SendData        0x080f8a59      0x6  Code  Lc  waverecorder.o [1]
SVC_Handler             0x080fc0af      0x2  Code  Gb  stm32f7xx_it.o [1]
SysTick_Config          0x080f80a5     0x30  Code  Lc  stm32f7xx_hal_cortex.o [1]
SysTick_Handler         0x080fc0b5     0x2a  Code  Gb  stm32f7xx_it.o [1]
SystemClock_Config      0x080f82e7     0xec  Code  Lc  main.o [1]
SystemCoreClock         0x2000016c      0x4  Data  Gb  system_stm32f7xx.o [1]
SystemInit              0x080fc115     0x4c  Code  Gb  system_stm32f7xx.o [1]
Toggle_Leds             0x080f82cb     0x1c  Code  Gb  main.o [1]
UART_EndTransmit_IT     0x080fb9b1     0x3c  Code  Lc  stm32f7xx_hal_uart.o [1]
UART_Receive_IT         0x080fb9ed     0xa6  Code  Lc  stm32f7xx_hal_uart.o [1]
UART_Transmit_IT        0x080fb905     0xac  Code  Lc  stm32f7xx_hal_uart.o [1]
UART_WaitOnFlagUntilTimeout
                        0x080fb821     0xde  Code  Gb  stm32f7xx_hal_uart.o [1]
USART6_IRQHandler       0x080fc0df      0xa  Code  Gb  stm32f7xx_it.o [1]
USBH_FreePipe           0x080fad61     0x24  Code  Gb  usbh_pipes.o [1]
USBH_HandleSof          0x080facbb     0x1e  Code  Lc  usbh_core.o [1]
USBH_LL_Connect         0x080facd9     0x32  Code  Gb  usbh_core.o [1]
USBH_LL_Disconnect      0x080fad0b     0x4c  Code  Gb  usbh_core.o [1]
USBH_LL_IncTimer        0x080faca5     0x16  Code  Gb  usbh_core.o [1]
USBH_LL_Start           0x080fac85     0x10  Code  Gb  usbh_conf.o [1]
USBH_LL_Stop            0x080fac95     0x10  Code  Gb  usbh_conf.o [1]
USB_DisableGlobalInt    0x080fa8e3      0xe  Code  Gb  stm32f7xx_ll_usb.o [1]
USB_DriveVbus           0x080fa9c9     0x4a  Code  Gb  stm32f7xx_ll_usb.o [1]
USB_EnableGlobalInt     0x080fa8d5      0xe  Code  Gb  stm32f7xx_ll_usb.o [1]
USB_FlushRxFifo         0x080fa915     0x20  Code  Gb  stm32f7xx_ll_usb.o [1]
USB_FlushTxFifo         0x080fa8f1     0x24  Code  Gb  stm32f7xx_ll_usb.o [1]
USB_GetMode             0x080fa96f      0x8  Code  Gb  stm32f7xx_ll_usb.o [1]
USB_HC_Halt             0x080faa1d    0x186  Code  Gb  stm32f7xx_ll_usb.o [1]
USB_HC_ReadInterrupt    0x080faa13      0xa  Code  Gb  stm32f7xx_ll_usb.o [1]
USB_InitFSLSPClkSel     0x080fa97d     0x4c  Code  Gb  stm32f7xx_ll_usb.o [1]
USB_ReadInterrupts      0x080fa961      0xe  Code  Gb  stm32f7xx_ll_usb.o [1]
USB_ReadPacket          0x080fa935     0x2c  Code  Gb  stm32f7xx_ll_usb.o [1]
USB_StopHost            0x080faba3     0xb4  Code  Gb  stm32f7xx_ll_usb.o [1]
UsageFault_Handler      0x080fc0ad      0x2  Code  Gb  stm32f7xx_it.o [1]
WavePlayerInit          0x080f7501     0x14  Code  Gb  waveplayer _CS43L22.o [1]
_Close_all              0x080fc181     0x58  Code  Gb  xcloseall.o [3]
_EncodingSb_Mbtowc      0x080fb6df     0x30  Code  Gb  xencoding_sb.o [3]
_EncodingSb_Wctomb      0x080fb6c5     0x1a  Code  Gb  xencoding_sb.o [3]
_Files                  0x20000134     0x20  Data  Gb  xfiles.o [3]
_Fofree                 0x080fbf7d     0x78  Code  Gb  xfofind.o [3]
_Fspos                  0x080fbb75     0xd6  Code  Gb  xfspos.o [3]
_Fwprep                 0x080fbea5     0xb6  Code  Gb  xfwprep.o [3]
_IsdstStr               0x20000004      0x4  Data  Gb  setlocale.o [3]
_LitobSmall             0x080fb437     0xce  Code  Lc  xprintfsmall.o [3]
_LocaleEncoding         0x080fb6b1      0xe  Code  Gb  setlocale.o [3]
_LocaleReturnString     0x20000024     0x50  Data  Lc  setlocale.o [3]
_Locale_Profile         0x20000008     0x1c  Data  Gb  setlocale.o [3]
_Mbtowc                 0x080fb54d     0x20  Code  Gb  xmbtowc.o [3]
_Nnl                    0x080fbcfd      0xc  Code  Gb  xfgpos.o [3]
_PrintfSmall            0x080fada9    0x412  Code  Gb  xprintfsmall.o [3]
_Prout                  0x080fc335     0x16  Code  Gb  xprout.o [3]
_PutcharsSmall          0x080fb505     0x2e  Code  Lc  xprintfsmall.o [3]
_PutstrSmall            0x080fb211    0x226  Code  Lc  xprintfsmall.o [3]
_TzoneStr               0x20000000      0x4  Data  Gb  setlocale.o [3]
_Wctomb                 0x080fb61f     0x1a  Code  Gb  xwctomb.o [3]
__aeabi_errno_addr      0x080fbd55      0x6  Code  Gb  errno.o [3]
__cexit_closeall        0x080fc30f           Code  Gb  cexit.o [6]
__close                 0x080fc073     0x1a  Code  Gb  close.o [7]
__cmain                 0x080fc2e9           Code  Gb  cmain.o [6]
__cstart_closeall       0x080fc4dc           Data  Gb  cstart_closeall.o [6]
__data_GetMemChunk      0x080f6659     0x2c  Code  Gb  xgetmemchunk.o [3]
__dwrite                0x080fbd75     0x1e  Code  Gb  dwrite.o [7]
__exit                  0x080f6685     0x14  Code  Gb  exit.o [7]
__iar_Errno             0x20000170      0x4  Data  Gb  errno.o [3]
__iar_Lockfilelock      0x080fbd61      0x2  Code  Gb  xsyslock_nop.o [3]
__iar_Mbcurmax          0x080fb615      0xa  Code  Gb  xmbcurmax.o [3]
__iar_Memchr            0x080fb5bd           Code  Gb  memchr.o [6]
__iar_Stderr            0x200000f4     0x40  Data  Gb  xfiles.o [3]
__iar_Stdin             0x20000074     0x40  Data  Gb  xfiles.o [3]
__iar_Stdout            0x200000b4     0x40  Data  Gb  xfiles.o [3]
__iar_Strchr            0x080fb56d           Code  Gb  strchr.o [6]
__iar_Unlockfilelock    0x080fbd63      0x2  Code  Gb  xsyslock_nop.o [3]
__iar_close_ttio        0x080f6699     0x2e  Code  Gb  iarttio.o [7]
__iar_data_init3        0x080fc271     0x28  Code  Gb  data_init.o [6]
__iar_dlfree            0x080f6139    0x510  Code  Gb  dlmalloc.o [3]
__iar_dlib_perthread_access
                        0x080fb725      0x2  Code  Gb  xtls.o [3]
__iar_dlmalloc          0x080f5e79    0x2b4  Code  Gb  dlmalloc.o [3]
__iar_get_ttio          0x080f66c9     0x38  Code  Gb  iarttio.o [7]
__iar_init_vfp          0x080fc299           Code  Gb  fpinit_M.o [5]
__iar_lookup_ttioh      0x080f6705      0x8  Code  Gb  XShttio.o [3]
__iar_packbits_init3    0x080fbdf7     0xae  Code  Gb  packbits_init.o [6]
__iar_program_start     0x080fc379           Code  Gb  cstartup_M.o [6]
__iar_sh_Discard        0x080fba95     0x44  Code  Gb  XShHandles.o [3]
__iar_sh_Move           0x080fbadf     0x4c  Code  Gb  XShHandles.o [3]
__iar_sh_Pos            0x080fbb2b     0x44  Code  Gb  XShHandles.o [3]
__iar_sh_stdout         0x080fbd93     0x20  Code  Gb  iarwstd.o [7]
__iar_sh_write          0x080fbdb3     0x22  Code  Gb  iarwrite.o [7]
__iar_ttio_handles      0x20000154      0x8  Data  Lc  XShttio.o [3]
__iar_unaligned___aeabi_memcpy
                        0x080fb639           Code  Gb  ABImemcpy_unaligned.o [6]
__iar_unaligned___aeabi_memcpy4
                        0x080fb659           Code  Gb  ABImemcpy_unaligned.o [6]
__iar_unaligned___aeabi_memcpy8
                        0x080fb659           Code  Gb  ABImemcpy_unaligned.o [6]
__iar_zero_init3        0x080fc22f     0x40  Code  Gb  zero_init3.o [6]
__low_level_init        0x080fc303      0x4  Code  Gb  low_level_init.o [3]
__lseek                 0x080fbd09     0x4c  Code  Gb  lseek.o [7]
__vector_table          0x08000000           Data  Gb  startup_stm32f746xx.o [1]
__write                 0x080fbd65     0x10  Code  Gb  write.o [7]
_call_main              0x080fc2f5           Code  Gb  cmain.o [6]
_exit                   0x080fc30d           Code  Gb  cexit.o [6]
_gm_                    0x2000dc3c    0x1d8  Data  Lc  dlmalloc.o [3]
_main                   0x080fc2ff           Code  Gb  cmain.o [6]
abort                   0x080f6651      0x6  Code  Gb  abort.o [3]
cntOS                   0x2000e20c      0x4  Data  Gb  stm32f7xx_it.o [1]
cntRisingEXTI           0x2000e218      0x2  Data  Gb  main.o [1]
ebuf                    0x2000e01c     0x50  Data  Lc  xfiles.o [3]
exit                    0x080fc307      0x4  Code  Gb  exit.o [3]
fclose                  0x080fbff9     0x7a  Code  Gb  fclose.o [3]
fflush                  0x080fbcc3     0x34  Code  Gb  fflush.o [3]
fflushOne               0x080fbc4d     0x76  Code  Lc  fflush.o [3]
flg10ms                 0x2000e21d      0x1  Data  Gb  main.o [1]
flgSTAIni               0x2000e21e      0x1  Data  Gb  main.o [1]
fputc                   0x080fc1d9     0x56  Code  Gb  fputc.o [3]
fseek                   0x080fbf5b     0x22  Code  Gb  fseek.o [3]
hhcd                    0x2000d9a8    0x294  Data  Gb  usbh_conf.o [1]
hi2c1                   0x2000e17c     0x3c  Data  Gb  audio_codec.o [1]
hi2s2                   0x2000e13c     0x40  Data  Gb  waverecorder.o [1]
hi2s3                   0x2000e0bc     0x40  Data  Gb  audio_codec.o [1]
hspi5                   0x2000df04     0x64  Data  Gb  main.o [1]
huart6                  0x2000de94     0x70  Data  Gb  main.o [1]
idxSPI5DataBuf1         0x2000e214      0x2  Data  Gb  main.o [1]
idxSPI5DataBuf2         0x2000e216      0x2  Data  Gb  main.o [1]
init_mparams            0x080f515b     0x32  Code  Lc  dlmalloc.o [3]
init_top                0x080f518d     0x34  Code  Lc  dlmalloc.o [3]
main                    0x080f8219     0xb2  Code  Gb  main.o [1]
memchr                  0x080fb5bd           Code  Gb  memchr.o [6]
mparams                 0x2000e1b8     0x18  Data  Lc  dlmalloc.o [3]
obuf                    0x2000e06c     0x50  Data  Lc  xfiles.o [3]
prepend_alloc           0x080f51c1    0x36c  Code  Lc  dlmalloc.o [3]
printf                  0x080fad85     0x24  Code  Gb  printf.o [3]
putchar                 0x080fc34d      0xc  Code  Gb  putchar.o [3]
remove                  0x080fc08d     0x16  Code  Gb  remove.o [7]
sFileInfo               0x2000de14     0x80  Data  Lc  XShHandles.o [3]
segment_holding         0x080f5141     0x1a  Code  Lc  dlmalloc.o [3]
spi1_ins                0x2000df68     0x64  Data  Gb  waverecorder.o [1]
strchr                  0x080fb56d           Code  Gb  strchr.o [6]
strlen                  0x080fb585           Code  Gb  strlen.o [6]
sys_alloc               0x080f552d    0x386  Code  Lc  dlmalloc.o [3]
tmalloc_large           0x080f58c1    0x39e  Code  Lc  dlmalloc.o [3]
tmalloc_small           0x080f5c5f    0x21a  Code  Lc  dlmalloc.o [3]
uwTick                  0x2000e208      0x4  Data  Lc  stm32f7xx_hal.o [1]
volume                  0x20000174      0x1  Data  Gb  waveplayer _CS43L22.o [1]


[1] = D:\sop1hc\Github\data\Mic_Array_V00\Mic_Array\Projects\STM32746G\Applications\Audio\Mic_Array\EWARM\STM32F7-DISCO\Obj
[2] = command line
[3] = dl7M_tlf.a
[4] = libPDMFilter_CM7_IAR.a
[5] = m7M_tls.a
[6] = rt7M_tl.a
[7] = shb_l.a

     29 960 bytes of readonly  code memory
  1 003 621 bytes of readonly  data memory
     60 961 bytes of readwrite data memory

Errors: none
Warnings: none
