###############################################################################
#
# IAR ELF Linker V7.40.3.8902/W32 for ARM                 17/Dec/2015  23:52:37
# Copyright 2007-2015 IAR Systems AB.
#
#    Output file  =  
#        H:\PhanLeSon\ActivNoise\Microphone\F7\Mic_Array_Project\Mic_Array\Projects\STM32746G\Applications\Audio\Mic_Array\EWARM\STM32F7-DISCO\Exe\Project.out
#    Map file     =  
#        H:\PhanLeSon\ActivNoise\Microphone\F7\Mic_Array_Project\Mic_Array\Projects\STM32746G\Applications\Audio\Mic_Array\EWARM\STM32F7-DISCO\List\Project.map
#    Command line =  
#        H:\PhanLeSon\ActivNoise\Microphone\F7\Mic_Array_Project\Mic_Array\Projects\STM32746G\Applications\Audio\Mic_Array\EWARM\STM32F7-DISCO\Obj\audio_codec.o
#        H:\PhanLeSon\ActivNoise\Microphone\F7\Mic_Array_Project\Mic_Array\Projects\STM32746G\Applications\Audio\Mic_Array\EWARM\STM32F7-DISCO\Obj\audio_sample.o
#        H:\PhanLeSon\ActivNoise\Microphone\F7\Mic_Array_Project\Mic_Array\Projects\STM32746G\Applications\Audio\Mic_Array\EWARM\STM32F7-DISCO\Obj\explorer.o
#        H:\PhanLeSon\ActivNoise\Microphone\F7\Mic_Array_Project\Mic_Array\Projects\STM32746G\Applications\Audio\Mic_Array\EWARM\STM32F7-DISCO\Obj\ff.o
#        H:\PhanLeSon\ActivNoise\Microphone\F7\Mic_Array_Project\Mic_Array\Projects\STM32746G\Applications\Audio\Mic_Array\EWARM\STM32F7-DISCO\Obj\ft5336.o
#        H:\PhanLeSon\ActivNoise\Microphone\F7\Mic_Array_Project\Mic_Array\Middlewares\ST\STM32_Audio\Addons\PDM\libPDMFilter_CM7_IAR.a
#        H:\PhanLeSon\ActivNoise\Microphone\F7\Mic_Array_Project\Mic_Array\Projects\STM32746G\Applications\Audio\Mic_Array\EWARM\STM32F7-DISCO\Obj\main.o
#        H:\PhanLeSon\ActivNoise\Microphone\F7\Mic_Array_Project\Mic_Array\Projects\STM32746G\Applications\Audio\Mic_Array\EWARM\STM32F7-DISCO\Obj\menu.o
#        H:\PhanLeSon\ActivNoise\Microphone\F7\Mic_Array_Project\Mic_Array\Projects\STM32746G\Applications\Audio\Mic_Array\EWARM\STM32F7-DISCO\Obj\sta321mp.o
#        H:\PhanLeSon\ActivNoise\Microphone\F7\Mic_Array_Project\Mic_Array\Projects\STM32746G\Applications\Audio\Mic_Array\EWARM\STM32F7-DISCO\Obj\startup_stm32f746xx.o
#        H:\PhanLeSon\ActivNoise\Microphone\F7\Mic_Array_Project\Mic_Array\Projects\STM32746G\Applications\Audio\Mic_Array\EWARM\STM32F7-DISCO\Obj\stm32746g_discovery.o
#        H:\PhanLeSon\ActivNoise\Microphone\F7\Mic_Array_Project\Mic_Array\Projects\STM32746G\Applications\Audio\Mic_Array\EWARM\STM32F7-DISCO\Obj\stm32746g_discovery_lcd.o
#        H:\PhanLeSon\ActivNoise\Microphone\F7\Mic_Array_Project\Mic_Array\Projects\STM32746G\Applications\Audio\Mic_Array\EWARM\STM32F7-DISCO\Obj\stm32746g_discovery_sdram.o
#        H:\PhanLeSon\ActivNoise\Microphone\F7\Mic_Array_Project\Mic_Array\Projects\STM32746G\Applications\Audio\Mic_Array\EWARM\STM32F7-DISCO\Obj\stm32746g_discovery_ts.o
#        H:\PhanLeSon\ActivNoise\Microphone\F7\Mic_Array_Project\Mic_Array\Projects\STM32746G\Applications\Audio\Mic_Array\EWARM\STM32F7-DISCO\Obj\stm32f4xx_dac.o
#        H:\PhanLeSon\ActivNoise\Microphone\F7\Mic_Array_Project\Mic_Array\Projects\STM32746G\Applications\Audio\Mic_Array\EWARM\STM32F7-DISCO\Obj\stm32f7xx_hal.o
#        H:\PhanLeSon\ActivNoise\Microphone\F7\Mic_Array_Project\Mic_Array\Projects\STM32746G\Applications\Audio\Mic_Array\EWARM\STM32F7-DISCO\Obj\stm32f7xx_hal_cortex.o
#        H:\PhanLeSon\ActivNoise\Microphone\F7\Mic_Array_Project\Mic_Array\Projects\STM32746G\Applications\Audio\Mic_Array\EWARM\STM32F7-DISCO\Obj\stm32f7xx_hal_dac.o
#        H:\PhanLeSon\ActivNoise\Microphone\F7\Mic_Array_Project\Mic_Array\Projects\STM32746G\Applications\Audio\Mic_Array\EWARM\STM32F7-DISCO\Obj\stm32f7xx_hal_dac_ex.o
#        H:\PhanLeSon\ActivNoise\Microphone\F7\Mic_Array_Project\Mic_Array\Projects\STM32746G\Applications\Audio\Mic_Array\EWARM\STM32F7-DISCO\Obj\stm32f7xx_hal_dma.o
#        H:\PhanLeSon\ActivNoise\Microphone\F7\Mic_Array_Project\Mic_Array\Projects\STM32746G\Applications\Audio\Mic_Array\EWARM\STM32F7-DISCO\Obj\stm32f7xx_hal_dma2d.o
#        H:\PhanLeSon\ActivNoise\Microphone\F7\Mic_Array_Project\Mic_Array\Projects\STM32746G\Applications\Audio\Mic_Array\EWARM\STM32F7-DISCO\Obj\stm32f7xx_hal_dma_ex.o
#        H:\PhanLeSon\ActivNoise\Microphone\F7\Mic_Array_Project\Mic_Array\Projects\STM32746G\Applications\Audio\Mic_Array\EWARM\STM32F7-DISCO\Obj\stm32f7xx_hal_flash.o
#        H:\PhanLeSon\ActivNoise\Microphone\F7\Mic_Array_Project\Mic_Array\Projects\STM32746G\Applications\Audio\Mic_Array\EWARM\STM32F7-DISCO\Obj\stm32f7xx_hal_flash_ex.o
#        H:\PhanLeSon\ActivNoise\Microphone\F7\Mic_Array_Project\Mic_Array\Projects\STM32746G\Applications\Audio\Mic_Array\EWARM\STM32F7-DISCO\Obj\stm32f7xx_hal_gpio.o
#        H:\PhanLeSon\ActivNoise\Microphone\F7\Mic_Array_Project\Mic_Array\Projects\STM32746G\Applications\Audio\Mic_Array\EWARM\STM32F7-DISCO\Obj\stm32f7xx_hal_hcd.o
#        H:\PhanLeSon\ActivNoise\Microphone\F7\Mic_Array_Project\Mic_Array\Projects\STM32746G\Applications\Audio\Mic_Array\EWARM\STM32F7-DISCO\Obj\stm32f7xx_hal_i2c.o
#        H:\PhanLeSon\ActivNoise\Microphone\F7\Mic_Array_Project\Mic_Array\Projects\STM32746G\Applications\Audio\Mic_Array\EWARM\STM32F7-DISCO\Obj\stm32f7xx_hal_i2c_ex.o
#        H:\PhanLeSon\ActivNoise\Microphone\F7\Mic_Array_Project\Mic_Array\Projects\STM32746G\Applications\Audio\Mic_Array\EWARM\STM32F7-DISCO\Obj\stm32f7xx_hal_i2s.o
#        H:\PhanLeSon\ActivNoise\Microphone\F7\Mic_Array_Project\Mic_Array\Projects\STM32746G\Applications\Audio\Mic_Array\EWARM\STM32F7-DISCO\Obj\stm32f7xx_hal_ltdc.o
#        H:\PhanLeSon\ActivNoise\Microphone\F7\Mic_Array_Project\Mic_Array\Projects\STM32746G\Applications\Audio\Mic_Array\EWARM\STM32F7-DISCO\Obj\stm32f7xx_hal_pwr.o
#        H:\PhanLeSon\ActivNoise\Microphone\F7\Mic_Array_Project\Mic_Array\Projects\STM32746G\Applications\Audio\Mic_Array\EWARM\STM32F7-DISCO\Obj\stm32f7xx_hal_pwr_ex.o
#        H:\PhanLeSon\ActivNoise\Microphone\F7\Mic_Array_Project\Mic_Array\Projects\STM32746G\Applications\Audio\Mic_Array\EWARM\STM32F7-DISCO\Obj\stm32f7xx_hal_rcc.o
#        H:\PhanLeSon\ActivNoise\Microphone\F7\Mic_Array_Project\Mic_Array\Projects\STM32746G\Applications\Audio\Mic_Array\EWARM\STM32F7-DISCO\Obj\stm32f7xx_hal_rcc_ex.o
#        H:\PhanLeSon\ActivNoise\Microphone\F7\Mic_Array_Project\Mic_Array\Projects\STM32746G\Applications\Audio\Mic_Array\EWARM\STM32F7-DISCO\Obj\stm32f7xx_hal_sai.o
#        H:\PhanLeSon\ActivNoise\Microphone\F7\Mic_Array_Project\Mic_Array\Projects\STM32746G\Applications\Audio\Mic_Array\EWARM\STM32F7-DISCO\Obj\stm32f7xx_hal_sai_ex.o
#        H:\PhanLeSon\ActivNoise\Microphone\F7\Mic_Array_Project\Mic_Array\Projects\STM32746G\Applications\Audio\Mic_Array\EWARM\STM32F7-DISCO\Obj\stm32f7xx_hal_sdram.o
#        H:\PhanLeSon\ActivNoise\Microphone\F7\Mic_Array_Project\Mic_Array\Projects\STM32746G\Applications\Audio\Mic_Array\EWARM\STM32F7-DISCO\Obj\stm32f7xx_hal_spi.o
#        H:\PhanLeSon\ActivNoise\Microphone\F7\Mic_Array_Project\Mic_Array\Projects\STM32746G\Applications\Audio\Mic_Array\EWARM\STM32F7-DISCO\Obj\stm32f7xx_hal_sram.o
#        H:\PhanLeSon\ActivNoise\Microphone\F7\Mic_Array_Project\Mic_Array\Projects\STM32746G\Applications\Audio\Mic_Array\EWARM\STM32F7-DISCO\Obj\stm32f7xx_hal_tim.o
#        H:\PhanLeSon\ActivNoise\Microphone\F7\Mic_Array_Project\Mic_Array\Projects\STM32746G\Applications\Audio\Mic_Array\EWARM\STM32F7-DISCO\Obj\stm32f7xx_hal_tim_ex.o
#        H:\PhanLeSon\ActivNoise\Microphone\F7\Mic_Array_Project\Mic_Array\Projects\STM32746G\Applications\Audio\Mic_Array\EWARM\STM32F7-DISCO\Obj\stm32f7xx_hal_uart.o
#        H:\PhanLeSon\ActivNoise\Microphone\F7\Mic_Array_Project\Mic_Array\Projects\STM32746G\Applications\Audio\Mic_Array\EWARM\STM32F7-DISCO\Obj\stm32f7xx_it.o
#        H:\PhanLeSon\ActivNoise\Microphone\F7\Mic_Array_Project\Mic_Array\Projects\STM32746G\Applications\Audio\Mic_Array\EWARM\STM32F7-DISCO\Obj\stm32f7xx_ll_fmc.o
#        H:\PhanLeSon\ActivNoise\Microphone\F7\Mic_Array_Project\Mic_Array\Projects\STM32746G\Applications\Audio\Mic_Array\EWARM\STM32F7-DISCO\Obj\stm32f7xx_ll_usb.o
#        H:\PhanLeSon\ActivNoise\Microphone\F7\Mic_Array_Project\Mic_Array\Projects\STM32746G\Applications\Audio\Mic_Array\EWARM\STM32F7-DISCO\Obj\system_stm32f7xx.o
#        H:\PhanLeSon\ActivNoise\Microphone\F7\Mic_Array_Project\Mic_Array\Projects\STM32746G\Applications\Audio\Mic_Array\EWARM\STM32F7-DISCO\Obj\usbh_conf.o
#        H:\PhanLeSon\ActivNoise\Microphone\F7\Mic_Array_Project\Mic_Array\Projects\STM32746G\Applications\Audio\Mic_Array\EWARM\STM32F7-DISCO\Obj\usbh_core.o
#        H:\PhanLeSon\ActivNoise\Microphone\F7\Mic_Array_Project\Mic_Array\Projects\STM32746G\Applications\Audio\Mic_Array\EWARM\STM32F7-DISCO\Obj\usbh_ctlreq.o
#        H:\PhanLeSon\ActivNoise\Microphone\F7\Mic_Array_Project\Mic_Array\Projects\STM32746G\Applications\Audio\Mic_Array\EWARM\STM32F7-DISCO\Obj\usbh_diskio.o
#        H:\PhanLeSon\ActivNoise\Microphone\F7\Mic_Array_Project\Mic_Array\Projects\STM32746G\Applications\Audio\Mic_Array\EWARM\STM32F7-DISCO\Obj\usbh_ioreq.o
#        H:\PhanLeSon\ActivNoise\Microphone\F7\Mic_Array_Project\Mic_Array\Projects\STM32746G\Applications\Audio\Mic_Array\EWARM\STM32F7-DISCO\Obj\usbh_msc.o
#        H:\PhanLeSon\ActivNoise\Microphone\F7\Mic_Array_Project\Mic_Array\Projects\STM32746G\Applications\Audio\Mic_Array\EWARM\STM32F7-DISCO\Obj\usbh_msc_bot.o
#        H:\PhanLeSon\ActivNoise\Microphone\F7\Mic_Array_Project\Mic_Array\Projects\STM32746G\Applications\Audio\Mic_Array\EWARM\STM32F7-DISCO\Obj\usbh_msc_scsi.o
#        H:\PhanLeSon\ActivNoise\Microphone\F7\Mic_Array_Project\Mic_Array\Projects\STM32746G\Applications\Audio\Mic_Array\EWARM\STM32F7-DISCO\Obj\usbh_pipes.o
#        "H:\PhanLeSon\ActivNoise\Microphone\F7\Mic_Array_Project\Mic_Array\Projects\STM32746G\Applications\Audio\Mic_Array\EWARM\STM32F7-DISCO\Obj\waveplayer
#        _CS43L22.o"
#        H:\PhanLeSon\ActivNoise\Microphone\F7\Mic_Array_Project\Mic_Array\Projects\STM32746G\Applications\Audio\Mic_Array\EWARM\STM32F7-DISCO\Obj\waveplayer.o
#        H:\PhanLeSon\ActivNoise\Microphone\F7\Mic_Array_Project\Mic_Array\Projects\STM32746G\Applications\Audio\Mic_Array\EWARM\STM32F7-DISCO\Obj\waverecorder.o
#        --redirect _Printf=_PrintfSmall --redirect _Scanf=_ScanfSmall -o
#        H:\PhanLeSon\ActivNoise\Microphone\F7\Mic_Array_Project\Mic_Array\Projects\STM32746G\Applications\Audio\Mic_Array\EWARM\STM32F7-DISCO\Exe\Project.out
#        --map
#        H:\PhanLeSon\ActivNoise\Microphone\F7\Mic_Array_Project\Mic_Array\Projects\STM32746G\Applications\Audio\Mic_Array\EWARM\STM32F7-DISCO\List\Project.map
#        --config
#        H:\PhanLeSon\ActivNoise\Microphone\F7\Mic_Array_Project\Mic_Array\Projects\STM32746G\Applications\Audio\Mic_Array\EWARM\stm32f746xx_flash.icf
#        --semihosting --entry __iar_program_start --vfe
#
###############################################################################

*******************************************************************************
*** RUNTIME MODEL ATTRIBUTES
***

CppFlavor                     = *
__Heap_Handler                = DLMalloc
__SystemLibrary               = DLib
__dlib_dynamic_initialization = normal


*******************************************************************************
*** PLACEMENT SUMMARY
***

"A1":  place at 0x08000000 { ro section .intvec };
"P1":  place in [from 0x08000000 to 0x080fffff] { ro };
"P2":  place in [from 0x20000000 to 0x2004ffff] { rw, block CSTACK, block HEAP };

  Section             Kind        Address     Size  Object
  -------             ----        -------     ----  ------
"A1":                                        0x1c8
  .intvec             ro code  0x08000000    0x1c8  startup_stm32f746xx.o [1]
                             - 0x080001c8    0x1c8

"P1":                                      0xfc369
  .rodata             const    0x080001c8  0xf4f78  audio_sample.o [1]
  .text               ro code  0x080f5140   0x1510  dlmalloc.o [3]
  .text               ro code  0x080f6650      0x6  abort.o [3]
  .text               ro code  0x080f6658     0x2c  xgetmemchunk.o [3]
  .text               ro code  0x080f6684     0x14  exit.o [7]
  .text               ro code  0x080f6698     0x6c  iarttio.o [7]
  .text               ro code  0x080f6704      0x8  XShttio.o [3]
  .text               ro code  0x080f670c    0xd58  audio_codec.o [1]
  .text               ro code  0x080f7464     0x84  stm32f7xx_hal_dma.o [1]
  .text               ro code  0x080f74e8     0x38  waveplayer _CS43L22.o [1]
  .text               ro code  0x080f7520    0x254  stm32f7xx_hal_gpio.o [1]
  .text               ro code  0x080f7774    0x644  stm32f7xx_hal_i2c.o [1]
  .text               ro code  0x080f7db8    0x1a4  stm32f7xx_hal_i2s.o [1]
  .text               ro code  0x080f7f5c     0x56  stm32f7xx_hal_dac.o [1]
  .text               ro code  0x080f7fb4    0x184  stm32f7xx_hal_cortex.o [1]
  .text               ro code  0x080f8138    0x6b8  main.o [1]
  .text               ro code  0x080f87f0    0x238  waverecorder.o [1]
  .text               ro code  0x080f8a28     0x64  stm32f7xx_hal.o [1]
  .text               ro code  0x080f8a8c     0x98  stm32746g_discovery.o [1]
  .text               ro code  0x080f8b24    0x87c  stm32f7xx_hal_rcc.o [1]
  .text               ro code  0x080f93a0    0x6e8  stm32f7xx_hal_rcc_ex.o [1]
  .text               ro code  0x080f9a88     0xd8  stm32f7xx_hal_spi.o [1]
  .text               ro code  0x080f9b60    0xd36  stm32f7xx_hal_hcd.o [1]
  .text               ro code  0x080fa898    0x382  stm32f7xx_ll_usb.o [1]
  .text               ro code  0x080fac1c     0x4c  usbh_conf.o [1]
  .text               ro code  0x080fac68     0xbc  usbh_core.o [1]
  .text               ro code  0x080fad24     0x24  usbh_pipes.o [1]
  .text               ro code  0x080fad48     0x24  printf.o [3]
  .text               ro code  0x080fad6c    0x7a4  xprintfsmall.o [3]
  .text               ro code  0x080fb510     0x20  xmbtowc.o [3]
  .text               ro code  0x080fb530     0x16  strchr.o [6]
  .text               ro code  0x080fb548     0x36  strlen.o [6]
  .text               ro code  0x080fb580     0x58  memchr.o [6]
  .text               ro code  0x080fb5d8      0xa  xmbcurmax.o [3]
  .text               ro code  0x080fb5e2     0x1a  xwctomb.o [3]
  .text               ro code  0x080fb5fc     0x76  ABImemcpy_unaligned.o [6]
  .text               ro code  0x080fb674     0x14  setlocale.o [3]
  .text               ro code  0x080fb688     0x60  xencoding_sb.o [3]
  .text               ro code  0x080fb6e8      0x2  xtls.o [3]
  .text               ro code  0x080fb6ec    0x36a  stm32f7xx_hal_uart.o [1]
  .text               ro code  0x080fba58     0xe0  XShHandles.o [3]
  .text               ro code  0x080fbb38     0xd6  xfspos.o [3]
  .text               ro code  0x080fbc10     0xb0  fflush.o [3]
  .text               ro code  0x080fbcc0      0xc  xfgpos.o [3]
  .text               ro code  0x080fbccc     0x4c  lseek.o [7]
  .text               ro code  0x080fbd18      0xc  errno.o [3]
  .text               ro code  0x080fbd24      0x4  xsyslock_nop.o [3]
  .text               ro code  0x080fbd28     0x10  write.o [7]
  .text               ro code  0x080fbd38     0x1e  dwrite.o [7]
  .text               ro code  0x080fbd56     0x20  iarwstd.o [7]
  .text               ro code  0x080fbd76     0x22  iarwrite.o [7]
  .text               ro code  0x080fbd98     0xd0  packbits_init.o [6]
  .text               ro code  0x080fbe68     0xb6  xfwprep.o [3]
  .text               ro code  0x080fbf1e     0x22  fseek.o [3]
  .text               ro code  0x080fbf40     0x7c  xfofind.o [3]
  .text               ro code  0x080fbfbc     0x7a  fclose.o [3]
  .text               ro code  0x080fc036     0x1a  close.o [7]
  .text               ro code  0x080fc050     0x16  remove.o [7]
  .text               ro code  0x080fc068     0x70  stm32f7xx_it.o [1]
  .text               ro code  0x080fc0d8     0x6c  system_stm32f7xx.o [1]
  .text               ro code  0x080fc144     0x58  xcloseall.o [3]
  .text               ro code  0x080fc19c     0x56  fputc.o [3]
  .text               ro code  0x080fc1f2     0x40  zero_init3.o [6]
  .text               ro code  0x080fc234     0x28  data_init.o [6]
  .text               ro code  0x080fc25c     0x22  fpinit_M.o [5]
  .iar.init_table     const    0x080fc280     0x2c  - Linker created -
  .text               ro code  0x080fc2ac     0x1a  cmain.o [6]
  .text               ro code  0x080fc2c6      0x4  low_level_init.o [3]
  .text               ro code  0x080fc2ca      0x4  exit.o [3]
  .text               ro code  0x080fc2d0      0xe  cexit.o [6]
  .rodata             const    0x080fc2e0     0x18  usbh_core.o [1]
  .text               ro code  0x080fc2f8     0x16  xprout.o [3]
  .text               ro code  0x080fc310      0xc  putchar.o [3]
  .rodata             const    0x080fc31c     0x10  stm32f7xx_hal_rcc.o [1]
  .text               ro code  0x080fc32c     0x10  startup_stm32f746xx.o [1]
  .text               ro code  0x080fc33c      0xc  cstartup_M.o [6]
  .rodata             const    0x080fc348      0x4  stm32746g_discovery.o [1]
  .text               ro code  0x080fc34c      0x4  startup_stm32f746xx.o [1]
  .text               ro code  0x080fc350      0x4  startup_stm32f746xx.o [1]
  .text               ro code  0x080fc354      0x4  startup_stm32f746xx.o [1]
  .text               ro code  0x080fc358      0x4  startup_stm32f746xx.o [1]
  .text               ro code  0x080fc35c      0x4  startup_stm32f746xx.o [1]
  .text               ro code  0x080fc360      0x4  startup_stm32f746xx.o [1]
  .text               ro code  0x080fc364      0x4  startup_stm32f746xx.o [1]
  .text               ro code  0x080fc368      0x4  startup_stm32f746xx.o [1]
  .text               ro code  0x080fc36c      0x4  startup_stm32f746xx.o [1]
  .text               ro code  0x080fc370      0x4  startup_stm32f746xx.o [1]
  .text               ro code  0x080fc374      0x4  startup_stm32f746xx.o [1]
  .text               ro code  0x080fc378      0x4  startup_stm32f746xx.o [1]
  .text               ro code  0x080fc37c      0x4  startup_stm32f746xx.o [1]
  .text               ro code  0x080fc380      0x4  startup_stm32f746xx.o [1]
  .text               ro code  0x080fc384      0x4  startup_stm32f746xx.o [1]
  .text               ro code  0x080fc388      0x4  startup_stm32f746xx.o [1]
  .text               ro code  0x080fc38c      0x4  startup_stm32f746xx.o [1]
  .text               ro code  0x080fc390      0x4  startup_stm32f746xx.o [1]
  .text               ro code  0x080fc394      0x4  startup_stm32f746xx.o [1]
  .text               ro code  0x080fc398      0x4  startup_stm32f746xx.o [1]
  .text               ro code  0x080fc39c      0x4  startup_stm32f746xx.o [1]
  .text               ro code  0x080fc3a0      0x4  startup_stm32f746xx.o [1]
  .text               ro code  0x080fc3a4      0x4  startup_stm32f746xx.o [1]
  .text               ro code  0x080fc3a8      0x4  startup_stm32f746xx.o [1]
  .text               ro code  0x080fc3ac      0x4  startup_stm32f746xx.o [1]
  .text               ro code  0x080fc3b0      0x4  startup_stm32f746xx.o [1]
  .text               ro code  0x080fc3b4      0x4  startup_stm32f746xx.o [1]
  .text               ro code  0x080fc3b8      0x4  startup_stm32f746xx.o [1]
  .text               ro code  0x080fc3bc      0x4  startup_stm32f746xx.o [1]
  .text               ro code  0x080fc3c0      0x4  startup_stm32f746xx.o [1]
  .text               ro code  0x080fc3c4      0x4  startup_stm32f746xx.o [1]
  .text               ro code  0x080fc3c8      0x4  startup_stm32f746xx.o [1]
  .text               ro code  0x080fc3cc      0x4  startup_stm32f746xx.o [1]
  .text               ro code  0x080fc3d0      0x4  startup_stm32f746xx.o [1]
  .text               ro code  0x080fc3d4      0x4  startup_stm32f746xx.o [1]
  .text               ro code  0x080fc3d8      0x4  startup_stm32f746xx.o [1]
  .text               ro code  0x080fc3dc      0x4  startup_stm32f746xx.o [1]
  .text               ro code  0x080fc3e0      0x4  startup_stm32f746xx.o [1]
  .text               ro code  0x080fc3e4      0x4  startup_stm32f746xx.o [1]
  .text               ro code  0x080fc3e8      0x4  startup_stm32f746xx.o [1]
  .text               ro code  0x080fc3ec      0x4  startup_stm32f746xx.o [1]
  .text               ro code  0x080fc3f0      0x4  startup_stm32f746xx.o [1]
  .text               ro code  0x080fc3f4      0x4  startup_stm32f746xx.o [1]
  .text               ro code  0x080fc3f8      0x4  startup_stm32f746xx.o [1]
  .text               ro code  0x080fc3fc      0x4  startup_stm32f746xx.o [1]
  .text               ro code  0x080fc400      0x4  startup_stm32f746xx.o [1]
  .text               ro code  0x080fc404      0x4  startup_stm32f746xx.o [1]
  .text               ro code  0x080fc408      0x4  startup_stm32f746xx.o [1]
  .text               ro code  0x080fc40c      0x4  startup_stm32f746xx.o [1]
  .text               ro code  0x080fc410      0x4  startup_stm32f746xx.o [1]
  .text               ro code  0x080fc414      0x4  startup_stm32f746xx.o [1]
  .text               ro code  0x080fc418      0x4  startup_stm32f746xx.o [1]
  .text               ro code  0x080fc41c      0x4  startup_stm32f746xx.o [1]
  .text               ro code  0x080fc420      0x4  startup_stm32f746xx.o [1]
  .text               ro code  0x080fc424      0x4  startup_stm32f746xx.o [1]
  .text               ro code  0x080fc428      0x4  startup_stm32f746xx.o [1]
  .text               ro code  0x080fc42c      0x4  startup_stm32f746xx.o [1]
  .text               ro code  0x080fc430      0x4  startup_stm32f746xx.o [1]
  .text               ro code  0x080fc434      0x4  startup_stm32f746xx.o [1]
  .text               ro code  0x080fc438      0x4  startup_stm32f746xx.o [1]
  .text               ro code  0x080fc43c      0x4  startup_stm32f746xx.o [1]
  .text               ro code  0x080fc440      0x4  startup_stm32f746xx.o [1]
  .text               ro code  0x080fc444      0x4  startup_stm32f746xx.o [1]
  .text               ro code  0x080fc448      0x4  startup_stm32f746xx.o [1]
  .text               ro code  0x080fc44c      0x4  startup_stm32f746xx.o [1]
  .text               ro code  0x080fc450      0x4  startup_stm32f746xx.o [1]
  .text               ro code  0x080fc454      0x4  startup_stm32f746xx.o [1]
  .text               ro code  0x080fc458      0x4  startup_stm32f746xx.o [1]
  .text               ro code  0x080fc45c      0x4  startup_stm32f746xx.o [1]
  .text               ro code  0x080fc460      0x4  startup_stm32f746xx.o [1]
  .text               ro code  0x080fc464      0x4  startup_stm32f746xx.o [1]
  .text               ro code  0x080fc468      0x4  startup_stm32f746xx.o [1]
  .text               ro code  0x080fc46c      0x4  startup_stm32f746xx.o [1]
  .text               ro code  0x080fc470      0x4  startup_stm32f746xx.o [1]
  .text               ro code  0x080fc474      0x4  startup_stm32f746xx.o [1]
  .text               ro code  0x080fc478      0x4  startup_stm32f746xx.o [1]
  .text               ro code  0x080fc47c      0x4  startup_stm32f746xx.o [1]
  .text               ro code  0x080fc480      0x4  startup_stm32f746xx.o [1]
  .text               ro code  0x080fc484      0x4  startup_stm32f746xx.o [1]
  .text               ro code  0x080fc488      0x4  startup_stm32f746xx.o [1]
  .text               ro code  0x080fc48c      0x4  startup_stm32f746xx.o [1]
  .text               ro code  0x080fc490      0x4  startup_stm32f746xx.o [1]
  .text               ro code  0x080fc494      0x4  startup_stm32f746xx.o [1]
  .text               ro code  0x080fc498      0x4  startup_stm32f746xx.o [1]
  .text               ro code  0x080fc49c      0x4  startup_stm32f746xx.o [1]
  .text               ro code  0x080fc4a0      0x0  cstart_closeall.o [6]
  .rodata             const    0x080fc4a0      0x0  zero_init3.o [6]
  .rodata             const    0x080fc4a0      0x0  packbits_init.o [6]
  Initializer bytes   const    0x080fc4a0     0x91  <for P2 s0>
                             - 0x080fc531  0xfc369

"P2":                                       0xee28
  P2 s0                        0x20000000    0x175  <Init block>
    __DLIB_PERTHREAD  inited   0x20000000     0x74  setlocale.o [3]
    .data             inited   0x20000074     0x40  xfiles.o [3]
    .data             inited   0x200000b4     0x40  xfiles.o [3]
    .data             inited   0x200000f4     0x40  xfiles.o [3]
    .data             inited   0x20000134     0x20  xfiles.o [3]
    .data             inited   0x20000154      0x8  XShttio.o [3]
    .data             inited   0x2000015c      0x4  audio_codec.o [1]
    .data             inited   0x20000160      0x4  audio_codec.o [1]
    .data             inited   0x20000164      0x4  audio_codec.o [1]
    .data             inited   0x20000168      0x4  audio_codec.o [1]
    .data             inited   0x2000016c      0x4  system_stm32f7xx.o [1]
    __DLIB_PERTHREAD  inited   0x20000170      0x4  errno.o [3]
    .data             inited   0x20000174      0x1  waveplayer _CS43L22.o [1]
  .bss                zero     0x20000178   0x4810  main.o [1]
  .bss                zero     0x20004988   0x4810  waverecorder.o [1]
  .bss                zero     0x20009198   0x4810  waverecorder.o [1]
  .bss                zero     0x2000d9a8    0x294  usbh_conf.o [1]
  .bss                zero     0x2000dc3c    0x1d8  dlmalloc.o [3]
  .bss                zero     0x2000de14     0x80  XShHandles.o [3]
  .bss                zero     0x2000de94     0x70  main.o [1]
  .bss                zero     0x2000df04     0x64  main.o [1]
  .bss                zero     0x2000df68     0x64  waverecorder.o [1]
  .bss                zero     0x2000dfcc     0x50  audio_codec.o [1]
  .bss                zero     0x2000e01c     0x50  xfiles.o [3]
  .bss                zero     0x2000e06c     0x50  xfiles.o [3]
  .bss                zero     0x2000e0bc     0x40  audio_codec.o [1]
  .bss                zero     0x2000e0fc     0x40  audio_codec.o [1]
  .bss                zero     0x2000e13c     0x40  waverecorder.o [1]
  .bss                zero     0x2000e17c     0x3c  audio_codec.o [1]
  .bss                zero     0x2000e1b8     0x18  dlmalloc.o [3]
  .bss                zero     0x2000e1d0     0x14  audio_codec.o [1]
  .bss                zero     0x2000e1e4     0x14  main.o [1]
  .bss                zero     0x2000e1f8      0x8  audio_codec.o [1]
  .bss                zero     0x2000e200      0x4  audio_codec.o [1]
  .bss                zero     0x2000e204      0x4  main.o [1]
  .bss                zero     0x2000e208      0x4  stm32f7xx_hal.o [1]
  .bss                zero     0x2000e20c      0x4  stm32f7xx_it.o [1]
  .bss                zero     0x2000e210      0x4  xgetmemchunk.o [3]
  .bss                zero     0x2000e214      0x2  main.o [1]
  .bss                zero     0x2000e216      0x2  main.o [1]
  .bss                zero     0x2000e218      0x2  main.o [1]
  .bss                zero     0x2000e21a      0x2  main.o [1]
  .bss                zero     0x2000e21c      0x1  audio_codec.o [1]
  .bss                zero     0x2000e21d      0x1  main.o [1]
  .bss                zero     0x2000e21e      0x1  main.o [1]
  .bss                zero     0x2000e21f      0x1  main.o [1]
  .bss                zero     0x2000e220      0x1  main.o [1]
  CSTACK                       0x2000e228    0x800  <Block>
    CSTACK            uninit   0x2000e228    0x800  <Block tail>
  HEAP                         0x2000ea28    0x400  <Block>
    HEAP              uninit   0x2000ea28    0x400  <Block tail>
                             - 0x2000ee28   0xee28


*******************************************************************************
*** INIT TABLE
***

          Address     Size
          -------     ----
Zero (__iar_zero_init3)
    1 destination range, total size 0xe0a9:
          0x20000178  0xe0a9

Copy/packbits (__iar_packbits_init3)
    1 source range, total size 0x91 (38% of destination):
          0x080fc4a0    0x91
    1 destination range, total size 0x175:
          0x20000000   0x175



*******************************************************************************
*** MODULE SUMMARY
***

    Module                  ro code    ro data  rw data
    ------                  -------    -------  -------
H:\PhanLeSon\ActivNoise\Microphone\F7\Mic_Array_Project\Mic_Array\Projects\STM32746G\Applications\Audio\Mic_Array\EWARM\STM32F7-DISCO\Obj: [1]
    audio_codec.o             3 416          6      317
    audio_sample.o                   1 003 384
    main.o                    1 720              18 696
    startup_stm32f746xx.o       812
    stm32746g_discovery.o       152          4
    stm32f7xx_hal.o             100                   4
    stm32f7xx_hal_cortex.o      388
    stm32f7xx_hal_dac.o          86
    stm32f7xx_hal_dma.o         132
    stm32f7xx_hal_gpio.o        596
    stm32f7xx_hal_hcd.o       3 382
    stm32f7xx_hal_i2c.o       1 604
    stm32f7xx_hal_i2s.o         420
    stm32f7xx_hal_rcc.o       2 172         16
    stm32f7xx_hal_rcc_ex.o    1 768
    stm32f7xx_hal_spi.o         216
    stm32f7xx_hal_uart.o        874
    stm32f7xx_it.o              112                   4
    stm32f7xx_ll_usb.o          898
    system_stm32f7xx.o          108          2        4
    usbh_conf.o                  76                 660
    usbh_core.o                 188         24
    usbh_pipes.o                 36
    waveplayer _CS43L22.o        56          1        1
    waverecorder.o              568              37 060
    ---------------------------------------------------
    Total:                   19 880  1 003 437   56 746

command line: [2]
    ---------------------------------------------------
    Total:

dl7M_tlf.a: [3]
    XShHandles.o                224                 128
    XShttio.o                     8          3        8
    abort.o                       6
    dlmalloc.o                5 392                 496
    errno.o                      12          1        4
    exit.o                        4
    fclose.o                    122
    fflush.o                    176
    fputc.o                      86
    fseek.o                      34
    low_level_init.o              4
    printf.o                     36
    putchar.o                    12
    setlocale.o                  20         45      116
    xcloseall.o                  88
    xencoding_sb.o               96
    xfgpos.o                     12
    xfiles.o                                87      384
    xfofind.o                   124
    xfspos.o                    214
    xfwprep.o                   182
    xgetmemchunk.o               44                   4
    xmbcurmax.o                  10
    xmbtowc.o                    32
    xprintfsmall.o            1 956
    xprout.o                     22
    xsyslock_nop.o                4
    xtls.o                        2
    xwctomb.o                    26
    ---------------------------------------------------
    Total:                    8 948        136    1 140

libPDMFilter_CM7_IAR.a: [4]
    ---------------------------------------------------
    Total:

m7M_tls.a: [5]
    fpinit_M.o                   34
    ---------------------------------------------------
    Total:                       34

rt7M_tl.a: [6]
    ABImemcpy_unaligned.o       118
    cexit.o                      14
    cmain.o                      26
    cstart_closeall.o
    cstartup_M.o                 12
    data_init.o                  40
    memchr.o                     88
    packbits_init.o             208
    strchr.o                     22
    strlen.o                     54
    zero_init3.o                 64
    ---------------------------------------------------
    Total:                      646

shb_l.a: [7]
    close.o                      26
    dwrite.o                     30
    exit.o                       20
    iarttio.o                   108
    iarwrite.o                   34
    iarwstd.o                    32
    lseek.o                      76
    remove.o                     22
    write.o                      16
    ---------------------------------------------------
    Total:                      364

    Gaps                         28          4        3
    Linker created                          44    3 072
-------------------------------------------------------
    Grand Total:             29 900  1 003 621   60 961


*******************************************************************************
*** ENTRY LIST
***

Entry                      Address     Size  Type      Object
-----                      -------     ----  ----      ------
.iar.init_table$$Base   0x080fc280            --   Gb  - Linker created -
.iar.init_table$$Limit  0x080fc2ac            --   Gb  - Linker created -
?main                   0x080fc2ad           Code  Gb  cmain.o [6]
APBAHBPrescTable        0x080fc31c     0x10  Data  Gb  stm32f7xx_hal_rcc.o [1]
AUDIO_GetSampleCallBack
                        0x080f7513      0x4  Code  Gb  waveplayer _CS43L22.o [1]
AUDIO_Init              0x080f670d     0x3c  Code  Gb  audio_codec.o [1]
AUDIO_Play              0x080f6749     0x70  Code  Gb  audio_codec.o [1]
AUDIO_SAMPLE            0x080001c8  0xf4f78  Data  Gb  audio_sample.o [1]
AUDIO_TransferComplete_CallBack
                        0x080f7511      0x2  Code  Gb  waveplayer _CS43L22.o [1]
AudioFlashPlay          0x080f74fd     0x14  Code  Gb  waveplayer _CS43L22.o [1]
AudioRemSize            0x20000160      0x4  Data  Gb  audio_codec.o [1]
AudioTotalSize          0x2000015c      0x4  Data  Gb  audio_codec.o [1]
Audio_MAL_IRQHandler    0x080f67b9    0x1ec  Code  Lc  audio_codec.o [1]
Audio_MAL_Init          0x080f7165     0xd4  Code  Lc  audio_codec.o [1]
Audio_MAL_Play          0x080f723d     0x3c  Code  Gb  audio_codec.o [1]
BSP_LED_Init            0x080f8a8d     0x68  Code  Gb  stm32746g_discovery.o [1]
BSP_LED_Toggle          0x080f8af5     0x24  Code  Gb  stm32746g_discovery.o [1]
Buffer1                 0x20004988   0x4810  Data  Gb  waverecorder.o [1]
Buffer2                 0x20009198   0x4810  Data  Gb  waverecorder.o [1]
Buffer3                 0x20000178   0x4810  Data  Gb  main.o [1]
BusFault_Handler        0x080fc06f      0x2  Code  Gb  stm32f7xx_it.o [1]
CODECTimeout            0x20000164      0x4  Data  Gb  audio_codec.o [1]
CPU_CACHE_Enable        0x080f8397      0xc  Code  Lc  main.o [1]
CSTACK$$Base            0x2000e228            --   Gb  - Linker created -
CSTACK$$Limit           0x2000ea28            --   Gb  - Linker created -
Codec_AudioInterface_Init
                        0x080f6f47     0xd6  Code  Lc  audio_codec.o [1]
Codec_CtrlInterface_Init
                        0x080f6ea7     0xa0  Code  Lc  audio_codec.o [1]
Codec_GPIO_Init         0x080f701d    0x130  Code  Lc  audio_codec.o [1]
Codec_Init              0x080f69d5    0x104  Code  Lc  audio_codec.o [1]
Codec_Play              0x080f6ad9      0x4  Code  Lc  audio_codec.o [1]
Codec_ReadRegister      0x080f6ca7    0x200  Code  Lc  audio_codec.o [1]
Codec_Reset             0x080f6b2f     0x24  Code  Lc  audio_codec.o [1]
Codec_TIMEOUT_UserCallback
                        0x080f7517      0x4  Code  Gb  waveplayer _CS43L22.o [1]
Codec_VolumeCtrl        0x080f6add     0x52  Code  Lc  audio_codec.o [1]
Codec_WriteRegister     0x080f6b53    0x154  Code  Lc  audio_codec.o [1]
CurrAudioInterface      0x20000168      0x4  Data  Gb  audio_codec.o [1]
CurrentPos              0x2000e200      0x4  Data  Gb  audio_codec.o [1]
DMA1_Stream0_IRQHandler
                        0x080f69ad      0x8  Code  Gb  audio_codec.o [1]
DMA1_Stream7_IRQHandler
                        0x080f69a5      0x8  Code  Gb  audio_codec.o [1]
DMA2_Stream4_IRQHandler
                        0x080fc0d5      0x2  Code  Gb  stm32f7xx_it.o [1]
DMA2_Stream7_IRQHandler
                        0x080fc0d7      0x2  Code  Gb  stm32f7xx_it.o [1]
DMA_Cmd                 0x080f7429     0x1a  Code  Lc  audio_codec.o [1]
DMA_DeInit              0x080f7443     0x22  Code  Lc  audio_codec.o [1]
DebugMon_Handler        0x080fc075      0x2  Code  Gb  stm32f7xx_it.o [1]
Delay                   0x080f7151     0x14  Code  Lc  audio_codec.o [1]
DmaHandle               0x2000dfcc     0x50  Data  Gb  audio_codec.o [1]
EXTI4_IRQHandler        0x080f871d     0x36  Code  Gb  main.o [1]
GPIO_INS                0x2000e1e4     0x14  Data  Gb  main.o [1]
GPIO_PIN                0x080fc348      0x4  Data  Gb  stm32746g_discovery.o [1]
HAL_DAC_ConfigChannel   0x080f7f5d     0x56  Code  Gb  stm32f7xx_hal_dac.o [1]
HAL_DMA_Init            0x080f7465     0x7c  Code  Gb  stm32f7xx_hal_dma.o [1]
HAL_GPIO_Init           0x080f7521    0x1f6  Code  Gb  stm32f7xx_hal_gpio.o [1]
HAL_GPIO_TogglePin      0x080f772b      0xa  Code  Gb  stm32f7xx_hal_gpio.o [1]
HAL_GPIO_WritePin       0x080f7717     0x14  Code  Gb  stm32f7xx_hal_gpio.o [1]
HAL_GetTick             0x080f8a7d      0x6  Code  Wk  stm32f7xx_hal.o [1]
HAL_HCD_Connect_Callback
                        0x080fac2b      0xe  Code  Gb  usbh_conf.o [1]
HAL_HCD_Disconnect_Callback
                        0x080fac39      0xe  Code  Gb  usbh_conf.o [1]
HAL_HCD_HC_NotifyURBChange_Callback
                        0x080fac47      0x2  Code  Gb  usbh_conf.o [1]
HAL_HCD_IRQHandler      0x080f9b61    0x13c  Code  Gb  stm32f7xx_hal_hcd.o [1]
HAL_HCD_SOF_Callback    0x080fac1d      0xe  Code  Gb  usbh_conf.o [1]
HAL_HCD_Start           0x080f9c9d     0x2e  Code  Gb  stm32f7xx_hal_hcd.o [1]
HAL_HCD_Stop            0x080f9ccb     0x26  Code  Gb  stm32f7xx_hal_hcd.o [1]
HAL_I2C_EV_IRQHandler   0x080f7831    0x12e  Code  Gb  stm32f7xx_hal_i2c.o [1]
HAL_I2C_ErrorCallback   0x080f796b      0x2  Code  Wk  stm32f7xx_hal_i2c.o [1]
HAL_I2C_Init            0x080f7775     0xbc  Code  Gb  stm32f7xx_hal_i2c.o [1]
HAL_I2C_MasterRxCpltCallback
                        0x080f7961      0x2  Code  Wk  stm32f7xx_hal_i2c.o [1]
HAL_I2C_MasterTxCpltCallback
                        0x080f795f      0x2  Code  Wk  stm32f7xx_hal_i2c.o [1]
HAL_I2C_MemRxCpltCallback
                        0x080f7969      0x2  Code  Wk  stm32f7xx_hal_i2c.o [1]
HAL_I2C_MemTxCpltCallback
                        0x080f7967      0x2  Code  Wk  stm32f7xx_hal_i2c.o [1]
HAL_I2C_MspInit         0x080f83a3     0xc8  Code  Gb  main.o [1]
HAL_I2C_SlaveRxCpltCallback
                        0x080f7965      0x2  Code  Wk  stm32f7xx_hal_i2c.o [1]
HAL_I2C_SlaveTxCpltCallback
                        0x080f7963      0x2  Code  Wk  stm32f7xx_hal_i2c.o [1]
HAL_I2S_Init            0x080f7db9    0x126  Code  Gb  stm32f7xx_hal_i2s.o [1]
HAL_I2S_MspInit         0x080f8831    0x1bc  Code  Gb  waverecorder.o [1]
HAL_IncTick             0x080f8a71      0xc  Code  Wk  stm32f7xx_hal.o [1]
HAL_Init                0x080f8a29     0x22  Code  Gb  stm32f7xx_hal.o [1]
HAL_InitTick            0x080f8a4d     0x24  Code  Wk  stm32f7xx_hal.o [1]
HAL_MspInit             0x080f8a4b      0x2  Code  Wk  stm32f7xx_hal.o [1]
HAL_NVIC_DisableIRQ     0x080f80d9      0xe  Code  Gb  stm32f7xx_hal_cortex.o [1]
HAL_NVIC_EnableIRQ      0x080f80cb      0xe  Code  Gb  stm32f7xx_hal_cortex.o [1]
HAL_NVIC_SetPriority    0x080f80a5     0x26  Code  Gb  stm32f7xx_hal_cortex.o [1]
HAL_NVIC_SetPriorityGrouping
                        0x080f8099      0xc  Code  Gb  stm32f7xx_hal_cortex.o [1]
HAL_RCCEx_PeriphCLKConfig
                        0x080f93a1    0x6c0  Code  Gb  stm32f7xx_hal_rcc_ex.o [1]
HAL_RCC_ClockConfig     0x080f903d    0x25a  Code  Gb  stm32f7xx_hal_rcc.o [1]
HAL_RCC_GetHCLKFreq     0x080f9341     0x2c  Code  Gb  stm32f7xx_hal_rcc.o [1]
HAL_RCC_GetSysClockFreq
                        0x080f9297     0xaa  Code  Gb  stm32f7xx_hal_rcc.o [1]
HAL_RCC_OscConfig       0x080f8b25    0x518  Code  Gb  stm32f7xx_hal_rcc.o [1]
HAL_SPI_Init            0x080f9a89     0xd8  Code  Gb  stm32f7xx_hal_spi.o [1]
HAL_SPI_MspInit         0x080f846b     0xf2  Code  Gb  main.o [1]
HAL_SYSTICK_CLKSourceConfig
                        0x080f80f3     0x20  Code  Gb  stm32f7xx_hal_cortex.o [1]
HAL_SYSTICK_Config      0x080f80e7      0xc  Code  Gb  stm32f7xx_hal_cortex.o [1]
HAL_UART_ErrorCallback  0x080fb8c7      0x2  Code  Wk  stm32f7xx_hal_uart.o [1]
HAL_UART_IRQHandler     0x080fb6ed     0xf8  Code  Gb  stm32f7xx_hal_uart.o [1]
HAL_UART_RxCpltCallback
                        0x080fb8c5      0x2  Code  Wk  stm32f7xx_hal_uart.o [1]
HAL_UART_TxCpltCallback
                        0x080fb8c3      0x2  Code  Wk  stm32f7xx_hal_uart.o [1]
HCD_HC_IN_IRQHandler    0x080f9cf1    0x4f0  Code  Lc  stm32f7xx_hal_hcd.o [1]
HCD_HC_OUT_IRQHandler   0x080fa1e1    0x4d8  Code  Lc  stm32f7xx_hal_hcd.o [1]
HCD_Port_IRQHandler     0x080fa7b9     0xde  Code  Lc  stm32f7xx_hal_hcd.o [1]
HCD_RXQLVL_IRQHandler   0x080fa6b9     0xf8  Code  Lc  stm32f7xx_hal_hcd.o [1]
HEAP$$Base              0x2000ea28            --   Gb  - Linker created -
HEAP$$Limit             0x2000ee28            --   Gb  - Linker created -
HardFault_Handler       0x080fc06b      0x2  Code  Gb  stm32f7xx_it.o [1]
I2C1_EV_IRQHandler      0x080fc0ad      0xa  Code  Gb  stm32f7xx_it.o [1]
I2C_AcknowledgeConfig   0x080f7375     0x1c  Code  Lc  audio_codec.o [1]
I2C_CheckEvent          0x080f72e9     0x24  Code  Lc  audio_codec.o [1]
I2C_ClearFlag           0x080f7397     0x10  Code  Lc  audio_codec.o [1]
I2C_GenerateSTART       0x080f72b7     0x1c  Code  Lc  audio_codec.o [1]
I2C_GenerateSTOP        0x080f7313     0x1c  Code  Lc  audio_codec.o [1]
I2C_GetFlagStatus       0x080f732f     0x46  Code  Lc  audio_codec.o [1]
I2C_MasterReceive_ISR   0x080f7ac1    0x152  Code  Lc  stm32f7xx_hal_i2c.o [1]
I2C_MasterTransmit_ISR  0x080f796d    0x152  Code  Lc  stm32f7xx_hal_i2c.o [1]
I2C_ReceiveData         0x080f7391      0x6  Code  Lc  audio_codec.o [1]
I2C_Send7bitAddress     0x080f72d3     0x16  Code  Lc  audio_codec.o [1]
I2C_SendData            0x080f730d      0x6  Code  Lc  audio_codec.o [1]
I2C_SlaveReceive_ISR    0x080f7cd5     0xae  Code  Lc  stm32f7xx_hal_i2c.o [1]
I2C_SlaveTransmit_ISR   0x080f7c13     0xc2  Code  Lc  stm32f7xx_hal_i2c.o [1]
I2C_TransferConfig      0x080f7d89     0x2a  Code  Lc  stm32f7xx_hal_i2c.o [1]
I2S_Cmd                 0x080f73a7     0x1c  Code  Lc  audio_codec.o [1]
I2S_GetClockFreq        0x080f7edf     0x66  Code  Lc  stm32f7xx_hal_i2s.o [1]
InStream_Read           0x080fbd99     0x22  Code  Lc  packbits_init.o [6]
LoadInt                 0x080fb189     0x4c  Code  Lc  xprintfsmall.o [3]
MX_SPI5_Init            0x080f855d     0x7e  Code  Gb  main.o [1]
MemManage_Handler       0x080fc06d      0x2  Code  Gb  stm32f7xx_it.o [1]
NMI_Handler             0x080fc069      0x2  Code  Gb  stm32f7xx_it.o [1]
NVIC_DisableIRQ         0x080f7ff1     0x14  Code  Lc  stm32f7xx_hal_cortex.o [1]
NVIC_EnableIRQ          0x080f7fdd     0x14  Code  Lc  stm32f7xx_hal_cortex.o [1]
NVIC_EncodePriority     0x080f802b     0x3e  Code  Lc  stm32f7xx_hal_cortex.o [1]
NVIC_GetPriorityGrouping
                        0x080f7fd3      0xa  Code  Lc  stm32f7xx_hal_cortex.o [1]
NVIC_SetPriority        0x080f8005     0x26  Code  Lc  stm32f7xx_hal_cortex.o [1]
NVIC_SetPriorityGrouping
                        0x080f7fb5     0x1e  Code  Lc  stm32f7xx_hal_cortex.o [1]
OTG_FS_IRQHandler       0x080fc0b7      0xa  Code  Gb  stm32f7xx_it.o [1]
OutputDev               0x2000e21c      0x1  Data  Gb  audio_codec.o [1]
PendSV_Handler          0x080fc077      0x2  Code  Gb  stm32f7xx_it.o [1]
Region$$Table$$Base     0x080fc280            --   Gb  - Linker created -
Region$$Table$$Limit    0x080fc2ac            --   Gb  - Linker created -
SCB_EnableDCache        0x080f8163     0x7a  Code  Lc  main.o [1]
SCB_EnableICache        0x080f8139     0x2a  Code  Lc  main.o [1]
SPI1_IRQHandler         0x080f87f1     0x26  Code  Gb  waverecorder.o [1]
SPI2_IRQHandler         0x080f8817     0x1a  Code  Gb  waverecorder.o [1]
SPI3_IRQHandler         0x080f69b5     0x20  Code  Gb  audio_codec.o [1]
SPI5_IRQHandler         0x080f85db    0x13c  Code  Gb  main.o [1]
SPI_I2S_ReceiveData     0x080f8717      0x6  Code  Lc  main.o [1]
SPI_I2S_ReceiveData     0x080f8a23      0x6  Code  Lc  waverecorder.o [1]
SPI_I2S_SendData        0x080f72b1      0x6  Code  Lc  audio_codec.o [1]
SPI_I2S_SendData        0x080f8a1d      0x6  Code  Lc  waverecorder.o [1]
SVC_Handler             0x080fc073      0x2  Code  Gb  stm32f7xx_it.o [1]
SysTick_Config          0x080f8069     0x30  Code  Lc  stm32f7xx_hal_cortex.o [1]
SysTick_Handler         0x080fc079     0x2a  Code  Gb  stm32f7xx_it.o [1]
SystemClock_Config      0x080f82ab     0xec  Code  Lc  main.o [1]
SystemCoreClock         0x2000016c      0x4  Data  Gb  system_stm32f7xx.o [1]
SystemInit              0x080fc0d9     0x4c  Code  Gb  system_stm32f7xx.o [1]
Toggle_Leds             0x080f828f     0x1c  Code  Gb  main.o [1]
UART_EndTransmit_IT     0x080fb975     0x3c  Code  Lc  stm32f7xx_hal_uart.o [1]
UART_Receive_IT         0x080fb9b1     0xa6  Code  Lc  stm32f7xx_hal_uart.o [1]
UART_Transmit_IT        0x080fb8c9     0xac  Code  Lc  stm32f7xx_hal_uart.o [1]
UART_WaitOnFlagUntilTimeout
                        0x080fb7e5     0xde  Code  Gb  stm32f7xx_hal_uart.o [1]
USART6_IRQHandler       0x080fc0a3      0xa  Code  Gb  stm32f7xx_it.o [1]
USBH_FreePipe           0x080fad25     0x24  Code  Gb  usbh_pipes.o [1]
USBH_HandleSof          0x080fac7f     0x1e  Code  Lc  usbh_core.o [1]
USBH_LL_Connect         0x080fac9d     0x32  Code  Gb  usbh_core.o [1]
USBH_LL_Disconnect      0x080faccf     0x4c  Code  Gb  usbh_core.o [1]
USBH_LL_IncTimer        0x080fac69     0x16  Code  Gb  usbh_core.o [1]
USBH_LL_Start           0x080fac49     0x10  Code  Gb  usbh_conf.o [1]
USBH_LL_Stop            0x080fac59     0x10  Code  Gb  usbh_conf.o [1]
USB_DisableGlobalInt    0x080fa8a7      0xe  Code  Gb  stm32f7xx_ll_usb.o [1]
USB_DriveVbus           0x080fa98d     0x4a  Code  Gb  stm32f7xx_ll_usb.o [1]
USB_EnableGlobalInt     0x080fa899      0xe  Code  Gb  stm32f7xx_ll_usb.o [1]
USB_FlushRxFifo         0x080fa8d9     0x20  Code  Gb  stm32f7xx_ll_usb.o [1]
USB_FlushTxFifo         0x080fa8b5     0x24  Code  Gb  stm32f7xx_ll_usb.o [1]
USB_GetMode             0x080fa933      0x8  Code  Gb  stm32f7xx_ll_usb.o [1]
USB_HC_Halt             0x080fa9e1    0x186  Code  Gb  stm32f7xx_ll_usb.o [1]
USB_HC_ReadInterrupt    0x080fa9d7      0xa  Code  Gb  stm32f7xx_ll_usb.o [1]
USB_InitFSLSPClkSel     0x080fa941     0x4c  Code  Gb  stm32f7xx_ll_usb.o [1]
USB_ReadInterrupts      0x080fa925      0xe  Code  Gb  stm32f7xx_ll_usb.o [1]
USB_ReadPacket          0x080fa8f9     0x2c  Code  Gb  stm32f7xx_ll_usb.o [1]
USB_StopHost            0x080fab67     0xb4  Code  Gb  stm32f7xx_ll_usb.o [1]
UsageFault_Handler      0x080fc071      0x2  Code  Gb  stm32f7xx_it.o [1]
WavePlayerInit          0x080f74e9     0x14  Code  Gb  waveplayer _CS43L22.o [1]
_Close_all              0x080fc145     0x58  Code  Gb  xcloseall.o [3]
_EncodingSb_Mbtowc      0x080fb6a3     0x30  Code  Gb  xencoding_sb.o [3]
_EncodingSb_Wctomb      0x080fb689     0x1a  Code  Gb  xencoding_sb.o [3]
_Files                  0x20000134     0x20  Data  Gb  xfiles.o [3]
_Fofree                 0x080fbf41     0x78  Code  Gb  xfofind.o [3]
_Fspos                  0x080fbb39     0xd6  Code  Gb  xfspos.o [3]
_Fwprep                 0x080fbe69     0xb6  Code  Gb  xfwprep.o [3]
_IsdstStr               0x20000004      0x4  Data  Gb  setlocale.o [3]
_LitobSmall             0x080fb3fb     0xce  Code  Lc  xprintfsmall.o [3]
_LocaleEncoding         0x080fb675      0xe  Code  Gb  setlocale.o [3]
_LocaleReturnString     0x20000024     0x50  Data  Lc  setlocale.o [3]
_Locale_Profile         0x20000008     0x1c  Data  Gb  setlocale.o [3]
_Mbtowc                 0x080fb511     0x20  Code  Gb  xmbtowc.o [3]
_Nnl                    0x080fbcc1      0xc  Code  Gb  xfgpos.o [3]
_PrintfSmall            0x080fad6d    0x412  Code  Gb  xprintfsmall.o [3]
_Prout                  0x080fc2f9     0x16  Code  Gb  xprout.o [3]
_PutcharsSmall          0x080fb4c9     0x2e  Code  Lc  xprintfsmall.o [3]
_PutstrSmall            0x080fb1d5    0x226  Code  Lc  xprintfsmall.o [3]
_TzoneStr               0x20000000      0x4  Data  Gb  setlocale.o [3]
_Wctomb                 0x080fb5e3     0x1a  Code  Gb  xwctomb.o [3]
__aeabi_errno_addr      0x080fbd19      0x6  Code  Gb  errno.o [3]
__cexit_closeall        0x080fc2d3           Code  Gb  cexit.o [6]
__close                 0x080fc037     0x1a  Code  Gb  close.o [7]
__cmain                 0x080fc2ad           Code  Gb  cmain.o [6]
__cstart_closeall       0x080fc4a0           Data  Gb  cstart_closeall.o [6]
__data_GetMemChunk      0x080f6659     0x2c  Code  Gb  xgetmemchunk.o [3]
__dwrite                0x080fbd39     0x1e  Code  Gb  dwrite.o [7]
__exit                  0x080f6685     0x14  Code  Gb  exit.o [7]
__iar_Errno             0x20000170      0x4  Data  Gb  errno.o [3]
__iar_Lockfilelock      0x080fbd25      0x2  Code  Gb  xsyslock_nop.o [3]
__iar_Mbcurmax          0x080fb5d9      0xa  Code  Gb  xmbcurmax.o [3]
__iar_Memchr            0x080fb581           Code  Gb  memchr.o [6]
__iar_Stderr            0x200000f4     0x40  Data  Gb  xfiles.o [3]
__iar_Stdin             0x20000074     0x40  Data  Gb  xfiles.o [3]
__iar_Stdout            0x200000b4     0x40  Data  Gb  xfiles.o [3]
__iar_Strchr            0x080fb531           Code  Gb  strchr.o [6]
__iar_Unlockfilelock    0x080fbd27      0x2  Code  Gb  xsyslock_nop.o [3]
__iar_close_ttio        0x080f6699     0x2e  Code  Gb  iarttio.o [7]
__iar_data_init3        0x080fc235     0x28  Code  Gb  data_init.o [6]
__iar_dlfree            0x080f6139    0x510  Code  Gb  dlmalloc.o [3]
__iar_dlib_perthread_access
                        0x080fb6e9      0x2  Code  Gb  xtls.o [3]
__iar_dlmalloc          0x080f5e79    0x2b4  Code  Gb  dlmalloc.o [3]
__iar_get_ttio          0x080f66c9     0x38  Code  Gb  iarttio.o [7]
__iar_init_vfp          0x080fc25d           Code  Gb  fpinit_M.o [5]
__iar_lookup_ttioh      0x080f6705      0x8  Code  Gb  XShttio.o [3]
__iar_packbits_init3    0x080fbdbb     0xae  Code  Gb  packbits_init.o [6]
__iar_program_start     0x080fc33d           Code  Gb  cstartup_M.o [6]
__iar_sh_Discard        0x080fba59     0x44  Code  Gb  XShHandles.o [3]
__iar_sh_Move           0x080fbaa3     0x4c  Code  Gb  XShHandles.o [3]
__iar_sh_Pos            0x080fbaef     0x44  Code  Gb  XShHandles.o [3]
__iar_sh_stdout         0x080fbd57     0x20  Code  Gb  iarwstd.o [7]
__iar_sh_write          0x080fbd77     0x22  Code  Gb  iarwrite.o [7]
__iar_ttio_handles      0x20000154      0x8  Data  Lc  XShttio.o [3]
__iar_unaligned___aeabi_memcpy
                        0x080fb5fd           Code  Gb  ABImemcpy_unaligned.o [6]
__iar_unaligned___aeabi_memcpy4
                        0x080fb61d           Code  Gb  ABImemcpy_unaligned.o [6]
__iar_unaligned___aeabi_memcpy8
                        0x080fb61d           Code  Gb  ABImemcpy_unaligned.o [6]
__iar_zero_init3        0x080fc1f3     0x40  Code  Gb  zero_init3.o [6]
__low_level_init        0x080fc2c7      0x4  Code  Gb  low_level_init.o [3]
__lseek                 0x080fbccd     0x4c  Code  Gb  lseek.o [7]
__vector_table          0x08000000           Data  Gb  startup_stm32f746xx.o [1]
__write                 0x080fbd29     0x10  Code  Gb  write.o [7]
_call_main              0x080fc2b9           Code  Gb  cmain.o [6]
_exit                   0x080fc2d1           Code  Gb  cexit.o [6]
_gm_                    0x2000dc3c    0x1d8  Data  Lc  dlmalloc.o [3]
_main                   0x080fc2c3           Code  Gb  cmain.o [6]
abort                   0x080f6651      0x6  Code  Gb  abort.o [3]
cntOS                   0x2000e20c      0x4  Data  Gb  stm32f7xx_it.o [1]
cntRisingEXTI           0x2000e218      0x2  Data  Gb  main.o [1]
ebuf                    0x2000e01c     0x50  Data  Lc  xfiles.o [3]
exit                    0x080fc2cb      0x4  Code  Gb  exit.o [3]
fclose                  0x080fbfbd     0x7a  Code  Gb  fclose.o [3]
fflush                  0x080fbc87     0x34  Code  Gb  fflush.o [3]
fflushOne               0x080fbc11     0x76  Code  Lc  fflush.o [3]
flg10ms                 0x2000e21d      0x1  Data  Gb  main.o [1]
flgSTAIni               0x2000e21e      0x1  Data  Gb  main.o [1]
fputc                   0x080fc19d     0x56  Code  Gb  fputc.o [3]
fseek                   0x080fbf1f     0x22  Code  Gb  fseek.o [3]
hhcd                    0x2000d9a8    0x294  Data  Gb  usbh_conf.o [1]
hi2c1                   0x2000e17c     0x3c  Data  Gb  audio_codec.o [1]
hi2s2                   0x2000e13c     0x40  Data  Gb  waverecorder.o [1]
hi2s3                   0x2000e0bc     0x40  Data  Gb  audio_codec.o [1]
hspi5                   0x2000df04     0x64  Data  Gb  main.o [1]
huart6                  0x2000de94     0x70  Data  Gb  main.o [1]
idxSPI5DataBuf1         0x2000e214      0x2  Data  Gb  main.o [1]
idxSPI5DataBuf2         0x2000e216      0x2  Data  Gb  main.o [1]
init_mparams            0x080f515b     0x32  Code  Lc  dlmalloc.o [3]
init_top                0x080f518d     0x34  Code  Lc  dlmalloc.o [3]
main                    0x080f81dd     0xb2  Code  Gb  main.o [1]
memchr                  0x080fb581           Code  Gb  memchr.o [6]
mparams                 0x2000e1b8     0x18  Data  Lc  dlmalloc.o [3]
obuf                    0x2000e06c     0x50  Data  Lc  xfiles.o [3]
prepend_alloc           0x080f51c1    0x36c  Code  Lc  dlmalloc.o [3]
printf                  0x080fad49     0x24  Code  Gb  printf.o [3]
putchar                 0x080fc311      0xc  Code  Gb  putchar.o [3]
remove                  0x080fc051     0x16  Code  Gb  remove.o [7]
sFileInfo               0x2000de14     0x80  Data  Lc  XShHandles.o [3]
segment_holding         0x080f5141     0x1a  Code  Lc  dlmalloc.o [3]
spi1_ins                0x2000df68     0x64  Data  Gb  waverecorder.o [1]
strchr                  0x080fb531           Code  Gb  strchr.o [6]
strlen                  0x080fb549           Code  Gb  strlen.o [6]
sys_alloc               0x080f552d    0x386  Code  Lc  dlmalloc.o [3]
tmalloc_large           0x080f58c1    0x39e  Code  Lc  dlmalloc.o [3]
tmalloc_small           0x080f5c5f    0x21a  Code  Lc  dlmalloc.o [3]
uwTick                  0x2000e208      0x4  Data  Lc  stm32f7xx_hal.o [1]
volume                  0x20000174      0x1  Data  Gb  waveplayer _CS43L22.o [1]


[1] = H:\PhanLeSon\ActivNoise\Microphone\F7\Mic_Array_Project\Mic_Array\Projects\STM32746G\Applications\Audio\Mic_Array\EWARM\STM32F7-DISCO\Obj
[2] = command line
[3] = dl7M_tlf.a
[4] = libPDMFilter_CM7_IAR.a
[5] = m7M_tls.a
[6] = rt7M_tl.a
[7] = shb_l.a

     29 900 bytes of readonly  code memory
  1 003 621 bytes of readonly  data memory
     60 961 bytes of readwrite data memory

Errors: none
Warnings: none
