###############################################################################
#
# IAR ELF Linker V7.40.3.8902/W32 for ARM                 19/Dec/2015  20:43:44
# Copyright 2007-2015 IAR Systems AB.
#
#    Output file  =  
#        H:\PhanLeSon\ActivNoise\Microphone\F7\Mic_Array_Project\Mic_Array\Projects\STM32746G\Applications\Audio\Mic_Array\EWARM\STM32F7-DISCO\Exe\Project.out
#    Map file     =  
#        H:\PhanLeSon\ActivNoise\Microphone\F7\Mic_Array_Project\Mic_Array\Projects\STM32746G\Applications\Audio\Mic_Array\EWARM\STM32F7-DISCO\List\Project.map
#    Command line =  
#        H:\PhanLeSon\ActivNoise\Microphone\F7\Mic_Array_Project\Mic_Array\Projects\STM32746G\Applications\Audio\Mic_Array\EWARM\STM32F7-DISCO\Obj\audio_codec.o
#        H:\PhanLeSon\ActivNoise\Microphone\F7\Mic_Array_Project\Mic_Array\Projects\STM32746G\Applications\Audio\Mic_Array\EWARM\STM32F7-DISCO\Obj\audio_sample.o
#        H:\PhanLeSon\ActivNoise\Microphone\F7\Mic_Array_Project\Mic_Array\Projects\STM32746G\Applications\Audio\Mic_Array\EWARM\STM32F7-DISCO\Obj\explorer.o
#        H:\PhanLeSon\ActivNoise\Microphone\F7\Mic_Array_Project\Mic_Array\Projects\STM32746G\Applications\Audio\Mic_Array\EWARM\STM32F7-DISCO\Obj\ff.o
#        H:\PhanLeSon\ActivNoise\Microphone\F7\Mic_Array_Project\Mic_Array\Projects\STM32746G\Applications\Audio\Mic_Array\EWARM\STM32F7-DISCO\Obj\ft5336.o
#        H:\PhanLeSon\ActivNoise\Microphone\F7\Mic_Array_Project\Mic_Array\Middlewares\ST\STM32_Audio\Addons\PDM\libPDMFilter_CM7_IAR.a
#        H:\PhanLeSon\ActivNoise\Microphone\F7\Mic_Array_Project\Mic_Array\Projects\STM32746G\Applications\Audio\Mic_Array\EWARM\STM32F7-DISCO\Obj\main.o
#        H:\PhanLeSon\ActivNoise\Microphone\F7\Mic_Array_Project\Mic_Array\Projects\STM32746G\Applications\Audio\Mic_Array\EWARM\STM32F7-DISCO\Obj\menu.o
#        H:\PhanLeSon\ActivNoise\Microphone\F7\Mic_Array_Project\Mic_Array\Projects\STM32746G\Applications\Audio\Mic_Array\EWARM\STM32F7-DISCO\Obj\sta321mp.o
#        H:\PhanLeSon\ActivNoise\Microphone\F7\Mic_Array_Project\Mic_Array\Projects\STM32746G\Applications\Audio\Mic_Array\EWARM\STM32F7-DISCO\Obj\startup_stm32f746xx.o
#        H:\PhanLeSon\ActivNoise\Microphone\F7\Mic_Array_Project\Mic_Array\Projects\STM32746G\Applications\Audio\Mic_Array\EWARM\STM32F7-DISCO\Obj\stm32746g_discovery.o
#        H:\PhanLeSon\ActivNoise\Microphone\F7\Mic_Array_Project\Mic_Array\Projects\STM32746G\Applications\Audio\Mic_Array\EWARM\STM32F7-DISCO\Obj\stm32746g_discovery_lcd.o
#        H:\PhanLeSon\ActivNoise\Microphone\F7\Mic_Array_Project\Mic_Array\Projects\STM32746G\Applications\Audio\Mic_Array\EWARM\STM32F7-DISCO\Obj\stm32746g_discovery_sdram.o
#        H:\PhanLeSon\ActivNoise\Microphone\F7\Mic_Array_Project\Mic_Array\Projects\STM32746G\Applications\Audio\Mic_Array\EWARM\STM32F7-DISCO\Obj\stm32746g_discovery_ts.o
#        H:\PhanLeSon\ActivNoise\Microphone\F7\Mic_Array_Project\Mic_Array\Projects\STM32746G\Applications\Audio\Mic_Array\EWARM\STM32F7-DISCO\Obj\stm32f7xx_hal.o
#        H:\PhanLeSon\ActivNoise\Microphone\F7\Mic_Array_Project\Mic_Array\Projects\STM32746G\Applications\Audio\Mic_Array\EWARM\STM32F7-DISCO\Obj\stm32f7xx_hal_cortex.o
#        H:\PhanLeSon\ActivNoise\Microphone\F7\Mic_Array_Project\Mic_Array\Projects\STM32746G\Applications\Audio\Mic_Array\EWARM\STM32F7-DISCO\Obj\stm32f7xx_hal_dma.o
#        H:\PhanLeSon\ActivNoise\Microphone\F7\Mic_Array_Project\Mic_Array\Projects\STM32746G\Applications\Audio\Mic_Array\EWARM\STM32F7-DISCO\Obj\stm32f7xx_hal_dma2d.o
#        H:\PhanLeSon\ActivNoise\Microphone\F7\Mic_Array_Project\Mic_Array\Projects\STM32746G\Applications\Audio\Mic_Array\EWARM\STM32F7-DISCO\Obj\stm32f7xx_hal_dma_ex.o
#        H:\PhanLeSon\ActivNoise\Microphone\F7\Mic_Array_Project\Mic_Array\Projects\STM32746G\Applications\Audio\Mic_Array\EWARM\STM32F7-DISCO\Obj\stm32f7xx_hal_flash.o
#        H:\PhanLeSon\ActivNoise\Microphone\F7\Mic_Array_Project\Mic_Array\Projects\STM32746G\Applications\Audio\Mic_Array\EWARM\STM32F7-DISCO\Obj\stm32f7xx_hal_flash_ex.o
#        H:\PhanLeSon\ActivNoise\Microphone\F7\Mic_Array_Project\Mic_Array\Projects\STM32746G\Applications\Audio\Mic_Array\EWARM\STM32F7-DISCO\Obj\stm32f7xx_hal_gpio.o
#        H:\PhanLeSon\ActivNoise\Microphone\F7\Mic_Array_Project\Mic_Array\Projects\STM32746G\Applications\Audio\Mic_Array\EWARM\STM32F7-DISCO\Obj\stm32f7xx_hal_hcd.o
#        H:\PhanLeSon\ActivNoise\Microphone\F7\Mic_Array_Project\Mic_Array\Projects\STM32746G\Applications\Audio\Mic_Array\EWARM\STM32F7-DISCO\Obj\stm32f7xx_hal_i2c.o
#        H:\PhanLeSon\ActivNoise\Microphone\F7\Mic_Array_Project\Mic_Array\Projects\STM32746G\Applications\Audio\Mic_Array\EWARM\STM32F7-DISCO\Obj\stm32f7xx_hal_i2c_ex.o
#        H:\PhanLeSon\ActivNoise\Microphone\F7\Mic_Array_Project\Mic_Array\Projects\STM32746G\Applications\Audio\Mic_Array\EWARM\STM32F7-DISCO\Obj\stm32f7xx_hal_i2s.o
#        H:\PhanLeSon\ActivNoise\Microphone\F7\Mic_Array_Project\Mic_Array\Projects\STM32746G\Applications\Audio\Mic_Array\EWARM\STM32F7-DISCO\Obj\stm32f7xx_hal_ltdc.o
#        H:\PhanLeSon\ActivNoise\Microphone\F7\Mic_Array_Project\Mic_Array\Projects\STM32746G\Applications\Audio\Mic_Array\EWARM\STM32F7-DISCO\Obj\stm32f7xx_hal_pwr.o
#        H:\PhanLeSon\ActivNoise\Microphone\F7\Mic_Array_Project\Mic_Array\Projects\STM32746G\Applications\Audio\Mic_Array\EWARM\STM32F7-DISCO\Obj\stm32f7xx_hal_pwr_ex.o
#        H:\PhanLeSon\ActivNoise\Microphone\F7\Mic_Array_Project\Mic_Array\Projects\STM32746G\Applications\Audio\Mic_Array\EWARM\STM32F7-DISCO\Obj\stm32f7xx_hal_rcc.o
#        H:\PhanLeSon\ActivNoise\Microphone\F7\Mic_Array_Project\Mic_Array\Projects\STM32746G\Applications\Audio\Mic_Array\EWARM\STM32F7-DISCO\Obj\stm32f7xx_hal_rcc_ex.o
#        H:\PhanLeSon\ActivNoise\Microphone\F7\Mic_Array_Project\Mic_Array\Projects\STM32746G\Applications\Audio\Mic_Array\EWARM\STM32F7-DISCO\Obj\stm32f7xx_hal_sai.o
#        H:\PhanLeSon\ActivNoise\Microphone\F7\Mic_Array_Project\Mic_Array\Projects\STM32746G\Applications\Audio\Mic_Array\EWARM\STM32F7-DISCO\Obj\stm32f7xx_hal_sai_ex.o
#        H:\PhanLeSon\ActivNoise\Microphone\F7\Mic_Array_Project\Mic_Array\Projects\STM32746G\Applications\Audio\Mic_Array\EWARM\STM32F7-DISCO\Obj\stm32f7xx_hal_sdram.o
#        H:\PhanLeSon\ActivNoise\Microphone\F7\Mic_Array_Project\Mic_Array\Projects\STM32746G\Applications\Audio\Mic_Array\EWARM\STM32F7-DISCO\Obj\stm32f7xx_hal_spi.o
#        H:\PhanLeSon\ActivNoise\Microphone\F7\Mic_Array_Project\Mic_Array\Projects\STM32746G\Applications\Audio\Mic_Array\EWARM\STM32F7-DISCO\Obj\stm32f7xx_hal_sram.o
#        H:\PhanLeSon\ActivNoise\Microphone\F7\Mic_Array_Project\Mic_Array\Projects\STM32746G\Applications\Audio\Mic_Array\EWARM\STM32F7-DISCO\Obj\stm32f7xx_hal_tim.o
#        H:\PhanLeSon\ActivNoise\Microphone\F7\Mic_Array_Project\Mic_Array\Projects\STM32746G\Applications\Audio\Mic_Array\EWARM\STM32F7-DISCO\Obj\stm32f7xx_hal_tim_ex.o
#        H:\PhanLeSon\ActivNoise\Microphone\F7\Mic_Array_Project\Mic_Array\Projects\STM32746G\Applications\Audio\Mic_Array\EWARM\STM32F7-DISCO\Obj\stm32f7xx_hal_uart.o
#        H:\PhanLeSon\ActivNoise\Microphone\F7\Mic_Array_Project\Mic_Array\Projects\STM32746G\Applications\Audio\Mic_Array\EWARM\STM32F7-DISCO\Obj\stm32f7xx_it.o
#        H:\PhanLeSon\ActivNoise\Microphone\F7\Mic_Array_Project\Mic_Array\Projects\STM32746G\Applications\Audio\Mic_Array\EWARM\STM32F7-DISCO\Obj\stm32f7xx_ll_fmc.o
#        H:\PhanLeSon\ActivNoise\Microphone\F7\Mic_Array_Project\Mic_Array\Projects\STM32746G\Applications\Audio\Mic_Array\EWARM\STM32F7-DISCO\Obj\stm32f7xx_ll_usb.o
#        H:\PhanLeSon\ActivNoise\Microphone\F7\Mic_Array_Project\Mic_Array\Projects\STM32746G\Applications\Audio\Mic_Array\EWARM\STM32F7-DISCO\Obj\system_stm32f7xx.o
#        H:\PhanLeSon\ActivNoise\Microphone\F7\Mic_Array_Project\Mic_Array\Projects\STM32746G\Applications\Audio\Mic_Array\EWARM\STM32F7-DISCO\Obj\usbh_conf.o
#        H:\PhanLeSon\ActivNoise\Microphone\F7\Mic_Array_Project\Mic_Array\Projects\STM32746G\Applications\Audio\Mic_Array\EWARM\STM32F7-DISCO\Obj\usbh_core.o
#        H:\PhanLeSon\ActivNoise\Microphone\F7\Mic_Array_Project\Mic_Array\Projects\STM32746G\Applications\Audio\Mic_Array\EWARM\STM32F7-DISCO\Obj\usbh_ctlreq.o
#        H:\PhanLeSon\ActivNoise\Microphone\F7\Mic_Array_Project\Mic_Array\Projects\STM32746G\Applications\Audio\Mic_Array\EWARM\STM32F7-DISCO\Obj\usbh_diskio.o
#        H:\PhanLeSon\ActivNoise\Microphone\F7\Mic_Array_Project\Mic_Array\Projects\STM32746G\Applications\Audio\Mic_Array\EWARM\STM32F7-DISCO\Obj\usbh_ioreq.o
#        H:\PhanLeSon\ActivNoise\Microphone\F7\Mic_Array_Project\Mic_Array\Projects\STM32746G\Applications\Audio\Mic_Array\EWARM\STM32F7-DISCO\Obj\usbh_msc.o
#        H:\PhanLeSon\ActivNoise\Microphone\F7\Mic_Array_Project\Mic_Array\Projects\STM32746G\Applications\Audio\Mic_Array\EWARM\STM32F7-DISCO\Obj\usbh_msc_bot.o
#        H:\PhanLeSon\ActivNoise\Microphone\F7\Mic_Array_Project\Mic_Array\Projects\STM32746G\Applications\Audio\Mic_Array\EWARM\STM32F7-DISCO\Obj\usbh_msc_scsi.o
#        H:\PhanLeSon\ActivNoise\Microphone\F7\Mic_Array_Project\Mic_Array\Projects\STM32746G\Applications\Audio\Mic_Array\EWARM\STM32F7-DISCO\Obj\usbh_pipes.o
#        "H:\PhanLeSon\ActivNoise\Microphone\F7\Mic_Array_Project\Mic_Array\Projects\STM32746G\Applications\Audio\Mic_Array\EWARM\STM32F7-DISCO\Obj\waveplayer
#        _CS43L22.o"
#        H:\PhanLeSon\ActivNoise\Microphone\F7\Mic_Array_Project\Mic_Array\Projects\STM32746G\Applications\Audio\Mic_Array\EWARM\STM32F7-DISCO\Obj\waveplayer.o
#        H:\PhanLeSon\ActivNoise\Microphone\F7\Mic_Array_Project\Mic_Array\Projects\STM32746G\Applications\Audio\Mic_Array\EWARM\STM32F7-DISCO\Obj\waverecorder.o
#        --redirect _Printf=_PrintfSmall --redirect _Scanf=_ScanfSmall -o
#        H:\PhanLeSon\ActivNoise\Microphone\F7\Mic_Array_Project\Mic_Array\Projects\STM32746G\Applications\Audio\Mic_Array\EWARM\STM32F7-DISCO\Exe\Project.out
#        --map
#        H:\PhanLeSon\ActivNoise\Microphone\F7\Mic_Array_Project\Mic_Array\Projects\STM32746G\Applications\Audio\Mic_Array\EWARM\STM32F7-DISCO\List\Project.map
#        --config
#        H:\PhanLeSon\ActivNoise\Microphone\F7\Mic_Array_Project\Mic_Array\Projects\STM32746G\Applications\Audio\Mic_Array\EWARM\stm32f746xx_flash.icf
#        --semihosting --entry __iar_program_start --vfe
#
###############################################################################

*******************************************************************************
*** RUNTIME MODEL ATTRIBUTES
***

CppFlavor                     = *
__Heap_Handler                = DLMalloc
__SystemLibrary               = DLib
__dlib_dynamic_initialization = normal


*******************************************************************************
*** PLACEMENT SUMMARY
***

"A1":  place at 0x08000000 { ro section .intvec };
"P1":  place in [from 0x08000000 to 0x080fffff] { ro };
"P2":  place in [from 0x20000000 to 0x2004ffff] { rw, block CSTACK, block HEAP };

  Section             Kind        Address    Size  Object
  -------             ----        -------    ----  ------
"A1":                                       0x1c8
  .intvec             ro code  0x08000000   0x1c8  startup_stm32f746xx.o [1]
                             - 0x080001c8   0x1c8

"P1":                                      0x6343
  .text               ro code  0x080001c8  0x1510  dlmalloc.o [3]
  .text               ro code  0x080016d8     0x6  abort.o [3]
  .text               ro code  0x080016e0    0x2c  xgetmemchunk.o [3]
  .text               ro code  0x0800170c    0x14  exit.o [7]
  .text               ro code  0x08001720    0x6c  iarttio.o [7]
  .text               ro code  0x0800178c     0x8  XShttio.o [3]
  .text               ro code  0x08001794   0xd36  stm32f7xx_hal_hcd.o [1]
  .text               ro code  0x080024cc   0x382  stm32f7xx_ll_usb.o [1]
  .text               ro code  0x08002850    0x4c  usbh_conf.o [1]
  .text               ro code  0x0800289c    0xbc  usbh_core.o [1]
  .text               ro code  0x08002958    0x24  usbh_pipes.o [1]
  .text               ro code  0x0800297c    0x24  printf.o [3]
  .text               ro code  0x080029a0   0x7a4  xprintfsmall.o [3]
  .text               ro code  0x08003144    0x20  xmbtowc.o [3]
  .text               ro code  0x08003164    0x16  strchr.o [6]
  .text               ro code  0x0800317c    0x36  strlen.o [6]
  .text               ro code  0x080031b4    0x58  memchr.o [6]
  .text               ro code  0x0800320c     0xa  xmbcurmax.o [3]
  .text               ro code  0x08003216    0x1a  xwctomb.o [3]
  .text               ro code  0x08003230    0x76  ABImemcpy_unaligned.o [6]
  .text               ro code  0x080032a8    0x14  setlocale.o [3]
  .text               ro code  0x080032bc    0x60  xencoding_sb.o [3]
  .text               ro code  0x0800331c     0x2  xtls.o [3]
  .text               ro code  0x08003320   0x87c  stm32f7xx_hal_rcc.o [1]
  .text               ro code  0x08003b9c    0x64  stm32f7xx_hal.o [1]
  .text               ro code  0x08003c00   0x184  stm32f7xx_hal_cortex.o [1]
  .text               ro code  0x08003d84   0x6e8  stm32f7xx_hal_rcc_ex.o [1]
  .text               ro code  0x0800446c   0x5cc  main.o [1]
  .text               ro code  0x08004a38    0x98  stm32746g_discovery.o [1]
  .text               ro code  0x08004ad0   0x254  stm32f7xx_hal_gpio.o [1]
  .text               ro code  0x08004d24    0xd8  stm32f7xx_hal_spi.o [1]
  .text               ro code  0x08004dfc   0x588  stm32f7xx_hal_i2c.o [1]
  .text               ro code  0x08005384   0x36a  stm32f7xx_hal_uart.o [1]
  .text               ro code  0x080056f0   0x270  audio_codec.o [1]
  .text               ro code  0x08005960    0x84  stm32f7xx_hal_dma.o [1]
  .text               ro code  0x080059e4     0x6  waveplayer _CS43L22.o [1]
  .text               ro code  0x080059ec    0xe0  XShHandles.o [3]
  .text               ro code  0x08005acc    0xd6  xfspos.o [3]
  .text               ro code  0x08005ba4    0xb0  fflush.o [3]
  .text               ro code  0x08005c54     0xc  xfgpos.o [3]
  .text               ro code  0x08005c60    0x4c  lseek.o [7]
  .text               ro code  0x08005cac     0xc  errno.o [3]
  .text               ro code  0x08005cb8     0x4  xsyslock_nop.o [3]
  .text               ro code  0x08005cbc    0x10  write.o [7]
  .text               ro code  0x08005ccc    0x1e  dwrite.o [7]
  .text               ro code  0x08005cea    0x20  iarwstd.o [7]
  .text               ro code  0x08005d0a    0x22  iarwrite.o [7]
  .text               ro code  0x08005d2c    0xd0  packbits_init.o [6]
  .text               ro code  0x08005dfc    0xb6  xfwprep.o [3]
  .text               ro code  0x08005eb2    0x22  fseek.o [3]
  .text               ro code  0x08005ed4    0x7c  xfofind.o [3]
  .text               ro code  0x08005f50    0x7a  fclose.o [3]
  .text               ro code  0x08005fca    0x1a  close.o [7]
  .text               ro code  0x08005fe4    0x16  remove.o [7]
  .text               ro code  0x08005ffc    0x70  stm32f7xx_it.o [1]
  .text               ro code  0x0800606c    0x6c  system_stm32f7xx.o [1]
  .text               ro code  0x080060d8    0x58  xcloseall.o [3]
  .text               ro code  0x08006130    0x56  fputc.o [3]
  .text               ro code  0x08006188    0x54  waverecorder.o [1]
  .text               ro code  0x080061dc    0x40  zero_init3.o [6]
  .text               ro code  0x0800621c    0x28  data_init.o [6]
  .text               ro code  0x08006244    0x22  fpinit_M.o [5]
  .iar.init_table     const    0x08006268    0x2c  - Linker created -
  .text               ro code  0x08006294    0x1a  cmain.o [6]
  .text               ro code  0x080062ae     0x4  low_level_init.o [3]
  .text               ro code  0x080062b2     0x4  exit.o [3]
  .text               ro code  0x080062b8     0xe  cexit.o [6]
  .rodata             const    0x080062c8    0x18  usbh_core.o [1]
  .text               ro code  0x080062e0    0x16  xprout.o [3]
  .text               ro code  0x080062f8     0xc  putchar.o [3]
  .rodata             const    0x08006304    0x10  stm32f7xx_hal_rcc.o [1]
  .text               ro code  0x08006314    0x10  startup_stm32f746xx.o [1]
  .text               ro code  0x08006324     0xc  cstartup_M.o [6]
  .rodata             const    0x08006330     0x4  stm32746g_discovery.o [1]
  .text               ro code  0x08006334     0x4  startup_stm32f746xx.o [1]
  .text               ro code  0x08006338     0x4  startup_stm32f746xx.o [1]
  .text               ro code  0x0800633c     0x4  startup_stm32f746xx.o [1]
  .text               ro code  0x08006340     0x4  startup_stm32f746xx.o [1]
  .text               ro code  0x08006344     0x4  startup_stm32f746xx.o [1]
  .text               ro code  0x08006348     0x4  startup_stm32f746xx.o [1]
  .text               ro code  0x0800634c     0x4  startup_stm32f746xx.o [1]
  .text               ro code  0x08006350     0x4  startup_stm32f746xx.o [1]
  .text               ro code  0x08006354     0x4  startup_stm32f746xx.o [1]
  .text               ro code  0x08006358     0x4  startup_stm32f746xx.o [1]
  .text               ro code  0x0800635c     0x4  startup_stm32f746xx.o [1]
  .text               ro code  0x08006360     0x4  startup_stm32f746xx.o [1]
  .text               ro code  0x08006364     0x4  startup_stm32f746xx.o [1]
  .text               ro code  0x08006368     0x4  startup_stm32f746xx.o [1]
  .text               ro code  0x0800636c     0x4  startup_stm32f746xx.o [1]
  .text               ro code  0x08006370     0x4  startup_stm32f746xx.o [1]
  .text               ro code  0x08006374     0x4  startup_stm32f746xx.o [1]
  .text               ro code  0x08006378     0x4  startup_stm32f746xx.o [1]
  .text               ro code  0x0800637c     0x4  startup_stm32f746xx.o [1]
  .text               ro code  0x08006380     0x4  startup_stm32f746xx.o [1]
  .text               ro code  0x08006384     0x4  startup_stm32f746xx.o [1]
  .text               ro code  0x08006388     0x4  startup_stm32f746xx.o [1]
  .text               ro code  0x0800638c     0x4  startup_stm32f746xx.o [1]
  .text               ro code  0x08006390     0x4  startup_stm32f746xx.o [1]
  .text               ro code  0x08006394     0x4  startup_stm32f746xx.o [1]
  .text               ro code  0x08006398     0x4  startup_stm32f746xx.o [1]
  .text               ro code  0x0800639c     0x4  startup_stm32f746xx.o [1]
  .text               ro code  0x080063a0     0x4  startup_stm32f746xx.o [1]
  .text               ro code  0x080063a4     0x4  startup_stm32f746xx.o [1]
  .text               ro code  0x080063a8     0x4  startup_stm32f746xx.o [1]
  .text               ro code  0x080063ac     0x4  startup_stm32f746xx.o [1]
  .text               ro code  0x080063b0     0x4  startup_stm32f746xx.o [1]
  .text               ro code  0x080063b4     0x4  startup_stm32f746xx.o [1]
  .text               ro code  0x080063b8     0x4  startup_stm32f746xx.o [1]
  .text               ro code  0x080063bc     0x4  startup_stm32f746xx.o [1]
  .text               ro code  0x080063c0     0x4  startup_stm32f746xx.o [1]
  .text               ro code  0x080063c4     0x4  startup_stm32f746xx.o [1]
  .text               ro code  0x080063c8     0x4  startup_stm32f746xx.o [1]
  .text               ro code  0x080063cc     0x4  startup_stm32f746xx.o [1]
  .text               ro code  0x080063d0     0x4  startup_stm32f746xx.o [1]
  .text               ro code  0x080063d4     0x4  startup_stm32f746xx.o [1]
  .text               ro code  0x080063d8     0x4  startup_stm32f746xx.o [1]
  .text               ro code  0x080063dc     0x4  startup_stm32f746xx.o [1]
  .text               ro code  0x080063e0     0x4  startup_stm32f746xx.o [1]
  .text               ro code  0x080063e4     0x4  startup_stm32f746xx.o [1]
  .text               ro code  0x080063e8     0x4  startup_stm32f746xx.o [1]
  .text               ro code  0x080063ec     0x4  startup_stm32f746xx.o [1]
  .text               ro code  0x080063f0     0x4  startup_stm32f746xx.o [1]
  .text               ro code  0x080063f4     0x4  startup_stm32f746xx.o [1]
  .text               ro code  0x080063f8     0x4  startup_stm32f746xx.o [1]
  .text               ro code  0x080063fc     0x4  startup_stm32f746xx.o [1]
  .text               ro code  0x08006400     0x4  startup_stm32f746xx.o [1]
  .text               ro code  0x08006404     0x4  startup_stm32f746xx.o [1]
  .text               ro code  0x08006408     0x4  startup_stm32f746xx.o [1]
  .text               ro code  0x0800640c     0x4  startup_stm32f746xx.o [1]
  .text               ro code  0x08006410     0x4  startup_stm32f746xx.o [1]
  .text               ro code  0x08006414     0x4  startup_stm32f746xx.o [1]
  .text               ro code  0x08006418     0x4  startup_stm32f746xx.o [1]
  .text               ro code  0x0800641c     0x4  startup_stm32f746xx.o [1]
  .text               ro code  0x08006420     0x4  startup_stm32f746xx.o [1]
  .text               ro code  0x08006424     0x4  startup_stm32f746xx.o [1]
  .text               ro code  0x08006428     0x4  startup_stm32f746xx.o [1]
  .text               ro code  0x0800642c     0x4  startup_stm32f746xx.o [1]
  .text               ro code  0x08006430     0x4  startup_stm32f746xx.o [1]
  .text               ro code  0x08006434     0x4  startup_stm32f746xx.o [1]
  .text               ro code  0x08006438     0x4  startup_stm32f746xx.o [1]
  .text               ro code  0x0800643c     0x4  startup_stm32f746xx.o [1]
  .text               ro code  0x08006440     0x4  startup_stm32f746xx.o [1]
  .text               ro code  0x08006444     0x4  startup_stm32f746xx.o [1]
  .text               ro code  0x08006448     0x4  startup_stm32f746xx.o [1]
  .text               ro code  0x0800644c     0x4  startup_stm32f746xx.o [1]
  .text               ro code  0x08006450     0x4  startup_stm32f746xx.o [1]
  .text               ro code  0x08006454     0x4  startup_stm32f746xx.o [1]
  .text               ro code  0x08006458     0x4  startup_stm32f746xx.o [1]
  .text               ro code  0x0800645c     0x4  startup_stm32f746xx.o [1]
  .text               ro code  0x08006460     0x4  startup_stm32f746xx.o [1]
  .text               ro code  0x08006464     0x4  startup_stm32f746xx.o [1]
  .text               ro code  0x08006468     0x4  startup_stm32f746xx.o [1]
  .text               ro code  0x0800646c     0x4  startup_stm32f746xx.o [1]
  .text               ro code  0x08006470     0x4  startup_stm32f746xx.o [1]
  .text               ro code  0x08006474     0x4  startup_stm32f746xx.o [1]
  .text               ro code  0x08006478     0x4  startup_stm32f746xx.o [1]
  .text               ro code  0x0800647c     0x4  startup_stm32f746xx.o [1]
  .text               ro code  0x08006480     0x4  startup_stm32f746xx.o [1]
  .text               ro code  0x08006484     0x4  startup_stm32f746xx.o [1]
  .text               ro code  0x08006488     0x0  cstart_closeall.o [6]
  .rodata             const    0x08006488     0x0  zero_init3.o [6]
  .rodata             const    0x08006488     0x0  packbits_init.o [6]
  Initializer bytes   const    0x08006488    0x83  <for P2 s0>
                             - 0x0800650b  0x6343

"P2":                                      0xedb8
  P2 s0                        0x20000000   0x168  <Init block>
    __DLIB_PERTHREAD  inited   0x20000000    0x74  setlocale.o [3]
    .data             inited   0x20000074    0x40  xfiles.o [3]
    .data             inited   0x200000b4    0x40  xfiles.o [3]
    .data             inited   0x200000f4    0x40  xfiles.o [3]
    .data             inited   0x20000134    0x20  xfiles.o [3]
    .data             inited   0x20000154     0x8  XShttio.o [3]
    .data             inited   0x2000015c     0x4  audio_codec.o [1]
    .data             inited   0x20000160     0x4  system_stm32f7xx.o [1]
    __DLIB_PERTHREAD  inited   0x20000164     0x4  errno.o [3]
  .bss                zero     0x20000168  0x4810  main.o [1]
  .bss                zero     0x20004978  0x4810  waverecorder.o [1]
  .bss                zero     0x20009188  0x4810  waverecorder.o [1]
  .bss                zero     0x2000d998   0x294  usbh_conf.o [1]
  .bss                zero     0x2000dc2c   0x1d8  dlmalloc.o [3]
  .bss                zero     0x2000de04    0x80  XShHandles.o [3]
  .bss                zero     0x2000de84    0x70  main.o [1]
  .bss                zero     0x2000def4    0x64  main.o [1]
  .bss                zero     0x2000df58    0x64  waverecorder.o [1]
  .bss                zero     0x2000dfbc    0x50  audio_codec.o [1]
  .bss                zero     0x2000e00c    0x50  xfiles.o [3]
  .bss                zero     0x2000e05c    0x50  xfiles.o [3]
  .bss                zero     0x2000e0ac    0x40  audio_codec.o [1]
  .bss                zero     0x2000e0ec    0x40  waverecorder.o [1]
  .bss                zero     0x2000e12c    0x3c  audio_codec.o [1]
  .bss                zero     0x2000e168    0x18  dlmalloc.o [3]
  .bss                zero     0x2000e180    0x14  main.o [1]
  .bss                zero     0x2000e194     0x4  audio_codec.o [1]
  .bss                zero     0x2000e198     0x4  main.o [1]
  .bss                zero     0x2000e19c     0x4  stm32f7xx_hal.o [1]
  .bss                zero     0x2000e1a0     0x4  stm32f7xx_it.o [1]
  .bss                zero     0x2000e1a4     0x4  xgetmemchunk.o [3]
  .bss                zero     0x2000e1a8     0x2  main.o [1]
  .bss                zero     0x2000e1aa     0x2  main.o [1]
  .bss                zero     0x2000e1ac     0x2  main.o [1]
  .bss                zero     0x2000e1ae     0x2  main.o [1]
  .bss                zero     0x2000e1b0     0x1  main.o [1]
  .bss                zero     0x2000e1b1     0x1  main.o [1]
  .bss                zero     0x2000e1b2     0x1  main.o [1]
  .bss                zero     0x2000e1b3     0x1  main.o [1]
  CSTACK                       0x2000e1b8   0x800  <Block>
    CSTACK            uninit   0x2000e1b8   0x800  <Block tail>
  HEAP                         0x2000e9b8   0x400  <Block>
    HEAP              uninit   0x2000e9b8   0x400  <Block tail>
                             - 0x2000edb8  0xedb8


*******************************************************************************
*** INIT TABLE
***

          Address     Size
          -------     ----
Zero (__iar_zero_init3)
    1 destination range, total size 0xe04c:
          0x20000168  0xe04c

Copy/packbits (__iar_packbits_init3)
    1 source range, total size 0x83 (36% of destination):
          0x08006488    0x83
    1 destination range, total size 0x168:
          0x20000000   0x168



*******************************************************************************
*** MODULE SUMMARY
***

    Module                  ro code  ro data  rw data
    ------                  -------  -------  -------
H:\PhanLeSon\ActivNoise\Microphone\F7\Mic_Array_Project\Mic_Array\Projects\STM32746G\Applications\Audio\Mic_Array\EWARM\STM32F7-DISCO\Obj: [1]
    audio_codec.o               624        2      212
    main.o                    1 484            18 696
    startup_stm32f746xx.o       812
    stm32746g_discovery.o       152        4
    stm32f7xx_hal.o             100                 4
    stm32f7xx_hal_cortex.o      388
    stm32f7xx_hal_dma.o         132
    stm32f7xx_hal_gpio.o        596
    stm32f7xx_hal_hcd.o       3 382
    stm32f7xx_hal_i2c.o       1 416
    stm32f7xx_hal_rcc.o       2 172       16
    stm32f7xx_hal_rcc_ex.o    1 768
    stm32f7xx_hal_spi.o         216
    stm32f7xx_hal_uart.o        874
    stm32f7xx_it.o              112                 4
    stm32f7xx_ll_usb.o          898
    system_stm32f7xx.o          108        1        4
    usbh_conf.o                  76               660
    usbh_core.o                 188       24
    usbh_pipes.o                 36
    waveplayer _CS43L22.o         6
    waverecorder.o               84            37 060
    -------------------------------------------------
    Total:                   15 624       47   56 640

command line: [2]
    -------------------------------------------------
    Total:

dl7M_tlf.a: [3]
    XShHandles.o                224               128
    XShttio.o                     8        3        8
    abort.o                       6
    dlmalloc.o                5 392               496
    errno.o                      12        2        4
    exit.o                        4
    fclose.o                    122
    fflush.o                    176
    fputc.o                      86
    fseek.o                      34
    low_level_init.o              4
    printf.o                     36
    putchar.o                    12
    setlocale.o                  20       42      116
    xcloseall.o                  88
    xencoding_sb.o               96
    xfgpos.o                     12
    xfiles.o                              81      384
    xfofind.o                   124
    xfspos.o                    214
    xfwprep.o                   182
    xgetmemchunk.o               44                 4
    xmbcurmax.o                  10
    xmbtowc.o                    32
    xprintfsmall.o            1 956
    xprout.o                     22
    xsyslock_nop.o                4
    xtls.o                        2
    xwctomb.o                    26
    -------------------------------------------------
    Total:                    8 948      128    1 140

libPDMFilter_CM7_IAR.a: [4]
    -------------------------------------------------
    Total:

m7M_tls.a: [5]
    fpinit_M.o                   34
    -------------------------------------------------
    Total:                       34

rt7M_tl.a: [6]
    ABImemcpy_unaligned.o       118
    cexit.o                      14
    cmain.o                      26
    cstart_closeall.o
    cstartup_M.o                 12
    data_init.o                  40
    memchr.o                     88
    packbits_init.o             208
    strchr.o                     22
    strlen.o                     54
    zero_init3.o                 64
    -------------------------------------------------
    Total:                      646

shb_l.a: [7]
    close.o                      26
    dwrite.o                     30
    exit.o                       20
    iarttio.o                   108
    iarwrite.o                   34
    iarwstd.o                    32
    lseek.o                      76
    remove.o                     22
    write.o                      16
    -------------------------------------------------
    Total:                      364

    Gaps                         28        4
    Linker created                        44    3 072
-----------------------------------------------------
    Grand Total:             25 644      223   60 852


*******************************************************************************
*** ENTRY LIST
***

Entry                      Address    Size  Type      Object
-----                      -------    ----  ----      ------
.iar.init_table$$Base   0x08006268           --   Gb  - Linker created -
.iar.init_table$$Limit  0x08006294           --   Gb  - Linker created -
?main                   0x08006295          Code  Gb  cmain.o [6]
APBAHBPrescTable        0x08006304    0x10  Data  Gb  stm32f7xx_hal_rcc.o [1]
AUDIO_GetSampleCallBack
                        0x080059e7     0x4  Code  Gb  waveplayer _CS43L22.o [1]
AUDIO_TransferComplete_CallBack
                        0x080059e5     0x2  Code  Gb  waveplayer _CS43L22.o [1]
AudioRemSize            0x2000015c     0x4  Data  Gb  audio_codec.o [1]
Audio_MAL_IRQHandler    0x080056f1   0x1f8  Code  Lc  audio_codec.o [1]
BSP_LED_Init            0x08004a39    0x68  Code  Gb  stm32746g_discovery.o [1]
BSP_LED_Toggle          0x08004aa1    0x24  Code  Gb  stm32746g_discovery.o [1]
Buffer1                 0x20004978  0x4810  Data  Gb  waverecorder.o [1]
Buffer2                 0x20009188  0x4810  Data  Gb  waverecorder.o [1]
Buffer3                 0x20000168  0x4810  Data  Gb  main.o [1]
BusFault_Handler        0x08006003     0x2  Code  Gb  stm32f7xx_it.o [1]
CPU_CACHE_Enable        0x080046b5     0xc  Code  Lc  main.o [1]
CSTACK$$Base            0x2000e1b8           --   Gb  - Linker created -
CSTACK$$Limit           0x2000e9b8           --   Gb  - Linker created -
CurrentPos              0x2000e194     0x4  Data  Gb  audio_codec.o [1]
DMA1_Stream0_IRQHandler
                        0x080058f1     0x8  Code  Gb  audio_codec.o [1]
DMA1_Stream7_IRQHandler
                        0x080058e9     0x8  Code  Gb  audio_codec.o [1]
DMA2_Stream4_IRQHandler
                        0x08006069     0x2  Code  Gb  stm32f7xx_it.o [1]
DMA2_Stream7_IRQHandler
                        0x0800606b     0x2  Code  Gb  stm32f7xx_it.o [1]
DebugMon_Handler        0x08006009     0x2  Code  Gb  stm32f7xx_it.o [1]
DmaHandle               0x2000dfbc    0x50  Data  Gb  audio_codec.o [1]
EXTI4_IRQHandler        0x08004973    0x36  Code  Gb  main.o [1]
GPIO_INS                0x2000e180    0x14  Data  Gb  main.o [1]
GPIO_PIN                0x08006330     0x4  Data  Gb  stm32746g_discovery.o [1]
HAL_DMA_Init            0x08005961    0x7c  Code  Gb  stm32f7xx_hal_dma.o [1]
HAL_GPIO_Init           0x08004ad1   0x1f6  Code  Gb  stm32f7xx_hal_gpio.o [1]
HAL_GPIO_TogglePin      0x08004cdb     0xa  Code  Gb  stm32f7xx_hal_gpio.o [1]
HAL_GPIO_WritePin       0x08004cc7    0x14  Code  Gb  stm32f7xx_hal_gpio.o [1]
HAL_GetTick             0x08003bf1     0x6  Code  Wk  stm32f7xx_hal.o [1]
HAL_HCD_Connect_Callback
                        0x0800285f     0xe  Code  Gb  usbh_conf.o [1]
HAL_HCD_Disconnect_Callback
                        0x0800286d     0xe  Code  Gb  usbh_conf.o [1]
HAL_HCD_HC_NotifyURBChange_Callback
                        0x0800287b     0x2  Code  Gb  usbh_conf.o [1]
HAL_HCD_IRQHandler      0x08001795   0x13c  Code  Gb  stm32f7xx_hal_hcd.o [1]
HAL_HCD_SOF_Callback    0x08002851     0xe  Code  Gb  usbh_conf.o [1]
HAL_HCD_Start           0x080018d1    0x2e  Code  Gb  stm32f7xx_hal_hcd.o [1]
HAL_HCD_Stop            0x080018ff    0x26  Code  Gb  stm32f7xx_hal_hcd.o [1]
HAL_I2C_EV_IRQHandler   0x08004dfd   0x12e  Code  Gb  stm32f7xx_hal_i2c.o [1]
HAL_I2C_ErrorCallback   0x08004f37     0x2  Code  Wk  stm32f7xx_hal_i2c.o [1]
HAL_I2C_MasterRxCpltCallback
                        0x08004f2d     0x2  Code  Wk  stm32f7xx_hal_i2c.o [1]
HAL_I2C_MasterTxCpltCallback
                        0x08004f2b     0x2  Code  Wk  stm32f7xx_hal_i2c.o [1]
HAL_I2C_MemRxCpltCallback
                        0x08004f35     0x2  Code  Wk  stm32f7xx_hal_i2c.o [1]
HAL_I2C_MemTxCpltCallback
                        0x08004f33     0x2  Code  Wk  stm32f7xx_hal_i2c.o [1]
HAL_I2C_SlaveRxCpltCallback
                        0x08004f31     0x2  Code  Wk  stm32f7xx_hal_i2c.o [1]
HAL_I2C_SlaveTxCpltCallback
                        0x08004f2f     0x2  Code  Wk  stm32f7xx_hal_i2c.o [1]
HAL_IncTick             0x08003be5     0xc  Code  Wk  stm32f7xx_hal.o [1]
HAL_Init                0x08003b9d    0x22  Code  Gb  stm32f7xx_hal.o [1]
HAL_InitTick            0x08003bc1    0x24  Code  Wk  stm32f7xx_hal.o [1]
HAL_MspInit             0x08003bbf     0x2  Code  Wk  stm32f7xx_hal.o [1]
HAL_NVIC_DisableIRQ     0x08003d25     0xe  Code  Gb  stm32f7xx_hal_cortex.o [1]
HAL_NVIC_EnableIRQ      0x08003d17     0xe  Code  Gb  stm32f7xx_hal_cortex.o [1]
HAL_NVIC_SetPriority    0x08003cf1    0x26  Code  Gb  stm32f7xx_hal_cortex.o [1]
HAL_NVIC_SetPriorityGrouping
                        0x08003ce5     0xc  Code  Gb  stm32f7xx_hal_cortex.o [1]
HAL_RCCEx_PeriphCLKConfig
                        0x08003d85   0x6c0  Code  Gb  stm32f7xx_hal_rcc_ex.o [1]
HAL_RCC_ClockConfig     0x08003839   0x25a  Code  Gb  stm32f7xx_hal_rcc.o [1]
HAL_RCC_GetHCLKFreq     0x08003b3d    0x2c  Code  Gb  stm32f7xx_hal_rcc.o [1]
HAL_RCC_GetSysClockFreq
                        0x08003a93    0xaa  Code  Gb  stm32f7xx_hal_rcc.o [1]
HAL_RCC_OscConfig       0x08003321   0x518  Code  Gb  stm32f7xx_hal_rcc.o [1]
HAL_SPI_Init            0x08004d25    0xd8  Code  Gb  stm32f7xx_hal_spi.o [1]
HAL_SPI_MspInit         0x080046c1    0xf2  Code  Gb  main.o [1]
HAL_SYSTICK_CLKSourceConfig
                        0x08003d3f    0x20  Code  Gb  stm32f7xx_hal_cortex.o [1]
HAL_SYSTICK_Config      0x08003d33     0xc  Code  Gb  stm32f7xx_hal_cortex.o [1]
HAL_UART_ErrorCallback  0x0800555f     0x2  Code  Wk  stm32f7xx_hal_uart.o [1]
HAL_UART_IRQHandler     0x08005385    0xf8  Code  Gb  stm32f7xx_hal_uart.o [1]
HAL_UART_RxCpltCallback
                        0x0800555d     0x2  Code  Wk  stm32f7xx_hal_uart.o [1]
HAL_UART_TxCpltCallback
                        0x0800555b     0x2  Code  Wk  stm32f7xx_hal_uart.o [1]
HCD_HC_IN_IRQHandler    0x08001925   0x4f0  Code  Lc  stm32f7xx_hal_hcd.o [1]
HCD_HC_OUT_IRQHandler   0x08001e15   0x4d8  Code  Lc  stm32f7xx_hal_hcd.o [1]
HCD_Port_IRQHandler     0x080023ed    0xde  Code  Lc  stm32f7xx_hal_hcd.o [1]
HCD_RXQLVL_IRQHandler   0x080022ed    0xf8  Code  Lc  stm32f7xx_hal_hcd.o [1]
HEAP$$Base              0x2000e9b8           --   Gb  - Linker created -
HEAP$$Limit             0x2000edb8           --   Gb  - Linker created -
HardFault_Handler       0x08005fff     0x2  Code  Gb  stm32f7xx_it.o [1]
I2C1_EV_IRQHandler      0x08006041     0xa  Code  Gb  stm32f7xx_it.o [1]
I2C_MasterReceive_ISR   0x0800508d   0x152  Code  Lc  stm32f7xx_hal_i2c.o [1]
I2C_MasterTransmit_ISR  0x08004f39   0x152  Code  Lc  stm32f7xx_hal_i2c.o [1]
I2C_SlaveReceive_ISR    0x080052a1    0xae  Code  Lc  stm32f7xx_hal_i2c.o [1]
I2C_SlaveTransmit_ISR   0x080051df    0xc2  Code  Lc  stm32f7xx_hal_i2c.o [1]
I2C_TransferConfig      0x08005355    0x2a  Code  Lc  stm32f7xx_hal_i2c.o [1]
InStream_Read           0x08005d2d    0x22  Code  Lc  packbits_init.o [6]
LoadInt                 0x08002dbd    0x4c  Code  Lc  xprintfsmall.o [3]
MX_SPI5_Init            0x080047b3    0x7e  Code  Gb  main.o [1]
MemManage_Handler       0x08006001     0x2  Code  Gb  stm32f7xx_it.o [1]
NMI_Handler             0x08005ffd     0x2  Code  Gb  stm32f7xx_it.o [1]
NVIC_DisableIRQ         0x08003c3d    0x14  Code  Lc  stm32f7xx_hal_cortex.o [1]
NVIC_EnableIRQ          0x08003c29    0x14  Code  Lc  stm32f7xx_hal_cortex.o [1]
NVIC_EncodePriority     0x08003c77    0x3e  Code  Lc  stm32f7xx_hal_cortex.o [1]
NVIC_GetPriorityGrouping
                        0x08003c1f     0xa  Code  Lc  stm32f7xx_hal_cortex.o [1]
NVIC_SetPriority        0x08003c51    0x26  Code  Lc  stm32f7xx_hal_cortex.o [1]
NVIC_SetPriorityGrouping
                        0x08003c01    0x1e  Code  Lc  stm32f7xx_hal_cortex.o [1]
OTG_FS_IRQHandler       0x0800604b     0xa  Code  Gb  stm32f7xx_it.o [1]
PendSV_Handler          0x0800600b     0x2  Code  Gb  stm32f7xx_it.o [1]
Region$$Table$$Base     0x08006268           --   Gb  - Linker created -
Region$$Table$$Limit    0x08006294           --   Gb  - Linker created -
SCB_EnableDCache        0x08004497    0x7a  Code  Lc  main.o [1]
SCB_EnableICache        0x0800446d    0x2a  Code  Lc  main.o [1]
SPI1_IRQHandler         0x08006189    0x20  Code  Gb  waverecorder.o [1]
SPI2_IRQHandler         0x080061a9    0x16  Code  Gb  waverecorder.o [1]
SPI3_IRQHandler         0x080058f9    0x20  Code  Gb  audio_codec.o [1]
SPI5_IRQHandler         0x08004831   0x13c  Code  Gb  main.o [1]
SPI_I2S_ReceiveData     0x0800496d     0x6  Code  Lc  main.o [1]
SPI_I2S_ReceiveData     0x080061d7     0x6  Code  Lc  waverecorder.o [1]
SPI_I2S_SendData        0x08005919     0x6  Code  Lc  audio_codec.o [1]
SPI_I2S_SendData        0x080061d1     0x6  Code  Lc  waverecorder.o [1]
SVC_Handler             0x08006007     0x2  Code  Gb  stm32f7xx_it.o [1]
SysTick_Config          0x08003cb5    0x30  Code  Lc  stm32f7xx_hal_cortex.o [1]
SysTick_Handler         0x0800600d    0x2a  Code  Gb  stm32f7xx_it.o [1]
SystemClock_Config      0x080045c9    0xec  Code  Lc  main.o [1]
SystemCoreClock         0x20000160     0x4  Data  Gb  system_stm32f7xx.o [1]
SystemInit              0x0800606d    0x4c  Code  Gb  system_stm32f7xx.o [1]
Toggle_Leds             0x080045ad    0x1c  Code  Gb  main.o [1]
UART_EndTransmit_IT     0x0800560d    0x3c  Code  Lc  stm32f7xx_hal_uart.o [1]
UART_Receive_IT         0x08005649    0xa6  Code  Lc  stm32f7xx_hal_uart.o [1]
UART_Transmit_IT        0x08005561    0xac  Code  Lc  stm32f7xx_hal_uart.o [1]
UART_WaitOnFlagUntilTimeout
                        0x0800547d    0xde  Code  Gb  stm32f7xx_hal_uart.o [1]
USART6_IRQHandler       0x08006037     0xa  Code  Gb  stm32f7xx_it.o [1]
USBH_FreePipe           0x08002959    0x24  Code  Gb  usbh_pipes.o [1]
USBH_HandleSof          0x080028b3    0x1e  Code  Lc  usbh_core.o [1]
USBH_LL_Connect         0x080028d1    0x32  Code  Gb  usbh_core.o [1]
USBH_LL_Disconnect      0x08002903    0x4c  Code  Gb  usbh_core.o [1]
USBH_LL_IncTimer        0x0800289d    0x16  Code  Gb  usbh_core.o [1]
USBH_LL_Start           0x0800287d    0x10  Code  Gb  usbh_conf.o [1]
USBH_LL_Stop            0x0800288d    0x10  Code  Gb  usbh_conf.o [1]
USB_DisableGlobalInt    0x080024db     0xe  Code  Gb  stm32f7xx_ll_usb.o [1]
USB_DriveVbus           0x080025c1    0x4a  Code  Gb  stm32f7xx_ll_usb.o [1]
USB_EnableGlobalInt     0x080024cd     0xe  Code  Gb  stm32f7xx_ll_usb.o [1]
USB_FlushRxFifo         0x0800250d    0x20  Code  Gb  stm32f7xx_ll_usb.o [1]
USB_FlushTxFifo         0x080024e9    0x24  Code  Gb  stm32f7xx_ll_usb.o [1]
USB_GetMode             0x08002567     0x8  Code  Gb  stm32f7xx_ll_usb.o [1]
USB_HC_Halt             0x08002615   0x186  Code  Gb  stm32f7xx_ll_usb.o [1]
USB_HC_ReadInterrupt    0x0800260b     0xa  Code  Gb  stm32f7xx_ll_usb.o [1]
USB_InitFSLSPClkSel     0x08002575    0x4c  Code  Gb  stm32f7xx_ll_usb.o [1]
USB_ReadInterrupts      0x08002559     0xe  Code  Gb  stm32f7xx_ll_usb.o [1]
USB_ReadPacket          0x0800252d    0x2c  Code  Gb  stm32f7xx_ll_usb.o [1]
USB_StopHost            0x0800279b    0xb4  Code  Gb  stm32f7xx_ll_usb.o [1]
UsageFault_Handler      0x08006005     0x2  Code  Gb  stm32f7xx_it.o [1]
_Close_all              0x080060d9    0x58  Code  Gb  xcloseall.o [3]
_EncodingSb_Mbtowc      0x080032d7    0x30  Code  Gb  xencoding_sb.o [3]
_EncodingSb_Wctomb      0x080032bd    0x1a  Code  Gb  xencoding_sb.o [3]
_Files                  0x20000134    0x20  Data  Gb  xfiles.o [3]
_Fofree                 0x08005ed5    0x78  Code  Gb  xfofind.o [3]
_Fspos                  0x08005acd    0xd6  Code  Gb  xfspos.o [3]
_Fwprep                 0x08005dfd    0xb6  Code  Gb  xfwprep.o [3]
_IsdstStr               0x20000004     0x4  Data  Gb  setlocale.o [3]
_LitobSmall             0x0800302f    0xce  Code  Lc  xprintfsmall.o [3]
_LocaleEncoding         0x080032a9     0xe  Code  Gb  setlocale.o [3]
_LocaleReturnString     0x20000024    0x50  Data  Lc  setlocale.o [3]
_Locale_Profile         0x20000008    0x1c  Data  Gb  setlocale.o [3]
_Mbtowc                 0x08003145    0x20  Code  Gb  xmbtowc.o [3]
_Nnl                    0x08005c55     0xc  Code  Gb  xfgpos.o [3]
_PrintfSmall            0x080029a1   0x412  Code  Gb  xprintfsmall.o [3]
_Prout                  0x080062e1    0x16  Code  Gb  xprout.o [3]
_PutcharsSmall          0x080030fd    0x2e  Code  Lc  xprintfsmall.o [3]
_PutstrSmall            0x08002e09   0x226  Code  Lc  xprintfsmall.o [3]
_TzoneStr               0x20000000     0x4  Data  Gb  setlocale.o [3]
_Wctomb                 0x08003217    0x1a  Code  Gb  xwctomb.o [3]
__aeabi_errno_addr      0x08005cad     0x6  Code  Gb  errno.o [3]
__cexit_closeall        0x080062bb          Code  Gb  cexit.o [6]
__close                 0x08005fcb    0x1a  Code  Gb  close.o [7]
__cmain                 0x08006295          Code  Gb  cmain.o [6]
__cstart_closeall       0x08006488          Data  Gb  cstart_closeall.o [6]
__data_GetMemChunk      0x080016e1    0x2c  Code  Gb  xgetmemchunk.o [3]
__dwrite                0x08005ccd    0x1e  Code  Gb  dwrite.o [7]
__exit                  0x0800170d    0x14  Code  Gb  exit.o [7]
__iar_Errno             0x20000164     0x4  Data  Gb  errno.o [3]
__iar_Lockfilelock      0x08005cb9     0x2  Code  Gb  xsyslock_nop.o [3]
__iar_Mbcurmax          0x0800320d     0xa  Code  Gb  xmbcurmax.o [3]
__iar_Memchr            0x080031b5          Code  Gb  memchr.o [6]
__iar_Stderr            0x200000f4    0x40  Data  Gb  xfiles.o [3]
__iar_Stdin             0x20000074    0x40  Data  Gb  xfiles.o [3]
__iar_Stdout            0x200000b4    0x40  Data  Gb  xfiles.o [3]
__iar_Strchr            0x08003165          Code  Gb  strchr.o [6]
__iar_Unlockfilelock    0x08005cbb     0x2  Code  Gb  xsyslock_nop.o [3]
__iar_close_ttio        0x08001721    0x2e  Code  Gb  iarttio.o [7]
__iar_data_init3        0x0800621d    0x28  Code  Gb  data_init.o [6]
__iar_dlfree            0x080011c1   0x510  Code  Gb  dlmalloc.o [3]
__iar_dlib_perthread_access
                        0x0800331d     0x2  Code  Gb  xtls.o [3]
__iar_dlmalloc          0x08000f01   0x2b4  Code  Gb  dlmalloc.o [3]
__iar_get_ttio          0x08001751    0x38  Code  Gb  iarttio.o [7]
__iar_init_vfp          0x08006245          Code  Gb  fpinit_M.o [5]
__iar_lookup_ttioh      0x0800178d     0x8  Code  Gb  XShttio.o [3]
__iar_packbits_init3    0x08005d4f    0xae  Code  Gb  packbits_init.o [6]
__iar_program_start     0x08006325          Code  Gb  cstartup_M.o [6]
__iar_sh_Discard        0x080059ed    0x44  Code  Gb  XShHandles.o [3]
__iar_sh_Move           0x08005a37    0x4c  Code  Gb  XShHandles.o [3]
__iar_sh_Pos            0x08005a83    0x44  Code  Gb  XShHandles.o [3]
__iar_sh_stdout         0x08005ceb    0x20  Code  Gb  iarwstd.o [7]
__iar_sh_write          0x08005d0b    0x22  Code  Gb  iarwrite.o [7]
__iar_ttio_handles      0x20000154     0x8  Data  Lc  XShttio.o [3]
__iar_unaligned___aeabi_memcpy
                        0x08003231          Code  Gb  ABImemcpy_unaligned.o [6]
__iar_unaligned___aeabi_memcpy4
                        0x08003251          Code  Gb  ABImemcpy_unaligned.o [6]
__iar_unaligned___aeabi_memcpy8
                        0x08003251          Code  Gb  ABImemcpy_unaligned.o [6]
__iar_zero_init3        0x080061dd    0x40  Code  Gb  zero_init3.o [6]
__low_level_init        0x080062af     0x4  Code  Gb  low_level_init.o [3]
__lseek                 0x08005c61    0x4c  Code  Gb  lseek.o [7]
__vector_table          0x08000000          Data  Gb  startup_stm32f746xx.o [1]
__write                 0x08005cbd    0x10  Code  Gb  write.o [7]
_call_main              0x080062a1          Code  Gb  cmain.o [6]
_exit                   0x080062b9          Code  Gb  cexit.o [6]
_gm_                    0x2000dc2c   0x1d8  Data  Lc  dlmalloc.o [3]
_main                   0x080062ab          Code  Gb  cmain.o [6]
abort                   0x080016d9     0x6  Code  Gb  abort.o [3]
cntOS                   0x2000e1a0     0x4  Data  Gb  stm32f7xx_it.o [1]
cntRisingEXTI           0x2000e1ac     0x2  Data  Gb  main.o [1]
ebuf                    0x2000e00c    0x50  Data  Lc  xfiles.o [3]
exit                    0x080062b3     0x4  Code  Gb  exit.o [3]
fclose                  0x08005f51    0x7a  Code  Gb  fclose.o [3]
fflush                  0x08005c1b    0x34  Code  Gb  fflush.o [3]
fflushOne               0x08005ba5    0x76  Code  Lc  fflush.o [3]
flg10ms                 0x2000e1b0     0x1  Data  Gb  main.o [1]
flgSTAIni               0x2000e1b1     0x1  Data  Gb  main.o [1]
fputc                   0x08006131    0x56  Code  Gb  fputc.o [3]
fseek                   0x08005eb3    0x22  Code  Gb  fseek.o [3]
hhcd                    0x2000d998   0x294  Data  Gb  usbh_conf.o [1]
hi2c1                   0x2000e12c    0x3c  Data  Gb  audio_codec.o [1]
hi2s2                   0x2000e0ec    0x40  Data  Gb  waverecorder.o [1]
hi2s3                   0x2000e0ac    0x40  Data  Gb  audio_codec.o [1]
hspi5                   0x2000def4    0x64  Data  Gb  main.o [1]
huart6                  0x2000de84    0x70  Data  Gb  main.o [1]
idxSPI5DataBuf1         0x2000e1a8     0x2  Data  Gb  main.o [1]
idxSPI5DataBuf2         0x2000e1aa     0x2  Data  Gb  main.o [1]
init_mparams            0x080001e3    0x32  Code  Lc  dlmalloc.o [3]
init_top                0x08000215    0x34  Code  Lc  dlmalloc.o [3]
main                    0x08004511    0x9c  Code  Gb  main.o [1]
memchr                  0x080031b5          Code  Gb  memchr.o [6]
mparams                 0x2000e168    0x18  Data  Lc  dlmalloc.o [3]
obuf                    0x2000e05c    0x50  Data  Lc  xfiles.o [3]
prepend_alloc           0x08000249   0x36c  Code  Lc  dlmalloc.o [3]
printf                  0x0800297d    0x24  Code  Gb  printf.o [3]
putchar                 0x080062f9     0xc  Code  Gb  putchar.o [3]
remove                  0x08005fe5    0x16  Code  Gb  remove.o [7]
sFileInfo               0x2000de04    0x80  Data  Lc  XShHandles.o [3]
segment_holding         0x080001c9    0x1a  Code  Lc  dlmalloc.o [3]
spi1_ins                0x2000df58    0x64  Data  Gb  waverecorder.o [1]
strchr                  0x08003165          Code  Gb  strchr.o [6]
strlen                  0x0800317d          Code  Gb  strlen.o [6]
sys_alloc               0x080005b5   0x386  Code  Lc  dlmalloc.o [3]
tmalloc_large           0x08000949   0x39e  Code  Lc  dlmalloc.o [3]
tmalloc_small           0x08000ce7   0x21a  Code  Lc  dlmalloc.o [3]
uwTick                  0x2000e19c     0x4  Data  Lc  stm32f7xx_hal.o [1]


[1] = H:\PhanLeSon\ActivNoise\Microphone\F7\Mic_Array_Project\Mic_Array\Projects\STM32746G\Applications\Audio\Mic_Array\EWARM\STM32F7-DISCO\Obj
[2] = command line
[3] = dl7M_tlf.a
[4] = libPDMFilter_CM7_IAR.a
[5] = m7M_tls.a
[6] = rt7M_tl.a
[7] = shb_l.a

  25 644 bytes of readonly  code memory
     223 bytes of readonly  data memory
  60 852 bytes of readwrite data memory

Errors: none
Warnings: none
