###############################################################################
#
# IAR ELF Linker V7.50.3.10732/W32 for ARM                08/Nov/2016  10:26:41
# Copyright 2007-2016 IAR Systems AB.
#
#    Output file  =  
#        D:\sop1hc\Mic\Mic_Array\For_Window\Projects\STM32746G\Applications\Audio\Mic_Array\EWARM\STM32F7\Exe\Project.out
#    Map file     =  
#        D:\sop1hc\Mic\Mic_Array\For_Window\Projects\STM32746G\Applications\Audio\Mic_Array\EWARM\STM32F7\List\Project.map
#    Command line =  
#        D:\sop1hc\Mic\Mic_Array\For_Window\Projects\STM32746G\Applications\Audio\Mic_Array\EWARM\STM32F7\Obj\audio_application.o
#        D:\sop1hc\Mic\Mic_Array\For_Window\Projects\STM32746G\Applications\Audio\Mic_Array\EWARM\STM32F7\Obj\audio_codec.o
#        D:\sop1hc\Mic\Mic_Array\For_Window\Projects\STM32746G\Applications\Audio\Mic_Array\EWARM\STM32F7\Obj\DelayEstimation.o
#        D:\sop1hc\Mic\Mic_Array\For_Window\Projects\STM32746G\Applications\Audio\Mic_Array\EWARM\STM32F7\Obj\DOA.o
#        D:\sop1hc\Mic\Mic_Array\For_Window\Projects\STM32746G\Applications\Audio\Mic_Array\EWARM\STM32F7\Obj\DSP.o
#        D:\sop1hc\Mic\Mic_Array\For_Window\Middlewares\ST\STM32_Audio\Addons\PDM\libPDMFilter_CM7F_IAR.a
#        D:\sop1hc\Mic\Mic_Array\For_Window\Projects\STM32746G\Applications\Audio\Mic_Array\EWARM\STM32F7\Obj\main.o
#        D:\sop1hc\Mic\Mic_Array\For_Window\Projects\STM32746G\Applications\Audio\Mic_Array\EWARM\STM32F7\Obj\sta321mp.o
#        D:\sop1hc\Mic\Mic_Array\For_Window\Projects\STM32746G\Applications\Audio\Mic_Array\EWARM\STM32F7\Obj\startup_stm32f746xx.o
#        D:\sop1hc\Mic\Mic_Array\For_Window\Projects\STM32746G\Applications\Audio\Mic_Array\EWARM\STM32F7\Obj\stm32746g_discovery.o
#        D:\sop1hc\Mic\Mic_Array\For_Window\Projects\STM32746G\Applications\Audio\Mic_Array\EWARM\STM32F7\Obj\stm32746g_discovery_sdram.o
#        D:\sop1hc\Mic\Mic_Array\For_Window\Projects\STM32746G\Applications\Audio\Mic_Array\EWARM\STM32F7\Obj\stm32f7xx_hal.o
#        D:\sop1hc\Mic\Mic_Array\For_Window\Projects\STM32746G\Applications\Audio\Mic_Array\EWARM\STM32F7\Obj\stm32f7xx_hal_cortex.o
#        D:\sop1hc\Mic\Mic_Array\For_Window\Projects\STM32746G\Applications\Audio\Mic_Array\EWARM\STM32F7\Obj\stm32f7xx_hal_dma.o
#        D:\sop1hc\Mic\Mic_Array\For_Window\Projects\STM32746G\Applications\Audio\Mic_Array\EWARM\STM32F7\Obj\stm32f7xx_hal_dma2d.o
#        D:\sop1hc\Mic\Mic_Array\For_Window\Projects\STM32746G\Applications\Audio\Mic_Array\EWARM\STM32F7\Obj\stm32f7xx_hal_dma_ex.o
#        D:\sop1hc\Mic\Mic_Array\For_Window\Projects\STM32746G\Applications\Audio\Mic_Array\EWARM\STM32F7\Obj\stm32f7xx_hal_flash.o
#        D:\sop1hc\Mic\Mic_Array\For_Window\Projects\STM32746G\Applications\Audio\Mic_Array\EWARM\STM32F7\Obj\stm32f7xx_hal_flash_ex.o
#        D:\sop1hc\Mic\Mic_Array\For_Window\Projects\STM32746G\Applications\Audio\Mic_Array\EWARM\STM32F7\Obj\stm32f7xx_hal_gpio.o
#        D:\sop1hc\Mic\Mic_Array\For_Window\Projects\STM32746G\Applications\Audio\Mic_Array\EWARM\STM32F7\Obj\stm32f7xx_hal_hcd.o
#        D:\sop1hc\Mic\Mic_Array\For_Window\Projects\STM32746G\Applications\Audio\Mic_Array\EWARM\STM32F7\Obj\stm32f7xx_hal_i2c.o
#        D:\sop1hc\Mic\Mic_Array\For_Window\Projects\STM32746G\Applications\Audio\Mic_Array\EWARM\STM32F7\Obj\stm32f7xx_hal_i2c_ex.o
#        D:\sop1hc\Mic\Mic_Array\For_Window\Projects\STM32746G\Applications\Audio\Mic_Array\EWARM\STM32F7\Obj\stm32f7xx_hal_i2s.o
#        D:\sop1hc\Mic\Mic_Array\For_Window\Projects\STM32746G\Applications\Audio\Mic_Array\EWARM\STM32F7\Obj\stm32f7xx_hal_ltdc.o
#        D:\sop1hc\Mic\Mic_Array\For_Window\Projects\STM32746G\Applications\Audio\Mic_Array\EWARM\STM32F7\Obj\stm32f7xx_hal_pcd.o
#        D:\sop1hc\Mic\Mic_Array\For_Window\Projects\STM32746G\Applications\Audio\Mic_Array\EWARM\STM32F7\Obj\stm32f7xx_hal_pcd_ex.o
#        D:\sop1hc\Mic\Mic_Array\For_Window\Projects\STM32746G\Applications\Audio\Mic_Array\EWARM\STM32F7\Obj\stm32f7xx_hal_pwr.o
#        D:\sop1hc\Mic\Mic_Array\For_Window\Projects\STM32746G\Applications\Audio\Mic_Array\EWARM\STM32F7\Obj\stm32f7xx_hal_pwr_ex.o
#        D:\sop1hc\Mic\Mic_Array\For_Window\Projects\STM32746G\Applications\Audio\Mic_Array\EWARM\STM32F7\Obj\stm32f7xx_hal_rcc.o
#        D:\sop1hc\Mic\Mic_Array\For_Window\Projects\STM32746G\Applications\Audio\Mic_Array\EWARM\STM32F7\Obj\stm32f7xx_hal_rcc_ex.o
#        D:\sop1hc\Mic\Mic_Array\For_Window\Projects\STM32746G\Applications\Audio\Mic_Array\EWARM\STM32F7\Obj\stm32f7xx_hal_sai.o
#        D:\sop1hc\Mic\Mic_Array\For_Window\Projects\STM32746G\Applications\Audio\Mic_Array\EWARM\STM32F7\Obj\stm32f7xx_hal_sai_ex.o
#        D:\sop1hc\Mic\Mic_Array\For_Window\Projects\STM32746G\Applications\Audio\Mic_Array\EWARM\STM32F7\Obj\stm32f7xx_hal_sdram.o
#        D:\sop1hc\Mic\Mic_Array\For_Window\Projects\STM32746G\Applications\Audio\Mic_Array\EWARM\STM32F7\Obj\stm32f7xx_hal_spi.o
#        D:\sop1hc\Mic\Mic_Array\For_Window\Projects\STM32746G\Applications\Audio\Mic_Array\EWARM\STM32F7\Obj\stm32f7xx_hal_sram.o
#        D:\sop1hc\Mic\Mic_Array\For_Window\Projects\STM32746G\Applications\Audio\Mic_Array\EWARM\STM32F7\Obj\stm32f7xx_hal_tim.o
#        D:\sop1hc\Mic\Mic_Array\For_Window\Projects\STM32746G\Applications\Audio\Mic_Array\EWARM\STM32F7\Obj\stm32f7xx_hal_tim_ex.o
#        D:\sop1hc\Mic\Mic_Array\For_Window\Projects\STM32746G\Applications\Audio\Mic_Array\EWARM\STM32F7\Obj\stm32f7xx_hal_uart.o
#        D:\sop1hc\Mic\Mic_Array\For_Window\Projects\STM32746G\Applications\Audio\Mic_Array\EWARM\STM32F7\Obj\stm32f7xx_it.o
#        D:\sop1hc\Mic\Mic_Array\For_Window\Projects\STM32746G\Applications\Audio\Mic_Array\EWARM\STM32F7\Obj\stm32f7xx_ll_fmc.o
#        D:\sop1hc\Mic\Mic_Array\For_Window\Projects\STM32746G\Applications\Audio\Mic_Array\EWARM\STM32F7\Obj\stm32f7xx_ll_usb.o
#        D:\sop1hc\Mic\Mic_Array\For_Window\Projects\STM32746G\Applications\Audio\Mic_Array\EWARM\STM32F7\Obj\system_stm32f7xx.o
#        D:\sop1hc\Mic\Mic_Array\For_Window\Projects\STM32746G\Applications\Audio\Mic_Array\EWARM\STM32F7\Obj\usbd_audio_if.o
#        D:\sop1hc\Mic\Mic_Array\For_Window\Projects\STM32746G\Applications\Audio\Mic_Array\EWARM\STM32F7\Obj\usbd_audio_in.o
#        D:\sop1hc\Mic\Mic_Array\For_Window\Projects\STM32746G\Applications\Audio\Mic_Array\EWARM\STM32F7\Obj\usbd_conf_f4.o
#        D:\sop1hc\Mic\Mic_Array\For_Window\Projects\STM32746G\Applications\Audio\Mic_Array\EWARM\STM32F7\Obj\usbd_core.o
#        D:\sop1hc\Mic\Mic_Array\For_Window\Projects\STM32746G\Applications\Audio\Mic_Array\EWARM\STM32F7\Obj\usbd_ctlreq.o
#        D:\sop1hc\Mic\Mic_Array\For_Window\Projects\STM32746G\Applications\Audio\Mic_Array\EWARM\STM32F7\Obj\usbd_desc.o
#        D:\sop1hc\Mic\Mic_Array\For_Window\Projects\STM32746G\Applications\Audio\Mic_Array\EWARM\STM32F7\Obj\usbd_ioreq.o
#        D:\sop1hc\Mic\Mic_Array\For_Window\Projects\STM32746G\Applications\Audio\Mic_Array\EWARM\STM32F7\Obj\usbh_conf.o
#        D:\sop1hc\Mic\Mic_Array\For_Window\Projects\STM32746G\Applications\Audio\Mic_Array\EWARM\STM32F7\Obj\usbh_core.o
#        D:\sop1hc\Mic\Mic_Array\For_Window\Projects\STM32746G\Applications\Audio\Mic_Array\EWARM\STM32F7\Obj\usbh_ctlreq.o
#        D:\sop1hc\Mic\Mic_Array\For_Window\Projects\STM32746G\Applications\Audio\Mic_Array\EWARM\STM32F7\Obj\usbh_diskio.o
#        D:\sop1hc\Mic\Mic_Array\For_Window\Projects\STM32746G\Applications\Audio\Mic_Array\EWARM\STM32F7\Obj\usbh_ioreq.o
#        D:\sop1hc\Mic\Mic_Array\For_Window\Projects\STM32746G\Applications\Audio\Mic_Array\EWARM\STM32F7\Obj\usbh_msc.o
#        D:\sop1hc\Mic\Mic_Array\For_Window\Projects\STM32746G\Applications\Audio\Mic_Array\EWARM\STM32F7\Obj\usbh_msc_bot.o
#        D:\sop1hc\Mic\Mic_Array\For_Window\Projects\STM32746G\Applications\Audio\Mic_Array\EWARM\STM32F7\Obj\usbh_msc_scsi.o
#        D:\sop1hc\Mic\Mic_Array\For_Window\Projects\STM32746G\Applications\Audio\Mic_Array\EWARM\STM32F7\Obj\usbh_pipes.o
#        "D:\sop1hc\Mic\Mic_Array\For_Window\Projects\STM32746G\Applications\Audio\Mic_Array\EWARM\STM32F7\Obj\waveplayer
#        _CS43L22.o"
#        D:\sop1hc\Mic\Mic_Array\For_Window\Projects\STM32746G\Applications\Audio\Mic_Array\EWARM\STM32F7\Obj\waverecorder.o
#        --redirect _Printf=_PrintfSmall --redirect _Scanf=_ScanfSmall -o
#        D:\sop1hc\Mic\Mic_Array\For_Window\Projects\STM32746G\Applications\Audio\Mic_Array\EWARM\STM32F7\Exe\Project.out
#        --map
#        D:\sop1hc\Mic\Mic_Array\For_Window\Projects\STM32746G\Applications\Audio\Mic_Array\EWARM\STM32F7\List\Project.map
#        --config
#        D:\sop1hc\Mic\Mic_Array\For_Window\Projects\STM32746G\Applications\Audio\Mic_Array\EWARM\Project.icf
#        --semihosting --entry __iar_program_start --no_exceptions "C:\Program
#        Files (x86)\IAR Systems\Embedded Workbench
#        7.3\arm\CMSIS\Lib\IAR\iar_cortexM7ls_math.a" --vfe
#
###############################################################################

*******************************************************************************
*** RUNTIME MODEL ATTRIBUTES
***

CppFlavor                     = *
__Heap_Handler                = DLMalloc
__SystemLibrary               = DLib
__dlib_dynamic_initialization = normal


*******************************************************************************
*** PLACEMENT SUMMARY
***

"A1":  place at 0x08000000 { ro section .intvec };
"P1":  place in [from 0x00000000 to 0x00000000] |
                [from 0x08000000 to 0x080fffff] { ro };
"P3":  place in [from 0x20000000 to 0x2000ffff] |
                [from 0x20010000 to 0x2004ffff] { rw, block CSTACK, block HEAP };

  Section             Kind        Address     Size  Object
  -------             ----        -------     ----  ------
"A1":                                        0x1c8
  .intvec             ro code  0x08000000    0x1c8  startup_stm32f746xx.o [1]
                             - 0x080001c8    0x1c8

"P1":                                      0x27418
  .rodata             const    0x080001c8  0x13458  arm_common_tables.o [4]
  .text               ro code  0x08013620   0x85ec  DSP.o [1]
  .text               ro code  0x0801bc0c    0x132  I64DivMod.o [7]
  .text               ro code  0x0801bd40    0x144  arm_rfft_fast_init_f32.o [4]
  .text               ro code  0x0801be84     0x30  I32ToDbl.o [6]
  .text               ro code  0x0801beb4    0x1a2  DblMul.o [6]
  .text               ro code  0x0801c058    0x256  DblDiv.o [6]
  .text               ro code  0x0801c2b0    0x462  xsin.o [6]
  .text               ro code  0x0801c714    0x180  DblSub.o [6]
  .text               ro code  0x0801c894     0x90  DblToFlt.o [6]
  .text               ro code  0x0801c924    0x188  arm_rfft_fast_f32.o [4]
  .text               ro code  0x0801caac      0x2  I64DivZer.o [7]
  .text               ro code  0x0801cab0     0x2e  DblCmpLe.o [6]
  .text               ro code  0x0801cae0     0x2e  DblCmpGe.o [6]
  .text               ro code  0x0801cb10     0xe8  DblAdd.o [6]
  .text               ro code  0x0801cbf8     0x4c  DblToI32.o [6]
  .text               ro code  0x0801cc44      0xc  errno.o [3]
  .text               ro code  0x0801cc50    0x168  xquad.o [6]
  .text               ro code  0x0801cdb8    0x6fc  arm_cfft_f32.o [4]
  .text               ro code  0x0801d4b4      0x2  xtls.o [3]
  .text               ro code  0x0801d4b6     0x7a  xdint.o [6]
  .text               ro code  0x0801d530     0x20  DblCmpEq.o [6]
  .text               ro code  0x0801d550    0x1a8  fmod.o [6]
  .text               ro code  0x0801d6f8    0x560  arm_cfft_radix8_f32.o [4]
  .text               ro code  0x0801dc58     0xc0  arm_bitreversal2.o [4]
  .text               ro code  0x0801dd18      0xc  iarEdom.o [7]
  .text               ro code  0x0801dd24   0x14f0  dlmalloc.o [3]
  .text               ro code  0x0801f214      0x6  abort.o [3]
  .text               ro code  0x0801f21c     0x2c  xgetmemchunk.o [3]
  .text               ro code  0x0801f248     0x14  exit.o [8]
  .text               ro code  0x0801f25c     0x30  iarttio.o [8]
  .text               ro code  0x0801f28c      0x8  XShttio.o [3]
  .text               ro code  0x0801f294    0xe0c  waverecorder.o [1]
  .text               ro code  0x080200a0    0x684  main.o [1]
  .text               ro code  0x08020724    0x594  pdm_filter.o [5]
  .text               ro code  0x08020cb8    0x110  stm32f7xx_hal_i2s.o [1]
  .text               ro code  0x08020dc8    0x7d4  stm32f7xx_hal_spi.o [1]
  .text               ro code  0x0802159c    0x21c  stm32f7xx_hal_gpio.o [1]
  .text               ro code  0x080217b8     0xec  stm32f7xx_hal_cortex.o [1]
  .text               ro code  0x080218a4    0x314  stm32f7xx_hal_dma.o [1]
  .text               ro code  0x08021bb8     0x80  stm32f7xx_hal.o [1]
  .text               ro code  0x08021c38    0x664  stm32f7xx_hal_rcc_ex.o [1]
  .text               ro code  0x0802229c    0x130  stm32746g_discovery.o [1]
  .text               ro code  0x080223cc    0x84c  usbd_audio_in.o [1]
  .text               ro code  0x08022c18    0x2a6  usbd_core.o [1]
  .text               ro code  0x08022ec0     0x60  waveplayer _CS43L22.o [1]
  .text               ro code  0x08022f20    0x540  audio_codec.o [1]
  .text               ro code  0x08023460    0x834  sta321mp.o [1]
  .text               ro code  0x08023c94    0x1ac  DOA.o [1]
  .text               ro code  0x08023e40    0x144  audio_application.o [1]
  .text               ro code  0x08023f84    0x5d8  stm32f7xx_hal_rcc.o [1]
  .text               ro code  0x0802455c     0x78  stm32f7xx_hal_pwr_ex.o [1]
  .text               ro code  0x080245d4    0x838  stm32f7xx_hal_i2c.o [1]
  .text               ro code  0x08024e0c     0x4e  FltToDbl.o [6]
  .text               ro code  0x08024e5c    0x100  sqrt.o [6]
  .text               ro code  0x08024f5c    0x242  usbd_conf_f4.o [1]
  .text               ro code  0x0802519e     0x9c  usbd_ioreq.o [1]
  .text               ro code  0x0802523c    0x468  usbd_ctlreq.o [1]
  .text               ro code  0x080256a4      0x6  ABImemclr.o [7]
  .text               ro code  0x080256ac     0x76  ABImemcpy_unaligned.o [7]
  .text               ro code  0x08025724     0x58  DelayEstimation.o [1]
  .text               ro code  0x0802577c     0xe0  usbd_audio_if.o [1]
  .text               ro code  0x0802585c    0x842  stm32f7xx_hal_pcd.o [1]
  .text               ro code  0x080260a0     0x72  stm32f7xx_hal_pcd_ex.o [1]
  .text               ro code  0x08026114     0x5e  ABImemset.o [7]
  .text               ro code  0x08026174    0x928  stm32f7xx_ll_usb.o [1]
  .text               ro code  0x08026a9c    0x23e  stm32f7xx_hal_uart.o [1]
  .text               ro code  0x08026cda    0x1c4  lz77_init.o [7]
  .text               ro code  0x08026ea0     0xf0  usbd_desc.o [1]
  .text               ro code  0x08026f90     0x90  stm32f7xx_it.o [1]
  .text               ro code  0x08027020     0x4c  system_stm32f7xx.o [1]
  .text               ro code  0x0802706c     0x40  zero_init3.o [7]
  .text               ro code  0x080270ac     0x28  data_init.o [7]
  .text               ro code  0x080270d4     0x22  fpinit_M.o [6]
  .iar.init_table     const    0x080270f8     0x2c  - Linker created -
  .text               ro code  0x08027124     0x1a  cmain.o [7]
  .text               ro code  0x0802713e      0x4  low_level_init.o [3]
  .text               ro code  0x08027142      0x4  exit.o [3]
  .text               ro code  0x08027148      0xa  cexit.o [7]
  .text               ro code  0x08027154     0x10  startup_stm32f746xx.o [1]
  .text               ro code  0x08027164      0xc  cstartup_M.o [7]
  .text               ro code  0x08027170      0x4  startup_stm32f746xx.o [1]
  .text               ro code  0x08027174      0x4  startup_stm32f746xx.o [1]
  .text               ro code  0x08027178      0x4  startup_stm32f746xx.o [1]
  .text               ro code  0x0802717c      0x4  startup_stm32f746xx.o [1]
  .text               ro code  0x08027180      0x4  startup_stm32f746xx.o [1]
  .text               ro code  0x08027184      0x4  startup_stm32f746xx.o [1]
  .text               ro code  0x08027188      0x4  startup_stm32f746xx.o [1]
  .text               ro code  0x0802718c      0x4  startup_stm32f746xx.o [1]
  .text               ro code  0x08027190      0x4  startup_stm32f746xx.o [1]
  .text               ro code  0x08027194      0x4  startup_stm32f746xx.o [1]
  .text               ro code  0x08027198      0x4  startup_stm32f746xx.o [1]
  .text               ro code  0x0802719c      0x4  startup_stm32f746xx.o [1]
  .text               ro code  0x080271a0      0x4  startup_stm32f746xx.o [1]
  .text               ro code  0x080271a4      0x4  startup_stm32f746xx.o [1]
  .text               ro code  0x080271a8      0x4  startup_stm32f746xx.o [1]
  .text               ro code  0x080271ac      0x4  startup_stm32f746xx.o [1]
  .text               ro code  0x080271b0      0x4  startup_stm32f746xx.o [1]
  .text               ro code  0x080271b4      0x4  startup_stm32f746xx.o [1]
  .text               ro code  0x080271b8      0x4  startup_stm32f746xx.o [1]
  .text               ro code  0x080271bc      0x4  startup_stm32f746xx.o [1]
  .text               ro code  0x080271c0      0x4  startup_stm32f746xx.o [1]
  .text               ro code  0x080271c4      0x4  startup_stm32f746xx.o [1]
  .text               ro code  0x080271c8      0x4  startup_stm32f746xx.o [1]
  .text               ro code  0x080271cc      0x4  startup_stm32f746xx.o [1]
  .text               ro code  0x080271d0      0x4  startup_stm32f746xx.o [1]
  .text               ro code  0x080271d4      0x4  startup_stm32f746xx.o [1]
  .text               ro code  0x080271d8      0x4  startup_stm32f746xx.o [1]
  .text               ro code  0x080271dc      0x4  startup_stm32f746xx.o [1]
  .text               ro code  0x080271e0      0x4  startup_stm32f746xx.o [1]
  .text               ro code  0x080271e4      0x4  startup_stm32f746xx.o [1]
  .text               ro code  0x080271e8      0x4  startup_stm32f746xx.o [1]
  .text               ro code  0x080271ec      0x4  startup_stm32f746xx.o [1]
  .text               ro code  0x080271f0      0x4  startup_stm32f746xx.o [1]
  .text               ro code  0x080271f4      0x4  startup_stm32f746xx.o [1]
  .text               ro code  0x080271f8      0x4  startup_stm32f746xx.o [1]
  .text               ro code  0x080271fc      0x4  startup_stm32f746xx.o [1]
  .text               ro code  0x08027200      0x4  startup_stm32f746xx.o [1]
  .text               ro code  0x08027204      0x4  startup_stm32f746xx.o [1]
  .text               ro code  0x08027208      0x4  startup_stm32f746xx.o [1]
  .text               ro code  0x0802720c      0x4  startup_stm32f746xx.o [1]
  .text               ro code  0x08027210      0x4  startup_stm32f746xx.o [1]
  .text               ro code  0x08027214      0x4  startup_stm32f746xx.o [1]
  .text               ro code  0x08027218      0x4  startup_stm32f746xx.o [1]
  .text               ro code  0x0802721c      0x4  startup_stm32f746xx.o [1]
  .text               ro code  0x08027220      0x4  startup_stm32f746xx.o [1]
  .text               ro code  0x08027224      0x4  startup_stm32f746xx.o [1]
  .text               ro code  0x08027228      0x4  startup_stm32f746xx.o [1]
  .text               ro code  0x0802722c      0x4  startup_stm32f746xx.o [1]
  .text               ro code  0x08027230      0x4  startup_stm32f746xx.o [1]
  .text               ro code  0x08027234      0x4  startup_stm32f746xx.o [1]
  .text               ro code  0x08027238      0x4  startup_stm32f746xx.o [1]
  .text               ro code  0x0802723c      0x4  startup_stm32f746xx.o [1]
  .text               ro code  0x08027240      0x4  startup_stm32f746xx.o [1]
  .text               ro code  0x08027244      0x4  startup_stm32f746xx.o [1]
  .text               ro code  0x08027248      0x4  startup_stm32f746xx.o [1]
  .text               ro code  0x0802724c      0x4  startup_stm32f746xx.o [1]
  .text               ro code  0x08027250      0x4  startup_stm32f746xx.o [1]
  .text               ro code  0x08027254      0x4  startup_stm32f746xx.o [1]
  .text               ro code  0x08027258      0x4  startup_stm32f746xx.o [1]
  .text               ro code  0x0802725c      0x4  startup_stm32f746xx.o [1]
  .text               ro code  0x08027260      0x4  startup_stm32f746xx.o [1]
  .text               ro code  0x08027264      0x4  startup_stm32f746xx.o [1]
  .text               ro code  0x08027268      0x4  startup_stm32f746xx.o [1]
  .text               ro code  0x0802726c      0x4  startup_stm32f746xx.o [1]
  .text               ro code  0x08027270      0x4  startup_stm32f746xx.o [1]
  .text               ro code  0x08027274      0x4  startup_stm32f746xx.o [1]
  .text               ro code  0x08027278      0x4  startup_stm32f746xx.o [1]
  .text               ro code  0x0802727c      0x4  startup_stm32f746xx.o [1]
  .text               ro code  0x08027280      0x4  startup_stm32f746xx.o [1]
  .text               ro code  0x08027284      0x4  startup_stm32f746xx.o [1]
  .text               ro code  0x08027288      0x4  startup_stm32f746xx.o [1]
  .text               ro code  0x0802728c      0x4  startup_stm32f746xx.o [1]
  .text               ro code  0x08027290      0x4  startup_stm32f746xx.o [1]
  .text               ro code  0x08027294      0x4  startup_stm32f746xx.o [1]
  .text               ro code  0x08027298      0x4  startup_stm32f746xx.o [1]
  .text               ro code  0x0802729c      0x4  startup_stm32f746xx.o [1]
  .text               ro code  0x080272a0      0x4  startup_stm32f746xx.o [1]
  .rodata             const    0x080272a4      0x0  zero_init3.o [7]
  .rodata             const    0x080272a4      0x0  lz77_init.o [7]
  Initializer bytes   const    0x080272a4    0x33c  <for P3 s0>
                             - 0x080275e0  0x27418

"P3", part 1 of 3:                           0x7fd
  P3 s0                        0x20010000    0x7fd  <Init block>
    .data             inited   0x20010000    0x304  pdm_filter.o [5]
    .data             inited   0x20010304    0x250  main.o [1]
    .data             inited   0x20010554     0xa4  audio_codec.o [1]
    .data             inited   0x200105f8     0x9a  waverecorder.o [1]
    .data             inited   0x20010692      0x1  waveplayer _CS43L22.o [1]
    .data             inited   0x20010693      0x1  waverecorder.o [1]
    .data             inited   0x20010694     0x8c  sta321mp.o [1]
    .data             inited   0x20010720     0x38  usbd_audio_in.o [1]
    .data             inited   0x20010758     0x24  usbd_audio_if.o [1]
    .data             inited   0x2001077c     0x1c  DOA.o [1]
    .data             inited   0x20010798     0x1c  usbd_desc.o [1]
    .data             inited   0x200107b4     0x14  system_stm32f7xx.o [1]
    .data             inited   0x200107c8     0x14  usbd_desc.o [1]
    .data             inited   0x200107dc      0xc  usbd_audio_in.o [1]
    .data             inited   0x200107e8      0x8  XShttio.o [3]
    .data             inited   0x200107f0      0x4  main.o [1]
    .data             inited   0x200107f4      0x4  usbd_desc.o [1]
    __DLIB_PERTHREAD  inited   0x200107f8      0x4  errno.o [3]
    .data             inited   0x200107fc      0x1  waverecorder.o [1]
                             - 0x200107fd    0x7fd

"P3", part 2 of 3:                         0x2be8c
  .bss                zero     0x20010800  0x15804  DSP.o [1]
  .bss                zero     0x20026004   0x4018  DSP.o [1]
  .bss                zero     0x2002a01c   0x2000  audio_application.o [1]
  .bss                zero     0x2002c01c   0x2000  audio_application.o [1]
  .bss                zero     0x2002e040   0x2000  waverecorder.o [1]
  .bss                zero     0x20030040   0x2000  waverecorder.o [1]
  .bss                zero     0x20032040   0x2000  waverecorder.o [1]
  .bss                zero     0x20034040   0x2000  waverecorder.o [1]
  .bss                zero     0x20036040   0x2000  waverecorder.o [1]
  .bss                zero     0x20038040   0x1814  main.o [1]
  .bss                zero     0x20039854   0x10d8  DSP.o [1]
  .bss                zero     0x2003a92c   0x1000  DSP.o [1]
  .bss                zero     0x2003b92c    0x3c0  usbd_conf_f4.o [1]
  .bss                zero     0x2003bcec    0x260  usbd_audio_in.o [1]
  .bss                zero     0x2003bf4c    0x25c  waverecorder.o [1]
  .bss                zero     0x2003c1a8    0x1d8  dlmalloc.o [3]
  .bss                zero     0x2003c380     0xc8  usbd_desc.o [1]
  .bss                zero     0x2003c448     0xb0  waverecorder.o [1]
  .bss                zero     0x2003c4f8     0x70  main.o [1]
  .bss                zero     0x2003c568     0x64  main.o [1]
  .bss                zero     0x2003c5cc     0x40  waveplayer _CS43L22.o [1]
  .bss                zero     0x2003c60c     0x3c  audio_codec.o [1]
  .bss                zero     0x2003c648     0x18  dlmalloc.o [3]
  .bss                zero     0x2003c660     0x10  sta321mp.o [1]
  .bss                zero     0x2003c670      0x8  stm32f7xx_it.o [1]
  .bss                zero     0x2003c678      0x4  main.o [1]
  .bss                zero     0x2003c67c      0x4  stm32f7xx_hal.o [1]
  .bss                zero     0x2003c680      0x4  xgetmemchunk.o [3]
  .bss                zero     0x2003c684      0x2  waverecorder.o [1]
  .bss                zero     0x2003c686      0x2  waverecorder.o [1]
  .bss                zero     0x2003c688      0x2  waverecorder.o [1]
  .bss                zero     0x2003c68a      0x1  audio_application.o [1]
  .bss                zero     0x2003c68b      0x1  usbd_ctlreq.o [1]
                             - 0x2003c68c  0x2be8c

"P3", part 3 of 3:                          0x4000
  CSTACK                       0x2003c690   0x2000  <Block>
    CSTACK            uninit   0x2003c690   0x2000  <Block tail>
  HEAP                         0x2003e690   0x2000  <Block>
    HEAP              uninit   0x2003e690   0x2000  <Block tail>
                             - 0x20040690   0x4000


*******************************************************************************
*** INIT TABLE
***

          Address     Size
          -------     ----
Zero (__iar_zero_init3)
    1 destination range, total size 0x2be8c:
          0x20010800  0x2be8c

Copy/lz77 (__iar_lz77_init3)
    1 source range, total size 0x33c (40% of destination):
          0x080272a4    0x33c
    1 destination range, total size 0x7fd:
          0x20010000    0x7fd



*******************************************************************************
*** MODULE SUMMARY
***

    Module                    ro code  ro data  rw data
    ------                    -------  -------  -------
D:\sop1hc\Mic\Mic_Array\For_Window\Projects\STM32746G\Applications\Audio\Mic_Array\EWARM\STM32F7\Obj: [1]
    DOA.o                         428       12       28
    DSP.o                      34 284           112 884
    DelayEstimation.o              88
    audio_application.o           324            16 385
    audio_codec.o               1 344       66      224
    main.o                      1 668      242    6 976
    sta321mp.o                  2 100       57      156
    startup_stm32f746xx.o         780
    stm32746g_discovery.o         304
    stm32f7xx_hal.o               128                 4
    stm32f7xx_hal_cortex.o        236
    stm32f7xx_hal_dma.o           788
    stm32f7xx_hal_gpio.o          540
    stm32f7xx_hal_i2c.o         2 104
    stm32f7xx_hal_i2s.o           272
    stm32f7xx_hal_pcd.o         2 114
    stm32f7xx_hal_pcd_ex.o        114
    stm32f7xx_hal_pwr_ex.o        120
    stm32f7xx_hal_rcc.o         1 496
    stm32f7xx_hal_rcc_ex.o      1 636
    stm32f7xx_hal_spi.o         2 004
    stm32f7xx_hal_uart.o          574
    stm32f7xx_it.o                144                 8
    stm32f7xx_ll_usb.o          2 344
    system_stm32f7xx.o             76        8       20
    usbd_audio_if.o               224       14       36
    usbd_audio_in.o             2 124       28      676
    usbd_conf_f4.o                578               960
    usbd_core.o                   678
    usbd_ctlreq.o               1 128                 1
    usbd_desc.o                   240       20      252
    usbd_ioreq.o                  156
    waveplayer _CS43L22.o          96                65
    waverecorder.o              3 596       64   41 902
    ---------------------------------------------------
    Total:                     64 830      511  180 577

command line: [2]
    ---------------------------------------------------
    Total:

dl7M_tlf.a: [3]
    XShttio.o                       8        3        8
    abort.o                         6
    dlmalloc.o                  5 360               496
    errno.o                        12        2        4
    exit.o                          4
    low_level_init.o                4
    xgetmemchunk.o                 44                 4
    xtls.o                          2
    ---------------------------------------------------
    Total:                      5 440        5      512

iar_cortexM7ls_math.a: [4]
    arm_bitreversal2.o            192
    arm_cfft_f32.o              1 788
    arm_cfft_radix8_f32.o       1 376
    arm_common_tables.o                 78 936
    arm_rfft_fast_f32.o           392
    arm_rfft_fast_init_f32.o      324
    ---------------------------------------------------
    Total:                      4 072   78 936

libPDMFilter_CM7F_IAR.a: [5]
    pdm_filter.o                1 428      312      772
    ---------------------------------------------------
    Total:                      1 428      312      772

m7M_tls.a: [6]
    DblAdd.o                      232
    DblCmpEq.o                     32
    DblCmpGe.o                     46
    DblCmpLe.o                     46
    DblDiv.o                      598
    DblMul.o                      418
    DblSub.o                      384
    DblToFlt.o                    144
    DblToI32.o                     76
    FltToDbl.o                     78
    I32ToDbl.o                     48
    fmod.o                        424
    fpinit_M.o                     34
    sqrt.o                        256
    xdint.o                       122
    xquad.o                       360
    xsin.o                      1 122
    ---------------------------------------------------
    Total:                      4 420

rt7M_tl.a: [7]
    ABImemclr.o                     6
    ABImemcpy_unaligned.o         118
    ABImemset.o                    94
    I64DivMod.o                   306
    I64DivZer.o                     2
    cexit.o                        10
    cmain.o                        26
    cstartup_M.o                   12
    data_init.o                    40
    iarEdom.o                      12
    lz77_init.o                   452
    zero_init3.o                   64
    ---------------------------------------------------
    Total:                      1 142

shb_l.a: [8]
    exit.o                         20
    iarttio.o                      48
    ---------------------------------------------------
    Total:                         68

    Gaps                           38        2       36
    Linker created                          44   16 384
-------------------------------------------------------
    Grand Total:               81 438   79 810  198 281


*******************************************************************************
*** ENTRY LIST
***

Entry                      Address     Size  Type      Object
-----                      -------     ----  ----      ------
.iar.init_table$$Base   0x080270f8            --   Gb  - Linker created -
.iar.init_table$$Limit  0x08027124            --   Gb  - Linker created -
?main                   0x08027125           Code  Gb  cmain.o [7]
AHBPrescTable           0x200107b8     0x10  Data  Gb  system_stm32f7xx.o [1]
APBAHBPrescTable        0x0802454c     0x10  Data  Gb  stm32f7xx_hal_rcc.o [1]
AUDIO_Desc              0x20010798     0x1c  Data  Gb  usbd_desc.o [1]
AUDIO_Init              0x08022f21     0x10  Code  Gb  audio_codec.o [1]
AUDIO_InitApplication   0x08022f15      0xc  Code  Gb  waveplayer _CS43L22.o [1]
AudioPlayerUpd          0x08023e71     0xf6  Code  Gb  audio_application.o [1]
AudioRemSize            0x200105f0      0x4  Data  Gb  audio_codec.o [1]
AudioTotalSize          0x200105ec      0x4  Data  Gb  audio_codec.o [1]
AudioUSBSend            0x08023e41     0x2e  Code  Gb  audio_application.o [1]
Audio_CommandMgr        0x080257c7      0x4  Code  Lc  usbd_audio_if.o [1]
Audio_DeInit            0x08025781      0x4  Code  Lc  usbd_audio_if.o [1]
Audio_Init              0x0802577d      0x4  Code  Lc  usbd_audio_if.o [1]
Audio_MAL_Play          0x08023111     0x54  Code  Gb  audio_codec.o [1]
Audio_MuteCtl           0x080257b7      0x4  Code  Lc  usbd_audio_if.o [1]
Audio_Pause             0x080257bf      0x4  Code  Lc  usbd_audio_if.o [1]
Audio_Record            0x08025785      0x4  Code  Lc  usbd_audio_if.o [1]
Audio_Resume            0x080257c3      0x4  Code  Lc  usbd_audio_if.o [1]
Audio_Stop              0x080257bb      0x4  Code  Lc  usbd_audio_if.o [1]
Audio_Sum_Old           0x20025804    0x800  Data  Gb  DSP.o [1]
Audio_VolumeCtl         0x08025789     0x2e  Code  Lc  usbd_audio_if.o [1]
BSP_LED_Init            0x0802229d     0x8c  Code  Gb  stm32746g_discovery.o [1]
BSP_LED_Off             0x0802235b     0x32  Code  Gb  stm32746g_discovery.o [1]
BSP_LED_On              0x08022329     0x32  Code  Gb  stm32746g_discovery.o [1]
BSP_LED_Toggle          0x0802238d     0x2e  Code  Gb  stm32746g_discovery.o [1]
BeamFormingSD           0x080137e1    0x3ce  Code  Gb  DSP.o [1]
BeamFormingSD_Init      0x080136e9     0xe0  Code  Gb  DSP.o [1]
Buffer1                 0x20032040   0x2000  Data  Gb  waverecorder.o [1]
Buffer2                 0x20034040   0x2000  Data  Gb  waverecorder.o [1]
Buffer3                 0x20036040   0x2000  Data  Gb  waverecorder.o [1]
BusFault_Handler        0x08026f97      0x2  Code  Gb  stm32f7xx_it.o [1]
CSTACK$$Base            0x2003c690            --   Gb  - Linker created -
CSTACK$$Limit           0x2003e690            --   Gb  - Linker created -
Command_index           0x200107f3      0x1  Data  Gb  main.o [1]
ComputeDelay_Couple     0x08025725     0x58  Code  Gb  DelayEstimation.o [1]
CrssCor                 0x08013621     0xc6  Code  Gb  DSP.o [1]
CurrentPos              0x200105f4      0x4  Data  Gb  audio_codec.o [1]
DMA1_Stream0_IRQHandler
                        0x08023105      0x2  Code  Gb  audio_codec.o [1]
DMA1_Stream7_IRQHandler
                        0x08022f31    0x1d4  Code  Gb  audio_codec.o [1]
DMA2_Stream4_IRQHandler
                        0x0802701d      0x2  Code  Gb  stm32f7xx_it.o [1]
DMA2_Stream5_IRQHandler
                        0x0801fe05      0x6  Code  Gb  waverecorder.o [1]
DMA2_Stream6_IRQHandler
                        0x0801fe0b      0x6  Code  Gb  waverecorder.o [1]
DMA2_Stream7_IRQHandler
                        0x0802701f      0x2  Code  Gb  stm32f7xx_it.o [1]
DOA                     0x08023dc0     0x80  Data  Gb  DOA.o [1]
DOACalc                 0x08023c95    0x11e  Code  Gb  DOA.o [1]
DataFFT                 0x20015800  0x10000  Data  Gb  DSP.o [1]
DebugMon_Handler        0x08026f9d      0x2  Code  Gb  stm32f7xx_it.o [1]
Dir                     0x2001077c      0x1  Data  Gb  DOA.o [1]
DirOld                  0x2001077d      0x1  Data  Gb  DOA.o [1]
Direction               0x2001031d      0x1  Data  Gb  main.o [1]
Dly_Sample              0x20010794      0x4  Data  Gb  DOA.o [1]
DmaHandle               0x20010554     0x58  Data  Gb  audio_codec.o [1]
EXTI15_10_IRQHandler    0x080205c7      0x2  Code  Gb  main.o [1]
EXTI4_IRQHandler        0x08020591     0x36  Code  Gb  main.o [1]
EXTI9_5_IRQHandler      0x080205c9     0x4e  Code  Gb  main.o [1]
Filter                  0x2003c014     0x68  Data  Gb  waverecorder.o [1]
Frame7Old               0x2003c088      0xc  Data  Gb  waverecorder.o [1]
Frame8Old               0x2003c094      0xc  Data  Gb  waverecorder.o [1]
GPIO_INS                0x20010304     0x14  Data  Gb  main.o [1]
GPIO_PIN                0x080223c4      0x8  Data  Gb  stm32746g_discovery.o [1]
GPIO_STA                0x20010694     0x14  Data  Gb  sta321mp.o [1]
HAL_DMA_DeInit          0x08021933     0x6e  Code  Gb  stm32f7xx_hal_dma.o [1]
HAL_DMA_IRQHandler      0x08021a0d    0x198  Code  Gb  stm32f7xx_hal_dma.o [1]
HAL_DMA_Init            0x080218a5     0x8e  Code  Gb  stm32f7xx_hal_dma.o [1]
HAL_DMA_Start_IT        0x080219a1     0x6c  Code  Gb  stm32f7xx_hal_dma.o [1]
HAL_Delay               0x08021c15     0x1c  Code  Wk  stm32f7xx_hal.o [1]
HAL_GPIO_Init           0x0802159d    0x1d8  Code  Gb  stm32f7xx_hal_gpio.o [1]
HAL_GPIO_TogglePin      0x0802177d      0x8  Code  Gb  stm32f7xx_hal_gpio.o [1]
HAL_GPIO_WritePin       0x08021775      0x8  Code  Gb  stm32f7xx_hal_gpio.o [1]
HAL_GetTick             0x08021c0d      0x6  Code  Wk  stm32f7xx_hal.o [1]
HAL_I2C_EV_IRQHandler   0x08024859     0xfe  Code  Gb  stm32f7xx_hal_i2c.o [1]
HAL_I2C_ErrorCallback   0x08024963      0x2  Code  Wk  stm32f7xx_hal_i2c.o [1]
HAL_I2C_Init            0x080245d5     0xa2  Code  Gb  stm32f7xx_hal_i2c.o [1]
HAL_I2C_MasterRxCpltCallback
                        0x08024959      0x2  Code  Wk  stm32f7xx_hal_i2c.o [1]
HAL_I2C_MasterTxCpltCallback
                        0x08024957      0x2  Code  Wk  stm32f7xx_hal_i2c.o [1]
HAL_I2C_Master_Transmit
                        0x08024679    0x1d2  Code  Gb  stm32f7xx_hal_i2c.o [1]
HAL_I2C_MemRxCpltCallback
                        0x08024961      0x2  Code  Wk  stm32f7xx_hal_i2c.o [1]
HAL_I2C_MemTxCpltCallback
                        0x0802495f      0x2  Code  Wk  stm32f7xx_hal_i2c.o [1]
HAL_I2C_MspInit         0x080204cf     0xc2  Code  Gb  main.o [1]
HAL_I2C_SlaveRxCpltCallback
                        0x0802495d      0x2  Code  Wk  stm32f7xx_hal_i2c.o [1]
HAL_I2C_SlaveTxCpltCallback
                        0x0802495b      0x2  Code  Wk  stm32f7xx_hal_i2c.o [1]
HAL_I2S_Init            0x08020cb9     0xfc  Code  Gb  stm32f7xx_hal_i2s.o [1]
HAL_I2S_MspInit         0x08023165    0x28e  Code  Gb  audio_codec.o [1]
HAL_I2S_TxCpltCallback  0x08020643      0x2  Code  Gb  main.o [1]
HAL_IncTick             0x08021c03      0xa  Code  Wk  stm32f7xx_hal.o [1]
HAL_Init                0x08021bb9     0x24  Code  Gb  stm32f7xx_hal.o [1]
HAL_InitTick            0x08021bdf     0x24  Code  Wk  stm32f7xx_hal.o [1]
HAL_MspInit             0x08021bdd      0x2  Code  Wk  stm32f7xx_hal.o [1]
HAL_NVIC_DisableIRQ     0x08021837     0x12  Code  Gb  stm32f7xx_hal_cortex.o [1]
HAL_NVIC_EnableIRQ      0x08021825     0x12  Code  Gb  stm32f7xx_hal_cortex.o [1]
HAL_NVIC_SetPriority    0x080217d3     0x52  Code  Gb  stm32f7xx_hal_cortex.o [1]
HAL_NVIC_SetPriorityGrouping
                        0x080217b9     0x1a  Code  Gb  stm32f7xx_hal_cortex.o [1]
HAL_NVIC_SystemReset    0x08021849     0x1a  Code  Gb  stm32f7xx_hal_cortex.o [1]
HAL_PCDEx_ActivateLPM   0x080260eb     0x26  Code  Gb  stm32f7xx_hal_pcd_ex.o [1]
HAL_PCDEx_LPM_Callback  0x08026111      0x2  Code  Wk  stm32f7xx_hal_pcd_ex.o [1]
HAL_PCDEx_SetRxFiFo     0x080260e3      0x8  Code  Gb  stm32f7xx_hal_pcd_ex.o [1]
HAL_PCDEx_SetTxFiFo     0x080260a1     0x42  Code  Gb  stm32f7xx_hal_pcd_ex.o [1]
HAL_PCD_ConnectCallback
                        0x0802505b      0x8  Code  Gb  usbd_conf_f4.o [1]
HAL_PCD_DataInStageCallback
                        0x08025001     0x12  Code  Gb  usbd_conf_f4.o [1]
HAL_PCD_DataOutStageCallback
                        0x08024fed     0x14  Code  Gb  usbd_conf_f4.o [1]
HAL_PCD_DisconnectCallback
                        0x08025063      0x8  Code  Gb  usbd_conf_f4.o [1]
HAL_PCD_EP_Close        0x08025e07     0x46  Code  Gb  stm32f7xx_hal_pcd.o [1]
HAL_PCD_EP_ClrStall     0x08025f73     0x54  Code  Gb  stm32f7xx_hal_pcd.o [1]
HAL_PCD_EP_Flush        0x08025fc7     0x38  Code  Gb  stm32f7xx_hal_pcd.o [1]
HAL_PCD_EP_Open         0x08025da9     0x5e  Code  Gb  stm32f7xx_hal_pcd.o [1]
HAL_PCD_EP_Receive      0x08025e4d     0x60  Code  Gb  stm32f7xx_hal_pcd.o [1]
HAL_PCD_EP_SetStall     0x08025f0d     0x66  Code  Gb  stm32f7xx_hal_pcd.o [1]
HAL_PCD_EP_Transmit     0x08025ead     0x60  Code  Gb  stm32f7xx_hal_pcd.o [1]
HAL_PCD_IRQHandler      0x08025945    0x440  Code  Gb  stm32f7xx_hal_pcd.o [1]
HAL_PCD_ISOINIncompleteCallback
                        0x08025053      0x8  Code  Gb  usbd_conf_f4.o [1]
HAL_PCD_ISOOUTIncompleteCallback
                        0x0802504b      0x8  Code  Gb  usbd_conf_f4.o [1]
HAL_PCD_Init            0x0802585d     0xbe  Code  Gb  stm32f7xx_hal_pcd.o [1]
HAL_PCD_MspInit         0x08024f5d     0x84  Code  Gb  usbd_conf_f4.o [1]
HAL_PCD_ResetCallback   0x0802501b     0x20  Code  Gb  usbd_conf_f4.o [1]
HAL_PCD_ResumeCallback  0x08025043      0x8  Code  Gb  usbd_conf_f4.o [1]
HAL_PCD_SOFCallback     0x08025013      0x8  Code  Gb  usbd_conf_f4.o [1]
HAL_PCD_SetAddress      0x08025d85     0x24  Code  Gb  stm32f7xx_hal_pcd.o [1]
HAL_PCD_SetupStageCallback
                        0x08024fe1      0xc  Code  Gb  usbd_conf_f4.o [1]
HAL_PCD_Start           0x0802591b     0x2a  Code  Gb  stm32f7xx_hal_pcd.o [1]
HAL_PCD_SuspendCallback
                        0x0802503b      0x8  Code  Gb  usbd_conf_f4.o [1]
HAL_PWREx_EnableOverDrive
                        0x0802455d     0x70  Code  Gb  stm32f7xx_hal_pwr_ex.o [1]
HAL_RCCEx_GetPeriphCLKConfig
                        0x0802213d    0x14c  Code  Gb  stm32f7xx_hal_rcc_ex.o [1]
HAL_RCCEx_PeriphCLKConfig
                        0x08021c39    0x504  Code  Gb  stm32f7xx_hal_rcc_ex.o [1]
HAL_RCC_ClockConfig     0x080242eb    0x1e0  Code  Gb  stm32f7xx_hal_rcc.o [1]
HAL_RCC_GetHCLKFreq     0x0802450f     0x22  Code  Gb  stm32f7xx_hal_rcc.o [1]
HAL_RCC_GetSysClockFreq
                        0x080244cb     0x44  Code  Gb  stm32f7xx_hal_rcc.o [1]
HAL_RCC_OscConfig       0x08023f85    0x366  Code  Gb  stm32f7xx_hal_rcc.o [1]
HAL_SPI_ErrorCallback   0x0802111d      0x2  Code  Wk  stm32f7xx_hal_spi.o [1]
HAL_SPI_Init            0x08020dc9     0xba  Code  Gb  stm32f7xx_hal_spi.o [1]
HAL_SPI_MspInit         0x0801f931    0x4b8  Code  Gb  waverecorder.o [1]
HAL_SPI_Receive_DMA     0x08020e83    0x108  Code  Gb  stm32f7xx_hal_spi.o [1]
HAL_SPI_RxCpltCallback  0x0801fe4d     0x2a  Code  Gb  waverecorder.o [1]
HAL_SPI_RxHalfCpltCallback
                        0x0801fe19     0x2c  Code  Gb  waverecorder.o [1]
HAL_SPI_TransmitReceive_DMA
                        0x08020f8b    0x18e  Code  Gb  stm32f7xx_hal_spi.o [1]
HAL_SPI_TxRxCpltCallback
                        0x08021119      0x2  Code  Wk  stm32f7xx_hal_spi.o [1]
HAL_SPI_TxRxHalfCpltCallback
                        0x0802111b      0x2  Code  Wk  stm32f7xx_hal_spi.o [1]
HAL_SYSTICK_Config      0x08021863     0x22  Code  Gb  stm32f7xx_hal_cortex.o [1]
HAL_UART_ErrorCallback  0x08026c45      0x2  Code  Wk  stm32f7xx_hal_uart.o [1]
HAL_UART_IRQHandler     0x08026a9d    0x1a4  Code  Gb  stm32f7xx_hal_uart.o [1]
HAL_UART_RxCpltCallback
                        0x08026c43      0x2  Code  Wk  stm32f7xx_hal_uart.o [1]
HAL_UART_TxCpltCallback
                        0x08026c41      0x2  Code  Wk  stm32f7xx_hal_uart.o [1]
HEAP$$Base              0x2003e690            --   Gb  - Linker created -
HEAP$$Limit             0x20040690            --   Gb  - Linker created -
HardFault_Handler       0x08026f93      0x2  Code  Gb  stm32f7xx_it.o [1]
I2C1_EV_IRQHandler      0x08026ff1      0x6  Code  Gb  stm32f7xx_it.o [1]
I2C2_EV_IRQHandler      0x08026ff7      0x6  Code  Gb  stm32f7xx_it.o [1]
I2C_IsAcknowledgeFailed
                        0x08024d91     0x76  Code  Lc  stm32f7xx_hal_i2c.o [1]
I2C_MasterReceive_ISR   0x08024ac5    0x154  Code  Lc  stm32f7xx_hal_i2c.o [1]
I2C_MasterTransmit_ISR  0x08024965    0x160  Code  Lc  stm32f7xx_hal_i2c.o [1]
I2C_SlaveReceive_ISR    0x08024cd9     0xac  Code  Lc  stm32f7xx_hal_i2c.o [1]
I2C_SlaveTransmit_ISR   0x08024c19     0xc0  Code  Lc  stm32f7xx_hal_i2c.o [1]
I2S1_Enable             0x0801f7cf     0x18  Code  Gb  waverecorder.o [1]
I2S2_Enable             0x0801f7e7     0x18  Code  Gb  waverecorder.o [1]
I2S2_idxTmp             0x20010322      0x2  Data  Gb  main.o [1]
I2S2_stLR               0x20010680      0x1  Data  Gb  waverecorder.o [1]
I2S2_stLROld            0x20010681      0x1  Data  Gb  waverecorder.o [1]
I2S3_Init               0x08022ec1     0x46  Code  Gb  waveplayer _CS43L22.o [1]
IS                      0x2003a914     0x18  Data  Gb  DSP.o [1]
InStream_Read           0x08026cdb     0x22  Code  Lc  lz77_init.o [7]
IsocInBuffDummy         0x2003bdcc    0x180  Data  Lc  usbd_audio_in.o [1]
MIC1TO8_Init            0x0801f741     0x5e  Code  Gb  waverecorder.o [1]
MX_I2C2_Init            0x08020617     0x2c  Code  Gb  main.o [1]
Main_stLR               0x2001067d      0x1  Data  Gb  waverecorder.o [1]
Main_stLROld            0x2001067e      0x1  Data  Gb  waverecorder.o [1]
MemManage_Handler       0x08026f95      0x2  Code  Gb  stm32f7xx_it.o [1]
MicData_Concate         0x20010800   0x4000  Data  Gb  DSP.o [1]
NMI_Handler             0x08026f91      0x2  Code  Gb  stm32f7xx_it.o [1]
OTG_FS_IRQHandler       0x08026ffd      0x6  Code  Gb  stm32f7xx_it.o [1]
OutStream_Write         0x08026cfd     0x40  Code  Lc  lz77_init.o [7]
Out_Sum_Pre             0x20014800   0x1000  Data  Gb  DSP.o [1]
OutputDev               0x200105e8      0x1  Data  Gb  audio_codec.o [1]
PCD_WriteEmptyTxFifo    0x08025fff     0xa0  Code  Lc  stm32f7xx_hal_pcd.o [1]
PCM_Buffer1             0x2002a01c   0x2000  Data  Gb  audio_application.o [1]
PCM_Buffer2             0x2002c01c   0x2000  Data  Gb  audio_application.o [1]
PDM2PCMSDO78            0x0801fe91    0x1a4  Code  Gb  waverecorder.o [1]
PDM_Filter_64_LSB       0x08020969    0x31e  Code  Gb  pdm_filter.o [5]
PDM_Filter_Init         0x08020725    0x236  Code  Gb  pdm_filter.o [5]
PendSV_Handler          0x08026f9f      0x2  Code  Gb  stm32f7xx_it.o [1]
Power                   0x20010784      0x4  Data  Gb  DOA.o [1]
PwrChnnl1Old            0x20010780      0x4  Data  Lc  DOA.o [1]
Region$$Table$$Base     0x080270f8            --   Gb  - Linker created -
Region$$Table$$Limit    0x08027124            --   Gb  - Linker created -
S                       0x2002a004     0x18  Data  Gb  DSP.o [1]
S1                      0x2003a854     0x18  Data  Gb  DSP.o [1]
S2                      0x2003a86c     0x18  Data  Gb  DSP.o [1]
S3                      0x2003a884     0x18  Data  Gb  DSP.o [1]
S4                      0x2003a89c     0x18  Data  Gb  DSP.o [1]
S5                      0x2003a8b4     0x18  Data  Gb  DSP.o [1]
S6                      0x2003a8cc     0x18  Data  Gb  DSP.o [1]
S7                      0x2003a8e4     0x18  Data  Gb  DSP.o [1]
S8                      0x2003a8fc     0x18  Data  Gb  DSP.o [1]
SPI1_IRQHandler         0x0801f295    0x156  Code  Gb  waverecorder.o [1]
SPI2_IRQHandler         0x0801f3eb    0x110  Code  Gb  waverecorder.o [1]
SPI3_IRQHandler         0x08023107      0xa  Code  Gb  audio_codec.o [1]
SPI4_Enable             0x0801f83d     0x18  Code  Gb  waverecorder.o [1]
SPI4_IRQHandler         0x0801f4fb    0x144  Code  Gb  waverecorder.o [1]
SPI4_Init               0x0801f7ff     0x3e  Code  Gb  waverecorder.o [1]
SPI4_stNipple           0x20010690      0x2  Data  Gb  waverecorder.o [1]
SPI4_stPosShft          0x2001067f      0x1  Data  Gb  waverecorder.o [1]
SPI5_IRQHandler         0x0801f63f     0x84  Code  Gb  waverecorder.o [1]
SPI5_Init               0x0801f855     0x8a  Code  Gb  waverecorder.o [1]
SPI6_IRQHandler         0x0801f6c3     0x7e  Code  Gb  waverecorder.o [1]
SPI6_Init               0x0801f8df     0x4a  Code  Gb  waverecorder.o [1]
SPI_DMAError            0x08021575     0x26  Code  Lc  stm32f7xx_hal_spi.o [1]
SPI_DMAHalfReceiveCplt  0x08021555      0xe  Code  Lc  stm32f7xx_hal_spi.o [1]
SPI_DMAHalfTransmitReceiveCplt
                        0x08021565      0xe  Code  Lc  stm32f7xx_hal_spi.o [1]
SPI_DMAReceiveCplt      0x08021121    0x220  Code  Lc  stm32f7xx_hal_spi.o [1]
SPI_DMATransmitReceiveCplt
                        0x08021341    0x214  Code  Lc  stm32f7xx_hal_spi.o [1]
STA321MP_Ini            0x08023461    0x2f6  Code  Gb  sta321mp.o [1]
STACoefSet              0x080237b5    0x1c4  Code  Gb  sta321mp.o [1]
SVC_Handler             0x08026f9b      0x2  Code  Gb  stm32f7xx_it.o [1]
Send_Audio_to_USB       0x080257cb      0xa  Code  Gb  usbd_audio_if.o [1]
SetCoefValue            0x08023abd     0x6a  Code  Gb  sta321mp.o [1]
StartRecMic7_8          0x0801f79f     0x30  Code  Gb  waverecorder.o [1]
SubFrameFinished        0x08020645     0x66  Code  Gb  main.o [1]
SysTick_Handler         0x08026fa1     0x48  Code  Gb  stm32f7xx_it.o [1]
SystemClock_Config      0x0802042f     0xa0  Code  Lc  main.o [1]
SystemCoreClock         0x200107b4      0x4  Data  Gb  system_stm32f7xx.o [1]
SystemInit              0x08027021     0x3c  Code  Gb  system_stm32f7xx.o [1]
T0                      0x20010004    0x100  Data  Gb  pdm_filter.o [5]
T1                      0x20010104    0x100  Data  Gb  pdm_filter.o [5]
T2                      0x20010204    0x100  Data  Gb  pdm_filter.o [5]
TestSDO7                0x2002e040   0x2000  Data  Gb  waverecorder.o [1]
TestSDO8                0x20030040   0x2000  Data  Gb  waverecorder.o [1]
Tmp_FFT                 0x20028004   0x2000  Data  Gb  DSP.o [1]
UART_Receive_IT         0x08026c47     0x94  Code  Lc  stm32f7xx_hal_uart.o [1]
USART3_IRQHandler       0x08026feb      0x6  Code  Gb  stm32f7xx_it.o [1]
USART6_IRQHandler       0x08026fe9      0x2  Code  Gb  stm32f7xx_it.o [1]
USBD_AUDIO              0x20010720     0x38  Data  Gb  usbd_audio_in.o [1]
USBD_AUDIO_CfgDesc      0x2003bd50     0x78  Data  Lc  usbd_audio_in.o [1]
USBD_AUDIO_ConfigStrDescriptor
                        0x08026ef5     0x14  Code  Gb  usbd_desc.o [1]
USBD_AUDIO_DataIn       0x08022553     0xc6  Code  Lc  usbd_audio_in.o [1]
USBD_AUDIO_DataOut      0x08022661      0x4  Code  Lc  usbd_audio_in.o [1]
USBD_AUDIO_Data_Transfer
                        0x0802266f     0xe0  Code  Gb  usbd_audio_in.o [1]
USBD_AUDIO_DeInit       0x08022435     0x26  Code  Lc  usbd_audio_in.o [1]
USBD_AUDIO_DeviceDescriptor
                        0x08026ea1      0x8  Code  Gb  usbd_desc.o [1]
USBD_AUDIO_DeviceQualifierDesc
                        0x200107dc      0xc  Data  Lc  usbd_audio_in.o [1]
USBD_AUDIO_EP0_RxReady  0x08022619     0x38  Code  Lc  usbd_audio_in.o [1]
USBD_AUDIO_EP0_TxReady  0x08022651      0x4  Code  Lc  usbd_audio_in.o [1]
USBD_AUDIO_GetCfgDesc   0x08022549      0xa  Code  Lc  usbd_audio_in.o [1]
USBD_AUDIO_GetDeviceQualifierDesc
                        0x08022665      0xa  Code  Lc  usbd_audio_in.o [1]
USBD_AUDIO_Init         0x080223cd     0x68  Code  Lc  usbd_audio_in.o [1]
USBD_AUDIO_Init_Microphone_Descriptor
                        0x08022759    0x4a8  Code  Gb  usbd_audio_in.o [1]
USBD_AUDIO_InterfaceStrDescriptor
                        0x08026f09     0x14  Code  Gb  usbd_desc.o [1]
USBD_AUDIO_IsoINIncomplete
                        0x08022659      0x4  Code  Lc  usbd_audio_in.o [1]
USBD_AUDIO_IsoOutIncomplete
                        0x0802265d      0x4  Code  Lc  usbd_audio_in.o [1]
USBD_AUDIO_LangIDStrDescriptor
                        0x08026ea9      0x8  Code  Gb  usbd_desc.o [1]
USBD_AUDIO_ManufacturerStrDescriptor
                        0x08026ec5     0x14  Code  Gb  usbd_desc.o [1]
USBD_AUDIO_ProductStrDescriptor
                        0x08026eb1     0x14  Code  Gb  usbd_desc.o [1]
USBD_AUDIO_RegisterInterface
                        0x0802274f      0xa  Code  Gb  usbd_audio_in.o [1]
USBD_AUDIO_SOF          0x08022655      0x4  Code  Lc  usbd_audio_in.o [1]
USBD_AUDIO_SerialStrDescriptor
                        0x08026ed9     0x1c  Code  Gb  usbd_desc.o [1]
USBD_AUDIO_Setup        0x0802245b     0xee  Code  Lc  usbd_audio_in.o [1]
USBD_AUDIO_fops         0x20010758     0x24  Data  Gb  usbd_audio_if.o [1]
USBD_ClrClassConfig     0x08022c7d     0x12  Code  Gb  usbd_core.o [1]
USBD_CtlContinueRx      0x080251f3     0x14  Code  Gb  usbd_ioreq.o [1]
USBD_CtlContinueSendData
                        0x080251bd     0x14  Code  Gb  usbd_ioreq.o [1]
USBD_CtlError           0x08025641     0x16  Code  Gb  usbd_ctlreq.o [1]
USBD_CtlPrepareRx       0x080251d1     0x22  Code  Gb  usbd_ioreq.o [1]
USBD_CtlReceiveStatus   0x08025221     0x1a  Code  Gb  usbd_ioreq.o [1]
USBD_CtlSendData        0x0802519f     0x1e  Code  Gb  usbd_ioreq.o [1]
USBD_CtlSendStatus      0x08025207     0x1a  Code  Gb  usbd_ioreq.o [1]
USBD_GetDescriptor      0x080254f5    0x124  Code  Lc  usbd_ctlreq.o [1]
USBD_GetString          0x08025659     0x4c  Code  Gb  usbd_ctlreq.o [1]
USBD_Init               0x08022c19     0x30  Code  Gb  usbd_core.o [1]
USBD_LL_ClearStallEP    0x08025139     0x12  Code  Gb  usbd_conf_f4.o [1]
USBD_LL_CloseEP         0x08025103     0x12  Code  Gb  usbd_conf_f4.o [1]
USBD_LL_DataInStage     0x08022d61     0xb2  Code  Gb  usbd_core.o [1]
USBD_LL_DataOutStage    0x08022cf3     0x6e  Code  Gb  usbd_core.o [1]
USBD_LL_DevConnected    0x08022e9f      0x4  Code  Gb  usbd_core.o [1]
USBD_LL_DevDisconnected
                        0x08022ea3     0x1c  Code  Gb  usbd_core.o [1]
USBD_LL_FlushEP         0x08025115     0x12  Code  Gb  usbd_conf_f4.o [1]
USBD_LL_Init            0x0802506b     0x60  Code  Gb  usbd_conf_f4.o [1]
USBD_LL_IsStallEP       0x0802514b     0x1e  Code  Gb  usbd_conf_f4.o [1]
USBD_LL_IsoINIncomplete
                        0x08022e97      0x4  Code  Gb  usbd_core.o [1]
USBD_LL_IsoOUTIncomplete
                        0x08022e9b      0x4  Code  Gb  usbd_core.o [1]
USBD_LL_OpenEP          0x080250ef     0x14  Code  Gb  usbd_conf_f4.o [1]
USBD_LL_PrepareReceive  0x0802518d     0x12  Code  Gb  usbd_conf_f4.o [1]
USBD_LL_Reset           0x08022e13     0x42  Code  Gb  usbd_core.o [1]
USBD_LL_Resume          0x08022e6d      0xc  Code  Gb  usbd_core.o [1]
USBD_LL_SOF             0x08022e79     0x1e  Code  Gb  usbd_core.o [1]
USBD_LL_SetSpeed        0x08022e55      0x6  Code  Gb  usbd_core.o [1]
USBD_LL_SetUSBAddress   0x08025169     0x12  Code  Gb  usbd_conf_f4.o [1]
USBD_LL_SetupStage      0x08022c8f     0x64  Code  Gb  usbd_core.o [1]
USBD_LL_StallEP         0x08025127     0x12  Code  Gb  usbd_conf_f4.o [1]
USBD_LL_Start           0x080250dd     0x12  Code  Gb  usbd_conf_f4.o [1]
USBD_LL_Suspend         0x08022e5b     0x12  Code  Gb  usbd_core.o [1]
USBD_LL_Transmit        0x0802517b     0x12  Code  Gb  usbd_conf_f4.o [1]
USBD_LangIDDesc         0x200107f4      0x4  Data  Gb  usbd_desc.o [1]
USBD_ParseSetupRequest  0x08025619     0x28  Code  Gb  usbd_ctlreq.o [1]
USBD_RegisterClass      0x08022c49     0x10  Code  Gb  usbd_core.o [1]
USBD_SetClassConfig     0x08022c67     0x16  Code  Gb  usbd_core.o [1]
USBD_Start              0x08022c59      0xe  Code  Gb  usbd_core.o [1]
USBD_StdDevReq          0x0802523d    0x15e  Code  Gb  usbd_ctlreq.o [1]
USBD_StdEPReq           0x080253e9    0x10c  Code  Gb  usbd_ctlreq.o [1]
USBD_StdItfReq          0x080253a1     0x46  Code  Gb  usbd_ctlreq.o [1]
USBD_StrDesc            0x2003c380     0xc8  Data  Gb  usbd_desc.o [1]
USB_ActivateEndpoint    0x0802640d     0x8c  Code  Gb  stm32f7xx_ll_usb.o [1]
USB_ActivateSetup       0x08026a23     0x2e  Code  Gb  stm32f7xx_ll_usb.o [1]
USB_CoreInit            0x08026175     0xa0  Code  Gb  stm32f7xx_ll_usb.o [1]
USB_DeactivateEndpoint  0x08026499     0x68  Code  Gb  stm32f7xx_ll_usb.o [1]
USB_DevConnect          0x0802698b     0x1c  Code  Gb  stm32f7xx_ll_usb.o [1]
USB_DevDisconnect       0x080269a7     0x1c  Code  Gb  stm32f7xx_ll_usb.o [1]
USB_DevInit             0x0802625d    0x144  Code  Gb  stm32f7xx_ll_usb.o [1]
USB_DisableGlobalInt    0x08026221      0xc  Code  Gb  stm32f7xx_ll_usb.o [1]
USB_EP0StartXfer        0x08026729    0x146  Code  Gb  stm32f7xx_ll_usb.o [1]
USB_EP0_OutStart        0x08026a51     0x30  Code  Gb  stm32f7xx_ll_usb.o [1]
USB_EPClearStall        0x08026915     0x5a  Code  Gb  stm32f7xx_ll_usb.o [1]
USB_EPSetStall          0x080268c3     0x52  Code  Gb  stm32f7xx_ll_usb.o [1]
USB_EPStartXfer         0x08026501    0x228  Code  Gb  stm32f7xx_ll_usb.o [1]
USB_EnableGlobalInt     0x08026215      0xc  Code  Gb  stm32f7xx_ll_usb.o [1]
USB_FlushRxFifo         0x080263bf     0x1a  Code  Gb  stm32f7xx_ll_usb.o [1]
USB_FlushTxFifo         0x080263a1     0x1e  Code  Gb  stm32f7xx_ll_usb.o [1]
USB_GetDevSpeed         0x080263d9     0x34  Code  Gb  stm32f7xx_ll_usb.o [1]
USB_GetMode             0x08026a1b      0x8  Code  Gb  stm32f7xx_ll_usb.o [1]
USB_ReadDevAllInEpInterrupt
                        0x080269d9      0xe  Code  Gb  stm32f7xx_ll_usb.o [1]
USB_ReadDevAllOutEpInterrupt
                        0x080269cb      0xe  Code  Gb  stm32f7xx_ll_usb.o [1]
USB_ReadDevInEPInterrupt
                        0x080269fb     0x20  Code  Gb  stm32f7xx_ll_usb.o [1]
USB_ReadDevOutEPInterrupt
                        0x080269e7     0x14  Code  Gb  stm32f7xx_ll_usb.o [1]
USB_ReadInterrupts      0x080269c3      0x8  Code  Gb  stm32f7xx_ll_usb.o [1]
USB_ReadPacket          0x080268a5     0x1e  Code  Gb  stm32f7xx_ll_usb.o [1]
USB_SetCurrentMode      0x0802622d     0x2e  Code  Gb  stm32f7xx_ll_usb.o [1]
USB_SetDevAddress       0x0802696f     0x1c  Code  Gb  stm32f7xx_ll_usb.o [1]
USB_WritePacket         0x08026871     0x34  Code  Gb  stm32f7xx_ll_usb.o [1]
UsageFault_Handler      0x08026f99      0x2  Code  Gb  stm32f7xx_it.o [1]
VOL_CUR                 0x2003bdc8      0x2  Data  Lc  usbd_audio_in.o [1]
Volume                  0x200105e9      0x1  Data  Gb  audio_codec.o [1]
W3                      0x08013bcc   0x8040  Data  Gb  DSP.o [1]
W_ZP                    0x20025800      0x4  Data  Gb  DSP.o [1]
WaveRec_idxSens1        0x20010324      0x2  Data  Gb  main.o [1]
WaveRec_idxSens2        0x20010326      0x2  Data  Gb  main.o [1]
WaveRec_idxSens3        0x20010320      0x2  Data  Gb  main.o [1]
WaveRec_idxSens4        0x2001031e      0x2  Data  Gb  main.o [1]
WaveRec_idxSens5        0x20010328      0x2  Data  Gb  main.o [1]
WaveRec_idxSens6        0x2001032a      0x2  Data  Gb  main.o [1]
WaveRec_idxTest         0x20010682      0x2  Data  Gb  waverecorder.o [1]
WaveRecord_flgIni       0x2003c688      0x2  Data  Gb  waverecorder.o [1]
WaveRecord_flgInt       0x2001067c      0x1  Data  Gb  waverecorder.o [1]
WaveRecord_flgSDO7Finish
                        0x2003c07e      0x1  Data  Gb  waverecorder.o [1]
WaveRecord_flgSDO8Finish
                        0x2003c07f      0x1  Data  Gb  waverecorder.o [1]
Wave_cntClk             0x20010679      0x1  Data  Gb  waverecorder.o [1]
WriteCoef               0x08023979    0x142  Code  Gb  sta321mp.o [1]
WriteSTAByte            0x08023759     0x5a  Code  Gb  sta321mp.o [1]
__aeabi_cdcmpeq         0x0801d531           Code  Gb  DblCmpEq.o [6]
__aeabi_cdcmple         0x0801cab1           Code  Gb  DblCmpLe.o [6]
__aeabi_cdrcmple        0x0801cae1           Code  Gb  DblCmpGe.o [6]
__aeabi_d2f             0x0801c895           Code  Gb  DblToFlt.o [6]
__aeabi_d2iz            0x0801cbf9           Code  Gb  DblToI32.o [6]
__aeabi_dadd            0x0801cb11           Code  Gb  DblAdd.o [6]
__aeabi_ddiv            0x0801c059           Code  Gb  DblDiv.o [6]
__aeabi_dmul            0x0801beb5           Code  Gb  DblMul.o [6]
__aeabi_dsub            0x0801c715           Code  Gb  DblSub.o [6]
__aeabi_errno_addr      0x0801cc45      0x6  Code  Gb  errno.o [3]
__aeabi_f2d             0x08024e0d           Code  Gb  FltToDbl.o [6]
__aeabi_i2d             0x0801be85           Code  Gb  I32ToDbl.o [6]
__aeabi_ldiv0           0x0801caad           Code  Gb  I64DivZer.o [7]
__aeabi_ldivmod         0x0801bc0d           Code  Gb  I64DivMod.o [7]
__aeabi_memclr          0x080256a5           Code  Gb  ABImemclr.o [7]
__aeabi_ui2d            0x0801be99           Code  Gb  I32ToDbl.o [6]
__aeabi_uldivmod        0x0801bc51           Code  Gb  I64DivMod.o [7]
__cmain                 0x08027125           Code  Gb  cmain.o [7]
__data_GetMemChunk      0x0801f21d     0x2c  Code  Gb  xgetmemchunk.o [3]
__exit                  0x0801f249     0x14  Code  Gb  exit.o [8]
__iar_Dint              0x0801d4b7     0x7a  Code  Gb  xdint.o [6]
__iar_Errno             0x200107f8      0x4  Data  Gb  errno.o [3]
__iar_Memset_word       0x08026115           Code  Gb  ABImemset.o [7]
__iar_Quad              0x0801cc51    0x12c  Code  Gb  xquad.o [6]
__iar_Sin               0x0801c2b1    0x3b2  Code  Gb  xsin.o [6]
__iar_close_ttio        0x0801f25d     0x2e  Code  Gb  iarttio.o [8]
__iar_d2uiz             0x0801cc25           Code  Gb  DblToI32.o [6]
__iar_dadd              0x0801cb25           Code  Gb  DblAdd.o [6]
__iar_data_init3        0x080270ad     0x28  Code  Gb  data_init.o [7]
__iar_dlfree            0x0801ecfb    0x510  Code  Gb  dlmalloc.o [3]
__iar_dlib_perthread_access
                        0x0801d4b5      0x2  Code  Gb  xtls.o [3]
__iar_dlmalloc          0x0801ea45    0x2aa  Code  Gb  dlmalloc.o [3]
__iar_dsub              0x0801c729           Code  Gb  DblSub.o [6]
__iar_dsubStart         0x0801c73b           Code  Gb  DblSub.o [6]
__iar_edom              0x0801dd19           Code  Gb  iarEdom.o [7]
__iar_fmod              0x0801d551           Code  Gb  fmod.o [6]
__iar_fmodl             0x0801d551           Code  Gb  fmod.o [6]
__iar_init_vfp          0x080270d5           Code  Gb  fpinit_M.o [6]
__iar_lookup_ttioh      0x0801f28d      0x8  Code  Gb  XShttio.o [3]
__iar_lz77_init3        0x08026d3d    0x162  Code  Gb  lz77_init.o [7]
__iar_program_start     0x08027165           Code  Gb  cstartup_M.o [7]
__iar_sqrt              0x08024e6d           Code  Gb  sqrt.o [6]
__iar_ttio_handles      0x200107e8      0x8  Data  Lc  XShttio.o [3]
__iar_ui2d              0x0801be9d           Code  Gb  I32ToDbl.o [6]
__iar_unaligned___aeabi_memcpy
                        0x080256ad           Code  Gb  ABImemcpy_unaligned.o [7]
__iar_unaligned___aeabi_memcpy4
                        0x080256cd           Code  Gb  ABImemcpy_unaligned.o [7]
__iar_unaligned___aeabi_memcpy8
                        0x080256cd           Code  Gb  ABImemcpy_unaligned.o [7]
__iar_vfp___iar_Sin     0x0801c701     0x12  Code  Gb  xsin.o [6]
__iar_vfp_sqrt          0x08024e5d           Code  Gb  sqrt.o [6]
__iar_vfp_sqrtl         0x08024e5d           Code  Gb  sqrt.o [6]
__iar_zero_init3        0x0802706d     0x40  Code  Gb  zero_init3.o [7]
__low_level_init        0x0802713f      0x4  Code  Gb  low_level_init.o [3]
__vector_table          0x08000000           Data  Gb  startup_stm32f746xx.o [1]
_call_main              0x08027131           Code  Gb  cmain.o [7]
_exit                   0x08027149           Code  Gb  cexit.o [7]
_gm_                    0x2003c1a8    0x1d8  Data  Lc  dlmalloc.o [3]
_main                   0x0802713b           Code  Gb  cmain.o [7]
abort                   0x0801f215      0x6  Code  Gb  abort.o [3]
armBitRevIndexTable1024
                        0x08008ad0    0xe10  Data  Gb  arm_common_tables.o [4]
armBitRevIndexTable128  0x08008240    0x1a0  Data  Gb  arm_common_tables.o [4]
armBitRevIndexTable16   0x08008148     0x28  Data  Gb  arm_common_tables.o [4]
armBitRevIndexTable2048
                        0x080098e0   0x1dc0  Data  Gb  arm_common_tables.o [4]
armBitRevIndexTable256  0x080083e0    0x370  Data  Gb  arm_common_tables.o [4]
armBitRevIndexTable32   0x08008170     0x60  Data  Gb  arm_common_tables.o [4]
armBitRevIndexTable512  0x08008750    0x380  Data  Gb  arm_common_tables.o [4]
armBitRevIndexTable64   0x080081d0     0x70  Data  Gb  arm_common_tables.o [4]
arm_bitreversal_16      0x0801dcc3           Code  Gb  arm_bitreversal2.o [4]
arm_bitreversal_32      0x0801dc59           Code  Gb  arm_bitreversal2.o [4]
arm_cfft_f32            0x0801d331    0x184  Code  Gb  arm_cfft_f32.o [4]
arm_cfft_radix8by2_f32  0x0801cdb9    0x168  Code  Gb  arm_cfft_f32.o [4]
arm_cfft_radix8by4_f32  0x0801cf21    0x40e  Code  Gb  arm_cfft_f32.o [4]
arm_radix8_butterfly_f32
                        0x0801d6f9    0x560  Code  Gb  arm_cfft_radix8_f32.o [4]
arm_rfft_fast_f32       0x0801ca69     0x44  Code  Gb  arm_rfft_fast_f32.o [4]
arm_rfft_fast_init_f32  0x0801bd41    0x144  Code  Gb  arm_rfft_fast_init_f32.o [4]
btnSW1                  0x200107f0      0x1  Data  Gb  main.o [1]
btnSW2                  0x200107f1      0x1  Data  Gb  main.o [1]
bufCoefBiquad           0x2003c660     0x10  Data  Gb  sta321mp.o [1]
bufPCMSens7             0x2003c0a0      0x4  Data  Gb  waverecorder.o [1]
bufPCMSens8             0x2003c0a4      0x4  Data  Gb  waverecorder.o [1]
bufferFFTSum            0x20026004   0x2000  Data  Gb  DSP.o [1]
bufferSum               0x20038040   0x1814  Data  Gb  main.o [1]
buffer_switch           0x2001031b      0x1  Data  Gb  main.o [1]
cntBtnPress             0x200107f2      0x1  Data  Gb  main.o [1]
cntDeb                  0x2001077f      0x1  Data  Gb  DOA.o [1]
cntOS                   0x2003c670      0x4  Data  Gb  stm32f7xx_it.o [1]
cntOSCheckShft          0x2003c674      0x4  Data  Gb  stm32f7xx_it.o [1]
cntPos                  0x2003c084      0x2  Data  Gb  waverecorder.o [1]
cntPos7                 0x2003c086      0x2  Data  Gb  waverecorder.o [1]
cntRisingEXTI           0x2003c678      0x4  Data  Gb  main.o [1]
cntStrt                 0x2003c686      0x2  Data  Gb  waverecorder.o [1]
cntTime200              0x2001032e      0x2  Data  Gb  main.o [1]
damping                 0x20010788      0x4  Data  Gb  DOA.o [1]
dynamic_power_ratio     0x2001078c      0x4  Data  Gb  DOA.o [1]
exit                    0x08027143      0x4  Code  Gb  exit.o [3]
fbuffer                 0x2003a92c   0x1000  Data  Gb  DSP.o [1]
fir1024Coff             0x20039854   0x1000  Data  Gb  DSP.o [1]
flg10ms                 0x2001031a      0x1  Data  Gb  main.o [1]
flgContinue             0x2001077e      0x1  Data  Gb  DOA.o [1]
flgDlyUpd               0x20010318      0x1  Data  Gb  main.o [1]
flgRacing               0x20010678      0x1  Data  Gb  waverecorder.o [1]
flgShipping             0x20010319      0x1  Data  Gb  main.o [1]
fmod                    0x0801d551           Code  Gb  fmod.o [6]
fmodl                   0x0801d551           Code  Gb  fmod.o [6]
hUSBDDevice             0x20010330    0x224  Data  Gb  main.o [1]
hUSBDDeviceDesc         0x200107c8     0x14  Data  Gb  usbd_desc.o [1]
haudioInstance          0x2003bcec     0x64  Data  Lc  usbd_audio_in.o [1]
hdma_spi5_rx            0x2003c448     0x58  Data  Gb  waverecorder.o [1]
hdma_spi6_rx            0x2003c4a0     0x58  Data  Gb  waverecorder.o [1]
hi2c1                   0x200105ac     0x3c  Data  Gb  audio_codec.o [1]
hi2c2                   0x2003c60c     0x3c  Data  Gb  audio_codec.o [1]
hi2s1                   0x200105f8     0x40  Data  Gb  waverecorder.o [1]
hi2s2                   0x20010638     0x40  Data  Gb  waverecorder.o [1]
hi2s3                   0x2003c5cc     0x40  Data  Gb  waveplayer _CS43L22.o [1]
hpcd                    0x2003b92c    0x3c0  Data  Gb  usbd_conf_f4.o [1]
hspi4                   0x2003c568     0x64  Data  Gb  main.o [1]
hspi5                   0x2003bf4c     0x64  Data  Gb  waverecorder.o [1]
hspi6                   0x2003bfb0     0x64  Data  Gb  waverecorder.o [1]
huart3                  0x2003c4f8     0x70  Data  Gb  main.o [1]
idxFrmPDMMic8           0x2003c684      0x2  Data  Gb  waverecorder.o [1]
idxMic7                 0x2003c082      0x2  Data  Gb  waverecorder.o [1]
idxMic8                 0x2003c080      0x2  Data  Gb  waverecorder.o [1]
idxSPI5DataBuf3         0x2001032c      0x2  Data  Gb  main.o [1]
init_mparams            0x0801dd3f     0x32  Code  Lc  dlmalloc.o [3]
init_top                0x0801dd71     0x34  Code  Lc  dlmalloc.o [3]
main                    0x080200a1    0x38e  Code  Gb  main.o [1]
merge_rfft_f32          0x0801c9cd     0x9c  Code  Gb  arm_rfft_fast_f32.o [4]
mparams                 0x2003c648     0x18  Data  Lc  dlmalloc.o [3]
offset                  0x20010790      0x4  Data  Gb  DOA.o [1]
pDataMic7               0x2003c128     0x80  Data  Gb  waverecorder.o [1]
pDataMic8               0x2003c0a8     0x80  Data  Gb  waverecorder.o [1]
pcSTAComnd              0x200106a8     0x50  Data  Gb  sta321mp.o [1]
pcSTAComnd1             0x200106f8      0x2  Data  Gb  sta321mp.o [1]
pcSTAComnd2             0x200106fc     0x24  Data  Gb  sta321mp.o [1]
prepend_alloc           0x0801dda5    0x36c  Code  Lc  dlmalloc.o [3]
segment_holding         0x0801dd25     0x1a  Code  Lc  dlmalloc.o [3]
sqrt                    0x08024e6d           Code  Gb  sqrt.o [6]
sqrtl                   0x08024e6d           Code  Gb  sqrt.o [6]
stLR                    0x2001067a      0x1  Data  Gb  waverecorder.o [1]
stLROld                 0x2001067b      0x1  Data  Gb  waverecorder.o [1]
stMIC56                 0x20010693      0x1  Data  Gb  waverecorder.o [1]
stMIC56Old              0x200107fc      0x1  Data  Gb  waverecorder.o [1]
sta321mp_biquad         0x08023b27    0x13c  Code  Lc  sta321mp.o [1]
stage_rfft_f32          0x0801c925     0xa8  Code  Gb  arm_rfft_fast_f32.o [4]
stm32_crc               0x20010000      0x4  Data  Gb  pdm_filter.o [5]
swtBufUSBOut            0x2003c68a      0x1  Data  Gb  audio_application.o [1]
swtCase1Mic56           0x2001031c      0x1  Data  Gb  main.o [1]
swtSDO7                 0x2003c07c      0x1  Data  Gb  waverecorder.o [1]
swtSDO8                 0x2003c07d      0x1  Data  Gb  waverecorder.o [1]
sys_alloc               0x0801e111    0x386  Code  Lc  dlmalloc.o [3]
tmalloc_large           0x0801e4a5    0x390  Code  Lc  dlmalloc.o [3]
tmalloc_small           0x0801e835    0x210  Code  Lc  dlmalloc.o [3]
twiddleCoef_1024        0x08002148   0x2000  Data  Gb  arm_common_tables.o [4]
twiddleCoef_128         0x08000548    0x400  Data  Gb  arm_common_tables.o [4]
twiddleCoef_16          0x080001c8     0x80  Data  Gb  arm_common_tables.o [4]
twiddleCoef_2048        0x08004148   0x4000  Data  Gb  arm_common_tables.o [4]
twiddleCoef_256         0x08000948    0x800  Data  Gb  arm_common_tables.o [4]
twiddleCoef_32          0x08000248    0x100  Data  Gb  arm_common_tables.o [4]
twiddleCoef_512         0x08001148   0x1000  Data  Gb  arm_common_tables.o [4]
twiddleCoef_64          0x08000348    0x200  Data  Gb  arm_common_tables.o [4]
twiddleCoef_rfft_1024   0x0800c620   0x1000  Data  Gb  arm_common_tables.o [4]
twiddleCoef_rfft_128    0x0800b820    0x200  Data  Gb  arm_common_tables.o [4]
twiddleCoef_rfft_2048   0x0800d620   0x2000  Data  Gb  arm_common_tables.o [4]
twiddleCoef_rfft_256    0x0800ba20    0x400  Data  Gb  arm_common_tables.o [4]
twiddleCoef_rfft_32     0x0800b6a0     0x80  Data  Gb  arm_common_tables.o [4]
twiddleCoef_rfft_4096   0x0800f620   0x4000  Data  Gb  arm_common_tables.o [4]
twiddleCoef_rfft_512    0x0800be20    0x800  Data  Gb  arm_common_tables.o [4]
twiddleCoef_rfft_64     0x0800b720    0x100  Data  Gb  arm_common_tables.o [4]
uwTick                  0x2003c67c      0x4  Data  Lc  stm32f7xx_hal.o [1]
vRawSens1               0x20010684      0x2  Data  Gb  waverecorder.o [1]
vRawSens2               0x20010686      0x2  Data  Gb  waverecorder.o [1]
vRawSens3               0x2001068a      0x2  Data  Gb  waverecorder.o [1]
vRawSens4               0x20010688      0x2  Data  Gb  waverecorder.o [1]
vRawSens5               0x2001068c      0x2  Data  Gb  waverecorder.o [1]
vRawSens6               0x2001068e      0x2  Data  Gb  waverecorder.o [1]
vol_table               0x080257d8     0x84  Data  Gb  usbd_audio_if.o [1]
volume                  0x20010692      0x1  Data  Gb  waveplayer _CS43L22.o [1]


[1] = D:\sop1hc\Mic\Mic_Array\For_Window\Projects\STM32746G\Applications\Audio\Mic_Array\EWARM\STM32F7\Obj
[2] = command line
[3] = dl7M_tlf.a
[4] = iar_cortexM7ls_math.a
[5] = libPDMFilter_CM7F_IAR.a
[6] = m7M_tls.a
[7] = rt7M_tl.a
[8] = shb_l.a

   81 438 bytes of readonly  code memory
   79 810 bytes of readonly  data memory
  198 281 bytes of readwrite data memory

Errors: none
Warnings: none
