###############################################################################
#
# IAR ELF Linker V7.50.3.10732/W32 for ARM                15/May/2016  09:59:43
# Copyright 2007-2016 IAR Systems AB.
#
#    Output file  =  
#        D:\sop1hc\Mic\Mic_Array\Mic_Array\Projects\STM32746G\Applications\Audio\Mic_Array\EWARM\STM32F7\Exe\Project.out
#    Map file     =  
#        D:\sop1hc\Mic\Mic_Array\Mic_Array\Projects\STM32746G\Applications\Audio\Mic_Array\EWARM\STM32F7\List\Project.map
#    Command line =  
#        D:\sop1hc\Mic\Mic_Array\Mic_Array\Projects\STM32746G\Applications\Audio\Mic_Array\EWARM\STM32F7\Obj\audio_application.o
#        D:\sop1hc\Mic\Mic_Array\Mic_Array\Projects\STM32746G\Applications\Audio\Mic_Array\EWARM\STM32F7\Obj\audio_codec.o
#        D:\sop1hc\Mic\Mic_Array\Mic_Array\Projects\STM32746G\Applications\Audio\Mic_Array\EWARM\STM32F7\Obj\DSP.o
#        D:\sop1hc\Mic\Mic_Array\Mic_Array\Projects\STM32746G\Applications\Audio\Mic_Array\EWARM\STM32F7\Obj\ff.o
#        D:\sop1hc\Mic\Mic_Array\Mic_Array\Projects\STM32746G\Applications\Audio\Mic_Array\EWARM\STM32F7\Obj\ft5336.o
#        D:\sop1hc\Mic\Mic_Array\Mic_Array\Middlewares\ST\STM32_Audio\Addons\PDM\libPDMFilter_CM7_IAR.a
#        D:\sop1hc\Mic\Mic_Array\Mic_Array\Projects\STM32746G\Applications\Audio\Mic_Array\EWARM\STM32F7\Obj\main.o
#        D:\sop1hc\Mic\Mic_Array\Mic_Array\Projects\STM32746G\Applications\Audio\Mic_Array\EWARM\STM32F7\Obj\sta321mp.o
#        D:\sop1hc\Mic\Mic_Array\Mic_Array\Projects\STM32746G\Applications\Audio\Mic_Array\EWARM\STM32F7\Obj\startup_stm32f746xx.o
#        D:\sop1hc\Mic\Mic_Array\Mic_Array\Projects\STM32746G\Applications\Audio\Mic_Array\EWARM\STM32F7\Obj\stm32746g_discovery.o
#        D:\sop1hc\Mic\Mic_Array\Mic_Array\Projects\STM32746G\Applications\Audio\Mic_Array\EWARM\STM32F7\Obj\stm32746g_discovery_lcd.o
#        D:\sop1hc\Mic\Mic_Array\Mic_Array\Projects\STM32746G\Applications\Audio\Mic_Array\EWARM\STM32F7\Obj\stm32746g_discovery_sdram.o
#        D:\sop1hc\Mic\Mic_Array\Mic_Array\Projects\STM32746G\Applications\Audio\Mic_Array\EWARM\STM32F7\Obj\stm32746g_discovery_ts.o
#        D:\sop1hc\Mic\Mic_Array\Mic_Array\Projects\STM32746G\Applications\Audio\Mic_Array\EWARM\STM32F7\Obj\stm32f7xx_hal.o
#        D:\sop1hc\Mic\Mic_Array\Mic_Array\Projects\STM32746G\Applications\Audio\Mic_Array\EWARM\STM32F7\Obj\stm32f7xx_hal_cortex.o
#        D:\sop1hc\Mic\Mic_Array\Mic_Array\Projects\STM32746G\Applications\Audio\Mic_Array\EWARM\STM32F7\Obj\stm32f7xx_hal_dma.o
#        D:\sop1hc\Mic\Mic_Array\Mic_Array\Projects\STM32746G\Applications\Audio\Mic_Array\EWARM\STM32F7\Obj\stm32f7xx_hal_dma2d.o
#        D:\sop1hc\Mic\Mic_Array\Mic_Array\Projects\STM32746G\Applications\Audio\Mic_Array\EWARM\STM32F7\Obj\stm32f7xx_hal_dma_ex.o
#        D:\sop1hc\Mic\Mic_Array\Mic_Array\Projects\STM32746G\Applications\Audio\Mic_Array\EWARM\STM32F7\Obj\stm32f7xx_hal_flash.o
#        D:\sop1hc\Mic\Mic_Array\Mic_Array\Projects\STM32746G\Applications\Audio\Mic_Array\EWARM\STM32F7\Obj\stm32f7xx_hal_flash_ex.o
#        D:\sop1hc\Mic\Mic_Array\Mic_Array\Projects\STM32746G\Applications\Audio\Mic_Array\EWARM\STM32F7\Obj\stm32f7xx_hal_gpio.o
#        D:\sop1hc\Mic\Mic_Array\Mic_Array\Projects\STM32746G\Applications\Audio\Mic_Array\EWARM\STM32F7\Obj\stm32f7xx_hal_hcd.o
#        D:\sop1hc\Mic\Mic_Array\Mic_Array\Projects\STM32746G\Applications\Audio\Mic_Array\EWARM\STM32F7\Obj\stm32f7xx_hal_i2c.o
#        D:\sop1hc\Mic\Mic_Array\Mic_Array\Projects\STM32746G\Applications\Audio\Mic_Array\EWARM\STM32F7\Obj\stm32f7xx_hal_i2c_ex.o
#        D:\sop1hc\Mic\Mic_Array\Mic_Array\Projects\STM32746G\Applications\Audio\Mic_Array\EWARM\STM32F7\Obj\stm32f7xx_hal_i2s.o
#        D:\sop1hc\Mic\Mic_Array\Mic_Array\Projects\STM32746G\Applications\Audio\Mic_Array\EWARM\STM32F7\Obj\stm32f7xx_hal_ltdc.o
#        D:\sop1hc\Mic\Mic_Array\Mic_Array\Projects\STM32746G\Applications\Audio\Mic_Array\EWARM\STM32F7\Obj\stm32f7xx_hal_pcd.o
#        D:\sop1hc\Mic\Mic_Array\Mic_Array\Projects\STM32746G\Applications\Audio\Mic_Array\EWARM\STM32F7\Obj\stm32f7xx_hal_pcd_ex.o
#        D:\sop1hc\Mic\Mic_Array\Mic_Array\Projects\STM32746G\Applications\Audio\Mic_Array\EWARM\STM32F7\Obj\stm32f7xx_hal_pwr.o
#        D:\sop1hc\Mic\Mic_Array\Mic_Array\Projects\STM32746G\Applications\Audio\Mic_Array\EWARM\STM32F7\Obj\stm32f7xx_hal_pwr_ex.o
#        D:\sop1hc\Mic\Mic_Array\Mic_Array\Projects\STM32746G\Applications\Audio\Mic_Array\EWARM\STM32F7\Obj\stm32f7xx_hal_rcc.o
#        D:\sop1hc\Mic\Mic_Array\Mic_Array\Projects\STM32746G\Applications\Audio\Mic_Array\EWARM\STM32F7\Obj\stm32f7xx_hal_rcc_ex.o
#        D:\sop1hc\Mic\Mic_Array\Mic_Array\Projects\STM32746G\Applications\Audio\Mic_Array\EWARM\STM32F7\Obj\stm32f7xx_hal_sai.o
#        D:\sop1hc\Mic\Mic_Array\Mic_Array\Projects\STM32746G\Applications\Audio\Mic_Array\EWARM\STM32F7\Obj\stm32f7xx_hal_sai_ex.o
#        D:\sop1hc\Mic\Mic_Array\Mic_Array\Projects\STM32746G\Applications\Audio\Mic_Array\EWARM\STM32F7\Obj\stm32f7xx_hal_sdram.o
#        D:\sop1hc\Mic\Mic_Array\Mic_Array\Projects\STM32746G\Applications\Audio\Mic_Array\EWARM\STM32F7\Obj\stm32f7xx_hal_spi.o
#        D:\sop1hc\Mic\Mic_Array\Mic_Array\Projects\STM32746G\Applications\Audio\Mic_Array\EWARM\STM32F7\Obj\stm32f7xx_hal_sram.o
#        D:\sop1hc\Mic\Mic_Array\Mic_Array\Projects\STM32746G\Applications\Audio\Mic_Array\EWARM\STM32F7\Obj\stm32f7xx_hal_tim.o
#        D:\sop1hc\Mic\Mic_Array\Mic_Array\Projects\STM32746G\Applications\Audio\Mic_Array\EWARM\STM32F7\Obj\stm32f7xx_hal_tim_ex.o
#        D:\sop1hc\Mic\Mic_Array\Mic_Array\Projects\STM32746G\Applications\Audio\Mic_Array\EWARM\STM32F7\Obj\stm32f7xx_hal_uart.o
#        D:\sop1hc\Mic\Mic_Array\Mic_Array\Projects\STM32746G\Applications\Audio\Mic_Array\EWARM\STM32F7\Obj\stm32f7xx_it.o
#        D:\sop1hc\Mic\Mic_Array\Mic_Array\Projects\STM32746G\Applications\Audio\Mic_Array\EWARM\STM32F7\Obj\stm32f7xx_ll_fmc.o
#        D:\sop1hc\Mic\Mic_Array\Mic_Array\Projects\STM32746G\Applications\Audio\Mic_Array\EWARM\STM32F7\Obj\stm32f7xx_ll_usb.o
#        D:\sop1hc\Mic\Mic_Array\Mic_Array\Projects\STM32746G\Applications\Audio\Mic_Array\EWARM\STM32F7\Obj\system_stm32f7xx.o
#        D:\sop1hc\Mic\Mic_Array\Mic_Array\Projects\STM32746G\Applications\Audio\Mic_Array\EWARM\STM32F7\Obj\usbd_audio_if.o
#        D:\sop1hc\Mic\Mic_Array\Mic_Array\Projects\STM32746G\Applications\Audio\Mic_Array\EWARM\STM32F7\Obj\usbd_audio_in.o
#        D:\sop1hc\Mic\Mic_Array\Mic_Array\Projects\STM32746G\Applications\Audio\Mic_Array\EWARM\STM32F7\Obj\usbd_conf_f4.o
#        D:\sop1hc\Mic\Mic_Array\Mic_Array\Projects\STM32746G\Applications\Audio\Mic_Array\EWARM\STM32F7\Obj\usbd_core.o
#        D:\sop1hc\Mic\Mic_Array\Mic_Array\Projects\STM32746G\Applications\Audio\Mic_Array\EWARM\STM32F7\Obj\usbd_ctlreq.o
#        D:\sop1hc\Mic\Mic_Array\Mic_Array\Projects\STM32746G\Applications\Audio\Mic_Array\EWARM\STM32F7\Obj\usbd_desc.o
#        D:\sop1hc\Mic\Mic_Array\Mic_Array\Projects\STM32746G\Applications\Audio\Mic_Array\EWARM\STM32F7\Obj\usbd_ioreq.o
#        D:\sop1hc\Mic\Mic_Array\Mic_Array\Projects\STM32746G\Applications\Audio\Mic_Array\EWARM\STM32F7\Obj\usbh_conf.o
#        D:\sop1hc\Mic\Mic_Array\Mic_Array\Projects\STM32746G\Applications\Audio\Mic_Array\EWARM\STM32F7\Obj\usbh_core.o
#        D:\sop1hc\Mic\Mic_Array\Mic_Array\Projects\STM32746G\Applications\Audio\Mic_Array\EWARM\STM32F7\Obj\usbh_ctlreq.o
#        D:\sop1hc\Mic\Mic_Array\Mic_Array\Projects\STM32746G\Applications\Audio\Mic_Array\EWARM\STM32F7\Obj\usbh_diskio.o
#        D:\sop1hc\Mic\Mic_Array\Mic_Array\Projects\STM32746G\Applications\Audio\Mic_Array\EWARM\STM32F7\Obj\usbh_ioreq.o
#        D:\sop1hc\Mic\Mic_Array\Mic_Array\Projects\STM32746G\Applications\Audio\Mic_Array\EWARM\STM32F7\Obj\usbh_msc.o
#        D:\sop1hc\Mic\Mic_Array\Mic_Array\Projects\STM32746G\Applications\Audio\Mic_Array\EWARM\STM32F7\Obj\usbh_msc_bot.o
#        D:\sop1hc\Mic\Mic_Array\Mic_Array\Projects\STM32746G\Applications\Audio\Mic_Array\EWARM\STM32F7\Obj\usbh_msc_scsi.o
#        D:\sop1hc\Mic\Mic_Array\Mic_Array\Projects\STM32746G\Applications\Audio\Mic_Array\EWARM\STM32F7\Obj\usbh_pipes.o
#        "D:\sop1hc\Mic\Mic_Array\Mic_Array\Projects\STM32746G\Applications\Audio\Mic_Array\EWARM\STM32F7\Obj\waveplayer
#        _CS43L22.o"
#        D:\sop1hc\Mic\Mic_Array\Mic_Array\Projects\STM32746G\Applications\Audio\Mic_Array\EWARM\STM32F7\Obj\waverecorder.o
#        --redirect _Printf=_PrintfSmall --redirect _Scanf=_ScanfSmall -o
#        D:\sop1hc\Mic\Mic_Array\Mic_Array\Projects\STM32746G\Applications\Audio\Mic_Array\EWARM\STM32F7\Exe\Project.out
#        --map
#        D:\sop1hc\Mic\Mic_Array\Mic_Array\Projects\STM32746G\Applications\Audio\Mic_Array\EWARM\STM32F7\List\Project.map
#        --config
#        D:\sop1hc\Mic\Mic_Array\Mic_Array\Projects\STM32746G\Applications\Audio\Mic_Array\EWARM\Project.icf
#        --semihosting --entry __iar_program_start --no_exceptions "C:\Program
#        Files (x86)\IAR Systems\Embedded Workbench
#        7.3\arm\CMSIS\Lib\IAR\iar_cortexM7ls_math.a" --vfe
#
###############################################################################

*******************************************************************************
*** RUNTIME MODEL ATTRIBUTES
***

CppFlavor                     = *
__Heap_Handler                = DLMalloc
__SystemLibrary               = DLib
__dlib_dynamic_initialization = normal


*******************************************************************************
*** PLACEMENT SUMMARY
***

"A1":  place at 0x08000000 { ro section .intvec };
"P1":  place in [from 0x00000000 to 0x00000000] |
                [from 0x08000000 to 0x080fffff] { ro };
"P3":  place in [from 0x20000000 to 0x2000ffff] |
                [from 0x20010000 to 0x2004ffff] { rw, block CSTACK, block HEAP };

  Section             Kind        Address     Size  Object
  -------             ----        -------     ----  ------
"A1":                                        0x1c8
  .intvec             ro code  0x08000000    0x1c8  startup_stm32f746xx.o [1]
                             - 0x080001c8    0x1c8

"P1":                                      0x1f2cf
  .rodata             const    0x080001c8  0x13458  arm_common_tables.o [4]
  .text               ro code  0x08013620   0x14f0  dlmalloc.o [3]
  .text               ro code  0x08014b10      0x6  abort.o [3]
  .text               ro code  0x08014b18     0x2c  xgetmemchunk.o [3]
  .text               ro code  0x08014b44     0x14  exit.o [8]
  .text               ro code  0x08014b58     0x30  iarttio.o [8]
  .text               ro code  0x08014b88      0x8  XShttio.o [3]
  .text               ro code  0x08014b90    0xf48  waverecorder.o [1]
  .text               ro code  0x08015ad8    0x6f8  main.o [1]
  .text               ro code  0x080161d0    0x22c  stm32f7xx_hal_gpio.o [1]
  .text               ro code  0x080163fc    0x550  pdm_filter.o [5]
  .text               ro code  0x0801694c    0x110  stm32f7xx_hal_i2s.o [1]
  .text               ro code  0x08016a5c    0x7d4  stm32f7xx_hal_spi.o [1]
  .text               ro code  0x08017230     0xd0  stm32f7xx_hal_cortex.o [1]
  .text               ro code  0x08017300    0x314  stm32f7xx_hal_dma.o [1]
  .text               ro code  0x08017614     0x80  stm32f7xx_hal.o [1]
  .text               ro code  0x08017694    0x664  stm32f7xx_hal_rcc_ex.o [1]
  .text               ro code  0x08017cf8     0xcc  stm32746g_discovery.o [1]
  .text               ro code  0x08017dc4    0x144  arm_rfft_fast_init_f32.o [4]
  .text               ro code  0x08017f08    0x84c  usbd_audio_in.o [1]
  .text               ro code  0x08018754    0x2a6  usbd_core.o [1]
  .text               ro code  0x080189fc     0x64  waveplayer _CS43L22.o [1]
  .text               ro code  0x08018a60    0xaa0  sta321mp.o [1]
  .text               ro code  0x08019500    0x8e4  DSP.o [1]
  .text               ro code  0x08019de4    0x228  audio_application.o [1]
  .text               ro code  0x0801a00c    0x5d8  stm32f7xx_hal_rcc.o [1]
  .text               ro code  0x0801a5e4     0x78  stm32f7xx_hal_pwr_ex.o [1]
  .text               ro code  0x0801a65c    0xa18  stm32f7xx_hal_i2c.o [1]
  .text               ro code  0x0801b074    0xa10  audio_codec.o [1]
  .text               ro code  0x0801ba84     0x1c  FltCmpEq.o [6]
  .text               ro code  0x0801baa0      0xe  U32ToFlt.o [6]
  .text               ro code  0x0801bab0     0x24  FltCmpLe.o [6]
  .text               ro code  0x0801bad4     0x12  FltMul.o [6]
  .text               ro code  0x0801bae8     0x4e  FltToDbl.o [6]
  .text               ro code  0x0801bb38     0x30  I32ToDbl.o [6]
  .text               ro code  0x0801bb68    0x256  DblDiv.o [6]
  .text               ro code  0x0801bdc0     0xe8  DblAdd.o [6]
  .text               ro code  0x0801bea8     0x4c  DblToI32.o [6]
  .text               ro code  0x0801bef4    0x1a2  DblMul.o [6]
  .text               ro code  0x0801c098     0x90  DblToFlt.o [6]
  .text               ro code  0x0801c128    0x462  xsin.o [6]
  .text               ro code  0x0801c58c    0x180  DblSub.o [6]
  .text               ro code  0x0801c70c     0xf0  sqrt.o [6]
  .text               ro code  0x0801c7fc    0x242  usbd_conf_f4.o [1]
  .text               ro code  0x0801ca3e     0x9c  usbd_ioreq.o [1]
  .text               ro code  0x0801cadc    0x454  usbd_ctlreq.o [1]
  .text               ro code  0x0801cf30      0x6  ABImemclr.o [7]
  .text               ro code  0x0801cf38     0x76  ABImemcpy_unaligned.o [7]
  .text               ro code  0x0801cfb0    0x132  I64DivMod.o [7]
  .text               ro code  0x0801d0e4     0xe0  usbd_audio_if.o [1]
  .text               ro code  0x0801d1c4     0x76  stm32f7xx_hal_i2c_ex.o [1]
  .text               ro code  0x0801d23c     0x2e  DblCmpLe.o [6]
  .text               ro code  0x0801d26c     0x2e  DblCmpGe.o [6]
  .text               ro code  0x0801d29c      0xc  errno.o [3]
  .text               ro code  0x0801d2a8    0x168  xquad.o [6]
  .text               ro code  0x0801d410      0xc  iarEdom.o [7]
  .text               ro code  0x0801d41c    0x842  stm32f7xx_hal_pcd.o [1]
  .text               ro code  0x0801dc60     0x72  stm32f7xx_hal_pcd_ex.o [1]
  .text               ro code  0x0801dcd4     0x5e  ABImemset.o [7]
  .text               ro code  0x0801dd34      0x2  I64DivZer.o [7]
  .text               ro code  0x0801dd36      0x2  xtls.o [3]
  .text               ro code  0x0801dd38     0x7a  xdint.o [6]
  .text               ro code  0x0801ddb4     0x20  DblCmpEq.o [6]
  .text               ro code  0x0801ddd4    0x1a8  fmod.o [6]
  .text               ro code  0x0801df7c    0x928  stm32f7xx_ll_usb.o [1]
  .text               ro code  0x0801e8a4    0x23e  stm32f7xx_hal_uart.o [1]
  .text               ro code  0x0801eae2    0x1c4  lz77_init.o [7]
  .text               ro code  0x0801eca8     0xf0  usbd_desc.o [1]
  .text               ro code  0x0801ed98     0xc0  arm_bitreversal2.o [4]
  .text               ro code  0x0801ee58     0x68  stm32f7xx_it.o [1]
  .text               ro code  0x0801eec0     0x4c  system_stm32f7xx.o [1]
  .text               ro code  0x0801ef0c     0x40  zero_init3.o [7]
  .text               ro code  0x0801ef4c     0x28  data_init.o [7]
  .text               ro code  0x0801ef74     0x22  fpinit_M.o [6]
  .iar.init_table     const    0x0801ef98     0x2c  - Linker created -
  .text               ro code  0x0801efc4     0x1a  cmain.o [7]
  .text               ro code  0x0801efde      0x4  low_level_init.o [3]
  .text               ro code  0x0801efe2      0x4  exit.o [3]
  .text               ro code  0x0801efe8      0xa  cexit.o [7]
  .text               ro code  0x0801eff4     0x10  startup_stm32f746xx.o [1]
  .text               ro code  0x0801f004      0xc  cstartup_M.o [7]
  .text               ro code  0x0801f010      0x4  startup_stm32f746xx.o [1]
  .text               ro code  0x0801f014      0x4  startup_stm32f746xx.o [1]
  .text               ro code  0x0801f018      0x4  startup_stm32f746xx.o [1]
  .text               ro code  0x0801f01c      0x4  startup_stm32f746xx.o [1]
  .text               ro code  0x0801f020      0x4  startup_stm32f746xx.o [1]
  .text               ro code  0x0801f024      0x4  startup_stm32f746xx.o [1]
  .text               ro code  0x0801f028      0x4  startup_stm32f746xx.o [1]
  .text               ro code  0x0801f02c      0x4  startup_stm32f746xx.o [1]
  .text               ro code  0x0801f030      0x4  startup_stm32f746xx.o [1]
  .text               ro code  0x0801f034      0x4  startup_stm32f746xx.o [1]
  .text               ro code  0x0801f038      0x4  startup_stm32f746xx.o [1]
  .text               ro code  0x0801f03c      0x4  startup_stm32f746xx.o [1]
  .text               ro code  0x0801f040      0x4  startup_stm32f746xx.o [1]
  .text               ro code  0x0801f044      0x4  startup_stm32f746xx.o [1]
  .text               ro code  0x0801f048      0x4  startup_stm32f746xx.o [1]
  .text               ro code  0x0801f04c      0x4  startup_stm32f746xx.o [1]
  .text               ro code  0x0801f050      0x4  startup_stm32f746xx.o [1]
  .text               ro code  0x0801f054      0x4  startup_stm32f746xx.o [1]
  .text               ro code  0x0801f058      0x4  startup_stm32f746xx.o [1]
  .text               ro code  0x0801f05c      0x4  startup_stm32f746xx.o [1]
  .text               ro code  0x0801f060      0x4  startup_stm32f746xx.o [1]
  .text               ro code  0x0801f064      0x4  startup_stm32f746xx.o [1]
  .text               ro code  0x0801f068      0x4  startup_stm32f746xx.o [1]
  .text               ro code  0x0801f06c      0x4  startup_stm32f746xx.o [1]
  .text               ro code  0x0801f070      0x4  startup_stm32f746xx.o [1]
  .text               ro code  0x0801f074      0x4  startup_stm32f746xx.o [1]
  .text               ro code  0x0801f078      0x4  startup_stm32f746xx.o [1]
  .text               ro code  0x0801f07c      0x4  startup_stm32f746xx.o [1]
  .text               ro code  0x0801f080      0x4  startup_stm32f746xx.o [1]
  .text               ro code  0x0801f084      0x4  startup_stm32f746xx.o [1]
  .text               ro code  0x0801f088      0x4  startup_stm32f746xx.o [1]
  .text               ro code  0x0801f08c      0x4  startup_stm32f746xx.o [1]
  .text               ro code  0x0801f090      0x4  startup_stm32f746xx.o [1]
  .text               ro code  0x0801f094      0x4  startup_stm32f746xx.o [1]
  .text               ro code  0x0801f098      0x4  startup_stm32f746xx.o [1]
  .text               ro code  0x0801f09c      0x4  startup_stm32f746xx.o [1]
  .text               ro code  0x0801f0a0      0x4  startup_stm32f746xx.o [1]
  .text               ro code  0x0801f0a4      0x4  startup_stm32f746xx.o [1]
  .text               ro code  0x0801f0a8      0x4  startup_stm32f746xx.o [1]
  .text               ro code  0x0801f0ac      0x4  startup_stm32f746xx.o [1]
  .text               ro code  0x0801f0b0      0x4  startup_stm32f746xx.o [1]
  .text               ro code  0x0801f0b4      0x4  startup_stm32f746xx.o [1]
  .text               ro code  0x0801f0b8      0x4  startup_stm32f746xx.o [1]
  .text               ro code  0x0801f0bc      0x4  startup_stm32f746xx.o [1]
  .text               ro code  0x0801f0c0      0x4  startup_stm32f746xx.o [1]
  .text               ro code  0x0801f0c4      0x4  startup_stm32f746xx.o [1]
  .text               ro code  0x0801f0c8      0x4  startup_stm32f746xx.o [1]
  .text               ro code  0x0801f0cc      0x4  startup_stm32f746xx.o [1]
  .text               ro code  0x0801f0d0      0x4  startup_stm32f746xx.o [1]
  .text               ro code  0x0801f0d4      0x4  startup_stm32f746xx.o [1]
  .text               ro code  0x0801f0d8      0x4  startup_stm32f746xx.o [1]
  .text               ro code  0x0801f0dc      0x4  startup_stm32f746xx.o [1]
  .text               ro code  0x0801f0e0      0x4  startup_stm32f746xx.o [1]
  .text               ro code  0x0801f0e4      0x4  startup_stm32f746xx.o [1]
  .text               ro code  0x0801f0e8      0x4  startup_stm32f746xx.o [1]
  .text               ro code  0x0801f0ec      0x4  startup_stm32f746xx.o [1]
  .text               ro code  0x0801f0f0      0x4  startup_stm32f746xx.o [1]
  .text               ro code  0x0801f0f4      0x4  startup_stm32f746xx.o [1]
  .text               ro code  0x0801f0f8      0x4  startup_stm32f746xx.o [1]
  .text               ro code  0x0801f0fc      0x4  startup_stm32f746xx.o [1]
  .text               ro code  0x0801f100      0x4  startup_stm32f746xx.o [1]
  .text               ro code  0x0801f104      0x4  startup_stm32f746xx.o [1]
  .text               ro code  0x0801f108      0x4  startup_stm32f746xx.o [1]
  .text               ro code  0x0801f10c      0x4  startup_stm32f746xx.o [1]
  .text               ro code  0x0801f110      0x4  startup_stm32f746xx.o [1]
  .text               ro code  0x0801f114      0x4  startup_stm32f746xx.o [1]
  .text               ro code  0x0801f118      0x4  startup_stm32f746xx.o [1]
  .text               ro code  0x0801f11c      0x4  startup_stm32f746xx.o [1]
  .text               ro code  0x0801f120      0x4  startup_stm32f746xx.o [1]
  .text               ro code  0x0801f124      0x4  startup_stm32f746xx.o [1]
  .text               ro code  0x0801f128      0x4  startup_stm32f746xx.o [1]
  .text               ro code  0x0801f12c      0x4  startup_stm32f746xx.o [1]
  .text               ro code  0x0801f130      0x4  startup_stm32f746xx.o [1]
  .text               ro code  0x0801f134      0x4  startup_stm32f746xx.o [1]
  .text               ro code  0x0801f138      0x4  startup_stm32f746xx.o [1]
  .text               ro code  0x0801f13c      0x4  startup_stm32f746xx.o [1]
  .text               ro code  0x0801f140      0x4  startup_stm32f746xx.o [1]
  .rodata             const    0x0801f144      0x0  zero_init3.o [7]
  .rodata             const    0x0801f144      0x0  lz77_init.o [7]
  Initializer bytes   const    0x0801f144    0x353  <for P3 s0>
                             - 0x0801f497  0x1f2cf

"P3", part 1 of 3:                          0x1785
  P3 s0                        0x20010000   0x1785  <Init block>
    .data             inited   0x20010000   0x1280  main.o [1]
    .data             inited   0x20011280    0x304  pdm_filter.o [5]
    .data             inited   0x20011584     0xa4  audio_codec.o [1]
    .data             inited   0x20011628     0x9c  sta321mp.o [1]
    .data             inited   0x200116c4     0x38  usbd_audio_in.o [1]
    .data             inited   0x200116fc     0x24  usbd_audio_if.o [1]
    .data             inited   0x20011720     0x1c  usbd_desc.o [1]
    .data             inited   0x2001173c     0x14  system_stm32f7xx.o [1]
    .data             inited   0x20011750     0x14  usbd_desc.o [1]
    .data             inited   0x20011764      0xc  usbd_audio_in.o [1]
    .data             inited   0x20011770      0x8  XShttio.o [3]
    .data             inited   0x20011778      0x4  main.o [1]
    .data             inited   0x2001177c      0x4  usbd_desc.o [1]
    __DLIB_PERTHREAD  inited   0x20011780      0x4  errno.o [3]
    .data             inited   0x20011784      0x1  waveplayer _CS43L22.o [1]
                             - 0x20011785   0x1785

"P3", part 2 of 3:                         0x1fde4
  .bss                zero     0x20011788  0x14000  waverecorder.o [1]
  .bss                zero     0x20025788   0x4000  audio_application.o [1]
  .bss                zero     0x20029788   0x4000  audio_application.o [1]
  .bss                zero     0x2002d788   0x3014  main.o [1]
  .bss                zero     0x2003079c    0x3c0  usbd_conf_f4.o [1]
  .bss                zero     0x20030b5c    0x260  usbd_audio_in.o [1]
  .bss                zero     0x20030dbc    0x244  waverecorder.o [1]
  .bss                zero     0x20031000    0x1d8  dlmalloc.o [3]
  .bss                zero     0x200311d8     0xc8  usbd_desc.o [1]
  .bss                zero     0x200312a0     0xb0  waverecorder.o [1]
  .bss                zero     0x20031350     0x98  waverecorder.o [1]
  .bss                zero     0x200313e8     0x70  main.o [1]
  .bss                zero     0x20031458     0x64  main.o [1]
  .bss                zero     0x200314bc     0x40  waveplayer _CS43L22.o [1]
  .bss                zero     0x200314fc     0x3c  audio_codec.o [1]
  .bss                zero     0x20031538     0x18  dlmalloc.o [3]
  .bss                zero     0x20031550      0x4  DSP.o [1]
  .bss                zero     0x20031554      0x4  stm32f7xx_hal.o [1]
  .bss                zero     0x20031558      0x4  stm32f7xx_it.o [1]
  .bss                zero     0x2003155c      0x4  xgetmemchunk.o [3]
  .bss                zero     0x20031560      0x2  main.o [1]
  .bss                zero     0x20031562      0x2  waverecorder.o [1]
  .bss                zero     0x20031564      0x2  waverecorder.o [1]
  .bss                zero     0x20031566      0x1  audio_application.o [1]
  .bss                zero     0x20031567      0x1  usbd_ctlreq.o [1]
  .bss                zero     0x20031568      0x1  waverecorder.o [1]
                             - 0x20031569  0x1fde1

"P3", part 3 of 3:                          0x4000
  CSTACK                       0x20031570   0x2000  <Block>
    CSTACK            uninit   0x20031570   0x2000  <Block tail>
  HEAP                         0x20033570   0x2000  <Block>
    HEAP              uninit   0x20033570   0x2000  <Block tail>
                             - 0x20035570   0x4000


*******************************************************************************
*** INIT TABLE
***

          Address     Size
          -------     ----
Zero (__iar_zero_init3)
    1 destination range, total size 0x1fde1:
          0x20011788  0x1fde1

Copy/lz77 (__iar_lz77_init3)
    1 source range, total size 0x353 (14% of destination):
          0x0801f144    0x353
    1 destination range, total size 0x1785:
          0x20010000   0x1785



*******************************************************************************
*** MODULE SUMMARY
***

    Module                    ro code  ro data  rw data
    ------                    -------  -------  -------
D:\sop1hc\Mic\Mic_Array\Mic_Array\Projects\STM32746G\Applications\Audio\Mic_Array\EWARM\STM32F7\Obj: [1]
    DSP.o                       2 276                 4
    audio_application.o           552            32 769
    audio_codec.o               2 576       23      224
    main.o                      1 784      669   17 262
    sta321mp.o                  2 720       22      156
    startup_stm32f746xx.o         780
    stm32746g_discovery.o         204
    stm32f7xx_hal.o               128                 4
    stm32f7xx_hal_cortex.o        208
    stm32f7xx_hal_dma.o           788
    stm32f7xx_hal_gpio.o          556
    stm32f7xx_hal_i2c.o         2 584
    stm32f7xx_hal_i2c_ex.o        118
    stm32f7xx_hal_i2s.o           272
    stm32f7xx_hal_pcd.o         2 114
    stm32f7xx_hal_pcd_ex.o        114
    stm32f7xx_hal_pwr_ex.o        120
    stm32f7xx_hal_rcc.o         1 496
    stm32f7xx_hal_rcc_ex.o      1 636
    stm32f7xx_hal_spi.o         2 004
    stm32f7xx_hal_uart.o          574
    stm32f7xx_it.o                104                 4
    stm32f7xx_ll_usb.o          2 344
    system_stm32f7xx.o             76        3       20
    usbd_audio_if.o               224        5       36
    usbd_audio_in.o             2 124       10      676
    usbd_conf_f4.o                578               960
    usbd_core.o                   678
    usbd_ctlreq.o               1 108                 1
    usbd_desc.o                   240        8      252
    usbd_ioreq.o                  156
    waveplayer _CS43L22.o         100        1       65
    waverecorder.o              3 912            82 833
    ---------------------------------------------------
    Total:                     35 248      741  135 266

command line: [2]
    ---------------------------------------------------
    Total:

dl7M_tlf.a: [3]
    XShttio.o                       8        1        8
    abort.o                         6
    dlmalloc.o                  5 360               496
    errno.o                        12                 4
    exit.o                          4
    low_level_init.o                4
    xgetmemchunk.o                 44                 4
    xtls.o                          2
    ---------------------------------------------------
    Total:                      5 440        1      512

iar_cortexM7ls_math.a: [4]
    arm_bitreversal2.o            192
    arm_common_tables.o                 78 936
    arm_rfft_fast_init_f32.o      324
    ---------------------------------------------------
    Total:                        516   78 936

libPDMFilter_CM7_IAR.a: [5]
    pdm_filter.o                1 360      109      772
    ---------------------------------------------------
    Total:                      1 360      109      772

m7M_tls.a: [6]
    DblAdd.o                      232
    DblCmpEq.o                     32
    DblCmpGe.o                     46
    DblCmpLe.o                     46
    DblDiv.o                      598
    DblMul.o                      418
    DblSub.o                      384
    DblToFlt.o                    144
    DblToI32.o                     76
    FltCmpEq.o                     28
    FltCmpLe.o                     36
    FltMul.o                       18
    FltToDbl.o                     78
    I32ToDbl.o                     48
    U32ToFlt.o                     14
    fmod.o                        424
    fpinit_M.o                     34
    sqrt.o                        240
    xdint.o                       122
    xquad.o                       360
    xsin.o                      1 122
    ---------------------------------------------------
    Total:                      4 500

rt7M_tl.a: [7]
    ABImemclr.o                     6
    ABImemcpy_unaligned.o         118
    ABImemset.o                    94
    I64DivMod.o                   306
    I64DivZer.o                     2
    cexit.o                        10
    cmain.o                        26
    cstartup_M.o                   12
    data_init.o                    40
    iarEdom.o                      12
    lz77_init.o                   452
    zero_init3.o                   64
    ---------------------------------------------------
    Total:                      1 142

shb_l.a: [8]
    exit.o                         20
    iarttio.o                      48
    ---------------------------------------------------
    Total:                         68

    Gaps                           44        2
    Linker created                          44   16 384
-------------------------------------------------------
    Grand Total:               48 318   79 833  152 934


*******************************************************************************
*** ENTRY LIST
***

Entry                      Address    Size  Type      Object
-----                      -------    ----  ----      ------
.iar.init_table$$Base   0x0801ef98           --   Gb  - Linker created -
.iar.init_table$$Limit  0x0801efc4           --   Gb  - Linker created -
?main                   0x0801efc5          Code  Gb  cmain.o [7]
AHBPrescTable           0x20011740    0x10  Data  Gb  system_stm32f7xx.o [1]
APBAHBPrescTable        0x0801a5d4    0x10  Data  Gb  stm32f7xx_hal_rcc.o [1]
AUDIO_Desc              0x20011720    0x1c  Data  Gb  usbd_desc.o [1]
AUDIO_Init              0x0801b075    0x2c  Code  Gb  audio_codec.o [1]
AUDIO_InitApplication   0x08018a55     0xc  Code  Gb  waveplayer _CS43L22.o [1]
AudioPlayerUpd          0x08019e15   0x1dc  Code  Gb  audio_application.o [1]
AudioRemSize            0x20011620     0x4  Data  Gb  audio_codec.o [1]
AudioTotalSize          0x2001161c     0x4  Data  Gb  audio_codec.o [1]
AudioUSBSend            0x08019de5    0x2e  Code  Gb  audio_application.o [1]
Audio_CommandMgr        0x0801d12f     0x4  Code  Lc  usbd_audio_if.o [1]
Audio_DeInit            0x0801d0e9     0x4  Code  Lc  usbd_audio_if.o [1]
Audio_Init              0x0801d0e5     0x4  Code  Lc  usbd_audio_if.o [1]
Audio_MAL_Play          0x0801b6e9    0x54  Code  Gb  audio_codec.o [1]
Audio_MuteCtl           0x0801d11f     0x4  Code  Lc  usbd_audio_if.o [1]
Audio_Pause             0x0801d127     0x4  Code  Lc  usbd_audio_if.o [1]
Audio_Record            0x0801d0ed     0x4  Code  Lc  usbd_audio_if.o [1]
Audio_Resume            0x0801d12b     0x4  Code  Lc  usbd_audio_if.o [1]
Audio_Stop              0x0801d123     0x4  Code  Lc  usbd_audio_if.o [1]
Audio_VolumeCtl         0x0801d0f1    0x2e  Code  Lc  usbd_audio_if.o [1]
BSP_LED_Init            0x08017cf9    0x8c  Code  Gb  stm32746g_discovery.o [1]
BSP_LED_Toggle          0x08017d85    0x2e  Code  Gb  stm32746g_discovery.o [1]
Buffer1                 0x20011788  0x4000  Data  Gb  waverecorder.o [1]
Buffer2                 0x20015788  0x4000  Data  Gb  waverecorder.o [1]
Buffer3                 0x20019788  0x4000  Data  Gb  waverecorder.o [1]
BusFault_Handler        0x0801ee5f     0x2  Code  Gb  stm32f7xx_it.o [1]
ButtonInit              0x0801600b    0x4c  Code  Gb  main.o [1]
CSTACK$$Base            0x20031570           --   Gb  - Linker created -
CSTACK$$Limit           0x20033570           --   Gb  - Linker created -
Codec_Init              0x0801b281   0x468  Code  Lc  audio_codec.o [1]
Codec_TIMEOUT_UserCallback
                        0x080189fd     0x4  Code  Gb  waveplayer _CS43L22.o [1]
Command_index           0x2001177b     0x1  Data  Gb  main.o [1]
CurrentPos              0x20011624     0x4  Data  Gb  audio_codec.o [1]
DMA1_Stream0_IRQHandler
                        0x0801b275     0x2  Code  Gb  audio_codec.o [1]
DMA1_Stream7_IRQHandler
                        0x0801b0a1   0x1d4  Code  Gb  audio_codec.o [1]
DMA2_Stream4_IRQHandler
                        0x0801eebd     0x2  Code  Gb  stm32f7xx_it.o [1]
DMA2_Stream5_IRQHandler
                        0x080158dd     0x6  Code  Gb  waverecorder.o [1]
DMA2_Stream6_IRQHandler
                        0x080158e3     0x6  Code  Gb  waverecorder.o [1]
DMA2_Stream7_IRQHandler
                        0x0801eebf     0x2  Code  Gb  stm32f7xx_it.o [1]
DebugMon_Handler        0x0801ee65     0x2  Code  Gb  stm32f7xx_it.o [1]
DmaHandle               0x20011584    0x58  Data  Gb  audio_codec.o [1]
EXTI15_10_IRQHandler    0x08015f3f     0x2  Code  Gb  main.o [1]
EXTI4_IRQHandler        0x08015f15    0x2a  Code  Gb  main.o [1]
EXTI9_5_IRQHandler      0x08015f41    0x4e  Code  Gb  main.o [1]
EnergyError             0x20031550     0x4  Data  Gb  DSP.o [1]
EnergyNoiseCalc         0x080195ad    0x30  Code  Gb  DSP.o [1]
FacMic                  0x20010014    0x18  Data  Gb  main.o [1]
FactorUpd               0x08019595    0x16  Code  Gb  DSP.o [1]
Filter                  0x20030e84    0x68  Data  Gb  waverecorder.o [1]
GPIO_INS                0x20010000    0x14  Data  Gb  main.o [1]
GPIO_PIN                0x08017dbc     0x8  Data  Gb  stm32746g_discovery.o [1]
GPIO_STA                0x20011638    0x14  Data  Gb  sta321mp.o [1]
HAL_DMA_DeInit          0x0801738f    0x6e  Code  Gb  stm32f7xx_hal_dma.o [1]
HAL_DMA_IRQHandler      0x08017469   0x198  Code  Gb  stm32f7xx_hal_dma.o [1]
HAL_DMA_Init            0x08017301    0x8e  Code  Gb  stm32f7xx_hal_dma.o [1]
HAL_DMA_Start_IT        0x080173fd    0x6c  Code  Gb  stm32f7xx_hal_dma.o [1]
HAL_Delay               0x08017671    0x1c  Code  Wk  stm32f7xx_hal.o [1]
HAL_GPIO_Init           0x080161d1   0x1d8  Code  Gb  stm32f7xx_hal_gpio.o [1]
HAL_GPIO_ReadPin        0x080163a9     0xe  Code  Gb  stm32f7xx_hal_gpio.o [1]
HAL_GPIO_TogglePin      0x080163bf     0x8  Code  Gb  stm32f7xx_hal_gpio.o [1]
HAL_GPIO_WritePin       0x080163b7     0x8  Code  Gb  stm32f7xx_hal_gpio.o [1]
HAL_GetTick             0x08017669     0x6  Code  Wk  stm32f7xx_hal.o [1]
HAL_I2CEx_ConfigAnalogFilter
                        0x0801d1c5    0x76  Code  Gb  stm32f7xx_hal_i2c_ex.o [1]
HAL_I2C_EV_IRQHandler   0x0801aabd    0xfe  Code  Gb  stm32f7xx_hal_i2c.o [1]
HAL_I2C_ErrorCallback   0x0801abc7     0x2  Code  Wk  stm32f7xx_hal_i2c.o [1]
HAL_I2C_GetError        0x0801abc9     0x4  Code  Gb  stm32f7xx_hal_i2c.o [1]
HAL_I2C_Init            0x0801a65d    0xa2  Code  Gb  stm32f7xx_hal_i2c.o [1]
HAL_I2C_MasterRxCpltCallback
                        0x0801abbd     0x2  Code  Wk  stm32f7xx_hal_i2c.o [1]
HAL_I2C_MasterTxCpltCallback
                        0x0801abbb     0x2  Code  Wk  stm32f7xx_hal_i2c.o [1]
HAL_I2C_Master_Receive  0x0801a8d5   0x1dc  Code  Gb  stm32f7xx_hal_i2c.o [1]
HAL_I2C_Master_Transmit
                        0x0801a701   0x1d2  Code  Gb  stm32f7xx_hal_i2c.o [1]
HAL_I2C_MemRxCpltCallback
                        0x0801abc5     0x2  Code  Wk  stm32f7xx_hal_i2c.o [1]
HAL_I2C_MemTxCpltCallback
                        0x0801abc3     0x2  Code  Wk  stm32f7xx_hal_i2c.o [1]
HAL_I2C_MspInit         0x08015e4d    0xc8  Code  Gb  main.o [1]
HAL_I2C_SlaveRxCpltCallback
                        0x0801abc1     0x2  Code  Wk  stm32f7xx_hal_i2c.o [1]
HAL_I2C_SlaveTxCpltCallback
                        0x0801abbf     0x2  Code  Wk  stm32f7xx_hal_i2c.o [1]
HAL_I2S_Init            0x0801694d    0xfc  Code  Gb  stm32f7xx_hal_i2s.o [1]
HAL_I2S_MspInit         0x0801b74d   0x28c  Code  Gb  audio_codec.o [1]
HAL_I2S_TxCpltCallback  0x08016083     0x2  Code  Gb  main.o [1]
HAL_IncTick             0x0801765f     0xa  Code  Wk  stm32f7xx_hal.o [1]
HAL_Init                0x08017615    0x24  Code  Gb  stm32f7xx_hal.o [1]
HAL_InitTick            0x0801763b    0x24  Code  Wk  stm32f7xx_hal.o [1]
HAL_MspInit             0x08017639     0x2  Code  Wk  stm32f7xx_hal.o [1]
HAL_NVIC_DisableIRQ     0x080172af    0x12  Code  Gb  stm32f7xx_hal_cortex.o [1]
HAL_NVIC_EnableIRQ      0x0801729d    0x12  Code  Gb  stm32f7xx_hal_cortex.o [1]
HAL_NVIC_SetPriority    0x0801724b    0x52  Code  Gb  stm32f7xx_hal_cortex.o [1]
HAL_NVIC_SetPriorityGrouping
                        0x08017231    0x1a  Code  Gb  stm32f7xx_hal_cortex.o [1]
HAL_PCDEx_ActivateLPM   0x0801dcab    0x26  Code  Gb  stm32f7xx_hal_pcd_ex.o [1]
HAL_PCDEx_LPM_Callback  0x0801dcd1     0x2  Code  Wk  stm32f7xx_hal_pcd_ex.o [1]
HAL_PCDEx_SetRxFiFo     0x0801dca3     0x8  Code  Gb  stm32f7xx_hal_pcd_ex.o [1]
HAL_PCDEx_SetTxFiFo     0x0801dc61    0x42  Code  Gb  stm32f7xx_hal_pcd_ex.o [1]
HAL_PCD_ConnectCallback
                        0x0801c8fb     0x8  Code  Gb  usbd_conf_f4.o [1]
HAL_PCD_DataInStageCallback
                        0x0801c8a1    0x12  Code  Gb  usbd_conf_f4.o [1]
HAL_PCD_DataOutStageCallback
                        0x0801c88d    0x14  Code  Gb  usbd_conf_f4.o [1]
HAL_PCD_DisconnectCallback
                        0x0801c903     0x8  Code  Gb  usbd_conf_f4.o [1]
HAL_PCD_EP_Close        0x0801d9c7    0x46  Code  Gb  stm32f7xx_hal_pcd.o [1]
HAL_PCD_EP_ClrStall     0x0801db33    0x54  Code  Gb  stm32f7xx_hal_pcd.o [1]
HAL_PCD_EP_Flush        0x0801db87    0x38  Code  Gb  stm32f7xx_hal_pcd.o [1]
HAL_PCD_EP_Open         0x0801d969    0x5e  Code  Gb  stm32f7xx_hal_pcd.o [1]
HAL_PCD_EP_Receive      0x0801da0d    0x60  Code  Gb  stm32f7xx_hal_pcd.o [1]
HAL_PCD_EP_SetStall     0x0801dacd    0x66  Code  Gb  stm32f7xx_hal_pcd.o [1]
HAL_PCD_EP_Transmit     0x0801da6d    0x60  Code  Gb  stm32f7xx_hal_pcd.o [1]
HAL_PCD_IRQHandler      0x0801d505   0x440  Code  Gb  stm32f7xx_hal_pcd.o [1]
HAL_PCD_ISOINIncompleteCallback
                        0x0801c8f3     0x8  Code  Gb  usbd_conf_f4.o [1]
HAL_PCD_ISOOUTIncompleteCallback
                        0x0801c8eb     0x8  Code  Gb  usbd_conf_f4.o [1]
HAL_PCD_Init            0x0801d41d    0xbe  Code  Gb  stm32f7xx_hal_pcd.o [1]
HAL_PCD_MspInit         0x0801c7fd    0x84  Code  Gb  usbd_conf_f4.o [1]
HAL_PCD_ResetCallback   0x0801c8bb    0x20  Code  Gb  usbd_conf_f4.o [1]
HAL_PCD_ResumeCallback  0x0801c8e3     0x8  Code  Gb  usbd_conf_f4.o [1]
HAL_PCD_SOFCallback     0x0801c8b3     0x8  Code  Gb  usbd_conf_f4.o [1]
HAL_PCD_SetAddress      0x0801d945    0x24  Code  Gb  stm32f7xx_hal_pcd.o [1]
HAL_PCD_SetupStageCallback
                        0x0801c881     0xc  Code  Gb  usbd_conf_f4.o [1]
HAL_PCD_Start           0x0801d4db    0x2a  Code  Gb  stm32f7xx_hal_pcd.o [1]
HAL_PCD_SuspendCallback
                        0x0801c8db     0x8  Code  Gb  usbd_conf_f4.o [1]
HAL_PWREx_EnableOverDrive
                        0x0801a5e5    0x70  Code  Gb  stm32f7xx_hal_pwr_ex.o [1]
HAL_RCCEx_GetPeriphCLKConfig
                        0x08017b99   0x14c  Code  Gb  stm32f7xx_hal_rcc_ex.o [1]
HAL_RCCEx_PeriphCLKConfig
                        0x08017695   0x504  Code  Gb  stm32f7xx_hal_rcc_ex.o [1]
HAL_RCC_ClockConfig     0x0801a373   0x1e0  Code  Gb  stm32f7xx_hal_rcc.o [1]
HAL_RCC_GetHCLKFreq     0x0801a597    0x22  Code  Gb  stm32f7xx_hal_rcc.o [1]
HAL_RCC_GetSysClockFreq
                        0x0801a553    0x44  Code  Gb  stm32f7xx_hal_rcc.o [1]
HAL_RCC_OscConfig       0x0801a00d   0x366  Code  Gb  stm32f7xx_hal_rcc.o [1]
HAL_SPI_ErrorCallback   0x08016db1     0x2  Code  Wk  stm32f7xx_hal_spi.o [1]
HAL_SPI_Init            0x08016a5d    0xba  Code  Gb  stm32f7xx_hal_spi.o [1]
HAL_SPI_MspInit         0x0801542d   0x49c  Code  Gb  waverecorder.o [1]
HAL_SPI_Receive_DMA     0x08016b17   0x108  Code  Gb  stm32f7xx_hal_spi.o [1]
HAL_SPI_RxCpltCallback  0x08015915    0x2a  Code  Gb  waverecorder.o [1]
HAL_SPI_RxHalfCpltCallback
                        0x080158e9    0x2c  Code  Gb  waverecorder.o [1]
HAL_SPI_TransmitReceive_DMA
                        0x08016c1f   0x18e  Code  Gb  stm32f7xx_hal_spi.o [1]
HAL_SPI_TxRxCpltCallback
                        0x08016dad     0x2  Code  Wk  stm32f7xx_hal_spi.o [1]
HAL_SPI_TxRxHalfCpltCallback
                        0x08016daf     0x2  Code  Wk  stm32f7xx_hal_spi.o [1]
HAL_SYSTICK_Config      0x080172c1    0x22  Code  Gb  stm32f7xx_hal_cortex.o [1]
HAL_UART_ErrorCallback  0x0801ea4d     0x2  Code  Wk  stm32f7xx_hal_uart.o [1]
HAL_UART_IRQHandler     0x0801e8a5   0x1a4  Code  Gb  stm32f7xx_hal_uart.o [1]
HAL_UART_RxCpltCallback
                        0x0801ea4b     0x2  Code  Wk  stm32f7xx_hal_uart.o [1]
HAL_UART_TxCpltCallback
                        0x0801ea49     0x2  Code  Wk  stm32f7xx_hal_uart.o [1]
HEAP$$Base              0x20033570           --   Gb  - Linker created -
HEAP$$Limit             0x20035570           --   Gb  - Linker created -
HardFault_Handler       0x0801ee5b     0x2  Code  Gb  stm32f7xx_it.o [1]
I2C1_EV_IRQHandler      0x0801ee91     0x6  Code  Gb  stm32f7xx_it.o [1]
I2C2_EV_IRQHandler      0x0801ee97     0x6  Code  Gb  stm32f7xx_it.o [1]
I2C_IsAcknowledgeFailed
                        0x0801aff9    0x76  Code  Lc  stm32f7xx_hal_i2c.o [1]
I2C_MasterReceive_ISR   0x0801ad2d   0x154  Code  Lc  stm32f7xx_hal_i2c.o [1]
I2C_MasterTransmit_ISR  0x0801abcd   0x160  Code  Lc  stm32f7xx_hal_i2c.o [1]
I2C_SlaveReceive_ISR    0x0801af41    0xac  Code  Lc  stm32f7xx_hal_i2c.o [1]
I2C_SlaveTransmit_ISR   0x0801ae81    0xc0  Code  Lc  stm32f7xx_hal_i2c.o [1]
I2S1_Enable             0x080152b1    0x18  Code  Gb  waverecorder.o [1]
I2S2_Enable             0x080152c9    0x18  Code  Gb  waverecorder.o [1]
I2S2_idxTmp             0x20010034     0x2  Data  Gb  main.o [1]
I2S2_stLR               0x200313d3     0x1  Data  Gb  waverecorder.o [1]
I2S2_stLROld            0x200313d4     0x1  Data  Gb  waverecorder.o [1]
I2S3_Init               0x08018a01    0x46  Code  Gb  waveplayer _CS43L22.o [1]
InStream_Read           0x0801eae3    0x22  Code  Lc  lz77_init.o [7]
IsocInBuffDummy         0x20030c3c   0x180  Data  Lc  usbd_audio_in.o [1]
MIC1TO8_Init            0x0801521d    0x5c  Code  Gb  waverecorder.o [1]
MX_I2C1_Init            0x0801b9db    0x36  Code  Gb  audio_codec.o [1]
MX_I2C2_Init            0x08016057    0x2c  Code  Gb  main.o [1]
MemManage_Handler       0x0801ee5d     0x2  Code  Gb  stm32f7xx_it.o [1]
NMI_Handler             0x0801ee59     0x2  Code  Gb  stm32f7xx_it.o [1]
NoiseBG                 0x080195e4   0x800  Data  Gb  DSP.o [1]
OTG_FS_IRQHandler       0x0801ee9d     0x6  Code  Gb  stm32f7xx_it.o [1]
OutStream_Write         0x0801eb05    0x40  Code  Lc  lz77_init.o [7]
OutputDev               0x20011618     0x1  Data  Gb  audio_codec.o [1]
PCD_WriteEmptyTxFifo    0x0801dbbf    0xa0  Code  Lc  stm32f7xx_hal_pcd.o [1]
PCM_Buffer1             0x20025788  0x4000  Data  Gb  audio_application.o [1]
PCM_Buffer2             0x20029788  0x4000  Data  Gb  audio_application.o [1]
PDM2PCMSDO78            0x0801594d   0x126  Code  Gb  waverecorder.o [1]
PDM_Filter_64_LSB       0x080165fd   0x31e  Code  Gb  pdm_filter.o [5]
PDM_Filter_Init         0x080163fd   0x1fe  Code  Gb  pdm_filter.o [5]
PendSV_Handler          0x0801ee67     0x2  Code  Gb  stm32f7xx_it.o [1]
Region$$Table$$Base     0x0801ef98           --   Gb  - Linker created -
Region$$Table$$Limit    0x0801efc4           --   Gb  - Linker created -
S                       0x20011268    0x18  Data  Gb  main.o [1]
SPI1_IRQHandler         0x08014b91   0x1e2  Code  Gb  waverecorder.o [1]
SPI2_IRQHandler         0x08014d73   0x1c4  Code  Gb  waverecorder.o [1]
SPI3_IRQHandler         0x0801b277     0xa  Code  Gb  audio_codec.o [1]
SPI4_Enable             0x0801531f    0x18  Code  Gb  waverecorder.o [1]
SPI4_IRQHandler         0x08014f37   0x1e8  Code  Gb  waverecorder.o [1]
SPI4_Init               0x080152e1    0x3e  Code  Gb  waverecorder.o [1]
SPI4_stNipple           0x200313e6     0x2  Data  Gb  waverecorder.o [1]
SPI4_stPosShft          0x200313d2     0x1  Data  Gb  waverecorder.o [1]
SPI5_IRQHandler         0x0801511f    0x82  Code  Gb  waverecorder.o [1]
SPI5_Init               0x08015339    0x8a  Code  Gb  waverecorder.o [1]
SPI6_IRQHandler         0x080151a1    0x7c  Code  Gb  waverecorder.o [1]
SPI6_Init               0x080153c3    0x4c  Code  Gb  waverecorder.o [1]
SPI_DMAError            0x08017209    0x26  Code  Lc  stm32f7xx_hal_spi.o [1]
SPI_DMAHalfReceiveCplt  0x080171e9     0xe  Code  Lc  stm32f7xx_hal_spi.o [1]
SPI_DMAHalfTransmitReceiveCplt
                        0x080171f9     0xe  Code  Lc  stm32f7xx_hal_spi.o [1]
SPI_DMAReceiveCplt      0x08016db5   0x220  Code  Lc  stm32f7xx_hal_spi.o [1]
SPI_DMATransmitReceiveCplt
                        0x08016fd5   0x214  Code  Lc  stm32f7xx_hal_spi.o [1]
STA321MP_Ini            0x08018a61   0x54e  Code  Gb  sta321mp.o [1]
STACoefSet              0x0801900d   0x2e0  Code  Gb  sta321mp.o [1]
SVC_Handler             0x0801ee63     0x2  Code  Gb  stm32f7xx_it.o [1]
Send_Audio_to_USB       0x0801d133     0xa  Code  Gb  usbd_audio_if.o [1]
StartPlay               0x08016085    0x3e  Code  Gb  main.o [1]
StartRecMic7_8          0x08015279    0x38  Code  Gb  waverecorder.o [1]
SubFrameFinished        0x080160c3    0x94  Code  Gb  main.o [1]
SumDelay                0x08015f91    0x7a  Code  Gb  main.o [1]
SysTick_Handler         0x0801ee69    0x20  Code  Gb  stm32f7xx_it.o [1]
SystemClock_Config      0x08015dad    0xa0  Code  Lc  main.o [1]
SystemCoreClock         0x2001173c     0x4  Data  Gb  system_stm32f7xx.o [1]
SystemInit              0x0801eec1    0x3c  Code  Gb  system_stm32f7xx.o [1]
T0                      0x20011284   0x100  Data  Gb  pdm_filter.o [5]
T1                      0x20011384   0x100  Data  Gb  pdm_filter.o [5]
T2                      0x20011484   0x100  Data  Gb  pdm_filter.o [5]
TestSDO7                0x2001d788  0x4000  Data  Gb  waverecorder.o [1]
TestSDO8                0x20021788  0x4000  Data  Gb  waverecorder.o [1]
UART_Receive_IT         0x0801ea4f    0x94  Code  Lc  stm32f7xx_hal_uart.o [1]
USART3_IRQHandler       0x0801ee8b     0x6  Code  Gb  stm32f7xx_it.o [1]
USART6_IRQHandler       0x0801ee89     0x2  Code  Gb  stm32f7xx_it.o [1]
USBD_AUDIO              0x200116c4    0x38  Data  Gb  usbd_audio_in.o [1]
USBD_AUDIO_CfgDesc      0x20030bc0    0x78  Data  Lc  usbd_audio_in.o [1]
USBD_AUDIO_ConfigStrDescriptor
                        0x0801ecfd    0x14  Code  Gb  usbd_desc.o [1]
USBD_AUDIO_DataIn       0x0801808f    0xc6  Code  Lc  usbd_audio_in.o [1]
USBD_AUDIO_DataOut      0x0801819d     0x4  Code  Lc  usbd_audio_in.o [1]
USBD_AUDIO_Data_Transfer
                        0x080181ab    0xe0  Code  Gb  usbd_audio_in.o [1]
USBD_AUDIO_DeInit       0x08017f71    0x26  Code  Lc  usbd_audio_in.o [1]
USBD_AUDIO_DeviceDescriptor
                        0x0801eca9     0x8  Code  Gb  usbd_desc.o [1]
USBD_AUDIO_DeviceQualifierDesc
                        0x20011764     0xc  Data  Lc  usbd_audio_in.o [1]
USBD_AUDIO_EP0_RxReady  0x08018155    0x38  Code  Lc  usbd_audio_in.o [1]
USBD_AUDIO_EP0_TxReady  0x0801818d     0x4  Code  Lc  usbd_audio_in.o [1]
USBD_AUDIO_GetCfgDesc   0x08018085     0xa  Code  Lc  usbd_audio_in.o [1]
USBD_AUDIO_GetDeviceQualifierDesc
                        0x080181a1     0xa  Code  Lc  usbd_audio_in.o [1]
USBD_AUDIO_Init         0x08017f09    0x68  Code  Lc  usbd_audio_in.o [1]
USBD_AUDIO_Init_Microphone_Descriptor
                        0x08018295   0x4a8  Code  Gb  usbd_audio_in.o [1]
USBD_AUDIO_InterfaceStrDescriptor
                        0x0801ed11    0x14  Code  Gb  usbd_desc.o [1]
USBD_AUDIO_IsoINIncomplete
                        0x08018195     0x4  Code  Lc  usbd_audio_in.o [1]
USBD_AUDIO_IsoOutIncomplete
                        0x08018199     0x4  Code  Lc  usbd_audio_in.o [1]
USBD_AUDIO_LangIDStrDescriptor
                        0x0801ecb1     0x8  Code  Gb  usbd_desc.o [1]
USBD_AUDIO_ManufacturerStrDescriptor
                        0x0801eccd    0x14  Code  Gb  usbd_desc.o [1]
USBD_AUDIO_ProductStrDescriptor
                        0x0801ecb9    0x14  Code  Gb  usbd_desc.o [1]
USBD_AUDIO_RegisterInterface
                        0x0801828b     0xa  Code  Gb  usbd_audio_in.o [1]
USBD_AUDIO_SOF          0x08018191     0x4  Code  Lc  usbd_audio_in.o [1]
USBD_AUDIO_SerialStrDescriptor
                        0x0801ece1    0x1c  Code  Gb  usbd_desc.o [1]
USBD_AUDIO_Setup        0x08017f97    0xee  Code  Lc  usbd_audio_in.o [1]
USBD_AUDIO_fops         0x200116fc    0x24  Data  Gb  usbd_audio_if.o [1]
USBD_ClrClassConfig     0x080187b9    0x12  Code  Gb  usbd_core.o [1]
USBD_CtlContinueRx      0x0801ca93    0x14  Code  Gb  usbd_ioreq.o [1]
USBD_CtlContinueSendData
                        0x0801ca5d    0x14  Code  Gb  usbd_ioreq.o [1]
USBD_CtlError           0x0801cecd    0x16  Code  Gb  usbd_ctlreq.o [1]
USBD_CtlPrepareRx       0x0801ca71    0x22  Code  Gb  usbd_ioreq.o [1]
USBD_CtlReceiveStatus   0x0801cac1    0x1a  Code  Gb  usbd_ioreq.o [1]
USBD_CtlSendData        0x0801ca3f    0x1e  Code  Gb  usbd_ioreq.o [1]
USBD_CtlSendStatus      0x0801caa7    0x1a  Code  Gb  usbd_ioreq.o [1]
USBD_GetDescriptor      0x0801cd95   0x110  Code  Lc  usbd_ctlreq.o [1]
USBD_GetString          0x0801cee5    0x4c  Code  Gb  usbd_ctlreq.o [1]
USBD_Init               0x08018755    0x30  Code  Gb  usbd_core.o [1]
USBD_LL_ClearStallEP    0x0801c9d9    0x12  Code  Gb  usbd_conf_f4.o [1]
USBD_LL_CloseEP         0x0801c9a3    0x12  Code  Gb  usbd_conf_f4.o [1]
USBD_LL_DataInStage     0x0801889d    0xb2  Code  Gb  usbd_core.o [1]
USBD_LL_DataOutStage    0x0801882f    0x6e  Code  Gb  usbd_core.o [1]
USBD_LL_DevConnected    0x080189db     0x4  Code  Gb  usbd_core.o [1]
USBD_LL_DevDisconnected
                        0x080189df    0x1c  Code  Gb  usbd_core.o [1]
USBD_LL_FlushEP         0x0801c9b5    0x12  Code  Gb  usbd_conf_f4.o [1]
USBD_LL_Init            0x0801c90b    0x60  Code  Gb  usbd_conf_f4.o [1]
USBD_LL_IsStallEP       0x0801c9eb    0x1e  Code  Gb  usbd_conf_f4.o [1]
USBD_LL_IsoINIncomplete
                        0x080189d3     0x4  Code  Gb  usbd_core.o [1]
USBD_LL_IsoOUTIncomplete
                        0x080189d7     0x4  Code  Gb  usbd_core.o [1]
USBD_LL_OpenEP          0x0801c98f    0x14  Code  Gb  usbd_conf_f4.o [1]
USBD_LL_PrepareReceive  0x0801ca2d    0x12  Code  Gb  usbd_conf_f4.o [1]
USBD_LL_Reset           0x0801894f    0x42  Code  Gb  usbd_core.o [1]
USBD_LL_Resume          0x080189a9     0xc  Code  Gb  usbd_core.o [1]
USBD_LL_SOF             0x080189b5    0x1e  Code  Gb  usbd_core.o [1]
USBD_LL_SetSpeed        0x08018991     0x6  Code  Gb  usbd_core.o [1]
USBD_LL_SetUSBAddress   0x0801ca09    0x12  Code  Gb  usbd_conf_f4.o [1]
USBD_LL_SetupStage      0x080187cb    0x64  Code  Gb  usbd_core.o [1]
USBD_LL_StallEP         0x0801c9c7    0x12  Code  Gb  usbd_conf_f4.o [1]
USBD_LL_Start           0x0801c97d    0x12  Code  Gb  usbd_conf_f4.o [1]
USBD_LL_Suspend         0x08018997    0x12  Code  Gb  usbd_core.o [1]
USBD_LL_Transmit        0x0801ca1b    0x12  Code  Gb  usbd_conf_f4.o [1]
USBD_LangIDDesc         0x2001177c     0x4  Data  Gb  usbd_desc.o [1]
USBD_ParseSetupRequest  0x0801cea5    0x28  Code  Gb  usbd_ctlreq.o [1]
USBD_RegisterClass      0x08018785    0x10  Code  Gb  usbd_core.o [1]
USBD_SetClassConfig     0x080187a3    0x16  Code  Gb  usbd_core.o [1]
USBD_Start              0x08018795     0xe  Code  Gb  usbd_core.o [1]
USBD_StdDevReq          0x0801cadd   0x15e  Code  Gb  usbd_ctlreq.o [1]
USBD_StdEPReq           0x0801cc89   0x10c  Code  Gb  usbd_ctlreq.o [1]
USBD_StdItfReq          0x0801cc41    0x46  Code  Gb  usbd_ctlreq.o [1]
USBD_StrDesc            0x200311d8    0xc8  Data  Gb  usbd_desc.o [1]
USB_ActivateEndpoint    0x0801e215    0x8c  Code  Gb  stm32f7xx_ll_usb.o [1]
USB_ActivateSetup       0x0801e82b    0x2e  Code  Gb  stm32f7xx_ll_usb.o [1]
USB_CoreInit            0x0801df7d    0xa0  Code  Gb  stm32f7xx_ll_usb.o [1]
USB_DeactivateEndpoint  0x0801e2a1    0x68  Code  Gb  stm32f7xx_ll_usb.o [1]
USB_DevConnect          0x0801e793    0x1c  Code  Gb  stm32f7xx_ll_usb.o [1]
USB_DevDisconnect       0x0801e7af    0x1c  Code  Gb  stm32f7xx_ll_usb.o [1]
USB_DevInit             0x0801e065   0x144  Code  Gb  stm32f7xx_ll_usb.o [1]
USB_DisableGlobalInt    0x0801e029     0xc  Code  Gb  stm32f7xx_ll_usb.o [1]
USB_EP0StartXfer        0x0801e531   0x146  Code  Gb  stm32f7xx_ll_usb.o [1]
USB_EP0_OutStart        0x0801e859    0x30  Code  Gb  stm32f7xx_ll_usb.o [1]
USB_EPClearStall        0x0801e71d    0x5a  Code  Gb  stm32f7xx_ll_usb.o [1]
USB_EPSetStall          0x0801e6cb    0x52  Code  Gb  stm32f7xx_ll_usb.o [1]
USB_EPStartXfer         0x0801e309   0x228  Code  Gb  stm32f7xx_ll_usb.o [1]
USB_EnableGlobalInt     0x0801e01d     0xc  Code  Gb  stm32f7xx_ll_usb.o [1]
USB_FlushRxFifo         0x0801e1c7    0x1a  Code  Gb  stm32f7xx_ll_usb.o [1]
USB_FlushTxFifo         0x0801e1a9    0x1e  Code  Gb  stm32f7xx_ll_usb.o [1]
USB_GetDevSpeed         0x0801e1e1    0x34  Code  Gb  stm32f7xx_ll_usb.o [1]
USB_GetMode             0x0801e823     0x8  Code  Gb  stm32f7xx_ll_usb.o [1]
USB_ReadDevAllInEpInterrupt
                        0x0801e7e1     0xe  Code  Gb  stm32f7xx_ll_usb.o [1]
USB_ReadDevAllOutEpInterrupt
                        0x0801e7d3     0xe  Code  Gb  stm32f7xx_ll_usb.o [1]
USB_ReadDevInEPInterrupt
                        0x0801e803    0x20  Code  Gb  stm32f7xx_ll_usb.o [1]
USB_ReadDevOutEPInterrupt
                        0x0801e7ef    0x14  Code  Gb  stm32f7xx_ll_usb.o [1]
USB_ReadInterrupts      0x0801e7cb     0x8  Code  Gb  stm32f7xx_ll_usb.o [1]
USB_ReadPacket          0x0801e6ad    0x1e  Code  Gb  stm32f7xx_ll_usb.o [1]
USB_SetCurrentMode      0x0801e035    0x2e  Code  Gb  stm32f7xx_ll_usb.o [1]
USB_SetDevAddress       0x0801e777    0x1c  Code  Gb  stm32f7xx_ll_usb.o [1]
USB_WritePacket         0x0801e679    0x34  Code  Gb  stm32f7xx_ll_usb.o [1]
UsageFault_Handler      0x0801ee61     0x2  Code  Gb  stm32f7xx_it.o [1]
VOL_CUR                 0x20030c38     0x2  Data  Lc  usbd_audio_in.o [1]
Volume                  0x20011619     0x1  Data  Gb  audio_codec.o [1]
WaveRec_idxSens1        0x20010036     0x2  Data  Gb  main.o [1]
WaveRec_idxSens2        0x20010038     0x2  Data  Gb  main.o [1]
WaveRec_idxSens3        0x20010032     0x2  Data  Gb  main.o [1]
WaveRec_idxSens4        0x20010030     0x2  Data  Gb  main.o [1]
WaveRec_idxSens5        0x2001003a     0x2  Data  Gb  main.o [1]
WaveRec_idxSens6        0x2001003c     0x2  Data  Gb  main.o [1]
WaveRec_idxTest         0x200313d8     0x2  Data  Gb  waverecorder.o [1]
WaveRecord_flgIni       0x20031568     0x1  Data  Gb  waverecorder.o [1]
WaveRecord_flgInt       0x200313d1     0x1  Data  Gb  waverecorder.o [1]
WaveRecord_flgSDO7Finish
                        0x20030eee     0x1  Data  Gb  waverecorder.o [1]
WaveRecord_flgSDO8Finish
                        0x20030eef     0x1  Data  Gb  waverecorder.o [1]
Window                  0x08019501    0x72  Code  Gb  DSP.o [1]
WriteCoef               0x080192ed   0x1fe  Code  Gb  sta321mp.o [1]
WriteSTAByte            0x08018fb1    0x5a  Code  Gb  sta321mp.o [1]
__aeabi_cdcmpeq         0x0801ddb5          Code  Gb  DblCmpEq.o [6]
__aeabi_cdcmple         0x0801d23d          Code  Gb  DblCmpLe.o [6]
__aeabi_cdrcmple        0x0801d26d          Code  Gb  DblCmpGe.o [6]
__aeabi_cfcmpeq         0x0801ba85          Code  Gb  FltCmpEq.o [6]
__aeabi_cfcmple         0x0801bab1          Code  Gb  FltCmpLe.o [6]
__aeabi_d2f             0x0801c099          Code  Gb  DblToFlt.o [6]
__aeabi_d2iz            0x0801bea9          Code  Gb  DblToI32.o [6]
__aeabi_dadd            0x0801bdc1          Code  Gb  DblAdd.o [6]
__aeabi_ddiv            0x0801bb69          Code  Gb  DblDiv.o [6]
__aeabi_dmul            0x0801bef5          Code  Gb  DblMul.o [6]
__aeabi_dsub            0x0801c58d          Code  Gb  DblSub.o [6]
__aeabi_errno_addr      0x0801d29d     0x6  Code  Gb  errno.o [3]
__aeabi_f2d             0x0801bae9          Code  Gb  FltToDbl.o [6]
__aeabi_fmul            0x0801bad5    0x12  Code  Gb  FltMul.o [6]
__aeabi_i2d             0x0801bb39          Code  Gb  I32ToDbl.o [6]
__aeabi_ldiv0           0x0801dd35          Code  Gb  I64DivZer.o [7]
__aeabi_ldivmod         0x0801cfb1          Code  Gb  I64DivMod.o [7]
__aeabi_memclr          0x0801cf31          Code  Gb  ABImemclr.o [7]
__aeabi_ui2d            0x0801bb4d          Code  Gb  I32ToDbl.o [6]
__aeabi_ui2f            0x0801baa1     0xe  Code  Gb  U32ToFlt.o [6]
__aeabi_uldivmod        0x0801cff5          Code  Gb  I64DivMod.o [7]
__cmain                 0x0801efc5          Code  Gb  cmain.o [7]
__data_GetMemChunk      0x08014b19    0x2c  Code  Gb  xgetmemchunk.o [3]
__exit                  0x08014b45    0x14  Code  Gb  exit.o [8]
__iar_Dint              0x0801dd39    0x7a  Code  Gb  xdint.o [6]
__iar_Errno             0x20011780     0x4  Data  Gb  errno.o [3]
__iar_Memset_word       0x0801dcd5          Code  Gb  ABImemset.o [7]
__iar_Quad              0x0801d2a9   0x12c  Code  Gb  xquad.o [6]
__iar_Sin               0x0801c129   0x3b2  Code  Gb  xsin.o [6]
__iar_close_ttio        0x08014b59    0x2e  Code  Gb  iarttio.o [8]
__iar_d2uiz             0x0801bed5          Code  Gb  DblToI32.o [6]
__iar_dadd              0x0801bdd5          Code  Gb  DblAdd.o [6]
__iar_data_init3        0x0801ef4d    0x28  Code  Gb  data_init.o [7]
__iar_dlfree            0x080145f7   0x510  Code  Gb  dlmalloc.o [3]
__iar_dlib_perthread_access
                        0x0801dd37     0x2  Code  Gb  xtls.o [3]
__iar_dlmalloc          0x08014341   0x2aa  Code  Gb  dlmalloc.o [3]
__iar_dsub              0x0801c5a1          Code  Gb  DblSub.o [6]
__iar_dsubStart         0x0801c5b3          Code  Gb  DblSub.o [6]
__iar_edom              0x0801d411          Code  Gb  iarEdom.o [7]
__iar_fmod              0x0801ddd5          Code  Gb  fmod.o [6]
__iar_fmodl             0x0801ddd5          Code  Gb  fmod.o [6]
__iar_init_vfp          0x0801ef75          Code  Gb  fpinit_M.o [6]
__iar_lookup_ttioh      0x08014b89     0x8  Code  Gb  XShttio.o [3]
__iar_lz77_init3        0x0801eb45   0x162  Code  Gb  lz77_init.o [7]
__iar_program_start     0x0801f005          Code  Gb  cstartup_M.o [7]
__iar_sqrt              0x0801c70d          Code  Gb  sqrt.o [6]
__iar_ttio_handles      0x20011770     0x8  Data  Lc  XShttio.o [3]
__iar_ui2d              0x0801bb51          Code  Gb  I32ToDbl.o [6]
__iar_unaligned___aeabi_memcpy
                        0x0801cf39          Code  Gb  ABImemcpy_unaligned.o [7]
__iar_unaligned___aeabi_memcpy4
                        0x0801cf59          Code  Gb  ABImemcpy_unaligned.o [7]
__iar_unaligned___aeabi_memcpy8
                        0x0801cf59          Code  Gb  ABImemcpy_unaligned.o [7]
__iar_vfp___iar_Sin     0x0801c579    0x12  Code  Gb  xsin.o [6]
__iar_zero_init3        0x0801ef0d    0x40  Code  Gb  zero_init3.o [7]
__low_level_init        0x0801efdf     0x4  Code  Gb  low_level_init.o [3]
__vector_table          0x08000000          Data  Gb  startup_stm32f746xx.o [1]
_call_main              0x0801efd1          Code  Gb  cmain.o [7]
_exit                   0x0801efe9          Code  Gb  cexit.o [7]
_gm_                    0x20031000   0x1d8  Data  Lc  dlmalloc.o [3]
_main                   0x0801efdb          Code  Gb  cmain.o [7]
abort                   0x08014b11     0x6  Code  Gb  abort.o [3]
armBitRevIndexTable1024
                        0x08008ad0   0xe10  Data  Gb  arm_common_tables.o [4]
armBitRevIndexTable128  0x08008240   0x1a0  Data  Gb  arm_common_tables.o [4]
armBitRevIndexTable16   0x08008148    0x28  Data  Gb  arm_common_tables.o [4]
armBitRevIndexTable2048
                        0x080098e0  0x1dc0  Data  Gb  arm_common_tables.o [4]
armBitRevIndexTable256  0x080083e0   0x370  Data  Gb  arm_common_tables.o [4]
armBitRevIndexTable32   0x08008170    0x60  Data  Gb  arm_common_tables.o [4]
armBitRevIndexTable512  0x08008750   0x380  Data  Gb  arm_common_tables.o [4]
armBitRevIndexTable64   0x080081d0    0x70  Data  Gb  arm_common_tables.o [4]
arm_bitreversal_16      0x0801ee03          Code  Gb  arm_bitreversal2.o [4]
arm_bitreversal_32      0x0801ed99          Code  Gb  arm_bitreversal2.o [4]
arm_rfft_fast_init_f32  0x08017dc5   0x144  Code  Gb  arm_rfft_fast_init_f32.o [4]
btnSW1                  0x20011778     0x1  Data  Gb  main.o [1]
btnSW2                  0x20011779     0x1  Data  Gb  main.o [1]
bufCoefBiquad           0x20011628    0x10  Data  Gb  sta321mp.o [1]
bufPCMSens7             0x20030ef8     0x4  Data  Gb  waverecorder.o [1]
bufPCMSens8             0x20030efc     0x4  Data  Gb  waverecorder.o [1]
bufferSum               0x2002d788  0x3014  Data  Gb  main.o [1]
buffer_switch           0x2001002f     0x1  Data  Gb  main.o [1]
cntBtnPress             0x2001177a     0x1  Data  Gb  main.o [1]
cntOS                   0x20031558     0x4  Data  Gb  stm32f7xx_it.o [1]
cntPos                  0x20030ef4     0x2  Data  Gb  waverecorder.o [1]
cntPos7                 0x20030ef6     0x2  Data  Gb  waverecorder.o [1]
cntRisingEXTI           0x20031560     0x2  Data  Gb  main.o [1]
cntStrt                 0x20031564     0x2  Data  Gb  waverecorder.o [1]
cntTime200              0x20010040     0x2  Data  Gb  main.o [1]
exit                    0x0801efe3     0x4  Code  Gb  exit.o [3]
fir256Coff              0x20010268  0x1000  Data  Gb  main.o [1]
flg10ms                 0x2001002e     0x1  Data  Gb  main.o [1]
flgDlyUpd               0x2001002c     0x1  Data  Gb  main.o [1]
flgRacing               0x200313d0     0x1  Data  Gb  waverecorder.o [1]
flgShipping             0x2001002d     0x1  Data  Gb  main.o [1]
fmod                    0x0801ddd5          Code  Gb  fmod.o [6]
fmodl                   0x0801ddd5          Code  Gb  fmod.o [6]
hUSBDDevice             0x20010044   0x224  Data  Gb  main.o [1]
hUSBDDeviceDesc         0x20011750    0x14  Data  Gb  usbd_desc.o [1]
haudioInstance          0x20030b5c    0x64  Data  Lc  usbd_audio_in.o [1]
hdma_spi5_rx            0x200312a0    0x58  Data  Gb  waverecorder.o [1]
hdma_spi6_rx            0x200312f8    0x58  Data  Gb  waverecorder.o [1]
hi2c1                   0x200115dc    0x3c  Data  Gb  audio_codec.o [1]
hi2c2                   0x200314fc    0x3c  Data  Gb  audio_codec.o [1]
hi2s1                   0x20031350    0x40  Data  Gb  waverecorder.o [1]
hi2s2                   0x20031390    0x40  Data  Gb  waverecorder.o [1]
hi2s3                   0x200314bc    0x40  Data  Gb  waveplayer _CS43L22.o [1]
hpcd                    0x2003079c   0x3c0  Data  Gb  usbd_conf_f4.o [1]
hspi4                   0x20031458    0x64  Data  Gb  main.o [1]
hspi5                   0x20030dbc    0x64  Data  Gb  waverecorder.o [1]
hspi6                   0x20030e20    0x64  Data  Gb  waverecorder.o [1]
huart3                  0x200313e8    0x70  Data  Gb  main.o [1]
idxFrmPDMMic8           0x20031562     0x2  Data  Gb  waverecorder.o [1]
idxMic7                 0x20030ef2     0x2  Data  Gb  waverecorder.o [1]
idxMic8                 0x20030ef0     0x2  Data  Gb  waverecorder.o [1]
idxSPI5DataBuf3         0x2001003e     0x2  Data  Gb  main.o [1]
init_mparams            0x0801363b    0x32  Code  Lc  dlmalloc.o [3]
init_top                0x0801366d    0x34  Code  Lc  dlmalloc.o [3]
main                    0x08015ad9   0x2d4  Code  Gb  main.o [1]
mparams                 0x20031538    0x18  Data  Lc  dlmalloc.o [3]
pDataMic7               0x20030f80    0x80  Data  Gb  waverecorder.o [1]
pDataMic8               0x20030f00    0x80  Data  Gb  waverecorder.o [1]
pcSTAComnd              0x2001164c    0x50  Data  Gb  sta321mp.o [1]
pcSTAComnd1             0x2001169c     0x2  Data  Gb  sta321mp.o [1]
pcSTAComnd2             0x200116a0    0x24  Data  Gb  sta321mp.o [1]
prepend_alloc           0x080136a1   0x36c  Code  Lc  dlmalloc.o [3]
segment_holding         0x08013621    0x1a  Code  Lc  dlmalloc.o [3]
sqrt                    0x0801c70d          Code  Gb  sqrt.o [6]
sqrtl                   0x0801c70d          Code  Gb  sqrt.o [6]
stm32_crc               0x20011280     0x4  Data  Gb  pdm_filter.o [5]
swtBufUSBOut            0x20031566     0x1  Data  Gb  audio_application.o [1]
swtSDO7                 0x20030eec     0x1  Data  Gb  waverecorder.o [1]
swtSDO8                 0x20030eed     0x1  Data  Gb  waverecorder.o [1]
sys_alloc               0x08013a0d   0x386  Code  Lc  dlmalloc.o [3]
tmalloc_large           0x08013da1   0x390  Code  Lc  dlmalloc.o [3]
tmalloc_small           0x08014131   0x210  Code  Lc  dlmalloc.o [3]
twiddleCoef_1024        0x08002148  0x2000  Data  Gb  arm_common_tables.o [4]
twiddleCoef_128         0x08000548   0x400  Data  Gb  arm_common_tables.o [4]
twiddleCoef_16          0x080001c8    0x80  Data  Gb  arm_common_tables.o [4]
twiddleCoef_2048        0x08004148  0x4000  Data  Gb  arm_common_tables.o [4]
twiddleCoef_256         0x08000948   0x800  Data  Gb  arm_common_tables.o [4]
twiddleCoef_32          0x08000248   0x100  Data  Gb  arm_common_tables.o [4]
twiddleCoef_512         0x08001148  0x1000  Data  Gb  arm_common_tables.o [4]
twiddleCoef_64          0x08000348   0x200  Data  Gb  arm_common_tables.o [4]
twiddleCoef_rfft_1024   0x0800c620  0x1000  Data  Gb  arm_common_tables.o [4]
twiddleCoef_rfft_128    0x0800b820   0x200  Data  Gb  arm_common_tables.o [4]
twiddleCoef_rfft_2048   0x0800d620  0x2000  Data  Gb  arm_common_tables.o [4]
twiddleCoef_rfft_256    0x0800ba20   0x400  Data  Gb  arm_common_tables.o [4]
twiddleCoef_rfft_32     0x0800b6a0    0x80  Data  Gb  arm_common_tables.o [4]
twiddleCoef_rfft_4096   0x0800f620  0x4000  Data  Gb  arm_common_tables.o [4]
twiddleCoef_rfft_512    0x0800be20   0x800  Data  Gb  arm_common_tables.o [4]
twiddleCoef_rfft_64     0x0800b720   0x100  Data  Gb  arm_common_tables.o [4]
uwTick                  0x20031554     0x4  Data  Lc  stm32f7xx_hal.o [1]
vRawSens1               0x200313da     0x2  Data  Gb  waverecorder.o [1]
vRawSens2               0x200313dc     0x2  Data  Gb  waverecorder.o [1]
vRawSens3               0x200313e0     0x2  Data  Gb  waverecorder.o [1]
vRawSens4               0x200313de     0x2  Data  Gb  waverecorder.o [1]
vRawSens5               0x200313e2     0x2  Data  Gb  waverecorder.o [1]
vRawSens6               0x200313e4     0x2  Data  Gb  waverecorder.o [1]
vol_table               0x0801d140    0x84  Data  Gb  usbd_audio_if.o [1]
volume                  0x20011784     0x1  Data  Gb  waveplayer _CS43L22.o [1]


[1] = D:\sop1hc\Mic\Mic_Array\Mic_Array\Projects\STM32746G\Applications\Audio\Mic_Array\EWARM\STM32F7\Obj
[2] = command line
[3] = dl7M_tlf.a
[4] = iar_cortexM7ls_math.a
[5] = libPDMFilter_CM7_IAR.a
[6] = m7M_tls.a
[7] = rt7M_tl.a
[8] = shb_l.a

   48 318 bytes of readonly  code memory
   79 833 bytes of readonly  data memory
  152 934 bytes of readwrite data memory

Errors: none
Warnings: none
